Archive member included because of file (symbol)

../sbl6/segalib/lib/sega_int.a(int.o)
                              vblank.o (INT_SetScuFunc)
../sbl6/segalib/lib/sega_int.a(int_trmp.o)
                              ../sbl6/segalib/lib/sega_int.a(int.o) (__interrupt_handler0)
../sbl6/segalib/lib/sega_spr.a(spr_2c.o)
                              sprite.o (SPR_2Initial)
../sbl6/segalib/lib/sega_spr.a(spr_slv.o)
                              ../sbl6/segalib/lib/sega_spr.a(spr_2c.o) (SPR_InitSlaveSH)
../sbl6/segalib/lib/sega_spr.a(spr_1c.o)
                              ../sbl6/segalib/lib/sega_spr.a(spr_2c.o) (SPR_Initial)
../sbl6/segalib/lib/sega_spr.a(spr_2a.o)
                              ../sbl6/segalib/lib/sega_spr.a(spr_2c.o) (SPR_2SetDrawPrty)
../sbl6/segalib/lib/sega_scl.a(scl_vblv.o)
                              ../sbl6/segalib/lib/sega_spr.a(spr_1c.o) (SpFrameChgMode)
../sbl6/segalib/lib/sega_scl.a(scl_pr12.o)
                              game.o (SCL_SetColOffset)
../sbl6/segalib/lib/sega_scl.a(scl_pr07.o)
                              game.o (SCL_SetPriority)
../sbl6/segalib/lib/sega_scl.a(scl_pr02.o)
                              game.o (SCL_SetColRam)
../sbl6/segalib/lib/sega_scl.a(scl_pr11.o)
                              game.o (SCL_SetAutoColOffset)
../sbl6/segalib/lib/sega_scl.a(scl_pri.o)
                              ../sbl6/segalib/lib/sega_scl.a(scl_pr11.o) (SclAutoVeFlag)
../sbl6/segalib/lib/sega_scl.a(scl_pr10.o)
                              intro.o (SCL_SetAutoColMix)
../sbl6/segalib/lib/sega_scl.a(scl_fu05.o)
                              intro.o (SCL_InitLineParamTb)
../sbl6/segalib/lib/sega_scl.a(scl_func.o)
                              ../sbl6/segalib/lib/sega_scl.a(scl_fu05.o) (SclLengthLsTbl)
../sbl6/segalib/lib/sega_scl.a(scl_fu01.o)
                              scroll.o (SCL_SetDisplayMode)
../sbl6/segalib/lib/sega_scl.a(scl_fu04.o)
                              scroll.o (SCL_SetCycleTable)
../sbl6/segalib/lib/sega_scl.a(scl_pr03.o)
                              scroll.o (SCL_AllocColRam)
../sbl6/segalib/lib/sega_scl.a(scl_back.o)
                              scroll.o (SCL_SetBack)
../sbl6/segalib/lib/sega_scl.a(scl_fu03.o)
                              scroll.o (SCL_InitConfigTb)
../sbl6/segalib/lib/sega_scl.a(scl_fu02.o)
                              scroll.o (SCL_InitVramConfigTb)
../sbl6/segalib/lib/sega_scl.a(scl_pr01.o)
                              main.o (SCL_SetSpriteMode)
../sbl6/segalib/lib/sega_scl.a(scl_pr05.o)
                              ../sbl6/segalib/lib/sega_scl.a(scl_pr02.o) (SCL_GetColRamOffset)
../sbl6/segalib/lib/sega_scl.a(scl_ro00.o)
                              ../sbl6/segalib/lib/sega_scl.a(scl_func.o) (SCL_Rotate)
../sbl6/segalib/lib/sega_scl.a(scl_pr06.o)
                              ../sbl6/segalib/lib/sega_scl.a(scl_pr03.o) (SCL_SetColRamOffset)
../sbl6/segalib/lib/sega_mth.a(mth_rand.o)
                              main.o (MTH_InitialRand)
../sbl6/segalib/lib/sega_mth.a(mth_fixd.o)
                              game.o (MTH_Mul)
../sbl6/segalib/lib/sega_mth.a(mth_tri.o)
                              game.o (MTH_Sin)
../sbl6/segalib/lib/sega_cdc.a(cdc_drv.o)
                              sound.o (CDC_CdPlay)
../sbl6/segalib/lib/sega_cdc.a(cdc_cmn.o)
                              main.o (CDC_GetPeriStat)
../sbl6/segalib/lib/sega_cdc.a(cdc_sub.o)
                              ../sbl6/segalib/lib/sega_cdc.a(cdc_cmn.o) (CDSUB_UpdStatus)
../sbl6/segalib/lib/sega_cdc.a(cdc_reg.o)
                              ../sbl6/segalib/lib/sega_cdc.a(cdc_cmn.o) (CDREG_ClrHirqReq)
../sbl6/segalib/lib/sega_per.a(per_prt.o)
                              smpclib/per_x2.o (PER_LInit)
../sbl6/segalib/lib/sega_sat.a(gfs.o)
                              cd.o (GFS_Init)
../sbl6/segalib/lib/sega_sat.a(DMA_CPU1.o)
                              game.o (DMA_CpuMemCopy1)
../sbl6/segalib/lib/sega_sat.a(DMA_CPU2.o)
                              intro.o (DMA_CpuMemCopy2)
../sbl6/segalib/lib/sega_sat.a(DMA_SCU1.o)
                              ../sbl6/segalib/lib/sega_spr.a(spr_2c.o) (DMA_ScuMemCopy)
../sbl6/segalib/lib/sega_sat.a(gfs_cdf.o)
                              ../sbl6/segalib/lib/sega_sat.a(gfs.o) (GFCF_Init)
../sbl6/segalib/lib/sega_sat.a(gfs_dir.o)
                              ../sbl6/segalib/lib/sega_sat.a(gfs.o) (GFDR_SetupDirTbl)
../sbl6/segalib/lib/sega_sat.a(gfs_trn.o)
                              ../sbl6/segalib/lib/sega_sat.a(gfs.o) (GFTR_Setup)
../sbl6/segalib/lib/sega_sat.a(gfs_buf.o)
                              ../sbl6/segalib/lib/sega_sat.a(gfs.o) (GFBF_GetNumData)
../sbl6/segalib/lib/sega_sat.a(gfs_cdb.o)
                              ../sbl6/segalib/lib/sega_sat.a(gfs_cdf.o) (GFCB_Setup)
../sbl6/segalib/lib/sega_sat.a(gfs_cdc.o)
                              ../sbl6/segalib/lib/sega_sat.a(gfs.o) (GFCD_SetCdbfs)
../sbl6/segalib/lib/sega_sat.a(DMA_CPU0.o)
[...]
Memory Configuration

Name             Origin             Length             Attributes
*default*        0x00000000         0xffffffff

Linker script and memory map

LOAD ../sbl6/segasmp/lib/strt1_g.o
LOAD ../sbl6/segasmp/lib/strt2_g.o
LOAD vblank.o
LOAD smpclib/per_x1.o
LOAD smpclib/per_x2.o
LOAD smpclib/per_x3.o
LOAD spritecode/explosion.o
LOAD cd.o
LOAD crc.o
LOAD devcart.o
LOAD game.o
LOAD graphics.o
LOAD intro.o
LOAD level.o
LOAD logo.o
LOAD menu.o
LOAD pcmsys.o
LOAD print.o
LOAD scroll.o
LOAD sound.o
LOAD sprite.o
LOAD main.o
LOAD ../sbl6/segalib/lib/sega_int.a
LOAD ../sbl6/segalib/lib/sega_spr.a
LOAD ../sbl6/segalib/lib/sega_scl.a
LOAD ../sbl6/segalib/lib/sega_mth.a
LOAD ../sbl6/segalib/lib/sega_cdc.a
LOAD ../sbl6/segalib/lib/sega_adp.a
LOAD ../sbl6/segalib/lib/sega_per.a
LOAD ../sbl6/segalib/lib/sega_sat.a
LOAD C:/saturn/SH_COFF/sh-coff/bin/../lib/gcc/sh-coff/3.4-GNUSH_v0501\libgcc.a
LOAD C:/saturn/SH_COFF/sh-coff/bin/../lib/gcc/sh-coff/3.4-GNUSH_v0501/../../../../sh-coff/lib\libc.a
LOAD C:/saturn/SH_COFF/sh-coff/bin/../lib/gcc/sh-coff/3.4-GNUSH_v0501\libgcc.a

.text           0x06010000    0x17230
 *(.text)
 .text          0x06010000       0x30 ../sbl6/segasmp/lib/strt1_g.o
                0x06010024                _D_END
                0x06010020                _D_BGN
                0x0601002c                _B_END
                0x06010028                _B_BGN
                0x06010000                START
 .text          0x06010030       0x60 ../sbl6/segasmp/lib/strt2_g.o
                0x06010050                _INITSCT
                0x06010030                _INIT
 .text          0x06010090      0x220 vblank.o
                0x06010090                SetVblank
                0x06010110                UsrVblankOut
                0x060100f0                UsrVblankIn
 .text          0x060102b0      0x240 smpclib/per_x1.o
                0x06010490                PER_GetAnalogXYZ
                0x060102d0                PER_GetTriggerHandler
                0x06010420                PER_GetEdge
                0x060103e0                PER_GetTrigger
                0x06010430                PER_GetPressEdge
                0x06010460                PER_GetReleaseEdge
                0x060102b0                PER_SetTriggerHandler
 .text          0x060104f0      0x180 smpclib/per_x2.o
                0x060105d0                PER_GetDeviceA
                0x060104f0                PER_OpenPort
                0x06010520                PER_GetPort
                0x06010610                PER_GetDeviceR
 .text          0x06010670       0x20 smpclib/per_x3.o
                0x06010670                PER_DisguiseTrigger
 .text          0x06010690       0xb0 spritecode/explosion.o
                0x060106f0                explosion_move
                0x06010690                explosion_make
 .text          0x06010740      0x120 cd.o
                0x060107e0                cd_load_nosize
                0x06010740                cd_init
                0x06010770                cd_load
 .text          0x06010860      0x140 crc.o
                0x06010960                crc_update
 .text          0x060109a0      0x1c0 devcart.o
                0x06010b20                devcart_reset
                0x06010a10                devcart_loadfile
                0x06010b10                devcart_printstr
 .text          0x06010b60      0xf10 game.o
                0x06010c60                game_run
 .text          0x06011a70      0xe00 intro.o
                0x06011a70                intro_run
 .text          0x06012870      0x280 level.o
                0x060128d0                level_disp
                0x06012870                level_load
 .text          0x06012af0      0x370 logo.o
                0x06012b50                logo_run
                0x06012af0                logo_loadframe
 .text          0x06012e60      0xbd0 menu.o
                0x06013190                menu_run
                0x06013040                sqrt32
 .text          0x06013a30      0x8c0 pcmsys.o
                0x060140f0                load_8bit_pcm
                0x06013e50                smpc_issue_command
                0x06013ef0                load_drv
                0x06014280                pcm_parameter_change
                0x06013e30                smpc_wait_till_ready
                0x06013e70                load_driver_binary
                0x06014240                pcm_play
                0x060142b0                pcm_cease
                0x06013f40                calculate_bytes_per_blank
                0x06013f90                load_16bit_pcm
 .text          0x060142f0      0x230 print.o
                0x06014480                print_display
                0x060143d0                print_num
                0x060142f0                print_load
                0x060143a0                print_init
                0x06014420                print_string
 .text          0x06014520      0x550 scroll.o
                0x06014520                scroll_lores
                0x06014930                scroll_move
                0x06014980                scroll_clearmaps
                0x060148e0                scroll_set
                0x060149d0                scroll_charsize
                0x06014a20                scroll_mapsize
                0x06014580                scroll_hires
                0x060146c0                scroll_init
                0x060145e0                scroll_scale
 .text          0x06014a70      0x1a0 sound.o
                0x06014bf0                sound_play
                0x06014aa0                sound_init
                0x06014b90                sound_cdda
 .text          0x06014c10      0x620 sprite.o
                0x06014c40                sprite_init
                0x06015040                sprite_make
                0x06015190                sprite_next
                0x06014d00                sprite_erase
                0x06015200                sprite_delete
                0x06015090                sprite_draw_all
                0x06014c10                sprite_deleteall
                0x06014d60                sprite_startdraw
                0x06014de0                sprite_draw
 .text          0x06015230      0x220 main.o
                0x06015230                main
 .text          0x06015450       0x40 ../sbl6/segalib/lib/sega_int.a(int.o)
                0x0601547c                INT_GetScuFunc
                0x06015450                INT_SetScuFunc
 .text          0x06015490      0x624 ../sbl6/segalib/lib/sega_int.a(int_trmp.o)
                0x060155f8                __interrupt_handler60
                0x060157a8                __interrupt_handler132
                0x0601595e                __interrupt_handler205
                0x060157c6                __interrupt_handler137
                0x060156f4                __interrupt_handler102
                0x06015532                __interrupt_handler27
                0x06015934                __interrupt_handler198
                0x06015826                __interrupt_handler153
                0x0601550e                __interrupt_handler21
                0x0601561c                __interrupt_handler66
                0x0601570c                __interrupt_handler106
                0x06015856                __interrupt_handler161
                0x060156a0                __interrupt_handler88
                0x0601586e                __interrupt_handler165
                0x0601577e                __interrupt_handler125
                0x060154b4                __interrupt_handler6
                0x06015550                __interrupt_handler32
                0x0601590a                __interrupt_handler191
                0x06015a24                __interrupt_handler238
                0x06015a3c                __interrupt_handler242
                0x06015844                __interrupt_handler158
                0x060156ac                __interrupt_handler90
                0x06015868                __interrupt_handler164
                0x0601558c                __interrupt_handler42
                0x060158ce                __interrupt_handler181
                0x060159d6                __interrupt_handler225
                0x06015a7e                __interrupt_handler253
                0x06015892                __interrupt_handler171
                0x0601564c                __interrupt_handler74
                0x060154a2                __interrupt_handler3
                0x060155e6                __interrupt_handler57
                0x060154e4                __interrupt_handler14
                0x0601597c                __interrupt_handler210
                0x060159ac                __interrupt_handler218
                0x06015970                __interrupt_handler208
                0x06015574                __interrupt_handler38
                0x06015490                __interrupt_handler0
                0x06015700                __interrupt_handler104
                0x0601583e                __interrupt_handler157
                0x0601598e                __interrupt_handler213
                0x06015880                __interrupt_handler168
                0x0601568e                __interrupt_handler85
                0x0601572a                __interrupt_handler111
                0x0601573c                __interrupt_handler114
                0x060155aa                __interrupt_handler47
                0x06015a00                __interrupt_handler232
                0x060159ca                __interrupt_handler223
                0x06015a1e                __interrupt_handler237
                0x0601560a                __interrupt_handler63
                0x06015598                __interrupt_handler44
                0x060158aa                __interrupt_handler175
                0x060158d4                __interrupt_handler182
                0x060158ec                __interrupt_handler186
                0x060157ea                __interrupt_handler143
                0x06015712                __interrupt_handler107
                0x06015778                __interrupt_handler124
                0x06015898                __interrupt_handler172
                0x06015a4e                __interrupt_handler245
                0x060156ca                __interrupt_handler95
                0x060157a2                __interrupt_handler131
                0x060157b4                __interrupt_handler134
                0x060157d2                __interrupt_handler139
                0x06015640                __interrupt_handler72
                0x060159fa                __interrupt_handler231
                0x06015850                __interrupt_handler160
                0x06015796                __interrupt_handler129
                0x06015508                __interrupt_handler20
                0x06015616                __interrupt_handler65
                0x060155e0                __interrupt_handler56
                0x060154de                __interrupt_handler13
                0x06015976                __interrupt_handler209
                0x06015730                __interrupt_handler112
                0x06015502                __interrupt_handler19
                0x060156be                __interrupt_handler93
                0x06015928                __interrupt_handler196
                0x0601581a                __interrupt_handler151
                0x0601587a                __interrupt_handler167
                0x06015a90                __trampoline
                0x060154f6                __interrupt_handler17
                0x060159e8                __interrupt_handler228
                0x06015a8a                __interrupt_handler255
                0x06015a48                __interrupt_handler244
                0x060156e2                __interrupt_handler99
                0x060158da                __interrupt_handler183
                0x060157d8                __interrupt_handler140
                0x060158fe                __interrupt_handler189
                0x060157fc                __interrupt_handler146
                0x060159c4                __interrupt_handler222
                0x06015838                __interrupt_handler156
                0x0601576c                __interrupt_handler122
                0x06015a60                __interrupt_handler248
                0x060155b0                __interrupt_handler48
                0x0601562e                __interrupt_handler69
                0x06015520                __interrupt_handler24
                0x060156a6                __interrupt_handler89
                0x0601599a                __interrupt_handler215
                0x06015a84                __interrupt_handler254
                0x0601569a                __interrupt_handler87
                0x060155fe                __interrupt_handler61
                0x06015922                __interrupt_handler195
                0x06015814                __interrupt_handler150
                0x06015586                __interrupt_handler41
                0x06015724                __interrupt_handler110
                0x0601578a                __interrupt_handler127
                0x06015718                __interrupt_handler108
                0x06015736                __interrupt_handler113
                0x06015748                __interrupt_handler116
                0x06015766                __interrupt_handler121
                0x0601565e                __interrupt_handler77
                0x0601557a                __interrupt_handler39
                0x06015592                __interrupt_handler43
                0x06015a66                __interrupt_handler249
                0x060158a4                __interrupt_handler174
                0x060157c0                __interrupt_handler136
                0x060158f8                __interrupt_handler188
                0x060157f6                __interrupt_handler145
                0x060154c6                __interrupt_handler9
                0x0601566a                __interrupt_handler79
                0x060159e2                __interrupt_handler227
                0x0601555c                __interrupt_handler34
                0x0601579c                __interrupt_handler130
                0x06015a5a                __interrupt_handler247
                0x06015652                __interrupt_handler75
                0x0601589e                __interrupt_handler173
                0x060155ce                __interrupt_handler53
                0x0601580e                __interrupt_handler149
                0x06015a72                __interrupt_handler251
                0x06015a06                __interrupt_handler233
                0x060154cc                __interrupt_handler10
                0x06015958                __interrupt_handler204
                0x0601567c                __interrupt_handler82
                0x06015682                __interrupt_handler83
                0x06015526                __interrupt_handler25
                0x06015a42                __interrupt_handler243
                0x0601585c                __interrupt_handler162
                0x060155a4                __interrupt_handler46
                0x060158bc                __interrupt_handler178
                0x06015670                __interrupt_handler80
                0x06015604                __interrupt_handler62
                0x0601549c                __interrupt_handler2
                0x0601553e                __interrupt_handler29
                0x06015634                __interrupt_handler70
                0x0601571e                __interrupt_handler109
                0x06015808                __interrupt_handler148
                0x060156c4                __interrupt_handler94
                0x060159d0                __interrupt_handler224
                0x060156fa                __interrupt_handler103
                0x06015568                __interrupt_handler36
                0x06015784                __interrupt_handler126
                0x06015a54                __interrupt_handler246
                0x060155da                __interrupt_handler55
                0x060154d8                __interrupt_handler12
                0x060155c8                __interrupt_handler52
                0x060158f2                __interrupt_handler187
                0x060157f0                __interrupt_handler144
                0x0601574e                __interrupt_handler117
                0x060154fc                __interrupt_handler18
                0x0601592e                __interrupt_handler197
                0x06015820                __interrupt_handler152
                0x06015754                __interrupt_handler118
                0x0601588c                __interrupt_handler170
                0x06015946                __interrupt_handler201
                0x060156d6                __interrupt_handler97
                0x06015862                __interrupt_handler163
                0x060158c8                __interrupt_handler180
                0x06015910                __interrupt_handler192
                0x06015a30                __interrupt_handler240
                0x06015772                __interrupt_handler123
                0x06015994                __interrupt_handler214
                0x0601554a                __interrupt_handler31
                0x06015538                __interrupt_handler28
                0x06015622                __interrupt_handler67
                0x06015628                __interrupt_handler68
                0x06015514                __interrupt_handler22
                0x0601551a                __interrupt_handler23
                0x060158b0                __interrupt_handler176
                0x060154ba                __interrupt_handler7
                0x060159be                __interrupt_handler221
                0x060159a6                __interrupt_handler217
                0x060159ee                __interrupt_handler229
                0x060155b6                __interrupt_handler49
                0x060154a8                __interrupt_handler4
                0x06015580                __interrupt_handler40
                0x06015742                __interrupt_handler115
                0x06015a12                __interrupt_handler235
                0x060156b2                __interrupt_handler91
                0x06015964                __interrupt_handler206
                0x060158b6                __interrupt_handler177
                0x06015802                __interrupt_handler147
                0x0601556e                __interrupt_handler37
                0x06015a6c                __interrupt_handler250
                0x06015496                __interrupt_handler1
                0x060159b2                __interrupt_handler219
                0x06015658                __interrupt_handler76
                0x060156e8                __interrupt_handler100
                0x060155ec                __interrupt_handler58
                0x060154ea                __interrupt_handler15
                0x06015988                __interrupt_handler212
                0x06015a36                __interrupt_handler241
                0x0601594c                __interrupt_handler202
                0x06015916                __interrupt_handler193
                0x06015664                __interrupt_handler78
                0x060155bc                __interrupt_handler50
                0x06015556                __interrupt_handler33
                0x06015874                __interrupt_handler166
                0x060157cc                __interrupt_handler138
                0x060157ba                __interrupt_handler135
                0x06015544                __interrupt_handler30
                0x060158e0                __interrupt_handler184
                0x060157de                __interrupt_handler141
                0x060159f4                __interrupt_handler230
                0x06015a18                __interrupt_handler236
                0x0601575a                __interrupt_handler119
                0x06015694                __interrupt_handler86
                0x06015706                __interrupt_handler105
                0x06015676                __interrupt_handler81
                0x06015760                __interrupt_handler120
                0x06015790                __interrupt_handler128
                0x060155d4                __interrupt_handler54
                0x060154d2                __interrupt_handler11
                0x0601593a                __interrupt_handler199
                0x0601582c                __interrupt_handler154
                0x0601559e                __interrupt_handler45
                0x060159a0                __interrupt_handler216
                0x06015952                __interrupt_handler203
                0x060156ee                __interrupt_handler101
                0x06015688                __interrupt_handler84
                0x060158e6                __interrupt_handler185
                0x060157e4                __interrupt_handler142
                0x0601552c                __interrupt_handler26
                0x06015610                __interrupt_handler64
                0x06015940                __interrupt_handler200
                0x0601596a                __interrupt_handler207
                0x0601591c                __interrupt_handler194
                0x060156b8                __interrupt_handler92
                0x06015832                __interrupt_handler155
                0x06015982                __interrupt_handler211
                0x060157ae                __interrupt_handler133
                0x060154ae                __interrupt_handler5
                0x06015646                __interrupt_handler73
                0x060154f0                __interrupt_handler16
                0x06015a2a                __interrupt_handler239
                0x06015a0c                __interrupt_handler234
                0x06015562                __interrupt_handler35
                0x060155f2                __interrupt_handler59
                0x06015886                __interrupt_handler169
                0x060156dc                __interrupt_handler98
                0x0601563a                __interrupt_handler71
                0x060155c2                __interrupt_handler51
                0x0601584a                __interrupt_handler159
                0x060159dc                __interrupt_handler226
                0x060156d0                __interrupt_handler96
                0x06015904                __interrupt_handler190
                0x060159b8                __interrupt_handler220
                0x060154c0                __interrupt_handler8
                0x060158c2                __interrupt_handler179
                0x06015a78                __interrupt_handler252
 *fill*         0x06015ab4        0xc 00
 .text          0x06015ac0     0x12a0 ../sbl6/segalib/lib/sega_spr.a(spr_2c.o)
                0x06016d20                SlaveFlushDrawPrtyBlock
                0x06015ac0                SPR_2Initial
                0x06016304                SPR_2SysClip
                0x060162a4                SPR_2LocalCoord
                0x06016b9c                SPR_2FlushDrawPrtyBlock
                0x06016888                SPR_2DistSpr
                0x0601628c                SPR_2FlushDrawPrty
                0x060169ac                SPR_2Cmd
                0x06015f88                SPR_2GourTblNoToVram
                0x06015fe8                SPR_2GetAreaSizeInfo
                0x06015d50                SPR_2SetGourTbl
                0x0601653c                SPR_2Polygon
                0x06015fc4                SPR_2CharNoToVram
                0x06015cd0                SPR_2SetTvMode
                0x0601612c                SPR_2CloseCommand
                0x06015d0c                SPR_2FrameEraseData
                0x06015ae8                SPR_2Initial2
                0x0601671c                SPR_2ScaleSpr
                0x060163ac                SPR_2Line
                0x06016078                SPR_2OpenCommand
                0x06015cec                SPR_2FrameChgIntr
                0x060165f8                SPR_2NormSpr
                0x06015d80                SPR_2SetLookupTbl
                0x06015db4                SPR_2SetChar
                0x06015fac                SPR_2LookupTblNoToVram
                0x06016480                SPR_2PolyLine
                0x06015f20                SPR_2ClrAllChar
                0x06015ed4                SPR_2ClrChar
                0x06016350                SPR_2UserClip
 .text          0x06016d60      0x1e6 ../sbl6/segalib/lib/sega_spr.a(spr_slv.o)
                0x06016ec4                SPR_WaitEndSlaveSH
                0x06016d60                SPR_SMPC_SSHON
                0x06016ea0                SPR_RunSlaveSH
                0x06016d64                SPR_InitSlaveSH
                0x06016e2c                SPR_SlaveSHmain
                0x06016d61                SPR_SMPC_SSHOFF
 *fill*         0x06016f46        0xa 00
 .text          0x06016f50      0x36a ../sbl6/segalib/lib/sega_spr.a(spr_1c.o)
                0x06017204                SPR_WaitDrawEnd
                0x0601721c                SPR_SetEosMode
                0x06017134                SPR_SetEraseData
                0x06016f50                SPR_Initial
                0x06017028                SPR_SetTvMode
                0x060170c0                SPR_GetStatus
 *fill*         0x060172ba        0x6 00
 .text          0x060172c0      0x244 ../sbl6/segalib/lib/sega_spr.a(spr_2a.o)
                0x060172d2                sprMemCpyW
                0x06017330                flushDrawPrtyBlock
                0x060172c0                sprMemCpyL
                0x060172e4                SPR_2SetDrawPrty
 *fill*         0x06017504        0xc 00
 .text          0x06017510      0x2fc ../sbl6/segalib/lib/sega_scl.a(scl_vblv.o)
                0x060175cc                SCL_DisplayFrame
                0x06017510                SCL_SetFrameInterval
                0x06017600                SCL_VblInit
                0x06017650                SCL_VblankStart
                0x06017694                SCL_VblankEnd
 *fill*         0x0601780c        0x4 00
 .text          0x06017810      0x1f4 ../sbl6/segalib/lib/sega_scl.a(scl_pr12.o)
                0x06017810                SCL_SetColOffset
 *fill*         0x06017a04        0xc 00
 .text          0x06017a10      0x214 ../sbl6/segalib/lib/sega_scl.a(scl_pr07.o)
                0x06017a10                SCL_SetPriority
 *fill*         0x06017c24        0xc 00
 .text          0x06017c30       0x9c ../sbl6/segalib/lib/sega_scl.a(scl_pr02.o)
                0x06017c30                SCL_SetColRam
 *fill*         0x06017ccc        0x4 00
 .text          0x06017cd0      0x180 ../sbl6/segalib/lib/sega_scl.a(scl_pr11.o)
                0x06017cd0                SCL_SetAutoColOffset
 .text          0x06017e50     0x10a4 ../sbl6/segalib/lib/sega_scl.a(scl_pri.o)
                0x06017ee4                SCL_AbortAutoVe
                0x06018d94                SCL_SetShadowBit
                0x0601835c                SCL_AutoExec
                0x06017e50                SCL_PriorityInit
                0x06018870                SCL_IncColOffset
                0x06017ef8                SCL_SetColMixRate
                0x06017ec8                SCL_GetColRamMode
 *fill*         0x06018ef4        0xc 00
 .text          0x06018f00       0x98 ../sbl6/segalib/lib/sega_scl.a(scl_pr10.o)
                0x06018f00                SCL_SetAutoColMix
 *fill*         0x06018f98        0x8 00
 .text          0x06018fa0      0x278 ../sbl6/segalib/lib/sega_scl.a(scl_fu05.o)
                0x0601905c                SCL_SetLineParam
                0x06018fa8                SCL_InitLineParamTb
 *fill*         0x06019218        0x8 00
 .text          0x06019220      0xb9c ../sbl6/segalib/lib/sega_scl.a(scl_func.o)
                0x06019bfc                SCL_Vdp2_SGLInit
                0x06019b0c                SCL_PriIntProc
                0x06019a84                SCL_Memcpyw
                0x06019d9c                SCL_SglOff
                0x06019d7c                SCL_SglOn
                0x060199f0                SCL_ScrollShow
                0x06019498                SCL_Close
                0x06019790                SCL_Scale
                0x06019220                SCL_Vdp2Init
                0x06019604                SCL_Move
                0x060198cc                SCL_CopyReg
                0x06019474                SCL_Open
                0x060192a4                SCL_ParametersInit
                0x060194b4                SCL_MoveTo
                0x06019aac                SCL_SetColRamMode
 *fill*         0x06019dbc        0x4 00
 .text          0x06019dc0      0x1ec ../sbl6/segalib/lib/sega_scl.a(scl_fu01.o)
                0x06019dc0                SCL_SetDisplayMode
 *fill*         0x06019fac        0x4 00
 .text          0x06019fb0       0x28 ../sbl6/segalib/lib/sega_scl.a(scl_fu04.o)
                0x06019fb0                SCL_SetCycleTable
 *fill*         0x06019fd8        0x8 00
 .text          0x06019fe0      0x138 ../sbl6/segalib/lib/sega_scl.a(scl_pr03.o)
                0x06019fe0                SCL_FreeColRam
                0x0601a018                SCL_AllocColRam
 *fill*         0x0601a118        0x8 00
 .text          0x0601a120       0x84 ../sbl6/segalib/lib/sega_scl.a(scl_back.o)
                0x0601a120                SCL_SetBack
 *fill*         0x0601a1a4        0xc 00
 .text          0x0601a1b0      0x94c ../sbl6/segalib/lib/sega_scl.a(scl_fu03.o)
                0x0601a20c                SCL_SetConfig
                0x0601a1b0                SCL_InitConfigTb
 *fill*         0x0601aafc        0x4 00
 .text          0x0601ab00      0x4f4 ../sbl6/segalib/lib/sega_scl.a(scl_fu02.o)
                0x0601ab38                SCL_SetVramConfig
                0x0601ab00                SCL_InitVramConfigTb
 *fill*         0x0601aff4        0xc 00
 .text          0x0601b000       0x58 ../sbl6/segalib/lib/sega_scl.a(scl_pr01.o)
                0x0601b000                SCL_SetSpriteMode
 *fill*         0x0601b058        0x8 00
 .text          0x0601b060       0xac ../sbl6/segalib/lib/sega_scl.a(scl_pr05.o)
                0x0601b060                SCL_GetColRamOffset
 *fill*         0x0601b10c        0x4 00
 .text          0x0601b110     0x1394 ../sbl6/segalib/lib/sega_scl.a(scl_ro00.o)
                0x0601c2fc                SCL_RotateZD
                0x0601b5c4                SCL_Rotate
                0x0601b298                SCL_InitRotateTable
 *fill*         0x0601c4a4        0xc 00
 .text          0x0601c4b0      0x1b4 ../sbl6/segalib/lib/sega_scl.a(scl_pr06.o)
                0x0601c4b0                SCL_SetColRamOffset
 *fill*         0x0601c664        0xc 00
 .text          0x0601c670       0x30 ../sbl6/segalib/lib/sega_mth.a(mth_rand.o)
                0x0601c680                MTH_GetRand
                0x0601c670                MTH_InitialRand
 .text          0x0601c6a0       0xa4 ../sbl6/segalib/lib/sega_mth.a(mth_fixd.o)
                0x0601c6f0                MTH_FixedToInt
                0x0601c6e0                MTH_IntToFixed
                0x0601c6a0                MTH_Mul
                0x0601c700                MTH_Product
                0x0601c6c0                MTH_Div
 *fill*         0x0601c744        0xc 00
 .text          0x0601c750      0x600 ../sbl6/segalib/lib/sega_mth.a(mth_tri.o)
                0x0601c7ec                fcos
                0x0601c7f2                fsin
                0x0601c79c                MTH_Cos
                0x0601c750                MTH_Sin
                0x0601c990                MTH_Atan
 .text          0x0601cd50      0x130 ../sbl6/segalib/lib/sega_cdc.a(cdc_drv.o)
                0x0601cd50                CDC_CdPlay
                0x0601ce1c                CDC_CdSeek
                0x0601ce50                CDC_CdScan
 .text          0x0601ce80      0x3a0 ../sbl6/segalib/lib/sega_cdc.a(cdc_cmn.o)
                0x0601d024                CDC_TgetToc
                0x0601d1c8                CDC_DataEnd
                0x0601cee8                CDC_GetPeriStat
                0x0601d15c                CDC_DataReady
                0x0601d134                CDC_CdOpen
                0x0601d0b0                CDC_CdInit
                0x0601d074                CDC_GetSes
                0x0601ced0                CDC_GetLastStat
                0x0601ce80                CDC_GetCurStat
                0x0601cfbc                CDC_GetHwInfo
 .text          0x0601d220      0x152 ../sbl6/segalib/lib/sega_cdc.a(cdc_sub.o)
                0x0601d2c8                CDSUB_GetCdstat
                0x0601d238                CDSUB_UpdCdstat
                0x0601d308                CDSUB_RspToCdstat
                0x0601d350                CDSUB_SoftTimer
                0x0601d220                CDSUB_UpdStatus
                0x0601d258                CDSUB_CdCmd
 *fill*         0x0601d372        0xe 00
 .text          0x0601d380      0x2dc ../sbl6/segalib/lib/sega_cdc.a(cdc_reg.o)
                0x0601d3d4                CDREG_ClrHirqReq
                0x0601d3a4                CDC_ClrHirqReq
                0x0601d454                CDREG_TgetData
                0x0601d444                CDC_GetMpegPtr
                0x0601d420                CDC_GetHirqMsk
                0x0601d380                CDC_GetDataPtr
                0x0601d390                CDC_GetHirqReq
                0x0601d5b0                CDREG_WaitHirq
                0x0601d434                CDC_SetHirqMsk
                0x0601d4b0                CDREG_CmdRsp
                0x0601d3e4                CDREG_InitHirqReq
                0x0601d40c                CDREG_SetHirqFlag
                0x0601d620                CDREG_ReadRsp
 *fill*         0x0601d65c        0x4 00
 .text          0x0601d660      0xf50 ../sbl6/segalib/lib/sega_per.a(per_prt.o)
                0x0601da80                PER_IntFunc
                0x0601d878                PER_LGetPer
                0x0601d660                PER_LInit
 .text          0x0601e5b0     0x1b04 ../sbl6/segalib/lib/sega_sat.a(gfs.o)
                0x0601e5b0                gfs_version
                0x0601f824                gfs_mngGetNumFile
                0x0601ffa4                gfs_closeSub
                0x0601f340                GFS_SetGmode
                0x0601f5fc                GFS_SetErrFunc
                0x0601f74c                gfs_mngSetupFuncTbl
                0x0601e908                GFS_Reset
                0x0601f674                gfs_chgRoot
                0x0601f740                gfs_aborttrans
                0x0601fa24                gfs_svrAddHndl
                0x0601f8d4                gfs_mngFreeGrp
                0x0601f64c                GFS_ConvTno
                0x0601fbd8                gfs_getRootDir
                0x0601f628                GFS_GetErrStat
                0x0601ea78                GFS_Seek
                0x0601f0e4                GFS_NwStop
                0x0601f8e0                gfs_mngTermAccess
                0x0601e98c                GFS_Open
                0x0601f88c                GFS_mngAllocGrp
                0x0601ffec                gfs_isTaskDone
                0x0601ede4                GFS_Fread
                0x0601f544                GFS_StartTrans
                0x0601ff40                gfs_GetFinfo
                0x0601f780                gfs_mngInitWork
                0x0601ebd0                GFS_ByteToSct
                0x0601f9e4                gfs_svrSearchHndl
                0x0601fcd4                gfs_loadRootDir
                0x0601e82c                GFS_IdToName
                0x0601ef28                GFS_NwFread
                0x0601f474                GFS_SetTransPara
                0x0601f034                GFS_NwCdRead
                0x0601fb14                gfs_loadVol
                0x0601f410                GFS_SetReadPara
                0x0601eb2c                GFS_Tell
                0x0601f3a4                GFS_SetTmode
                0x0601fea8                GFS_GetFad
                0x0601f4e0                GFS_SetTrFunc
                0x0601f590                GFS_CdMovePickup
                0x0601e7c8                GFS_NameToId
                0x0601f1fc                GFS_NwExecOne
                0x0601fd5c                gfs_flowIn
                0x0601ec84                GFS_GetFileInfo
                0x0601fe04                gfs_transData
                0x0601fa60                gfs_svrRemoveHndl
                0x0601f0ac                GFS_NwIsComplete
                0x0601ffe0                gfs_getGmode
                0x0601f150                GFS_NwGetStat
                0x0601fabc                GFS_OpenSub
                0x0601e760                GFS_SetDir
                0x0601ec2c                GFS_GetFileSize
                0x0601ecf8                GFS_GetNumCdbuf
                0x06020040                gfs_convFinStat
                0x0601ed20                GFS_Load
                0x0601ee80                gfs_waitRead
                0x0601e6b8                GFS_LoadDir
                0x0601e898                GFS_GetDirInfo
                0x0601ea40                GFS_Close
                0x0601e5d0                GFS_Init
                0x0601f1cc                gfs_recovRdErr
                0x0601f964                gfs_mngSetErrCode
                0x0601f2bc                GFS_NwExecServer
                0x0601eb7c                GFS_IsEof
                0x0601ff00                gfs_SetSct
 *fill*         0x060200b4        0xc 00
 .text          0x060200c0       0x90 ../sbl6/segalib/lib/sega_sat.a(DMA_CPU1.o)
                0x060200c0                DMA_CpuMemCopy1
 .text          0x06020150       0x94 ../sbl6/segalib/lib/sega_sat.a(DMA_CPU2.o)
                0x06020150                DMA_CpuMemCopy2
 *fill*         0x060201e4        0xc 00
 .text          0x060201f0      0x1f4 ../sbl6/segalib/lib/sega_sat.a(DMA_SCU1.o)
                0x0602034c                DMA_ScuResult
                0x060201f0                DMA_ScuInit
                0x06020240                DMA_ScuMemCopy
 *fill*         0x060203e4        0xc 00
 .text          0x060203f0      0x8d4 ../sbl6/segalib/lib/sega_sat.a(gfs_cdf.o)
                0x060208e4                GFCF_Seek
                0x060209ec                GFCF_GetStat
                0x060208cc                GFCF_Tell
                0x06020490                GFCF_Setup
                0x06020998                GFCF_cnvIntlvOfs
                0x060203f0                GFCF_Init
                0x06020884                GFCF_Recover
                0x060205d8                GFCF_SetSct
                0x060208fc                GFCF_MovePickup
                0x06020ac0                gfcf_isCdOk
                0x06020690                GFCF_FlowInBuf
                0x0602061c                GFCF_GetFileInfo
                0x060207e4                GFCF_StopInBuf
                0x06020a84                gfcf_getSctSize
                0x06020b80                gfcf_getPlayRange
 *fill*         0x06020cc4        0xc 00
 .text          0x06020cd0      0x928 ../sbl6/segalib/lib/sega_sat.a(gfs_dir.o)
                0x060211c0                gfdr_setNextRec
                0x060215bc                gfdr_setDirrecCd
                0x06020fb8                gfdr_open
                0x06020dcc                GFDR_GetAtrDirId
                0x060210a0                gfdr_readByte
                0x06020cd0                GFDR_SetupDirTbl
                0x06021198                gfdr_readLongNM
                0x06021244                gfdr_readDirEnt
                0x06020dfc                GFDR_ChgRoot
                0x06020d44                GFDR_NameToId
                0x06020e88                gfdr_setupDirIdTbl
                0x06020de4                GFDR_GetAtrDirName
                0x06020da4                GFDR_GetInfoDirId
                0x0602114c                gfdr_readLongNB
                0x06020fe0                gfdr_read
                0x060210cc                gfdr_readWord
                0x06020f0c                gfdr_setupDirNameTbl
                0x06020db8                GFDR_GetInfoDirName
                0x06020e14                GFDR_ChgDir
                0x060210f8                gfdr_readWordNB
 *fill*         0x060215f8        0x8 00
 .text          0x06021600      0xa46 ../sbl6/segalib/lib/sega_sat.a(gfs_trn.o)
                0x060216e0                GFTR_SetTransMax
                0x06021ab0                gftr_execScu
                0x06022034                GFTR_SetTransFunc
                0x06021efc                gftr_remTrn
                0x06022020                GFTR_SetData
                0x06021d20                gftr_execSdma1
                0x06021f70                gftr_copyFrac
                0x060216d4                GFTR_GetNumTrans
                0x06021674                GFTR_SetMode
                0x06021cf0                gftr_remDma0
                0x06021f98                GFTR_GetLenData
                0x06021aa4                gftr_reqScu
                0x06021d08                gftr_reqDma1
                0x060219c0                gftr_getSrcPack
                0x06021ff0                GFTR_RtnDstPk
                0x06021b8c                gfdma_exec
                0x06021e24                gftr_execTrn
                0x060218b8                GFTR_ExecSvr
                0x06021db4                gftr_reqTrn
                0x06021c7c                gfdma_getBytecnt
                0x06021d5c                gftr_reqCpu
                0x06021fbc                GFTR_GetDstPack
                0x06021cb4                gftr_reqDma0
                0x06021840                GFTR_Idle
                0x060216f8                GFTR_Pause
                0x060216c8                GFTR_GetTransPara
                0x06021da8                gftr_remCpu
                0x06021694                GFTR_SetTransPara
                0x06021d44                gftr_remDma1
                0x06021704                GFTR_Stop
                0x06021ccc                gftr_execSdma0
                0x06021630                GFTR_Setup
                0x06021b4c                gftr_remScu
                0x06021a48                gftr_getDstPack
                0x06021b80                gfdma_canUse
                0x060217bc                GFTR_Exec
                0x0602200c                GFTR_GetData
                0x060216ec                GFTR_Start
                0x06021688                GFTR_SetUnit
                0x06021d68                gftr_execCpu
                0x06021fa4                GFTR_GetLenRoom
 *fill*         0x06022046        0xa 00
 .text          0x06022050      0x106 ../sbl6/segalib/lib/sega_sat.a(gfs_buf.o)
                0x060220a8                GFBF_GetNumData
                0x06022124                GFBF_RtnPk
                0x060220d8                GFBF_GetSrcPk
                0x0602214c                gfbf_getSctDt
                0x06022080                GFBF_GetTranData
                0x06022100                GFBF_GetSctData
 *fill*         0x06022156        0xa 00
 .text          0x06022160      0x600 ../sbl6/segalib/lib/sega_sat.a(gfs_cdb.o)
                0x06022708                GFCB_GetPickup
                0x06022280                GFCB_Close
                0x0602254c                GFCB_GetSrcPack
                0x060226d4                GFCB_SetCon
                0x06022354                GFCB_GetLenRoom
                0x060226b8                GFCB_MovePickup
                0x0602262c                GFCB_GetSctData
                0x06022360                GFCB_SetFilt
                0x060222a8                GFCB_GetLenData
                0x06022748                GFCB_UngetPickup
                0x06022160                GFCB_Setup
                0x060223f0                GFCB_Tell
                0x06022730                GFCB_IsPuOwner
                0x06022450                GFCB_Seek
                0x060223c8                GFCB_DeleteAllData
                0x06022664                GFCB_GetDstPack
                0x06022400                gfcb_getSctNum
                0x06022670                GFCB_RtnPk
 .text          0x06022760     0x1a04 ../sbl6/segalib/lib/sega_sat.a(gfs_cdc.o)
                0x060229fc                GFCD_AllocBuf
                0x060237d8                gfcd_doGetLenDataTsk
                0x06024074                GFCD_SetCsctFunc
                0x06022ad4                GFCD_GetBaseFad
                0x06022c50                GFCD_GetFilt
                0x06023c64                gfcd_doChgDirTsk
                0x06023fa4                gfcd_checkEflag
                0x06022f98                GFCD_MovePickup
                0x0602307c                GFCD_GetSctInfo
                0x0602392c                gfcd_doReqDataTsk
                0x060230c4                GFCD_ChgDir
                0x06022db8                GFCD_ReqData
                0x06024090                GFCD_ChkScdqFlag
                0x06023548                GFCD_WaitServer
                0x06022e5c                GFCD_DelSctData
                0x06023334                GFCD_ExecServer
                0x06023748                gfcd_doSetConTsk
                0x06022990                GFCD_AllocFilt
                0x06022b8c                GFCD_SetFilt
                0x06023584                gfcd_doSetFiltTsk
                0x060240b4                GFCD_ClrScdqFlag
                0x060239cc                gfcd_doDelSctDataTsk
                0x06023490                gfcd_doTask
                0x06022b08                GFCD_GetPickup
                0x06023058                GFCD_CheckMove
                0x060240d0                GFCD_WaitScdqFlag
                0x06022cf0                GFCD_Play
                0x06023b00                gfcd_doMoveSctTsk
                0x06022c98                GFCD_SetCon
                0x06023138                GFCD_SetFiltCon
                0x06024114                GFCD_WaitPause
                0x060232fc                GFCD_GetBufSiz
                0x06022b3c                GFCD_UngetPickup
                0x06023220                GFCD_GetFileInfo
                0x06022e14                GFCD_EndData
                0x06022a30                GFCD_FreeBuf
                0x06022d50                GFCD_GetLenData
                0x060229cc                GFCD_FreeFilt
                0x06023408                gfcd_isIdleTask
                0x0602278c                GFCD_Init
                0x06023e60                gfcd_doSetFiltConTsk
                0x06022ee4                GFCD_GetStat
                0x06022fe4                GFCD_MoveSctData
                0x06022b68                GFCD_IsPuOwner
                0x06023fc8                gfcd_initCdbMng
                0x06022760                GFCD_SetCdbfs
                0x06023534                GFCD_SetTimer
                0x06024048                gfcd_setStat
                0x06022eb4                GFCD_CheckDelSctData
 *fill*         0x06024164        0xc 00
 .text          0x06024170      0x1b6 ../sbl6/segalib/lib/sega_sat.a(DMA_CPU0.o)
                0x060241b8                DMA_CpuSetPrm
                0x060242bc                DMA_CpuStart
                0x06024314                DMA_CpuGetStatus
                0x060242e8                DMA_CpuAllStop
                0x060242fc                DMA_CpuGetComStatus
                0x06024170                DMA_CpuSetComPrm
                0x060242d0                DMA_CpuStop
 *fill*         0x06024326        0xa 00
 .text          0x06024330       0x50 ../sbl6/segalib/lib/sega_sat.a(DMA_CPU5.o)
                0x06024330                DMA_CpuResult
 .text          0x06024380      0x308 ../sbl6/segalib/lib/sega_sat.a(DMA_SCU0.o)
                0x06024404                DMA_ScuStart
                0x06024538                DMA_ScuIntFunc0
                0x060245a8                DMA_ScuIntFunc1
                0x06024618                DMA_ScuIntFunc2
                0x060244f8                DMA_ScuGetStatus
                0x06024380                DMA_ScuSetPrm
 *fill*         0x06024688        0x8 00
 .text          0x06024690       0xe8 ../sbl6/segalib/lib/sega_sat.a(csh_main.o)
                0x06024690                CSH_Init
                0x060246f8                CSH_AllClr
                0x06024744                CSH_Purge
 *fill*         0x06024778        0x8 00
 .text          0x06024780      0x194 ../sbl6/segalib/lib/sega_sat.a(cdc_cfs.o)
                0x06024780                CDC_ChgDir
                0x060247b4                CDC_ReadDir
                0x060248d8                CDC_AbortFile
                0x060247e8                CDC_GetFileScope
                0x06024848                CDC_TgetFileInfo
                0x060248a4                CDC_ReadFile
 *fill*         0x06024914        0xc 00
 .text          0x06024920      0x1e4 ../sbl6/segalib/lib/sega_sat.a(cdc_bio.o)
                0x060249cc                CDC_GetdelSctData
                0x06024954                CDC_GetSctData
                0x06024a08                CDC_PutSctData
                0x06024a84                CDC_MoveSctData
                0x06024ac8                CDC_GetCopyErr
                0x06024990                CDC_DelSctData
                0x06024920                CDC_SetSctLen
                0x06024a40                CDC_CopySctData
 *fill*         0x06024b04        0xc 00
 .text          0x06024b10      0x2b8 ../sbl6/segalib/lib/sega_sat.a(cdc_sel.o)
                0x06024d40                CDC_GetFiltCon
                0x06024cbc                CDC_GetFiltMode
                0x06024d94                CDC_ResetSelector
                0x06024b10                CDC_SetFiltRange
                0x06024b9c                CDC_SetFiltSubh
                0x06024c0c                CDC_GetFiltSubh
                0x06024b44                CDC_GetFiltRange
                0x06024c88                CDC_SetFiltMode
                0x06024d00                CDC_SetFiltCon
 *fill*         0x06024dc8        0x8 00
 .text          0x06024dd0      0x270 ../sbl6/segalib/lib/sega_sat.a(cdc_bif.o)
                0x06024e2c                CDC_GetSctNum
                0x06024fac                CDC_ExeFadSearch
                0x06024f2c                CDC_GetSctInfo
                0x06024e70                CDC_CalActSiz
                0x06024dd0                CDC_GetBufSiz
                0x06024eac                CDC_GetActSiz
                0x06024fe4                CDC_GetFadSearch
 .text          0x06025040       0xa8 ../sbl6/segalib/lib/sega_sat.a(cdc_dev.o)
                0x060250ac                CDC_CdGetLastBuf
                0x06025040                CDC_CdSetCon
                0x06025070                CDC_CdGetCon
 *fill*         0x060250e8        0x8 00
 .text          0x060250f0       0x60 C:/saturn/SH_COFF/sh-coff/bin/../lib/gcc/sh-coff/3.4-GNUSH_v0501\libgcc.a(_ashiftrt.o)
                0x060250fc                __ashiftrt_r4_27
                0x06025130                __ashiftrt_r4_6
                0x06025120                __ashiftrt_r4_14
                0x06025112                __ashiftrt_r4_19
                0x0602512a                __ashiftrt_r4_9
                0x0602513e                __ashiftrt_r4_0
                0x060250f0                __ashiftrt_r4_31
                0x060250fe                __ashiftrt_r4_26
                0x0602510c                __ashiftrt_r4_22
                0x06025118                __ashiftrt_r4_16
                0x06025124                __ashiftrt_r4_12
                0x060250f8                __ashiftrt_r4_29
                0x06025116                __ashiftrt_r4_17
                0x060250f6                __ashiftrt_r4_30
                0x06025132                __ashiftrt_r4_5
                0x0602512c                __ashiftrt_r4_8
                0x060250f0                __ashiftrt_r4_32
                0x06025100                __ashiftrt_r4_25
                0x06025138                __ashiftrt_r4_2
                0x06025102                __ashiftrt_r4_24
                0x0602511e                __ashiftrt_r4_15
                0x06025128                __ashiftrt_r4_10
                0x0602513a                __ashiftrt_r4_1
                0x060250fa                __ashiftrt_r4_28
                0x06025110                __ashiftrt_r4_20
                0x0602512e                __ashiftrt_r4_7
                0x06025122                __ashiftrt_r4_13
                0x06025126                __ashiftrt_r4_11
                0x06025134                __ashiftrt_r4_4
                0x0602510a                __ashiftrt_r4_23
                0x06025114                __ashiftrt_r4_18
                0x0602510e                __ashiftrt_r4_21
                0x06025136                __ashiftrt_r4_3
 .text          0x06025150       0xb0 C:/saturn/SH_COFF/sh-coff/bin/../lib/gcc/sh-coff/3.4-GNUSH_v0501\libgcc.a(_si_to_df.o)
                0x06025150                __floatsidf
 .text          0x06025200      0x2e0 C:/saturn/SH_COFF/sh-coff/bin/../lib/gcc/sh-coff/3.4-GNUSH_v0501\libgcc.a(_mul_df.o)
                0x06025210                __muldf3
 .text          0x060254e0       0x80 C:/saturn/SH_COFF/sh-coff/bin/../lib/gcc/sh-coff/3.4-GNUSH_v0501\libgcc.a(_df_to_si.o)
                0x060254e0                __fixdfsi
 .text          0x06025560       0x70 C:/saturn/SH_COFF/sh-coff/bin/../lib/gcc/sh-coff/3.4-GNUSH_v0501\libgcc.a(_udivsi3.o)
                0x06025582                __udivsi3
 .text          0x060255d0       0xa0 C:/saturn/SH_COFF/sh-coff/bin/../lib/gcc/sh-coff/3.4-GNUSH_v0501\libgcc.a(_sdivsi3.o)
                0x060255d0                __sdivsi3
 .text          0x06025670       0x90 C:/saturn/SH_COFF/sh-coff/bin/../lib/gcc/sh-coff/3.4-GNUSH_v0501\libgcc.a(_ashiftrt_n.o)
                0x06025670                __ashrsi3
 .text          0x06025700       0x90 C:/saturn/SH_COFF/sh-coff/bin/../lib/gcc/sh-coff/3.4-GNUSH_v0501\libgcc.a(_ashiftlt.o)
                0x06025700                __ashlsi3
 .text          0x06025790       0xb0 C:/saturn/SH_COFF/sh-coff/bin/../lib/gcc/sh-coff/3.4-GNUSH_v0501\libgcc.a(_movstr.o)
                0x060257d0                __movstrSI16
                0x060257a4                __movstrSI60
                0x060257b0                __movstrSI48
                0x060257ac                __movstrSI52
                0x060257a0                __movstrSI64
                0x060257b4                __movstrSI44
                0x060257b8                __movstrSI40
                0x060257bc                __movstrSI36
                0x060257f0                __movstr
                0x060257a8                __movstrSI56
                0x060257c4                __movstrSI28
                0x060257c0                __movstrSI32
                0x060257d4                __movstrSI12
                0x060257d8                __movstrSI8
                0x060257e0                __movstrSI0
                0x060257c8                __movstrSI24
                0x060257cc                __movstrSI20
                0x060257dc                __movstrSI4
 .text          0x06025840       0xa0 C:/saturn/SH_COFF/sh-coff/bin/../lib/gcc/sh-coff/3.4-GNUSH_v0501\libgcc.a(__main.o)
                0x060258b4                __main
                0x06025840                __do_global_dtors
                0x06025874                __do_global_ctors
 .text          0x060258e0      0x220 C:/saturn/SH_COFF/sh-coff/bin/../lib/gcc/sh-coff/3.4-GNUSH_v0501\libgcc.a(_pack_df.o)
                0x060258f0                __pack_d
 .text          0x06025b00      0x120 C:/saturn/SH_COFF/sh-coff/bin/../lib/gcc/sh-coff/3.4-GNUSH_v0501\libgcc.a(_unpack_df.o)
                0x06025b10                __unpack_d
 .text          0x06025c20       0x20 C:/saturn/SH_COFF/sh-coff/bin/../lib/gcc/sh-coff/3.4-GNUSH_v0501\libgcc.a(_thenan_df.o)
                0x06025c20                __thenan_df
 .text          0x06025c40       0xd0 C:/saturn/SH_COFF/sh-coff/bin/../lib/gcc/sh-coff/3.4-GNUSH_v0501\libgcc.a(_muldi3.o)
                0x06025c40                __muldi3
 .text          0x06025d10       0x80 C:/saturn/SH_COFF/sh-coff/bin/../lib/gcc/sh-coff/3.4-GNUSH_v0501\libgcc.a(_lshrdi3.o)
                0x06025d10                __lshrdi3
 .text          0x06025d90       0x80 C:/saturn/SH_COFF/sh-coff/bin/../lib/gcc/sh-coff/3.4-GNUSH_v0501\libgcc.a(_ashldi3.o)
                0x06025d90                __ashldi3
 .text          0x06025e10       0x30 C:/saturn/SH_COFF/sh-coff/bin/../lib/gcc/sh-coff/3.4-GNUSH_v0501\libgcc.a(_mulsi3.o)
                0x06025e10                __mulsi3
 .text          0x06025e40       0x90 C:/saturn/SH_COFF/sh-coff/bin/../lib/gcc/sh-coff/3.4-GNUSH_v0501\libgcc.a(_lshiftrt.o)
                0x06025e40                __lshrsi3
 .text          0x06025ed0       0x40 C:/saturn/SH_COFF/sh-coff/bin/../lib/gcc/sh-coff/3.4-GNUSH_v0501/../../../../sh-coff/lib\libc.a(memset.o)
                0x06025ed0                memset
 .text          0x06025f10       0x60 C:/saturn/SH_COFF/sh-coff/bin/../lib/gcc/sh-coff/3.4-GNUSH_v0501/../../../../sh-coff/lib\libc.a(memcmp.o)
                0x06025f10                memcmp
 .text          0x06025f70       0xa0 C:/saturn/SH_COFF/sh-coff/bin/../lib/gcc/sh-coff/3.4-GNUSH_v0501/../../../../sh-coff/lib\libc.a(memcpy.o)
                0x06025f70                memcpy
 .text          0x06026010       0xb0 C:/saturn/SH_COFF/sh-coff/bin/../lib/gcc/sh-coff/3.4-GNUSH_v0501/../../../../sh-coff/lib\libc.a(strncmp.o)
                0x06026010                strncmp
 .text          0x060260c0       0xa0 C:/saturn/SH_COFF/sh-coff/bin/../lib/gcc/sh-coff/3.4-GNUSH_v0501/../../../../sh-coff/lib\libc.a(strncpy.o)
                0x060260c0                strncpy
 .text          0x06026160       0x90 C:/saturn/SH_COFF/sh-coff/bin/../lib/gcc/sh-coff/3.4-GNUSH_v0501/../../../../sh-coff/lib\libc.a(atexit.o)
                0x06026160                atexit
 .text          0x060261f0       0x10 C:/saturn/SH_COFF/sh-coff/bin/../lib/gcc/sh-coff/3.4-GNUSH_v0501/../../../../sh-coff/lib\libc.a(impure.o)
                0x060261f0                _global_impure_ptr
 .text          0x06026200       0x40 C:/saturn/SH_COFF/sh-coff/bin/../lib/gcc/sh-coff/3.4-GNUSH_v0501/../../../../sh-coff/lib\libc.a(malloc.o)
                0x0602621c                free
                0x06026200                malloc
 .text          0x06026240      0x5b0 C:/saturn/SH_COFF/sh-coff/bin/../lib/gcc/sh-coff/3.4-GNUSH_v0501/../../../../sh-coff/lib\libc.a(mallocr.o)
                0x06026240                _malloc_r
 .text          0x060267f0      0x340 C:/saturn/SH_COFF/sh-coff/bin/../lib/gcc/sh-coff/3.4-GNUSH_v0501/../../../../sh-coff/lib\libc.a(freer.o)
                0x060267f0                _malloc_trim_r
                0x060268e4                _free_r
 .text          0x06026b30       0x20 C:/saturn/SH_COFF/sh-coff/bin/../lib/gcc/sh-coff/3.4-GNUSH_v0501/../../../../sh-coff/lib\libc.a(mlock.o)
                0x06026b30                __malloc_lock
                0x06026b3c                __malloc_unlock
 .text          0x06026b50       0x50 C:/saturn/SH_COFF/sh-coff/bin/../lib/gcc/sh-coff/3.4-GNUSH_v0501/../../../../sh-coff/lib\libc.a(sbrkr.o)
                0x06026b50                _sbrk_r
 .text          0x06026ba0      0x380 C:/saturn/SH_COFF/sh-coff/bin/../lib/gcc/sh-coff/3.4-GNUSH_v0501/../../../../sh-coff/lib\libc.a(syscalls.o)
                0x06026d0c                _exit
                0x06026d40                _getpid
                0x06026da8                _utime
                0x06026bd8                _write
                0x06026ba0                _read
                0x06026cf4                _unlink
                0x06026cbc                _open
                0x06026d58                _stat
                0x06026d00                isatty
                0x06026dd8                _wait
                0x06026d24                _kill
                0x06026d74                _chmod
                0x06026e08                _execv
                0x06026dec                _execve
                0x06026ee4                __setup_argv_and_call_main
                0x06026e40                _gettimeofday
                0x06026c0c                _link
                0x06026d4c                _raise
                0x06026cd8                _creat
                0x06026e20                _pipe
                0x06026d8c                _chown
                0x06026bbc                _lseek
                0x06026bf4                _close
                0x06026e34                _times
                0x06026ca8                _fstat
                0x06026dc4                _fork
                0x06026c34                _sbrk
 .text          0x06026f20       0x20 C:/saturn/SH_COFF/sh-coff/bin/../lib/gcc/sh-coff/3.4-GNUSH_v0501/../../../../sh-coff/lib\libc.a(trap.o)
                0x06026f20                __trap34
 .text          0x06026f40       0x20 C:/saturn/SH_COFF/sh-coff/bin/../lib/gcc/sh-coff/3.4-GNUSH_v0501/../../../../sh-coff/lib\libc.a(abort.o)
                0x06026f40                abort
 .text          0x06026f60      0x270 C:/saturn/SH_COFF/sh-coff/bin/../lib/gcc/sh-coff/3.4-GNUSH_v0501/../../../../sh-coff/lib\libc.a(signal.o)
                0x06027020                _raise_r
                0x060271a8                __sigtramp
                0x06027154                raise
                0x06027190                _init_signal
                0x060270e0                __sigtramp_r
                0x06027170                signal
                0x06026fac                _signal_r
                0x06026f60                _init_signal_r
 .text          0x060271d0       0x60 C:/saturn/SH_COFF/sh-coff/bin/../lib/gcc/sh-coff/3.4-GNUSH_v0501/../../../../sh-coff/lib\libc.a(signalr.o)
                0x06027218                _getpid_r
                0x060271d0                _kill_r
 *(.strings)

.tors           0x06027230        0x0
                0x06027230                ___ctors = .
 *(.ctors)
                0x06027230                ___ctors_end = .
                0x06027230                ___dtors = .
 *(.dtors)
                0x06027230                ___dtors_end = .

.data           0x06027230     0x4550
                0x06027230                STARTOF_R = .
 *(.data)
 .data          0x06027230      0x400 smpclib/per_x1.o
 .data          0x06027630       0x70 game.o
 .data          0x060276a0     0x30f0 graphics.o
                0x06028678                cyberblock_name
                0x06029b5e                girl2_num
                0x060286c8                metalorange_name
                0x060277ee                ship_size
                0x060286d6                metalorange_num
                0x060279b8                chipgame_pal
                0x06029752                girl3_num
                0x06027924                game_name
                0x060281d8                menufont_pal
                0x06028226                menufont_num
                0x06029f6a                girl1_num
                0x06028688                metalorange_pal
                0x06029f6c                roarframes_pal
                0x060279a8                gamestar_name
                0x060276f0                blocks2_size
                0x06027954                starnear_name
                0x060278fc                gamefar_height
                0x060277f0                ship_num
                0x0602a37c                roarbg_pal
                0x0602a77c                roarbg_name
                0x06027748                explosion_pal
                0x06027968                gamestar_pal
                0x06027920                gamenear_width
                0x06027788                explosion_name
                0x06027746                blocks1_num
                0x06027846                starspr_num
                0x06029f60                girl1_name
                0x06027dc8                game_tiles_pal
                0x060276f2                blocks2_num
                0x060286d8                title_pal
                0x06027734                blocks1_name
                0x06027892                font_height
                0x0602a36c                roarframes_name
                0x06029748                girl3_name
                0x060278fe                gamefar_width
                0x06029b60                girl1_pal
                0x06028218                menufont_name
                0x06028636                chipframes_num
                0x0602789c                ball_pal
                0x06029348                girl3_pal
                0x06027dc6                chipgame_num
                0x06027844                starspr_size
                0x060276f4                blocks1_pal
                0x06027910                gamenear_name
                0x06027798                explosion_width
                0x06028f3a                girl5_num
                0x060278ec                ball_num
                0x06028ae2                title_num
                0x06027888                font_name
                0x060277f4                starspr_pal
                0x0602a788                roarbg_num
                0x060278e8                ball_width
                0x06028686                cyberblock_num
                0x06028b30                girl5_pal
                0x060277ea                ship_height
                0x060281d6                game_tiles_num
                0x060278e6                ball_height
                0x0602791e                gamenear_height
                0x06027894                font_width
                0x06028b2e                stars_num
                0x060278ea                ball_size
                0x060277ec                ship_width
                0x06028ad8                title_name
                0x06028628                chipframes_name
                0x06027934                starfar_name
                0x06027740                blocks1_height
                0x06028b24                stars_name
                0x060279b6                gamestar_num
                0x0602790c                gamemid_height
                0x060277a0                ship_pal
                0x060278dc                ball_name
                0x06027898                font_num
                0x06027848                font_pal
                0x06027952                starmid_width
                0x06027964                starnear_width
                0x06027900                gamemid_name
                0x060276ee                blocks2_width
                0x06027744                blocks1_size
                0x06027842                starspr_width
                0x06028228                chipframes_pal
                0x0602792e                game_height
                0x06027940                starfar_height
                0x0602779c                explosion_num
                0x06029346                girl4_num
                0x0602790e                gamemid_width
                0x060276ec                blocks2_height
                0x06027742                blocks1_width
                0x06027896                font_size
                0x060276e0                blocks2_name
                0x06027834                starspr_name
                0x0602a37a                roarframes_num
                0x06028638                cyberblock_pal
                0x06027962                starnear_height
                0x06027944                starmid_name
                0x060277e0                ship_name
                0x06028f30                girl5_name
                0x06028f3c                girl4_pal
                0x060276a0                blocks2_pal
                0x06027950                starmid_height
                0x06028ae4                stars_pal
                0x060278f0                gamefar_name
                0x060281c8                game_tiles_name
                0x06027840                starspr_height
                0x0602933c                girl4_name
                0x06027930                game_width
                0x06029754                girl2_pal
                0x06027942                starfar_width
                0x0602779a                explosion_size
                0x06027796                explosion_height
                0x06027db8                chipgame_name
                0x06029b54                girl2_name
 .data          0x0602a790      0x1a0 intro.o
 .data          0x0602a930       0x90 level.o
                0x0602a934                level_blocks
                0x0602a930                level_lengths
                0x0602a938                level0_blocks
 .data          0x0602a9c0       0x40 logo.o
 .data          0x0602aa00       0x80 menu.o
                0x0602aa00                cutscene
 .data          0x0602aa80       0x10 pcmsys.o
                0x0602aa84                scsp_load
                0x0602aa88                m68k_com
                0x0602aa80                master_volume
 .data          0x0602aa90       0x40 scroll.o
                0x0602aaa0                CycleTbLoRes
                0x0602aac0                vram
                0x0602aab0                char_offsets
                0x0602aa90                CycleTbHiRes
 .data          0x0602aad0       0x30 sprite.o
 .data          0x0602ab00      0x400 ../sbl6/segalib/lib/sega_int.a(int.o)
 .data          0x0602af00       0x1c ../sbl6/segalib/lib/sega_spr.a(spr_slv.o)
                0x0602af08                SPR_SlaveParam
                0x0602af18                SPR_SMPC_SF
                0x0602af10                SPR_SMPC_COM
                0x0602af0c                SPR_SlaveSHEntry
                0x0602af04                SPR_SlaveState
                0x0602af00                SPR_SlaveCommand
                0x0602af14                SPR_SMPC_RET
 *fill*         0x0602af1c        0x4 00
 .data          0x0602af20       0x34 ../sbl6/segalib/lib/sega_spr.a(spr_1c.o)
                0x0602af20                SpInitialFlag
 *fill*         0x0602af54        0xc 00
 .data          0x0602af60       0x1c ../sbl6/segalib/lib/sega_scl.a(scl_vblv.o)
                0x0602af68                VBInterval
                0x0602af70                ReqDisplayFlag
                0x0602af60                SpFrameChgMode
                0x0602af6c                VBIntervalCounter
                0x0602af64                SpFrameEraseMode
 *fill*         0x0602af7c        0x4 00
 .data          0x0602af80       0x18 ../sbl6/segalib/lib/sega_scl.a(scl_pri.o)
                0x0602af84                SclRealSpPriNum
                0x0602af94                SclRealColOffset
                0x0602af90                SclRealBgColMix
                0x0602af8c                SclRealSpColMix
                0x0602af88                SclRealBgPriNum
                0x0602af80                SclRealOtherPri
 *fill*         0x0602af98        0x8 00
 .data          0x0602afa0       0x36 ../sbl6/segalib/lib/sega_scl.a(scl_func.o)
                0x0602afb0                SclRotregBuff
                0x0602afac                SclDisplayY
                0x0602afb4                SclRotateTableMode
                0x0602afa8                SclProcess
                0x0602afa4                SclCurSclNum
                0x0602afa0                SclLengthLsTbl
                0x0602afaa                SclDisplayX
                0x0602afa2                SclLengthCsTbl
 *fill*         0x0602afd6        0xa 00
 .data          0x0602afe0        0x4 ../sbl6/segalib/lib/sega_mth.a(mth_rand.o)
 *fill*         0x0602afe4        0xc 00
 .data          0x0602aff0      0x380 C:/saturn/SH_COFF/sh-coff/bin/../lib/gcc/sh-coff/3.4-GNUSH_v0501/../../../../sh-coff/lib\libc.a(impure.o)
                0x0602b36c                _impure_ptr
 .data          0x0602b370      0x410 C:/saturn/SH_COFF/sh-coff/bin/../lib/gcc/sh-coff/3.4-GNUSH_v0501/../../../../sh-coff/lib\libc.a(mallocr.o)
                0x0602b378                __malloc_av_
                0x0602b374                __malloc_trim_threshold
                0x0602b370                __malloc_sbrk_base
                0x0602b780                SIZEOF_R = (. - STARTOF_R)
                0x0602b780                ENDOF_R = .

.bss            0x0602b780    0x10924
                0x0602b780                STARTOF_B = .
 *(.bss)
 .bss           0x0602b780       0x10 vblank.o
                0x0602b784                PadData2E
                0x0602b78a                PadData1
                0x0602b786                PadData2
                0x0602b788                PadData1E
                0x0602b780                __port
 .bss           0x0602b790       0xe0 smpclib/per_x2.o
 .bss           0x0602b870       0x80 game.o
 .bss           0x0602b8f0     0x1970 intro.o
 .bss           0x0602d260      0x9e0 level.o
 .bss           0x0602dc40       0x10 logo.o
 .bss           0x0602dc50       0x60 menu.o
 .bss           0x0602dcb0       0x10 pcmsys.o
                0x0602dcb0                numberPCMs
 .bss           0x0602dcc0       0x10 scroll.o
                0x0602dcc0                scroll_res
 .bss           0x0602dcd0     0x3d00 sprite.o
                0x0602dcd0                num_sprites
 .bss           0x060319d0       0x10 main.o
                0x060319d0                frame
 .bss           0x060319e0       0x6e ../sbl6/segalib/lib/sega_spr.a(spr_2c.o)
 *fill*         0x06031a4e        0x2 00
 .bss           0x06031a50        0x4 ../sbl6/segalib/lib/sega_scl.a(scl_vblv.o)
 *fill*         0x06031a54        0xc 00
 .bss           0x06031a60     0x1900 ../sbl6/segalib/lib/sega_scl.a(scl_fu05.o)
 .bss           0x06033360        0x4 ../sbl6/segalib/lib/sega_scl.a(scl_func.o)
 *fill*         0x06033364        0xc 00
 .bss           0x06033370       0x48 ../sbl6/segalib/lib/sega_scl.a(scl_ro00.o)
 *fill*         0x060333b8        0x8 00
 .bss           0x060333c0        0xc ../sbl6/segalib/lib/sega_cdc.a(cdc_sub.o)
 *fill*         0x060333cc        0x4 00
 .bss           0x060333d0        0x2 ../sbl6/segalib/lib/sega_cdc.a(cdc_reg.o)
 *fill*         0x060333d2        0xe 00
 .bss           0x060333e0       0x9c ../sbl6/segalib/lib/sega_per.a(per_prt.o)
 *fill*         0x0603347c        0x4 00
 .bss           0x06033480        0xc ../sbl6/segalib/lib/sega_sat.a(DMA_SCU1.o)
 *fill*         0x0603348c        0x4 00
 .bss           0x06033490        0xc ../sbl6/segalib/lib/sega_sat.a(gfs_trn.o)
 *fill*         0x0603349c        0x4 00
 .bss           0x060334a0       0x20 ../sbl6/segalib/lib/sega_sat.a(DMA_SCU0.o)
 .bss           0x060334c0       0x10 C:/saturn/SH_COFF/sh-coff/bin/../lib/gcc/sh-coff/3.4-GNUSH_v0501\libgcc.a(__main.o)
 .bss           0x060334d0       0x10 C:/saturn/SH_COFF/sh-coff/bin/../lib/gcc/sh-coff/3.4-GNUSH_v0501/../../../../sh-coff/lib\libc.a(atexit.o)
 .bss           0x060334e0       0x40 C:/saturn/SH_COFF/sh-coff/bin/../lib/gcc/sh-coff/3.4-GNUSH_v0501/../../../../sh-coff/lib\libc.a(mallocr.o)
                0x06033510                __malloc_top_pad
                0x060334e0                __malloc_current_mallinfo
                0x0603350c                __malloc_max_sbrked_mem
                0x06033508                __malloc_max_total_mem
 .bss           0x06033520       0x10 C:/saturn/SH_COFF/sh-coff/bin/../lib/gcc/sh-coff/3.4-GNUSH_v0501/../../../../sh-coff/lib\libc.a(syscalls.o)
 *(COMMON)
 COMMON         0x06033530        0x8 vblank.o
                                  0x0 (size before relaxing)
                0x06033530                PadAnalogR1
                0x06033531                PadAnalogL1
                0x06033532                PadAnalogY1
                0x06033533                PadAnalogX1
                0x06033534                PadID1
 *fill*         0x06033538        0x8 00
 COMMON         0x06033540     0x1674 cd.o
                                  0x0 (size before relaxing)
                0x06033540                dirname
                0x06033ea0                lib_work
                0x06034ba8                directory_table
 *fill*         0x06034bb4        0xc 00
 COMMON         0x06034bc0     0x14a0 print.o
                                  0x0 (size before relaxing)
                0x06034bc0                text
 COMMON         0x06036060      0x230 scroll.o
                                  0x0 (size before relaxing)
                0x06036060                scfg
 COMMON         0x06036290     0x4300 sprite.o
                                  0x0 (size before relaxing)
                0x06036290                sprites
                0x06038590                sprite_buf
 COMMON         0x0603a590       0x8c main.o
                                  0x0 (size before relaxing)
                0x0603a590                off_config
 *fill*         0x0603a61c        0x4 00
 COMMON         0x0603a620      0x400 ../sbl6/segalib/lib/sega_int.a(int.o)
                                  0x0 (size before relaxing)
                0x0603a620                __interrupt_vector
 COMMON         0x0603aa20       0x50 ../sbl6/segalib/lib/sega_spr.a(spr_2c.o)
                                  0x0 (size before relaxing)
                0x0603aa20                SpMstCmd
                0x0603aa24                Sp2OpenFlag
                0x0603aa28                SpGourTblMax
                0x0603aa2c                SpDrawPrtyBlk
                0x0603aa30                SpLCoordX
                0x0603aa34                SpMstDrawPrtyBlk
                0x0603aa38                SpGourTbl
                0x0603aa3c                SpLookupTblR
                0x0603aa40                SpCmdTbl
                0x0603aa44                SpCharMax
                0x0603aa48                SpDrawPrtyProcFlag
                0x0603aa4c                SpCmdNo
                0x0603aa50                SpDrawPrtyBlkMax
                0x0603aa54                SpSlvCmdPos
                0x0603aa58                SpSlvDrawPrtyBlk
                0x0603aa5c                SpCharTbl
                0x0603aa60                SpCmdTblR
                0x0603aa64                SpMstCmdPos
                0x0603aa68                SpSlvCmd
                0x0603aa6c                SpLCoordY
 COMMON         0x0603aa70       0x10 ../sbl6/segalib/lib/sega_spr.a(spr_1c.o)
                                  0x0 (size before relaxing)
                0x0603aa70                SpScreenY
                0x0603aa74                SpFbcrMode
                0x0603aa76                SpDil
                0x0603aa78                SpDie
                0x0603aa7a                SpTvMode
                0x0603aa7c                SpScreenX
 COMMON         0x0603aa80      0x6b0 ../sbl6/segalib/lib/sega_scl.a(scl_pri.o)
                                  0x0 (size before relaxing)
                0x0603aa80                SclAutoEndBlue2
                0x0603aa90                SclColOffset
                0x0603aaa0                SclPriBuffDirty
                0x0603aaa2                SclAutoEndRed
                0x0603aaa4                SclAutoSurface
                0x0603aaa8                SclAutoGreen
                0x0603aaaa                SclAutoEndGreen
                0x0603aaac                SclAutoCount
                0x0603aab0                SclColRamAlloc256
                0x0603aad0                SclAutoCurRate
                0x0603aad1                SclAutoPlusFlag
                0x0603aad8                SclSpColMix
                0x0603aae0                SclAutoMax
                0x0603aae4                SclLineColRamOffset
                0x0603aae8                SclColRamAlloc2048
                0x0603aaec                SclBgPriNum
                0x0603aaf2                SclAutoEndBlue
                0x0603aaf4                SclAutoEndGreen2
                0x0603aaf6                SclAutoVeFlag
                0x0603aaf8                SclBgColMix
                0x0603ab00                SclAutoIndex
                0x0603ab04                SclAutoEndRate
                0x0603ab06                SclAutoBlue
                0x0603ab08                SclAutoRed
                0x0603ab0c                SclAutoInterval
                0x0603ab10                SclOtherPri
                0x0603ab20                SclAutoRGB
                0x0603b120                SclAutoEndRed2
                0x0603b128                SclSpPriNum
 COMMON         0x0603b130      0xf00 ../sbl6/segalib/lib/sega_scl.a(scl_func.o)
                                  0x0 (size before relaxing)
                0x0603b130                SclRbgKtbAddr
                0x0603b138                SclRb
                0x0603b13a                Scl_flag
                0x0603b140                SclK_TableBuff
                0x0603be10                SclAddrCsTbl
                0x0603be20                Scl_s_reg
                0x0603be48                SclRotateXy
                0x0603be50                Scl_d_reg
                0x0603be98                SclRotateDisp
                0x0603bea0                SclRotateMoveZ
                0x0603bea8                SclRotXySw
                0x0603beb0                Scl_r_reg
                0x0603bec0                SclRPMD
                0x0603bec8                SclRbgKtbOffset
                0x0603bed0                _SclRotregBuff
                0x0603bfa0                SclRa
                0x0603bfa8                SclRotateZ
                0x0603bfb0                SclAddrLsTbl
                0x0603bfb8                SclK_TableNum
                0x0603bfc0                SclRotateTableAddress
                0x0603bfc4                SclK_TableFlag
                0x0603bfd0                Scl_w_reg
                0x0603bff0                Scl_n_reg
 COMMON         0x0603c030       0x10 ../sbl6/segalib/lib/sega_scl.a(scl_ro00.o)
                                  0x0 (size before relaxing)
                0x0603c030                SclCsx
                0x0603c038                SclCsy
 COMMON         0x0603c040       0x15 ../sbl6/segalib/lib/sega_per.a(per_prt.o)
                                  0x0 (size before relaxing)
                0x0603c040                per_get_time_flg
                0x0603c041                per_hot_res
                0x0603c042                per_set_sys_flg
                0x0603c044                per_get_time_adr
                0x0603c048                per_get_sys_data
                0x0603c054                per_time_out_flg
 *fill*         0x0603c055        0xb 00
 COMMON         0x0603c060        0xc ../sbl6/segalib/lib/sega_sat.a(gfs.o)
                                  0x0 (size before relaxing)
                0x0603c060                GFMC_base
                0x0603c064                gfs_mng_ptr
                0x0603c068                gfs_use_scudma
 *fill*         0x0603c06c        0x4 00
 COMMON         0x0603c070        0x8 ../sbl6/segalib/lib/sega_sat.a(gfs_cdf.o)
                                  0x0 (size before relaxing)
                0x0603c070                gfcf_fad
                0x0603c074                gfcf_stat
 *fill*         0x0603c078        0x8 00
 COMMON         0x0603c080        0xc ../sbl6/segalib/lib/sega_sat.a(gfs_cdc.o)
                                  0x0 (size before relaxing)
                0x0603c080                gfcd_fatal_err
                0x0603c084                gfcd_work
                0x0603c088                gfcd_playflag
 *fill*         0x0603c08c        0x4 00
 COMMON         0x0603c090        0x8 ../sbl6/segalib/lib/sega_sat.a(DMA_CPU5.o)
                                  0x0 (size before relaxing)
                0x0603c090                dma_cpu_cnt
                0x0603c094                dma_cpu_dis_adr
 *fill*         0x0603c098        0x8 00
 COMMON         0x0603c0a0        0x4 C:/saturn/SH_COFF/sh-coff/bin/../lib/gcc/sh-coff/3.4-GNUSH_v0501/../../../../sh-coff/lib\libc.a(syscalls.o)
                                  0x0 (size before relaxing)
                0x0603c0a0                errno
                0x0603c0a4                SIZEOF_B = (. - STARTOF_B)
                0x0603c0a4                ENDOF_B = .
                0x0603c0a4                _end = .
OUTPUT(main.cof coff-sh)

.comment        0x0603c0b0      0x580
 .comment       0x0603c0b0       0x20 ../sbl6/segasmp/lib/strt2_g.o
 .comment       0x0603c0d0       0x20 vblank.o
 .comment       0x0603c0f0       0x20 smpclib/per_x1.o
 .comment       0x0603c110       0x20 smpclib/per_x2.o
 .comment       0x0603c130       0x20 spritecode/explosion.o
 .comment       0x0603c150       0x20 cd.o
 .comment       0x0603c170       0x20 crc.o
 .comment       0x0603c190       0x20 devcart.o
 .comment       0x0603c1b0       0x20 game.o
 .comment       0x0603c1d0       0x20 graphics.o
 .comment       0x0603c1f0       0x20 intro.o
 .comment       0x0603c210       0x20 level.o
 .comment       0x0603c230       0x20 logo.o
 .comment       0x0603c250       0x20 menu.o
 .comment       0x0603c270       0x20 pcmsys.o
 .comment       0x0603c290       0x20 print.o
 .comment       0x0603c2b0       0x20 scroll.o
 .comment       0x0603c2d0       0x20 sound.o
 .comment       0x0603c2f0       0x20 sprite.o
 .comment       0x0603c310       0x20 main.o
 .comment       0x0603c330       0x20 C:/saturn/SH_COFF/sh-coff/bin/../lib/gcc/sh-coff/3.4-GNUSH_v0501\libgcc.a(_si_to_df.o)
 .comment       0x0603c350       0x20 C:/saturn/SH_COFF/sh-coff/bin/../lib/gcc/sh-coff/3.4-GNUSH_v0501\libgcc.a(_mul_df.o)
 .comment       0x0603c370       0x20 C:/saturn/SH_COFF/sh-coff/bin/../lib/gcc/sh-coff/3.4-GNUSH_v0501\libgcc.a(_df_to_si.o)
 .comment       0x0603c390       0x20 C:/saturn/SH_COFF/sh-coff/bin/../lib/gcc/sh-coff/3.4-GNUSH_v0501\libgcc.a(__main.o)
 .comment       0x0603c3b0       0x20 C:/saturn/SH_COFF/sh-coff/bin/../lib/gcc/sh-coff/3.4-GNUSH_v0501\libgcc.a(_pack_df.o)
 .comment       0x0603c3d0       0x20 C:/saturn/SH_COFF/sh-coff/bin/../lib/gcc/sh-coff/3.4-GNUSH_v0501\libgcc.a(_unpack_df.o)
 .comment       0x0603c3f0       0x20 C:/saturn/SH_COFF/sh-coff/bin/../lib/gcc/sh-coff/3.4-GNUSH_v0501\libgcc.a(_thenan_df.o)
 .comment       0x0603c410       0x20 C:/saturn/SH_COFF/sh-coff/bin/../lib/gcc/sh-coff/3.4-GNUSH_v0501\libgcc.a(_muldi3.o)
 .comment       0x0603c430       0x20 C:/saturn/SH_COFF/sh-coff/bin/../lib/gcc/sh-coff/3.4-GNUSH_v0501\libgcc.a(_lshrdi3.o)
 .comment       0x0603c450       0x20 C:/saturn/SH_COFF/sh-coff/bin/../lib/gcc/sh-coff/3.4-GNUSH_v0501\libgcc.a(_ashldi3.o)
 .comment       0x0603c470       0x20 C:/saturn/SH_COFF/sh-coff/bin/../lib/gcc/sh-coff/3.4-GNUSH_v0501/../../../../sh-coff/lib\libc.a(memcmp.o)
 .comment       0x0603c490       0x20 C:/saturn/SH_COFF/sh-coff/bin/../lib/gcc/sh-coff/3.4-GNUSH_v0501/../../../../sh-coff/lib\libc.a(strncmp.o)
 .comment       0x0603c4b0       0x20 C:/saturn/SH_COFF/sh-coff/bin/../lib/gcc/sh-coff/3.4-GNUSH_v0501/../../../../sh-coff/lib\libc.a(strncpy.o)
 .comment       0x0603c4d0       0x20 C:/saturn/SH_COFF/sh-coff/bin/../lib/gcc/sh-coff/3.4-GNUSH_v0501/../../../../sh-coff/lib\libc.a(atexit.o)
 .comment       0x0603c4f0       0x20 C:/saturn/SH_COFF/sh-coff/bin/../lib/gcc/sh-coff/3.4-GNUSH_v0501/../../../../sh-coff/lib\libc.a(impure.o)
 .comment       0x0603c510       0x20 C:/saturn/SH_COFF/sh-coff/bin/../lib/gcc/sh-coff/3.4-GNUSH_v0501/../../../../sh-coff/lib\libc.a(malloc.o)
 .comment       0x0603c530       0x20 C:/saturn/SH_COFF/sh-coff/bin/../lib/gcc/sh-coff/3.4-GNUSH_v0501/../../../../sh-coff/lib\libc.a(mallocr.o)
 .comment       0x0603c550       0x20 C:/saturn/SH_COFF/sh-coff/bin/../lib/gcc/sh-coff/3.4-GNUSH_v0501/../../../../sh-coff/lib\libc.a(freer.o)
 .comment       0x0603c570       0x20 C:/saturn/SH_COFF/sh-coff/bin/../lib/gcc/sh-coff/3.4-GNUSH_v0501/../../../../sh-coff/lib\libc.a(mlock.o)
 .comment       0x0603c590       0x20 C:/saturn/SH_COFF/sh-coff/bin/../lib/gcc/sh-coff/3.4-GNUSH_v0501/../../../../sh-coff/lib\libc.a(sbrkr.o)
 .comment       0x0603c5b0       0x20 C:/saturn/SH_COFF/sh-coff/bin/../lib/gcc/sh-coff/3.4-GNUSH_v0501/../../../../sh-coff/lib\libc.a(syscalls.o)
 .comment       0x0603c5d0       0x20 C:/saturn/SH_COFF/sh-coff/bin/../lib/gcc/sh-coff/3.4-GNUSH_v0501/../../../../sh-coff/lib\libc.a(abort.o)
 .comment       0x0603c5f0       0x20 C:/saturn/SH_COFF/sh-coff/bin/../lib/gcc/sh-coff/3.4-GNUSH_v0501/../../../../sh-coff/lib\libc.a(signal.o)
 .comment       0x0603c610       0x20 C:/saturn/SH_COFF/sh-coff/bin/../lib/gcc/sh-coff/3.4-GNUSH_v0501/../../../../sh-coff/lib\libc.a(signalr.o)
