Archive member included because of file (symbol)

c:/saturn/sbl6/segalib/lib/sega_int.a(int.o)
                              vblank.o (INT_SetScuFunc)
c:/saturn/sbl6/segalib/lib/sega_int.a(int_trmp.o)
                              c:/saturn/sbl6/segalib/lib/sega_int.a(int.o) (__interrupt_handler0)
c:/saturn/sbl6/segalib/lib/sega_spr.a(spr_2c.o)
                              sprite.o (SPR_2Initial)
c:/saturn/sbl6/segalib/lib/sega_spr.a(spr_slv.o)
                              c:/saturn/sbl6/segalib/lib/sega_spr.a(spr_2c.o) (SPR_InitSlaveSH)
c:/saturn/sbl6/segalib/lib/sega_spr.a(spr_1c.o)
                              c:/saturn/sbl6/segalib/lib/sega_spr.a(spr_2c.o) (SPR_Initial)
c:/saturn/sbl6/segalib/lib/sega_spr.a(spr_2a.o)
                              c:/saturn/sbl6/segalib/lib/sega_spr.a(spr_2c.o) (SPR_2SetDrawPrty)
c:/saturn/sbl6/segalib/lib/sega_scl.a(scl_vblv.o)
                              c:/saturn/sbl6/segalib/lib/sega_spr.a(spr_1c.o) (SpFrameChgMode)
c:/saturn/sbl6/segalib/lib/sega_scl.a(scl_pr12.o)
                              cutscene.o (SCL_SetColOffset)
c:/saturn/sbl6/segalib/lib/sega_scl.a(scl_pr02.o)
                              cutscene.o (SCL_SetColRam)
c:/saturn/sbl6/segalib/lib/sega_scl.a(scl_pr11.o)
                              cutscene.o (SCL_SetAutoColOffset)
c:/saturn/sbl6/segalib/lib/sega_scl.a(scl_pr07.o)
                              game.o (SCL_SetPriority)
c:/saturn/sbl6/segalib/lib/sega_scl.a(scl_pri.o)
                              c:/saturn/sbl6/segalib/lib/sega_scl.a(scl_pr11.o) (SclAutoVeFlag)
c:/saturn/sbl6/segalib/lib/sega_scl.a(scl_pr10.o)
                              intro.o (SCL_SetAutoColMix)
c:/saturn/sbl6/segalib/lib/sega_scl.a(scl_fu05.o)
                              intro.o (SCL_InitLineParamTb)
c:/saturn/sbl6/segalib/lib/sega_scl.a(scl_func.o)
                              c:/saturn/sbl6/segalib/lib/sega_scl.a(scl_fu05.o) (SclLengthLsTbl)
c:/saturn/sbl6/segalib/lib/sega_scl.a(scl_pr01.o)
                              scroll.o (SCL_SetSpriteMode)
c:/saturn/sbl6/segalib/lib/sega_scl.a(scl_fu01.o)
                              scroll.o (SCL_SetDisplayMode)
c:/saturn/sbl6/segalib/lib/sega_scl.a(scl_fu04.o)
                              scroll.o (SCL_SetCycleTable)
c:/saturn/sbl6/segalib/lib/sega_scl.a(scl_pr03.o)
                              scroll.o (SCL_AllocColRam)
c:/saturn/sbl6/segalib/lib/sega_scl.a(scl_back.o)
                              scroll.o (SCL_SetBack)
c:/saturn/sbl6/segalib/lib/sega_scl.a(scl_fu03.o)
                              scroll.o (SCL_InitConfigTb)
c:/saturn/sbl6/segalib/lib/sega_scl.a(scl_fu02.o)
                              scroll.o (SCL_InitVramConfigTb)
c:/saturn/sbl6/segalib/lib/sega_scl.a(scl_pr09.o)
                              scroll.o (SCL_SetColMixMode)
c:/saturn/sbl6/segalib/lib/sega_scl.a(scl_pr05.o)
                              c:/saturn/sbl6/segalib/lib/sega_scl.a(scl_pr02.o) (SCL_GetColRamOffset)
c:/saturn/sbl6/segalib/lib/sega_scl.a(scl_ro00.o)
                              c:/saturn/sbl6/segalib/lib/sega_scl.a(scl_func.o) (SCL_Rotate)
c:/saturn/sbl6/segalib/lib/sega_scl.a(scl_pr06.o)
                              c:/saturn/sbl6/segalib/lib/sega_scl.a(scl_pr03.o) (SCL_SetColRamOffset)
c:/saturn/sbl6/segalib/lib/sega_mth.a(mth_tri.o)
                              ball.o (MTH_Sin)
c:/saturn/sbl6/segalib/lib/sega_mth.a(mth_fixd.o)
                              ball.o (MTH_Mul)
c:/saturn/sbl6/segalib/lib/sega_mth.a(mth_rand.o)
                              main.o (MTH_InitialRand)
c:/saturn/sbl6/segalib/lib/sega_cdc.a(cdc_drv.o)
                              sound.o (CDC_CdPlay)
c:/saturn/sbl6/segalib/lib/sega_cdc.a(cdc_cmn.o)
                              main.o (CDC_GetPeriStat)
c:/saturn/sbl6/segalib/lib/sega_cdc.a(cdc_sub.o)
                              c:/saturn/sbl6/segalib/lib/sega_cdc.a(cdc_cmn.o) (CDSUB_UpdStatus)
c:/saturn/sbl6/segalib/lib/sega_cdc.a(cdc_reg.o)
                              c:/saturn/sbl6/segalib/lib/sega_cdc.a(cdc_cmn.o) (CDREG_ClrHirqReq)
c:/saturn/sbl6/segalib/lib/sega_per.a(per_prt.o)
                              smpclib/per_x2.o (PER_LInit)
c:/saturn/sbl6/segalib/lib/sega_sat.a(gfs.o)
                              cd.o (GFS_Init)
c:/saturn/sbl6/segalib/lib/sega_sat.a(DMA_CPU1.o)
                              game.o (DMA_CpuMemCopy1)
c:/saturn/sbl6/segalib/lib/sega_sat.a(DMA_CPU2.o)
                              intro.o (DMA_CpuMemCopy2)
c:/saturn/sbl6/segalib/lib/sega_sat.a(DMA_SCU1.o)
                              c:/saturn/sbl6/segalib/lib/sega_spr.a(spr_2c.o) (DMA_ScuMemCopy)
c:/saturn/sbl6/segalib/lib/sega_sat.a(gfs_cdf.o)
                              c:/saturn/sbl6/segalib/lib/sega_sat.a(gfs.o) (GFCF_Init)
c:/saturn/sbl6/segalib/lib/sega_sat.a(gfs_dir.o)
                              c:/saturn/sbl6/segalib/lib/sega_sat.a(gfs.o) (GFDR_SetupDirTbl)
c:/saturn/sbl6/segalib/lib/sega_sat.a(gfs_trn.o)
[...]
Memory Configuration

Name             Origin             Length             Attributes
*default*        0x00000000         0xffffffff

Linker script and memory map

LOAD c:/saturn/sbl6/segasmp/lib/strt1_g.o
LOAD c:/saturn/sbl6/segasmp/lib/strt2_g.o
LOAD vblank.o
LOAD smpclib/per_x1.o
LOAD smpclib/per_x2.o
LOAD smpclib/per_x3.o
LOAD spritecode/explosion.o
LOAD ball.o
LOAD barrier.o
LOAD capsule.o
LOAD cutscene.o
LOAD cd.o
LOAD crc.o
LOAD devcart.o
LOAD game.o
LOAD graphics.o
LOAD intro.o
LOAD laser.o
LOAD level.o
LOAD logo.o
LOAD menu.o
LOAD pcmsys.o
LOAD print.o
LOAD scroll.o
LOAD soon.o
LOAD sound.o
LOAD sprite.o
LOAD main.o
LOAD c:/saturn/sbl6/segalib/lib/sega_int.a
LOAD c:/saturn/sbl6/segalib/lib/sega_spr.a
LOAD c:/saturn/sbl6/segalib/lib/sega_scl.a
LOAD c:/saturn/sbl6/segalib/lib/sega_mth.a
LOAD c:/saturn/sbl6/segalib/lib/sega_cdc.a
LOAD c:/saturn/sbl6/segalib/lib/sega_adp.a
LOAD c:/saturn/sbl6/segalib/lib/sega_per.a
LOAD c:/saturn/sbl6/segalib/lib/sega_sat.a
LOAD c:/saturn/SH_COFF/sh-coff/bin/../lib/gcc/sh-coff/3.4-GNUSH_v0501\libgcc.a
LOAD c:/saturn/SH_COFF/sh-coff/bin/../lib/gcc/sh-coff/3.4-GNUSH_v0501/../../../../sh-coff/lib\libc.a
LOAD c:/saturn/SH_COFF/sh-coff/bin/../lib/gcc/sh-coff/3.4-GNUSH_v0501\libgcc.a

.text           0x06010000    0x190e0
 *(.text)
 .text          0x06010000       0x30 c:/saturn/sbl6/segasmp/lib/strt1_g.o
                0x06010024                _D_END
                0x06010020                _D_BGN
                0x0601002c                _B_END
                0x06010028                _B_BGN
                0x06010000                START
 .text          0x06010030       0x60 c:/saturn/sbl6/segasmp/lib/strt2_g.o
                0x06010050                _INITSCT
                0x06010030                _INIT
 .text          0x06010090      0x1d0 vblank.o
                0x06010090                SetVblank
                0x06010110                UsrVblankOut
                0x060100f0                UsrVblankIn
 .text          0x06010260      0x240 smpclib/per_x1.o
                0x06010440                PER_GetAnalogXYZ
                0x06010280                PER_GetTriggerHandler
                0x060103d0                PER_GetEdge
                0x06010390                PER_GetTrigger
                0x060103e0                PER_GetPressEdge
                0x06010410                PER_GetReleaseEdge
                0x06010260                PER_SetTriggerHandler
 .text          0x060104a0      0x180 smpclib/per_x2.o
                0x06010580                PER_GetDeviceA
                0x060104a0                PER_OpenPort
                0x060104d0                PER_GetPort
                0x060105c0                PER_GetDeviceR
 .text          0x06010620       0x20 smpclib/per_x3.o
                0x06010620                PER_DisguiseTrigger
 .text          0x06010640       0xb0 spritecode/explosion.o
                0x060106a0                explosion_move
                0x06010640                explosion_make
 .text          0x060106f0      0x4e0 ball.o
                0x06010910                ball_move
                0x06010820                ball_remove
                0x06010710                ball_add
                0x06010870                ball_bounce
                0x060106f0                ball_init
                0x06010b50                ball_draw
 .text          0x06010bd0      0x180 barrier.o
                0x06010c00                barrier_move
                0x06010bd0                barrier_init
                0x06010c90                barrier_draw
 .text          0x06010d50      0x230 capsule.o
                0x06010e00                capsule_run
                0x06010d70                capsule_add
                0x06010f20                capsule_draw
                0x06010db0                capsule_remove
                0x06010d50                capsule_init
 .text          0x06010f80      0x260 cutscene.o
                0x06010f80                cutscene_run
 .text          0x060111e0      0x120 cd.o
                0x06011280                cd_load_nosize
                0x060111e0                cd_init
                0x06011210                cd_load
 .text          0x06011300      0x140 crc.o
                0x06011400                crc_update
 .text          0x06011440      0x1c0 devcart.o
                0x060115c0                devcart_reset
                0x060114b0                devcart_loadfile
                0x060115b0                devcart_printstr
 .text          0x06011600     0x1830 game.o
                0x06011700                game_incpowerup
                0x06011870                game_run
                0x060117e0                game_loss
                0x06011730                game_powerupreset
 .text          0x06012e30      0xe60 intro.o
                0x06012e30                intro_run
 .text          0x06013c90      0x180 laser.o
                0x06013cb0                laser_add
                0x06013cf0                laser_remove
                0x06013da0                laser_draw
                0x06013c90                laser_init
                0x06013d30                laser_move
 .text          0x06013e10      0x710 level.o
                0x06014110                level_disp
                0x06013e10                level_load
 .text          0x06014520      0x390 logo.o
                0x06014580                logo_run
                0x06014520                logo_loadframe
 .text          0x060148b0      0xc20 menu.o
                0x06014be0                menu_run
                0x06014a90                sqrt32
 .text          0x060154d0      0x8c0 pcmsys.o
                0x06015b90                load_8bit_pcm
                0x060158f0                smpc_issue_command
                0x06015990                load_drv
                0x06015d20                pcm_parameter_change
                0x060158d0                smpc_wait_till_ready
                0x06015910                load_driver_binary
                0x06015ce0                pcm_play
                0x06015d50                pcm_cease
                0x060159e0                calculate_bytes_per_blank
                0x06015a30                load_16bit_pcm
 .text          0x06015d90      0x230 print.o
                0x06015f20                print_display
                0x06015e70                print_num
                0x06015d90                print_load
                0x06015e40                print_init
                0x06015ec0                print_string
 .text          0x06015fc0      0x690 scroll.o
                0x06015fc0                scroll_lores
                0x06016400                scroll_move
                0x06016450                scroll_clearmaps
                0x060163b0                scroll_set
                0x060164a0                scroll_charsize
                0x060164f0                scroll_mapsize
                0x06016030                scroll_hires
                0x06016540                scroll_bitmapon
                0x060165c0                scroll_bitmapoff
                0x06016180                scroll_init
                0x060160a0                scroll_scale
 .text          0x06016650      0x270 soon.o
                0x06016740                soon_clearcol
                0x06016710                soon_loadcol
                0x06016650                soon_init
                0x06016770                soon_run
 .text          0x060168c0      0x1a0 sound.o
                0x06016a40                sound_play
                0x060168f0                sound_init
                0x060169e0                sound_cdda
 .text          0x06016a60      0x5f0 sprite.o
                0x06016a90                sprite_init
                0x06016e80                sprite_make
                0x06016fc0                sprite_next
                0x06016b40                sprite_erase
                0x06017020                sprite_delete
                0x06016ed0                sprite_draw_all
                0x06016a60                sprite_deleteall
                0x06016ba0                sprite_startdraw
                0x06016c20                sprite_draw
 .text          0x06017050      0x270 main.o
                0x06017050                main
 .text          0x060172c0       0x40 c:/saturn/sbl6/segalib/lib/sega_int.a(int.o)
                0x060172ec                INT_GetScuFunc
                0x060172c0                INT_SetScuFunc
 .text          0x06017300      0x624 c:/saturn/sbl6/segalib/lib/sega_int.a(int_trmp.o)
                0x06017468                __interrupt_handler60
                0x06017618                __interrupt_handler132
                0x060177ce                __interrupt_handler205
                0x06017636                __interrupt_handler137
                0x06017564                __interrupt_handler102
                0x060173a2                __interrupt_handler27
                0x060177a4                __interrupt_handler198
                0x06017696                __interrupt_handler153
                0x0601737e                __interrupt_handler21
                0x0601748c                __interrupt_handler66
                0x0601757c                __interrupt_handler106
                0x060176c6                __interrupt_handler161
                0x06017510                __interrupt_handler88
                0x060176de                __interrupt_handler165
                0x060175ee                __interrupt_handler125
                0x06017324                __interrupt_handler6
                0x060173c0                __interrupt_handler32
                0x0601777a                __interrupt_handler191
                0x06017894                __interrupt_handler238
                0x060178ac                __interrupt_handler242
                0x060176b4                __interrupt_handler158
                0x0601751c                __interrupt_handler90
                0x060176d8                __interrupt_handler164
                0x060173fc                __interrupt_handler42
                0x0601773e                __interrupt_handler181
                0x06017846                __interrupt_handler225
                0x060178ee                __interrupt_handler253
                0x06017702                __interrupt_handler171
                0x060174bc                __interrupt_handler74
                0x06017312                __interrupt_handler3
                0x06017456                __interrupt_handler57
                0x06017354                __interrupt_handler14
                0x060177ec                __interrupt_handler210
                0x0601781c                __interrupt_handler218
                0x060177e0                __interrupt_handler208
                0x060173e4                __interrupt_handler38
                0x06017300                __interrupt_handler0
                0x06017570                __interrupt_handler104
                0x060176ae                __interrupt_handler157
                0x060177fe                __interrupt_handler213
                0x060176f0                __interrupt_handler168
                0x060174fe                __interrupt_handler85
                0x0601759a                __interrupt_handler111
                0x060175ac                __interrupt_handler114
                0x0601741a                __interrupt_handler47
                0x06017870                __interrupt_handler232
                0x0601783a                __interrupt_handler223
                0x0601788e                __interrupt_handler237
                0x0601747a                __interrupt_handler63
                0x06017408                __interrupt_handler44
                0x0601771a                __interrupt_handler175
                0x06017744                __interrupt_handler182
                0x0601775c                __interrupt_handler186
                0x0601765a                __interrupt_handler143
                0x06017582                __interrupt_handler107
                0x060175e8                __interrupt_handler124
                0x06017708                __interrupt_handler172
                0x060178be                __interrupt_handler245
                0x0601753a                __interrupt_handler95
                0x06017612                __interrupt_handler131
                0x06017624                __interrupt_handler134
                0x06017642                __interrupt_handler139
                0x060174b0                __interrupt_handler72
                0x0601786a                __interrupt_handler231
                0x060176c0                __interrupt_handler160
                0x06017606                __interrupt_handler129
                0x06017378                __interrupt_handler20
                0x06017486                __interrupt_handler65
                0x06017450                __interrupt_handler56
                0x0601734e                __interrupt_handler13
                0x060177e6                __interrupt_handler209
                0x060175a0                __interrupt_handler112
                0x06017372                __interrupt_handler19
                0x0601752e                __interrupt_handler93
                0x06017798                __interrupt_handler196
                0x0601768a                __interrupt_handler151
                0x060176ea                __interrupt_handler167
                0x06017900                __trampoline
                0x06017366                __interrupt_handler17
                0x06017858                __interrupt_handler228
                0x060178fa                __interrupt_handler255
                0x060178b8                __interrupt_handler244
                0x06017552                __interrupt_handler99
                0x0601774a                __interrupt_handler183
                0x06017648                __interrupt_handler140
                0x0601776e                __interrupt_handler189
                0x0601766c                __interrupt_handler146
                0x06017834                __interrupt_handler222
                0x060176a8                __interrupt_handler156
                0x060175dc                __interrupt_handler122
                0x060178d0                __interrupt_handler248
                0x06017420                __interrupt_handler48
                0x0601749e                __interrupt_handler69
                0x06017390                __interrupt_handler24
                0x06017516                __interrupt_handler89
                0x0601780a                __interrupt_handler215
                0x060178f4                __interrupt_handler254
                0x0601750a                __interrupt_handler87
                0x0601746e                __interrupt_handler61
                0x06017792                __interrupt_handler195
                0x06017684                __interrupt_handler150
                0x060173f6                __interrupt_handler41
                0x06017594                __interrupt_handler110
                0x060175fa                __interrupt_handler127
                0x06017588                __interrupt_handler108
                0x060175a6                __interrupt_handler113
                0x060175b8                __interrupt_handler116
                0x060175d6                __interrupt_handler121
                0x060174ce                __interrupt_handler77
                0x060173ea                __interrupt_handler39
                0x06017402                __interrupt_handler43
                0x060178d6                __interrupt_handler249
                0x06017714                __interrupt_handler174
                0x06017630                __interrupt_handler136
                0x06017768                __interrupt_handler188
                0x06017666                __interrupt_handler145
                0x06017336                __interrupt_handler9
                0x060174da                __interrupt_handler79
                0x06017852                __interrupt_handler227
                0x060173cc                __interrupt_handler34
                0x0601760c                __interrupt_handler130
                0x060178ca                __interrupt_handler247
                0x060174c2                __interrupt_handler75
                0x0601770e                __interrupt_handler173
                0x0601743e                __interrupt_handler53
                0x0601767e                __interrupt_handler149
                0x060178e2                __interrupt_handler251
                0x06017876                __interrupt_handler233
                0x0601733c                __interrupt_handler10
                0x060177c8                __interrupt_handler204
                0x060174ec                __interrupt_handler82
                0x060174f2                __interrupt_handler83
                0x06017396                __interrupt_handler25
                0x060178b2                __interrupt_handler243
                0x060176cc                __interrupt_handler162
                0x06017414                __interrupt_handler46
                0x0601772c                __interrupt_handler178
                0x060174e0                __interrupt_handler80
                0x06017474                __interrupt_handler62
                0x0601730c                __interrupt_handler2
                0x060173ae                __interrupt_handler29
                0x060174a4                __interrupt_handler70
                0x0601758e                __interrupt_handler109
                0x06017678                __interrupt_handler148
                0x06017534                __interrupt_handler94
                0x06017840                __interrupt_handler224
                0x0601756a                __interrupt_handler103
                0x060173d8                __interrupt_handler36
                0x060175f4                __interrupt_handler126
                0x060178c4                __interrupt_handler246
                0x0601744a                __interrupt_handler55
                0x06017348                __interrupt_handler12
                0x06017438                __interrupt_handler52
                0x06017762                __interrupt_handler187
                0x06017660                __interrupt_handler144
                0x060175be                __interrupt_handler117
                0x0601736c                __interrupt_handler18
                0x0601779e                __interrupt_handler197
                0x06017690                __interrupt_handler152
                0x060175c4                __interrupt_handler118
                0x060176fc                __interrupt_handler170
                0x060177b6                __interrupt_handler201
                0x06017546                __interrupt_handler97
                0x060176d2                __interrupt_handler163
                0x06017738                __interrupt_handler180
                0x06017780                __interrupt_handler192
                0x060178a0                __interrupt_handler240
                0x060175e2                __interrupt_handler123
                0x06017804                __interrupt_handler214
                0x060173ba                __interrupt_handler31
                0x060173a8                __interrupt_handler28
                0x06017492                __interrupt_handler67
                0x06017498                __interrupt_handler68
                0x06017384                __interrupt_handler22
                0x0601738a                __interrupt_handler23
                0x06017720                __interrupt_handler176
                0x0601732a                __interrupt_handler7
                0x0601782e                __interrupt_handler221
                0x06017816                __interrupt_handler217
                0x0601785e                __interrupt_handler229
                0x06017426                __interrupt_handler49
                0x06017318                __interrupt_handler4
                0x060173f0                __interrupt_handler40
                0x060175b2                __interrupt_handler115
                0x06017882                __interrupt_handler235
                0x06017522                __interrupt_handler91
                0x060177d4                __interrupt_handler206
                0x06017726                __interrupt_handler177
                0x06017672                __interrupt_handler147
                0x060173de                __interrupt_handler37
                0x060178dc                __interrupt_handler250
                0x06017306                __interrupt_handler1
                0x06017822                __interrupt_handler219
                0x060174c8                __interrupt_handler76
                0x06017558                __interrupt_handler100
                0x0601745c                __interrupt_handler58
                0x0601735a                __interrupt_handler15
                0x060177f8                __interrupt_handler212
                0x060178a6                __interrupt_handler241
                0x060177bc                __interrupt_handler202
                0x06017786                __interrupt_handler193
                0x060174d4                __interrupt_handler78
                0x0601742c                __interrupt_handler50
                0x060173c6                __interrupt_handler33
                0x060176e4                __interrupt_handler166
                0x0601763c                __interrupt_handler138
                0x0601762a                __interrupt_handler135
                0x060173b4                __interrupt_handler30
                0x06017750                __interrupt_handler184
                0x0601764e                __interrupt_handler141
                0x06017864                __interrupt_handler230
                0x06017888                __interrupt_handler236
                0x060175ca                __interrupt_handler119
                0x06017504                __interrupt_handler86
                0x06017576                __interrupt_handler105
                0x060174e6                __interrupt_handler81
                0x060175d0                __interrupt_handler120
                0x06017600                __interrupt_handler128
                0x06017444                __interrupt_handler54
                0x06017342                __interrupt_handler11
                0x060177aa                __interrupt_handler199
                0x0601769c                __interrupt_handler154
                0x0601740e                __interrupt_handler45
                0x06017810                __interrupt_handler216
                0x060177c2                __interrupt_handler203
                0x0601755e                __interrupt_handler101
                0x060174f8                __interrupt_handler84
                0x06017756                __interrupt_handler185
                0x06017654                __interrupt_handler142
                0x0601739c                __interrupt_handler26
                0x06017480                __interrupt_handler64
                0x060177b0                __interrupt_handler200
                0x060177da                __interrupt_handler207
                0x0601778c                __interrupt_handler194
                0x06017528                __interrupt_handler92
                0x060176a2                __interrupt_handler155
                0x060177f2                __interrupt_handler211
                0x0601761e                __interrupt_handler133
                0x0601731e                __interrupt_handler5
                0x060174b6                __interrupt_handler73
                0x06017360                __interrupt_handler16
                0x0601789a                __interrupt_handler239
                0x0601787c                __interrupt_handler234
                0x060173d2                __interrupt_handler35
                0x06017462                __interrupt_handler59
                0x060176f6                __interrupt_handler169
                0x0601754c                __interrupt_handler98
                0x060174aa                __interrupt_handler71
                0x06017432                __interrupt_handler51
                0x060176ba                __interrupt_handler159
                0x0601784c                __interrupt_handler226
                0x06017540                __interrupt_handler96
                0x06017774                __interrupt_handler190
                0x06017828                __interrupt_handler220
                0x06017330                __interrupt_handler8
                0x06017732                __interrupt_handler179
                0x060178e8                __interrupt_handler252
 *fill*         0x06017924        0xc 00
 .text          0x06017930     0x12a0 c:/saturn/sbl6/segalib/lib/sega_spr.a(spr_2c.o)
                0x06018b90                SlaveFlushDrawPrtyBlock
                0x06017930                SPR_2Initial
                0x06018174                SPR_2SysClip
                0x06018114                SPR_2LocalCoord
                0x06018a0c                SPR_2FlushDrawPrtyBlock
                0x060186f8                SPR_2DistSpr
                0x060180fc                SPR_2FlushDrawPrty
                0x0601881c                SPR_2Cmd
                0x06017df8                SPR_2GourTblNoToVram
                0x06017e58                SPR_2GetAreaSizeInfo
                0x06017bc0                SPR_2SetGourTbl
                0x060183ac                SPR_2Polygon
                0x06017e34                SPR_2CharNoToVram
                0x06017b40                SPR_2SetTvMode
                0x06017f9c                SPR_2CloseCommand
                0x06017b7c                SPR_2FrameEraseData
                0x06017958                SPR_2Initial2
                0x0601858c                SPR_2ScaleSpr
                0x0601821c                SPR_2Line
                0x06017ee8                SPR_2OpenCommand
                0x06017b5c                SPR_2FrameChgIntr
                0x06018468                SPR_2NormSpr
                0x06017bf0                SPR_2SetLookupTbl
                0x06017c24                SPR_2SetChar
                0x06017e1c                SPR_2LookupTblNoToVram
                0x060182f0                SPR_2PolyLine
                0x06017d90                SPR_2ClrAllChar
                0x06017d44                SPR_2ClrChar
                0x060181c0                SPR_2UserClip
 .text          0x06018bd0      0x1e6 c:/saturn/sbl6/segalib/lib/sega_spr.a(spr_slv.o)
                0x06018d34                SPR_WaitEndSlaveSH
                0x06018bd0                SPR_SMPC_SSHON
                0x06018d10                SPR_RunSlaveSH
                0x06018bd4                SPR_InitSlaveSH
                0x06018c9c                SPR_SlaveSHmain
                0x06018bd1                SPR_SMPC_SSHOFF
 *fill*         0x06018db6        0xa 00
 .text          0x06018dc0      0x36a c:/saturn/sbl6/segalib/lib/sega_spr.a(spr_1c.o)
                0x06019074                SPR_WaitDrawEnd
                0x0601908c                SPR_SetEosMode
                0x06018fa4                SPR_SetEraseData
                0x06018dc0                SPR_Initial
                0x06018e98                SPR_SetTvMode
                0x06018f30                SPR_GetStatus
 *fill*         0x0601912a        0x6 00
 .text          0x06019130      0x244 c:/saturn/sbl6/segalib/lib/sega_spr.a(spr_2a.o)
                0x06019142                sprMemCpyW
                0x060191a0                flushDrawPrtyBlock
                0x06019130                sprMemCpyL
                0x06019154                SPR_2SetDrawPrty
 *fill*         0x06019374        0xc 00
 .text          0x06019380      0x2fc c:/saturn/sbl6/segalib/lib/sega_scl.a(scl_vblv.o)
                0x0601943c                SCL_DisplayFrame
                0x06019380                SCL_SetFrameInterval
                0x06019470                SCL_VblInit
                0x060194c0                SCL_VblankStart
                0x06019504                SCL_VblankEnd
 *fill*         0x0601967c        0x4 00
 .text          0x06019680      0x1f4 c:/saturn/sbl6/segalib/lib/sega_scl.a(scl_pr12.o)
                0x06019680                SCL_SetColOffset
 *fill*         0x06019874        0xc 00
 .text          0x06019880       0x9c c:/saturn/sbl6/segalib/lib/sega_scl.a(scl_pr02.o)
                0x06019880                SCL_SetColRam
 *fill*         0x0601991c        0x4 00
 .text          0x06019920      0x180 c:/saturn/sbl6/segalib/lib/sega_scl.a(scl_pr11.o)
                0x06019920                SCL_SetAutoColOffset
 .text          0x06019aa0      0x214 c:/saturn/sbl6/segalib/lib/sega_scl.a(scl_pr07.o)
                0x06019aa0                SCL_SetPriority
 *fill*         0x06019cb4        0xc 00
 .text          0x06019cc0     0x10a4 c:/saturn/sbl6/segalib/lib/sega_scl.a(scl_pri.o)
                0x06019d54                SCL_AbortAutoVe
                0x0601ac04                SCL_SetShadowBit
                0x0601a1cc                SCL_AutoExec
                0x06019cc0                SCL_PriorityInit
                0x0601a6e0                SCL_IncColOffset
                0x06019d68                SCL_SetColMixRate
                0x06019d38                SCL_GetColRamMode
 *fill*         0x0601ad64        0xc 00
 .text          0x0601ad70       0x98 c:/saturn/sbl6/segalib/lib/sega_scl.a(scl_pr10.o)
                0x0601ad70                SCL_SetAutoColMix
 *fill*         0x0601ae08        0x8 00
 .text          0x0601ae10      0x278 c:/saturn/sbl6/segalib/lib/sega_scl.a(scl_fu05.o)
                0x0601aecc                SCL_SetLineParam
                0x0601ae18                SCL_InitLineParamTb
 *fill*         0x0601b088        0x8 00
 .text          0x0601b090      0xb9c c:/saturn/sbl6/segalib/lib/sega_scl.a(scl_func.o)
                0x0601ba6c                SCL_Vdp2_SGLInit
                0x0601b97c                SCL_PriIntProc
                0x0601b8f4                SCL_Memcpyw
                0x0601bc0c                SCL_SglOff
                0x0601bbec                SCL_SglOn
                0x0601b860                SCL_ScrollShow
                0x0601b308                SCL_Close
                0x0601b600                SCL_Scale
                0x0601b090                SCL_Vdp2Init
                0x0601b474                SCL_Move
                0x0601b73c                SCL_CopyReg
                0x0601b2e4                SCL_Open
                0x0601b114                SCL_ParametersInit
                0x0601b324                SCL_MoveTo
                0x0601b91c                SCL_SetColRamMode
 *fill*         0x0601bc2c        0x4 00
 .text          0x0601bc30       0x58 c:/saturn/sbl6/segalib/lib/sega_scl.a(scl_pr01.o)
                0x0601bc30                SCL_SetSpriteMode
 *fill*         0x0601bc88        0x8 00
 .text          0x0601bc90      0x1ec c:/saturn/sbl6/segalib/lib/sega_scl.a(scl_fu01.o)
                0x0601bc90                SCL_SetDisplayMode
 *fill*         0x0601be7c        0x4 00
 .text          0x0601be80       0x28 c:/saturn/sbl6/segalib/lib/sega_scl.a(scl_fu04.o)
                0x0601be80                SCL_SetCycleTable
 *fill*         0x0601bea8        0x8 00
 .text          0x0601beb0      0x138 c:/saturn/sbl6/segalib/lib/sega_scl.a(scl_pr03.o)
                0x0601beb0                SCL_FreeColRam
                0x0601bee8                SCL_AllocColRam
 *fill*         0x0601bfe8        0x8 00
 .text          0x0601bff0       0x84 c:/saturn/sbl6/segalib/lib/sega_scl.a(scl_back.o)
                0x0601bff0                SCL_SetBack
 *fill*         0x0601c074        0xc 00
 .text          0x0601c080      0x94c c:/saturn/sbl6/segalib/lib/sega_scl.a(scl_fu03.o)
                0x0601c0dc                SCL_SetConfig
                0x0601c080                SCL_InitConfigTb
 *fill*         0x0601c9cc        0x4 00
 .text          0x0601c9d0      0x4f4 c:/saturn/sbl6/segalib/lib/sega_scl.a(scl_fu02.o)
                0x0601ca08                SCL_SetVramConfig
                0x0601c9d0                SCL_InitVramConfigTb
 *fill*         0x0601cec4        0xc 00
 .text          0x0601ced0       0x40 c:/saturn/sbl6/segalib/lib/sega_scl.a(scl_pr09.o)
                0x0601ced0                SCL_SetColMixMode
 .text          0x0601cf10       0xac c:/saturn/sbl6/segalib/lib/sega_scl.a(scl_pr05.o)
                0x0601cf10                SCL_GetColRamOffset
 *fill*         0x0601cfbc        0x4 00
 .text          0x0601cfc0     0x1394 c:/saturn/sbl6/segalib/lib/sega_scl.a(scl_ro00.o)
                0x0601e1ac                SCL_RotateZD
                0x0601d474                SCL_Rotate
                0x0601d148                SCL_InitRotateTable
 *fill*         0x0601e354        0xc 00
 .text          0x0601e360      0x1b4 c:/saturn/sbl6/segalib/lib/sega_scl.a(scl_pr06.o)
                0x0601e360                SCL_SetColRamOffset
 *fill*         0x0601e514        0xc 00
 .text          0x0601e520      0x600 c:/saturn/sbl6/segalib/lib/sega_mth.a(mth_tri.o)
                0x0601e5bc                fcos
                0x0601e5c2                fsin
                0x0601e56c                MTH_Cos
                0x0601e520                MTH_Sin
                0x0601e760                MTH_Atan
 .text          0x0601eb20       0xa4 c:/saturn/sbl6/segalib/lib/sega_mth.a(mth_fixd.o)
                0x0601eb70                MTH_FixedToInt
                0x0601eb60                MTH_IntToFixed
                0x0601eb20                MTH_Mul
                0x0601eb80                MTH_Product
                0x0601eb40                MTH_Div
 *fill*         0x0601ebc4        0xc 00
 .text          0x0601ebd0       0x30 c:/saturn/sbl6/segalib/lib/sega_mth.a(mth_rand.o)
                0x0601ebe0                MTH_GetRand
                0x0601ebd0                MTH_InitialRand
 .text          0x0601ec00      0x130 c:/saturn/sbl6/segalib/lib/sega_cdc.a(cdc_drv.o)
                0x0601ec00                CDC_CdPlay
                0x0601eccc                CDC_CdSeek
                0x0601ed00                CDC_CdScan
 .text          0x0601ed30      0x3a0 c:/saturn/sbl6/segalib/lib/sega_cdc.a(cdc_cmn.o)
                0x0601eed4                CDC_TgetToc
                0x0601f078                CDC_DataEnd
                0x0601ed98                CDC_GetPeriStat
                0x0601f00c                CDC_DataReady
                0x0601efe4                CDC_CdOpen
                0x0601ef60                CDC_CdInit
                0x0601ef24                CDC_GetSes
                0x0601ed80                CDC_GetLastStat
                0x0601ed30                CDC_GetCurStat
                0x0601ee6c                CDC_GetHwInfo
 .text          0x0601f0d0      0x152 c:/saturn/sbl6/segalib/lib/sega_cdc.a(cdc_sub.o)
                0x0601f178                CDSUB_GetCdstat
                0x0601f0e8                CDSUB_UpdCdstat
                0x0601f1b8                CDSUB_RspToCdstat
                0x0601f200                CDSUB_SoftTimer
                0x0601f0d0                CDSUB_UpdStatus
                0x0601f108                CDSUB_CdCmd
 *fill*         0x0601f222        0xe 00
 .text          0x0601f230      0x2dc c:/saturn/sbl6/segalib/lib/sega_cdc.a(cdc_reg.o)
                0x0601f284                CDREG_ClrHirqReq
                0x0601f254                CDC_ClrHirqReq
                0x0601f304                CDREG_TgetData
                0x0601f2f4                CDC_GetMpegPtr
                0x0601f2d0                CDC_GetHirqMsk
                0x0601f230                CDC_GetDataPtr
                0x0601f240                CDC_GetHirqReq
                0x0601f460                CDREG_WaitHirq
                0x0601f2e4                CDC_SetHirqMsk
                0x0601f360                CDREG_CmdRsp
                0x0601f294                CDREG_InitHirqReq
                0x0601f2bc                CDREG_SetHirqFlag
                0x0601f4d0                CDREG_ReadRsp
 *fill*         0x0601f50c        0x4 00
 .text          0x0601f510      0xf50 c:/saturn/sbl6/segalib/lib/sega_per.a(per_prt.o)
                0x0601f930                PER_IntFunc
                0x0601f728                PER_LGetPer
                0x0601f510                PER_LInit
 .text          0x06020460     0x1b04 c:/saturn/sbl6/segalib/lib/sega_sat.a(gfs.o)
                0x06020460                gfs_version
                0x060216d4                gfs_mngGetNumFile
                0x06021e54                gfs_closeSub
                0x060211f0                GFS_SetGmode
                0x060214ac                GFS_SetErrFunc
                0x060215fc                gfs_mngSetupFuncTbl
                0x060207b8                GFS_Reset
                0x06021524                gfs_chgRoot
                0x060215f0                gfs_aborttrans
                0x060218d4                gfs_svrAddHndl
                0x06021784                gfs_mngFreeGrp
                0x060214fc                GFS_ConvTno
                0x06021a88                gfs_getRootDir
                0x060214d8                GFS_GetErrStat
                0x06020928                GFS_Seek
                0x06020f94                GFS_NwStop
                0x06021790                gfs_mngTermAccess
                0x0602083c                GFS_Open
                0x0602173c                GFS_mngAllocGrp
                0x06021e9c                gfs_isTaskDone
                0x06020c94                GFS_Fread
                0x060213f4                GFS_StartTrans
                0x06021df0                gfs_GetFinfo
                0x06021630                gfs_mngInitWork
                0x06020a80                GFS_ByteToSct
                0x06021894                gfs_svrSearchHndl
                0x06021b84                gfs_loadRootDir
                0x060206dc                GFS_IdToName
                0x06020dd8                GFS_NwFread
                0x06021324                GFS_SetTransPara
                0x06020ee4                GFS_NwCdRead
                0x060219c4                gfs_loadVol
                0x060212c0                GFS_SetReadPara
                0x060209dc                GFS_Tell
                0x06021254                GFS_SetTmode
                0x06021d58                GFS_GetFad
                0x06021390                GFS_SetTrFunc
                0x06021440                GFS_CdMovePickup
                0x06020678                GFS_NameToId
                0x060210ac                GFS_NwExecOne
                0x06021c0c                gfs_flowIn
                0x06020b34                GFS_GetFileInfo
                0x06021cb4                gfs_transData
                0x06021910                gfs_svrRemoveHndl
                0x06020f5c                GFS_NwIsComplete
                0x06021e90                gfs_getGmode
                0x06021000                GFS_NwGetStat
                0x0602196c                GFS_OpenSub
                0x06020610                GFS_SetDir
                0x06020adc                GFS_GetFileSize
                0x06020ba8                GFS_GetNumCdbuf
                0x06021ef0                gfs_convFinStat
                0x06020bd0                GFS_Load
                0x06020d30                gfs_waitRead
                0x06020568                GFS_LoadDir
                0x06020748                GFS_GetDirInfo
                0x060208f0                GFS_Close
                0x06020480                GFS_Init
                0x0602107c                gfs_recovRdErr
                0x06021814                gfs_mngSetErrCode
                0x0602116c                GFS_NwExecServer
                0x06020a2c                GFS_IsEof
                0x06021db0                gfs_SetSct
 *fill*         0x06021f64        0xc 00
 .text          0x06021f70       0x90 c:/saturn/sbl6/segalib/lib/sega_sat.a(DMA_CPU1.o)
                0x06021f70                DMA_CpuMemCopy1
 .text          0x06022000       0x94 c:/saturn/sbl6/segalib/lib/sega_sat.a(DMA_CPU2.o)
                0x06022000                DMA_CpuMemCopy2
 *fill*         0x06022094        0xc 00
 .text          0x060220a0      0x1f4 c:/saturn/sbl6/segalib/lib/sega_sat.a(DMA_SCU1.o)
                0x060221fc                DMA_ScuResult
                0x060220a0                DMA_ScuInit
                0x060220f0                DMA_ScuMemCopy
 *fill*         0x06022294        0xc 00
 .text          0x060222a0      0x8d4 c:/saturn/sbl6/segalib/lib/sega_sat.a(gfs_cdf.o)
                0x06022794                GFCF_Seek
                0x0602289c                GFCF_GetStat
                0x0602277c                GFCF_Tell
                0x06022340                GFCF_Setup
                0x06022848                GFCF_cnvIntlvOfs
                0x060222a0                GFCF_Init
                0x06022734                GFCF_Recover
                0x06022488                GFCF_SetSct
                0x060227ac                GFCF_MovePickup
                0x06022970                gfcf_isCdOk
                0x06022540                GFCF_FlowInBuf
                0x060224cc                GFCF_GetFileInfo
                0x06022694                GFCF_StopInBuf
                0x06022934                gfcf_getSctSize
                0x06022a30                gfcf_getPlayRange
 *fill*         0x06022b74        0xc 00
 .text          0x06022b80      0x928 c:/saturn/sbl6/segalib/lib/sega_sat.a(gfs_dir.o)
                0x06023070                gfdr_setNextRec
                0x0602346c                gfdr_setDirrecCd
                0x06022e68                gfdr_open
                0x06022c7c                GFDR_GetAtrDirId
                0x06022f50                gfdr_readByte
                0x06022b80                GFDR_SetupDirTbl
                0x06023048                gfdr_readLongNM
                0x060230f4                gfdr_readDirEnt
                0x06022cac                GFDR_ChgRoot
                0x06022bf4                GFDR_NameToId
                0x06022d38                gfdr_setupDirIdTbl
                0x06022c94                GFDR_GetAtrDirName
                0x06022c54                GFDR_GetInfoDirId
                0x06022ffc                gfdr_readLongNB
                0x06022e90                gfdr_read
                0x06022f7c                gfdr_readWord
                0x06022dbc                gfdr_setupDirNameTbl
                0x06022c68                GFDR_GetInfoDirName
                0x06022cc4                GFDR_ChgDir
                0x06022fa8                gfdr_readWordNB
 *fill*         0x060234a8        0x8 00
 .text          0x060234b0      0xa46 c:/saturn/sbl6/segalib/lib/sega_sat.a(gfs_trn.o)
                0x06023590                GFTR_SetTransMax
                0x06023960                gftr_execScu
                0x06023ee4                GFTR_SetTransFunc
                0x06023dac                gftr_remTrn
                0x06023ed0                GFTR_SetData
                0x06023bd0                gftr_execSdma1
                0x06023e20                gftr_copyFrac
                0x06023584                GFTR_GetNumTrans
                0x06023524                GFTR_SetMode
                0x06023ba0                gftr_remDma0
                0x06023e48                GFTR_GetLenData
                0x06023954                gftr_reqScu
                0x06023bb8                gftr_reqDma1
                0x06023870                gftr_getSrcPack
                0x06023ea0                GFTR_RtnDstPk
                0x06023a3c                gfdma_exec
                0x06023cd4                gftr_execTrn
                0x06023768                GFTR_ExecSvr
                0x06023c64                gftr_reqTrn
                0x06023b2c                gfdma_getBytecnt
                0x06023c0c                gftr_reqCpu
                0x06023e6c                GFTR_GetDstPack
                0x06023b64                gftr_reqDma0
                0x060236f0                GFTR_Idle
                0x060235a8                GFTR_Pause
                0x06023578                GFTR_GetTransPara
                0x06023c58                gftr_remCpu
                0x06023544                GFTR_SetTransPara
                0x06023bf4                gftr_remDma1
                0x060235b4                GFTR_Stop
                0x06023b7c                gftr_execSdma0
                0x060234e0                GFTR_Setup
                0x060239fc                gftr_remScu
                0x060238f8                gftr_getDstPack
                0x06023a30                gfdma_canUse
                0x0602366c                GFTR_Exec
                0x06023ebc                GFTR_GetData
                0x0602359c                GFTR_Start
                0x06023538                GFTR_SetUnit
                0x06023c18                gftr_execCpu
                0x06023e54                GFTR_GetLenRoom
 *fill*         0x06023ef6        0xa 00
 .text          0x06023f00      0x106 c:/saturn/sbl6/segalib/lib/sega_sat.a(gfs_buf.o)
                0x06023f58                GFBF_GetNumData
                0x06023fd4                GFBF_RtnPk
                0x06023f88                GFBF_GetSrcPk
                0x06023ffc                gfbf_getSctDt
                0x06023f30                GFBF_GetTranData
                0x06023fb0                GFBF_GetSctData
 *fill*         0x06024006        0xa 00
 .text          0x06024010      0x600 c:/saturn/sbl6/segalib/lib/sega_sat.a(gfs_cdb.o)
                0x060245b8                GFCB_GetPickup
                0x06024130                GFCB_Close
                0x060243fc                GFCB_GetSrcPack
                0x06024584                GFCB_SetCon
                0x06024204                GFCB_GetLenRoom
                0x06024568                GFCB_MovePickup
                0x060244dc                GFCB_GetSctData
                0x06024210                GFCB_SetFilt
                0x06024158                GFCB_GetLenData
                0x060245f8                GFCB_UngetPickup
                0x06024010                GFCB_Setup
                0x060242a0                GFCB_Tell
                0x060245e0                GFCB_IsPuOwner
                0x06024300                GFCB_Seek
                0x06024278                GFCB_DeleteAllData
                0x06024514                GFCB_GetDstPack
                0x060242b0                gfcb_getSctNum
                0x06024520                GFCB_RtnPk
 .text          0x06024610     0x1a04 c:/saturn/sbl6/segalib/lib/sega_sat.a(gfs_cdc.o)
                0x060248ac                GFCD_AllocBuf
                0x06025688                gfcd_doGetLenDataTsk
                0x06025f24                GFCD_SetCsctFunc
                0x06024984                GFCD_GetBaseFad
                0x06024b00                GFCD_GetFilt
                0x06025b14                gfcd_doChgDirTsk
                0x06025e54                gfcd_checkEflag
                0x06024e48                GFCD_MovePickup
                0x06024f2c                GFCD_GetSctInfo
                0x060257dc                gfcd_doReqDataTsk
                0x06024f74                GFCD_ChgDir
                0x06024c68                GFCD_ReqData
                0x06025f40                GFCD_ChkScdqFlag
                0x060253f8                GFCD_WaitServer
                0x06024d0c                GFCD_DelSctData
                0x060251e4                GFCD_ExecServer
                0x060255f8                gfcd_doSetConTsk
                0x06024840                GFCD_AllocFilt
                0x06024a3c                GFCD_SetFilt
                0x06025434                gfcd_doSetFiltTsk
                0x06025f64                GFCD_ClrScdqFlag
                0x0602587c                gfcd_doDelSctDataTsk
                0x06025340                gfcd_doTask
                0x060249b8                GFCD_GetPickup
                0x06024f08                GFCD_CheckMove
                0x06025f80                GFCD_WaitScdqFlag
                0x06024ba0                GFCD_Play
                0x060259b0                gfcd_doMoveSctTsk
                0x06024b48                GFCD_SetCon
                0x06024fe8                GFCD_SetFiltCon
                0x06025fc4                GFCD_WaitPause
                0x060251ac                GFCD_GetBufSiz
                0x060249ec                GFCD_UngetPickup
                0x060250d0                GFCD_GetFileInfo
                0x06024cc4                GFCD_EndData
                0x060248e0                GFCD_FreeBuf
                0x06024c00                GFCD_GetLenData
                0x0602487c                GFCD_FreeFilt
                0x060252b8                gfcd_isIdleTask
                0x0602463c                GFCD_Init
                0x06025d10                gfcd_doSetFiltConTsk
                0x06024d94                GFCD_GetStat
                0x06024e94                GFCD_MoveSctData
                0x06024a18                GFCD_IsPuOwner
                0x06025e78                gfcd_initCdbMng
                0x06024610                GFCD_SetCdbfs
                0x060253e4                GFCD_SetTimer
                0x06025ef8                gfcd_setStat
                0x06024d64                GFCD_CheckDelSctData
 *fill*         0x06026014        0xc 00
 .text          0x06026020      0x1b6 c:/saturn/sbl6/segalib/lib/sega_sat.a(DMA_CPU0.o)
                0x06026068                DMA_CpuSetPrm
                0x0602616c                DMA_CpuStart
                0x060261c4                DMA_CpuGetStatus
                0x06026198                DMA_CpuAllStop
                0x060261ac                DMA_CpuGetComStatus
                0x06026020                DMA_CpuSetComPrm
                0x06026180                DMA_CpuStop
 *fill*         0x060261d6        0xa 00
 .text          0x060261e0       0x50 c:/saturn/sbl6/segalib/lib/sega_sat.a(DMA_CPU5.o)
                0x060261e0                DMA_CpuResult
 .text          0x06026230      0x308 c:/saturn/sbl6/segalib/lib/sega_sat.a(DMA_SCU0.o)
                0x060262b4                DMA_ScuStart
                0x060263e8                DMA_ScuIntFunc0
                0x06026458                DMA_ScuIntFunc1
                0x060264c8                DMA_ScuIntFunc2
                0x060263a8                DMA_ScuGetStatus
                0x06026230                DMA_ScuSetPrm
 *fill*         0x06026538        0x8 00
 .text          0x06026540       0xe8 c:/saturn/sbl6/segalib/lib/sega_sat.a(csh_main.o)
                0x06026540                CSH_Init
                0x060265a8                CSH_AllClr
                0x060265f4                CSH_Purge
 *fill*         0x06026628        0x8 00
 .text          0x06026630      0x194 c:/saturn/sbl6/segalib/lib/sega_sat.a(cdc_cfs.o)
                0x06026630                CDC_ChgDir
                0x06026664                CDC_ReadDir
                0x06026788                CDC_AbortFile
                0x06026698                CDC_GetFileScope
                0x060266f8                CDC_TgetFileInfo
                0x06026754                CDC_ReadFile
 *fill*         0x060267c4        0xc 00
 .text          0x060267d0      0x1e4 c:/saturn/sbl6/segalib/lib/sega_sat.a(cdc_bio.o)
                0x0602687c                CDC_GetdelSctData
                0x06026804                CDC_GetSctData
                0x060268b8                CDC_PutSctData
                0x06026934                CDC_MoveSctData
                0x06026978                CDC_GetCopyErr
                0x06026840                CDC_DelSctData
                0x060267d0                CDC_SetSctLen
                0x060268f0                CDC_CopySctData
 *fill*         0x060269b4        0xc 00
 .text          0x060269c0      0x2b8 c:/saturn/sbl6/segalib/lib/sega_sat.a(cdc_sel.o)
                0x06026bf0                CDC_GetFiltCon
                0x06026b6c                CDC_GetFiltMode
                0x06026c44                CDC_ResetSelector
                0x060269c0                CDC_SetFiltRange
                0x06026a4c                CDC_SetFiltSubh
                0x06026abc                CDC_GetFiltSubh
                0x060269f4                CDC_GetFiltRange
                0x06026b38                CDC_SetFiltMode
                0x06026bb0                CDC_SetFiltCon
 *fill*         0x06026c78        0x8 00
 .text          0x06026c80      0x270 c:/saturn/sbl6/segalib/lib/sega_sat.a(cdc_bif.o)
                0x06026cdc                CDC_GetSctNum
                0x06026e5c                CDC_ExeFadSearch
                0x06026ddc                CDC_GetSctInfo
                0x06026d20                CDC_CalActSiz
                0x06026c80                CDC_GetBufSiz
                0x06026d5c                CDC_GetActSiz
                0x06026e94                CDC_GetFadSearch
 .text          0x06026ef0       0xa8 c:/saturn/sbl6/segalib/lib/sega_sat.a(cdc_dev.o)
                0x06026f5c                CDC_CdGetLastBuf
                0x06026ef0                CDC_CdSetCon
                0x06026f20                CDC_CdGetCon
 *fill*         0x06026f98        0x8 00
 .text          0x06026fa0       0x60 c:/saturn/SH_COFF/sh-coff/bin/../lib/gcc/sh-coff/3.4-GNUSH_v0501\libgcc.a(_ashiftrt.o)
                0x06026fac                __ashiftrt_r4_27
                0x06026fe0                __ashiftrt_r4_6
                0x06026fd0                __ashiftrt_r4_14
                0x06026fc2                __ashiftrt_r4_19
                0x06026fda                __ashiftrt_r4_9
                0x06026fee                __ashiftrt_r4_0
                0x06026fa0                __ashiftrt_r4_31
                0x06026fae                __ashiftrt_r4_26
                0x06026fbc                __ashiftrt_r4_22
                0x06026fc8                __ashiftrt_r4_16
                0x06026fd4                __ashiftrt_r4_12
                0x06026fa8                __ashiftrt_r4_29
                0x06026fc6                __ashiftrt_r4_17
                0x06026fa6                __ashiftrt_r4_30
                0x06026fe2                __ashiftrt_r4_5
                0x06026fdc                __ashiftrt_r4_8
                0x06026fa0                __ashiftrt_r4_32
                0x06026fb0                __ashiftrt_r4_25
                0x06026fe8                __ashiftrt_r4_2
                0x06026fb2                __ashiftrt_r4_24
                0x06026fce                __ashiftrt_r4_15
                0x06026fd8                __ashiftrt_r4_10
                0x06026fea                __ashiftrt_r4_1
                0x06026faa                __ashiftrt_r4_28
                0x06026fc0                __ashiftrt_r4_20
                0x06026fde                __ashiftrt_r4_7
                0x06026fd2                __ashiftrt_r4_13
                0x06026fd6                __ashiftrt_r4_11
                0x06026fe4                __ashiftrt_r4_4
                0x06026fba                __ashiftrt_r4_23
                0x06026fc4                __ashiftrt_r4_18
                0x06026fbe                __ashiftrt_r4_21
                0x06026fe6                __ashiftrt_r4_3
 .text          0x06027000       0xb0 c:/saturn/SH_COFF/sh-coff/bin/../lib/gcc/sh-coff/3.4-GNUSH_v0501\libgcc.a(_si_to_df.o)
                0x06027000                __floatsidf
 .text          0x060270b0      0x2e0 c:/saturn/SH_COFF/sh-coff/bin/../lib/gcc/sh-coff/3.4-GNUSH_v0501\libgcc.a(_mul_df.o)
                0x060270c0                __muldf3
 .text          0x06027390       0x80 c:/saturn/SH_COFF/sh-coff/bin/../lib/gcc/sh-coff/3.4-GNUSH_v0501\libgcc.a(_df_to_si.o)
                0x06027390                __fixdfsi
 .text          0x06027410       0x70 c:/saturn/SH_COFF/sh-coff/bin/../lib/gcc/sh-coff/3.4-GNUSH_v0501\libgcc.a(_udivsi3.o)
                0x06027432                __udivsi3
 .text          0x06027480       0xa0 c:/saturn/SH_COFF/sh-coff/bin/../lib/gcc/sh-coff/3.4-GNUSH_v0501\libgcc.a(_sdivsi3.o)
                0x06027480                __sdivsi3
 .text          0x06027520       0x90 c:/saturn/SH_COFF/sh-coff/bin/../lib/gcc/sh-coff/3.4-GNUSH_v0501\libgcc.a(_ashiftrt_n.o)
                0x06027520                __ashrsi3
 .text          0x060275b0       0x90 c:/saturn/SH_COFF/sh-coff/bin/../lib/gcc/sh-coff/3.4-GNUSH_v0501\libgcc.a(_ashiftlt.o)
                0x060275b0                __ashlsi3
 .text          0x06027640       0xb0 c:/saturn/SH_COFF/sh-coff/bin/../lib/gcc/sh-coff/3.4-GNUSH_v0501\libgcc.a(_movstr.o)
                0x06027680                __movstrSI16
                0x06027654                __movstrSI60
                0x06027660                __movstrSI48
                0x0602765c                __movstrSI52
                0x06027650                __movstrSI64
                0x06027664                __movstrSI44
                0x06027668                __movstrSI40
                0x0602766c                __movstrSI36
                0x060276a0                __movstr
                0x06027658                __movstrSI56
                0x06027674                __movstrSI28
                0x06027670                __movstrSI32
                0x06027684                __movstrSI12
                0x06027688                __movstrSI8
                0x06027690                __movstrSI0
                0x06027678                __movstrSI24
                0x0602767c                __movstrSI20
                0x0602768c                __movstrSI4
 .text          0x060276f0       0xa0 c:/saturn/SH_COFF/sh-coff/bin/../lib/gcc/sh-coff/3.4-GNUSH_v0501\libgcc.a(__main.o)
                0x06027764                __main
                0x060276f0                __do_global_dtors
                0x06027724                __do_global_ctors
 .text          0x06027790      0x220 c:/saturn/SH_COFF/sh-coff/bin/../lib/gcc/sh-coff/3.4-GNUSH_v0501\libgcc.a(_pack_df.o)
                0x060277a0                __pack_d
 .text          0x060279b0      0x120 c:/saturn/SH_COFF/sh-coff/bin/../lib/gcc/sh-coff/3.4-GNUSH_v0501\libgcc.a(_unpack_df.o)
                0x060279c0                __unpack_d
 .text          0x06027ad0       0x20 c:/saturn/SH_COFF/sh-coff/bin/../lib/gcc/sh-coff/3.4-GNUSH_v0501\libgcc.a(_thenan_df.o)
                0x06027ad0                __thenan_df
 .text          0x06027af0       0xd0 c:/saturn/SH_COFF/sh-coff/bin/../lib/gcc/sh-coff/3.4-GNUSH_v0501\libgcc.a(_muldi3.o)
                0x06027af0                __muldi3
 .text          0x06027bc0       0x80 c:/saturn/SH_COFF/sh-coff/bin/../lib/gcc/sh-coff/3.4-GNUSH_v0501\libgcc.a(_lshrdi3.o)
                0x06027bc0                __lshrdi3
 .text          0x06027c40       0x80 c:/saturn/SH_COFF/sh-coff/bin/../lib/gcc/sh-coff/3.4-GNUSH_v0501\libgcc.a(_ashldi3.o)
                0x06027c40                __ashldi3
 .text          0x06027cc0       0x30 c:/saturn/SH_COFF/sh-coff/bin/../lib/gcc/sh-coff/3.4-GNUSH_v0501\libgcc.a(_mulsi3.o)
                0x06027cc0                __mulsi3
 .text          0x06027cf0       0x90 c:/saturn/SH_COFF/sh-coff/bin/../lib/gcc/sh-coff/3.4-GNUSH_v0501\libgcc.a(_lshiftrt.o)
                0x06027cf0                __lshrsi3
 .text          0x06027d80       0x40 c:/saturn/SH_COFF/sh-coff/bin/../lib/gcc/sh-coff/3.4-GNUSH_v0501/../../../../sh-coff/lib\libc.a(memset.o)
                0x06027d80                memset
 .text          0x06027dc0       0x60 c:/saturn/SH_COFF/sh-coff/bin/../lib/gcc/sh-coff/3.4-GNUSH_v0501/../../../../sh-coff/lib\libc.a(memcmp.o)
                0x06027dc0                memcmp
 .text          0x06027e20       0xa0 c:/saturn/SH_COFF/sh-coff/bin/../lib/gcc/sh-coff/3.4-GNUSH_v0501/../../../../sh-coff/lib\libc.a(memcpy.o)
                0x06027e20                memcpy
 .text          0x06027ec0       0xb0 c:/saturn/SH_COFF/sh-coff/bin/../lib/gcc/sh-coff/3.4-GNUSH_v0501/../../../../sh-coff/lib\libc.a(strncmp.o)
                0x06027ec0                strncmp
 .text          0x06027f70       0xa0 c:/saturn/SH_COFF/sh-coff/bin/../lib/gcc/sh-coff/3.4-GNUSH_v0501/../../../../sh-coff/lib\libc.a(strncpy.o)
                0x06027f70                strncpy
 .text          0x06028010       0x90 c:/saturn/SH_COFF/sh-coff/bin/../lib/gcc/sh-coff/3.4-GNUSH_v0501/../../../../sh-coff/lib\libc.a(atexit.o)
                0x06028010                atexit
 .text          0x060280a0       0x10 c:/saturn/SH_COFF/sh-coff/bin/../lib/gcc/sh-coff/3.4-GNUSH_v0501/../../../../sh-coff/lib\libc.a(impure.o)
                0x060280a0                _global_impure_ptr
 .text          0x060280b0       0x40 c:/saturn/SH_COFF/sh-coff/bin/../lib/gcc/sh-coff/3.4-GNUSH_v0501/../../../../sh-coff/lib\libc.a(malloc.o)
                0x060280cc                free
                0x060280b0                malloc
 .text          0x060280f0      0x5b0 c:/saturn/SH_COFF/sh-coff/bin/../lib/gcc/sh-coff/3.4-GNUSH_v0501/../../../../sh-coff/lib\libc.a(mallocr.o)
                0x060280f0                _malloc_r
 .text          0x060286a0      0x340 c:/saturn/SH_COFF/sh-coff/bin/../lib/gcc/sh-coff/3.4-GNUSH_v0501/../../../../sh-coff/lib\libc.a(freer.o)
                0x060286a0                _malloc_trim_r
                0x06028794                _free_r
 .text          0x060289e0       0x20 c:/saturn/SH_COFF/sh-coff/bin/../lib/gcc/sh-coff/3.4-GNUSH_v0501/../../../../sh-coff/lib\libc.a(mlock.o)
                0x060289e0                __malloc_lock
                0x060289ec                __malloc_unlock
 .text          0x06028a00       0x50 c:/saturn/SH_COFF/sh-coff/bin/../lib/gcc/sh-coff/3.4-GNUSH_v0501/../../../../sh-coff/lib\libc.a(sbrkr.o)
                0x06028a00                _sbrk_r
 .text          0x06028a50      0x380 c:/saturn/SH_COFF/sh-coff/bin/../lib/gcc/sh-coff/3.4-GNUSH_v0501/../../../../sh-coff/lib\libc.a(syscalls.o)
                0x06028bbc                _exit
                0x06028bf0                _getpid
                0x06028c58                _utime
                0x06028a88                _write
                0x06028a50                _read
                0x06028ba4                _unlink
                0x06028b6c                _open
                0x06028c08                _stat
                0x06028bb0                isatty
                0x06028c88                _wait
                0x06028bd4                _kill
                0x06028c24                _chmod
                0x06028cb8                _execv
                0x06028c9c                _execve
                0x06028d94                __setup_argv_and_call_main
                0x06028cf0                _gettimeofday
                0x06028abc                _link
                0x06028bfc                _raise
                0x06028b88                _creat
                0x06028cd0                _pipe
                0x06028c3c                _chown
                0x06028a6c                _lseek
                0x06028aa4                _close
                0x06028ce4                _times
                0x06028b58                _fstat
                0x06028c74                _fork
                0x06028ae4                _sbrk
 .text          0x06028dd0       0x20 c:/saturn/SH_COFF/sh-coff/bin/../lib/gcc/sh-coff/3.4-GNUSH_v0501/../../../../sh-coff/lib\libc.a(trap.o)
                0x06028dd0                __trap34
 .text          0x06028df0       0x20 c:/saturn/SH_COFF/sh-coff/bin/../lib/gcc/sh-coff/3.4-GNUSH_v0501/../../../../sh-coff/lib\libc.a(abort.o)
                0x06028df0                abort
 .text          0x06028e10      0x270 c:/saturn/SH_COFF/sh-coff/bin/../lib/gcc/sh-coff/3.4-GNUSH_v0501/../../../../sh-coff/lib\libc.a(signal.o)
                0x06028ed0                _raise_r
                0x06029058                __sigtramp
                0x06029004                raise
                0x06029040                _init_signal
                0x06028f90                __sigtramp_r
                0x06029020                signal
                0x06028e5c                _signal_r
                0x06028e10                _init_signal_r
 .text          0x06029080       0x60 c:/saturn/SH_COFF/sh-coff/bin/../lib/gcc/sh-coff/3.4-GNUSH_v0501/../../../../sh-coff/lib\libc.a(signalr.o)
                0x060290c8                _getpid_r
                0x06029080                _kill_r
 *(.strings)

.tors           0x060290e0        0x0
                0x060290e0                ___ctors = .
 *(.ctors)
                0x060290e0                ___ctors_end = .
                0x060290e0                ___dtors = .
 *(.dtors)
                0x060290e0                ___dtors_end = .

.data           0x060290e0     0x5020
                0x060290e0                STARTOF_R = .
 *(.data)
 .data          0x060290e0      0x400 smpclib/per_x1.o
 .data          0x060294e0       0x60 cutscene.o
                0x060294e0                tomo_text
 .data          0x06029540       0xd0 game.o
                0x06029540                powerup_names
 .data          0x06029610     0x3b00 graphics.o
                0x0602aff0                cyberblock_name
                0x06029706                bit_num
                0x0602c4d6                girl2_num
                0x0602a2d4                soon_name
                0x0602b040                metalorange_name
                0x060298fe                ship_size
                0x0602b04e                metalorange_num
                0x0602a330                chipgame_pal
                0x0602c0ca                girl3_num
                0x06029a34                game_name
                0x0602ab50                menufont_pal
                0x0602975a                capsule_num
                0x0602ab9e                menufont_num
                0x06029854                beffect_size
                0x0602a2de                soon_num
                0x0602c8e2                girl1_num
                0x0602b000                metalorange_pal
                0x0602c8e4                roarframes_pal
                0x0602a320                gamestar_name
                0x060297ac                blocks2_size
                0x06029610                barrier_pal
                0x06029a64                starnear_name
                0x06029a0c                gamefar_height
                0x06029900                ship_num
                0x0602ccf4                roarbg_pal
                0x06029850                beffect_height
                0x0602d0f4                roarbg_name
                0x06029858                explosion_pal
                0x0602a2e0                gamestar_pal
                0x06029a30                gamenear_width
                0x06029898                explosion_name
                0x06029802                blocks1_num
                0x06029756                capsule_width
                0x06029754                capsule_height
                0x06029660                barrier_size
                0x06029956                starspr_num
                0x0602965e                barrier_width
                0x0602c8d8                girl1_name
                0x0602a740                game_tiles_pal
                0x060297ae                blocks2_num
                0x0602b050                title_pal
                0x060297f0                blocks1_name
                0x060299a2                font_height
                0x0602cce4                roarframes_name
                0x0602c0c0                girl3_name
                0x06029a0e                gamefar_width
                0x0602c4d8                girl1_pal
                0x0602ab90                menufont_name
                0x0602a294                soon_pal
                0x0602afae                chipframes_num
                0x060299ac                ball_pal
                0x0602bcc0                girl3_pal
                0x0602a73e                chipgame_num
                0x06029758                capsule_size
                0x06029954                starspr_size
                0x06029e78                cutscfont_name
                0x060297b0                blocks1_pal
                0x06029a20                gamenear_name
                0x060298a8                explosion_width
                0x0602b8b2                girl5_num
                0x060299fc                ball_num
                0x0602b45a                title_num
                0x06029998                font_name
                0x06029852                beffect_width
                0x060296b4                laser_num
                0x06029904                starspr_pal
                0x06029a78                cutscfont_pal
                0x0602d100                roarbg_num
                0x060299f8                ball_width
                0x0602affe                cyberblock_num
                0x0602a288                tomo_name
                0x0602b4a8                girl5_pal
                0x060298fa                ship_height
                0x0602ab4e                game_tiles_num
                0x060299f6                ball_height
                0x06029a2e                gamenear_height
                0x060299a4                font_width
                0x0602b4a6                stars_num
                0x060299fa                ball_size
                0x060296a4                laser_name
                0x06029704                bit_size
                0x060298fc                ship_width
                0x06029662                barrier_num
                0x0602b450                title_name
                0x0602afa0                chipframes_name
                0x06029a44                starfar_name
                0x060297fc                blocks1_height
                0x060296b0                laser_width
                0x0602b49c                stars_name
                0x060296f8                bit_name
                0x0602a32e                gamestar_num
                0x06029a1c                gamemid_height
                0x060298b0                ship_pal
                0x060299ec                ball_name
                0x060299a8                font_num
                0x06029958                font_pal
                0x06029a62                starmid_width
                0x06029a74                starnear_width
                0x06029a10                gamemid_name
                0x0602965c                barrier_height
                0x060296b8                bit_pal
                0x060297aa                blocks2_width
                0x06029800                blocks1_size
                0x06029952                starspr_width
                0x0602aba0                chipframes_pal
                0x06029a3e                game_height
                0x06029a50                starfar_height
                0x060298ac                explosion_num
                0x0602bcbe                girl4_num
                0x06029e88                tomo_pal
                0x06029748                capsule_name
                0x06029a1e                gamemid_width
                0x060297a8                blocks2_height
                0x06029844                beffect_name
                0x060297fe                blocks1_width
                0x060299a6                font_size
                0x0602979c                blocks2_name
                0x06029700                bit_height
                0x060296ae                laser_height
                0x06029944                starspr_name
                0x0602ccf2                roarframes_num
                0x0602afb0                cyberblock_pal
                0x06029a72                starnear_height
                0x06029a54                starmid_name
                0x060298f0                ship_name
                0x0602b8a8                girl5_name
                0x0602b8b4                girl4_pal
                0x0602975c                blocks2_pal
                0x06029702                bit_width
                0x06029a60                starmid_height
                0x0602b45c                stars_pal
                0x06029a00                gamefar_name
                0x06029708                capsule_pal
                0x06029664                laser_pal
                0x0602ab40                game_tiles_name
                0x06029856                beffect_num
                0x06029950                starspr_height
                0x06029804                beffect_pal
                0x0602bcb4                girl4_name
                0x06029a40                game_width
                0x0602c0cc                girl2_pal
                0x060296b2                laser_size
                0x06029650                barrier_name
                0x06029a52                starfar_width
                0x060298aa                explosion_size
                0x060298a6                explosion_height
                0x0602a730                chipgame_name
                0x0602c4cc                girl2_name
 .data          0x0602d110      0x190 intro.o
 .data          0x0602d2a0       0x90 level.o
                0x0602d2a4                level_blocks
                0x0602d2a0                level_lengths
                0x0602d2a8                level0_blocks
 .data          0x0602d330       0x40 logo.o
 .data          0x0602d370       0x80 menu.o
                0x0602d370                cutscene
 .data          0x0602d3f0       0x10 pcmsys.o
                0x0602d3f4                scsp_load
                0x0602d3f8                m68k_com
                0x0602d3f0                master_volume
 .data          0x0602d400       0x50 scroll.o
                0x0602d420                CycleTbLoRes
                0x0602d440                vram
                0x0602d400                CycleTbBitmap
                0x0602d430                char_offsets
                0x0602d410                CycleTbHiRes
 .data          0x0602d450       0x30 sprite.o
 .data          0x0602d480      0x400 c:/saturn/sbl6/segalib/lib/sega_int.a(int.o)
 .data          0x0602d880       0x1c c:/saturn/sbl6/segalib/lib/sega_spr.a(spr_slv.o)
                0x0602d888                SPR_SlaveParam
                0x0602d898                SPR_SMPC_SF
                0x0602d890                SPR_SMPC_COM
                0x0602d88c                SPR_SlaveSHEntry
                0x0602d884                SPR_SlaveState
                0x0602d880                SPR_SlaveCommand
                0x0602d894                SPR_SMPC_RET
 *fill*         0x0602d89c        0x4 00
 .data          0x0602d8a0       0x34 c:/saturn/sbl6/segalib/lib/sega_spr.a(spr_1c.o)
                0x0602d8a0                SpInitialFlag
 *fill*         0x0602d8d4        0xc 00
 .data          0x0602d8e0       0x1c c:/saturn/sbl6/segalib/lib/sega_scl.a(scl_vblv.o)
                0x0602d8e8                VBInterval
                0x0602d8f0                ReqDisplayFlag
                0x0602d8e0                SpFrameChgMode
                0x0602d8ec                VBIntervalCounter
                0x0602d8e4                SpFrameEraseMode
 *fill*         0x0602d8fc        0x4 00
 .data          0x0602d900       0x18 c:/saturn/sbl6/segalib/lib/sega_scl.a(scl_pri.o)
                0x0602d904                SclRealSpPriNum
                0x0602d914                SclRealColOffset
                0x0602d910                SclRealBgColMix
                0x0602d90c                SclRealSpColMix
                0x0602d908                SclRealBgPriNum
                0x0602d900                SclRealOtherPri
 *fill*         0x0602d918        0x8 00
 .data          0x0602d920       0x36 c:/saturn/sbl6/segalib/lib/sega_scl.a(scl_func.o)
                0x0602d930                SclRotregBuff
                0x0602d92c                SclDisplayY
                0x0602d934                SclRotateTableMode
                0x0602d928                SclProcess
                0x0602d924                SclCurSclNum
                0x0602d920                SclLengthLsTbl
                0x0602d92a                SclDisplayX
                0x0602d922                SclLengthCsTbl
 *fill*         0x0602d956        0xa 00
 .data          0x0602d960        0x4 c:/saturn/sbl6/segalib/lib/sega_mth.a(mth_rand.o)
 *fill*         0x0602d964        0xc 00
 .data          0x0602d970      0x380 c:/saturn/SH_COFF/sh-coff/bin/../lib/gcc/sh-coff/3.4-GNUSH_v0501/../../../../sh-coff/lib\libc.a(impure.o)
                0x0602dcec                _impure_ptr
 .data          0x0602dcf0      0x410 c:/saturn/SH_COFF/sh-coff/bin/../lib/gcc/sh-coff/3.4-GNUSH_v0501/../../../../sh-coff/lib\libc.a(mallocr.o)
                0x0602dcf8                __malloc_av_
                0x0602dcf4                __malloc_trim_threshold
                0x0602dcf0                __malloc_sbrk_base
                0x0602e100                SIZEOF_R = (. - STARTOF_R)
                0x0602e100                ENDOF_R = .

.bss            0x0602e100    0x105d4
                0x0602e100                STARTOF_B = .
 *(.bss)
 .bss           0x0602e100       0x10 vblank.o
                0x0602e104                PadData2E
                0x0602e10a                PadData1
                0x0602e106                PadData2
                0x0602e108                PadData1E
                0x0602e100                __port
 .bss           0x0602e110       0xe0 smpclib/per_x2.o
 .bss           0x0602e1f0       0x10 ball.o
 .bss           0x0602e200       0x10 barrier.o
 .bss           0x0602e210       0x10 capsule.o
 .bss           0x0602e220       0x10 cutscene.o
 .bss           0x0602e230       0x50 game.o
                0x0602e244                bit_left
                0x0602e234                illusion_charno
                0x0602e23c                laser_max
                0x0602e240                bit_right
                0x0602e248                bit_ship
                0x0602e24c                turbo
                0x0602e254                score
                0x0602e238                illusion
                0x0602e250                powerup_cursor
                0x0602e230                illusion_cursor
 .bss           0x0602e280     0x1970 intro.o
 .bss           0x0602fbf0       0x10 laser.o
 .bss           0x0602fc00     0x13a0 level.o
 .bss           0x06030fa0       0x10 logo.o
 .bss           0x06030fb0       0x60 menu.o
 .bss           0x06031010       0x10 pcmsys.o
                0x06031010                numberPCMs
 .bss           0x06031020       0x10 scroll.o
                0x06031020                bitmap
                0x06031024                scroll_res
 .bss           0x06031030       0x10 soon.o
                0x06031030                soon_state
 .bss           0x06031040     0x3d00 sprite.o
                0x06031040                num_sprites
 .bss           0x06034d40       0x10 main.o
                0x06034d40                frame
 .bss           0x06034d50       0x6e c:/saturn/sbl6/segalib/lib/sega_spr.a(spr_2c.o)
 *fill*         0x06034dbe        0x2 00
 .bss           0x06034dc0        0x4 c:/saturn/sbl6/segalib/lib/sega_scl.a(scl_vblv.o)
 *fill*         0x06034dc4        0xc 00
 .bss           0x06034dd0     0x1900 c:/saturn/sbl6/segalib/lib/sega_scl.a(scl_fu05.o)
 .bss           0x060366d0        0x4 c:/saturn/sbl6/segalib/lib/sega_scl.a(scl_func.o)
 *fill*         0x060366d4        0xc 00
 .bss           0x060366e0       0x48 c:/saturn/sbl6/segalib/lib/sega_scl.a(scl_ro00.o)
 *fill*         0x06036728        0x8 00
 .bss           0x06036730        0xc c:/saturn/sbl6/segalib/lib/sega_cdc.a(cdc_sub.o)
 *fill*         0x0603673c        0x4 00
 .bss           0x06036740        0x2 c:/saturn/sbl6/segalib/lib/sega_cdc.a(cdc_reg.o)
 *fill*         0x06036742        0xe 00
 .bss           0x06036750       0x9c c:/saturn/sbl6/segalib/lib/sega_per.a(per_prt.o)
 *fill*         0x060367ec        0x4 00
 .bss           0x060367f0        0xc c:/saturn/sbl6/segalib/lib/sega_sat.a(DMA_SCU1.o)
 *fill*         0x060367fc        0x4 00
 .bss           0x06036800        0xc c:/saturn/sbl6/segalib/lib/sega_sat.a(gfs_trn.o)
 *fill*         0x0603680c        0x4 00
 .bss           0x06036810       0x20 c:/saturn/sbl6/segalib/lib/sega_sat.a(DMA_SCU0.o)
 .bss           0x06036830       0x10 c:/saturn/SH_COFF/sh-coff/bin/../lib/gcc/sh-coff/3.4-GNUSH_v0501\libgcc.a(__main.o)
 .bss           0x06036840       0x10 c:/saturn/SH_COFF/sh-coff/bin/../lib/gcc/sh-coff/3.4-GNUSH_v0501/../../../../sh-coff/lib\libc.a(atexit.o)
 .bss           0x06036850       0x40 c:/saturn/SH_COFF/sh-coff/bin/../lib/gcc/sh-coff/3.4-GNUSH_v0501/../../../../sh-coff/lib\libc.a(mallocr.o)
                0x06036880                __malloc_top_pad
                0x06036850                __malloc_current_mallinfo
                0x0603687c                __malloc_max_sbrked_mem
                0x06036878                __malloc_max_total_mem
 .bss           0x06036890       0x10 c:/saturn/SH_COFF/sh-coff/bin/../lib/gcc/sh-coff/3.4-GNUSH_v0501/../../../../sh-coff/lib\libc.a(syscalls.o)
 *(COMMON)
 COMMON         0x060368a0        0x8 vblank.o
                                  0x0 (size before relaxing)
                0x060368a0                PadAnalogR1
                0x060368a1                PadAnalogL1
                0x060368a2                PadAnalogY1
                0x060368a3                PadAnalogX1
                0x060368a4                PadID1
 *fill*         0x060368a8        0x8 00
 COMMON         0x060368b0      0x1e8 ball.o
                                  0x0 (size before relaxing)
                0x060368b0                ball_sprites
                0x06036a90                ball_count
                0x06036a94                ball_mode
 *fill*         0x06036a98        0x8 00
 COMMON         0x06036aa0        0x4 barrier.o
                                  0x0 (size before relaxing)
                0x06036aa0                barrier_life
 *fill*         0x06036aa4        0xc 00
 COMMON         0x06036ab0       0xa0 capsule.o
                                  0x0 (size before relaxing)
                0x06036ab0                capsules
 COMMON         0x06036b50     0x1674 cd.o
                                  0x0 (size before relaxing)
                0x06036b50                dirname
                0x060374b0                lib_work
                0x060381b8                directory_table
 *fill*         0x060381c4        0xc 00
 COMMON         0x060381d0       0xb4 game.o
                                  0x0 (size before relaxing)
                0x060381d0                laser_charno
                0x060381e0                ship_sprite
                0x060381f8                explosion_charno
                0x060381fc                capsule_charno
                0x06038200                bit_charno
                0x06038204                block_charno
                0x06038208                ship_left
                0x0603820c                ship_right
                0x06038210                ball_charno
                0x06038220                illusion_arr
                0x06038280                barrier_charno
 *fill*         0x06038284        0xc 00
 COMMON         0x06038290       0xd0 laser.o
                                  0x0 (size before relaxing)
                0x06038290                laser_count
                0x060382a0                laser_sprites
 COMMON         0x06038360     0x14a0 print.o
                                  0x0 (size before relaxing)
                0x06038360                text
 COMMON         0x06039800      0x230 scroll.o
                                  0x0 (size before relaxing)
                0x06039800                scfg
 COMMON         0x06039a30        0x4 soon.o
                                  0x0 (size before relaxing)
                0x06039a30                soon_scroll
 *fill*         0x06039a34        0xc 00
 COMMON         0x06039a40     0x3180 sprite.o
                                  0x0 (size before relaxing)
                0x06039a40                sprites
                0x0603abc0                sprite_buf
 COMMON         0x0603cbc0       0x8c main.o
                                  0x0 (size before relaxing)
                0x0603cbc0                off_config
 *fill*         0x0603cc4c        0x4 00
 COMMON         0x0603cc50      0x400 c:/saturn/sbl6/segalib/lib/sega_int.a(int.o)
                                  0x0 (size before relaxing)
                0x0603cc50                __interrupt_vector
 COMMON         0x0603d050       0x50 c:/saturn/sbl6/segalib/lib/sega_spr.a(spr_2c.o)
                                  0x0 (size before relaxing)
                0x0603d050                SpMstCmd
                0x0603d054                Sp2OpenFlag
                0x0603d058                SpGourTblMax
                0x0603d05c                SpDrawPrtyBlk
                0x0603d060                SpLCoordX
                0x0603d064                SpMstDrawPrtyBlk
                0x0603d068                SpGourTbl
                0x0603d06c                SpLookupTblR
                0x0603d070                SpCmdTbl
                0x0603d074                SpCharMax
                0x0603d078                SpDrawPrtyProcFlag
                0x0603d07c                SpCmdNo
                0x0603d080                SpDrawPrtyBlkMax
                0x0603d084                SpSlvCmdPos
                0x0603d088                SpSlvDrawPrtyBlk
                0x0603d08c                SpCharTbl
                0x0603d090                SpCmdTblR
                0x0603d094                SpMstCmdPos
                0x0603d098                SpSlvCmd
                0x0603d09c                SpLCoordY
 COMMON         0x0603d0a0       0x10 c:/saturn/sbl6/segalib/lib/sega_spr.a(spr_1c.o)
                                  0x0 (size before relaxing)
                0x0603d0a0                SpScreenY
                0x0603d0a4                SpFbcrMode
                0x0603d0a6                SpDil
                0x0603d0a8                SpDie
                0x0603d0aa                SpTvMode
                0x0603d0ac                SpScreenX
 COMMON         0x0603d0b0      0x6b0 c:/saturn/sbl6/segalib/lib/sega_scl.a(scl_pri.o)
                                  0x0 (size before relaxing)
                0x0603d0b0                SclAutoEndBlue2
                0x0603d0c0                SclColOffset
                0x0603d0d0                SclPriBuffDirty
                0x0603d0d2                SclAutoEndRed
                0x0603d0d4                SclAutoSurface
                0x0603d0d8                SclAutoGreen
                0x0603d0da                SclAutoEndGreen
                0x0603d0dc                SclAutoCount
                0x0603d0e0                SclColRamAlloc256
                0x0603d100                SclAutoCurRate
                0x0603d101                SclAutoPlusFlag
                0x0603d108                SclSpColMix
                0x0603d110                SclAutoMax
                0x0603d114                SclLineColRamOffset
                0x0603d118                SclColRamAlloc2048
                0x0603d11c                SclBgPriNum
                0x0603d122                SclAutoEndBlue
                0x0603d124                SclAutoEndGreen2
                0x0603d126                SclAutoVeFlag
                0x0603d128                SclBgColMix
                0x0603d130                SclAutoIndex
                0x0603d134                SclAutoEndRate
                0x0603d136                SclAutoBlue
                0x0603d138                SclAutoRed
                0x0603d13c                SclAutoInterval
                0x0603d140                SclOtherPri
                0x0603d150                SclAutoRGB
                0x0603d750                SclAutoEndRed2
                0x0603d758                SclSpPriNum
 COMMON         0x0603d760      0xf00 c:/saturn/sbl6/segalib/lib/sega_scl.a(scl_func.o)
                                  0x0 (size before relaxing)
                0x0603d760                SclRbgKtbAddr
                0x0603d768                SclRb
                0x0603d76a                Scl_flag
                0x0603d770                SclK_TableBuff
                0x0603e440                SclAddrCsTbl
                0x0603e450                Scl_s_reg
                0x0603e478                SclRotateXy
                0x0603e480                Scl_d_reg
                0x0603e4c8                SclRotateDisp
                0x0603e4d0                SclRotateMoveZ
                0x0603e4d8                SclRotXySw
                0x0603e4e0                Scl_r_reg
                0x0603e4f0                SclRPMD
                0x0603e4f8                SclRbgKtbOffset
                0x0603e500                _SclRotregBuff
                0x0603e5d0                SclRa
                0x0603e5d8                SclRotateZ
                0x0603e5e0                SclAddrLsTbl
                0x0603e5e8                SclK_TableNum
                0x0603e5f0                SclRotateTableAddress
                0x0603e5f4                SclK_TableFlag
                0x0603e600                Scl_w_reg
                0x0603e620                Scl_n_reg
 COMMON         0x0603e660       0x10 c:/saturn/sbl6/segalib/lib/sega_scl.a(scl_ro00.o)
                                  0x0 (size before relaxing)
                0x0603e660                SclCsx
                0x0603e668                SclCsy
 COMMON         0x0603e670       0x15 c:/saturn/sbl6/segalib/lib/sega_per.a(per_prt.o)
                                  0x0 (size before relaxing)
                0x0603e670                per_get_time_flg
                0x0603e671                per_hot_res
                0x0603e672                per_set_sys_flg
                0x0603e674                per_get_time_adr
                0x0603e678                per_get_sys_data
                0x0603e684                per_time_out_flg
 *fill*         0x0603e685        0xb 00
 COMMON         0x0603e690        0xc c:/saturn/sbl6/segalib/lib/sega_sat.a(gfs.o)
                                  0x0 (size before relaxing)
                0x0603e690                GFMC_base
                0x0603e694                gfs_mng_ptr
                0x0603e698                gfs_use_scudma
 *fill*         0x0603e69c        0x4 00
 COMMON         0x0603e6a0        0x8 c:/saturn/sbl6/segalib/lib/sega_sat.a(gfs_cdf.o)
                                  0x0 (size before relaxing)
                0x0603e6a0                gfcf_fad
                0x0603e6a4                gfcf_stat
 *fill*         0x0603e6a8        0x8 00
 COMMON         0x0603e6b0        0xc c:/saturn/sbl6/segalib/lib/sega_sat.a(gfs_cdc.o)
                                  0x0 (size before relaxing)
                0x0603e6b0                gfcd_fatal_err
                0x0603e6b4                gfcd_work
                0x0603e6b8                gfcd_playflag
 *fill*         0x0603e6bc        0x4 00
 COMMON         0x0603e6c0        0x8 c:/saturn/sbl6/segalib/lib/sega_sat.a(DMA_CPU5.o)
                                  0x0 (size before relaxing)
                0x0603e6c0                dma_cpu_cnt
                0x0603e6c4                dma_cpu_dis_adr
 *fill*         0x0603e6c8        0x8 00
 COMMON         0x0603e6d0        0x4 c:/saturn/SH_COFF/sh-coff/bin/../lib/gcc/sh-coff/3.4-GNUSH_v0501/../../../../sh-coff/lib\libc.a(syscalls.o)
                                  0x0 (size before relaxing)
                0x0603e6d0                errno
                0x0603e6d4                SIZEOF_B = (. - STARTOF_B)
                0x0603e6d4                ENDOF_B = .
                0x0603e6d4                _end = .
OUTPUT(main.cof coff-sh)

.comment        0x0603e6e0      0x640
 .comment       0x0603e6e0       0x20 c:/saturn/sbl6/segasmp/lib/strt2_g.o
 .comment       0x0603e700       0x20 vblank.o
 .comment       0x0603e720       0x20 smpclib/per_x1.o
 .comment       0x0603e740       0x20 smpclib/per_x2.o
 .comment       0x0603e760       0x20 spritecode/explosion.o
 .comment       0x0603e780       0x20 ball.o
 .comment       0x0603e7a0       0x20 barrier.o
 .comment       0x0603e7c0       0x20 capsule.o
 .comment       0x0603e7e0       0x20 cutscene.o
 .comment       0x0603e800       0x20 cd.o
 .comment       0x0603e820       0x20 crc.o
 .comment       0x0603e840       0x20 devcart.o
 .comment       0x0603e860       0x20 game.o
 .comment       0x0603e880       0x20 graphics.o
 .comment       0x0603e8a0       0x20 intro.o
 .comment       0x0603e8c0       0x20 laser.o
 .comment       0x0603e8e0       0x20 level.o
 .comment       0x0603e900       0x20 logo.o
 .comment       0x0603e920       0x20 menu.o
 .comment       0x0603e940       0x20 pcmsys.o
 .comment       0x0603e960       0x20 print.o
 .comment       0x0603e980       0x20 scroll.o
 .comment       0x0603e9a0       0x20 soon.o
 .comment       0x0603e9c0       0x20 sound.o
 .comment       0x0603e9e0       0x20 sprite.o
 .comment       0x0603ea00       0x20 main.o