Archive member included because of file (symbol)

../sbl6/segalib/lib/sega_int.a(int.o)
                              vblank.o (INT_SetScuFunc)
../sbl6/segalib/lib/sega_int.a(int_trmp.o)
                              ../sbl6/segalib/lib/sega_int.a(int.o) (__interrupt_handler0)
../sbl6/segalib/lib/sega_spr.a(spr_2c.o)
                              sprite.o (SPR_2Initial)
../sbl6/segalib/lib/sega_spr.a(spr_slv.o)
                              ../sbl6/segalib/lib/sega_spr.a(spr_2c.o) (SPR_InitSlaveSH)
../sbl6/segalib/lib/sega_spr.a(spr_1c.o)
                              ../sbl6/segalib/lib/sega_spr.a(spr_2c.o) (SPR_Initial)
../sbl6/segalib/lib/sega_spr.a(spr_2a.o)
                              ../sbl6/segalib/lib/sega_spr.a(spr_2c.o) (SPR_2SetDrawPrty)
../sbl6/segalib/lib/sega_scl.a(scl_vblv.o)
                              ../sbl6/segalib/lib/sega_spr.a(spr_1c.o) (SpFrameChgMode)
../sbl6/segalib/lib/sega_scl.a(scl_pri.o)
                              intro.o (SCL_SetColMixRate)
../sbl6/segalib/lib/sega_scl.a(scl_pr02.o)
                              intro.o (SCL_SetColRam)
../sbl6/segalib/lib/sega_scl.a(scl_pr07.o)
                              intro.o (SCL_SetPriority)
../sbl6/segalib/lib/sega_scl.a(scl_pr10.o)
                              intro.o (SCL_SetAutoColMix)
../sbl6/segalib/lib/sega_scl.a(scl_fu05.o)
                              intro.o (SCL_InitLineParamTb)
../sbl6/segalib/lib/sega_scl.a(scl_pr12.o)
                              intro.o (SCL_SetColOffset)
../sbl6/segalib/lib/sega_scl.a(scl_func.o)
                              ../sbl6/segalib/lib/sega_scl.a(scl_fu05.o) (SclLengthLsTbl)
../sbl6/segalib/lib/sega_scl.a(scl_pr11.o)
                              logo.o (SCL_SetAutoColOffset)
../sbl6/segalib/lib/sega_scl.a(scl_fu01.o)
                              scroll.o (SCL_SetDisplayMode)
../sbl6/segalib/lib/sega_scl.a(scl_fu04.o)
                              scroll.o (SCL_SetCycleTable)
../sbl6/segalib/lib/sega_scl.a(scl_pr03.o)
                              scroll.o (SCL_AllocColRam)
../sbl6/segalib/lib/sega_scl.a(scl_back.o)
                              scroll.o (SCL_SetBack)
../sbl6/segalib/lib/sega_scl.a(scl_fu03.o)
                              scroll.o (SCL_InitConfigTb)
../sbl6/segalib/lib/sega_scl.a(scl_fu02.o)
                              scroll.o (SCL_InitVramConfigTb)
../sbl6/segalib/lib/sega_scl.a(scl_pr01.o)
                              main.o (SCL_SetSpriteMode)
../sbl6/segalib/lib/sega_scl.a(scl_pr05.o)
                              ../sbl6/segalib/lib/sega_scl.a(scl_pr02.o) (SCL_GetColRamOffset)
../sbl6/segalib/lib/sega_scl.a(scl_ro00.o)
                              ../sbl6/segalib/lib/sega_scl.a(scl_func.o) (SCL_Rotate)
../sbl6/segalib/lib/sega_scl.a(scl_pr06.o)
                              ../sbl6/segalib/lib/sega_scl.a(scl_pr03.o) (SCL_SetColRamOffset)
../sbl6/segalib/lib/sega_mth.a(mth_tri.o)
                              intro.o (MTH_Sin)
../sbl6/segalib/lib/sega_mth.a(mth_fixd.o)
                              intro.o (MTH_Mul)
../sbl6/segalib/lib/sega_cdc.a(cdc_drv.o)
                              sound.o (CDC_CdPlay)
../sbl6/segalib/lib/sega_cdc.a(cdc_cmn.o)
                              main.o (CDC_GetPeriStat)
../sbl6/segalib/lib/sega_cdc.a(cdc_sub.o)
                              ../sbl6/segalib/lib/sega_cdc.a(cdc_cmn.o) (CDSUB_UpdStatus)
../sbl6/segalib/lib/sega_cdc.a(cdc_reg.o)
                              ../sbl6/segalib/lib/sega_cdc.a(cdc_cmn.o) (CDREG_ClrHirqReq)
../sbl6/segalib/lib/sega_per.a(per_prt.o)
                              ../sbl6/segasmp/per/smpclib/per_x2.o (PER_LInit)
../sbl6/segalib/lib/sega_sat.a(gfs.o)
                              cd.o (GFS_Init)
../sbl6/segalib/lib/sega_sat.a(DMA_CPU1.o)
                              intro.o (DMA_CpuMemCopy1)
../sbl6/segalib/lib/sega_sat.a(DMA_CPU2.o)
                              intro.o (DMA_CpuMemCopy2)
../sbl6/segalib/lib/sega_sat.a(DMA_CPU5.o)
                              pcmsys.o (DMA_CpuResult)
../sbl6/segalib/lib/sega_sat.a(DMA_SCU1.o)
                              ../sbl6/segalib/lib/sega_spr.a(spr_2c.o) (DMA_ScuMemCopy)
../sbl6/segalib/lib/sega_sat.a(gfs_cdf.o)
                              ../sbl6/segalib/lib/sega_sat.a(gfs.o) (GFCF_Init)
../sbl6/segalib/lib/sega_sat.a(gfs_dir.o)
                              ../sbl6/segalib/lib/sega_sat.a(gfs.o) (GFDR_SetupDirTbl)
../sbl6/segalib/lib/sega_sat.a(gfs_trn.o)
                              ../sbl6/segalib/lib/sega_sat.a(gfs.o) (GFTR_Setup)
../sbl6/segalib/lib/sega_sat.a(gfs_buf.o)
                              ../sbl6/segalib/lib/sega_sat.a(gfs.o) (GFBF_GetNumData)
../sbl6/segalib/lib/sega_sat.a(gfs_cdb.o)
                              ../sbl6/segalib/lib/sega_sat.a(gfs_cdf.o) (GFCB_Setup)
../sbl6/segalib/lib/sega_sat.a(gfs_cdc.o)
                              ../sbl6/segalib/lib/sega_sat.a(gfs.o) (GFCD_SetCdbfs)
../sbl6/segalib/lib/sega_sat.a(DMA_CPU0.o)
                              ../sbl6/segalib/lib/sega_sat.a(DMA_CPU1.o) (DMA_CpuSetComPrm)
[...]
Memory Configuration

Name             Origin             Length             Attributes
*default*        0x00000000         0xffffffff

Linker script and memory map

LOAD ../sbl6/segasmp/lib/strt1_g.o
LOAD ../sbl6/segasmp/lib/strt2_g.o
LOAD vblank.o
LOAD ../sbl6/segasmp/per/smpclib/per_x1.o
LOAD ../sbl6/segasmp/per/smpclib/per_x2.o
LOAD ../sbl6/segasmp/per/smpclib/per_x3.o
LOAD cd.o
LOAD graphics.o
LOAD intro.o
LOAD logo.o
LOAD pcmsys.o
LOAD print.o
LOAD scroll.o
LOAD sound.o
LOAD sprite.o
LOAD main.o
LOAD ../sbl6/segalib/lib/sega_int.a
LOAD ../sbl6/segalib/lib/sega_spr.a
LOAD ../sbl6/segalib/lib/sega_scl.a
LOAD ../sbl6/segalib/lib/sega_mth.a
LOAD ../sbl6/segalib/lib/sega_cdc.a
LOAD ../sbl6/segalib/lib/sega_adp.a
LOAD ../sbl6/segalib/lib/sega_per.a
LOAD ../sbl6/segalib/lib/sega_sat.a
LOAD c:/saturn/SH_COFF/sh-coff/bin/../lib/gcc/sh-coff/3.4-GNUSH_v0501\libgcc.a
LOAD c:/saturn/SH_COFF/sh-coff/bin/../lib/gcc/sh-coff/3.4-GNUSH_v0501/../../../../sh-coff/lib\libc.a
LOAD c:/saturn/SH_COFF/sh-coff/bin/../lib/gcc/sh-coff/3.4-GNUSH_v0501\libgcc.a

.text           0x06010000    0x14cb0
 *(.text)
 .text          0x06010000       0x30 ../sbl6/segasmp/lib/strt1_g.o
                0x06010024                _D_END
                0x06010020                _D_BGN
                0x0601002c                _B_END
                0x06010028                _B_BGN
                0x06010000                START
 .text          0x06010030       0x60 ../sbl6/segasmp/lib/strt2_g.o
                0x06010050                _INITSCT
                0x06010030                _INIT
 .text          0x06010090      0x180 vblank.o
                0x06010090                SetVblank
                0x06010110                UsrVblankOut
                0x060100f0                UsrVblankIn
 .text          0x06010210      0x430 ../sbl6/segasmp/per/smpclib/per_x1.o
                0x060105a4                PER_GetAnalogXYZ
                0x06010234                PER_GetTriggerHandler
                0x060104ce                PER_GetEdge
                0x0601044c                PER_GetTrigger
                0x060104f8                PER_GetPressEdge
                0x0601054c                PER_GetReleaseEdge
                0x06010210                PER_SetTriggerHandler
 .text          0x06010640      0x200 ../sbl6/segasmp/per/smpclib/per_x2.o
                0x06010744                PER_GetDeviceA
                0x06010640                PER_OpenPort
                0x06010678                PER_GetPort
                0x060107be                PER_GetDeviceR
 .text          0x06010840       0x20 ../sbl6/segasmp/per/smpclib/per_x3.o
                0x06010840                PER_DisguiseTrigger
 .text          0x06010860      0x120 cd.o
                0x06010900                cd_load_nosize
                0x06010860                cd_init
                0x06010890                cd_load
 .text          0x06010980      0xb40 intro.o
                0x06010980                intro_run
 .text          0x060114c0      0x2e0 logo.o
                0x06011520                logo_run
                0x060114c0                logo_loadframe
 .text          0x060117a0      0x8a0 pcmsys.o
                0x06011e50                load_8bit_pcm
                0x06011bc0                smpc_issue_command
                0x06011c70                load_drv
                0x06011fd0                pcm_parameter_change
                0x06011ba0                smpc_wait_till_ready
                0x06011be0                load_driver_binary
                0x06011f90                pcm_play
                0x06012000                pcm_cease
                0x06011cc0                calculate_bytes_per_blank
                0x06011d00                load_16bit_pcm
 .text          0x06012040      0x180 print.o
                0x06012120                print_display
                0x06012070                print_num
                0x06012040                print_init
                0x060120c0                print_string
 .text          0x060121c0      0x410 scroll.o
                0x060121c0                scroll_lores
                0x06012580                scroll_set
                0x06012220                scroll_hires
                0x06012360                scroll_init
                0x06012280                scroll_scale
 .text          0x060125d0      0x160 sound.o
                0x06012710                sound_play
                0x060125e0                sound_init
                0x060126b0                sound_cdda
 .text          0x06012730      0x670 sprite.o
                0x06012760                sprite_init
                0x06012bd0                sprite_make
                0x06012d10                sprite_next
                0x060128a0                sprite_erase
                0x06012d70                sprite_delete
                0x06012c20                sprite_draw_all
                0x06012730                sprite_deleteall
                0x06012900                sprite_startdraw
                0x06012980                sprite_draw
 .text          0x06012da0      0x160 main.o
                0x06012da0                main
 .text          0x06012f00       0x40 ../sbl6/segalib/lib/sega_int.a(int.o)
                0x06012f2c                INT_GetScuFunc
                0x06012f00                INT_SetScuFunc
 .text          0x06012f40      0x624 ../sbl6/segalib/lib/sega_int.a(int_trmp.o)
                0x060130a8                __interrupt_handler60
                0x06013258                __interrupt_handler132
                0x0601340e                __interrupt_handler205
                0x06013276                __interrupt_handler137
                0x060131a4                __interrupt_handler102
                0x06012fe2                __interrupt_handler27
                0x060133e4                __interrupt_handler198
                0x060132d6                __interrupt_handler153
                0x06012fbe                __interrupt_handler21
                0x060130cc                __interrupt_handler66
                0x060131bc                __interrupt_handler106
                0x06013306                __interrupt_handler161
                0x06013150                __interrupt_handler88
                0x0601331e                __interrupt_handler165
                0x0601322e                __interrupt_handler125
                0x06012f64                __interrupt_handler6
                0x06013000                __interrupt_handler32
                0x060133ba                __interrupt_handler191
                0x060134d4                __interrupt_handler238
                0x060134ec                __interrupt_handler242
                0x060132f4                __interrupt_handler158
                0x0601315c                __interrupt_handler90
                0x06013318                __interrupt_handler164
                0x0601303c                __interrupt_handler42
                0x0601337e                __interrupt_handler181
                0x06013486                __interrupt_handler225
                0x0601352e                __interrupt_handler253
                0x06013342                __interrupt_handler171
                0x060130fc                __interrupt_handler74
                0x06012f52                __interrupt_handler3
                0x06013096                __interrupt_handler57
                0x06012f94                __interrupt_handler14
                0x0601342c                __interrupt_handler210
                0x0601345c                __interrupt_handler218
                0x06013420                __interrupt_handler208
                0x06013024                __interrupt_handler38
                0x06012f40                __interrupt_handler0
                0x060131b0                __interrupt_handler104
                0x060132ee                __interrupt_handler157
                0x0601343e                __interrupt_handler213
                0x06013330                __interrupt_handler168
                0x0601313e                __interrupt_handler85
                0x060131da                __interrupt_handler111
                0x060131ec                __interrupt_handler114
                0x0601305a                __interrupt_handler47
                0x060134b0                __interrupt_handler232
                0x0601347a                __interrupt_handler223
                0x060134ce                __interrupt_handler237
                0x060130ba                __interrupt_handler63
                0x06013048                __interrupt_handler44
                0x0601335a                __interrupt_handler175
                0x06013384                __interrupt_handler182
                0x0601339c                __interrupt_handler186
                0x0601329a                __interrupt_handler143
                0x060131c2                __interrupt_handler107
                0x06013228                __interrupt_handler124
                0x06013348                __interrupt_handler172
                0x060134fe                __interrupt_handler245
                0x0601317a                __interrupt_handler95
                0x06013252                __interrupt_handler131
                0x06013264                __interrupt_handler134
                0x06013282                __interrupt_handler139
                0x060130f0                __interrupt_handler72
                0x060134aa                __interrupt_handler231
                0x06013300                __interrupt_handler160
                0x06013246                __interrupt_handler129
                0x06012fb8                __interrupt_handler20
                0x060130c6                __interrupt_handler65
                0x06013090                __interrupt_handler56
                0x06012f8e                __interrupt_handler13
                0x06013426                __interrupt_handler209
                0x060131e0                __interrupt_handler112
                0x06012fb2                __interrupt_handler19
                0x0601316e                __interrupt_handler93
                0x060133d8                __interrupt_handler196
                0x060132ca                __interrupt_handler151
                0x0601332a                __interrupt_handler167
                0x06013540                __trampoline
                0x06012fa6                __interrupt_handler17
                0x06013498                __interrupt_handler228
                0x0601353a                __interrupt_handler255
                0x060134f8                __interrupt_handler244
                0x06013192                __interrupt_handler99
                0x0601338a                __interrupt_handler183
                0x06013288                __interrupt_handler140
                0x060133ae                __interrupt_handler189
                0x060132ac                __interrupt_handler146
                0x06013474                __interrupt_handler222
                0x060132e8                __interrupt_handler156
                0x0601321c                __interrupt_handler122
                0x06013510                __interrupt_handler248
                0x06013060                __interrupt_handler48
                0x060130de                __interrupt_handler69
                0x06012fd0                __interrupt_handler24
                0x06013156                __interrupt_handler89
                0x0601344a                __interrupt_handler215
                0x06013534                __interrupt_handler254
                0x0601314a                __interrupt_handler87
                0x060130ae                __interrupt_handler61
                0x060133d2                __interrupt_handler195
                0x060132c4                __interrupt_handler150
                0x06013036                __interrupt_handler41
                0x060131d4                __interrupt_handler110
                0x0601323a                __interrupt_handler127
                0x060131c8                __interrupt_handler108
                0x060131e6                __interrupt_handler113
                0x060131f8                __interrupt_handler116
                0x06013216                __interrupt_handler121
                0x0601310e                __interrupt_handler77
                0x0601302a                __interrupt_handler39
                0x06013042                __interrupt_handler43
                0x06013516                __interrupt_handler249
                0x06013354                __interrupt_handler174
                0x06013270                __interrupt_handler136
                0x060133a8                __interrupt_handler188
                0x060132a6                __interrupt_handler145
                0x06012f76                __interrupt_handler9
                0x0601311a                __interrupt_handler79
                0x06013492                __interrupt_handler227
                0x0601300c                __interrupt_handler34
                0x0601324c                __interrupt_handler130
                0x0601350a                __interrupt_handler247
                0x06013102                __interrupt_handler75
                0x0601334e                __interrupt_handler173
                0x0601307e                __interrupt_handler53
                0x060132be                __interrupt_handler149
                0x06013522                __interrupt_handler251
                0x060134b6                __interrupt_handler233
                0x06012f7c                __interrupt_handler10
                0x06013408                __interrupt_handler204
                0x0601312c                __interrupt_handler82
                0x06013132                __interrupt_handler83
                0x06012fd6                __interrupt_handler25
                0x060134f2                __interrupt_handler243
                0x0601330c                __interrupt_handler162
                0x06013054                __interrupt_handler46
                0x0601336c                __interrupt_handler178
                0x06013120                __interrupt_handler80
                0x060130b4                __interrupt_handler62
                0x06012f4c                __interrupt_handler2
                0x06012fee                __interrupt_handler29
                0x060130e4                __interrupt_handler70
                0x060131ce                __interrupt_handler109
                0x060132b8                __interrupt_handler148
                0x06013174                __interrupt_handler94
                0x06013480                __interrupt_handler224
                0x060131aa                __interrupt_handler103
                0x06013018                __interrupt_handler36
                0x06013234                __interrupt_handler126
                0x06013504                __interrupt_handler246
                0x0601308a                __interrupt_handler55
                0x06012f88                __interrupt_handler12
                0x06013078                __interrupt_handler52
                0x060133a2                __interrupt_handler187
                0x060132a0                __interrupt_handler144
                0x060131fe                __interrupt_handler117
                0x06012fac                __interrupt_handler18
                0x060133de                __interrupt_handler197
                0x060132d0                __interrupt_handler152
                0x06013204                __interrupt_handler118
                0x0601333c                __interrupt_handler170
                0x060133f6                __interrupt_handler201
                0x06013186                __interrupt_handler97
                0x06013312                __interrupt_handler163
                0x06013378                __interrupt_handler180
                0x060133c0                __interrupt_handler192
                0x060134e0                __interrupt_handler240
                0x06013222                __interrupt_handler123
                0x06013444                __interrupt_handler214
                0x06012ffa                __interrupt_handler31
                0x06012fe8                __interrupt_handler28
                0x060130d2                __interrupt_handler67
                0x060130d8                __interrupt_handler68
                0x06012fc4                __interrupt_handler22
                0x06012fca                __interrupt_handler23
                0x06013360                __interrupt_handler176
                0x06012f6a                __interrupt_handler7
                0x0601346e                __interrupt_handler221
                0x06013456                __interrupt_handler217
                0x0601349e                __interrupt_handler229
                0x06013066                __interrupt_handler49
                0x06012f58                __interrupt_handler4
                0x06013030                __interrupt_handler40
                0x060131f2                __interrupt_handler115
                0x060134c2                __interrupt_handler235
                0x06013162                __interrupt_handler91
                0x06013414                __interrupt_handler206
                0x06013366                __interrupt_handler177
                0x060132b2                __interrupt_handler147
                0x0601301e                __interrupt_handler37
                0x0601351c                __interrupt_handler250
                0x06012f46                __interrupt_handler1
                0x06013462                __interrupt_handler219
                0x06013108                __interrupt_handler76
                0x06013198                __interrupt_handler100
                0x0601309c                __interrupt_handler58
                0x06012f9a                __interrupt_handler15
                0x06013438                __interrupt_handler212
                0x060134e6                __interrupt_handler241
                0x060133fc                __interrupt_handler202
                0x060133c6                __interrupt_handler193
                0x06013114                __interrupt_handler78
                0x0601306c                __interrupt_handler50
                0x06013006                __interrupt_handler33
                0x06013324                __interrupt_handler166
                0x0601327c                __interrupt_handler138
                0x0601326a                __interrupt_handler135
                0x06012ff4                __interrupt_handler30
                0x06013390                __interrupt_handler184
                0x0601328e                __interrupt_handler141
                0x060134a4                __interrupt_handler230
                0x060134c8                __interrupt_handler236
                0x0601320a                __interrupt_handler119
                0x06013144                __interrupt_handler86
                0x060131b6                __interrupt_handler105
                0x06013126                __interrupt_handler81
                0x06013210                __interrupt_handler120
                0x06013240                __interrupt_handler128
                0x06013084                __interrupt_handler54
                0x06012f82                __interrupt_handler11
                0x060133ea                __interrupt_handler199
                0x060132dc                __interrupt_handler154
                0x0601304e                __interrupt_handler45
                0x06013450                __interrupt_handler216
                0x06013402                __interrupt_handler203
                0x0601319e                __interrupt_handler101
                0x06013138                __interrupt_handler84
                0x06013396                __interrupt_handler185
                0x06013294                __interrupt_handler142
                0x06012fdc                __interrupt_handler26
                0x060130c0                __interrupt_handler64
                0x060133f0                __interrupt_handler200
                0x0601341a                __interrupt_handler207
                0x060133cc                __interrupt_handler194
                0x06013168                __interrupt_handler92
                0x060132e2                __interrupt_handler155
                0x06013432                __interrupt_handler211
                0x0601325e                __interrupt_handler133
                0x06012f5e                __interrupt_handler5
                0x060130f6                __interrupt_handler73
                0x06012fa0                __interrupt_handler16
                0x060134da                __interrupt_handler239
                0x060134bc                __interrupt_handler234
                0x06013012                __interrupt_handler35
                0x060130a2                __interrupt_handler59
                0x06013336                __interrupt_handler169
                0x0601318c                __interrupt_handler98
                0x060130ea                __interrupt_handler71
                0x06013072                __interrupt_handler51
                0x060132fa                __interrupt_handler159
                0x0601348c                __interrupt_handler226
                0x06013180                __interrupt_handler96
                0x060133b4                __interrupt_handler190
                0x06013468                __interrupt_handler220
                0x06012f70                __interrupt_handler8
                0x06013372                __interrupt_handler179
                0x06013528                __interrupt_handler252
 *fill*         0x06013564        0xc 00
 .text          0x06013570     0x12a0 ../sbl6/segalib/lib/sega_spr.a(spr_2c.o)
                0x060147d0                SlaveFlushDrawPrtyBlock
                0x06013570                SPR_2Initial
                0x06013db4                SPR_2SysClip
                0x06013d54                SPR_2LocalCoord
                0x0601464c                SPR_2FlushDrawPrtyBlock
                0x06014338                SPR_2DistSpr
                0x06013d3c                SPR_2FlushDrawPrty
                0x0601445c                SPR_2Cmd
                0x06013a38                SPR_2GourTblNoToVram
                0x06013a98                SPR_2GetAreaSizeInfo
                0x06013800                SPR_2SetGourTbl
                0x06013fec                SPR_2Polygon
                0x06013a74                SPR_2CharNoToVram
                0x06013780                SPR_2SetTvMode
                0x06013bdc                SPR_2CloseCommand
                0x060137bc                SPR_2FrameEraseData
                0x06013598                SPR_2Initial2
                0x060141cc                SPR_2ScaleSpr
                0x06013e5c                SPR_2Line
                0x06013b28                SPR_2OpenCommand
                0x0601379c                SPR_2FrameChgIntr
                0x060140a8                SPR_2NormSpr
                0x06013830                SPR_2SetLookupTbl
                0x06013864                SPR_2SetChar
                0x06013a5c                SPR_2LookupTblNoToVram
                0x06013f30                SPR_2PolyLine
                0x060139d0                SPR_2ClrAllChar
                0x06013984                SPR_2ClrChar
                0x06013e00                SPR_2UserClip
 .text          0x06014810      0x1e6 ../sbl6/segalib/lib/sega_spr.a(spr_slv.o)
                0x06014974                SPR_WaitEndSlaveSH
                0x06014810                SPR_SMPC_SSHON
                0x06014950                SPR_RunSlaveSH
                0x06014814                SPR_InitSlaveSH
                0x060148dc                SPR_SlaveSHmain
                0x06014811                SPR_SMPC_SSHOFF
 *fill*         0x060149f6        0xa 00
 .text          0x06014a00      0x36a ../sbl6/segalib/lib/sega_spr.a(spr_1c.o)
                0x06014cb4                SPR_WaitDrawEnd
                0x06014ccc                SPR_SetEosMode
                0x06014be4                SPR_SetEraseData
                0x06014a00                SPR_Initial
                0x06014ad8                SPR_SetTvMode
                0x06014b70                SPR_GetStatus
 *fill*         0x06014d6a        0x6 00
 .text          0x06014d70      0x244 ../sbl6/segalib/lib/sega_spr.a(spr_2a.o)
                0x06014d82                sprMemCpyW
                0x06014de0                flushDrawPrtyBlock
                0x06014d70                sprMemCpyL
                0x06014d94                SPR_2SetDrawPrty
 *fill*         0x06014fb4        0xc 00
 .text          0x06014fc0      0x2fc ../sbl6/segalib/lib/sega_scl.a(scl_vblv.o)
                0x0601507c                SCL_DisplayFrame
                0x06014fc0                SCL_SetFrameInterval
                0x060150b0                SCL_VblInit
                0x06015100                SCL_VblankStart
                0x06015144                SCL_VblankEnd
 *fill*         0x060152bc        0x4 00
 .text          0x060152c0     0x10a4 ../sbl6/segalib/lib/sega_scl.a(scl_pri.o)
                0x06015354                SCL_AbortAutoVe
                0x06016204                SCL_SetShadowBit
                0x060157cc                SCL_AutoExec
                0x060152c0                SCL_PriorityInit
                0x06015ce0                SCL_IncColOffset
                0x06015368                SCL_SetColMixRate
                0x06015338                SCL_GetColRamMode
 *fill*         0x06016364        0xc 00
 .text          0x06016370       0x9c ../sbl6/segalib/lib/sega_scl.a(scl_pr02.o)
                0x06016370                SCL_SetColRam
 *fill*         0x0601640c        0x4 00
 .text          0x06016410      0x214 ../sbl6/segalib/lib/sega_scl.a(scl_pr07.o)
                0x06016410                SCL_SetPriority
 *fill*         0x06016624        0xc 00
 .text          0x06016630       0x98 ../sbl6/segalib/lib/sega_scl.a(scl_pr10.o)
                0x06016630                SCL_SetAutoColMix
 *fill*         0x060166c8        0x8 00
 .text          0x060166d0      0x278 ../sbl6/segalib/lib/sega_scl.a(scl_fu05.o)
                0x0601678c                SCL_SetLineParam
                0x060166d8                SCL_InitLineParamTb
 *fill*         0x06016948        0x8 00
 .text          0x06016950      0x1f4 ../sbl6/segalib/lib/sega_scl.a(scl_pr12.o)
                0x06016950                SCL_SetColOffset
 *fill*         0x06016b44        0xc 00
 .text          0x06016b50      0xb9c ../sbl6/segalib/lib/sega_scl.a(scl_func.o)
                0x0601752c                SCL_Vdp2_SGLInit
                0x0601743c                SCL_PriIntProc
                0x060173b4                SCL_Memcpyw
                0x060176cc                SCL_SglOff
                0x060176ac                SCL_SglOn
                0x06017320                SCL_ScrollShow
                0x06016dc8                SCL_Close
                0x060170c0                SCL_Scale
                0x06016b50                SCL_Vdp2Init
                0x06016f34                SCL_Move
                0x060171fc                SCL_CopyReg
                0x06016da4                SCL_Open
                0x06016bd4                SCL_ParametersInit
                0x06016de4                SCL_MoveTo
                0x060173dc                SCL_SetColRamMode
 *fill*         0x060176ec        0x4 00
 .text          0x060176f0      0x180 ../sbl6/segalib/lib/sega_scl.a(scl_pr11.o)
                0x060176f0                SCL_SetAutoColOffset
 .text          0x06017870      0x1ec ../sbl6/segalib/lib/sega_scl.a(scl_fu01.o)
                0x06017870                SCL_SetDisplayMode
 *fill*         0x06017a5c        0x4 00
 .text          0x06017a60       0x28 ../sbl6/segalib/lib/sega_scl.a(scl_fu04.o)
                0x06017a60                SCL_SetCycleTable
 *fill*         0x06017a88        0x8 00
 .text          0x06017a90      0x138 ../sbl6/segalib/lib/sega_scl.a(scl_pr03.o)
                0x06017a90                SCL_FreeColRam
                0x06017ac8                SCL_AllocColRam
 *fill*         0x06017bc8        0x8 00
 .text          0x06017bd0       0x84 ../sbl6/segalib/lib/sega_scl.a(scl_back.o)
                0x06017bd0                SCL_SetBack
 *fill*         0x06017c54        0xc 00
 .text          0x06017c60      0x94c ../sbl6/segalib/lib/sega_scl.a(scl_fu03.o)
                0x06017cbc                SCL_SetConfig
                0x06017c60                SCL_InitConfigTb
 *fill*         0x060185ac        0x4 00
 .text          0x060185b0      0x4f4 ../sbl6/segalib/lib/sega_scl.a(scl_fu02.o)
                0x060185e8                SCL_SetVramConfig
                0x060185b0                SCL_InitVramConfigTb
 *fill*         0x06018aa4        0xc 00
 .text          0x06018ab0       0x58 ../sbl6/segalib/lib/sega_scl.a(scl_pr01.o)
                0x06018ab0                SCL_SetSpriteMode
 *fill*         0x06018b08        0x8 00
 .text          0x06018b10       0xac ../sbl6/segalib/lib/sega_scl.a(scl_pr05.o)
                0x06018b10                SCL_GetColRamOffset
 *fill*         0x06018bbc        0x4 00
 .text          0x06018bc0     0x1394 ../sbl6/segalib/lib/sega_scl.a(scl_ro00.o)
                0x06019dac                SCL_RotateZD
                0x06019074                SCL_Rotate
                0x06018d48                SCL_InitRotateTable
 *fill*         0x06019f54        0xc 00
 .text          0x06019f60      0x1b4 ../sbl6/segalib/lib/sega_scl.a(scl_pr06.o)
                0x06019f60                SCL_SetColRamOffset
 *fill*         0x0601a114        0xc 00
 .text          0x0601a120      0x600 ../sbl6/segalib/lib/sega_mth.a(mth_tri.o)
                0x0601a1bc                fcos
                0x0601a1c2                fsin
                0x0601a16c                MTH_Cos
                0x0601a120                MTH_Sin
                0x0601a360                MTH_Atan
 .text          0x0601a720       0xa4 ../sbl6/segalib/lib/sega_mth.a(mth_fixd.o)
                0x0601a770                MTH_FixedToInt
                0x0601a760                MTH_IntToFixed
                0x0601a720                MTH_Mul
                0x0601a780                MTH_Product
                0x0601a740                MTH_Div
 *fill*         0x0601a7c4        0xc 00
 .text          0x0601a7d0      0x130 ../sbl6/segalib/lib/sega_cdc.a(cdc_drv.o)
                0x0601a7d0                CDC_CdPlay
                0x0601a89c                CDC_CdSeek
                0x0601a8d0                CDC_CdScan
 .text          0x0601a900      0x3a0 ../sbl6/segalib/lib/sega_cdc.a(cdc_cmn.o)
                0x0601aaa4                CDC_TgetToc
                0x0601ac48                CDC_DataEnd
                0x0601a968                CDC_GetPeriStat
                0x0601abdc                CDC_DataReady
                0x0601abb4                CDC_CdOpen
                0x0601ab30                CDC_CdInit
                0x0601aaf4                CDC_GetSes
                0x0601a950                CDC_GetLastStat
                0x0601a900                CDC_GetCurStat
                0x0601aa3c                CDC_GetHwInfo
 .text          0x0601aca0      0x152 ../sbl6/segalib/lib/sega_cdc.a(cdc_sub.o)
                0x0601ad48                CDSUB_GetCdstat
                0x0601acb8                CDSUB_UpdCdstat
                0x0601ad88                CDSUB_RspToCdstat
                0x0601add0                CDSUB_SoftTimer
                0x0601aca0                CDSUB_UpdStatus
                0x0601acd8                CDSUB_CdCmd
 *fill*         0x0601adf2        0xe 00
 .text          0x0601ae00      0x2dc ../sbl6/segalib/lib/sega_cdc.a(cdc_reg.o)
                0x0601ae54                CDREG_ClrHirqReq
                0x0601ae24                CDC_ClrHirqReq
                0x0601aed4                CDREG_TgetData
                0x0601aec4                CDC_GetMpegPtr
                0x0601aea0                CDC_GetHirqMsk
                0x0601ae00                CDC_GetDataPtr
                0x0601ae10                CDC_GetHirqReq
                0x0601b030                CDREG_WaitHirq
                0x0601aeb4                CDC_SetHirqMsk
                0x0601af30                CDREG_CmdRsp
                0x0601ae64                CDREG_InitHirqReq
                0x0601ae8c                CDREG_SetHirqFlag
                0x0601b0a0                CDREG_ReadRsp
 *fill*         0x0601b0dc        0x4 00
 .text          0x0601b0e0      0xf50 ../sbl6/segalib/lib/sega_per.a(per_prt.o)
                0x0601b500                PER_IntFunc
                0x0601b2f8                PER_LGetPer
                0x0601b0e0                PER_LInit
 .text          0x0601c030     0x1b04 ../sbl6/segalib/lib/sega_sat.a(gfs.o)
                0x0601c030                gfs_version
                0x0601d2a4                gfs_mngGetNumFile
                0x0601da24                gfs_closeSub
                0x0601cdc0                GFS_SetGmode
                0x0601d07c                GFS_SetErrFunc
                0x0601d1cc                gfs_mngSetupFuncTbl
                0x0601c388                GFS_Reset
                0x0601d0f4                gfs_chgRoot
                0x0601d1c0                gfs_aborttrans
                0x0601d4a4                gfs_svrAddHndl
                0x0601d354                gfs_mngFreeGrp
                0x0601d0cc                GFS_ConvTno
                0x0601d658                gfs_getRootDir
                0x0601d0a8                GFS_GetErrStat
                0x0601c4f8                GFS_Seek
                0x0601cb64                GFS_NwStop
                0x0601d360                gfs_mngTermAccess
                0x0601c40c                GFS_Open
                0x0601d30c                GFS_mngAllocGrp
                0x0601da6c                gfs_isTaskDone
                0x0601c864                GFS_Fread
                0x0601cfc4                GFS_StartTrans
                0x0601d9c0                gfs_GetFinfo
                0x0601d200                gfs_mngInitWork
                0x0601c650                GFS_ByteToSct
                0x0601d464                gfs_svrSearchHndl
                0x0601d754                gfs_loadRootDir
                0x0601c2ac                GFS_IdToName
                0x0601c9a8                GFS_NwFread
                0x0601cef4                GFS_SetTransPara
                0x0601cab4                GFS_NwCdRead
                0x0601d594                gfs_loadVol
                0x0601ce90                GFS_SetReadPara
                0x0601c5ac                GFS_Tell
                0x0601ce24                GFS_SetTmode
                0x0601d928                GFS_GetFad
                0x0601cf60                GFS_SetTrFunc
                0x0601d010                GFS_CdMovePickup
                0x0601c248                GFS_NameToId
                0x0601cc7c                GFS_NwExecOne
                0x0601d7dc                gfs_flowIn
                0x0601c704                GFS_GetFileInfo
                0x0601d884                gfs_transData
                0x0601d4e0                gfs_svrRemoveHndl
                0x0601cb2c                GFS_NwIsComplete
                0x0601da60                gfs_getGmode
                0x0601cbd0                GFS_NwGetStat
                0x0601d53c                GFS_OpenSub
                0x0601c1e0                GFS_SetDir
                0x0601c6ac                GFS_GetFileSize
                0x0601c778                GFS_GetNumCdbuf
                0x0601dac0                gfs_convFinStat
                0x0601c7a0                GFS_Load
                0x0601c900                gfs_waitRead
                0x0601c138                GFS_LoadDir
                0x0601c318                GFS_GetDirInfo
                0x0601c4c0                GFS_Close
                0x0601c050                GFS_Init
                0x0601cc4c                gfs_recovRdErr
                0x0601d3e4                gfs_mngSetErrCode
                0x0601cd3c                GFS_NwExecServer
                0x0601c5fc                GFS_IsEof
                0x0601d980                gfs_SetSct
 *fill*         0x0601db34        0xc 00
 .text          0x0601db40       0x90 ../sbl6/segalib/lib/sega_sat.a(DMA_CPU1.o)
                0x0601db40                DMA_CpuMemCopy1
 .text          0x0601dbd0       0x94 ../sbl6/segalib/lib/sega_sat.a(DMA_CPU2.o)
                0x0601dbd0                DMA_CpuMemCopy2
 *fill*         0x0601dc64        0xc 00
 .text          0x0601dc70       0x50 ../sbl6/segalib/lib/sega_sat.a(DMA_CPU5.o)
                0x0601dc70                DMA_CpuResult
 .text          0x0601dcc0      0x1f4 ../sbl6/segalib/lib/sega_sat.a(DMA_SCU1.o)
                0x0601de1c                DMA_ScuResult
                0x0601dcc0                DMA_ScuInit
                0x0601dd10                DMA_ScuMemCopy
 *fill*         0x0601deb4        0xc 00
 .text          0x0601dec0      0x8d4 ../sbl6/segalib/lib/sega_sat.a(gfs_cdf.o)
                0x0601e3b4                GFCF_Seek
                0x0601e4bc                GFCF_GetStat
                0x0601e39c                GFCF_Tell
                0x0601df60                GFCF_Setup
                0x0601e468                GFCF_cnvIntlvOfs
                0x0601dec0                GFCF_Init
                0x0601e354                GFCF_Recover
                0x0601e0a8                GFCF_SetSct
                0x0601e3cc                GFCF_MovePickup
                0x0601e590                gfcf_isCdOk
                0x0601e160                GFCF_FlowInBuf
                0x0601e0ec                GFCF_GetFileInfo
                0x0601e2b4                GFCF_StopInBuf
                0x0601e554                gfcf_getSctSize
                0x0601e650                gfcf_getPlayRange
 *fill*         0x0601e794        0xc 00
 .text          0x0601e7a0      0x928 ../sbl6/segalib/lib/sega_sat.a(gfs_dir.o)
                0x0601ec90                gfdr_setNextRec
                0x0601f08c                gfdr_setDirrecCd
                0x0601ea88                gfdr_open
                0x0601e89c                GFDR_GetAtrDirId
                0x0601eb70                gfdr_readByte
                0x0601e7a0                GFDR_SetupDirTbl
                0x0601ec68                gfdr_readLongNM
                0x0601ed14                gfdr_readDirEnt
                0x0601e8cc                GFDR_ChgRoot
                0x0601e814                GFDR_NameToId
                0x0601e958                gfdr_setupDirIdTbl
                0x0601e8b4                GFDR_GetAtrDirName
                0x0601e874                GFDR_GetInfoDirId
                0x0601ec1c                gfdr_readLongNB
                0x0601eab0                gfdr_read
                0x0601eb9c                gfdr_readWord
                0x0601e9dc                gfdr_setupDirNameTbl
                0x0601e888                GFDR_GetInfoDirName
                0x0601e8e4                GFDR_ChgDir
                0x0601ebc8                gfdr_readWordNB
 *fill*         0x0601f0c8        0x8 00
 .text          0x0601f0d0      0xa46 ../sbl6/segalib/lib/sega_sat.a(gfs_trn.o)
                0x0601f1b0                GFTR_SetTransMax
                0x0601f580                gftr_execScu
                0x0601fb04                GFTR_SetTransFunc
                0x0601f9cc                gftr_remTrn
                0x0601faf0                GFTR_SetData
                0x0601f7f0                gftr_execSdma1
                0x0601fa40                gftr_copyFrac
                0x0601f1a4                GFTR_GetNumTrans
                0x0601f144                GFTR_SetMode
                0x0601f7c0                gftr_remDma0
                0x0601fa68                GFTR_GetLenData
                0x0601f574                gftr_reqScu
                0x0601f7d8                gftr_reqDma1
                0x0601f490                gftr_getSrcPack
                0x0601fac0                GFTR_RtnDstPk
                0x0601f65c                gfdma_exec
                0x0601f8f4                gftr_execTrn
                0x0601f388                GFTR_ExecSvr
                0x0601f884                gftr_reqTrn
                0x0601f74c                gfdma_getBytecnt
                0x0601f82c                gftr_reqCpu
                0x0601fa8c                GFTR_GetDstPack
                0x0601f784                gftr_reqDma0
                0x0601f310                GFTR_Idle
                0x0601f1c8                GFTR_Pause
                0x0601f198                GFTR_GetTransPara
                0x0601f878                gftr_remCpu
                0x0601f164                GFTR_SetTransPara
                0x0601f814                gftr_remDma1
                0x0601f1d4                GFTR_Stop
                0x0601f79c                gftr_execSdma0
                0x0601f100                GFTR_Setup
                0x0601f61c                gftr_remScu
                0x0601f518                gftr_getDstPack
                0x0601f650                gfdma_canUse
                0x0601f28c                GFTR_Exec
                0x0601fadc                GFTR_GetData
                0x0601f1bc                GFTR_Start
                0x0601f158                GFTR_SetUnit
                0x0601f838                gftr_execCpu
                0x0601fa74                GFTR_GetLenRoom
 *fill*         0x0601fb16        0xa 00
 .text          0x0601fb20      0x106 ../sbl6/segalib/lib/sega_sat.a(gfs_buf.o)
                0x0601fb78                GFBF_GetNumData
                0x0601fbf4                GFBF_RtnPk
                0x0601fba8                GFBF_GetSrcPk
                0x0601fc1c                gfbf_getSctDt
                0x0601fb50                GFBF_GetTranData
                0x0601fbd0                GFBF_GetSctData
 *fill*         0x0601fc26        0xa 00
 .text          0x0601fc30      0x600 ../sbl6/segalib/lib/sega_sat.a(gfs_cdb.o)
                0x060201d8                GFCB_GetPickup
                0x0601fd50                GFCB_Close
                0x0602001c                GFCB_GetSrcPack
                0x060201a4                GFCB_SetCon
                0x0601fe24                GFCB_GetLenRoom
                0x06020188                GFCB_MovePickup
                0x060200fc                GFCB_GetSctData
                0x0601fe30                GFCB_SetFilt
                0x0601fd78                GFCB_GetLenData
                0x06020218                GFCB_UngetPickup
                0x0601fc30                GFCB_Setup
                0x0601fec0                GFCB_Tell
                0x06020200                GFCB_IsPuOwner
                0x0601ff20                GFCB_Seek
                0x0601fe98                GFCB_DeleteAllData
                0x06020134                GFCB_GetDstPack
                0x0601fed0                gfcb_getSctNum
                0x06020140                GFCB_RtnPk
 .text          0x06020230     0x1a04 ../sbl6/segalib/lib/sega_sat.a(gfs_cdc.o)
                0x060204cc                GFCD_AllocBuf
                0x060212a8                gfcd_doGetLenDataTsk
                0x06021b44                GFCD_SetCsctFunc
                0x060205a4                GFCD_GetBaseFad
                0x06020720                GFCD_GetFilt
                0x06021734                gfcd_doChgDirTsk
                0x06021a74                gfcd_checkEflag
                0x06020a68                GFCD_MovePickup
                0x06020b4c                GFCD_GetSctInfo
                0x060213fc                gfcd_doReqDataTsk
                0x06020b94                GFCD_ChgDir
                0x06020888                GFCD_ReqData
                0x06021b60                GFCD_ChkScdqFlag
                0x06021018                GFCD_WaitServer
                0x0602092c                GFCD_DelSctData
                0x06020e04                GFCD_ExecServer
                0x06021218                gfcd_doSetConTsk
                0x06020460                GFCD_AllocFilt
                0x0602065c                GFCD_SetFilt
                0x06021054                gfcd_doSetFiltTsk
                0x06021b84                GFCD_ClrScdqFlag
                0x0602149c                gfcd_doDelSctDataTsk
                0x06020f60                gfcd_doTask
                0x060205d8                GFCD_GetPickup
                0x06020b28                GFCD_CheckMove
                0x06021ba0                GFCD_WaitScdqFlag
                0x060207c0                GFCD_Play
                0x060215d0                gfcd_doMoveSctTsk
                0x06020768                GFCD_SetCon
                0x06020c08                GFCD_SetFiltCon
                0x06021be4                GFCD_WaitPause
                0x06020dcc                GFCD_GetBufSiz
                0x0602060c                GFCD_UngetPickup
                0x06020cf0                GFCD_GetFileInfo
                0x060208e4                GFCD_EndData
                0x06020500                GFCD_FreeBuf
                0x06020820                GFCD_GetLenData
                0x0602049c                GFCD_FreeFilt
                0x06020ed8                gfcd_isIdleTask
                0x0602025c                GFCD_Init
                0x06021930                gfcd_doSetFiltConTsk
                0x060209b4                GFCD_GetStat
                0x06020ab4                GFCD_MoveSctData
                0x06020638                GFCD_IsPuOwner
                0x06021a98                gfcd_initCdbMng
                0x06020230                GFCD_SetCdbfs
                0x06021004                GFCD_SetTimer
                0x06021b18                gfcd_setStat
                0x06020984                GFCD_CheckDelSctData
 *fill*         0x06021c34        0xc 00
 .text          0x06021c40      0x1b6 ../sbl6/segalib/lib/sega_sat.a(DMA_CPU0.o)
                0x06021c88                DMA_CpuSetPrm
                0x06021d8c                DMA_CpuStart
                0x06021de4                DMA_CpuGetStatus
                0x06021db8                DMA_CpuAllStop
                0x06021dcc                DMA_CpuGetComStatus
                0x06021c40                DMA_CpuSetComPrm
                0x06021da0                DMA_CpuStop
 *fill*         0x06021df6        0xa 00
 .text          0x06021e00       0xe8 ../sbl6/segalib/lib/sega_sat.a(csh_main.o)
                0x06021e00                CSH_Init
                0x06021e68                CSH_AllClr
                0x06021eb4                CSH_Purge
 *fill*         0x06021ee8        0x8 00
 .text          0x06021ef0      0x308 ../sbl6/segalib/lib/sega_sat.a(DMA_SCU0.o)
                0x06021f74                DMA_ScuStart
                0x060220a8                DMA_ScuIntFunc0
                0x06022118                DMA_ScuIntFunc1
                0x06022188                DMA_ScuIntFunc2
                0x06022068                DMA_ScuGetStatus
                0x06021ef0                DMA_ScuSetPrm
 *fill*         0x060221f8        0x8 00
 .text          0x06022200      0x194 ../sbl6/segalib/lib/sega_sat.a(cdc_cfs.o)
                0x06022200                CDC_ChgDir
                0x06022234                CDC_ReadDir
                0x06022358                CDC_AbortFile
                0x06022268                CDC_GetFileScope
                0x060222c8                CDC_TgetFileInfo
                0x06022324                CDC_ReadFile
 *fill*         0x06022394        0xc 00
 .text          0x060223a0      0x1e4 ../sbl6/segalib/lib/sega_sat.a(cdc_bio.o)
                0x0602244c                CDC_GetdelSctData
                0x060223d4                CDC_GetSctData
                0x06022488                CDC_PutSctData
                0x06022504                CDC_MoveSctData
                0x06022548                CDC_GetCopyErr
                0x06022410                CDC_DelSctData
                0x060223a0                CDC_SetSctLen
                0x060224c0                CDC_CopySctData
 *fill*         0x06022584        0xc 00
 .text          0x06022590      0x2b8 ../sbl6/segalib/lib/sega_sat.a(cdc_sel.o)
                0x060227c0                CDC_GetFiltCon
                0x0602273c                CDC_GetFiltMode
                0x06022814                CDC_ResetSelector
                0x06022590                CDC_SetFiltRange
                0x0602261c                CDC_SetFiltSubh
                0x0602268c                CDC_GetFiltSubh
                0x060225c4                CDC_GetFiltRange
                0x06022708                CDC_SetFiltMode
                0x06022780                CDC_SetFiltCon
 *fill*         0x06022848        0x8 00
 .text          0x06022850      0x270 ../sbl6/segalib/lib/sega_sat.a(cdc_bif.o)
                0x060228ac                CDC_GetSctNum
                0x06022a2c                CDC_ExeFadSearch
                0x060229ac                CDC_GetSctInfo
                0x060228f0                CDC_CalActSiz
                0x06022850                CDC_GetBufSiz
                0x0602292c                CDC_GetActSiz
                0x06022a64                CDC_GetFadSearch
 .text          0x06022ac0       0xa8 ../sbl6/segalib/lib/sega_sat.a(cdc_dev.o)
                0x06022b2c                CDC_CdGetLastBuf
                0x06022ac0                CDC_CdSetCon
                0x06022af0                CDC_CdGetCon
 *fill*         0x06022b68        0x8 00
 .text          0x06022b70       0x60 c:/saturn/SH_COFF/sh-coff/bin/../lib/gcc/sh-coff/3.4-GNUSH_v0501\libgcc.a(_ashiftrt.o)
                0x06022b7c                __ashiftrt_r4_27
                0x06022bb0                __ashiftrt_r4_6
                0x06022ba0                __ashiftrt_r4_14
                0x06022b92                __ashiftrt_r4_19
                0x06022baa                __ashiftrt_r4_9
                0x06022bbe                __ashiftrt_r4_0
                0x06022b70                __ashiftrt_r4_31
                0x06022b7e                __ashiftrt_r4_26
                0x06022b8c                __ashiftrt_r4_22
                0x06022b98                __ashiftrt_r4_16
                0x06022ba4                __ashiftrt_r4_12
                0x06022b78                __ashiftrt_r4_29
                0x06022b96                __ashiftrt_r4_17
                0x06022b76                __ashiftrt_r4_30
                0x06022bb2                __ashiftrt_r4_5
                0x06022bac                __ashiftrt_r4_8
                0x06022b70                __ashiftrt_r4_32
                0x06022b80                __ashiftrt_r4_25
                0x06022bb8                __ashiftrt_r4_2
                0x06022b82                __ashiftrt_r4_24
                0x06022b9e                __ashiftrt_r4_15
                0x06022ba8                __ashiftrt_r4_10
                0x06022bba                __ashiftrt_r4_1
                0x06022b7a                __ashiftrt_r4_28
                0x06022b90                __ashiftrt_r4_20
                0x06022bae                __ashiftrt_r4_7
                0x06022ba2                __ashiftrt_r4_13
                0x06022ba6                __ashiftrt_r4_11
                0x06022bb4                __ashiftrt_r4_4
                0x06022b8a                __ashiftrt_r4_23
                0x06022b94                __ashiftrt_r4_18
                0x06022b8e                __ashiftrt_r4_21
                0x06022bb6                __ashiftrt_r4_3
 .text          0x06022bd0       0xa0 c:/saturn/SH_COFF/sh-coff/bin/../lib/gcc/sh-coff/3.4-GNUSH_v0501\libgcc.a(_sdivsi3.o)
                0x06022bd0                __sdivsi3
 .text          0x06022c70       0x90 c:/saturn/SH_COFF/sh-coff/bin/../lib/gcc/sh-coff/3.4-GNUSH_v0501\libgcc.a(_ashiftrt_n.o)
                0x06022c70                __ashrsi3
 .text          0x06022d00       0x90 c:/saturn/SH_COFF/sh-coff/bin/../lib/gcc/sh-coff/3.4-GNUSH_v0501\libgcc.a(_ashiftlt.o)
                0x06022d00                __ashlsi3
 .text          0x06022d90       0xb0 c:/saturn/SH_COFF/sh-coff/bin/../lib/gcc/sh-coff/3.4-GNUSH_v0501\libgcc.a(_movstr.o)
                0x06022dd0                __movstrSI16
                0x06022da4                __movstrSI60
                0x06022db0                __movstrSI48
                0x06022dac                __movstrSI52
                0x06022da0                __movstrSI64
                0x06022db4                __movstrSI44
                0x06022db8                __movstrSI40
                0x06022dbc                __movstrSI36
                0x06022df0                __movstr
                0x06022da8                __movstrSI56
                0x06022dc4                __movstrSI28
                0x06022dc0                __movstrSI32
                0x06022dd4                __movstrSI12
                0x06022dd8                __movstrSI8
                0x06022de0                __movstrSI0
                0x06022dc8                __movstrSI24
                0x06022dcc                __movstrSI20
                0x06022ddc                __movstrSI4
 .text          0x06022e40       0xa0 c:/saturn/SH_COFF/sh-coff/bin/../lib/gcc/sh-coff/3.4-GNUSH_v0501\libgcc.a(__main.o)
                0x06022eb4                __main
                0x06022e40                __do_global_dtors
                0x06022e74                __do_global_ctors
 .text          0x06022ee0       0x70 c:/saturn/SH_COFF/sh-coff/bin/../lib/gcc/sh-coff/3.4-GNUSH_v0501\libgcc.a(_udivsi3.o)
                0x06022f02                __udivsi3
 .text          0x06022f50      0x2e0 c:/saturn/SH_COFF/sh-coff/bin/../lib/gcc/sh-coff/3.4-GNUSH_v0501\libgcc.a(_mul_df.o)
                0x06022f60                __muldf3
 .text          0x06023230       0xb0 c:/saturn/SH_COFF/sh-coff/bin/../lib/gcc/sh-coff/3.4-GNUSH_v0501\libgcc.a(_si_to_df.o)
                0x06023230                __floatsidf
 .text          0x060232e0       0x80 c:/saturn/SH_COFF/sh-coff/bin/../lib/gcc/sh-coff/3.4-GNUSH_v0501\libgcc.a(_df_to_si.o)
                0x060232e0                __fixdfsi
 .text          0x06023360      0x120 c:/saturn/SH_COFF/sh-coff/bin/../lib/gcc/sh-coff/3.4-GNUSH_v0501\libgcc.a(_unpack_df.o)
                0x06023370                __unpack_d
 .text          0x06023480      0x220 c:/saturn/SH_COFF/sh-coff/bin/../lib/gcc/sh-coff/3.4-GNUSH_v0501\libgcc.a(_pack_df.o)
                0x06023490                __pack_d
 .text          0x060236a0       0x20 c:/saturn/SH_COFF/sh-coff/bin/../lib/gcc/sh-coff/3.4-GNUSH_v0501\libgcc.a(_thenan_df.o)
                0x060236a0                __thenan_df
 .text          0x060236c0       0xd0 c:/saturn/SH_COFF/sh-coff/bin/../lib/gcc/sh-coff/3.4-GNUSH_v0501\libgcc.a(_muldi3.o)
                0x060236c0                __muldi3
 .text          0x06023790       0x80 c:/saturn/SH_COFF/sh-coff/bin/../lib/gcc/sh-coff/3.4-GNUSH_v0501\libgcc.a(_lshrdi3.o)
                0x06023790                __lshrdi3
 .text          0x06023810       0x80 c:/saturn/SH_COFF/sh-coff/bin/../lib/gcc/sh-coff/3.4-GNUSH_v0501\libgcc.a(_ashldi3.o)
                0x06023810                __ashldi3
 .text          0x06023890       0x30 c:/saturn/SH_COFF/sh-coff/bin/../lib/gcc/sh-coff/3.4-GNUSH_v0501\libgcc.a(_mulsi3.o)
                0x06023890                __mulsi3
 .text          0x060238c0       0x90 c:/saturn/SH_COFF/sh-coff/bin/../lib/gcc/sh-coff/3.4-GNUSH_v0501\libgcc.a(_lshiftrt.o)
                0x060238c0                __lshrsi3
 .text          0x06023950       0x40 c:/saturn/SH_COFF/sh-coff/bin/../lib/gcc/sh-coff/3.4-GNUSH_v0501/../../../../sh-coff/lib\libc.a(memset.o)
                0x06023950                memset
 .text          0x06023990       0x60 c:/saturn/SH_COFF/sh-coff/bin/../lib/gcc/sh-coff/3.4-GNUSH_v0501/../../../../sh-coff/lib\libc.a(memcmp.o)
                0x06023990                memcmp
 .text          0x060239f0       0xa0 c:/saturn/SH_COFF/sh-coff/bin/../lib/gcc/sh-coff/3.4-GNUSH_v0501/../../../../sh-coff/lib\libc.a(memcpy.o)
                0x060239f0                memcpy
 .text          0x06023a90       0xb0 c:/saturn/SH_COFF/sh-coff/bin/../lib/gcc/sh-coff/3.4-GNUSH_v0501/../../../../sh-coff/lib\libc.a(strncmp.o)
                0x06023a90                strncmp
 .text          0x06023b40       0xa0 c:/saturn/SH_COFF/sh-coff/bin/../lib/gcc/sh-coff/3.4-GNUSH_v0501/../../../../sh-coff/lib\libc.a(strncpy.o)
                0x06023b40                strncpy
 .text          0x06023be0       0x90 c:/saturn/SH_COFF/sh-coff/bin/../lib/gcc/sh-coff/3.4-GNUSH_v0501/../../../../sh-coff/lib\libc.a(atexit.o)
                0x06023be0                atexit
 .text          0x06023c70       0x10 c:/saturn/SH_COFF/sh-coff/bin/../lib/gcc/sh-coff/3.4-GNUSH_v0501/../../../../sh-coff/lib\libc.a(impure.o)
                0x06023c70                _global_impure_ptr
 .text          0x06023c80       0x40 c:/saturn/SH_COFF/sh-coff/bin/../lib/gcc/sh-coff/3.4-GNUSH_v0501/../../../../sh-coff/lib\libc.a(malloc.o)
                0x06023c9c                free
                0x06023c80                malloc
 .text          0x06023cc0      0x5b0 c:/saturn/SH_COFF/sh-coff/bin/../lib/gcc/sh-coff/3.4-GNUSH_v0501/../../../../sh-coff/lib\libc.a(mallocr.o)
                0x06023cc0                _malloc_r
 .text          0x06024270      0x340 c:/saturn/SH_COFF/sh-coff/bin/../lib/gcc/sh-coff/3.4-GNUSH_v0501/../../../../sh-coff/lib\libc.a(freer.o)
                0x06024270                _malloc_trim_r
                0x06024364                _free_r
 .text          0x060245b0       0x20 c:/saturn/SH_COFF/sh-coff/bin/../lib/gcc/sh-coff/3.4-GNUSH_v0501/../../../../sh-coff/lib\libc.a(mlock.o)
                0x060245b0                __malloc_lock
                0x060245bc                __malloc_unlock
 .text          0x060245d0       0x50 c:/saturn/SH_COFF/sh-coff/bin/../lib/gcc/sh-coff/3.4-GNUSH_v0501/../../../../sh-coff/lib\libc.a(sbrkr.o)
                0x060245d0                _sbrk_r
 .text          0x06024620      0x380 c:/saturn/SH_COFF/sh-coff/bin/../lib/gcc/sh-coff/3.4-GNUSH_v0501/../../../../sh-coff/lib\libc.a(syscalls.o)
                0x0602478c                _exit
                0x060247c0                _getpid
                0x06024828                _utime
                0x06024658                _write
                0x06024620                _read
                0x06024774                _unlink
                0x0602473c                _open
                0x060247d8                _stat
                0x06024780                isatty
                0x06024858                _wait
                0x060247a4                _kill
                0x060247f4                _chmod
                0x06024888                _execv
                0x0602486c                _execve
                0x06024964                __setup_argv_and_call_main
                0x060248c0                _gettimeofday
                0x0602468c                _link
                0x060247cc                _raise
                0x06024758                _creat
                0x060248a0                _pipe
                0x0602480c                _chown
                0x0602463c                _lseek
                0x06024674                _close
                0x060248b4                _times
                0x06024728                _fstat
                0x06024844                _fork
                0x060246b4                _sbrk
 .text          0x060249a0       0x20 c:/saturn/SH_COFF/sh-coff/bin/../lib/gcc/sh-coff/3.4-GNUSH_v0501/../../../../sh-coff/lib\libc.a(trap.o)
                0x060249a0                __trap34
 .text          0x060249c0       0x20 c:/saturn/SH_COFF/sh-coff/bin/../lib/gcc/sh-coff/3.4-GNUSH_v0501/../../../../sh-coff/lib\libc.a(abort.o)
                0x060249c0                abort
 .text          0x060249e0      0x270 c:/saturn/SH_COFF/sh-coff/bin/../lib/gcc/sh-coff/3.4-GNUSH_v0501/../../../../sh-coff/lib\libc.a(signal.o)
                0x06024aa0                _raise_r
                0x06024c28                __sigtramp
                0x06024bd4                raise
                0x06024c10                _init_signal
                0x06024b60                __sigtramp_r
                0x06024bf0                signal
                0x06024a2c                _signal_r
                0x060249e0                _init_signal_r
 .text          0x06024c50       0x60 c:/saturn/SH_COFF/sh-coff/bin/../lib/gcc/sh-coff/3.4-GNUSH_v0501/../../../../sh-coff/lib\libc.a(signalr.o)
                0x06024c98                _getpid_r
                0x06024c50                _kill_r
 *(.strings)

.tors           0x06024cb0        0x0
                0x06024cb0                ___ctors = .
 *(.ctors)
                0x06024cb0                ___ctors_end = .
                0x06024cb0                ___dtors = .
 *(.dtors)
                0x06024cb0                ___dtors_end = .

.data           0x06024cb0     0x34a0
                0x06024cb0                STARTOF_R = .
 *(.data)
 .data          0x06024cb0      0x400 ../sbl6/segasmp/per/smpclib/per_x1.o
 .data          0x060250b0     0x21e0 graphics.o
                0x06025178                cyberblock_name
                0x0602665e                girl2_num
                0x060251c8                metalorange_name
                0x060251d6                metalorange_num
                0x06026252                girl3_num
                0x06026a6a                girl1_num
                0x06025188                metalorange_pal
                0x06026a6c                roarframes_pal
                0x06025124                starnear_name
                0x06026e7c                roarbg_pal
                0x0602727c                roarbg_name
                0x06026a60                girl1_name
                0x060251d8                title_pal
                0x060250fa                font_height
                0x06026e6c                roarframes_name
                0x06026248                girl3_name
                0x06026660                girl1_pal
                0x06025e48                girl3_pal
                0x06025a3a                girl5_num
                0x060255e2                title_num
                0x060250f0                font_name
                0x06027288                roarbg_num
                0x06025186                cyberblock_num
                0x06025630                girl5_pal
                0x060250fc                font_width
                0x0602562e                stars_num
                0x060255d8                title_name
                0x06025104                starfar_name
                0x06025624                stars_name
                0x06025100                font_num
                0x060250b0                font_pal
                0x06025122                starmid_width
                0x06025134                starnear_width
                0x06025110                starfar_height
                0x06025e46                girl4_num
                0x060250fe                font_size
                0x06026e7a                roarframes_num
                0x06025138                cyberblock_pal
                0x06025132                starnear_height
                0x06025114                starmid_name
                0x06025a30                girl5_name
                0x06025a3c                girl4_pal
                0x06025120                starmid_height
                0x060255e4                stars_pal
                0x06025e3c                girl4_name
                0x06026254                girl2_pal
                0x06025112                starfar_width
                0x06026654                girl2_name
 .data          0x06027290      0x1a0 intro.o
 .data          0x06027430       0x40 logo.o
 .data          0x06027470       0x10 pcmsys.o
                0x06027474                scsp_load
                0x06027478                m68k_com
                0x06027470                master_volume
 .data          0x06027480       0x30 scroll.o
                0x06027490                CycleTbLoRes
                0x060274a0                vram
                0x06027480                CycleTbHiRes
 .data          0x060274b0       0x30 sprite.o
 .data          0x060274e0      0x400 ../sbl6/segalib/lib/sega_int.a(int.o)
 .data          0x060278e0       0x1c ../sbl6/segalib/lib/sega_spr.a(spr_slv.o)
                0x060278e8                SPR_SlaveParam
                0x060278f8                SPR_SMPC_SF
                0x060278f0                SPR_SMPC_COM
                0x060278ec                SPR_SlaveSHEntry
                0x060278e4                SPR_SlaveState
                0x060278e0                SPR_SlaveCommand
                0x060278f4                SPR_SMPC_RET
 *fill*         0x060278fc        0x4 00
 .data          0x06027900       0x34 ../sbl6/segalib/lib/sega_spr.a(spr_1c.o)
                0x06027900                SpInitialFlag
 *fill*         0x06027934        0xc 00
 .data          0x06027940       0x1c ../sbl6/segalib/lib/sega_scl.a(scl_vblv.o)
                0x06027948                VBInterval
                0x06027950                ReqDisplayFlag
                0x06027940                SpFrameChgMode
                0x0602794c                VBIntervalCounter
                0x06027944                SpFrameEraseMode
 *fill*         0x0602795c        0x4 00
 .data          0x06027960       0x18 ../sbl6/segalib/lib/sega_scl.a(scl_pri.o)
                0x06027964                SclRealSpPriNum
                0x06027974                SclRealColOffset
                0x06027970                SclRealBgColMix
                0x0602796c                SclRealSpColMix
                0x06027968                SclRealBgPriNum
                0x06027960                SclRealOtherPri
 *fill*         0x06027978        0x8 00
 .data          0x06027980       0x36 ../sbl6/segalib/lib/sega_scl.a(scl_func.o)
                0x06027990                SclRotregBuff
                0x0602798c                SclDisplayY
                0x06027994                SclRotateTableMode
                0x06027988                SclProcess
                0x06027984                SclCurSclNum
                0x06027980                SclLengthLsTbl
                0x0602798a                SclDisplayX
                0x06027982                SclLengthCsTbl
 *fill*         0x060279b6        0xa 00
 .data          0x060279c0      0x380 c:/saturn/SH_COFF/sh-coff/bin/../lib/gcc/sh-coff/3.4-GNUSH_v0501/../../../../sh-coff/lib\libc.a(impure.o)
                0x06027d3c                _impure_ptr
 .data          0x06027d40      0x410 c:/saturn/SH_COFF/sh-coff/bin/../lib/gcc/sh-coff/3.4-GNUSH_v0501/../../../../sh-coff/lib\libc.a(mallocr.o)
                0x06027d48                __malloc_av_
                0x06027d44                __malloc_trim_threshold
                0x06027d40                __malloc_sbrk_base
                0x06028150                SIZEOF_R = (. - STARTOF_R)
                0x06028150                ENDOF_R = .

.bss            0x06028150     0xcac4
                0x06028150                STARTOF_B = .
 *(.bss)
 .bss           0x06028150       0x10 vblank.o
                0x06028154                PadData2E
                0x0602815a                PadData1
                0x06028156                PadData2
                0x06028158                PadData1E
                0x06028150                __port
 .bss           0x06028160       0xd0 ../sbl6/segasmp/per/smpclib/per_x2.o
 .bss           0x06028230     0x1970 intro.o
 .bss           0x06029ba0       0x20 logo.o
 .bss           0x06029bc0       0x10 pcmsys.o
                0x06029bc0                numberPCMs
 .bss           0x06029bd0       0x10 scroll.o
                0x06029bd0                scroll_res
 .bss           0x06029be0     0x3800 sprite.o
                0x06029be0                num_sprites
 .bss           0x0602d3e0       0x10 main.o
                0x0602d3e0                frame
 .bss           0x0602d3f0       0x6e ../sbl6/segalib/lib/sega_spr.a(spr_2c.o)
 *fill*         0x0602d45e        0x2 00
 .bss           0x0602d460        0x4 ../sbl6/segalib/lib/sega_scl.a(scl_vblv.o)
 *fill*         0x0602d464        0xc 00
 .bss           0x0602d470     0x1900 ../sbl6/segalib/lib/sega_scl.a(scl_fu05.o)
 .bss           0x0602ed70        0x4 ../sbl6/segalib/lib/sega_scl.a(scl_func.o)
 *fill*         0x0602ed74        0xc 00
 .bss           0x0602ed80       0x48 ../sbl6/segalib/lib/sega_scl.a(scl_ro00.o)
 *fill*         0x0602edc8        0x8 00
 .bss           0x0602edd0        0xc ../sbl6/segalib/lib/sega_cdc.a(cdc_sub.o)
 *fill*         0x0602eddc        0x4 00
 .bss           0x0602ede0        0x2 ../sbl6/segalib/lib/sega_cdc.a(cdc_reg.o)
 *fill*         0x0602ede2        0xe 00
 .bss           0x0602edf0       0x9c ../sbl6/segalib/lib/sega_per.a(per_prt.o)
 *fill*         0x0602ee8c        0x4 00
 .bss           0x0602ee90        0xc ../sbl6/segalib/lib/sega_sat.a(DMA_SCU1.o)
 *fill*         0x0602ee9c        0x4 00
 .bss           0x0602eea0        0xc ../sbl6/segalib/lib/sega_sat.a(gfs_trn.o)
 *fill*         0x0602eeac        0x4 00
 .bss           0x0602eeb0       0x20 ../sbl6/segalib/lib/sega_sat.a(DMA_SCU0.o)
 .bss           0x0602eed0       0x10 c:/saturn/SH_COFF/sh-coff/bin/../lib/gcc/sh-coff/3.4-GNUSH_v0501\libgcc.a(__main.o)
 .bss           0x0602eee0       0x10 c:/saturn/SH_COFF/sh-coff/bin/../lib/gcc/sh-coff/3.4-GNUSH_v0501/../../../../sh-coff/lib\libc.a(atexit.o)
 .bss           0x0602eef0       0x40 c:/saturn/SH_COFF/sh-coff/bin/../lib/gcc/sh-coff/3.4-GNUSH_v0501/../../../../sh-coff/lib\libc.a(mallocr.o)
                0x0602ef20                __malloc_top_pad
                0x0602eef0                __malloc_current_mallinfo
                0x0602ef1c                __malloc_max_sbrked_mem
                0x0602ef18                __malloc_max_total_mem
 .bss           0x0602ef30       0x10 c:/saturn/SH_COFF/sh-coff/bin/../lib/gcc/sh-coff/3.4-GNUSH_v0501/../../../../sh-coff/lib\libc.a(syscalls.o)
 *(COMMON)
 COMMON         0x0602ef40     0x1674 cd.o
                                  0x0 (size before relaxing)
                0x0602ef40                dirname
                0x0602f8a0                lib_work
                0x060305a8                directory_table
 *fill*         0x060305b4        0xc 00
 COMMON         0x060305c0     0x14a0 print.o
                                  0x0 (size before relaxing)
                0x060305c0                text
 COMMON         0x06031a60      0x23c scroll.o
                                  0x0 (size before relaxing)
                0x06031a60                scfg3
                0x06031af0                scfg0
                0x06031b80                scfg2
                0x06031c10                scfg1
 *fill*         0x06031c9c        0x4 00
 COMMON         0x06031ca0     0x1460 sprite.o
                                  0x0 (size before relaxing)
                0x06031ca0                sprites
                0x06032100                image_buf
 COMMON         0x06033100       0x8c main.o
                                  0x0 (size before relaxing)
                0x06033100                off_config
 *fill*         0x0603318c        0x4 00
 COMMON         0x06033190      0x400 ../sbl6/segalib/lib/sega_int.a(int.o)
                                  0x0 (size before relaxing)
                0x06033190                __interrupt_vector
 COMMON         0x06033590       0x50 ../sbl6/segalib/lib/sega_spr.a(spr_2c.o)
                                  0x0 (size before relaxing)
                0x06033590                SpMstCmd
                0x06033594                Sp2OpenFlag
                0x06033598                SpGourTblMax
                0x0603359c                SpDrawPrtyBlk
                0x060335a0                SpLCoordX
                0x060335a4                SpMstDrawPrtyBlk
                0x060335a8                SpGourTbl
                0x060335ac                SpLookupTblR
                0x060335b0                SpCmdTbl
                0x060335b4                SpCharMax
                0x060335b8                SpDrawPrtyProcFlag
                0x060335bc                SpCmdNo
                0x060335c0                SpDrawPrtyBlkMax
                0x060335c4                SpSlvCmdPos
                0x060335c8                SpSlvDrawPrtyBlk
                0x060335cc                SpCharTbl
                0x060335d0                SpCmdTblR
                0x060335d4                SpMstCmdPos
                0x060335d8                SpSlvCmd
                0x060335dc                SpLCoordY
 COMMON         0x060335e0       0x10 ../sbl6/segalib/lib/sega_spr.a(spr_1c.o)
                                  0x0 (size before relaxing)
                0x060335e0                SpScreenY
                0x060335e4                SpFbcrMode
                0x060335e6                SpDil
                0x060335e8                SpDie
                0x060335ea                SpTvMode
                0x060335ec                SpScreenX
 COMMON         0x060335f0      0x6b0 ../sbl6/segalib/lib/sega_scl.a(scl_pri.o)
                                  0x0 (size before relaxing)
                0x060335f0                SclAutoEndBlue2
                0x06033600                SclColOffset
                0x06033610                SclPriBuffDirty
                0x06033612                SclAutoEndRed
                0x06033614                SclAutoSurface
                0x06033618                SclAutoGreen
                0x0603361a                SclAutoEndGreen
                0x0603361c                SclAutoCount
                0x06033620                SclColRamAlloc256
                0x06033640                SclAutoCurRate
                0x06033641                SclAutoPlusFlag
                0x06033648                SclSpColMix
                0x06033650                SclAutoMax
                0x06033654                SclLineColRamOffset
                0x06033658                SclColRamAlloc2048
                0x0603365c                SclBgPriNum
                0x06033662                SclAutoEndBlue
                0x06033664                SclAutoEndGreen2
                0x06033666                SclAutoVeFlag
                0x06033668                SclBgColMix
                0x06033670                SclAutoIndex
                0x06033674                SclAutoEndRate
                0x06033676                SclAutoBlue
                0x06033678                SclAutoRed
                0x0603367c                SclAutoInterval
                0x06033680                SclOtherPri
                0x06033690                SclAutoRGB
                0x06033c90                SclAutoEndRed2
                0x06033c98                SclSpPriNum
 COMMON         0x06033ca0      0xf00 ../sbl6/segalib/lib/sega_scl.a(scl_func.o)
                                  0x0 (size before relaxing)
                0x06033ca0                SclRbgKtbAddr
                0x06033ca8                SclRb
                0x06033caa                Scl_flag
                0x06033cb0                SclK_TableBuff
                0x06034980                SclAddrCsTbl
                0x06034990                Scl_s_reg
                0x060349b8                SclRotateXy
                0x060349c0                Scl_d_reg
                0x06034a08                SclRotateDisp
                0x06034a10                SclRotateMoveZ
                0x06034a18                SclRotXySw
                0x06034a20                Scl_r_reg
                0x06034a30                SclRPMD
                0x06034a38                SclRbgKtbOffset
                0x06034a40                _SclRotregBuff
                0x06034b10                SclRa
                0x06034b18                SclRotateZ
                0x06034b20                SclAddrLsTbl
                0x06034b28                SclK_TableNum
                0x06034b30                SclRotateTableAddress
                0x06034b34                SclK_TableFlag
                0x06034b40                Scl_w_reg
                0x06034b60                Scl_n_reg
 COMMON         0x06034ba0       0x10 ../sbl6/segalib/lib/sega_scl.a(scl_ro00.o)
                                  0x0 (size before relaxing)
                0x06034ba0                SclCsx
                0x06034ba8                SclCsy
 COMMON         0x06034bb0       0x15 ../sbl6/segalib/lib/sega_per.a(per_prt.o)
                                  0x0 (size before relaxing)
                0x06034bb0                per_get_time_flg
                0x06034bb1                per_hot_res
                0x06034bb2                per_set_sys_flg
                0x06034bb4                per_get_time_adr
                0x06034bb8                per_get_sys_data
                0x06034bc4                per_time_out_flg
 *fill*         0x06034bc5        0xb 00
 COMMON         0x06034bd0        0xc ../sbl6/segalib/lib/sega_sat.a(gfs.o)
                                  0x0 (size before relaxing)
                0x06034bd0                GFMC_base
                0x06034bd4                gfs_mng_ptr
                0x06034bd8                gfs_use_scudma
 *fill*         0x06034bdc        0x4 00
 COMMON         0x06034be0        0x8 ../sbl6/segalib/lib/sega_sat.a(DMA_CPU5.o)
                                  0x0 (size before relaxing)
                0x06034be0                dma_cpu_cnt
                0x06034be4                dma_cpu_dis_adr
 *fill*         0x06034be8        0x8 00
 COMMON         0x06034bf0        0x8 ../sbl6/segalib/lib/sega_sat.a(gfs_cdf.o)
                                  0x0 (size before relaxing)
                0x06034bf0                gfcf_fad
                0x06034bf4                gfcf_stat
 *fill*         0x06034bf8        0x8 00
 COMMON         0x06034c00        0xc ../sbl6/segalib/lib/sega_sat.a(gfs_cdc.o)
                                  0x0 (size before relaxing)
                0x06034c00                gfcd_fatal_err
                0x06034c04                gfcd_work
                0x06034c08                gfcd_playflag
 *fill*         0x06034c0c        0x4 00
 COMMON         0x06034c10        0x4 c:/saturn/SH_COFF/sh-coff/bin/../lib/gcc/sh-coff/3.4-GNUSH_v0501/../../../../sh-coff/lib\libc.a(syscalls.o)
                                  0x0 (size before relaxing)
                0x06034c10                errno
                0x06034c14                SIZEOF_B = (. - STARTOF_B)
                0x06034c14                ENDOF_B = .
                0x06034c14                _end = .
OUTPUT(main.cof coff-sh)

.comment        0x06034c20      0x4c0
 .comment       0x06034c20       0x20 ../sbl6/segasmp/lib/strt2_g.o
 .comment       0x06034c40       0x20 vblank.o
 .comment       0x06034c60       0x20 ../sbl6/segasmp/per/smpclib/per_x1.o
 .comment       0x06034c80       0x20 ../sbl6/segasmp/per/smpclib/per_x2.o
 .comment       0x06034ca0       0x20 cd.o
 .comment       0x06034cc0       0x20 graphics.o
 .comment       0x06034ce0       0x20 intro.o
 .comment       0x06034d00       0x20 logo.o
 .comment       0x06034d20       0x20 pcmsys.o
 .comment       0x06034d40       0x20 print.o
 .comment       0x06034d60       0x20 scroll.o
 .comment       0x06034d80       0x20 sound.o
 .comment       0x06034da0       0x20 sprite.o
 .comment       0x06034dc0       0x20 main.o
 .comment       0x06034de0       0x20 c:/saturn/SH_COFF/sh-coff/bin/../lib/gcc/sh-coff/3.4-GNUSH_v0501\libgcc.a(__main.o)
 .comment       0x06034e00       0x20 c:/saturn/SH_COFF/sh-coff/bin/../lib/gcc/sh-coff/3.4-GNUSH_v0501\libgcc.a(_mul_df.o)
 .comment       0x06034e20       0x20 c:/saturn/SH_COFF/sh-coff/bin/../lib/gcc/sh-coff/3.4-GNUSH_v0501\libgcc.a(_si_to_df.o)
 .comment       0x06034e40       0x20 c:/saturn/SH_COFF/sh-coff/bin/../lib/gcc/sh-coff/3.4-GNUSH_v0501\libgcc.a(_df_to_si.o)
 .comment       0x06034e60       0x20 c:/saturn/SH_COFF/sh-coff/bin/../lib/gcc/sh-coff/3.4-GNUSH_v0501\libgcc.a(_unpack_df.o)
 .comment       0x06034e80       0x20 c:/saturn/SH_COFF/sh-coff/bin/../lib/gcc/sh-coff/3.4-GNUSH_v0501\libgcc.a(_pack_df.o)
 .comment       0x06034ea0       0x20 c:/saturn/SH_COFF/sh-coff/bin/../lib/gcc/sh-coff/3.4-GNUSH_v0501\libgcc.a(_thenan_df.o)
 .comment       0x06034ec0       0x20 c:/saturn/SH_COFF/sh-coff/bin/../lib/gcc/sh-coff/3.4-GNUSH_v0501\libgcc.a(_muldi3.o)
 .comment       0x06034ee0       0x20 c:/saturn/SH_COFF/sh-coff/bin/../lib/gcc/sh-coff/3.4-GNUSH_v0501\libgcc.a(_lshrdi3.o)
 .comment       0x06034f00       0x20 c:/saturn/SH_COFF/sh-coff/bin/../lib/gcc/sh-coff/3.4-GNUSH_v0501\libgcc.a(_ashldi3.o)
 .comment       0x06034f20       0x20 c:/saturn/SH_COFF/sh-coff/bin/../lib/gcc/sh-coff/3.4-GNUSH_v0501/../../../../sh-coff/lib\libc.a(memcmp.o)
 .comment       0x06034f40       0x20 c:/saturn/SH_COFF/sh-coff/bin/../lib/gcc/sh-coff/3.4-GNUSH_v0501/../../../../sh-coff/lib\libc.a(strncmp.o)
 .comment       0x06034f60       0x20 c:/saturn/SH_COFF/sh-coff/bin/../lib/gcc/sh-coff/3.4-GNUSH_v0501/../../../../sh-coff/lib\libc.a(strncpy.o)
 .comment       0x06034f80       0x20 c:/saturn/SH_COFF/sh-coff/bin/../lib/gcc/sh-coff/3.4-GNUSH_v0501/../../../../sh-coff/lib\libc.a(atexit.o)
 .comment       0x06034fa0       0x20 c:/saturn/SH_COFF/sh-coff/bin/../lib/gcc/sh-coff/3.4-GNUSH_v0501/../../../../sh-coff/lib\libc.a(impure.o)
 .comment       0x06034fc0       0x20 c:/saturn/SH_COFF/sh-coff/bin/../lib/gcc/sh-coff/3.4-GNUSH_v0501/../../../../sh-coff/lib\libc.a(malloc.o)
 .comment       0x06034fe0       0x20 c:/saturn/SH_COFF/sh-coff/bin/../lib/gcc/sh-coff/3.4-GNUSH_v0501/../../../../sh-coff/lib\libc.a(mallocr.o)
 .comment       0x06035000       0x20 c:/saturn/SH_COFF/sh-coff/bin/../lib/gcc/sh-coff/3.4-GNUSH_v0501/../../../../sh-coff/lib\libc.a(freer.o)
 .comment       0x06035020       0x20 c:/saturn/SH_COFF/sh-coff/bin/../lib/gcc/sh-coff/3.4-GNUSH_v0501/../../../../sh-coff/lib\libc.a(mlock.o)
 .comment       0x06035040       0x20 c:/saturn/SH_COFF/sh-coff/bin/../lib/gcc/sh-coff/3.4-GNUSH_v0501/../../../../sh-coff/lib\libc.a(sbrkr.o)
 .comment       0x06035060       0x20 c:/saturn/SH_COFF/sh-coff/bin/../lib/gcc/sh-coff/3.4-GNUSH_v0501/../../../../sh-coff/lib\libc.a(syscalls.o)
 .comment       0x06035080       0x20 c:/saturn/SH_COFF/sh-coff/bin/../lib/gcc/sh-coff/3.4-GNUSH_v0501/../../../../sh-coff/lib\libc.a(abort.o)
 .comment       0x060350a0       0x20 c:/saturn/SH_COFF/sh-coff/bin/../lib/gcc/sh-coff/3.4-GNUSH_v0501/../../../../sh-coff/lib\libc.a(signal.o)
 .comment       0x060350c0       0x20 c:/saturn/SH_COFF/sh-coff/bin/../lib/gcc/sh-coff/3.4-GNUSH_v0501/../../../../sh-coff/lib\libc.a(signalr.o)
