Archive member included because of file (symbol)

c:/saturn/sbl6/segalib/lib/sega_int.a(int.o)
                              vblank.o (INT_SetScuFunc)
c:/saturn/sbl6/segalib/lib/sega_int.a(int_trmp.o)
                              c:/saturn/sbl6/segalib/lib/sega_int.a(int.o) (__interrupt_handler0)
c:/saturn/sbl6/segalib/lib/sega_spr.a(spr_2c.o)
                              sprite.o (SPR_2Initial)
c:/saturn/sbl6/segalib/lib/sega_spr.a(spr_slv.o)
                              c:/saturn/sbl6/segalib/lib/sega_spr.a(spr_2c.o) (SPR_InitSlaveSH)
c:/saturn/sbl6/segalib/lib/sega_spr.a(spr_1c.o)
                              c:/saturn/sbl6/segalib/lib/sega_spr.a(spr_2c.o) (SPR_Initial)
c:/saturn/sbl6/segalib/lib/sega_spr.a(spr_2a.o)
                              c:/saturn/sbl6/segalib/lib/sega_spr.a(spr_2c.o) (SPR_2SetDrawPrty)
c:/saturn/sbl6/segalib/lib/sega_scl.a(scl_vblv.o)
                              c:/saturn/sbl6/segalib/lib/sega_spr.a(spr_1c.o) (SpFrameChgMode)
c:/saturn/sbl6/segalib/lib/sega_scl.a(scl_pr12.o)
                              game.o (SCL_SetColOffset)
c:/saturn/sbl6/segalib/lib/sega_scl.a(scl_pr07.o)
                              game.o (SCL_SetPriority)
c:/saturn/sbl6/segalib/lib/sega_scl.a(scl_pr02.o)
                              game.o (SCL_SetColRam)
c:/saturn/sbl6/segalib/lib/sega_scl.a(scl_pr11.o)
                              game.o (SCL_SetAutoColOffset)
c:/saturn/sbl6/segalib/lib/sega_scl.a(scl_pri.o)
                              c:/saturn/sbl6/segalib/lib/sega_scl.a(scl_pr11.o) (SclAutoVeFlag)
c:/saturn/sbl6/segalib/lib/sega_scl.a(scl_pr10.o)
                              intro.o (SCL_SetAutoColMix)
c:/saturn/sbl6/segalib/lib/sega_scl.a(scl_fu05.o)
                              intro.o (SCL_InitLineParamTb)
c:/saturn/sbl6/segalib/lib/sega_scl.a(scl_func.o)
                              c:/saturn/sbl6/segalib/lib/sega_scl.a(scl_fu05.o) (SclLengthLsTbl)
c:/saturn/sbl6/segalib/lib/sega_scl.a(scl_pr01.o)
                              scroll.o (SCL_SetSpriteMode)
c:/saturn/sbl6/segalib/lib/sega_scl.a(scl_fu01.o)
                              scroll.o (SCL_SetDisplayMode)
c:/saturn/sbl6/segalib/lib/sega_scl.a(scl_fu04.o)
                              scroll.o (SCL_SetCycleTable)
c:/saturn/sbl6/segalib/lib/sega_scl.a(scl_pr03.o)
                              scroll.o (SCL_AllocColRam)
c:/saturn/sbl6/segalib/lib/sega_scl.a(scl_back.o)
                              scroll.o (SCL_SetBack)
c:/saturn/sbl6/segalib/lib/sega_scl.a(scl_fu03.o)
                              scroll.o (SCL_InitConfigTb)
c:/saturn/sbl6/segalib/lib/sega_scl.a(scl_fu02.o)
                              scroll.o (SCL_InitVramConfigTb)
c:/saturn/sbl6/segalib/lib/sega_scl.a(scl_pr09.o)
                              scroll.o (SCL_SetColMixMode)
c:/saturn/sbl6/segalib/lib/sega_scl.a(scl_pr05.o)
                              c:/saturn/sbl6/segalib/lib/sega_scl.a(scl_pr02.o) (SCL_GetColRamOffset)
c:/saturn/sbl6/segalib/lib/sega_scl.a(scl_ro00.o)
                              c:/saturn/sbl6/segalib/lib/sega_scl.a(scl_func.o) (SCL_Rotate)
c:/saturn/sbl6/segalib/lib/sega_scl.a(scl_pr06.o)
                              c:/saturn/sbl6/segalib/lib/sega_scl.a(scl_pr03.o) (SCL_SetColRamOffset)
c:/saturn/sbl6/segalib/lib/sega_mth.a(mth_tri.o)
                              ball.o (MTH_Sin)
c:/saturn/sbl6/segalib/lib/sega_mth.a(mth_fixd.o)
                              ball.o (MTH_Mul)
c:/saturn/sbl6/segalib/lib/sega_mth.a(mth_rand.o)
                              main.o (MTH_InitialRand)
c:/saturn/sbl6/segalib/lib/sega_cdc.a(cdc_drv.o)
                              sound.o (CDC_CdPlay)
c:/saturn/sbl6/segalib/lib/sega_cdc.a(cdc_cmn.o)
                              main.o (CDC_GetPeriStat)
c:/saturn/sbl6/segalib/lib/sega_cdc.a(cdc_sub.o)
                              c:/saturn/sbl6/segalib/lib/sega_cdc.a(cdc_cmn.o) (CDSUB_UpdStatus)
c:/saturn/sbl6/segalib/lib/sega_cdc.a(cdc_reg.o)
                              c:/saturn/sbl6/segalib/lib/sega_cdc.a(cdc_cmn.o) (CDREG_ClrHirqReq)
c:/saturn/sbl6/segalib/lib/sega_per.a(per_prt.o)
                              smpclib/per_x2.o (PER_LInit)
c:/saturn/sbl6/segalib/lib/sega_sat.a(gfs.o)
                              cd.o (GFS_Init)
c:/saturn/sbl6/segalib/lib/sega_sat.a(DMA_CPU1.o)
                              game.o (DMA_CpuMemCopy1)
c:/saturn/sbl6/segalib/lib/sega_sat.a(DMA_CPU2.o)
                              intro.o (DMA_CpuMemCopy2)
c:/saturn/sbl6/segalib/lib/sega_sat.a(DMA_SCU1.o)
                              c:/saturn/sbl6/segalib/lib/sega_spr.a(spr_2c.o) (DMA_ScuMemCopy)
c:/saturn/sbl6/segalib/lib/sega_sat.a(gfs_cdf.o)
                              c:/saturn/sbl6/segalib/lib/sega_sat.a(gfs.o) (GFCF_Init)
c:/saturn/sbl6/segalib/lib/sega_sat.a(gfs_dir.o)
                              c:/saturn/sbl6/segalib/lib/sega_sat.a(gfs.o) (GFDR_SetupDirTbl)
c:/saturn/sbl6/segalib/lib/sega_sat.a(gfs_trn.o)
                              c:/saturn/sbl6/segalib/lib/sega_sat.a(gfs.o) (GFTR_Setup)
[...]
Memory Configuration

Name             Origin             Length             Attributes
*default*        0x00000000         0xffffffff

Linker script and memory map

LOAD c:/saturn/sbl6/segasmp/lib/strt1_g.o
LOAD c:/saturn/sbl6/segasmp/lib/strt2_g.o
LOAD vblank.o
LOAD smpclib/per_x1.o
LOAD smpclib/per_x2.o
LOAD smpclib/per_x3.o
LOAD spritecode/explosion.o
LOAD ball.o
LOAD barrier.o
LOAD capsule.o
LOAD cd.o
LOAD crc.o
LOAD devcart.o
LOAD game.o
LOAD graphics.o
LOAD intro.o
LOAD laser.o
LOAD level.o
LOAD logo.o
LOAD menu.o
LOAD pcmsys.o
LOAD print.o
LOAD scroll.o
LOAD sound.o
LOAD sprite.o
LOAD main.o
LOAD c:/saturn/sbl6/segalib/lib/sega_int.a
LOAD c:/saturn/sbl6/segalib/lib/sega_spr.a
LOAD c:/saturn/sbl6/segalib/lib/sega_scl.a
LOAD c:/saturn/sbl6/segalib/lib/sega_mth.a
LOAD c:/saturn/sbl6/segalib/lib/sega_cdc.a
LOAD c:/saturn/sbl6/segalib/lib/sega_adp.a
LOAD c:/saturn/sbl6/segalib/lib/sega_per.a
LOAD c:/saturn/sbl6/segalib/lib/sega_sat.a
LOAD c:/saturn/SH_COFF/sh-coff/bin/../lib/gcc/sh-coff/3.4-GNUSH_v0501\libgcc.a
LOAD c:/saturn/SH_COFF/sh-coff/bin/../lib/gcc/sh-coff/3.4-GNUSH_v0501/../../../../sh-coff/lib\libc.a
LOAD c:/saturn/SH_COFF/sh-coff/bin/../lib/gcc/sh-coff/3.4-GNUSH_v0501\libgcc.a

.text           0x06010000    0x18960
 *(.text)
 .text          0x06010000       0x30 c:/saturn/sbl6/segasmp/lib/strt1_g.o
                0x06010024                _D_END
                0x06010020                _D_BGN
                0x0601002c                _B_END
                0x06010028                _B_BGN
                0x06010000                START
 .text          0x06010030       0x60 c:/saturn/sbl6/segasmp/lib/strt2_g.o
                0x06010050                _INITSCT
                0x06010030                _INIT
 .text          0x06010090      0x1d0 vblank.o
                0x06010090                SetVblank
                0x06010110                UsrVblankOut
                0x060100f0                UsrVblankIn
 .text          0x06010260      0x240 smpclib/per_x1.o
                0x06010440                PER_GetAnalogXYZ
                0x06010280                PER_GetTriggerHandler
                0x060103d0                PER_GetEdge
                0x06010390                PER_GetTrigger
                0x060103e0                PER_GetPressEdge
                0x06010410                PER_GetReleaseEdge
                0x06010260                PER_SetTriggerHandler
 .text          0x060104a0      0x180 smpclib/per_x2.o
                0x06010580                PER_GetDeviceA
                0x060104a0                PER_OpenPort
                0x060104d0                PER_GetPort
                0x060105c0                PER_GetDeviceR
 .text          0x06010620       0x20 smpclib/per_x3.o
                0x06010620                PER_DisguiseTrigger
 .text          0x06010640       0xb0 spritecode/explosion.o
                0x060106a0                explosion_move
                0x06010640                explosion_make
 .text          0x060106f0      0x4c0 ball.o
                0x060108f0                ball_move
                0x06010820                ball_remove
                0x06010710                ball_add
                0x06010870                ball_bounce
                0x060106f0                ball_init
                0x06010b30                ball_draw
 .text          0x06010bb0      0x180 barrier.o
                0x06010be0                barrier_move
                0x06010bb0                barrier_init
                0x06010c70                barrier_draw
 .text          0x06010d30      0x230 capsule.o
                0x06010de0                capsule_run
                0x06010d50                capsule_add
                0x06010f00                capsule_draw
                0x06010d90                capsule_remove
                0x06010d30                capsule_init
 .text          0x06010f60      0x120 cd.o
                0x06011000                cd_load_nosize
                0x06010f60                cd_init
                0x06010f90                cd_load
 .text          0x06011080      0x140 crc.o
                0x06011180                crc_update
 .text          0x060111c0      0x1c0 devcart.o
                0x06011340                devcart_reset
                0x06011230                devcart_loadfile
                0x06011330                devcart_printstr
 .text          0x06011380     0x17d0 game.o
                0x06011480                game_incpowerup
                0x060115f0                game_run
                0x06011560                game_loss
                0x060114b0                game_powerupreset
 .text          0x06012b50      0xe10 intro.o
                0x06012b50                intro_run
 .text          0x06013960      0x180 laser.o
                0x06013980                laser_add
                0x060139c0                laser_remove
                0x06013a70                laser_draw
                0x06013960                laser_init
                0x06013a00                laser_move
 .text          0x06013ae0      0x710 level.o
                0x06013de0                level_disp
                0x06013ae0                level_load
 .text          0x060141f0      0x370 logo.o
                0x06014250                logo_run
                0x060141f0                logo_loadframe
 .text          0x06014560      0xbd0 menu.o
                0x06014890                menu_run
                0x06014740                sqrt32
 .text          0x06015130      0x8c0 pcmsys.o
                0x060157f0                load_8bit_pcm
                0x06015550                smpc_issue_command
                0x060155f0                load_drv
                0x06015980                pcm_parameter_change
                0x06015530                smpc_wait_till_ready
                0x06015570                load_driver_binary
                0x06015940                pcm_play
                0x060159b0                pcm_cease
                0x06015640                calculate_bytes_per_blank
                0x06015690                load_16bit_pcm
 .text          0x060159f0      0x230 print.o
                0x06015b80                print_display
                0x06015ad0                print_num
                0x060159f0                print_load
                0x06015aa0                print_init
                0x06015b20                print_string
 .text          0x06015c20      0x580 scroll.o
                0x06015c20                scroll_lores
                0x06016060                scroll_move
                0x060160b0                scroll_clearmaps
                0x06016010                scroll_set
                0x06016100                scroll_charsize
                0x06016150                scroll_mapsize
                0x06015c90                scroll_hires
                0x06015de0                scroll_init
                0x06015d00                scroll_scale
 .text          0x060161a0      0x1a0 sound.o
                0x06016320                sound_play
                0x060161d0                sound_init
                0x060162c0                sound_cdda
 .text          0x06016340      0x5f0 sprite.o
                0x06016370                sprite_init
                0x06016760                sprite_make
                0x060168a0                sprite_next
                0x06016420                sprite_erase
                0x06016900                sprite_delete
                0x060167b0                sprite_draw_all
                0x06016340                sprite_deleteall
                0x06016480                sprite_startdraw
                0x06016500                sprite_draw
 .text          0x06016930      0x210 main.o
                0x06016930                main
 .text          0x06016b40       0x40 c:/saturn/sbl6/segalib/lib/sega_int.a(int.o)
                0x06016b6c                INT_GetScuFunc
                0x06016b40                INT_SetScuFunc
 .text          0x06016b80      0x624 c:/saturn/sbl6/segalib/lib/sega_int.a(int_trmp.o)
                0x06016ce8                __interrupt_handler60
                0x06016e98                __interrupt_handler132
                0x0601704e                __interrupt_handler205
                0x06016eb6                __interrupt_handler137
                0x06016de4                __interrupt_handler102
                0x06016c22                __interrupt_handler27
                0x06017024                __interrupt_handler198
                0x06016f16                __interrupt_handler153
                0x06016bfe                __interrupt_handler21
                0x06016d0c                __interrupt_handler66
                0x06016dfc                __interrupt_handler106
                0x06016f46                __interrupt_handler161
                0x06016d90                __interrupt_handler88
                0x06016f5e                __interrupt_handler165
                0x06016e6e                __interrupt_handler125
                0x06016ba4                __interrupt_handler6
                0x06016c40                __interrupt_handler32
                0x06016ffa                __interrupt_handler191
                0x06017114                __interrupt_handler238
                0x0601712c                __interrupt_handler242
                0x06016f34                __interrupt_handler158
                0x06016d9c                __interrupt_handler90
                0x06016f58                __interrupt_handler164
                0x06016c7c                __interrupt_handler42
                0x06016fbe                __interrupt_handler181
                0x060170c6                __interrupt_handler225
                0x0601716e                __interrupt_handler253
                0x06016f82                __interrupt_handler171
                0x06016d3c                __interrupt_handler74
                0x06016b92                __interrupt_handler3
                0x06016cd6                __interrupt_handler57
                0x06016bd4                __interrupt_handler14
                0x0601706c                __interrupt_handler210
                0x0601709c                __interrupt_handler218
                0x06017060                __interrupt_handler208
                0x06016c64                __interrupt_handler38
                0x06016b80                __interrupt_handler0
                0x06016df0                __interrupt_handler104
                0x06016f2e                __interrupt_handler157
                0x0601707e                __interrupt_handler213
                0x06016f70                __interrupt_handler168
                0x06016d7e                __interrupt_handler85
                0x06016e1a                __interrupt_handler111
                0x06016e2c                __interrupt_handler114
                0x06016c9a                __interrupt_handler47
                0x060170f0                __interrupt_handler232
                0x060170ba                __interrupt_handler223
                0x0601710e                __interrupt_handler237
                0x06016cfa                __interrupt_handler63
                0x06016c88                __interrupt_handler44
                0x06016f9a                __interrupt_handler175
                0x06016fc4                __interrupt_handler182
                0x06016fdc                __interrupt_handler186
                0x06016eda                __interrupt_handler143
                0x06016e02                __interrupt_handler107
                0x06016e68                __interrupt_handler124
                0x06016f88                __interrupt_handler172
                0x0601713e                __interrupt_handler245
                0x06016dba                __interrupt_handler95
                0x06016e92                __interrupt_handler131
                0x06016ea4                __interrupt_handler134
                0x06016ec2                __interrupt_handler139
                0x06016d30                __interrupt_handler72
                0x060170ea                __interrupt_handler231
                0x06016f40                __interrupt_handler160
                0x06016e86                __interrupt_handler129
                0x06016bf8                __interrupt_handler20
                0x06016d06                __interrupt_handler65
                0x06016cd0                __interrupt_handler56
                0x06016bce                __interrupt_handler13
                0x06017066                __interrupt_handler209
                0x06016e20                __interrupt_handler112
                0x06016bf2                __interrupt_handler19
                0x06016dae                __interrupt_handler93
                0x06017018                __interrupt_handler196
                0x06016f0a                __interrupt_handler151
                0x06016f6a                __interrupt_handler167
                0x06017180                __trampoline
                0x06016be6                __interrupt_handler17
                0x060170d8                __interrupt_handler228
                0x0601717a                __interrupt_handler255
                0x06017138                __interrupt_handler244
                0x06016dd2                __interrupt_handler99
                0x06016fca                __interrupt_handler183
                0x06016ec8                __interrupt_handler140
                0x06016fee                __interrupt_handler189
                0x06016eec                __interrupt_handler146
                0x060170b4                __interrupt_handler222
                0x06016f28                __interrupt_handler156
                0x06016e5c                __interrupt_handler122
                0x06017150                __interrupt_handler248
                0x06016ca0                __interrupt_handler48
                0x06016d1e                __interrupt_handler69
                0x06016c10                __interrupt_handler24
                0x06016d96                __interrupt_handler89
                0x0601708a                __interrupt_handler215
                0x06017174                __interrupt_handler254
                0x06016d8a                __interrupt_handler87
                0x06016cee                __interrupt_handler61
                0x06017012                __interrupt_handler195
                0x06016f04                __interrupt_handler150
                0x06016c76                __interrupt_handler41
                0x06016e14                __interrupt_handler110
                0x06016e7a                __interrupt_handler127
                0x06016e08                __interrupt_handler108
                0x06016e26                __interrupt_handler113
                0x06016e38                __interrupt_handler116
                0x06016e56                __interrupt_handler121
                0x06016d4e                __interrupt_handler77
                0x06016c6a                __interrupt_handler39
                0x06016c82                __interrupt_handler43
                0x06017156                __interrupt_handler249
                0x06016f94                __interrupt_handler174
                0x06016eb0                __interrupt_handler136
                0x06016fe8                __interrupt_handler188
                0x06016ee6                __interrupt_handler145
                0x06016bb6                __interrupt_handler9
                0x06016d5a                __interrupt_handler79
                0x060170d2                __interrupt_handler227
                0x06016c4c                __interrupt_handler34
                0x06016e8c                __interrupt_handler130
                0x0601714a                __interrupt_handler247
                0x06016d42                __interrupt_handler75
                0x06016f8e                __interrupt_handler173
                0x06016cbe                __interrupt_handler53
                0x06016efe                __interrupt_handler149
                0x06017162                __interrupt_handler251
                0x060170f6                __interrupt_handler233
                0x06016bbc                __interrupt_handler10
                0x06017048                __interrupt_handler204
                0x06016d6c                __interrupt_handler82
                0x06016d72                __interrupt_handler83
                0x06016c16                __interrupt_handler25
                0x06017132                __interrupt_handler243
                0x06016f4c                __interrupt_handler162
                0x06016c94                __interrupt_handler46
                0x06016fac                __interrupt_handler178
                0x06016d60                __interrupt_handler80
                0x06016cf4                __interrupt_handler62
                0x06016b8c                __interrupt_handler2
                0x06016c2e                __interrupt_handler29
                0x06016d24                __interrupt_handler70
                0x06016e0e                __interrupt_handler109
                0x06016ef8                __interrupt_handler148
                0x06016db4                __interrupt_handler94
                0x060170c0                __interrupt_handler224
                0x06016dea                __interrupt_handler103
                0x06016c58                __interrupt_handler36
                0x06016e74                __interrupt_handler126
                0x06017144                __interrupt_handler246
                0x06016cca                __interrupt_handler55
                0x06016bc8                __interrupt_handler12
                0x06016cb8                __interrupt_handler52
                0x06016fe2                __interrupt_handler187
                0x06016ee0                __interrupt_handler144
                0x06016e3e                __interrupt_handler117
                0x06016bec                __interrupt_handler18
                0x0601701e                __interrupt_handler197
                0x06016f10                __interrupt_handler152
                0x06016e44                __interrupt_handler118
                0x06016f7c                __interrupt_handler170
                0x06017036                __interrupt_handler201
                0x06016dc6                __interrupt_handler97
                0x06016f52                __interrupt_handler163
                0x06016fb8                __interrupt_handler180
                0x06017000                __interrupt_handler192
                0x06017120                __interrupt_handler240
                0x06016e62                __interrupt_handler123
                0x06017084                __interrupt_handler214
                0x06016c3a                __interrupt_handler31
                0x06016c28                __interrupt_handler28
                0x06016d12                __interrupt_handler67
                0x06016d18                __interrupt_handler68
                0x06016c04                __interrupt_handler22
                0x06016c0a                __interrupt_handler23
                0x06016fa0                __interrupt_handler176
                0x06016baa                __interrupt_handler7
                0x060170ae                __interrupt_handler221
                0x06017096                __interrupt_handler217
                0x060170de                __interrupt_handler229
                0x06016ca6                __interrupt_handler49
                0x06016b98                __interrupt_handler4
                0x06016c70                __interrupt_handler40
                0x06016e32                __interrupt_handler115
                0x06017102                __interrupt_handler235
                0x06016da2                __interrupt_handler91
                0x06017054                __interrupt_handler206
                0x06016fa6                __interrupt_handler177
                0x06016ef2                __interrupt_handler147
                0x06016c5e                __interrupt_handler37
                0x0601715c                __interrupt_handler250
                0x06016b86                __interrupt_handler1
                0x060170a2                __interrupt_handler219
                0x06016d48                __interrupt_handler76
                0x06016dd8                __interrupt_handler100
                0x06016cdc                __interrupt_handler58
                0x06016bda                __interrupt_handler15
                0x06017078                __interrupt_handler212
                0x06017126                __interrupt_handler241
                0x0601703c                __interrupt_handler202
                0x06017006                __interrupt_handler193
                0x06016d54                __interrupt_handler78
                0x06016cac                __interrupt_handler50
                0x06016c46                __interrupt_handler33
                0x06016f64                __interrupt_handler166
                0x06016ebc                __interrupt_handler138
                0x06016eaa                __interrupt_handler135
                0x06016c34                __interrupt_handler30
                0x06016fd0                __interrupt_handler184
                0x06016ece                __interrupt_handler141
                0x060170e4                __interrupt_handler230
                0x06017108                __interrupt_handler236
                0x06016e4a                __interrupt_handler119
                0x06016d84                __interrupt_handler86
                0x06016df6                __interrupt_handler105
                0x06016d66                __interrupt_handler81
                0x06016e50                __interrupt_handler120
                0x06016e80                __interrupt_handler128
                0x06016cc4                __interrupt_handler54
                0x06016bc2                __interrupt_handler11
                0x0601702a                __interrupt_handler199
                0x06016f1c                __interrupt_handler154
                0x06016c8e                __interrupt_handler45
                0x06017090                __interrupt_handler216
                0x06017042                __interrupt_handler203
                0x06016dde                __interrupt_handler101
                0x06016d78                __interrupt_handler84
                0x06016fd6                __interrupt_handler185
                0x06016ed4                __interrupt_handler142
                0x06016c1c                __interrupt_handler26
                0x06016d00                __interrupt_handler64
                0x06017030                __interrupt_handler200
                0x0601705a                __interrupt_handler207
                0x0601700c                __interrupt_handler194
                0x06016da8                __interrupt_handler92
                0x06016f22                __interrupt_handler155
                0x06017072                __interrupt_handler211
                0x06016e9e                __interrupt_handler133
                0x06016b9e                __interrupt_handler5
                0x06016d36                __interrupt_handler73
                0x06016be0                __interrupt_handler16
                0x0601711a                __interrupt_handler239
                0x060170fc                __interrupt_handler234
                0x06016c52                __interrupt_handler35
                0x06016ce2                __interrupt_handler59
                0x06016f76                __interrupt_handler169
                0x06016dcc                __interrupt_handler98
                0x06016d2a                __interrupt_handler71
                0x06016cb2                __interrupt_handler51
                0x06016f3a                __interrupt_handler159
                0x060170cc                __interrupt_handler226
                0x06016dc0                __interrupt_handler96
                0x06016ff4                __interrupt_handler190
                0x060170a8                __interrupt_handler220
                0x06016bb0                __interrupt_handler8
                0x06016fb2                __interrupt_handler179
                0x06017168                __interrupt_handler252
 *fill*         0x060171a4        0xc 00
 .text          0x060171b0     0x12a0 c:/saturn/sbl6/segalib/lib/sega_spr.a(spr_2c.o)
                0x06018410                SlaveFlushDrawPrtyBlock
                0x060171b0                SPR_2Initial
                0x060179f4                SPR_2SysClip
                0x06017994                SPR_2LocalCoord
                0x0601828c                SPR_2FlushDrawPrtyBlock
                0x06017f78                SPR_2DistSpr
                0x0601797c                SPR_2FlushDrawPrty
                0x0601809c                SPR_2Cmd
                0x06017678                SPR_2GourTblNoToVram
                0x060176d8                SPR_2GetAreaSizeInfo
                0x06017440                SPR_2SetGourTbl
                0x06017c2c                SPR_2Polygon
                0x060176b4                SPR_2CharNoToVram
                0x060173c0                SPR_2SetTvMode
                0x0601781c                SPR_2CloseCommand
                0x060173fc                SPR_2FrameEraseData
                0x060171d8                SPR_2Initial2
                0x06017e0c                SPR_2ScaleSpr
                0x06017a9c                SPR_2Line
                0x06017768                SPR_2OpenCommand
                0x060173dc                SPR_2FrameChgIntr
                0x06017ce8                SPR_2NormSpr
                0x06017470                SPR_2SetLookupTbl
                0x060174a4                SPR_2SetChar
                0x0601769c                SPR_2LookupTblNoToVram
                0x06017b70                SPR_2PolyLine
                0x06017610                SPR_2ClrAllChar
                0x060175c4                SPR_2ClrChar
                0x06017a40                SPR_2UserClip
 .text          0x06018450      0x1e6 c:/saturn/sbl6/segalib/lib/sega_spr.a(spr_slv.o)
                0x060185b4                SPR_WaitEndSlaveSH
                0x06018450                SPR_SMPC_SSHON
                0x06018590                SPR_RunSlaveSH
                0x06018454                SPR_InitSlaveSH
                0x0601851c                SPR_SlaveSHmain
                0x06018451                SPR_SMPC_SSHOFF
 *fill*         0x06018636        0xa 00
 .text          0x06018640      0x36a c:/saturn/sbl6/segalib/lib/sega_spr.a(spr_1c.o)
                0x060188f4                SPR_WaitDrawEnd
                0x0601890c                SPR_SetEosMode
                0x06018824                SPR_SetEraseData
                0x06018640                SPR_Initial
                0x06018718                SPR_SetTvMode
                0x060187b0                SPR_GetStatus
 *fill*         0x060189aa        0x6 00
 .text          0x060189b0      0x244 c:/saturn/sbl6/segalib/lib/sega_spr.a(spr_2a.o)
                0x060189c2                sprMemCpyW
                0x06018a20                flushDrawPrtyBlock
                0x060189b0                sprMemCpyL
                0x060189d4                SPR_2SetDrawPrty
 *fill*         0x06018bf4        0xc 00
 .text          0x06018c00      0x2fc c:/saturn/sbl6/segalib/lib/sega_scl.a(scl_vblv.o)
                0x06018cbc                SCL_DisplayFrame
                0x06018c00                SCL_SetFrameInterval
                0x06018cf0                SCL_VblInit
                0x06018d40                SCL_VblankStart
                0x06018d84                SCL_VblankEnd
 *fill*         0x06018efc        0x4 00
 .text          0x06018f00      0x1f4 c:/saturn/sbl6/segalib/lib/sega_scl.a(scl_pr12.o)
                0x06018f00                SCL_SetColOffset
 *fill*         0x060190f4        0xc 00
 .text          0x06019100      0x214 c:/saturn/sbl6/segalib/lib/sega_scl.a(scl_pr07.o)
                0x06019100                SCL_SetPriority
 *fill*         0x06019314        0xc 00
 .text          0x06019320       0x9c c:/saturn/sbl6/segalib/lib/sega_scl.a(scl_pr02.o)
                0x06019320                SCL_SetColRam
 *fill*         0x060193bc        0x4 00
 .text          0x060193c0      0x180 c:/saturn/sbl6/segalib/lib/sega_scl.a(scl_pr11.o)
                0x060193c0                SCL_SetAutoColOffset
 .text          0x06019540     0x10a4 c:/saturn/sbl6/segalib/lib/sega_scl.a(scl_pri.o)
                0x060195d4                SCL_AbortAutoVe
                0x0601a484                SCL_SetShadowBit
                0x06019a4c                SCL_AutoExec
                0x06019540                SCL_PriorityInit
                0x06019f60                SCL_IncColOffset
                0x060195e8                SCL_SetColMixRate
                0x060195b8                SCL_GetColRamMode
 *fill*         0x0601a5e4        0xc 00
 .text          0x0601a5f0       0x98 c:/saturn/sbl6/segalib/lib/sega_scl.a(scl_pr10.o)
                0x0601a5f0                SCL_SetAutoColMix
 *fill*         0x0601a688        0x8 00
 .text          0x0601a690      0x278 c:/saturn/sbl6/segalib/lib/sega_scl.a(scl_fu05.o)
                0x0601a74c                SCL_SetLineParam
                0x0601a698                SCL_InitLineParamTb
 *fill*         0x0601a908        0x8 00
 .text          0x0601a910      0xb9c c:/saturn/sbl6/segalib/lib/sega_scl.a(scl_func.o)
                0x0601b2ec                SCL_Vdp2_SGLInit
                0x0601b1fc                SCL_PriIntProc
                0x0601b174                SCL_Memcpyw
                0x0601b48c                SCL_SglOff
                0x0601b46c                SCL_SglOn
                0x0601b0e0                SCL_ScrollShow
                0x0601ab88                SCL_Close
                0x0601ae80                SCL_Scale
                0x0601a910                SCL_Vdp2Init
                0x0601acf4                SCL_Move
                0x0601afbc                SCL_CopyReg
                0x0601ab64                SCL_Open
                0x0601a994                SCL_ParametersInit
                0x0601aba4                SCL_MoveTo
                0x0601b19c                SCL_SetColRamMode
 *fill*         0x0601b4ac        0x4 00
 .text          0x0601b4b0       0x58 c:/saturn/sbl6/segalib/lib/sega_scl.a(scl_pr01.o)
                0x0601b4b0                SCL_SetSpriteMode
 *fill*         0x0601b508        0x8 00
 .text          0x0601b510      0x1ec c:/saturn/sbl6/segalib/lib/sega_scl.a(scl_fu01.o)
                0x0601b510                SCL_SetDisplayMode
 *fill*         0x0601b6fc        0x4 00
 .text          0x0601b700       0x28 c:/saturn/sbl6/segalib/lib/sega_scl.a(scl_fu04.o)
                0x0601b700                SCL_SetCycleTable
 *fill*         0x0601b728        0x8 00
 .text          0x0601b730      0x138 c:/saturn/sbl6/segalib/lib/sega_scl.a(scl_pr03.o)
                0x0601b730                SCL_FreeColRam
                0x0601b768                SCL_AllocColRam
 *fill*         0x0601b868        0x8 00
 .text          0x0601b870       0x84 c:/saturn/sbl6/segalib/lib/sega_scl.a(scl_back.o)
                0x0601b870                SCL_SetBack
 *fill*         0x0601b8f4        0xc 00
 .text          0x0601b900      0x94c c:/saturn/sbl6/segalib/lib/sega_scl.a(scl_fu03.o)
                0x0601b95c                SCL_SetConfig
                0x0601b900                SCL_InitConfigTb
 *fill*         0x0601c24c        0x4 00
 .text          0x0601c250      0x4f4 c:/saturn/sbl6/segalib/lib/sega_scl.a(scl_fu02.o)
                0x0601c288                SCL_SetVramConfig
                0x0601c250                SCL_InitVramConfigTb
 *fill*         0x0601c744        0xc 00
 .text          0x0601c750       0x40 c:/saturn/sbl6/segalib/lib/sega_scl.a(scl_pr09.o)
                0x0601c750                SCL_SetColMixMode
 .text          0x0601c790       0xac c:/saturn/sbl6/segalib/lib/sega_scl.a(scl_pr05.o)
                0x0601c790                SCL_GetColRamOffset
 *fill*         0x0601c83c        0x4 00
 .text          0x0601c840     0x1394 c:/saturn/sbl6/segalib/lib/sega_scl.a(scl_ro00.o)
                0x0601da2c                SCL_RotateZD
                0x0601ccf4                SCL_Rotate
                0x0601c9c8                SCL_InitRotateTable
 *fill*         0x0601dbd4        0xc 00
 .text          0x0601dbe0      0x1b4 c:/saturn/sbl6/segalib/lib/sega_scl.a(scl_pr06.o)
                0x0601dbe0                SCL_SetColRamOffset
 *fill*         0x0601dd94        0xc 00
 .text          0x0601dda0      0x600 c:/saturn/sbl6/segalib/lib/sega_mth.a(mth_tri.o)
                0x0601de3c                fcos
                0x0601de42                fsin
                0x0601ddec                MTH_Cos
                0x0601dda0                MTH_Sin
                0x0601dfe0                MTH_Atan
 .text          0x0601e3a0       0xa4 c:/saturn/sbl6/segalib/lib/sega_mth.a(mth_fixd.o)
                0x0601e3f0                MTH_FixedToInt
                0x0601e3e0                MTH_IntToFixed
                0x0601e3a0                MTH_Mul
                0x0601e400                MTH_Product
                0x0601e3c0                MTH_Div
 *fill*         0x0601e444        0xc 00
 .text          0x0601e450       0x30 c:/saturn/sbl6/segalib/lib/sega_mth.a(mth_rand.o)
                0x0601e460                MTH_GetRand
                0x0601e450                MTH_InitialRand
 .text          0x0601e480      0x130 c:/saturn/sbl6/segalib/lib/sega_cdc.a(cdc_drv.o)
                0x0601e480                CDC_CdPlay
                0x0601e54c                CDC_CdSeek
                0x0601e580                CDC_CdScan
 .text          0x0601e5b0      0x3a0 c:/saturn/sbl6/segalib/lib/sega_cdc.a(cdc_cmn.o)
                0x0601e754                CDC_TgetToc
                0x0601e8f8                CDC_DataEnd
                0x0601e618                CDC_GetPeriStat
                0x0601e88c                CDC_DataReady
                0x0601e864                CDC_CdOpen
                0x0601e7e0                CDC_CdInit
                0x0601e7a4                CDC_GetSes
                0x0601e600                CDC_GetLastStat
                0x0601e5b0                CDC_GetCurStat
                0x0601e6ec                CDC_GetHwInfo
 .text          0x0601e950      0x152 c:/saturn/sbl6/segalib/lib/sega_cdc.a(cdc_sub.o)
                0x0601e9f8                CDSUB_GetCdstat
                0x0601e968                CDSUB_UpdCdstat
                0x0601ea38                CDSUB_RspToCdstat
                0x0601ea80                CDSUB_SoftTimer
                0x0601e950                CDSUB_UpdStatus
                0x0601e988                CDSUB_CdCmd
 *fill*         0x0601eaa2        0xe 00
 .text          0x0601eab0      0x2dc c:/saturn/sbl6/segalib/lib/sega_cdc.a(cdc_reg.o)
                0x0601eb04                CDREG_ClrHirqReq
                0x0601ead4                CDC_ClrHirqReq
                0x0601eb84                CDREG_TgetData
                0x0601eb74                CDC_GetMpegPtr
                0x0601eb50                CDC_GetHirqMsk
                0x0601eab0                CDC_GetDataPtr
                0x0601eac0                CDC_GetHirqReq
                0x0601ece0                CDREG_WaitHirq
                0x0601eb64                CDC_SetHirqMsk
                0x0601ebe0                CDREG_CmdRsp
                0x0601eb14                CDREG_InitHirqReq
                0x0601eb3c                CDREG_SetHirqFlag
                0x0601ed50                CDREG_ReadRsp
 *fill*         0x0601ed8c        0x4 00
 .text          0x0601ed90      0xf50 c:/saturn/sbl6/segalib/lib/sega_per.a(per_prt.o)
                0x0601f1b0                PER_IntFunc
                0x0601efa8                PER_LGetPer
                0x0601ed90                PER_LInit
 .text          0x0601fce0     0x1b04 c:/saturn/sbl6/segalib/lib/sega_sat.a(gfs.o)
                0x0601fce0                gfs_version
                0x06020f54                gfs_mngGetNumFile
                0x060216d4                gfs_closeSub
                0x06020a70                GFS_SetGmode
                0x06020d2c                GFS_SetErrFunc
                0x06020e7c                gfs_mngSetupFuncTbl
                0x06020038                GFS_Reset
                0x06020da4                gfs_chgRoot
                0x06020e70                gfs_aborttrans
                0x06021154                gfs_svrAddHndl
                0x06021004                gfs_mngFreeGrp
                0x06020d7c                GFS_ConvTno
                0x06021308                gfs_getRootDir
                0x06020d58                GFS_GetErrStat
                0x060201a8                GFS_Seek
                0x06020814                GFS_NwStop
                0x06021010                gfs_mngTermAccess
                0x060200bc                GFS_Open
                0x06020fbc                GFS_mngAllocGrp
                0x0602171c                gfs_isTaskDone
                0x06020514                GFS_Fread
                0x06020c74                GFS_StartTrans
                0x06021670                gfs_GetFinfo
                0x06020eb0                gfs_mngInitWork
                0x06020300                GFS_ByteToSct
                0x06021114                gfs_svrSearchHndl
                0x06021404                gfs_loadRootDir
                0x0601ff5c                GFS_IdToName
                0x06020658                GFS_NwFread
                0x06020ba4                GFS_SetTransPara
                0x06020764                GFS_NwCdRead
                0x06021244                gfs_loadVol
                0x06020b40                GFS_SetReadPara
                0x0602025c                GFS_Tell
                0x06020ad4                GFS_SetTmode
                0x060215d8                GFS_GetFad
                0x06020c10                GFS_SetTrFunc
                0x06020cc0                GFS_CdMovePickup
                0x0601fef8                GFS_NameToId
                0x0602092c                GFS_NwExecOne
                0x0602148c                gfs_flowIn
                0x060203b4                GFS_GetFileInfo
                0x06021534                gfs_transData
                0x06021190                gfs_svrRemoveHndl
                0x060207dc                GFS_NwIsComplete
                0x06021710                gfs_getGmode
                0x06020880                GFS_NwGetStat
                0x060211ec                GFS_OpenSub
                0x0601fe90                GFS_SetDir
                0x0602035c                GFS_GetFileSize
                0x06020428                GFS_GetNumCdbuf
                0x06021770                gfs_convFinStat
                0x06020450                GFS_Load
                0x060205b0                gfs_waitRead
                0x0601fde8                GFS_LoadDir
                0x0601ffc8                GFS_GetDirInfo
                0x06020170                GFS_Close
                0x0601fd00                GFS_Init
                0x060208fc                gfs_recovRdErr
                0x06021094                gfs_mngSetErrCode
                0x060209ec                GFS_NwExecServer
                0x060202ac                GFS_IsEof
                0x06021630                gfs_SetSct
 *fill*         0x060217e4        0xc 00
 .text          0x060217f0       0x90 c:/saturn/sbl6/segalib/lib/sega_sat.a(DMA_CPU1.o)
                0x060217f0                DMA_CpuMemCopy1
 .text          0x06021880       0x94 c:/saturn/sbl6/segalib/lib/sega_sat.a(DMA_CPU2.o)
                0x06021880                DMA_CpuMemCopy2
 *fill*         0x06021914        0xc 00
 .text          0x06021920      0x1f4 c:/saturn/sbl6/segalib/lib/sega_sat.a(DMA_SCU1.o)
                0x06021a7c                DMA_ScuResult
                0x06021920                DMA_ScuInit
                0x06021970                DMA_ScuMemCopy
 *fill*         0x06021b14        0xc 00
 .text          0x06021b20      0x8d4 c:/saturn/sbl6/segalib/lib/sega_sat.a(gfs_cdf.o)
                0x06022014                GFCF_Seek
                0x0602211c                GFCF_GetStat
                0x06021ffc                GFCF_Tell
                0x06021bc0                GFCF_Setup
                0x060220c8                GFCF_cnvIntlvOfs
                0x06021b20                GFCF_Init
                0x06021fb4                GFCF_Recover
                0x06021d08                GFCF_SetSct
                0x0602202c                GFCF_MovePickup
                0x060221f0                gfcf_isCdOk
                0x06021dc0                GFCF_FlowInBuf
                0x06021d4c                GFCF_GetFileInfo
                0x06021f14                GFCF_StopInBuf
                0x060221b4                gfcf_getSctSize
                0x060222b0                gfcf_getPlayRange
 *fill*         0x060223f4        0xc 00
 .text          0x06022400      0x928 c:/saturn/sbl6/segalib/lib/sega_sat.a(gfs_dir.o)
                0x060228f0                gfdr_setNextRec
                0x06022cec                gfdr_setDirrecCd
                0x060226e8                gfdr_open
                0x060224fc                GFDR_GetAtrDirId
                0x060227d0                gfdr_readByte
                0x06022400                GFDR_SetupDirTbl
                0x060228c8                gfdr_readLongNM
                0x06022974                gfdr_readDirEnt
                0x0602252c                GFDR_ChgRoot
                0x06022474                GFDR_NameToId
                0x060225b8                gfdr_setupDirIdTbl
                0x06022514                GFDR_GetAtrDirName
                0x060224d4                GFDR_GetInfoDirId
                0x0602287c                gfdr_readLongNB
                0x06022710                gfdr_read
                0x060227fc                gfdr_readWord
                0x0602263c                gfdr_setupDirNameTbl
                0x060224e8                GFDR_GetInfoDirName
                0x06022544                GFDR_ChgDir
                0x06022828                gfdr_readWordNB
 *fill*         0x06022d28        0x8 00
 .text          0x06022d30      0xa46 c:/saturn/sbl6/segalib/lib/sega_sat.a(gfs_trn.o)
                0x06022e10                GFTR_SetTransMax
                0x060231e0                gftr_execScu
                0x06023764                GFTR_SetTransFunc
                0x0602362c                gftr_remTrn
                0x06023750                GFTR_SetData
                0x06023450                gftr_execSdma1
                0x060236a0                gftr_copyFrac
                0x06022e04                GFTR_GetNumTrans
                0x06022da4                GFTR_SetMode
                0x06023420                gftr_remDma0
                0x060236c8                GFTR_GetLenData
                0x060231d4                gftr_reqScu
                0x06023438                gftr_reqDma1
                0x060230f0                gftr_getSrcPack
                0x06023720                GFTR_RtnDstPk
                0x060232bc                gfdma_exec
                0x06023554                gftr_execTrn
                0x06022fe8                GFTR_ExecSvr
                0x060234e4                gftr_reqTrn
                0x060233ac                gfdma_getBytecnt
                0x0602348c                gftr_reqCpu
                0x060236ec                GFTR_GetDstPack
                0x060233e4                gftr_reqDma0
                0x06022f70                GFTR_Idle
                0x06022e28                GFTR_Pause
                0x06022df8                GFTR_GetTransPara
                0x060234d8                gftr_remCpu
                0x06022dc4                GFTR_SetTransPara
                0x06023474                gftr_remDma1
                0x06022e34                GFTR_Stop
                0x060233fc                gftr_execSdma0
                0x06022d60                GFTR_Setup
                0x0602327c                gftr_remScu
                0x06023178                gftr_getDstPack
                0x060232b0                gfdma_canUse
                0x06022eec                GFTR_Exec
                0x0602373c                GFTR_GetData
                0x06022e1c                GFTR_Start
                0x06022db8                GFTR_SetUnit
                0x06023498                gftr_execCpu
                0x060236d4                GFTR_GetLenRoom
 *fill*         0x06023776        0xa 00
 .text          0x06023780      0x106 c:/saturn/sbl6/segalib/lib/sega_sat.a(gfs_buf.o)
                0x060237d8                GFBF_GetNumData
                0x06023854                GFBF_RtnPk
                0x06023808                GFBF_GetSrcPk
                0x0602387c                gfbf_getSctDt
                0x060237b0                GFBF_GetTranData
                0x06023830                GFBF_GetSctData
 *fill*         0x06023886        0xa 00
 .text          0x06023890      0x600 c:/saturn/sbl6/segalib/lib/sega_sat.a(gfs_cdb.o)
                0x06023e38                GFCB_GetPickup
                0x060239b0                GFCB_Close
                0x06023c7c                GFCB_GetSrcPack
                0x06023e04                GFCB_SetCon
                0x06023a84                GFCB_GetLenRoom
                0x06023de8                GFCB_MovePickup
                0x06023d5c                GFCB_GetSctData
                0x06023a90                GFCB_SetFilt
                0x060239d8                GFCB_GetLenData
                0x06023e78                GFCB_UngetPickup
                0x06023890                GFCB_Setup
                0x06023b20                GFCB_Tell
                0x06023e60                GFCB_IsPuOwner
                0x06023b80                GFCB_Seek
                0x06023af8                GFCB_DeleteAllData
                0x06023d94                GFCB_GetDstPack
                0x06023b30                gfcb_getSctNum
                0x06023da0                GFCB_RtnPk
 .text          0x06023e90     0x1a04 c:/saturn/sbl6/segalib/lib/sega_sat.a(gfs_cdc.o)
                0x0602412c                GFCD_AllocBuf
                0x06024f08                gfcd_doGetLenDataTsk
                0x060257a4                GFCD_SetCsctFunc
                0x06024204                GFCD_GetBaseFad
                0x06024380                GFCD_GetFilt
                0x06025394                gfcd_doChgDirTsk
                0x060256d4                gfcd_checkEflag
                0x060246c8                GFCD_MovePickup
                0x060247ac                GFCD_GetSctInfo
                0x0602505c                gfcd_doReqDataTsk
                0x060247f4                GFCD_ChgDir
                0x060244e8                GFCD_ReqData
                0x060257c0                GFCD_ChkScdqFlag
                0x06024c78                GFCD_WaitServer
                0x0602458c                GFCD_DelSctData
                0x06024a64                GFCD_ExecServer
                0x06024e78                gfcd_doSetConTsk
                0x060240c0                GFCD_AllocFilt
                0x060242bc                GFCD_SetFilt
                0x06024cb4                gfcd_doSetFiltTsk
                0x060257e4                GFCD_ClrScdqFlag
                0x060250fc                gfcd_doDelSctDataTsk
                0x06024bc0                gfcd_doTask
                0x06024238                GFCD_GetPickup
                0x06024788                GFCD_CheckMove
                0x06025800                GFCD_WaitScdqFlag
                0x06024420                GFCD_Play
                0x06025230                gfcd_doMoveSctTsk
                0x060243c8                GFCD_SetCon
                0x06024868                GFCD_SetFiltCon
                0x06025844                GFCD_WaitPause
                0x06024a2c                GFCD_GetBufSiz
                0x0602426c                GFCD_UngetPickup
                0x06024950                GFCD_GetFileInfo
                0x06024544                GFCD_EndData
                0x06024160                GFCD_FreeBuf
                0x06024480                GFCD_GetLenData
                0x060240fc                GFCD_FreeFilt
                0x06024b38                gfcd_isIdleTask
                0x06023ebc                GFCD_Init
                0x06025590                gfcd_doSetFiltConTsk
                0x06024614                GFCD_GetStat
                0x06024714                GFCD_MoveSctData
                0x06024298                GFCD_IsPuOwner
                0x060256f8                gfcd_initCdbMng
                0x06023e90                GFCD_SetCdbfs
                0x06024c64                GFCD_SetTimer
                0x06025778                gfcd_setStat
                0x060245e4                GFCD_CheckDelSctData
 *fill*         0x06025894        0xc 00
 .text          0x060258a0      0x1b6 c:/saturn/sbl6/segalib/lib/sega_sat.a(DMA_CPU0.o)
                0x060258e8                DMA_CpuSetPrm
                0x060259ec                DMA_CpuStart
                0x06025a44                DMA_CpuGetStatus
                0x06025a18                DMA_CpuAllStop
                0x06025a2c                DMA_CpuGetComStatus
                0x060258a0                DMA_CpuSetComPrm
                0x06025a00                DMA_CpuStop
 *fill*         0x06025a56        0xa 00
 .text          0x06025a60       0x50 c:/saturn/sbl6/segalib/lib/sega_sat.a(DMA_CPU5.o)
                0x06025a60                DMA_CpuResult
 .text          0x06025ab0      0x308 c:/saturn/sbl6/segalib/lib/sega_sat.a(DMA_SCU0.o)
                0x06025b34                DMA_ScuStart
                0x06025c68                DMA_ScuIntFunc0
                0x06025cd8                DMA_ScuIntFunc1
                0x06025d48                DMA_ScuIntFunc2
                0x06025c28                DMA_ScuGetStatus
                0x06025ab0                DMA_ScuSetPrm
 *fill*         0x06025db8        0x8 00
 .text          0x06025dc0       0xe8 c:/saturn/sbl6/segalib/lib/sega_sat.a(csh_main.o)
                0x06025dc0                CSH_Init
                0x06025e28                CSH_AllClr
                0x06025e74                CSH_Purge
 *fill*         0x06025ea8        0x8 00
 .text          0x06025eb0      0x194 c:/saturn/sbl6/segalib/lib/sega_sat.a(cdc_cfs.o)
                0x06025eb0                CDC_ChgDir
                0x06025ee4                CDC_ReadDir
                0x06026008                CDC_AbortFile
                0x06025f18                CDC_GetFileScope
                0x06025f78                CDC_TgetFileInfo
                0x06025fd4                CDC_ReadFile
 *fill*         0x06026044        0xc 00
 .text          0x06026050      0x1e4 c:/saturn/sbl6/segalib/lib/sega_sat.a(cdc_bio.o)
                0x060260fc                CDC_GetdelSctData
                0x06026084                CDC_GetSctData
                0x06026138                CDC_PutSctData
                0x060261b4                CDC_MoveSctData
                0x060261f8                CDC_GetCopyErr
                0x060260c0                CDC_DelSctData
                0x06026050                CDC_SetSctLen
                0x06026170                CDC_CopySctData
 *fill*         0x06026234        0xc 00
 .text          0x06026240      0x2b8 c:/saturn/sbl6/segalib/lib/sega_sat.a(cdc_sel.o)
                0x06026470                CDC_GetFiltCon
                0x060263ec                CDC_GetFiltMode
                0x060264c4                CDC_ResetSelector
                0x06026240                CDC_SetFiltRange
                0x060262cc                CDC_SetFiltSubh
                0x0602633c                CDC_GetFiltSubh
                0x06026274                CDC_GetFiltRange
                0x060263b8                CDC_SetFiltMode
                0x06026430                CDC_SetFiltCon
 *fill*         0x060264f8        0x8 00
 .text          0x06026500      0x270 c:/saturn/sbl6/segalib/lib/sega_sat.a(cdc_bif.o)
                0x0602655c                CDC_GetSctNum
                0x060266dc                CDC_ExeFadSearch
                0x0602665c                CDC_GetSctInfo
                0x060265a0                CDC_CalActSiz
                0x06026500                CDC_GetBufSiz
                0x060265dc                CDC_GetActSiz
                0x06026714                CDC_GetFadSearch
 .text          0x06026770       0xa8 c:/saturn/sbl6/segalib/lib/sega_sat.a(cdc_dev.o)
                0x060267dc                CDC_CdGetLastBuf
                0x06026770                CDC_CdSetCon
                0x060267a0                CDC_CdGetCon
 *fill*         0x06026818        0x8 00
 .text          0x06026820       0x60 c:/saturn/SH_COFF/sh-coff/bin/../lib/gcc/sh-coff/3.4-GNUSH_v0501\libgcc.a(_ashiftrt.o)
                0x0602682c                __ashiftrt_r4_27
                0x06026860                __ashiftrt_r4_6
                0x06026850                __ashiftrt_r4_14
                0x06026842                __ashiftrt_r4_19
                0x0602685a                __ashiftrt_r4_9
                0x0602686e                __ashiftrt_r4_0
                0x06026820                __ashiftrt_r4_31
                0x0602682e                __ashiftrt_r4_26
                0x0602683c                __ashiftrt_r4_22
                0x06026848                __ashiftrt_r4_16
                0x06026854                __ashiftrt_r4_12
                0x06026828                __ashiftrt_r4_29
                0x06026846                __ashiftrt_r4_17
                0x06026826                __ashiftrt_r4_30
                0x06026862                __ashiftrt_r4_5
                0x0602685c                __ashiftrt_r4_8
                0x06026820                __ashiftrt_r4_32
                0x06026830                __ashiftrt_r4_25
                0x06026868                __ashiftrt_r4_2
                0x06026832                __ashiftrt_r4_24
                0x0602684e                __ashiftrt_r4_15
                0x06026858                __ashiftrt_r4_10
                0x0602686a                __ashiftrt_r4_1
                0x0602682a                __ashiftrt_r4_28
                0x06026840                __ashiftrt_r4_20
                0x0602685e                __ashiftrt_r4_7
                0x06026852                __ashiftrt_r4_13
                0x06026856                __ashiftrt_r4_11
                0x06026864                __ashiftrt_r4_4
                0x0602683a                __ashiftrt_r4_23
                0x06026844                __ashiftrt_r4_18
                0x0602683e                __ashiftrt_r4_21
                0x06026866                __ashiftrt_r4_3
 .text          0x06026880       0xb0 c:/saturn/SH_COFF/sh-coff/bin/../lib/gcc/sh-coff/3.4-GNUSH_v0501\libgcc.a(_si_to_df.o)
                0x06026880                __floatsidf
 .text          0x06026930      0x2e0 c:/saturn/SH_COFF/sh-coff/bin/../lib/gcc/sh-coff/3.4-GNUSH_v0501\libgcc.a(_mul_df.o)
                0x06026940                __muldf3
 .text          0x06026c10       0x80 c:/saturn/SH_COFF/sh-coff/bin/../lib/gcc/sh-coff/3.4-GNUSH_v0501\libgcc.a(_df_to_si.o)
                0x06026c10                __fixdfsi
 .text          0x06026c90       0x70 c:/saturn/SH_COFF/sh-coff/bin/../lib/gcc/sh-coff/3.4-GNUSH_v0501\libgcc.a(_udivsi3.o)
                0x06026cb2                __udivsi3
 .text          0x06026d00       0xa0 c:/saturn/SH_COFF/sh-coff/bin/../lib/gcc/sh-coff/3.4-GNUSH_v0501\libgcc.a(_sdivsi3.o)
                0x06026d00                __sdivsi3
 .text          0x06026da0       0x90 c:/saturn/SH_COFF/sh-coff/bin/../lib/gcc/sh-coff/3.4-GNUSH_v0501\libgcc.a(_ashiftrt_n.o)
                0x06026da0                __ashrsi3
 .text          0x06026e30       0x90 c:/saturn/SH_COFF/sh-coff/bin/../lib/gcc/sh-coff/3.4-GNUSH_v0501\libgcc.a(_ashiftlt.o)
                0x06026e30                __ashlsi3
 .text          0x06026ec0       0xb0 c:/saturn/SH_COFF/sh-coff/bin/../lib/gcc/sh-coff/3.4-GNUSH_v0501\libgcc.a(_movstr.o)
                0x06026f00                __movstrSI16
                0x06026ed4                __movstrSI60
                0x06026ee0                __movstrSI48
                0x06026edc                __movstrSI52
                0x06026ed0                __movstrSI64
                0x06026ee4                __movstrSI44
                0x06026ee8                __movstrSI40
                0x06026eec                __movstrSI36
                0x06026f20                __movstr
                0x06026ed8                __movstrSI56
                0x06026ef4                __movstrSI28
                0x06026ef0                __movstrSI32
                0x06026f04                __movstrSI12
                0x06026f08                __movstrSI8
                0x06026f10                __movstrSI0
                0x06026ef8                __movstrSI24
                0x06026efc                __movstrSI20
                0x06026f0c                __movstrSI4
 .text          0x06026f70       0xa0 c:/saturn/SH_COFF/sh-coff/bin/../lib/gcc/sh-coff/3.4-GNUSH_v0501\libgcc.a(__main.o)
                0x06026fe4                __main
                0x06026f70                __do_global_dtors
                0x06026fa4                __do_global_ctors
 .text          0x06027010      0x220 c:/saturn/SH_COFF/sh-coff/bin/../lib/gcc/sh-coff/3.4-GNUSH_v0501\libgcc.a(_pack_df.o)
                0x06027020                __pack_d
 .text          0x06027230      0x120 c:/saturn/SH_COFF/sh-coff/bin/../lib/gcc/sh-coff/3.4-GNUSH_v0501\libgcc.a(_unpack_df.o)
                0x06027240                __unpack_d
 .text          0x06027350       0x20 c:/saturn/SH_COFF/sh-coff/bin/../lib/gcc/sh-coff/3.4-GNUSH_v0501\libgcc.a(_thenan_df.o)
                0x06027350                __thenan_df
 .text          0x06027370       0xd0 c:/saturn/SH_COFF/sh-coff/bin/../lib/gcc/sh-coff/3.4-GNUSH_v0501\libgcc.a(_muldi3.o)
                0x06027370                __muldi3
 .text          0x06027440       0x80 c:/saturn/SH_COFF/sh-coff/bin/../lib/gcc/sh-coff/3.4-GNUSH_v0501\libgcc.a(_lshrdi3.o)
                0x06027440                __lshrdi3
 .text          0x060274c0       0x80 c:/saturn/SH_COFF/sh-coff/bin/../lib/gcc/sh-coff/3.4-GNUSH_v0501\libgcc.a(_ashldi3.o)
                0x060274c0                __ashldi3
 .text          0x06027540       0x30 c:/saturn/SH_COFF/sh-coff/bin/../lib/gcc/sh-coff/3.4-GNUSH_v0501\libgcc.a(_mulsi3.o)
                0x06027540                __mulsi3
 .text          0x06027570       0x90 c:/saturn/SH_COFF/sh-coff/bin/../lib/gcc/sh-coff/3.4-GNUSH_v0501\libgcc.a(_lshiftrt.o)
                0x06027570                __lshrsi3
 .text          0x06027600       0x40 c:/saturn/SH_COFF/sh-coff/bin/../lib/gcc/sh-coff/3.4-GNUSH_v0501/../../../../sh-coff/lib\libc.a(memset.o)
                0x06027600                memset
 .text          0x06027640       0x60 c:/saturn/SH_COFF/sh-coff/bin/../lib/gcc/sh-coff/3.4-GNUSH_v0501/../../../../sh-coff/lib\libc.a(memcmp.o)
                0x06027640                memcmp
 .text          0x060276a0       0xa0 c:/saturn/SH_COFF/sh-coff/bin/../lib/gcc/sh-coff/3.4-GNUSH_v0501/../../../../sh-coff/lib\libc.a(memcpy.o)
                0x060276a0                memcpy
 .text          0x06027740       0xb0 c:/saturn/SH_COFF/sh-coff/bin/../lib/gcc/sh-coff/3.4-GNUSH_v0501/../../../../sh-coff/lib\libc.a(strncmp.o)
                0x06027740                strncmp
 .text          0x060277f0       0xa0 c:/saturn/SH_COFF/sh-coff/bin/../lib/gcc/sh-coff/3.4-GNUSH_v0501/../../../../sh-coff/lib\libc.a(strncpy.o)
                0x060277f0                strncpy
 .text          0x06027890       0x90 c:/saturn/SH_COFF/sh-coff/bin/../lib/gcc/sh-coff/3.4-GNUSH_v0501/../../../../sh-coff/lib\libc.a(atexit.o)
                0x06027890                atexit
 .text          0x06027920       0x10 c:/saturn/SH_COFF/sh-coff/bin/../lib/gcc/sh-coff/3.4-GNUSH_v0501/../../../../sh-coff/lib\libc.a(impure.o)
                0x06027920                _global_impure_ptr
 .text          0x06027930       0x40 c:/saturn/SH_COFF/sh-coff/bin/../lib/gcc/sh-coff/3.4-GNUSH_v0501/../../../../sh-coff/lib\libc.a(malloc.o)
                0x0602794c                free
                0x06027930                malloc
 .text          0x06027970      0x5b0 c:/saturn/SH_COFF/sh-coff/bin/../lib/gcc/sh-coff/3.4-GNUSH_v0501/../../../../sh-coff/lib\libc.a(mallocr.o)
                0x06027970                _malloc_r
 .text          0x06027f20      0x340 c:/saturn/SH_COFF/sh-coff/bin/../lib/gcc/sh-coff/3.4-GNUSH_v0501/../../../../sh-coff/lib\libc.a(freer.o)
                0x06027f20                _malloc_trim_r
                0x06028014                _free_r
 .text          0x06028260       0x20 c:/saturn/SH_COFF/sh-coff/bin/../lib/gcc/sh-coff/3.4-GNUSH_v0501/../../../../sh-coff/lib\libc.a(mlock.o)
                0x06028260                __malloc_lock
                0x0602826c                __malloc_unlock
 .text          0x06028280       0x50 c:/saturn/SH_COFF/sh-coff/bin/../lib/gcc/sh-coff/3.4-GNUSH_v0501/../../../../sh-coff/lib\libc.a(sbrkr.o)
                0x06028280                _sbrk_r
 .text          0x060282d0      0x380 c:/saturn/SH_COFF/sh-coff/bin/../lib/gcc/sh-coff/3.4-GNUSH_v0501/../../../../sh-coff/lib\libc.a(syscalls.o)
                0x0602843c                _exit
                0x06028470                _getpid
                0x060284d8                _utime
                0x06028308                _write
                0x060282d0                _read
                0x06028424                _unlink
                0x060283ec                _open
                0x06028488                _stat
                0x06028430                isatty
                0x06028508                _wait
                0x06028454                _kill
                0x060284a4                _chmod
                0x06028538                _execv
                0x0602851c                _execve
                0x06028614                __setup_argv_and_call_main
                0x06028570                _gettimeofday
                0x0602833c                _link
                0x0602847c                _raise
                0x06028408                _creat
                0x06028550                _pipe
                0x060284bc                _chown
                0x060282ec                _lseek
                0x06028324                _close
                0x06028564                _times
                0x060283d8                _fstat
                0x060284f4                _fork
                0x06028364                _sbrk
 .text          0x06028650       0x20 c:/saturn/SH_COFF/sh-coff/bin/../lib/gcc/sh-coff/3.4-GNUSH_v0501/../../../../sh-coff/lib\libc.a(trap.o)
                0x06028650                __trap34
 .text          0x06028670       0x20 c:/saturn/SH_COFF/sh-coff/bin/../lib/gcc/sh-coff/3.4-GNUSH_v0501/../../../../sh-coff/lib\libc.a(abort.o)
                0x06028670                abort
 .text          0x06028690      0x270 c:/saturn/SH_COFF/sh-coff/bin/../lib/gcc/sh-coff/3.4-GNUSH_v0501/../../../../sh-coff/lib\libc.a(signal.o)
                0x06028750                _raise_r
                0x060288d8                __sigtramp
                0x06028884                raise
                0x060288c0                _init_signal
                0x06028810                __sigtramp_r
                0x060288a0                signal
                0x060286dc                _signal_r
                0x06028690                _init_signal_r
 .text          0x06028900       0x60 c:/saturn/SH_COFF/sh-coff/bin/../lib/gcc/sh-coff/3.4-GNUSH_v0501/../../../../sh-coff/lib\libc.a(signalr.o)
                0x06028948                _getpid_r
                0x06028900                _kill_r
 *(.strings)

.tors           0x06028960        0x0
                0x06028960                ___ctors = .
 *(.ctors)
                0x06028960                ___ctors_end = .
                0x06028960                ___dtors = .
 *(.dtors)
                0x06028960                ___dtors_end = .

.data           0x06028960     0x4750
                0x06028960                STARTOF_R = .
 *(.data)
 .data          0x06028960      0x400 smpclib/per_x1.o
 .data          0x06028d60       0xd0 game.o
                0x06028d60                powerup_names
 .data          0x06028e30     0x3290 graphics.o
                0x06029fa8                cyberblock_name
                0x06028f26                bit_num
                0x0602b48e                girl2_num
                0x06029ff8                metalorange_name
                0x0602911e                ship_size
                0x0602a006                metalorange_num
                0x060292e8                chipgame_pal
                0x0602b082                girl3_num
                0x06029254                game_name
                0x06029b08                menufont_pal
                0x06028f7a                capsule_num
                0x06029b56                menufont_num
                0x06029074                beffect_size
                0x0602b89a                girl1_num
                0x06029fb8                metalorange_pal
                0x0602b89c                roarframes_pal
                0x060292d8                gamestar_name
                0x06028fcc                blocks2_size
                0x06028e30                barrier_pal
                0x06029284                starnear_name
                0x0602922c                gamefar_height
                0x06029120                ship_num
                0x0602bcac                roarbg_pal
                0x06029070                beffect_height
                0x0602c0ac                roarbg_name
                0x06029078                explosion_pal
                0x06029298                gamestar_pal
                0x06029250                gamenear_width
                0x060290b8                explosion_name
                0x06029022                blocks1_num
                0x06028f76                capsule_width
                0x06028f74                capsule_height
                0x06028e80                barrier_size
                0x06029176                starspr_num
                0x06028e7e                barrier_width
                0x0602b890                girl1_name
                0x060296f8                game_tiles_pal
                0x06028fce                blocks2_num
                0x0602a008                title_pal
                0x06029010                blocks1_name
                0x060291c2                font_height
                0x0602bc9c                roarframes_name
                0x0602b078                girl3_name
                0x0602922e                gamefar_width
                0x0602b490                girl1_pal
                0x06029b48                menufont_name
                0x06029f66                chipframes_num
                0x060291cc                ball_pal
                0x0602ac78                girl3_pal
                0x060296f6                chipgame_num
                0x06028f78                capsule_size
                0x06029174                starspr_size
                0x06028fd0                blocks1_pal
                0x06029240                gamenear_name
                0x060290c8                explosion_width
                0x0602a86a                girl5_num
                0x0602921c                ball_num
                0x0602a412                title_num
                0x060291b8                font_name
                0x06029072                beffect_width
                0x06028ed4                laser_num
                0x06029124                starspr_pal
                0x0602c0b8                roarbg_num
                0x06029218                ball_width
                0x06029fb6                cyberblock_num
                0x0602a460                girl5_pal
                0x0602911a                ship_height
                0x06029b06                game_tiles_num
                0x06029216                ball_height
                0x0602924e                gamenear_height
                0x060291c4                font_width
                0x0602a45e                stars_num
                0x0602921a                ball_size
                0x06028ec4                laser_name
                0x06028f24                bit_size
                0x0602911c                ship_width
                0x06028e82                barrier_num
                0x0602a408                title_name
                0x06029f58                chipframes_name
                0x06029264                starfar_name
                0x0602901c                blocks1_height
                0x06028ed0                laser_width
                0x0602a454                stars_name
                0x06028f18                bit_name
                0x060292e6                gamestar_num
                0x0602923c                gamemid_height
                0x060290d0                ship_pal
                0x0602920c                ball_name
                0x060291c8                font_num
                0x06029178                font_pal
                0x06029282                starmid_width
                0x06029294                starnear_width
                0x06029230                gamemid_name
                0x06028e7c                barrier_height
                0x06028ed8                bit_pal
                0x06028fca                blocks2_width
                0x06029020                blocks1_size
                0x06029172                starspr_width
                0x06029b58                chipframes_pal
                0x0602925e                game_height
                0x06029270                starfar_height
                0x060290cc                explosion_num
                0x0602ac76                girl4_num
                0x06028f68                capsule_name
                0x0602923e                gamemid_width
                0x06028fc8                blocks2_height
                0x06029064                beffect_name
                0x0602901e                blocks1_width
                0x060291c6                font_size
                0x06028fbc                blocks2_name
                0x06028f20                bit_height
                0x06028ece                laser_height
                0x06029164                starspr_name
                0x0602bcaa                roarframes_num
                0x06029f68                cyberblock_pal
                0x06029292                starnear_height
                0x06029274                starmid_name
                0x06029110                ship_name
                0x0602a860                girl5_name
                0x0602a86c                girl4_pal
                0x06028f7c                blocks2_pal
                0x06028f22                bit_width
                0x06029280                starmid_height
                0x0602a414                stars_pal
                0x06029220                gamefar_name
                0x06028f28                capsule_pal
                0x06028e84                laser_pal
                0x06029af8                game_tiles_name
                0x06029076                beffect_num
                0x06029170                starspr_height
                0x06029024                beffect_pal
                0x0602ac6c                girl4_name
                0x06029260                game_width
                0x0602b084                girl2_pal
                0x06028ed2                laser_size
                0x06028e70                barrier_name
                0x06029272                starfar_width
                0x060290ca                explosion_size
                0x060290c6                explosion_height
                0x060296e8                chipgame_name
                0x0602b484                girl2_name
 .data          0x0602c0c0      0x1a0 intro.o
 .data          0x0602c260       0x90 level.o
                0x0602c264                level_blocks
                0x0602c260                level_lengths
                0x0602c268                level0_blocks
 .data          0x0602c2f0       0x40 logo.o
 .data          0x0602c330       0x80 menu.o
                0x0602c330                cutscene
 .data          0x0602c3b0       0x10 pcmsys.o
                0x0602c3b4                scsp_load
                0x0602c3b8                m68k_com
                0x0602c3b0                master_volume
 .data          0x0602c3c0       0x40 scroll.o
                0x0602c3d0                CycleTbLoRes
                0x0602c3f0                vram
                0x0602c3e0                char_offsets
                0x0602c3c0                CycleTbHiRes
 .data          0x0602c400       0x30 sprite.o
 .data          0x0602c430      0x400 c:/saturn/sbl6/segalib/lib/sega_int.a(int.o)
 .data          0x0602c830       0x1c c:/saturn/sbl6/segalib/lib/sega_spr.a(spr_slv.o)
                0x0602c838                SPR_SlaveParam
                0x0602c848                SPR_SMPC_SF
                0x0602c840                SPR_SMPC_COM
                0x0602c83c                SPR_SlaveSHEntry
                0x0602c834                SPR_SlaveState
                0x0602c830                SPR_SlaveCommand
                0x0602c844                SPR_SMPC_RET
 *fill*         0x0602c84c        0x4 00
 .data          0x0602c850       0x34 c:/saturn/sbl6/segalib/lib/sega_spr.a(spr_1c.o)
                0x0602c850                SpInitialFlag
 *fill*         0x0602c884        0xc 00
 .data          0x0602c890       0x1c c:/saturn/sbl6/segalib/lib/sega_scl.a(scl_vblv.o)
                0x0602c898                VBInterval
                0x0602c8a0                ReqDisplayFlag
                0x0602c890                SpFrameChgMode
                0x0602c89c                VBIntervalCounter
                0x0602c894                SpFrameEraseMode
 *fill*         0x0602c8ac        0x4 00
 .data          0x0602c8b0       0x18 c:/saturn/sbl6/segalib/lib/sega_scl.a(scl_pri.o)
                0x0602c8b4                SclRealSpPriNum
                0x0602c8c4                SclRealColOffset
                0x0602c8c0                SclRealBgColMix
                0x0602c8bc                SclRealSpColMix
                0x0602c8b8                SclRealBgPriNum
                0x0602c8b0                SclRealOtherPri
 *fill*         0x0602c8c8        0x8 00
 .data          0x0602c8d0       0x36 c:/saturn/sbl6/segalib/lib/sega_scl.a(scl_func.o)
                0x0602c8e0                SclRotregBuff
                0x0602c8dc                SclDisplayY
                0x0602c8e4                SclRotateTableMode
                0x0602c8d8                SclProcess
                0x0602c8d4                SclCurSclNum
                0x0602c8d0                SclLengthLsTbl
                0x0602c8da                SclDisplayX
                0x0602c8d2                SclLengthCsTbl
 *fill*         0x0602c906        0xa 00
 .data          0x0602c910        0x4 c:/saturn/sbl6/segalib/lib/sega_mth.a(mth_rand.o)
 *fill*         0x0602c914        0xc 00
 .data          0x0602c920      0x380 c:/saturn/SH_COFF/sh-coff/bin/../lib/gcc/sh-coff/3.4-GNUSH_v0501/../../../../sh-coff/lib\libc.a(impure.o)
                0x0602cc9c                _impure_ptr
 .data          0x0602cca0      0x410 c:/saturn/SH_COFF/sh-coff/bin/../lib/gcc/sh-coff/3.4-GNUSH_v0501/../../../../sh-coff/lib\libc.a(mallocr.o)
                0x0602cca8                __malloc_av_
                0x0602cca4                __malloc_trim_threshold
                0x0602cca0                __malloc_sbrk_base
                0x0602d0b0                SIZEOF_R = (. - STARTOF_R)
                0x0602d0b0                ENDOF_R = .

.bss            0x0602d0b0    0x105a4
                0x0602d0b0                STARTOF_B = .
 *(.bss)
 .bss           0x0602d0b0       0x10 vblank.o
                0x0602d0b4                PadData2E
                0x0602d0ba                PadData1
                0x0602d0b6                PadData2
                0x0602d0b8                PadData1E
                0x0602d0b0                __port
 .bss           0x0602d0c0       0xe0 smpclib/per_x2.o
 .bss           0x0602d1a0       0x10 ball.o
 .bss           0x0602d1b0       0x10 barrier.o
 .bss           0x0602d1c0       0x10 capsule.o
 .bss           0x0602d1d0       0x50 game.o
                0x0602d1e4                bit_left
                0x0602d1d4                illusion_charno
                0x0602d1dc                laser_max
                0x0602d1e0                bit_right
                0x0602d1e8                bit_ship
                0x0602d1ec                turbo
                0x0602d1f4                score
                0x0602d1d8                illusion
                0x0602d1f0                powerup_cursor
                0x0602d1d0                illusion_cursor
 .bss           0x0602d220     0x1970 intro.o
 .bss           0x0602eb90       0x10 laser.o
 .bss           0x0602eba0     0x13a0 level.o
 .bss           0x0602ff40       0x10 logo.o
 .bss           0x0602ff50       0x60 menu.o
 .bss           0x0602ffb0       0x10 pcmsys.o
                0x0602ffb0                numberPCMs
 .bss           0x0602ffc0       0x10 scroll.o
                0x0602ffc0                scroll_res
 .bss           0x0602ffd0     0x3d00 sprite.o
                0x0602ffd0                num_sprites
 .bss           0x06033cd0       0x10 main.o
                0x06033cd0                frame
 .bss           0x06033ce0       0x6e c:/saturn/sbl6/segalib/lib/sega_spr.a(spr_2c.o)
 *fill*         0x06033d4e        0x2 00
 .bss           0x06033d50        0x4 c:/saturn/sbl6/segalib/lib/sega_scl.a(scl_vblv.o)
 *fill*         0x06033d54        0xc 00
 .bss           0x06033d60     0x1900 c:/saturn/sbl6/segalib/lib/sega_scl.a(scl_fu05.o)
 .bss           0x06035660        0x4 c:/saturn/sbl6/segalib/lib/sega_scl.a(scl_func.o)
 *fill*         0x06035664        0xc 00
 .bss           0x06035670       0x48 c:/saturn/sbl6/segalib/lib/sega_scl.a(scl_ro00.o)
 *fill*         0x060356b8        0x8 00
 .bss           0x060356c0        0xc c:/saturn/sbl6/segalib/lib/sega_cdc.a(cdc_sub.o)
 *fill*         0x060356cc        0x4 00
 .bss           0x060356d0        0x2 c:/saturn/sbl6/segalib/lib/sega_cdc.a(cdc_reg.o)
 *fill*         0x060356d2        0xe 00
 .bss           0x060356e0       0x9c c:/saturn/sbl6/segalib/lib/sega_per.a(per_prt.o)
 *fill*         0x0603577c        0x4 00
 .bss           0x06035780        0xc c:/saturn/sbl6/segalib/lib/sega_sat.a(DMA_SCU1.o)
 *fill*         0x0603578c        0x4 00
 .bss           0x06035790        0xc c:/saturn/sbl6/segalib/lib/sega_sat.a(gfs_trn.o)
 *fill*         0x0603579c        0x4 00
 .bss           0x060357a0       0x20 c:/saturn/sbl6/segalib/lib/sega_sat.a(DMA_SCU0.o)
 .bss           0x060357c0       0x10 c:/saturn/SH_COFF/sh-coff/bin/../lib/gcc/sh-coff/3.4-GNUSH_v0501\libgcc.a(__main.o)
 .bss           0x060357d0       0x10 c:/saturn/SH_COFF/sh-coff/bin/../lib/gcc/sh-coff/3.4-GNUSH_v0501/../../../../sh-coff/lib\libc.a(atexit.o)
 .bss           0x060357e0       0x40 c:/saturn/SH_COFF/sh-coff/bin/../lib/gcc/sh-coff/3.4-GNUSH_v0501/../../../../sh-coff/lib\libc.a(mallocr.o)
                0x06035810                __malloc_top_pad
                0x060357e0                __malloc_current_mallinfo
                0x0603580c                __malloc_max_sbrked_mem
                0x06035808                __malloc_max_total_mem
 .bss           0x06035820       0x10 c:/saturn/SH_COFF/sh-coff/bin/../lib/gcc/sh-coff/3.4-GNUSH_v0501/../../../../sh-coff/lib\libc.a(syscalls.o)
 *(COMMON)
 COMMON         0x06035830        0x8 vblank.o
                                  0x0 (size before relaxing)
                0x06035830                PadAnalogR1
                0x06035831                PadAnalogL1
                0x06035832                PadAnalogY1
                0x06035833                PadAnalogX1
                0x06035834                PadID1
 *fill*         0x06035838        0x8 00
 COMMON         0x06035840      0x1e8 ball.o
                                  0x0 (size before relaxing)
                0x06035840                ball_sprites
                0x06035a20                ball_count
                0x06035a24                ball_mode
 *fill*         0x06035a28        0x8 00
 COMMON         0x06035a30        0x4 barrier.o
                                  0x0 (size before relaxing)
                0x06035a30                barrier_life
 *fill*         0x06035a34        0xc 00
 COMMON         0x06035a40       0xa0 capsule.o
                                  0x0 (size before relaxing)
                0x06035a40                capsules
 COMMON         0x06035ae0     0x1674 cd.o
                                  0x0 (size before relaxing)
                0x06035ae0                dirname
                0x06036440                lib_work
                0x06037148                directory_table
 *fill*         0x06037154        0xc 00
 COMMON         0x06037160       0xb4 game.o
                                  0x0 (size before relaxing)
                0x06037160                laser_charno
                0x06037170                ship_sprite
                0x06037188                explosion_charno
                0x0603718c                capsule_charno
                0x06037190                bit_charno
                0x06037194                block_charno
                0x06037198                ship_left
                0x0603719c                ship_right
                0x060371a0                ball_charno
                0x060371b0                illusion_arr
                0x06037210                barrier_charno
 *fill*         0x06037214        0xc 00
 COMMON         0x06037220       0xd0 laser.o
                                  0x0 (size before relaxing)
                0x06037220                laser_count
                0x06037230                laser_sprites
 COMMON         0x060372f0     0x14a0 print.o
                                  0x0 (size before relaxing)
                0x060372f0                text
 COMMON         0x06038790      0x230 scroll.o
                                  0x0 (size before relaxing)
                0x06038790                scfg
 COMMON         0x060389c0     0x3180 sprite.o
                                  0x0 (size before relaxing)
                0x060389c0                sprites
                0x06039b40                sprite_buf
 COMMON         0x0603bb40       0x8c main.o
                                  0x0 (size before relaxing)
                0x0603bb40                off_config
 *fill*         0x0603bbcc        0x4 00
 COMMON         0x0603bbd0      0x400 c:/saturn/sbl6/segalib/lib/sega_int.a(int.o)
                                  0x0 (size before relaxing)
                0x0603bbd0                __interrupt_vector
 COMMON         0x0603bfd0       0x50 c:/saturn/sbl6/segalib/lib/sega_spr.a(spr_2c.o)
                                  0x0 (size before relaxing)
                0x0603bfd0                SpMstCmd
                0x0603bfd4                Sp2OpenFlag
                0x0603bfd8                SpGourTblMax
                0x0603bfdc                SpDrawPrtyBlk
                0x0603bfe0                SpLCoordX
                0x0603bfe4                SpMstDrawPrtyBlk
                0x0603bfe8                SpGourTbl
                0x0603bfec                SpLookupTblR
                0x0603bff0                SpCmdTbl
                0x0603bff4                SpCharMax
                0x0603bff8                SpDrawPrtyProcFlag
                0x0603bffc                SpCmdNo
                0x0603c000                SpDrawPrtyBlkMax
                0x0603c004                SpSlvCmdPos
                0x0603c008                SpSlvDrawPrtyBlk
                0x0603c00c                SpCharTbl
                0x0603c010                SpCmdTblR
                0x0603c014                SpMstCmdPos
                0x0603c018                SpSlvCmd
                0x0603c01c                SpLCoordY
 COMMON         0x0603c020       0x10 c:/saturn/sbl6/segalib/lib/sega_spr.a(spr_1c.o)
                                  0x0 (size before relaxing)
                0x0603c020                SpScreenY
                0x0603c024                SpFbcrMode
                0x0603c026                SpDil
                0x0603c028                SpDie
                0x0603c02a                SpTvMode
                0x0603c02c                SpScreenX
 COMMON         0x0603c030      0x6b0 c:/saturn/sbl6/segalib/lib/sega_scl.a(scl_pri.o)
                                  0x0 (size before relaxing)
                0x0603c030                SclAutoEndBlue2
                0x0603c040                SclColOffset
                0x0603c050                SclPriBuffDirty
                0x0603c052                SclAutoEndRed
                0x0603c054                SclAutoSurface
                0x0603c058                SclAutoGreen
                0x0603c05a                SclAutoEndGreen
                0x0603c05c                SclAutoCount
                0x0603c060                SclColRamAlloc256
                0x0603c080                SclAutoCurRate
                0x0603c081                SclAutoPlusFlag
                0x0603c088                SclSpColMix
                0x0603c090                SclAutoMax
                0x0603c094                SclLineColRamOffset
                0x0603c098                SclColRamAlloc2048
                0x0603c09c                SclBgPriNum
                0x0603c0a2                SclAutoEndBlue
                0x0603c0a4                SclAutoEndGreen2
                0x0603c0a6                SclAutoVeFlag
                0x0603c0a8                SclBgColMix
                0x0603c0b0                SclAutoIndex
                0x0603c0b4                SclAutoEndRate
                0x0603c0b6                SclAutoBlue
                0x0603c0b8                SclAutoRed
                0x0603c0bc                SclAutoInterval
                0x0603c0c0                SclOtherPri
                0x0603c0d0                SclAutoRGB
                0x0603c6d0                SclAutoEndRed2
                0x0603c6d8                SclSpPriNum
 COMMON         0x0603c6e0      0xf00 c:/saturn/sbl6/segalib/lib/sega_scl.a(scl_func.o)
                                  0x0 (size before relaxing)
                0x0603c6e0                SclRbgKtbAddr
                0x0603c6e8                SclRb
                0x0603c6ea                Scl_flag
                0x0603c6f0                SclK_TableBuff
                0x0603d3c0                SclAddrCsTbl
                0x0603d3d0                Scl_s_reg
                0x0603d3f8                SclRotateXy
                0x0603d400                Scl_d_reg
                0x0603d448                SclRotateDisp
                0x0603d450                SclRotateMoveZ
                0x0603d458                SclRotXySw
                0x0603d460                Scl_r_reg
                0x0603d470                SclRPMD
                0x0603d478                SclRbgKtbOffset
                0x0603d480                _SclRotregBuff
                0x0603d550                SclRa
                0x0603d558                SclRotateZ
                0x0603d560                SclAddrLsTbl
                0x0603d568                SclK_TableNum
                0x0603d570                SclRotateTableAddress
                0x0603d574                SclK_TableFlag
                0x0603d580                Scl_w_reg
                0x0603d5a0                Scl_n_reg
 COMMON         0x0603d5e0       0x10 c:/saturn/sbl6/segalib/lib/sega_scl.a(scl_ro00.o)
                                  0x0 (size before relaxing)
                0x0603d5e0                SclCsx
                0x0603d5e8                SclCsy
 COMMON         0x0603d5f0       0x15 c:/saturn/sbl6/segalib/lib/sega_per.a(per_prt.o)
                                  0x0 (size before relaxing)
                0x0603d5f0                per_get_time_flg
                0x0603d5f1                per_hot_res
                0x0603d5f2                per_set_sys_flg
                0x0603d5f4                per_get_time_adr
                0x0603d5f8                per_get_sys_data
                0x0603d604                per_time_out_flg
 *fill*         0x0603d605        0xb 00
 COMMON         0x0603d610        0xc c:/saturn/sbl6/segalib/lib/sega_sat.a(gfs.o)
                                  0x0 (size before relaxing)
                0x0603d610                GFMC_base
                0x0603d614                gfs_mng_ptr
                0x0603d618                gfs_use_scudma
 *fill*         0x0603d61c        0x4 00
 COMMON         0x0603d620        0x8 c:/saturn/sbl6/segalib/lib/sega_sat.a(gfs_cdf.o)
                                  0x0 (size before relaxing)
                0x0603d620                gfcf_fad
                0x0603d624                gfcf_stat
 *fill*         0x0603d628        0x8 00
 COMMON         0x0603d630        0xc c:/saturn/sbl6/segalib/lib/sega_sat.a(gfs_cdc.o)
                                  0x0 (size before relaxing)
                0x0603d630                gfcd_fatal_err
                0x0603d634                gfcd_work
                0x0603d638                gfcd_playflag
 *fill*         0x0603d63c        0x4 00
 COMMON         0x0603d640        0x8 c:/saturn/sbl6/segalib/lib/sega_sat.a(DMA_CPU5.o)
                                  0x0 (size before relaxing)
                0x0603d640                dma_cpu_cnt
                0x0603d644                dma_cpu_dis_adr
 *fill*         0x0603d648        0x8 00
 COMMON         0x0603d650        0x4 c:/saturn/SH_COFF/sh-coff/bin/../lib/gcc/sh-coff/3.4-GNUSH_v0501/../../../../sh-coff/lib\libc.a(syscalls.o)
                                  0x0 (size before relaxing)
                0x0603d650                errno
                0x0603d654                SIZEOF_B = (. - STARTOF_B)
                0x0603d654                ENDOF_B = .
                0x0603d654                _end = .
OUTPUT(main.cof coff-sh)

.comment        0x0603d660      0x600
 .comment       0x0603d660       0x20 c:/saturn/sbl6/segasmp/lib/strt2_g.o
 .comment       0x0603d680       0x20 vblank.o
 .comment       0x0603d6a0       0x20 smpclib/per_x1.o
 .comment       0x0603d6c0       0x20 smpclib/per_x2.o
 .comment       0x0603d6e0       0x20 spritecode/explosion.o
 .comment       0x0603d700       0x20 ball.o
 .comment       0x0603d720       0x20 barrier.o
 .comment       0x0603d740       0x20 capsule.o
 .comment       0x0603d760       0x20 cd.o
 .comment       0x0603d780       0x20 crc.o
 .comment       0x0603d7a0       0x20 devcart.o
 .comment       0x0603d7c0       0x20 game.o
 .comment       0x0603d7e0       0x20 graphics.o
 .comment       0x0603d800       0x20 intro.o
 .comment       0x0603d820       0x20 laser.o
 .comment       0x0603d840       0x20 level.o
 .comment       0x0603d860       0x20 logo.o
 .comment       0x0603d880       0x20 menu.o
 .comment       0x0603d8a0       0x20 pcmsys.o
 .comment       0x0603d8c0       0x20 print.o
 .comment       0x0603d8e0       0x20 scroll.o
 .comment       0x0603d900       0x20 sound.o
 .comment       0x0603d920       0x20 sprite.o
 .comment       0x0603d940       0x20 main.o
 .comment       0x0603d960       0x20 c:/saturn/SH_COFF/sh-coff/bin/../lib/gcc/sh-coff/3.4-GNUSH_v0501\libgcc.a(_si_to_df.o)
 .comment       0x0603d980       0x20 c:/saturn/SH_COFF/sh-coff/bin/../lib/gcc/sh-coff/3.4-GNUSH_v0501\libgcc.a(_mul_df.o)
 .comment       0x0603d9a0       0x20 c:/saturn/SH_COFF/sh-coff/bin/../lib/gcc/sh-coff/3.4-GNUSH_v0501\libgcc.a(_df_to_si.o)
 .comment       0x0603d9c0       0x20 c:/saturn/SH_COFF/sh-coff/bin/../lib/gcc/sh-coff/3.4-GNUSH_v0501\libgcc.a(__main.o)
 .comment       0x0603d9e0       0x20 c:/saturn/SH_COFF/sh-coff/bin/../lib/gcc/sh-coff/3.4-GNUSH_v0501\libgcc.a(_pack_df.o)
 .comment       0x0603da00       0x20 c:/saturn/SH_COFF/sh-coff/bin/../lib/gcc/sh-coff/3.4-GNUSH_v0501\libgcc.a(_unpack_df.o)
 .comment       0x0603da20       0x20 c:/saturn/SH_COFF/sh-coff/bin/../lib/gcc/sh-coff/3.4-GNUSH_v0501\libgcc.a(_thenan_df.o)
 .comment       0x0603da40       0x20 c:/saturn/SH_COFF/sh-coff/bin/../lib/gcc/sh-coff/3.4-GNUSH_v0501\libgcc.a(_muldi3.o)
 .comment       0x0603da60       0x20 c:/saturn/SH_COFF/sh-coff/bin/../lib/gcc/sh-coff/3.4-GNUSH_v0501\libgcc.a(_lshrdi3.o)
 .comment       0x0603da80       0x20 c:/saturn/SH_COFF/sh-coff/bin/../lib/gcc/sh-coff/3.4-GNUSH_v0501\libgcc.a(_ashldi3.o)
 .comment       0x0603daa0       0x20 c:/saturn/SH_COFF/sh-coff/bin/../lib/gcc/sh-coff/3.4-GNUSH_v0501/../../../../sh-coff/lib\libc.a(memcmp.o)
 .comment       0x0603dac0       0x20 c:/saturn/SH_COFF/sh-coff/bin/../lib/gcc/sh-coff/3.4-GNUSH_v0501/../../../../sh-coff/lib\libc.a(strncmp.o)