Archive member included because of file (symbol)

../sbl6/segalib/lib/sega_int.a(int.o)
                              vblank.o (INT_SetScuFunc)
../sbl6/segalib/lib/sega_int.a(int_trmp.o)
                              ../sbl6/segalib/lib/sega_int.a(int.o) (__interrupt_handler0)
../sbl6/segalib/lib/sega_spr.a(spr_2c.o)
                              sprite.o (SPR_2Initial)
../sbl6/segalib/lib/sega_spr.a(spr_slv.o)
                              ../sbl6/segalib/lib/sega_spr.a(spr_2c.o) (SPR_InitSlaveSH)
../sbl6/segalib/lib/sega_spr.a(spr_1c.o)
                              ../sbl6/segalib/lib/sega_spr.a(spr_2c.o) (SPR_Initial)
../sbl6/segalib/lib/sega_spr.a(spr_2a.o)
                              ../sbl6/segalib/lib/sega_spr.a(spr_2c.o) (SPR_2SetDrawPrty)
../sbl6/segalib/lib/sega_scl.a(scl_vblv.o)
                              ../sbl6/segalib/lib/sega_spr.a(spr_1c.o) (SpFrameChgMode)
../sbl6/segalib/lib/sega_scl.a(scl_pri.o)
                              intro.o (SCL_SetColMixRate)
../sbl6/segalib/lib/sega_scl.a(scl_pr02.o)
                              intro.o (SCL_SetColRam)
../sbl6/segalib/lib/sega_scl.a(scl_pr07.o)
                              intro.o (SCL_SetPriority)
../sbl6/segalib/lib/sega_scl.a(scl_pr10.o)
                              intro.o (SCL_SetAutoColMix)
../sbl6/segalib/lib/sega_scl.a(scl_fu05.o)
                              intro.o (SCL_InitLineParamTb)
../sbl6/segalib/lib/sega_scl.a(scl_pr12.o)
                              intro.o (SCL_SetColOffset)
../sbl6/segalib/lib/sega_scl.a(scl_func.o)
                              ../sbl6/segalib/lib/sega_scl.a(scl_fu05.o) (SclLengthLsTbl)
../sbl6/segalib/lib/sega_scl.a(scl_pr11.o)
                              logo.o (SCL_SetAutoColOffset)
../sbl6/segalib/lib/sega_scl.a(scl_fu01.o)
                              scroll.o (SCL_SetDisplayMode)
../sbl6/segalib/lib/sega_scl.a(scl_fu04.o)
                              scroll.o (SCL_SetCycleTable)
../sbl6/segalib/lib/sega_scl.a(scl_pr03.o)
                              scroll.o (SCL_AllocColRam)
../sbl6/segalib/lib/sega_scl.a(scl_back.o)
                              scroll.o (SCL_SetBack)
../sbl6/segalib/lib/sega_scl.a(scl_fu03.o)
                              scroll.o (SCL_InitConfigTb)
../sbl6/segalib/lib/sega_scl.a(scl_fu02.o)
                              scroll.o (SCL_InitVramConfigTb)
../sbl6/segalib/lib/sega_scl.a(scl_pr01.o)
                              main.o (SCL_SetSpriteMode)
../sbl6/segalib/lib/sega_scl.a(scl_pr05.o)
                              ../sbl6/segalib/lib/sega_scl.a(scl_pr02.o) (SCL_GetColRamOffset)
../sbl6/segalib/lib/sega_scl.a(scl_ro00.o)
                              ../sbl6/segalib/lib/sega_scl.a(scl_func.o) (SCL_Rotate)
../sbl6/segalib/lib/sega_scl.a(scl_pr06.o)
                              ../sbl6/segalib/lib/sega_scl.a(scl_pr03.o) (SCL_SetColRamOffset)
../sbl6/segalib/lib/sega_mth.a(mth_tri.o)
                              intro.o (MTH_Sin)
../sbl6/segalib/lib/sega_mth.a(mth_fixd.o)
                              intro.o (MTH_Mul)
../sbl6/segalib/lib/sega_mth.a(mth_curv.o)
                              menu.o (MTH_Sqrt)
../sbl6/segalib/lib/sega_mth.a(mth_rand.o)
                              main.o (MTH_InitialRand)
../sbl6/segalib/lib/sega_cdc.a(cdc_cmn.o)
                              main.o (CDC_GetPeriStat)
../sbl6/segalib/lib/sega_cdc.a(cdc_sub.o)
                              ../sbl6/segalib/lib/sega_cdc.a(cdc_cmn.o) (CDSUB_UpdStatus)
../sbl6/segalib/lib/sega_cdc.a(cdc_reg.o)
                              ../sbl6/segalib/lib/sega_cdc.a(cdc_cmn.o) (CDREG_ClrHirqReq)
../sbl6/segalib/lib/sega_per.a(per_prt.o)
                              ../sbl6/segasmp/per/smpclib/per_x2.o (PER_LInit)
../sbl6/segalib/lib/sega_sat.a(DMA_CPU1.o)
                              intro.o (DMA_CpuMemCopy1)
../sbl6/segalib/lib/sega_sat.a(DMA_CPU2.o)
                              intro.o (DMA_CpuMemCopy2)
../sbl6/segalib/lib/sega_sat.a(DMA_CPU5.o)
                              pcmsys.o (DMA_CpuResult)
../sbl6/segalib/lib/sega_sat.a(DMA_SCU1.o)
                              ../sbl6/segalib/lib/sega_spr.a(spr_2c.o) (DMA_ScuMemCopy)
../sbl6/segalib/lib/sega_sat.a(DMA_CPU0.o)
                              ../sbl6/segalib/lib/sega_sat.a(DMA_CPU1.o) (DMA_CpuSetComPrm)
../sbl6/segalib/lib/sega_sat.a(csh_main.o)
                              ../sbl6/segalib/lib/sega_sat.a(DMA_CPU5.o) (CSH_Purge)
../sbl6/segalib/lib/sega_sat.a(DMA_SCU0.o)
                              ../sbl6/segalib/lib/sega_sat.a(DMA_SCU1.o) (DMA_ScuSetPrm)
c:/saturn/SH_COFF/sh-coff/bin/../lib/gcc/sh-coff/3.4-GNUSH_v0501\libgcc.a(_ashiftrt.o)
                              ../sbl6/segalib/lib/sega_scl.a(scl_ro00.o) (__ashiftrt_r4_6)
c:/saturn/SH_COFF/sh-coff/bin/../lib/gcc/sh-coff/3.4-GNUSH_v0501\libgcc.a(_udivsi3.o)
                              menu.o (__udivsi3)
c:/saturn/SH_COFF/sh-coff/bin/../lib/gcc/sh-coff/3.4-GNUSH_v0501\libgcc.a(_si_to_df.o)
                              menu.o (__floatsidf)
c:/saturn/SH_COFF/sh-coff/bin/../lib/gcc/sh-coff/3.4-GNUSH_v0501\libgcc.a(_mul_df.o)
                              menu.o (__muldf3)
c:/saturn/SH_COFF/sh-coff/bin/../lib/gcc/sh-coff/3.4-GNUSH_v0501\libgcc.a(_df_to_si.o)
                              menu.o (__fixdfsi)
c:/saturn/SH_COFF/sh-coff/bin/../lib/gcc/sh-coff/3.4-GNUSH_v0501\libgcc.a(_sdivsi3.o)
                              pcmsys.o (__sdivsi3)
c:/saturn/SH_COFF/sh-coff/bin/../lib/gcc/sh-coff/3.4-GNUSH_v0501\libgcc.a(_ashiftrt_n.o)
                              pcmsys.o (__ashrsi3)
c:/saturn/SH_COFF/sh-coff/bin/../lib/gcc/sh-coff/3.4-GNUSH_v0501\libgcc.a(_ashiftlt.o)
                              scroll.o (__ashlsi3)
c:/saturn/SH_COFF/sh-coff/bin/../lib/gcc/sh-coff/3.4-GNUSH_v0501\libgcc.a(_movstr.o)
                              scroll.o (__movstr)
c:/saturn/SH_COFF/sh-coff/bin/../lib/gcc/sh-coff/3.4-GNUSH_v0501\libgcc.a(__main.o)
                              main.o (__main)
c:/saturn/SH_COFF/sh-coff/bin/../lib/gcc/sh-coff/3.4-GNUSH_v0501\libgcc.a(_pack_df.o)
                              c:/saturn/SH_COFF/sh-coff/bin/../lib/gcc/sh-coff/3.4-GNUSH_v0501\libgcc.a(_si_to_df.o) (__pack_d)
c:/saturn/SH_COFF/sh-coff/bin/../lib/gcc/sh-coff/3.4-GNUSH_v0501\libgcc.a(_unpack_df.o)
                              c:/saturn/SH_COFF/sh-coff/bin/../lib/gcc/sh-coff/3.4-GNUSH_v0501\libgcc.a(_mul_df.o) (__unpack_d)
c:/saturn/SH_COFF/sh-coff/bin/../lib/gcc/sh-coff/3.4-GNUSH_v0501\libgcc.a(_thenan_df.o)
                              c:/saturn/SH_COFF/sh-coff/bin/../lib/gcc/sh-coff/3.4-GNUSH_v0501\libgcc.a(_mul_df.o) (__thenan_df)
c:/saturn/SH_COFF/sh-coff/bin/../lib/gcc/sh-coff/3.4-GNUSH_v0501\libgcc.a(_muldi3.o)
                              c:/saturn/SH_COFF/sh-coff/bin/../lib/gcc/sh-coff/3.4-GNUSH_v0501\libgcc.a(_mul_df.o) (__muldi3)
c:/saturn/SH_COFF/sh-coff/bin/../lib/gcc/sh-coff/3.4-GNUSH_v0501\libgcc.a(_lshrdi3.o)
                              c:/saturn/SH_COFF/sh-coff/bin/../lib/gcc/sh-coff/3.4-GNUSH_v0501\libgcc.a(_df_to_si.o) (__lshrdi3)
c:/saturn/SH_COFF/sh-coff/bin/../lib/gcc/sh-coff/3.4-GNUSH_v0501\libgcc.a(_ashldi3.o)
                              c:/saturn/SH_COFF/sh-coff/bin/../lib/gcc/sh-coff/3.4-GNUSH_v0501\libgcc.a(_pack_df.o) (__ashldi3)
c:/saturn/SH_COFF/sh-coff/bin/../lib/gcc/sh-coff/3.4-GNUSH_v0501\libgcc.a(_mulsi3.o)
                              c:/saturn/SH_COFF/sh-coff/bin/../lib/gcc/sh-coff/3.4-GNUSH_v0501\libgcc.a(_muldi3.o) (__mulsi3)
c:/saturn/SH_COFF/sh-coff/bin/../lib/gcc/sh-coff/3.4-GNUSH_v0501\libgcc.a(_lshiftrt.o)
                              c:/saturn/SH_COFF/sh-coff/bin/../lib/gcc/sh-coff/3.4-GNUSH_v0501\libgcc.a(_lshrdi3.o) (__lshrsi3)
c:/saturn/SH_COFF/sh-coff/bin/../lib/gcc/sh-coff/3.4-GNUSH_v0501/../../../../sh-coff/lib\libc.a(memset.o)
                              scroll.o (memset)
c:/saturn/SH_COFF/sh-coff/bin/../lib/gcc/sh-coff/3.4-GNUSH_v0501/../../../../sh-coff/lib\libc.a(memcpy.o)
                              ../sbl6/segalib/lib/sega_sat.a(DMA_SCU1.o) (memcpy)
c:/saturn/SH_COFF/sh-coff/bin/../lib/gcc/sh-coff/3.4-GNUSH_v0501/../../../../sh-coff/lib\libc.a(atexit.o)
                              c:/saturn/SH_COFF/sh-coff/bin/../lib/gcc/sh-coff/3.4-GNUSH_v0501\libgcc.a(__main.o) (atexit)
c:/saturn/SH_COFF/sh-coff/bin/../lib/gcc/sh-coff/3.4-GNUSH_v0501/../../../../sh-coff/lib\libc.a(impure.o)
                              c:/saturn/SH_COFF/sh-coff/bin/../lib/gcc/sh-coff/3.4-GNUSH_v0501/../../../../sh-coff/lib\libc.a(atexit.o) (_impure_ptr)
c:/saturn/SH_COFF/sh-coff/bin/../lib/gcc/sh-coff/3.4-GNUSH_v0501/../../../../sh-coff/lib\libc.a(malloc.o)
                              c:/saturn/SH_COFF/sh-coff/bin/../lib/gcc/sh-coff/3.4-GNUSH_v0501/../../../../sh-coff/lib\libc.a(atexit.o) (malloc)
c:/saturn/SH_COFF/sh-coff/bin/../lib/gcc/sh-coff/3.4-GNUSH_v0501/../../../../sh-coff/lib\libc.a(mallocr.o)
                              c:/saturn/SH_COFF/sh-coff/bin/../lib/gcc/sh-coff/3.4-GNUSH_v0501/../../../../sh-coff/lib\libc.a(malloc.o) (_malloc_r)
c:/saturn/SH_COFF/sh-coff/bin/../lib/gcc/sh-coff/3.4-GNUSH_v0501/../../../../sh-coff/lib\libc.a(freer.o)
                              c:/saturn/SH_COFF/sh-coff/bin/../lib/gcc/sh-coff/3.4-GNUSH_v0501/../../../../sh-coff/lib\libc.a(malloc.o) (_free_r)
c:/saturn/SH_COFF/sh-coff/bin/../lib/gcc/sh-coff/3.4-GNUSH_v0501/../../../../sh-coff/lib\libc.a(mlock.o)
                              c:/saturn/SH_COFF/sh-coff/bin/../lib/gcc/sh-coff/3.4-GNUSH_v0501/../../../../sh-coff/lib\libc.a(mallocr.o) (__malloc_lock)
c:/saturn/SH_COFF/sh-coff/bin/../lib/gcc/sh-coff/3.4-GNUSH_v0501/../../../../sh-coff/lib\libc.a(sbrkr.o)
                              c:/saturn/SH_COFF/sh-coff/bin/../lib/gcc/sh-coff/3.4-GNUSH_v0501/../../../../sh-coff/lib\libc.a(mallocr.o) (_sbrk_r)
c:/saturn/SH_COFF/sh-coff/bin/../lib/gcc/sh-coff/3.4-GNUSH_v0501/../../../../sh-coff/lib\libc.a(syscalls.o)
                              c:/saturn/SH_COFF/sh-coff/bin/../lib/gcc/sh-coff/3.4-GNUSH_v0501/../../../../sh-coff/lib\libc.a(sbrkr.o) (_sbrk)
c:/saturn/SH_COFF/sh-coff/bin/../lib/gcc/sh-coff/3.4-GNUSH_v0501/../../../../sh-coff/lib\libc.a(trap.o)
                              c:/saturn/SH_COFF/sh-coff/bin/../lib/gcc/sh-coff/3.4-GNUSH_v0501/../../../../sh-coff/lib\libc.a(syscalls.o) (__trap34)
c:/saturn/SH_COFF/sh-coff/bin/../lib/gcc/sh-coff/3.4-GNUSH_v0501/../../../../sh-coff/lib\libc.a(abort.o)
                              c:/saturn/SH_COFF/sh-coff/bin/../lib/gcc/sh-coff/3.4-GNUSH_v0501/../../../../sh-coff/lib\libc.a(syscalls.o) (abort)
c:/saturn/SH_COFF/sh-coff/bin/../lib/gcc/sh-coff/3.4-GNUSH_v0501/../../../../sh-coff/lib\libc.a(signal.o)
                              c:/saturn/SH_COFF/sh-coff/bin/../lib/gcc/sh-coff/3.4-GNUSH_v0501/../../../../sh-coff/lib\libc.a(abort.o) (raise)
c:/saturn/SH_COFF/sh-coff/bin/../lib/gcc/sh-coff/3.4-GNUSH_v0501/../../../../sh-coff/lib\libc.a(signalr.o)
                              c:/saturn/SH_COFF/sh-coff/bin/../lib/gcc/sh-coff/3.4-GNUSH_v0501/../../../../sh-coff/lib\libc.a(signal.o) (_kill_r)

Allocating common symbols
Common symbol       size              file

SclRbgKtbAddr       0x8               ../sbl6/segalib/lib/sega_scl.a(scl_func.o)
sprites             0x460             sprite.o
SpMstCmd            0x4               ../sbl6/segalib/lib/sega_spr.a(spr_2c.o)
SclRb               0x1               ../sbl6/segalib/lib/sega_scl.a(scl_func.o)
Scl_flag            0x2               ../sbl6/segalib/lib/sega_scl.a(scl_func.o)
per_get_time_flg    0x1               ../sbl6/segalib/lib/sega_per.a(per_prt.o)
SpScreenY           0x4               ../sbl6/segalib/lib/sega_spr.a(spr_1c.o)
SclK_TableBuff      0xcd0             ../sbl6/segalib/lib/sega_scl.a(scl_func.o)
SclAutoEndBlue2     0x2               ../sbl6/segalib/lib/sega_scl.a(scl_pri.o)
SpFbcrMode          0x2               ../sbl6/segalib/lib/sega_spr.a(spr_1c.o)
Sp2OpenFlag         0x4               ../sbl6/segalib/lib/sega_spr.a(spr_2c.o)
scfg3               0x8c              scroll.o
SclColOffset        0x10              ../sbl6/segalib/lib/sega_scl.a(scl_pri.o)
SclAddrCsTbl        0x8               ../sbl6/segalib/lib/sega_scl.a(scl_func.o)
scfg0               0x8c              scroll.o
SclPriBuffDirty     0x1               ../sbl6/segalib/lib/sega_scl.a(scl_pri.o)
sprite_buf          0x2000            sprite.o
SclAutoEndRed       0x2               ../sbl6/segalib/lib/sega_scl.a(scl_pri.o)
SclAutoSurface      0x4               ../sbl6/segalib/lib/sega_scl.a(scl_pri.o)
__interrupt_vector  0x400             ../sbl6/segalib/lib/sega_int.a(int.o)
per_hot_res         0x1               ../sbl6/segalib/lib/sega_per.a(per_prt.o)
dirname             0x960             cd.o
SclCsx              0x8               ../sbl6/segalib/lib/sega_scl.a(scl_ro00.o)
Scl_s_reg           0x28              ../sbl6/segalib/lib/sega_scl.a(scl_func.o)
SclAutoGreen        0x2               ../sbl6/segalib/lib/sega_scl.a(scl_pri.o)
SclAutoEndGreen     0x2               ../sbl6/segalib/lib/sega_scl.a(scl_pri.o)
SclAutoCount        0x4               ../sbl6/segalib/lib/sega_scl.a(scl_pri.o)
SpGourTblMax        0x4               ../sbl6/segalib/lib/sega_spr.a(spr_2c.o)
SclColRamAlloc256   0x20              ../sbl6/segalib/lib/sega_scl.a(scl_pri.o)
SclRotateXy         0x8               ../sbl6/segalib/lib/sega_scl.a(scl_func.o)
SpDrawPrtyBlk       0x4               ../sbl6/segalib/lib/sega_spr.a(spr_2c.o)
SclAutoCurRate      0x1               ../sbl6/segalib/lib/sega_scl.a(scl_pri.o)
SpLCoordX           0x4               ../sbl6/segalib/lib/sega_spr.a(spr_2c.o)
dma_cpu_cnt         0x4               ../sbl6/segalib/lib/sega_sat.a(DMA_CPU5.o)
SpMstDrawPrtyBlk    0x4               ../sbl6/segalib/lib/sega_spr.a(spr_2c.o)
SclAutoPlusFlag     0x1               ../sbl6/segalib/lib/sega_scl.a(scl_pri.o)
per_set_sys_flg     0x1               ../sbl6/segalib/lib/sega_per.a(per_prt.o)
Scl_d_reg           0x48              ../sbl6/segalib/lib/sega_scl.a(scl_func.o)
SclRotateDisp       0x8               ../sbl6/segalib/lib/sega_scl.a(scl_func.o)
SpGourTbl           0x4               ../sbl6/segalib/lib/sega_spr.a(spr_2c.o)
SclSpColMix         0x8               ../sbl6/segalib/lib/sega_scl.a(scl_pri.o)
SpDil               0x2               ../sbl6/segalib/lib/sega_spr.a(spr_1c.o)
SpLookupTblR        0x2               ../sbl6/segalib/lib/sega_spr.a(spr_2c.o)
SclAutoMax          0x4               ../sbl6/segalib/lib/sega_scl.a(scl_pri.o)
SpCmdTbl            0x4               ../sbl6/segalib/lib/sega_spr.a(spr_2c.o)
dma_cpu_dis_adr     0x4               ../sbl6/segalib/lib/sega_sat.a(DMA_CPU5.o)
SclRotateMoveZ      0x8               ../sbl6/segalib/lib/sega_scl.a(scl_func.o)
scfg2               0x8c              scroll.o
SclLineColRamOffset
                    0x4               ../sbl6/segalib/lib/sega_scl.a(scl_pri.o)
SclRotXySw          0x4               ../sbl6/segalib/lib/sega_scl.a(scl_func.o)
per_get_time_adr    0x4               ../sbl6/segalib/lib/sega_per.a(per_prt.o)
SclColRamAlloc2048  0x4               ../sbl6/segalib/lib/sega_scl.a(scl_pri.o)
SclBgPriNum         0x6               ../sbl6/segalib/lib/sega_scl.a(scl_pri.o)
SpCharMax           0x4               ../sbl6/segalib/lib/sega_spr.a(spr_2c.o)
SpDrawPrtyProcFlag  0x4               ../sbl6/segalib/lib/sega_spr.a(spr_2c.o)
SclAutoEndBlue      0x2               ../sbl6/segalib/lib/sega_scl.a(scl_pri.o)
SpCmdNo             0x4               ../sbl6/segalib/lib/sega_spr.a(spr_2c.o)
SclAutoEndGreen2    0x2               ../sbl6/segalib/lib/sega_scl.a(scl_pri.o)
Scl_r_reg           0x10              ../sbl6/segalib/lib/sega_scl.a(scl_func.o)
SclRPMD             0x2               ../sbl6/segalib/lib/sega_scl.a(scl_func.o)
SpDrawPrtyBlkMax    0x4               ../sbl6/segalib/lib/sega_spr.a(spr_2c.o)
SpDie               0x2               ../sbl6/segalib/lib/sega_spr.a(spr_1c.o)
SclAutoVeFlag       0x1               ../sbl6/segalib/lib/sega_scl.a(scl_pri.o)
SclBgColMix         0x8               ../sbl6/segalib/lib/sega_scl.a(scl_pri.o)
text                0x14a0            print.o
SpSlvCmdPos         0x4               ../sbl6/segalib/lib/sega_spr.a(spr_2c.o)
per_get_sys_data    0xc               ../sbl6/segalib/lib/sega_per.a(per_prt.o)
SclRbgKtbOffset     0x8               ../sbl6/segalib/lib/sega_scl.a(scl_func.o)
off_config          0x8c              main.o
SclAutoIndex        0x4               ../sbl6/segalib/lib/sega_scl.a(scl_pri.o)
SclAutoEndRate      0x1               ../sbl6/segalib/lib/sega_scl.a(scl_pri.o)
SpSlvDrawPrtyBlk    0x4               ../sbl6/segalib/lib/sega_spr.a(spr_2c.o)
_SclRotregBuff      0xd0              ../sbl6/segalib/lib/sega_scl.a(scl_func.o)
SclAutoBlue         0x2               ../sbl6/segalib/lib/sega_scl.a(scl_pri.o)
lib_work            0xd08             cd.o
SpTvMode            0x2               ../sbl6/segalib/lib/sega_spr.a(spr_1c.o)
SpScreenX           0x4               ../sbl6/segalib/lib/sega_spr.a(spr_1c.o)
SclRa               0x1               ../sbl6/segalib/lib/sega_scl.a(scl_func.o)
SclRotateZ          0x8               ../sbl6/segalib/lib/sega_scl.a(scl_func.o)
SpCharTbl           0x4               ../sbl6/segalib/lib/sega_spr.a(spr_2c.o)
SclAddrLsTbl        0x8               ../sbl6/segalib/lib/sega_scl.a(scl_func.o)
SclK_TableNum       0x8               ../sbl6/segalib/lib/sega_scl.a(scl_func.o)
SclAutoRed          0x2               ../sbl6/segalib/lib/sega_scl.a(scl_pri.o)
SpCmdTblR           0x2               ../sbl6/segalib/lib/sega_spr.a(spr_2c.o)
SclAutoInterval     0x4               ../sbl6/segalib/lib/sega_scl.a(scl_pri.o)
SclOtherPri         0x10              ../sbl6/segalib/lib/sega_scl.a(scl_pri.o)
per_time_out_flg    0x1               ../sbl6/segalib/lib/sega_per.a(per_prt.o)
SclRotateTableAddress
                    0x4               ../sbl6/segalib/lib/sega_scl.a(scl_func.o)
SpMstCmdPos         0x4               ../sbl6/segalib/lib/sega_spr.a(spr_2c.o)
SpSlvCmd            0x4               ../sbl6/segalib/lib/sega_spr.a(spr_2c.o)
scfg1               0x8c              scroll.o
SclAutoRGB          0x600             ../sbl6/segalib/lib/sega_scl.a(scl_pri.o)
errno               0x4               c:/saturn/SH_COFF/sh-coff/bin/../lib/gcc/sh-coff/3.4-GNUSH_v0501/../../../../sh-coff/lib\libc.a(syscalls.o)
SclK_TableFlag      0x4               ../sbl6/segalib/lib/sega_scl.a(scl_func.o)
SclAutoEndRed2      0x2               ../sbl6/segalib/lib/sega_scl.a(scl_pri.o)
SclCsy              0x8               ../sbl6/segalib/lib/sega_scl.a(scl_ro00.o)
SclSpPriNum         0x8               ../sbl6/segalib/lib/sega_scl.a(scl_pri.o)
Scl_w_reg           0x20              ../sbl6/segalib/lib/sega_scl.a(scl_func.o)
directory_table     0xc               cd.o
SpLCoordY           0x4               ../sbl6/segalib/lib/sega_spr.a(spr_2c.o)
Scl_n_reg           0x40              ../sbl6/segalib/lib/sega_scl.a(scl_func.o)

Memory Configuration

Name             Origin             Length             Attributes
*default*        0x00000000         0xffffffff

Linker script and memory map

LOAD ../sbl6/segasmp/lib/strt1_g.o
LOAD ../sbl6/segasmp/lib/strt2_g.o
LOAD vblank.o
LOAD ../sbl6/segasmp/per/smpclib/per_x1.o
LOAD ../sbl6/segasmp/per/smpclib/per_x2.o
LOAD ../sbl6/segasmp/per/smpclib/per_x3.o
LOAD cd.o
LOAD crc.o
LOAD devcart.o
LOAD graphics.o
LOAD intro.o
LOAD logo.o
LOAD menu.o
LOAD pcmsys.o
LOAD print.o
LOAD scroll.o
LOAD sound.o
LOAD sprite.o
LOAD main.o
LOAD ../sbl6/segalib/lib/sega_int.a
LOAD ../sbl6/segalib/lib/sega_spr.a
LOAD ../sbl6/segalib/lib/sega_scl.a
LOAD ../sbl6/segalib/lib/sega_mth.a
LOAD ../sbl6/segalib/lib/sega_cdc.a
LOAD ../sbl6/segalib/lib/sega_adp.a
LOAD ../sbl6/segalib/lib/sega_per.a
LOAD ../sbl6/segalib/lib/sega_sat.a
LOAD c:/saturn/SH_COFF/sh-coff/bin/../lib/gcc/sh-coff/3.4-GNUSH_v0501\libgcc.a
LOAD c:/saturn/SH_COFF/sh-coff/bin/../lib/gcc/sh-coff/3.4-GNUSH_v0501/../../../../sh-coff/lib\libc.a
LOAD c:/saturn/SH_COFF/sh-coff/bin/../lib/gcc/sh-coff/3.4-GNUSH_v0501\libgcc.a

.text           0x06010000     0xfea0
 *(.text)
 .text          0x06010000       0x30 ../sbl6/segasmp/lib/strt1_g.o
                0x06010024                _D_END
                0x06010020                _D_BGN
                0x0601002c                _B_END
                0x06010028                _B_BGN
                0x06010000                START
 .text          0x06010030       0x60 ../sbl6/segasmp/lib/strt2_g.o
                0x06010050                _INITSCT
                0x06010030                _INIT
 .text          0x06010090      0x180 vblank.o
                0x06010090                SetVblank
                0x06010110                UsrVblankOut
                0x060100f0                UsrVblankIn
 .text          0x06010210      0x430 ../sbl6/segasmp/per/smpclib/per_x1.o
                0x060105a4                PER_GetAnalogXYZ
                0x06010234                PER_GetTriggerHandler
                0x060104ce                PER_GetEdge
                0x0601044c                PER_GetTrigger
                0x060104f8                PER_GetPressEdge
                0x0601054c                PER_GetReleaseEdge
                0x06010210                PER_SetTriggerHandler
 .text          0x06010640      0x200 ../sbl6/segasmp/per/smpclib/per_x2.o
                0x06010744                PER_GetDeviceA
                0x06010640                PER_OpenPort
                0x06010678                PER_GetPort
                0x060107be                PER_GetDeviceR
 .text          0x06010840       0x20 ../sbl6/segasmp/per/smpclib/per_x3.o
                0x06010840                PER_DisguiseTrigger
 .text          0x06010860       0x30 cd.o
                0x06010880                cd_load_nosize
                0x06010860                cd_init
                0x06010870                cd_load
 .text          0x06010890      0x140 crc.o
                0x06010990                crc_update
 .text          0x060109d0      0x200 devcart.o
                0x06010b90                devcart_reset
                0x06010a40                devcart_loadfile
                0x06010b40                devcart_printstr
 .text          0x06010bd0      0xd90 intro.o
                0x06010bd0                intro_run
 .text          0x06011960      0x2e0 logo.o
                0x060119c0                logo_run
                0x06011960                logo_loadframe
 .text          0x06011c40      0x490 menu.o
                0x06011cf0                menu_run
 .text          0x060120d0      0x8a0 pcmsys.o
                0x06012780                load_8bit_pcm
                0x060124f0                smpc_issue_command
                0x060125a0                load_drv
                0x06012900                pcm_parameter_change
                0x060124d0                smpc_wait_till_ready
                0x06012510                load_driver_binary
                0x060128c0                pcm_play
                0x06012930                pcm_cease
                0x060125f0                calculate_bytes_per_blank
                0x06012630                load_16bit_pcm
 .text          0x06012970      0x180 print.o
                0x06012a50                print_display
                0x060129a0                print_num
                0x06012970                print_init
                0x060129f0                print_string
 .text          0x06012af0      0x410 scroll.o
                0x06012af0                scroll_lores
                0x06012eb0                scroll_set
                0x06012b50                scroll_hires
                0x06012c90                scroll_init
                0x06012bb0                scroll_scale
 .text          0x06012f00       0x70 sound.o
                0x06012f50                sound_play
                0x06012f10                sound_init
                0x06012f40                sound_cdda
 .text          0x06012f70      0x680 sprite.o
                0x06012fa0                sprite_init
                0x06013420                sprite_make
                0x06013560                sprite_next
                0x060130f0                sprite_erase
                0x060135c0                sprite_delete
                0x06013470                sprite_draw_all
                0x06012f70                sprite_deleteall
                0x06013150                sprite_startdraw
                0x060131d0                sprite_draw
 .text          0x060135f0      0x1c0 main.o
                0x060135f0                main
 .text          0x060137b0       0x40 ../sbl6/segalib/lib/sega_int.a(int.o)
                0x060137dc                INT_GetScuFunc
                0x060137b0                INT_SetScuFunc
 .text          0x060137f0      0x624 ../sbl6/segalib/lib/sega_int.a(int_trmp.o)
                0x06013958                __interrupt_handler60
                0x06013b08                __interrupt_handler132
                0x06013cbe                __interrupt_handler205
                0x06013b26                __interrupt_handler137
                0x06013a54                __interrupt_handler102
                0x06013892                __interrupt_handler27
                0x06013c94                __interrupt_handler198
                0x06013b86                __interrupt_handler153
                0x0601386e                __interrupt_handler21
                0x0601397c                __interrupt_handler66
                0x06013a6c                __interrupt_handler106
                0x06013bb6                __interrupt_handler161
                0x06013a00                __interrupt_handler88
                0x06013bce                __interrupt_handler165
                0x06013ade                __interrupt_handler125
                0x06013814                __interrupt_handler6
                0x060138b0                __interrupt_handler32
                0x06013c6a                __interrupt_handler191
                0x06013d84                __interrupt_handler238
                0x06013d9c                __interrupt_handler242
                0x06013ba4                __interrupt_handler158
                0x06013a0c                __interrupt_handler90
                0x06013bc8                __interrupt_handler164
                0x060138ec                __interrupt_handler42
                0x06013c2e                __interrupt_handler181
                0x06013d36                __interrupt_handler225
                0x06013dde                __interrupt_handler253
                0x06013bf2                __interrupt_handler171
                0x060139ac                __interrupt_handler74
                0x06013802                __interrupt_handler3
                0x06013946                __interrupt_handler57
                0x06013844                __interrupt_handler14
                0x06013cdc                __interrupt_handler210
                0x06013d0c                __interrupt_handler218
                0x06013cd0                __interrupt_handler208
                0x060138d4                __interrupt_handler38
                0x060137f0                __interrupt_handler0
                0x06013a60                __interrupt_handler104
                0x06013b9e                __interrupt_handler157
                0x06013cee                __interrupt_handler213
                0x06013be0                __interrupt_handler168
                0x060139ee                __interrupt_handler85
                0x06013a8a                __interrupt_handler111
                0x06013a9c                __interrupt_handler114
                0x0601390a                __interrupt_handler47
                0x06013d60                __interrupt_handler232
                0x06013d2a                __interrupt_handler223
                0x06013d7e                __interrupt_handler237
                0x0601396a                __interrupt_handler63
                0x060138f8                __interrupt_handler44
                0x06013c0a                __interrupt_handler175
                0x06013c34                __interrupt_handler182
                0x06013c4c                __interrupt_handler186
                0x06013b4a                __interrupt_handler143
                0x06013a72                __interrupt_handler107
                0x06013ad8                __interrupt_handler124
                0x06013bf8                __interrupt_handler172
                0x06013dae                __interrupt_handler245
                0x06013a2a                __interrupt_handler95
                0x06013b02                __interrupt_handler131
                0x06013b14                __interrupt_handler134
                0x06013b32                __interrupt_handler139
                0x060139a0                __interrupt_handler72
                0x06013d5a                __interrupt_handler231
                0x06013bb0                __interrupt_handler160
                0x06013af6                __interrupt_handler129
                0x06013868                __interrupt_handler20
                0x06013976                __interrupt_handler65
                0x06013940                __interrupt_handler56
                0x0601383e                __interrupt_handler13
                0x06013cd6                __interrupt_handler209
                0x06013a90                __interrupt_handler112
                0x06013862                __interrupt_handler19
                0x06013a1e                __interrupt_handler93
                0x06013c88                __interrupt_handler196
                0x06013b7a                __interrupt_handler151
                0x06013bda                __interrupt_handler167
                0x06013df0                __trampoline
                0x06013856                __interrupt_handler17
                0x06013d48                __interrupt_handler228
                0x06013dea                __interrupt_handler255
                0x06013da8                __interrupt_handler244
                0x06013a42                __interrupt_handler99
                0x06013c3a                __interrupt_handler183
                0x06013b38                __interrupt_handler140
                0x06013c5e                __interrupt_handler189
                0x06013b5c                __interrupt_handler146
                0x06013d24                __interrupt_handler222
                0x06013b98                __interrupt_handler156
                0x06013acc                __interrupt_handler122
                0x06013dc0                __interrupt_handler248
                0x06013910                __interrupt_handler48
                0x0601398e                __interrupt_handler69
                0x06013880                __interrupt_handler24
                0x06013a06                __interrupt_handler89
                0x06013cfa                __interrupt_handler215
                0x06013de4                __interrupt_handler254
                0x060139fa                __interrupt_handler87
                0x0601395e                __interrupt_handler61
                0x06013c82                __interrupt_handler195
                0x06013b74                __interrupt_handler150
                0x060138e6                __interrupt_handler41
                0x06013a84                __interrupt_handler110
                0x06013aea                __interrupt_handler127
                0x06013a78                __interrupt_handler108
                0x06013a96                __interrupt_handler113
                0x06013aa8                __interrupt_handler116
                0x06013ac6                __interrupt_handler121
                0x060139be                __interrupt_handler77
                0x060138da                __interrupt_handler39
                0x060138f2                __interrupt_handler43
                0x06013dc6                __interrupt_handler249
                0x06013c04                __interrupt_handler174
                0x06013b20                __interrupt_handler136
                0x06013c58                __interrupt_handler188
                0x06013b56                __interrupt_handler145
                0x06013826                __interrupt_handler9
                0x060139ca                __interrupt_handler79
                0x06013d42                __interrupt_handler227
                0x060138bc                __interrupt_handler34
                0x06013afc                __interrupt_handler130
                0x06013dba                __interrupt_handler247
                0x060139b2                __interrupt_handler75
                0x06013bfe                __interrupt_handler173
                0x0601392e                __interrupt_handler53
                0x06013b6e                __interrupt_handler149
                0x06013dd2                __interrupt_handler251
                0x06013d66                __interrupt_handler233
                0x0601382c                __interrupt_handler10
                0x06013cb8                __interrupt_handler204
                0x060139dc                __interrupt_handler82
                0x060139e2                __interrupt_handler83
                0x06013886                __interrupt_handler25
                0x06013da2                __interrupt_handler243
                0x06013bbc                __interrupt_handler162
                0x06013904                __interrupt_handler46
                0x06013c1c                __interrupt_handler178
                0x060139d0                __interrupt_handler80
                0x06013964                __interrupt_handler62
                0x060137fc                __interrupt_handler2
                0x0601389e                __interrupt_handler29
                0x06013994                __interrupt_handler70
                0x06013a7e                __interrupt_handler109
                0x06013b68                __interrupt_handler148
                0x06013a24                __interrupt_handler94
                0x06013d30                __interrupt_handler224
                0x06013a5a                __interrupt_handler103
                0x060138c8                __interrupt_handler36
                0x06013ae4                __interrupt_handler126
                0x06013db4                __interrupt_handler246
                0x0601393a                __interrupt_handler55
                0x06013838                __interrupt_handler12
                0x06013928                __interrupt_handler52
                0x06013c52                __interrupt_handler187
                0x06013b50                __interrupt_handler144
                0x06013aae                __interrupt_handler117
                0x0601385c                __interrupt_handler18
                0x06013c8e                __interrupt_handler197
                0x06013b80                __interrupt_handler152
                0x06013ab4                __interrupt_handler118
                0x06013bec                __interrupt_handler170
                0x06013ca6                __interrupt_handler201
                0x06013a36                __interrupt_handler97
                0x06013bc2                __interrupt_handler163
                0x06013c28                __interrupt_handler180
                0x06013c70                __interrupt_handler192
                0x06013d90                __interrupt_handler240
                0x06013ad2                __interrupt_handler123
                0x06013cf4                __interrupt_handler214
                0x060138aa                __interrupt_handler31
                0x06013898                __interrupt_handler28
                0x06013982                __interrupt_handler67
                0x06013988                __interrupt_handler68
                0x06013874                __interrupt_handler22
                0x0601387a                __interrupt_handler23
                0x06013c10                __interrupt_handler176
                0x0601381a                __interrupt_handler7
                0x06013d1e                __interrupt_handler221
                0x06013d06                __interrupt_handler217
                0x06013d4e                __interrupt_handler229
                0x06013916                __interrupt_handler49
                0x06013808                __interrupt_handler4
                0x060138e0                __interrupt_handler40
                0x06013aa2                __interrupt_handler115
                0x06013d72                __interrupt_handler235
                0x06013a12                __interrupt_handler91
                0x06013cc4                __interrupt_handler206
                0x06013c16                __interrupt_handler177
                0x06013b62                __interrupt_handler147
                0x060138ce                __interrupt_handler37
                0x06013dcc                __interrupt_handler250
                0x060137f6                __interrupt_handler1
                0x06013d12                __interrupt_handler219
                0x060139b8                __interrupt_handler76
                0x06013a48                __interrupt_handler100
                0x0601394c                __interrupt_handler58
                0x0601384a                __interrupt_handler15
                0x06013ce8                __interrupt_handler212
                0x06013d96                __interrupt_handler241
                0x06013cac                __interrupt_handler202
                0x06013c76                __interrupt_handler193
                0x060139c4                __interrupt_handler78
                0x0601391c                __interrupt_handler50
                0x060138b6                __interrupt_handler33
                0x06013bd4                __interrupt_handler166
                0x06013b2c                __interrupt_handler138
                0x06013b1a                __interrupt_handler135
                0x060138a4                __interrupt_handler30
                0x06013c40                __interrupt_handler184
                0x06013b3e                __interrupt_handler141
                0x06013d54                __interrupt_handler230
                0x06013d78                __interrupt_handler236
                0x06013aba                __interrupt_handler119
                0x060139f4                __interrupt_handler86
                0x06013a66                __interrupt_handler105
                0x060139d6                __interrupt_handler81
                0x06013ac0                __interrupt_handler120
                0x06013af0                __interrupt_handler128
                0x06013934                __interrupt_handler54
                0x06013832                __interrupt_handler11
                0x06013c9a                __interrupt_handler199
                0x06013b8c                __interrupt_handler154
                0x060138fe                __interrupt_handler45
                0x06013d00                __interrupt_handler216
                0x06013cb2                __interrupt_handler203
                0x06013a4e                __interrupt_handler101
                0x060139e8                __interrupt_handler84
                0x06013c46                __interrupt_handler185
                0x06013b44                __interrupt_handler142
                0x0601388c                __interrupt_handler26
                0x06013970                __interrupt_handler64
                0x06013ca0                __interrupt_handler200
                0x06013cca                __interrupt_handler207
                0x06013c7c                __interrupt_handler194
                0x06013a18                __interrupt_handler92
                0x06013b92                __interrupt_handler155
                0x06013ce2                __interrupt_handler211
                0x06013b0e                __interrupt_handler133
                0x0601380e                __interrupt_handler5
                0x060139a6                __interrupt_handler73
                0x06013850                __interrupt_handler16
                0x06013d8a                __interrupt_handler239
                0x06013d6c                __interrupt_handler234
                0x060138c2                __interrupt_handler35
                0x06013952                __interrupt_handler59
                0x06013be6                __interrupt_handler169
                0x06013a3c                __interrupt_handler98
                0x0601399a                __interrupt_handler71
                0x06013922                __interrupt_handler51
                0x06013baa                __interrupt_handler159
                0x06013d3c                __interrupt_handler226
                0x06013a30                __interrupt_handler96
                0x06013c64                __interrupt_handler190
                0x06013d18                __interrupt_handler220
                0x06013820                __interrupt_handler8
                0x06013c22                __interrupt_handler179
                0x06013dd8                __interrupt_handler252
 *fill*         0x06013e14        0xc 00
 .text          0x06013e20     0x12a0 ../sbl6/segalib/lib/sega_spr.a(spr_2c.o)
                0x06015080                SlaveFlushDrawPrtyBlock
                0x06013e20                SPR_2Initial
                0x06014664                SPR_2SysClip
                0x06014604                SPR_2LocalCoord
                0x06014efc                SPR_2FlushDrawPrtyBlock
                0x06014be8                SPR_2DistSpr
                0x060145ec                SPR_2FlushDrawPrty
                0x06014d0c                SPR_2Cmd
                0x060142e8                SPR_2GourTblNoToVram
                0x06014348                SPR_2GetAreaSizeInfo
                0x060140b0                SPR_2SetGourTbl
                0x0601489c                SPR_2Polygon
                0x06014324                SPR_2CharNoToVram
                0x06014030                SPR_2SetTvMode
                0x0601448c                SPR_2CloseCommand
                0x0601406c                SPR_2FrameEraseData
                0x06013e48                SPR_2Initial2
                0x06014a7c                SPR_2ScaleSpr
                0x0601470c                SPR_2Line
                0x060143d8                SPR_2OpenCommand
                0x0601404c                SPR_2FrameChgIntr
                0x06014958                SPR_2NormSpr
                0x060140e0                SPR_2SetLookupTbl
                0x06014114                SPR_2SetChar
                0x0601430c                SPR_2LookupTblNoToVram
                0x060147e0                SPR_2PolyLine
                0x06014280                SPR_2ClrAllChar
                0x06014234                SPR_2ClrChar
                0x060146b0                SPR_2UserClip
 .text          0x060150c0      0x1e6 ../sbl6/segalib/lib/sega_spr.a(spr_slv.o)
                0x06015224                SPR_WaitEndSlaveSH
                0x060150c0                SPR_SMPC_SSHON
                0x06015200                SPR_RunSlaveSH
                0x060150c4                SPR_InitSlaveSH
                0x0601518c                SPR_SlaveSHmain
                0x060150c1                SPR_SMPC_SSHOFF
 *fill*         0x060152a6        0xa 00
 .text          0x060152b0      0x36a ../sbl6/segalib/lib/sega_spr.a(spr_1c.o)
                0x06015564                SPR_WaitDrawEnd
                0x0601557c                SPR_SetEosMode
                0x06015494                SPR_SetEraseData
                0x060152b0                SPR_Initial
                0x06015388                SPR_SetTvMode
                0x06015420                SPR_GetStatus
 *fill*         0x0601561a        0x6 00
 .text          0x06015620      0x244 ../sbl6/segalib/lib/sega_spr.a(spr_2a.o)
                0x06015632                sprMemCpyW
                0x06015690                flushDrawPrtyBlock
                0x06015620                sprMemCpyL
                0x06015644                SPR_2SetDrawPrty
 *fill*         0x06015864        0xc 00
 .text          0x06015870      0x2fc ../sbl6/segalib/lib/sega_scl.a(scl_vblv.o)
                0x0601592c                SCL_DisplayFrame
                0x06015870                SCL_SetFrameInterval
                0x06015960                SCL_VblInit
                0x060159b0                SCL_VblankStart
                0x060159f4                SCL_VblankEnd
 *fill*         0x06015b6c        0x4 00
 .text          0x06015b70     0x10a4 ../sbl6/segalib/lib/sega_scl.a(scl_pri.o)
                0x06015c04                SCL_AbortAutoVe
                0x06016ab4                SCL_SetShadowBit
                0x0601607c                SCL_AutoExec
                0x06015b70                SCL_PriorityInit
                0x06016590                SCL_IncColOffset
                0x06015c18                SCL_SetColMixRate
                0x06015be8                SCL_GetColRamMode
 *fill*         0x06016c14        0xc 00
 .text          0x06016c20       0x9c ../sbl6/segalib/lib/sega_scl.a(scl_pr02.o)
                0x06016c20                SCL_SetColRam
 *fill*         0x06016cbc        0x4 00
 .text          0x06016cc0      0x214 ../sbl6/segalib/lib/sega_scl.a(scl_pr07.o)
                0x06016cc0                SCL_SetPriority
 *fill*         0x06016ed4        0xc 00
 .text          0x06016ee0       0x98 ../sbl6/segalib/lib/sega_scl.a(scl_pr10.o)
                0x06016ee0                SCL_SetAutoColMix
 *fill*         0x06016f78        0x8 00
 .text          0x06016f80      0x278 ../sbl6/segalib/lib/sega_scl.a(scl_fu05.o)
                0x0601703c                SCL_SetLineParam
                0x06016f88                SCL_InitLineParamTb
 *fill*         0x060171f8        0x8 00
 .text          0x06017200      0x1f4 ../sbl6/segalib/lib/sega_scl.a(scl_pr12.o)
                0x06017200                SCL_SetColOffset
 *fill*         0x060173f4        0xc 00
 .text          0x06017400      0xb9c ../sbl6/segalib/lib/sega_scl.a(scl_func.o)
                0x06017ddc                SCL_Vdp2_SGLInit
                0x06017cec                SCL_PriIntProc
                0x06017c64                SCL_Memcpyw
                0x06017f7c                SCL_SglOff
                0x06017f5c                SCL_SglOn
                0x06017bd0                SCL_ScrollShow
                0x06017678                SCL_Close
                0x06017970                SCL_Scale
                0x06017400                SCL_Vdp2Init
                0x060177e4                SCL_Move
                0x06017aac                SCL_CopyReg
                0x06017654                SCL_Open
                0x06017484                SCL_ParametersInit
                0x06017694                SCL_MoveTo
                0x06017c8c                SCL_SetColRamMode
 *fill*         0x06017f9c        0x4 00
 .text          0x06017fa0      0x180 ../sbl6/segalib/lib/sega_scl.a(scl_pr11.o)
                0x06017fa0                SCL_SetAutoColOffset
 .text          0x06018120      0x1ec ../sbl6/segalib/lib/sega_scl.a(scl_fu01.o)
                0x06018120                SCL_SetDisplayMode
 *fill*         0x0601830c        0x4 00
 .text          0x06018310       0x28 ../sbl6/segalib/lib/sega_scl.a(scl_fu04.o)
                0x06018310                SCL_SetCycleTable
 *fill*         0x06018338        0x8 00
 .text          0x06018340      0x138 ../sbl6/segalib/lib/sega_scl.a(scl_pr03.o)
                0x06018340                SCL_FreeColRam
                0x06018378                SCL_AllocColRam
 *fill*         0x06018478        0x8 00
 .text          0x06018480       0x84 ../sbl6/segalib/lib/sega_scl.a(scl_back.o)
                0x06018480                SCL_SetBack
 *fill*         0x06018504        0xc 00
 .text          0x06018510      0x94c ../sbl6/segalib/lib/sega_scl.a(scl_fu03.o)
                0x0601856c                SCL_SetConfig
                0x06018510                SCL_InitConfigTb
 *fill*         0x06018e5c        0x4 00
 .text          0x06018e60      0x4f4 ../sbl6/segalib/lib/sega_scl.a(scl_fu02.o)
                0x06018e98                SCL_SetVramConfig
                0x06018e60                SCL_InitVramConfigTb
 *fill*         0x06019354        0xc 00
 .text          0x06019360       0x58 ../sbl6/segalib/lib/sega_scl.a(scl_pr01.o)
                0x06019360                SCL_SetSpriteMode
 *fill*         0x060193b8        0x8 00
 .text          0x060193c0       0xac ../sbl6/segalib/lib/sega_scl.a(scl_pr05.o)
                0x060193c0                SCL_GetColRamOffset
 *fill*         0x0601946c        0x4 00
 .text          0x06019470     0x1394 ../sbl6/segalib/lib/sega_scl.a(scl_ro00.o)
                0x0601a65c                SCL_RotateZD
                0x06019924                SCL_Rotate
                0x060195f8                SCL_InitRotateTable
 *fill*         0x0601a804        0xc 00
 .text          0x0601a810      0x1b4 ../sbl6/segalib/lib/sega_scl.a(scl_pr06.o)
                0x0601a810                SCL_SetColRamOffset
 *fill*         0x0601a9c4        0xc 00
 .text          0x0601a9d0      0x600 ../sbl6/segalib/lib/sega_mth.a(mth_tri.o)
                0x0601aa6c                fcos
                0x0601aa72                fsin
                0x0601aa1c                MTH_Cos
                0x0601a9d0                MTH_Sin
                0x0601ac10                MTH_Atan
 .text          0x0601afd0       0xa4 ../sbl6/segalib/lib/sega_mth.a(mth_fixd.o)
                0x0601b020                MTH_FixedToInt
                0x0601b010                MTH_IntToFixed
                0x0601afd0                MTH_Mul
                0x0601b030                MTH_Product
                0x0601aff0                MTH_Div
 *fill*         0x0601b074        0xc 00
 .text          0x0601b080      0xde4 ../sbl6/segalib/lib/sega_mth.a(mth_curv.o)
                0x0601bd14                MTH_Curve3t
                0x0601b9ac                MTH_Curve2
                0x0601bbd8                MTH_Curve3
                0x0601babc                MTH_Curve2t
                0x0601b0e0                MTH_Hypot
                0x0601b080                MTH_Sqrt
 *fill*         0x0601be64        0xc 00
 .text          0x0601be70       0x30 ../sbl6/segalib/lib/sega_mth.a(mth_rand.o)
                0x0601be80                MTH_GetRand
                0x0601be70                MTH_InitialRand
 .text          0x0601bea0      0x3a0 ../sbl6/segalib/lib/sega_cdc.a(cdc_cmn.o)
                0x0601c044                CDC_TgetToc
                0x0601c1e8                CDC_DataEnd
                0x0601bf08                CDC_GetPeriStat
                0x0601c17c                CDC_DataReady
                0x0601c154                CDC_CdOpen
                0x0601c0d0                CDC_CdInit
                0x0601c094                CDC_GetSes
                0x0601bef0                CDC_GetLastStat
                0x0601bea0                CDC_GetCurStat
                0x0601bfdc                CDC_GetHwInfo
 .text          0x0601c240      0x152 ../sbl6/segalib/lib/sega_cdc.a(cdc_sub.o)
                0x0601c2e8                CDSUB_GetCdstat
                0x0601c258                CDSUB_UpdCdstat
                0x0601c328                CDSUB_RspToCdstat
                0x0601c370                CDSUB_SoftTimer
                0x0601c240                CDSUB_UpdStatus
                0x0601c278                CDSUB_CdCmd
 *fill*         0x0601c392        0xe 00
 .text          0x0601c3a0      0x2dc ../sbl6/segalib/lib/sega_cdc.a(cdc_reg.o)
                0x0601c3f4                CDREG_ClrHirqReq
                0x0601c3c4                CDC_ClrHirqReq
                0x0601c474                CDREG_TgetData
                0x0601c464                CDC_GetMpegPtr
                0x0601c440                CDC_GetHirqMsk
                0x0601c3a0                CDC_GetDataPtr
                0x0601c3b0                CDC_GetHirqReq
                0x0601c5d0                CDREG_WaitHirq
                0x0601c454                CDC_SetHirqMsk
                0x0601c4d0                CDREG_CmdRsp
                0x0601c404                CDREG_InitHirqReq
                0x0601c42c                CDREG_SetHirqFlag
                0x0601c640                CDREG_ReadRsp
 *fill*         0x0601c67c        0x4 00
 .text          0x0601c680      0xf50 ../sbl6/segalib/lib/sega_per.a(per_prt.o)
                0x0601caa0                PER_IntFunc
                0x0601c898                PER_LGetPer
                0x0601c680                PER_LInit
 .text          0x0601d5d0       0x90 ../sbl6/segalib/lib/sega_sat.a(DMA_CPU1.o)
                0x0601d5d0                DMA_CpuMemCopy1
 .text          0x0601d660       0x94 ../sbl6/segalib/lib/sega_sat.a(DMA_CPU2.o)
                0x0601d660                DMA_CpuMemCopy2
 *fill*         0x0601d6f4        0xc 00
 .text          0x0601d700       0x50 ../sbl6/segalib/lib/sega_sat.a(DMA_CPU5.o)
                0x0601d700                DMA_CpuResult
 .text          0x0601d750      0x1f4 ../sbl6/segalib/lib/sega_sat.a(DMA_SCU1.o)
                0x0601d8ac                DMA_ScuResult
                0x0601d750                DMA_ScuInit
                0x0601d7a0                DMA_ScuMemCopy
 *fill*         0x0601d944        0xc 00
 .text          0x0601d950      0x1b6 ../sbl6/segalib/lib/sega_sat.a(DMA_CPU0.o)
                0x0601d998                DMA_CpuSetPrm
                0x0601da9c                DMA_CpuStart
                0x0601daf4                DMA_CpuGetStatus
                0x0601dac8                DMA_CpuAllStop
                0x0601dadc                DMA_CpuGetComStatus
                0x0601d950                DMA_CpuSetComPrm
                0x0601dab0                DMA_CpuStop
 *fill*         0x0601db06        0xa 00
 .text          0x0601db10       0xe8 ../sbl6/segalib/lib/sega_sat.a(csh_main.o)
                0x0601db10                CSH_Init
                0x0601db78                CSH_AllClr
                0x0601dbc4                CSH_Purge
 *fill*         0x0601dbf8        0x8 00
 .text          0x0601dc00      0x308 ../sbl6/segalib/lib/sega_sat.a(DMA_SCU0.o)
                0x0601dc84                DMA_ScuStart
                0x0601ddb8                DMA_ScuIntFunc0
                0x0601de28                DMA_ScuIntFunc1
                0x0601de98                DMA_ScuIntFunc2
                0x0601dd78                DMA_ScuGetStatus
                0x0601dc00                DMA_ScuSetPrm
 *fill*         0x0601df08        0x8 00
 .text          0x0601df10       0x60 c:/saturn/SH_COFF/sh-coff/bin/../lib/gcc/sh-coff/3.4-GNUSH_v0501\libgcc.a(_ashiftrt.o)
                0x0601df1c                __ashiftrt_r4_27
                0x0601df50                __ashiftrt_r4_6
                0x0601df40                __ashiftrt_r4_14
                0x0601df32                __ashiftrt_r4_19
                0x0601df4a                __ashiftrt_r4_9
                0x0601df5e                __ashiftrt_r4_0
                0x0601df10                __ashiftrt_r4_31
                0x0601df1e                __ashiftrt_r4_26
                0x0601df2c                __ashiftrt_r4_22
                0x0601df38                __ashiftrt_r4_16
                0x0601df44                __ashiftrt_r4_12
                0x0601df18                __ashiftrt_r4_29
                0x0601df36                __ashiftrt_r4_17
                0x0601df16                __ashiftrt_r4_30
                0x0601df52                __ashiftrt_r4_5
                0x0601df4c                __ashiftrt_r4_8
                0x0601df10                __ashiftrt_r4_32
                0x0601df20                __ashiftrt_r4_25
                0x0601df58                __ashiftrt_r4_2
                0x0601df22                __ashiftrt_r4_24
                0x0601df3e                __ashiftrt_r4_15
                0x0601df48                __ashiftrt_r4_10
                0x0601df5a                __ashiftrt_r4_1
                0x0601df1a                __ashiftrt_r4_28
                0x0601df30                __ashiftrt_r4_20
                0x0601df4e                __ashiftrt_r4_7
                0x0601df42                __ashiftrt_r4_13
                0x0601df46                __ashiftrt_r4_11
                0x0601df54                __ashiftrt_r4_4
                0x0601df2a                __ashiftrt_r4_23
                0x0601df34                __ashiftrt_r4_18
                0x0601df2e                __ashiftrt_r4_21
                0x0601df56                __ashiftrt_r4_3
 .text          0x0601df70       0x70 c:/saturn/SH_COFF/sh-coff/bin/../lib/gcc/sh-coff/3.4-GNUSH_v0501\libgcc.a(_udivsi3.o)
                0x0601df92                __udivsi3
 .text          0x0601dfe0       0xb0 c:/saturn/SH_COFF/sh-coff/bin/../lib/gcc/sh-coff/3.4-GNUSH_v0501\libgcc.a(_si_to_df.o)
                0x0601dfe0                __floatsidf
 .text          0x0601e090      0x2e0 c:/saturn/SH_COFF/sh-coff/bin/../lib/gcc/sh-coff/3.4-GNUSH_v0501\libgcc.a(_mul_df.o)
                0x0601e0a0                __muldf3
 .text          0x0601e370       0x80 c:/saturn/SH_COFF/sh-coff/bin/../lib/gcc/sh-coff/3.4-GNUSH_v0501\libgcc.a(_df_to_si.o)
                0x0601e370                __fixdfsi
 .text          0x0601e3f0       0xa0 c:/saturn/SH_COFF/sh-coff/bin/../lib/gcc/sh-coff/3.4-GNUSH_v0501\libgcc.a(_sdivsi3.o)
                0x0601e3f0                __sdivsi3
 .text          0x0601e490       0x90 c:/saturn/SH_COFF/sh-coff/bin/../lib/gcc/sh-coff/3.4-GNUSH_v0501\libgcc.a(_ashiftrt_n.o)
                0x0601e490                __ashrsi3
 .text          0x0601e520       0x90 c:/saturn/SH_COFF/sh-coff/bin/../lib/gcc/sh-coff/3.4-GNUSH_v0501\libgcc.a(_ashiftlt.o)
                0x0601e520                __ashlsi3
 .text          0x0601e5b0       0xb0 c:/saturn/SH_COFF/sh-coff/bin/../lib/gcc/sh-coff/3.4-GNUSH_v0501\libgcc.a(_movstr.o)
                0x0601e5f0                __movstrSI16
                0x0601e5c4                __movstrSI60
                0x0601e5d0                __movstrSI48
                0x0601e5cc                __movstrSI52
                0x0601e5c0                __movstrSI64
                0x0601e5d4                __movstrSI44
                0x0601e5d8                __movstrSI40
                0x0601e5dc                __movstrSI36
                0x0601e610                __movstr
                0x0601e5c8                __movstrSI56
                0x0601e5e4                __movstrSI28
                0x0601e5e0                __movstrSI32
                0x0601e5f4                __movstrSI12
                0x0601e5f8                __movstrSI8
                0x0601e600                __movstrSI0
                0x0601e5e8                __movstrSI24
                0x0601e5ec                __movstrSI20
                0x0601e5fc                __movstrSI4
 .text          0x0601e660       0xa0 c:/saturn/SH_COFF/sh-coff/bin/../lib/gcc/sh-coff/3.4-GNUSH_v0501\libgcc.a(__main.o)
                0x0601e6d4                __main
                0x0601e660                __do_global_dtors
                0x0601e694                __do_global_ctors
 .text          0x0601e700      0x220 c:/saturn/SH_COFF/sh-coff/bin/../lib/gcc/sh-coff/3.4-GNUSH_v0501\libgcc.a(_pack_df.o)
                0x0601e710                __pack_d
 .text          0x0601e920      0x120 c:/saturn/SH_COFF/sh-coff/bin/../lib/gcc/sh-coff/3.4-GNUSH_v0501\libgcc.a(_unpack_df.o)
                0x0601e930                __unpack_d
 .text          0x0601ea40       0x20 c:/saturn/SH_COFF/sh-coff/bin/../lib/gcc/sh-coff/3.4-GNUSH_v0501\libgcc.a(_thenan_df.o)
                0x0601ea40                __thenan_df
 .text          0x0601ea60       0xd0 c:/saturn/SH_COFF/sh-coff/bin/../lib/gcc/sh-coff/3.4-GNUSH_v0501\libgcc.a(_muldi3.o)
                0x0601ea60                __muldi3
 .text          0x0601eb30       0x80 c:/saturn/SH_COFF/sh-coff/bin/../lib/gcc/sh-coff/3.4-GNUSH_v0501\libgcc.a(_lshrdi3.o)
                0x0601eb30                __lshrdi3
 .text          0x0601ebb0       0x80 c:/saturn/SH_COFF/sh-coff/bin/../lib/gcc/sh-coff/3.4-GNUSH_v0501\libgcc.a(_ashldi3.o)
                0x0601ebb0                __ashldi3
 .text          0x0601ec30       0x30 c:/saturn/SH_COFF/sh-coff/bin/../lib/gcc/sh-coff/3.4-GNUSH_v0501\libgcc.a(_mulsi3.o)
                0x0601ec30                __mulsi3
 .text          0x0601ec60       0x90 c:/saturn/SH_COFF/sh-coff/bin/../lib/gcc/sh-coff/3.4-GNUSH_v0501\libgcc.a(_lshiftrt.o)
                0x0601ec60                __lshrsi3
 .text          0x0601ecf0       0x40 c:/saturn/SH_COFF/sh-coff/bin/../lib/gcc/sh-coff/3.4-GNUSH_v0501/../../../../sh-coff/lib\libc.a(memset.o)
                0x0601ecf0                memset
 .text          0x0601ed30       0xa0 c:/saturn/SH_COFF/sh-coff/bin/../lib/gcc/sh-coff/3.4-GNUSH_v0501/../../../../sh-coff/lib\libc.a(memcpy.o)
                0x0601ed30                memcpy
 .text          0x0601edd0       0x90 c:/saturn/SH_COFF/sh-coff/bin/../lib/gcc/sh-coff/3.4-GNUSH_v0501/../../../../sh-coff/lib\libc.a(atexit.o)
                0x0601edd0                atexit
 .text          0x0601ee60       0x10 c:/saturn/SH_COFF/sh-coff/bin/../lib/gcc/sh-coff/3.4-GNUSH_v0501/../../../../sh-coff/lib\libc.a(impure.o)
                0x0601ee60                _global_impure_ptr
 .text          0x0601ee70       0x40 c:/saturn/SH_COFF/sh-coff/bin/../lib/gcc/sh-coff/3.4-GNUSH_v0501/../../../../sh-coff/lib\libc.a(malloc.o)
                0x0601ee8c                free
                0x0601ee70                malloc
 .text          0x0601eeb0      0x5b0 c:/saturn/SH_COFF/sh-coff/bin/../lib/gcc/sh-coff/3.4-GNUSH_v0501/../../../../sh-coff/lib\libc.a(mallocr.o)
                0x0601eeb0                _malloc_r
 .text          0x0601f460      0x340 c:/saturn/SH_COFF/sh-coff/bin/../lib/gcc/sh-coff/3.4-GNUSH_v0501/../../../../sh-coff/lib\libc.a(freer.o)
                0x0601f460                _malloc_trim_r
                0x0601f554                _free_r
 .text          0x0601f7a0       0x20 c:/saturn/SH_COFF/sh-coff/bin/../lib/gcc/sh-coff/3.4-GNUSH_v0501/../../../../sh-coff/lib\libc.a(mlock.o)
                0x0601f7a0                __malloc_lock
                0x0601f7ac                __malloc_unlock
 .text          0x0601f7c0       0x50 c:/saturn/SH_COFF/sh-coff/bin/../lib/gcc/sh-coff/3.4-GNUSH_v0501/../../../../sh-coff/lib\libc.a(sbrkr.o)
                0x0601f7c0                _sbrk_r
 .text          0x0601f810      0x380 c:/saturn/SH_COFF/sh-coff/bin/../lib/gcc/sh-coff/3.4-GNUSH_v0501/../../../../sh-coff/lib\libc.a(syscalls.o)
                0x0601f97c                _exit
                0x0601f9b0                _getpid
                0x0601fa18                _utime
                0x0601f848                _write
                0x0601f810                _read
                0x0601f964                _unlink
                0x0601f92c                _open
                0x0601f9c8                _stat
                0x0601f970                isatty
                0x0601fa48                _wait
                0x0601f994                _kill
                0x0601f9e4                _chmod
                0x0601fa78                _execv
                0x0601fa5c                _execve
                0x0601fb54                __setup_argv_and_call_main
                0x0601fab0                _gettimeofday
                0x0601f87c                _link
                0x0601f9bc                _raise
                0x0601f948                _creat
                0x0601fa90                _pipe
                0x0601f9fc                _chown
                0x0601f82c                _lseek
                0x0601f864                _close
                0x0601faa4                _times
                0x0601f918                _fstat
                0x0601fa34                _fork
                0x0601f8a4                _sbrk
 .text          0x0601fb90       0x20 c:/saturn/SH_COFF/sh-coff/bin/../lib/gcc/sh-coff/3.4-GNUSH_v0501/../../../../sh-coff/lib\libc.a(trap.o)
                0x0601fb90                __trap34
 .text          0x0601fbb0       0x20 c:/saturn/SH_COFF/sh-coff/bin/../lib/gcc/sh-coff/3.4-GNUSH_v0501/../../../../sh-coff/lib\libc.a(abort.o)
                0x0601fbb0                abort
 .text          0x0601fbd0      0x270 c:/saturn/SH_COFF/sh-coff/bin/../lib/gcc/sh-coff/3.4-GNUSH_v0501/../../../../sh-coff/lib\libc.a(signal.o)
                0x0601fc90                _raise_r
                0x0601fe18                __sigtramp
                0x0601fdc4                raise
                0x0601fe00                _init_signal
                0x0601fd50                __sigtramp_r
                0x0601fde0                signal
                0x0601fc1c                _signal_r
                0x0601fbd0                _init_signal_r
 .text          0x0601fe40       0x60 c:/saturn/SH_COFF/sh-coff/bin/../lib/gcc/sh-coff/3.4-GNUSH_v0501/../../../../sh-coff/lib\libc.a(signalr.o)
                0x0601fe88                _getpid_r
                0x0601fe40                _kill_r
 *(.strings)

.tors           0x0601fea0        0x0
                0x0601fea0                ___ctors = .
 *(.ctors)
                0x0601fea0                ___ctors_end = .
                0x0601fea0                ___dtors = .
 *(.dtors)
                0x0601fea0                ___dtors_end = .

.data           0x0601fea0     0x3950
                0x0601fea0                STARTOF_R = .
 *(.data)
 .data          0x0601fea0      0x400 ../sbl6/segasmp/per/smpclib/per_x1.o
 .data          0x060202a0     0x2640 graphics.o
                0x060207cc                cyberblock_name
                0x06021cb2                girl2_num
                0x0602081c                metalorange_name
                0x0602082a                metalorange_num
                0x060218a6                girl3_num
                0x060220be                girl1_num
                0x060207dc                metalorange_pal
                0x060220c0                roarframes_pal
                0x06020368                starnear_name
                0x060224d0                roarbg_pal
                0x060228d0                roarbg_name
                0x060202f2                starspr_num
                0x060220b4                girl1_name
                0x0602082c                title_pal
                0x0602033e                font_height
                0x060224c0                roarframes_name
                0x0602189c                girl3_name
                0x06021cb4                girl1_pal
                0x0602078a                chipframes_num
                0x0602149c                girl3_pal
                0x060202f0                starspr_size
                0x0602108e                girl5_num
                0x06020c36                title_num
                0x06020334                font_name
                0x060202a0                starspr_pal
                0x060228dc                roarbg_num
                0x060207da                cyberblock_num
                0x06020c84                girl5_pal
                0x06020340                font_width
                0x06020c82                stars_num
                0x06020c2c                title_name
                0x0602077c                chipframes_name
                0x06020348                starfar_name
                0x06020c78                stars_name
                0x06020344                font_num
                0x060202f4                font_pal
                0x06020366                starmid_width
                0x06020378                starnear_width
                0x060202ee                starspr_width
                0x0602037c                chipframes_pal
                0x06020354                starfar_height
                0x0602149a                girl4_num
                0x06020342                font_size
                0x060202e0                starspr_name
                0x060224ce                roarframes_num
                0x0602078c                cyberblock_pal
                0x06020376                starnear_height
                0x06020358                starmid_name
                0x06021084                girl5_name
                0x06021090                girl4_pal
                0x06020364                starmid_height
                0x06020c38                stars_pal
                0x060202ec                starspr_height
                0x06021490                girl4_name
                0x060218a8                girl2_pal
                0x06020356                starfar_width
                0x06021ca8                girl2_name
 .data          0x060228e0      0x1a0 intro.o
 .data          0x06022a80       0x40 logo.o
 .data          0x06022ac0       0x40 menu.o
 .data          0x06022b00       0x10 pcmsys.o
                0x06022b04                scsp_load
                0x06022b08                m68k_com
                0x06022b00                master_volume
 .data          0x06022b10       0x30 scroll.o
                0x06022b20                CycleTbLoRes
                0x06022b30                vram
                0x06022b10                CycleTbHiRes
 .data          0x06022b40       0x30 sprite.o
 .data          0x06022b70      0x400 ../sbl6/segalib/lib/sega_int.a(int.o)
 .data          0x06022f70       0x1c ../sbl6/segalib/lib/sega_spr.a(spr_slv.o)
                0x06022f78                SPR_SlaveParam
                0x06022f88                SPR_SMPC_SF
                0x06022f80                SPR_SMPC_COM
                0x06022f7c                SPR_SlaveSHEntry
                0x06022f74                SPR_SlaveState
                0x06022f70                SPR_SlaveCommand
                0x06022f84                SPR_SMPC_RET
 *fill*         0x06022f8c        0x4 00
 .data          0x06022f90       0x34 ../sbl6/segalib/lib/sega_spr.a(spr_1c.o)
                0x06022f90                SpInitialFlag
 *fill*         0x06022fc4        0xc 00
 .data          0x06022fd0       0x1c ../sbl6/segalib/lib/sega_scl.a(scl_vblv.o)
                0x06022fd8                VBInterval
                0x06022fe0                ReqDisplayFlag
                0x06022fd0                SpFrameChgMode
                0x06022fdc                VBIntervalCounter
                0x06022fd4                SpFrameEraseMode
 *fill*         0x06022fec        0x4 00
 .data          0x06022ff0       0x18 ../sbl6/segalib/lib/sega_scl.a(scl_pri.o)
                0x06022ff4                SclRealSpPriNum
                0x06023004                SclRealColOffset
                0x06023000                SclRealBgColMix
                0x06022ffc                SclRealSpColMix
                0x06022ff8                SclRealBgPriNum
                0x06022ff0                SclRealOtherPri
 *fill*         0x06023008        0x8 00
 .data          0x06023010       0x36 ../sbl6/segalib/lib/sega_scl.a(scl_func.o)
                0x06023020                SclRotregBuff
                0x0602301c                SclDisplayY
                0x06023024                SclRotateTableMode
                0x06023018                SclProcess
                0x06023014                SclCurSclNum
                0x06023010                SclLengthLsTbl
                0x0602301a                SclDisplayX
                0x06023012                SclLengthCsTbl
 *fill*         0x06023046        0xa 00
 .data          0x06023050        0x4 ../sbl6/segalib/lib/sega_mth.a(mth_rand.o)
 *fill*         0x06023054        0xc 00
 .data          0x06023060      0x380 c:/saturn/SH_COFF/sh-coff/bin/../lib/gcc/sh-coff/3.4-GNUSH_v0501/../../../../sh-coff/lib\libc.a(impure.o)
                0x060233dc                _impure_ptr
 .data          0x060233e0      0x410 c:/saturn/SH_COFF/sh-coff/bin/../lib/gcc/sh-coff/3.4-GNUSH_v0501/../../../../sh-coff/lib\libc.a(mallocr.o)
                0x060233e8                __malloc_av_
                0x060233e4                __malloc_trim_threshold
                0x060233e0                __malloc_sbrk_base
                0x060237f0                SIZEOF_R = (. - STARTOF_R)
                0x060237f0                ENDOF_R = .

.bss            0x060237f0     0xdac4
                0x060237f0                STARTOF_B = .
 *(.bss)
 .bss           0x060237f0       0x10 vblank.o
                0x060237f4                PadData2E
                0x060237fa                PadData1
                0x060237f6                PadData2
                0x060237f8                PadData1E
                0x060237f0                __port
 .bss           0x06023800       0xd0 ../sbl6/segasmp/per/smpclib/per_x2.o
 .bss           0x060238d0     0x1970 intro.o
 .bss           0x06025240       0x20 logo.o
 .bss           0x06025260       0x10 menu.o
 .bss           0x06025270       0x10 pcmsys.o
                0x06025270                numberPCMs
 .bss           0x06025280       0x10 scroll.o
                0x06025280                scroll_res
 .bss           0x06025290     0x3800 sprite.o
                0x06025290                num_sprites
 .bss           0x06028a90       0x10 main.o
                0x06028a90                frame
 .bss           0x06028aa0       0x6e ../sbl6/segalib/lib/sega_spr.a(spr_2c.o)
 *fill*         0x06028b0e        0x2 00
 .bss           0x06028b10        0x4 ../sbl6/segalib/lib/sega_scl.a(scl_vblv.o)
 *fill*         0x06028b14        0xc 00
 .bss           0x06028b20     0x1900 ../sbl6/segalib/lib/sega_scl.a(scl_fu05.o)
 .bss           0x0602a420        0x4 ../sbl6/segalib/lib/sega_scl.a(scl_func.o)
 *fill*         0x0602a424        0xc 00
 .bss           0x0602a430       0x48 ../sbl6/segalib/lib/sega_scl.a(scl_ro00.o)
 *fill*         0x0602a478        0x8 00
 .bss           0x0602a480       0x24 ../sbl6/segalib/lib/sega_mth.a(mth_curv.o)
 *fill*         0x0602a4a4        0xc 00
 .bss           0x0602a4b0        0xc ../sbl6/segalib/lib/sega_cdc.a(cdc_sub.o)
 *fill*         0x0602a4bc        0x4 00
 .bss           0x0602a4c0        0x2 ../sbl6/segalib/lib/sega_cdc.a(cdc_reg.o)
 *fill*         0x0602a4c2        0xe 00
 .bss           0x0602a4d0       0x9c ../sbl6/segalib/lib/sega_per.a(per_prt.o)
 *fill*         0x0602a56c        0x4 00
 .bss           0x0602a570        0xc ../sbl6/segalib/lib/sega_sat.a(DMA_SCU1.o)
 *fill*         0x0602a57c        0x4 00
 .bss           0x0602a580       0x20 ../sbl6/segalib/lib/sega_sat.a(DMA_SCU0.o)
 .bss           0x0602a5a0       0x10 c:/saturn/SH_COFF/sh-coff/bin/../lib/gcc/sh-coff/3.4-GNUSH_v0501\libgcc.a(__main.o)
 .bss           0x0602a5b0       0x10 c:/saturn/SH_COFF/sh-coff/bin/../lib/gcc/sh-coff/3.4-GNUSH_v0501/../../../../sh-coff/lib\libc.a(atexit.o)
 .bss           0x0602a5c0       0x40 c:/saturn/SH_COFF/sh-coff/bin/../lib/gcc/sh-coff/3.4-GNUSH_v0501/../../../../sh-coff/lib\libc.a(mallocr.o)
                0x0602a5f0                __malloc_top_pad
                0x0602a5c0                __malloc_current_mallinfo
                0x0602a5ec                __malloc_max_sbrked_mem
                0x0602a5e8                __malloc_max_total_mem
 .bss           0x0602a600       0x10 c:/saturn/SH_COFF/sh-coff/bin/../lib/gcc/sh-coff/3.4-GNUSH_v0501/../../../../sh-coff/lib\libc.a(syscalls.o)
 *(COMMON)
 COMMON         0x0602a610     0x1674 cd.o
                                  0x0 (size before relaxing)
                0x0602a610                dirname
                0x0602af70                lib_work
                0x0602bc78                directory_table
 *fill*         0x0602bc84        0xc 00
 COMMON         0x0602bc90     0x14a0 print.o
                                  0x0 (size before relaxing)
                0x0602bc90                text
 COMMON         0x0602d130      0x23c scroll.o
                                  0x0 (size before relaxing)
                0x0602d130                scfg3
                0x0602d1c0                scfg0
                0x0602d250                scfg2
                0x0602d2e0                scfg1
 *fill*         0x0602d36c        0x4 00
 COMMON         0x0602d370     0x2460 sprite.o
                                  0x0 (size before relaxing)
                0x0602d370                sprites
                0x0602d7d0                sprite_buf
 COMMON         0x0602f7d0       0x8c main.o
                                  0x0 (size before relaxing)
                0x0602f7d0                off_config
 *fill*         0x0602f85c        0x4 00
 COMMON         0x0602f860      0x400 ../sbl6/segalib/lib/sega_int.a(int.o)
                                  0x0 (size before relaxing)
                0x0602f860                __interrupt_vector
 COMMON         0x0602fc60       0x50 ../sbl6/segalib/lib/sega_spr.a(spr_2c.o)
                                  0x0 (size before relaxing)
                0x0602fc60                SpMstCmd
                0x0602fc64                Sp2OpenFlag
                0x0602fc68                SpGourTblMax
                0x0602fc6c                SpDrawPrtyBlk
                0x0602fc70                SpLCoordX
                0x0602fc74                SpMstDrawPrtyBlk
                0x0602fc78                SpGourTbl
                0x0602fc7c                SpLookupTblR
                0x0602fc80                SpCmdTbl
                0x0602fc84                SpCharMax
                0x0602fc88                SpDrawPrtyProcFlag
                0x0602fc8c                SpCmdNo
                0x0602fc90                SpDrawPrtyBlkMax
                0x0602fc94                SpSlvCmdPos
                0x0602fc98                SpSlvDrawPrtyBlk
                0x0602fc9c                SpCharTbl
                0x0602fca0                SpCmdTblR
                0x0602fca4                SpMstCmdPos
                0x0602fca8                SpSlvCmd
                0x0602fcac                SpLCoordY
 COMMON         0x0602fcb0       0x10 ../sbl6/segalib/lib/sega_spr.a(spr_1c.o)
                                  0x0 (size before relaxing)
                0x0602fcb0                SpScreenY
                0x0602fcb4                SpFbcrMode
                0x0602fcb6                SpDil
                0x0602fcb8                SpDie
                0x0602fcba                SpTvMode
                0x0602fcbc                SpScreenX
 COMMON         0x0602fcc0      0x6b0 ../sbl6/segalib/lib/sega_scl.a(scl_pri.o)
                                  0x0 (size before relaxing)
                0x0602fcc0                SclAutoEndBlue2
                0x0602fcd0                SclColOffset
                0x0602fce0                SclPriBuffDirty
                0x0602fce2                SclAutoEndRed
                0x0602fce4                SclAutoSurface
                0x0602fce8                SclAutoGreen
                0x0602fcea                SclAutoEndGreen
                0x0602fcec                SclAutoCount
                0x0602fcf0                SclColRamAlloc256
                0x0602fd10                SclAutoCurRate
                0x0602fd11                SclAutoPlusFlag
                0x0602fd18                SclSpColMix
                0x0602fd20                SclAutoMax
                0x0602fd24                SclLineColRamOffset
                0x0602fd28                SclColRamAlloc2048
                0x0602fd2c                SclBgPriNum
                0x0602fd32                SclAutoEndBlue
                0x0602fd34                SclAutoEndGreen2
                0x0602fd36                SclAutoVeFlag
                0x0602fd38                SclBgColMix
                0x0602fd40                SclAutoIndex
                0x0602fd44                SclAutoEndRate
                0x0602fd46                SclAutoBlue
                0x0602fd48                SclAutoRed
                0x0602fd4c                SclAutoInterval
                0x0602fd50                SclOtherPri
                0x0602fd60                SclAutoRGB
                0x06030360                SclAutoEndRed2
                0x06030368                SclSpPriNum
 COMMON         0x06030370      0xf00 ../sbl6/segalib/lib/sega_scl.a(scl_func.o)
                                  0x0 (size before relaxing)
                0x06030370                SclRbgKtbAddr
                0x06030378                SclRb
                0x0603037a                Scl_flag
                0x06030380                SclK_TableBuff
                0x06031050                SclAddrCsTbl
                0x06031060                Scl_s_reg
                0x06031088                SclRotateXy
                0x06031090                Scl_d_reg
                0x060310d8                SclRotateDisp
                0x060310e0                SclRotateMoveZ
                0x060310e8                SclRotXySw
                0x060310f0                Scl_r_reg
                0x06031100                SclRPMD
                0x06031108                SclRbgKtbOffset
                0x06031110                _SclRotregBuff
                0x060311e0                SclRa
                0x060311e8                SclRotateZ
                0x060311f0                SclAddrLsTbl
                0x060311f8                SclK_TableNum
                0x06031200                SclRotateTableAddress
                0x06031204                SclK_TableFlag
                0x06031210                Scl_w_reg
                0x06031230                Scl_n_reg
 COMMON         0x06031270       0x10 ../sbl6/segalib/lib/sega_scl.a(scl_ro00.o)
                                  0x0 (size before relaxing)
                0x06031270                SclCsx
                0x06031278                SclCsy
 COMMON         0x06031280       0x15 ../sbl6/segalib/lib/sega_per.a(per_prt.o)
                                  0x0 (size before relaxing)
                0x06031280                per_get_time_flg
                0x06031281                per_hot_res
                0x06031282                per_set_sys_flg
                0x06031284                per_get_time_adr
                0x06031288                per_get_sys_data
                0x06031294                per_time_out_flg
 *fill*         0x06031295        0xb 00
 COMMON         0x060312a0        0x8 ../sbl6/segalib/lib/sega_sat.a(DMA_CPU5.o)
                                  0x0 (size before relaxing)
                0x060312a0                dma_cpu_cnt
                0x060312a4                dma_cpu_dis_adr
 *fill*         0x060312a8        0x8 00
 COMMON         0x060312b0        0x4 c:/saturn/SH_COFF/sh-coff/bin/../lib/gcc/sh-coff/3.4-GNUSH_v0501/../../../../sh-coff/lib\libc.a(syscalls.o)
                                  0x0 (size before relaxing)
                0x060312b0                errno
                0x060312b4                SIZEOF_B = (. - STARTOF_B)
                0x060312b4                ENDOF_B = .
                0x060312b4                _end = .
OUTPUT(main.cof coff-sh)

.comment        0x060312c0      0x4c0
 .comment       0x060312c0       0x20 ../sbl6/segasmp/lib/strt2_g.o
 .comment       0x060312e0       0x20 vblank.o
 .comment       0x06031300       0x20 ../sbl6/segasmp/per/smpclib/per_x1.o
 .comment       0x06031320       0x20 ../sbl6/segasmp/per/smpclib/per_x2.o
 .comment       0x06031340       0x20 cd.o
 .comment       0x06031360       0x20 crc.o
 .comment       0x06031380       0x20 devcart.o
 .comment       0x060313a0       0x20 graphics.o
 .comment       0x060313c0       0x20 intro.o
 .comment       0x060313e0       0x20 logo.o
 .comment       0x06031400       0x20 menu.o
 .comment       0x06031420       0x20 pcmsys.o
 .comment       0x06031440       0x20 print.o
 .comment       0x06031460       0x20 scroll.o
 .comment       0x06031480       0x20 sound.o
 .comment       0x060314a0       0x20 sprite.o
 .comment       0x060314c0       0x20 main.o
 .comment       0x060314e0       0x20 c:/saturn/SH_COFF/sh-coff/bin/../lib/gcc/sh-coff/3.4-GNUSH_v0501\libgcc.a(_si_to_df.o)
 .comment       0x06031500       0x20 c:/saturn/SH_COFF/sh-coff/bin/../lib/gcc/sh-coff/3.4-GNUSH_v0501\libgcc.a(_mul_df.o)
 .comment       0x06031520       0x20 c:/saturn/SH_COFF/sh-coff/bin/../lib/gcc/sh-coff/3.4-GNUSH_v0501\libgcc.a(_df_to_si.o)
 .comment       0x06031540       0x20 c:/saturn/SH_COFF/sh-coff/bin/../lib/gcc/sh-coff/3.4-GNUSH_v0501\libgcc.a(__main.o)
 .comment       0x06031560       0x20 c:/saturn/SH_COFF/sh-coff/bin/../lib/gcc/sh-coff/3.4-GNUSH_v0501\libgcc.a(_pack_df.o)
 .comment       0x06031580       0x20 c:/saturn/SH_COFF/sh-coff/bin/../lib/gcc/sh-coff/3.4-GNUSH_v0501\libgcc.a(_unpack_df.o)
 .comment       0x060315a0       0x20 c:/saturn/SH_COFF/sh-coff/bin/../lib/gcc/sh-coff/3.4-GNUSH_v0501\libgcc.a(_thenan_df.o)
 .comment       0x060315c0       0x20 c:/saturn/SH_COFF/sh-coff/bin/../lib/gcc/sh-coff/3.4-GNUSH_v0501\libgcc.a(_muldi3.o)
 .comment       0x060315e0       0x20 c:/saturn/SH_COFF/sh-coff/bin/../lib/gcc/sh-coff/3.4-GNUSH_v0501\libgcc.a(_lshrdi3.o)
 .comment       0x06031600       0x20 c:/saturn/SH_COFF/sh-coff/bin/../lib/gcc/sh-coff/3.4-GNUSH_v0501\libgcc.a(_ashldi3.o)
 .comment       0x06031620       0x20 c:/saturn/SH_COFF/sh-coff/bin/../lib/gcc/sh-coff/3.4-GNUSH_v0501/../../../../sh-coff/lib\libc.a(atexit.o)
 .comment       0x06031640       0x20 c:/saturn/SH_COFF/sh-coff/bin/../lib/gcc/sh-coff/3.4-GNUSH_v0501/../../../../sh-coff/lib\libc.a(impure.o)
 .comment       0x06031660       0x20 c:/saturn/SH_COFF/sh-coff/bin/../lib/gcc/sh-coff/3.4-GNUSH_v0501/../../../../sh-coff/lib\libc.a(malloc.o)
 .comment       0x06031680       0x20 c:/saturn/SH_COFF/sh-coff/bin/../lib/gcc/sh-coff/3.4-GNUSH_v0501/../../../../sh-coff/lib\libc.a(mallocr.o)
 .comment       0x060316a0       0x20 c:/saturn/SH_COFF/sh-coff/bin/../lib/gcc/sh-coff/3.4-GNUSH_v0501/../../../../sh-coff/lib\libc.a(freer.o)
 .comment       0x060316c0       0x20 c:/saturn/SH_COFF/sh-coff/bin/../lib/gcc/sh-coff/3.4-GNUSH_v0501/../../../../sh-coff/lib\libc.a(mlock.o)
 .comment       0x060316e0       0x20 c:/saturn/SH_COFF/sh-coff/bin/../lib/gcc/sh-coff/3.4-GNUSH_v0501/../../../../sh-coff/lib\libc.a(sbrkr.o)
 .comment       0x06031700       0x20 c:/saturn/SH_COFF/sh-coff/bin/../lib/gcc/sh-coff/3.4-GNUSH_v0501/../../../../sh-coff/lib\libc.a(syscalls.o)
 .comment       0x06031720       0x20 c:/saturn/SH_COFF/sh-coff/bin/../lib/gcc/sh-coff/3.4-GNUSH_v0501/../../../../sh-coff/lib\libc.a(abort.o)
 .comment       0x06031740       0x20 c:/saturn/SH_COFF/sh-coff/bin/../lib/gcc/sh-coff/3.4-GNUSH_v0501/../../../../sh-coff/lib\libc.a(signal.o)
 .comment       0x06031760       0x20 c:/saturn/SH_COFF/sh-coff/bin/../lib/gcc/sh-coff/3.4-GNUSH_v0501/../../../../sh-coff/lib\libc.a(signalr.o)
