Archive member included to satisfy reference by file (symbol)

c:/saturn/sbl/segalib/lib/libsat.a(cdc_cmn.o)
                              main.o (CDC_GetPeriStat)
c:/saturn/sbl/segalib/lib/libsat.a(cdc_drv.o)
                              sound.o (CDC_CdPlay)
c:/saturn/sbl/segalib/lib/libsat.a(dma_cpu1.o)
                              game.o (DMA_CpuMemCopy1)
c:/saturn/sbl/segalib/lib/libsat.a(dma_cpu5.o)
                              c:/saturn/sbl/segalib/lib/libsat.a(dma_cpu1.o) (dma_cpu_cnt)
c:/saturn/sbl/segalib/lib/libsat.a(gfs.o)
                              cd.o (GFS_NameToId)
c:/saturn/sbl/segalib/lib/libsat.a(gfs_buf.o)
                              c:/saturn/sbl/segalib/lib/libsat.a(gfs.o) (GFBF_GetNumData)
c:/saturn/sbl/segalib/lib/libsat.a(gfs_cdb.o)
                              c:/saturn/sbl/segalib/lib/libsat.a(gfs.o) (GFCB_Close)
c:/saturn/sbl/segalib/lib/libsat.a(gfs_cdc.o)
                              c:/saturn/sbl/segalib/lib/libsat.a(gfs_cdb.o) (GFCD_AllocFilt)
c:/saturn/sbl/segalib/lib/libsat.a(gfs_cdf.o)
                              c:/saturn/sbl/segalib/lib/libsat.a(gfs.o) (GFCF_Init)
c:/saturn/sbl/segalib/lib/libsat.a(gfs_dir.o)
                              c:/saturn/sbl/segalib/lib/libsat.a(gfs.o) (GFDR_NameToId)
c:/saturn/sbl/segalib/lib/libsat.a(gfs_trn.o)
                              c:/saturn/sbl/segalib/lib/libsat.a(gfs.o) (GFTR_Setup)
c:/saturn/sbl/segalib/lib/libsat.a(mth_rand.o)
                              main.o (MTH_InitialRand)
c:/saturn/sbl/segalib/lib/libsat.a(mth_fixd.o)
                              ball.o (MTH_Mul)
c:/saturn/sbl/segalib/lib/libsat.a(mth_tri.o)
                              ball.o (MTH_Sin)
c:/saturn/sbl/segalib/lib/libsat.a(per_prt.o)
                              vblank.o (PER_Init)
c:/saturn/sbl/segalib/lib/libsat.a(spr_2c.o)
                              scroll.o (SPR_2SetTvMode)
c:/saturn/sbl/segalib/lib/libsat.a(scl_func.o)
                              scroll.o (Scl_n_reg)
c:/saturn/sbl/segalib/lib/libsat.a(scl_fu01.o)
                              scroll.o (SCL_SetDisplayMode)
c:/saturn/sbl/segalib/lib/libsat.a(scl_fu02.o)
                              scroll.o (SCL_InitVramConfigTb)
c:/saturn/sbl/segalib/lib/libsat.a(scl_fu03.o)
                              scroll.o (SCL_InitConfigTb)
c:/saturn/sbl/segalib/lib/libsat.a(scl_fu04.o)
                              scroll.o (SCL_SetCycleTable)
c:/saturn/sbl/segalib/lib/libsat.a(scl_fu05.o)
                              game.o (SCL_InitLineParamTb)
c:/saturn/sbl/segalib/lib/libsat.a(scl_pri.o)
                              c:/saturn/sbl/segalib/lib/libsat.a(scl_func.o) (SCL_PriorityInit)
c:/saturn/sbl/segalib/lib/libsat.a(scl_ro00.o)
                              c:/saturn/sbl/segalib/lib/libsat.a(scl_func.o) (SCL_Rotate)
c:/saturn/sbl/segalib/lib/libsat.a(scl_back.o)
                              scroll.o (SCL_SetBack)
c:/saturn/sbl/segalib/lib/libsat.a(scl_vblv.o)
                              c:/saturn/sbl/segalib/lib/libsat.a(spr_2c.o) (SCL_SetFrameInterval)
c:/saturn/sbl/segalib/lib/libsat.a(scl_pr01.o)
                              scroll.o (SCL_SetSpriteMode)
c:/saturn/sbl/segalib/lib/libsat.a(scl_pr02.o)
                              intro.o (SCL_SetColRam)
c:/saturn/sbl/segalib/lib/libsat.a(scl_pr03.o)
                              scroll.o (SCL_AllocColRam)
c:/saturn/sbl/segalib/lib/libsat.a(scl_pr05.o)
                              c:/saturn/sbl/segalib/lib/libsat.a(scl_pr02.o) (SCL_GetColRamOffset)
c:/saturn/sbl/segalib/lib/libsat.a(scl_pr06.o)
                              c:/saturn/sbl/segalib/lib/libsat.a(scl_pr03.o) (SCL_SetColRamOffset)
c:/saturn/sbl/segalib/lib/libsat.a(scl_pr07.o)
                              game.o (SCL_SetPriority)
c:/saturn/sbl/segalib/lib/libsat.a(scl_pr09.o)
                              scroll.o (SCL_SetColMixMode)
c:/saturn/sbl/segalib/lib/libsat.a(scl_pr10.o)
                              intro.o (SCL_SetAutoColMix)
c:/saturn/sbl/segalib/lib/libsat.a(scl_pr11.o)
                              cutscene.o (SCL_SetAutoColOffset)
c:/saturn/sbl/segalib/lib/libsat.a(scl_pr12.o)
                              cutscene.o (SCL_SetColOffset)
c:/saturn/sbl/segalib/lib/libsat.a(cdc_reg.o)
                              c:/saturn/sbl/segalib/lib/libsat.a(gfs_cdb.o) (CDC_GetDataPtr)
c:/saturn/sbl/segalib/lib/libsat.a(cdc_sub.o)
                              c:/saturn/sbl/segalib/lib/libsat.a(cdc_cmn.o) (CDSUB_GetCdstat)
c:/saturn/sbl/segalib/lib/libsat.a(cdc_dev.o)
                              c:/saturn/sbl/segalib/lib/libsat.a(gfs_cdc.o) (CDC_CdSetCon)
c:/saturn/sbl/segalib/lib/libsat.a(cdc_sel.o)
                              c:/saturn/sbl/segalib/lib/libsat.a(gfs_cdc.o) (CDC_SetFiltRange)
c:/saturn/sbl/segalib/lib/libsat.a(cdc_bif.o)
                              c:/saturn/sbl/segalib/lib/libsat.a(gfs_cdc.o) (CDC_GetBufSiz)
c:/saturn/sbl/segalib/lib/libsat.a(cdc_bio.o)
[...]
Memory Configuration

Name             Origin             Length             Attributes
*default*        0x00000000         0xffffffff

Linker script and memory map

LOAD entry.o
LOAD stack.o
LOAD vblank.o
LOAD ball.o
LOAD barrier.o
LOAD capsule.o
LOAD cd.o
LOAD circle.o
LOAD crc.o
LOAD cutscene.o
LOAD devcart.o
LOAD enemy.o
LOAD explosion.o
LOAD game.o
LOAD intro.o
LOAD laser.o
LOAD level.o
LOAD logo.o
LOAD menu.o
LOAD notice.o
LOAD pcmsys.o
LOAD print.o
LOAD scroll.o
LOAD soon.o
LOAD sound.o
LOAD sprite.o
LOAD main.o
LOAD c:/saturn/sbl/segalib/lib/libsat.a
LOAD c:/saturn/gcc84/bin/../lib/gcc/sh-elf/8.4.0\libgcc.a
LOAD c:/saturn/gcc84/bin/../lib/gcc/sh-elf/8.4.0\libgcc-Os-4-200.a
LOAD c:/saturn/gcc84/bin/../lib/gcc/sh-elf/8.4.0/../../../../sh-elf/lib\libc.a
LOAD c:/saturn/gcc84/bin/../lib/gcc/sh-elf/8.4.0\libgcc.a
LOAD c:/saturn/gcc84/bin/../lib/gcc/sh-elf/8.4.0\libgcc-Os-4-200.a

.entry          0x06010000       0x60
 *(.entry)
 .entry         0x06010000       0x50 entry.o
                0x06010000                entry
                0x06010060                . = ALIGN (0x20)
 *fill*         0x06010050       0x10 
                0x06010060                _eentry = ABSOLUTE (.)

.text           0x06010060    0x13e80
 *(.text*)
 .text          0x06010060        0x0 entry.o
 .text          0x06010060        0x0 stack.o
 .text          0x06010060      0x13c vblank.o
                0x06010060                CheckVblankEnd
                0x06010070                UsrVblankIn
                0x06010088                UsrVblankOut
                0x0601010c                SetVblank
 .text          0x0601019c      0x458 ball.o
                0x06010484                ball_init
                0x060104a0                ball_removeall
                0x060104cc                ball_add
                0x06010574                ball_bounce
 .text          0x060105f4      0x174 barrier.o
                0x060105f4                barrier_init
                0x06010618                barrier_move
                0x060106c8                barrier_draw
 .text          0x06010768      0x198 capsule.o
                0x06010768                capsule_init
                0x06010784                capsule_remove
                0x06010874                capsule_removeall
                0x060108a0                capsule_add
 .text          0x06010900       0x9c cd.o
                0x06010900                cd_init
                0x06010928                cd_load
 .text          0x0601099c      0x3e8 circle.o
                0x060109cc                circle_init
                0x060109e8                circle_add
                0x06010a50                circle_remove
                0x06010a84                circle_move
                0x06010ccc                circle_removeall
                0x06010cf8                circle_explode
                0x06010d20                circle_bounce
 .text          0x06010d84       0x20 crc.o
                0x06010d84                crc_update
 .text          0x06010da4      0x468 cutscene.o
                0x06010f44                cutscene_run
 .text          0x0601120c      0x16c devcart.o
                0x06011260                devcart_loadfile
                0x06011330                devcart_printstr
                0x06011334                devcart_reset
 .text          0x06011378        0x8 enemy.o
                0x06011378                enemy_init
                0x0601137c                enemy_run
 .text          0x06011380       0x70 explosion.o
                0x060113b0                explosion_make
 .text          0x060113f0     0x1430 game.o
                0x060114c4                game_incpowerup
                0x060114ec                game_powerupreset
                0x06011568                game_loss
                0x060115e4                game_playing
                0x060115f4                game_run
 .text          0x06012820      0xcbc intro.o
                0x06012820                intro_run
 .text          0x060134dc      0x118 laser.o
                0x060134dc                laser_init
                0x060134f8                laser_add
                0x0601355c                laser_remove
                0x060135c8                laser_removeall
 .text          0x060135f4      0x820 level.o
                0x06013924                level_load
                0x060139a0                level_doneload
                0x060139b0                level_disp
 .text          0x06013e14      0x314 logo.o
                0x06013e14                logo_loadframe
                0x06013e78                logo_run
 .text          0x06014128      0x95c menu.o
                0x06014314                sqrt32
                0x06014338                menu_run
 .text          0x06014a84      0x160 notice.o
                0x06014a84                notice_print
                0x06014ac8                notice_run
 .text          0x06014be4      0x3ac pcmsys.o
                0x06014be4                smpc_wait_till_ready
                0x06014bf8                smpc_issue_command
                0x06014c0c                load_driver_binary
                0x06014c80                load_drv
                0x06014cb8                calculate_bytes_per_blank
                0x06014ce8                load_16bit_pcm
                0x06014e0c                load_8bit_pcm
                0x06014f2c                pcm_play
                0x06014f50                pcm_parameter_change
                0x06014f6c                pcm_cease
 .text          0x06014f90      0x16c print.o
                0x06014f90                print_load
                0x06014fa0                print_init
                0x06014fcc                print_num
                0x06015010                print_string
                0x06015068                print_display
 .text          0x060150fc      0x6f0 scroll.o
                0x060150fc                scroll_loadtile
                0x0601517c                scroll_tileptr
                0x060151bc                scroll_mapptr
                0x060151f4                scroll_lores
                0x06015254                scroll_hires
                0x060152b4                scroll_scale
                0x06015364                scroll_init
                0x06015578                scroll_set
                0x060155b8                scroll_move
                0x060155f8                scroll_clearmaps
                0x0601563c                scroll_charsize
                0x0601566c                scroll_enable
                0x0601569c                scroll_mapsize
                0x060156cc                scroll_bitmapon
                0x0601574c                scroll_bitmapoff
 .text          0x060157ec      0x18c soon.o
                0x060157ec                soon_init
                0x0601588c                soon_run
 .text          0x06015978      0x1a8 sound.o
                0x06015978                sound_init
                0x06015ad0                sound_cdda
                0x06015b10                sound_play
 .text          0x06015b20      0x5f0 sprite.o
                0x06015b20                sprite_init
                0x06015bd4                sprite_erase
                0x06015c20                sprite_clear
                0x06015c3c                sprite_load
                0x06015d74                sprite_startdraw
                0x06015de8                sprite_draw
                0x06015fe8                sprite_make
                0x06016014                sprite_draw_all
                0x06016060                sprite_next
                0x060160a4                sprite_listadd
                0x060160b8                sprite_listremove
                0x060160dc                sprite_delete
                0x060160f0                sprite_deleteall
 .text          0x06016110        0x0 main.o
 .text.startup  0x06016110      0x1c0 main.o
                0x06016110                main
 .text          0x060162d0      0x358 c:/saturn/sbl/segalib/lib/libsat.a(cdc_cmn.o)
                0x060162d0                CDC_GetCurStat
                0x06016314                CDC_GetLastStat
                0x06016320                getPeriRsp
                0x060163a8                CDC_GetPeriStat
                0x060163ec                CDC_GetHwInfo
                0x06016448                CDC_TgetToc
                0x060164a0                CDC_GetSes
                0x060164d8                CDC_CdInit
                0x06016550                CDC_CdOpen
                0x06016578                CDC_DataEnd
                0x060165cc                CDC_DataReady
 .text          0x06016628      0x108 c:/saturn/sbl/segalib/lib/libsat.a(cdc_drv.o)
                0x06016628                analyPos
                0x06016678                CDC_CdPlay
                0x060166cc                CDC_CdSeek
                0x06016704                CDC_CdScan
 .text          0x06016730       0x88 c:/saturn/sbl/segalib/lib/libsat.a(dma_cpu1.o)
                0x06016730                DMA_CpuMemCopy1
 .text          0x060167b8       0x4c c:/saturn/sbl/segalib/lib/libsat.a(dma_cpu5.o)
                0x060167b8                DMA_CpuResult
 .text          0x06016804     0x15b4 c:/saturn/sbl/segalib/lib/libsat.a(gfs.o)
                0x06016804                gfs_recovRdErr
                0x0601682c                GFS_SetErrFunc
                0x06016850                GFS_GetErrStat
                0x06016870                gfs_mngSetupFuncTbl
                0x0601689c                gfs_mngInitWork
                0x0601691c                gfs_mngGetNumFile
                0x06016974                GFS_mngAllocGrp
                0x060169b4                gfs_mngFreeGrp
                0x060169ba                gfs_mngTermAccess
                0x06016a28                gfs_mngSetErrCode
                0x06016a58                GFS_SetDir
                0x06016ac0                GFS_NameToId
                0x06016b10                GFS_IdToName
                0x06016b6c                GFS_Tell
                0x06016bac                GFS_NwIsComplete
                0x06016bd4                GFS_CdMovePickup
                0x06016c34                GFS_GetDirInfo
                0x06016cac                gfs_svrSearchHndl
                0x06016ce0                gfs_svrAddHndl
                0x06016d14                gfs_svrRemoveHndl
                0x06016d7c                GFS_NwStop
                0x06016dd4                GFS_OpenSub
                0x06016e18                GFS_Open
                0x06016eb8                GFS_GetFad
                0x06016efc                gfs_SetSct
                0x06016f28                GFS_NwCdRead
                0x06016fac                gfs_GetFinfo
                0x06016ffa                GFS_GetFileSize
                0x0601705c                GFS_Seek
                0x06017104                GFS_IsEof
                0x0601715c                GFS_ByteToSct
                0x060171b4                GFS_GetFileInfo
                0x06017228                GFS_NwFread
                0x06017330                GFS_NwGetStat
                0x060173a4                GFS_SetGmode
                0x06017400                GFS_SetTmode
                0x0601746c                GFS_SetReadPara
                0x060174c8                GFS_SetTransPara
                0x06017530                gfs_transData
                0x060175c4                gfs_closeSub
                0x060175f4                GFS_Close
                0x0601762c                GFS_LoadDir
                0x060176c4                gfs_getGmode
                0x060176ca                gfs_isTaskDone
                0x06017714                gfs_convFinStat
                0x06017778                gfs_flowIn
                0x060177fc                GFS_NwExecOne
                0x0601788c                GFS_Fread
                0x060179c0                GFS_Load
                0x06017a88                gfs_loadVol
                0x06017b4c                gfs_getRootDir
                0x06017bd4                gfs_loadRootDir
                0x06017c5c                GFS_Init
                0x06017d4c                GFS_NwExecServer
 .text          0x06017db8       0x74 c:/saturn/sbl/segalib/lib/libsat.a(gfs_buf.o)
                0x06017db8                GFBF_GetTranData
                0x06017dcc                GFBF_GetNumData
                0x06017de4                GFBF_GetSrcPk
                0x06017dfc                GFBF_GetSctData
                0x06017e10                GFBF_RtnPk
                0x06017e28                gfbf_getSctDt
 .text          0x06017e2c      0x488 c:/saturn/sbl/segalib/lib/libsat.a(gfs_cdb.o)
                0x06017e2c                GFCB_Setup
                0x06017ef0                GFCB_Close
                0x06017f10                GFCB_GetLenData
                0x06017fa4                GFCB_GetLenRoom
                0x06017fa8                GFCB_SetFilt
                0x06018000                GFCB_DeleteAllData
                0x0601801c                GFCB_Tell
                0x06018024                GFCB_Seek
                0x0601810c                GFCB_GetSrcPack
                0x060181d4                GFCB_GetSctData
                0x06018200                GFCB_GetDstPack
                0x06018204                GFCB_RtnPk
                0x06018244                GFCB_MovePickup
                0x06018254                GFCB_SetCon
                0x0601827c                GFCB_GetPickup
                0x0601829c                GFCB_IsPuOwner
                0x060182a8                GFCB_UngetPickup
 .text          0x060182b4     0x1520 c:/saturn/sbl/segalib/lib/libsat.a(gfs_cdc.o)
                0x060182b4                GFCD_AllocFilt
                0x060182e8                GFCD_FreeFilt
                0x06018310                GFCD_AllocBuf
                0x0601833c                GFCD_GetBaseFad
                0x06018368                GFCD_GetPickup
                0x06018390                GFCD_UngetPickup
                0x060183b4                GFCD_IsPuOwner
                0x060183cc                GFCD_CheckDelSctData
                0x060183f4                GFCD_CheckMove
                0x0601840c                gfcd_isIdleTask
                0x06018470                GFCD_SetTimer
                0x0601847c                gfcd_checkEflag
                0x06018498                gfcd_initCdbMng
                0x060184f0                gfcd_setStat
                0x06018514                GFCD_GetFilt
                0x06018558                GFCD_EndData
                0x0601859c                GFCD_GetSctInfo
                0x060185e0                GFCD_GetFileInfo
                0x060186a8                GFCD_GetBufSiz
                0x060186d8                gfcd_doSetFiltTsk
                0x06018844                GFCD_SetFilt
                0x060188dc                gfcd_doSetConTsk
                0x06018954                GFCD_SetCon
                0x060189a0                gfcd_doGetLenDataTsk
                0x06018aa0                GFCD_GetLenData
                0x06018ae4                gfcd_doReqDataTsk
                0x06018b58                GFCD_ReqData
                0x06018ba0                gfcd_doDelSctDataTsk
                0x06018cac                GFCD_DelSctData
                0x06018cf8                gfcd_doMoveSctTsk
                0x06018e14                GFCD_MoveSctData
                0x06018e70                gfcd_doSetFiltConTsk
                0x06018f74                GFCD_SetFiltCon
                0x0601906c                GFCD_SetCsctFunc
                0x0601907c                GFCD_WaitScdqFlag
                0x060190c0                GFCD_GetStat
                0x06019130                GFCD_Init
                0x06019330                GFCD_Play
                0x06019380                GFCD_MovePickup
                0x060193c8                gfcd_doChgDirTsk
                0x06019570                GFCD_ChgDir
                0x060195d8                gfcd_doTask
                0x06019648                GFCD_ExecServer
                0x06019724                GFCD_FreeBuf
                0x060197a0                GFCD_WaitServer
 .text          0x060197d4      0x60c c:/saturn/sbl/segalib/lib/libsat.a(gfs_cdf.o)
                0x060197d4                GFCF_Init
                0x06019830                GFCF_SetSct
                0x0601985c                GFCF_GetFileInfo
                0x060198b8                GFCF_Recover
                0x060198fc                GFCF_Tell
                0x06019908                GFCF_Seek
                0x06019914                GFCF_cnvIntlvOfs
                0x06019948                GFCF_GetStat
                0x06019998                GFCF_StopInBuf
                0x06019a10                GFCF_MovePickup
                0x06019a94                gfcf_getSctSize
                0x06019ac0                GFCF_Setup
                0x06019b78                gfcf_isCdOk
                0x06019bcc                gfcf_getPlayRange
                0x06019cdc                GFCF_FlowInBuf
 .text          0x06019de0      0x7e0 c:/saturn/sbl/segalib/lib/libsat.a(gfs_dir.o)
                0x06019de0                GFDR_NameToId
                0x06019e30                GFDR_GetInfoDirId
                0x06019e3a                GFDR_GetInfoDirName
                0x06019e44                GFDR_GetAtrDirId
                0x06019e52                GFDR_GetAtrDirName
                0x06019e60                GFDR_ChgDir
                0x06019ed0                GFDR_ChgRoot
                0x06019edc                gfdr_open
                0x06019efc                gfdr_read
                0x06019fb4                gfdr_readByte
                0x06019fdc                gfdr_readWord
                0x0601a004                gfdr_readWordNB
                0x0601a050                gfdr_readLongNB
                0x0601a098                gfdr_readLongNM
                0x0601a0b8                gfdr_setNextRec
                0x0601a130                gfdr_readDirEnt
                0x0601a418                gfdr_setDirrecCd
                0x0601a436                gfdr_setupDirIdTbl
                0x0601a4ac                gfdr_setupDirNameTbl
                0x0601a550                GFDR_SetupDirTbl
 .text          0x0601a5c0      0x820 c:/saturn/sbl/segalib/lib/libsat.a(gfs_trn.o)
                0x0601a5c0                gftr_reqScu
                0x0601a5c4                gftr_remCpu
                0x0601a5c8                gftr_execScu
                0x0601a64c                gftr_remScu
                0x0601a66c                gftr_reqDma0
                0x0601a670                gftr_reqDma1
                0x0601a674                gftr_reqCpu
                0x0601a678                GFTR_Setup
                0x0601a69e                GFTR_SetMode
                0x0601a6aa                GFTR_SetUnit
                0x0601a6ae                GFTR_SetTransPara
                0x0601a6c0                GFTR_GetTransPara
                0x0601a6c4                GFTR_GetNumTrans
                0x0601a6c8                GFTR_SetTransMax
                0x0601a6ce                GFTR_Start
                0x0601a6d4                GFTR_Pause
                0x0601a6da                gfdma_canUse
                0x0601a6de                gfdma_exec
                0x0601a7c0                gftr_execSdma0
                0x0601a7e4                gftr_execSdma1
                0x0601a808                gftr_reqTrn
                0x0601a85c                gftr_execTrn
                0x0601a928                gftr_remTrn
                0x0601a988                gftr_copyFrac
                0x0601a9a2                gfdma_getBytecnt
                0x0601a9d4                gftr_remDma0
                0x0601a9e0                gftr_remDma1
                0x0601a9ec                gftr_execCpu
                0x0601aa38                GFTR_GetLenData
                0x0601aa3c                GFTR_GetLenRoom
                0x0601aa4a                gftr_getSrcPack
                0x0601aacc                GFTR_Idle
                0x0601ab3c                GFTR_GetDstPack
                0x0601ab68                gftr_getDstPack
                0x0601aba8                gftr_execSub
                0x0601acb0                GFTR_Exec
                0x0601ad08                GFTR_Stop
                0x0601adac                GFTR_RtnDstPk
                0x0601adba                GFTR_GetData
                0x0601adc8                GFTR_SetData
                0x0601add4                GFTR_SetTransFunc
 .text          0x0601ade0       0x24 c:/saturn/sbl/segalib/lib/libsat.a(mth_rand.o)
                0x0601ade0                MTH_InitialRand
                0x0601adec                MTH_GetRand
 .text          0x0601ae04       0x78 c:/saturn/sbl/segalib/lib/libsat.a(mth_fixd.o)
                0x0601ae04                MTH_Mul
                0x0601ae18                MTH_Div
                0x0601ae2c                MTH_IntToFixed
                0x0601ae34                MTH_FixedToInt
                0x0601ae3c                MTH_Product
 .text          0x0601ae7c      0x5d4 c:/saturn/sbl/segalib/lib/libsat.a(mth_tri.o)
                0x0601ae7c                MTH_Sin
                0x0601aebc                MTH_Cos
                0x0601af00                fcos
                0x0601af06                fsin
                0x0601b098                MTH_Atan
 .text          0x0601b450      0xee8 c:/saturn/sbl/segalib/lib/libsat.a(per_prt.o)
                0x0601b800                PER_IntFunc
                0x0601c080                PER_Init
                0x0601c234                PER_GetPer
 .text          0x0601c338      0xcdc c:/saturn/sbl/segalib/lib/libsat.a(spr_2c.o)
                0x0601c338                SPR_2SetTvMode
                0x0601c348                SPR_2FrameChgIntr
                0x0601c35c                SPR_2FrameEraseData
                0x0601c39c                SPR_2SetGourTbl
                0x0601c3cc                SPR_2SetLookupTbl
                0x0601c3e8                SPR_2SetChar
                0x0601c514                SPR_2ClrChar
                0x0601c62c                SPR_2ClrAllChar
                0x0601c680                SPR_2Initial
                0x0601c7dc                SPR_2GourTblNoToVram
                0x0601c7f8                SPR_2LookupTblNoToVram
                0x0601c808                SPR_2CharNoToVram
                0x0601c81c                SPR_2GetAreaSizeInfo
                0x0601c880                SPR_2OpenCommand
                0x0601c918                SPR_2FlushDrawPrty
                0x0601c958                SPR_2CloseCommand
                0x0601ca78                SPR_2LocalCoord
                0x0601cad0                SPR_2SysClip
                0x0601cb18                SPR_2UserClip
                0x0601cb68                SPR_2Line
                0x0601cc04                SPR_2PolyLine
                0x0601cca4                SPR_2Polygon
                0x0601cd44                SPR_2NormSpr
                0x0601ce10                SPR_2ScaleSpr
                0x0601cef8                SPR_2DistSpr
                0x0601cfd0                SPR_2Cmd
 .text          0x0601d014      0x730 c:/saturn/sbl/segalib/lib/libsat.a(scl_func.o)
                0x0601d014                SCL_ParametersInit
                0x0601d108                SCL_Vdp2Init
                0x0601d170                SCL_Open
                0x0601d18c                SCL_Close
                0x0601d1a0                SCL_MoveTo
                0x0601d284                SCL_Move
                0x0601d3a0                SCL_Scale
                0x0601d494                SCL_Memcpyw
                0x0601d4a8                SCL_CopyReg
                0x0601d588                SCL_SetColRamMode
                0x0601d5dc                SCL_PriIntProc
                0x0601d6d8                SCL_ScrollShow
 .text          0x0601d744      0x1b0 c:/saturn/sbl/segalib/lib/libsat.a(scl_fu01.o)
                0x0601d744                SCL_SetDisplayMode
 .text          0x0601d8f4      0x384 c:/saturn/sbl/segalib/lib/libsat.a(scl_fu02.o)
                0x0601d8f4                SCL_InitVramConfigTb
                0x0601d902                SCL_SetVramConfig
 .text          0x0601dc78      0x654 c:/saturn/sbl/segalib/lib/libsat.a(scl_fu03.o)
                0x0601dc78                SCL_InitConfigTb
                0x0601dc94                SCL_SetConfig
 .text          0x0601e2cc       0x18 c:/saturn/sbl/segalib/lib/libsat.a(scl_fu04.o)
                0x0601e2cc                SCL_SetCycleTable
 .text          0x0601e2e4      0x220 c:/saturn/sbl/segalib/lib/libsat.a(scl_fu05.o)
                0x0601e2e4                SCL_InitLineParamTb
                0x0601e378                SCL_SetLineParam
 .text          0x0601e504      0xfb8 c:/saturn/sbl/segalib/lib/libsat.a(scl_pri.o)
                0x0601e504                SCL_PriorityInit
                0x0601eabc                SCL_GetColRamMode
                0x0601ead8                SCL_AbortAutoVe
                0x0601eae4                SCL_SetColMixRate
                0x0601ee5c                SCL_IncColOffset
                0x0601eed0                SCL_AutoExec
                0x0601f320                SCL_SetShadowBit
 .text          0x0601f4bc      0xe48 c:/saturn/sbl/segalib/lib/libsat.a(scl_ro00.o)
                0x0601f5e0                SCL_InitRotateTable
                0x0601f848                SCL_RotateZD
                0x0601f980                SCL_Rotate
 .text          0x06020304       0x74 c:/saturn/sbl/segalib/lib/libsat.a(scl_back.o)
                0x06020304                SCL_SetBack
 .text          0x06020378      0x26c c:/saturn/sbl/segalib/lib/libsat.a(scl_vblv.o)
                0x06020378                SCL_SetFrameInterval
                0x060203fc                SCL_DisplayFrame
                0x06020428                SCL_VblInit
                0x06020470                SCL_VblankStart
                0x06020540                SCL_VblankEnd
 .text          0x060205e4       0x54 c:/saturn/sbl/segalib/lib/libsat.a(scl_pr01.o)
                0x060205e4                SCL_SetSpriteMode
 .text          0x06020638       0x90 c:/saturn/sbl/segalib/lib/libsat.a(scl_pr02.o)
                0x06020638                SCL_SetColRam
 .text          0x060206c8      0x10c c:/saturn/sbl/segalib/lib/libsat.a(scl_pr03.o)
                0x060206c8                SCL_FreeColRam
                0x060206f0                SCL_AllocColRam
 .text          0x060207d4       0x98 c:/saturn/sbl/segalib/lib/libsat.a(scl_pr05.o)
                0x060207d4                SCL_GetColRamOffset
 .text          0x0602086c      0x198 c:/saturn/sbl/segalib/lib/libsat.a(scl_pr06.o)
                0x0602086c                SCL_SetColRamOffset
 .text          0x06020a04      0x200 c:/saturn/sbl/segalib/lib/libsat.a(scl_pr07.o)
                0x06020a04                SCL_SetPriority
 .text          0x06020c04       0x44 c:/saturn/sbl/segalib/lib/libsat.a(scl_pr09.o)
                0x06020c04                SCL_SetColMixMode
 .text          0x06020c48       0x7c c:/saturn/sbl/segalib/lib/libsat.a(scl_pr10.o)
                0x06020c48                SCL_SetAutoColMix
 .text          0x06020cc4      0x144 c:/saturn/sbl/segalib/lib/libsat.a(scl_pr11.o)
                0x06020cc4                SCL_SetAutoColOffset
 .text          0x06020e08      0x16c c:/saturn/sbl/segalib/lib/libsat.a(scl_pr12.o)
                0x06020e08                SCL_SetColOffset
 .text          0x06020f74      0x21c c:/saturn/sbl/segalib/lib/libsat.a(cdc_reg.o)
                0x06020f74                CDC_GetDataPtr
                0x06020f80                CDC_GetHirqReq
                0x06020f8c                CDC_ClrHirqReq
                0x06020fac                CDREG_ClrHirqReq
                0x06020fb8                CDREG_InitHirqReq
                0x06020fd0                CDREG_SetHirqFlag
                0x06020fe0                CDC_GetHirqMsk
                0x06020fec                CDC_SetHirqMsk
                0x06020ff8                CDC_GetMpegPtr
                0x06021004                CDREG_TgetData
                0x06021060                CDREG_WaitHirq
                0x06021084                writeCmd
                0x060210a4                CDREG_ReadRsp
                0x060210c8                doCmdRsp
                0x06021160                CDREG_CmdRsp
 .text          0x06021190      0x104 c:/saturn/sbl/segalib/lib/libsat.a(cdc_sub.o)
                0x06021190                CDSUB_GetCdstat
                0x060211c4                CDSUB_RspToCdstat
                0x060211f8                CDSUB_CdCmd
                0x06021268                CDSUB_UpdStatus
                0x06021274                CDSUB_UpdCdstat
                0x06021290                CDSUB_SoftTimer
 .text          0x06021294       0xb4 c:/saturn/sbl/segalib/lib/libsat.a(cdc_dev.o)
                0x06021294                CDC_CdSetCon
                0x060212c8                CDC_CdGetCon
                0x06021308                CDC_CdGetLastBuf
 .text          0x06021348      0x298 c:/saturn/sbl/segalib/lib/libsat.a(cdc_sel.o)
                0x06021348                CDC_SetFiltRange
                0x06021388                CDC_GetFiltRange
                0x060213f4                CDC_SetFiltSubh
                0x06021444                CDC_GetFiltSubh
                0x060214ac                CDC_SetFiltMode
                0x060214e0                CDC_GetFiltMode
                0x06021520                CDC_SetFiltCon
                0x06021558                CDC_GetFiltCon
                0x060215ac                CDC_ResetSelector
 .text          0x060215e0      0x238 c:/saturn/sbl/segalib/lib/libsat.a(cdc_bif.o)
                0x060215e0                CDC_GetBufSiz
                0x06021638                CDC_GetSctNum
                0x06021680                CDC_CalActSiz
                0x060216b0                chkEselUpdStatus
                0x060216e4                CDC_GetActSiz
                0x06021728                CDC_GetSctInfo
                0x06021780                CDC_ExeFadSearch
                0x060217b8                CDC_GetFadSearch
 .text          0x06021818      0x190 c:/saturn/sbl/segalib/lib/libsat.a(cdc_bio.o)
                0x06021818                CDC_SetSctLen
                0x06021848                CDC_GetSctData
                0x06021878                CDC_DelSctData
                0x060218a8                CDC_GetdelSctData
                0x060218d8                CDC_PutSctData
                0x06021908                CDC_CopySctData
                0x0602193c                CDC_MoveSctData
                0x06021970                CDC_GetCopyErr
 .text          0x060219a8      0x1a4 c:/saturn/sbl/segalib/lib/libsat.a(cdc_cfs.o)
                0x060219a8                CDC_ChgDir
                0x060219e0                CDC_ReadDir
                0x06021a18                CDC_GetFileScope
                0x06021a78                CDC_TgetFileInfo
                0x06021ad0                CDC_ReadFile
                0x06021b10                CDC_AbortFile
 .text          0x06021b4c       0xb4 c:/saturn/sbl/segalib/lib/libsat.a(csh_main.o)
                0x06021b4c                CSH_Init
                0x06021b9c                CSH_AllClr
                0x06021bdc                CSH_Purge
 .text          0x06021c00      0x138 c:/saturn/sbl/segalib/lib/libsat.a(dma_cpu0.o)
                0x06021c00                DMA_CpuSetComPrm
                0x06021c38                DMA_CpuSetPrm
                0x06021cec                DMA_CpuStart
                0x06021cfc                DMA_CpuStop
                0x06021d0e                DMA_CpuAllStop
                0x06021d1c                DMA_CpuGetComStatus
                0x06021d2c                DMA_CpuGetStatus
 .text          0x06021d38      0x28c c:/saturn/sbl/segalib/lib/libsat.a(dma_scu0.o)
                0x06021d38                DMA_ScuIntFunc0
                0x06021d98                DMA_ScuIntFunc1
                0x06021dfc                DMA_ScuIntFunc2
                0x06021e60                DMA_ScuSetPrm
                0x06021ec8                DMA_ScuStart
                0x06021f94                DMA_ScuGetStatus
 .text          0x06021fc4      0x240 c:/saturn/sbl/segalib/lib/libsat.a(spr_1c.o)
                0x06021fc4                SPR_SetTvMode
                0x0602203c                SPR_GetStatus
                0x06022090                SPR_SetEraseData
                0x06022128                SPR_Initial
                0x060221e0                SPR_WaitDrawEnd
                0x060221f0                SPR_SetEosMode
 .text          0x06022204      0x16c c:/saturn/sbl/segalib/lib/libsat.a(spr_2a.o)
                0x06022204                SPR_2SetDrawPrty
                0x06022274                SPR_2FlushDrawPrtyBlock
 .text          0x06022370       0x52 c:/saturn/gcc84/bin/../lib/gcc/sh-elf/8.4.0\libgcc.a(_ashiftrt.o)
                0x06022370                __ashiftrt_r4_31
                0x06022370                __ashiftrt_r4_32
                0x06022376                __ashiftrt_r4_30
                0x06022378                __ashiftrt_r4_29
                0x0602237a                __ashiftrt_r4_28
                0x0602237c                __ashiftrt_r4_27
                0x0602237e                __ashiftrt_r4_26
                0x06022380                __ashiftrt_r4_25
                0x06022382                __ashiftrt_r4_24
                0x0602238a                __ashiftrt_r4_23
                0x0602238c                __ashiftrt_r4_22
                0x0602238e                __ashiftrt_r4_21
                0x06022390                __ashiftrt_r4_20
                0x06022392                __ashiftrt_r4_19
                0x06022394                __ashiftrt_r4_18
                0x06022396                __ashiftrt_r4_17
                0x06022398                __ashiftrt_r4_16
                0x0602239e                __ashiftrt_r4_15
                0x060223a0                __ashiftrt_r4_14
                0x060223a2                __ashiftrt_r4_13
                0x060223a4                __ashiftrt_r4_12
                0x060223a6                __ashiftrt_r4_11
                0x060223a8                __ashiftrt_r4_10
                0x060223aa                __ashiftrt_r4_9
                0x060223ac                __ashiftrt_r4_8
                0x060223ae                __ashiftrt_r4_7
                0x060223b0                __ashiftrt_r4_6
                0x060223b2                __ashiftrt_r4_5
                0x060223b4                __ashiftrt_r4_4
                0x060223b6                __ashiftrt_r4_3
                0x060223b8                __ashiftrt_r4_2
                0x060223ba                __ashiftrt_r4_1
                0x060223be                __ashiftrt_r4_0
 *fill*         0x060223c2        0x2 
 .text          0x060223c4       0x80 c:/saturn/gcc84/bin/../lib/gcc/sh-elf/8.4.0\libgcc.a(_ashiftrt_n.o)
                0x060223c4                __ashrsi3
 .text          0x06022444       0xbc c:/saturn/gcc84/bin/../lib/gcc/sh-elf/8.4.0\libgcc.a(_ashiftlt.o)
                0x06022444                __ashlsi3
                0x06022448                __ashlsi3_r0
 .text          0x06022500       0x78 c:/saturn/gcc84/bin/../lib/gcc/sh-elf/8.4.0\libgcc.a(_movmem.o)
                0x06022500                __movmem
                0x06022500                __movstr
                0x06022534                __movstrSI64
                0x06022534                __movmemSI64
                0x06022538                __movstrSI60
                0x06022538                __movmemSI60
                0x0602253c                __movstrSI56
                0x0602253c                __movmemSI56
                0x06022540                __movstrSI52
                0x06022540                __movmemSI52
                0x06022544                __movstrSI48
                0x06022544                __movmemSI48
                0x06022548                __movmemSI44
                0x06022548                __movstrSI44
                0x0602254c                __movstrSI40
                0x0602254c                __movmemSI40
                0x06022550                __movmemSI36
                0x06022550                __movstrSI36
                0x06022554                __movmemSI32
                0x06022554                __movstrSI32
                0x06022558                __movstrSI28
                0x06022558                __movmemSI28
                0x0602255c                __movmemSI24
                0x0602255c                __movstrSI24
                0x06022560                __movstrSI20
                0x06022560                __movmemSI20
                0x06022564                __movstrSI16
                0x06022564                __movmemSI16
                0x06022568                __movstrSI12
                0x06022568                __movmemSI12
                0x0602256c                __movmemSI8
                0x0602256c                __movstrSI8
                0x06022570                __movmemSI4
                0x06022570                __movstrSI4
 .text          0x06022578       0xa0 c:/saturn/gcc84/bin/../lib/gcc/sh-elf/8.4.0\libgcc.a(_sdivsi3.o)
                0x06022578                __sdivsi3
 .text          0x06022618       0x6c c:/saturn/gcc84/bin/../lib/gcc/sh-elf/8.4.0\libgcc.a(_udivsi3.o)
                0x0602263a                __udivsi3
 .text          0x06022684      0x208 c:/saturn/gcc84/bin/../lib/gcc/sh-elf/8.4.0\libgcc.a(_mul_df.o)
                0x06022684                __muldf3
 .text          0x0602288c       0xa8 c:/saturn/gcc84/bin/../lib/gcc/sh-elf/8.4.0\libgcc.a(_si_to_df.o)
                0x0602288c                __floatsidf
 .text          0x06022934       0xa4 c:/saturn/gcc84/bin/../lib/gcc/sh-elf/8.4.0\libgcc.a(_df_to_si.o)
                0x06022934                __fixdfsi
 .text          0x060229d8        0x0 c:/saturn/gcc84/bin/../lib/gcc/sh-elf/8.4.0\libgcc.a(_thenan_df.o)
 .text          0x060229d8       0xbc c:/saturn/gcc84/bin/../lib/gcc/sh-elf/8.4.0\libgcc.a(_lshiftrt.o)
                0x060229d8                __lshrsi3
                0x060229dc                __lshrsi3_r0
 .text          0x06022a94       0x58 c:/saturn/gcc84/bin/../lib/gcc/sh-elf/8.4.0\libgcc.a(_clzsi2.o)
                0x06022a94                __clzsi2
 .text          0x06022aec      0x25c c:/saturn/gcc84/bin/../lib/gcc/sh-elf/8.4.0\libgcc.a(_pack_df.o)
                0x06022aec                __pack_d
 .text          0x06022d48       0xcc c:/saturn/gcc84/bin/../lib/gcc/sh-elf/8.4.0\libgcc.a(_unpack_df.o)
                0x06022d48                __unpack_d
 .text          0x06022e14        0x0 c:/saturn/gcc84/bin/../lib/gcc/sh-elf/8.4.0\libgcc.a(_clz.o)
 .text          0x06022e14       0x1e c:/saturn/gcc84/bin/../lib/gcc/sh-elf/8.4.0/../../../../sh-elf/lib\libc.a(lib_a-memcmp.o)
                0x06022e14                memcmp
 *fill*         0x06022e32        0x2 
 .text          0x06022e34       0x94 c:/saturn/gcc84/bin/../lib/gcc/sh-elf/8.4.0/../../../../sh-elf/lib\libc.a(lib_a-memcpy.o)
                0x06022e34                memcpy
 .text          0x06022ec8       0x40 c:/saturn/gcc84/bin/../lib/gcc/sh-elf/8.4.0/../../../../sh-elf/lib\libc.a(lib_a-memset.o)
                0x06022ec8                memset
 .text          0x06022f08       0x3c c:/saturn/gcc84/bin/../lib/gcc/sh-elf/8.4.0/../../../../sh-elf/lib\libc.a(lib_a-strcpy.o)
                0x06022f08                strcpy
 .text          0x06022f44       0x2a c:/saturn/gcc84/bin/../lib/gcc/sh-elf/8.4.0/../../../../sh-elf/lib\libc.a(lib_a-strncmp.o)
                0x06022f44                strncmp
 .text          0x06022f6e       0x32 c:/saturn/gcc84/bin/../lib/gcc/sh-elf/8.4.0/../../../../sh-elf/lib\libc.a(lib_a-strncpy.o)
                0x06022f6e                strncpy
 *(.rodata*)
 .rodata        0x06022fa0      0x100 crc.o
 .rodata.str1.4
                0x060230a0       0x29 cutscene.o
 *fill*         0x060230c9        0x3 
 .rodata.str1.4
                0x060230cc      0x105 game.o
 *fill*         0x060231d1        0x3 
 .rodata        0x060231d4       0xb0 game.o
 .rodata.str1.4
                0x06023284       0xa9 intro.o
 *fill*         0x0602332d        0x3 
 .rodata        0x06023330      0x128 intro.o
 .rodata.str1.4
                0x06023458       0x19 logo.o
 *fill*         0x06023471        0x3 
 .rodata        0x06023474       0x3c logo.o
 .rodata.str1.4
                0x060234b0       0x55 menu.o
 *fill*         0x06023505        0x3 
 .rodata        0x06023508       0x68 menu.o
 .rodata.str1.4
                0x06023570      0x2a7 notice.o
 *fill*         0x06023817        0x1 
 .rodata.str1.4
                0x06023818       0x20 pcmsys.o
 .rodata        0x06023838      0x400 pcmsys.o
 .rodata.str1.4
                0x06023c38        0x9 print.o
 *fill*         0x06023c41        0x3 
 .rodata.str1.4
                0x06023c44        0x9 soon.o
 *fill*         0x06023c4d        0x3 
 .rodata.str1.4
                0x06023c50       0x9b sound.o
 *fill*         0x06023ceb        0x1 
 .rodata        0x06023cec        0xa c:/saturn/sbl/segalib/lib/libsat.a(gfs.o)
 *fill*         0x06023cf6        0x2 
 .rodata        0x06023cf8       0x30 c:/saturn/sbl/segalib/lib/libsat.a(gfs_buf.o)
 .rodata        0x06023d28       0x2d c:/saturn/sbl/segalib/lib/libsat.a(gfs_cdf.o)
 *fill*         0x06023d55        0x3 
 .rodata.str1.4
                0x06023d58        0x7 c:/saturn/sbl/segalib/lib/libsat.a(gfs_dir.o)
 *fill*         0x06023d5f        0x1 
 .rodata        0x06023d60       0x30 c:/saturn/sbl/segalib/lib/libsat.a(gfs_trn.o)
 .rodata        0x06023d90        0xf c:/saturn/sbl/segalib/lib/libsat.a(dma_scu0.o)
 *fill*         0x06023d9f        0x1 
 .rodata        0x06023da0       0x20 c:/saturn/sbl/segalib/lib/libsat.a(spr_1c.o)
 .rodata        0x06023dc0       0x14 c:/saturn/gcc84/bin/../lib/gcc/sh-elf/8.4.0\libgcc.a(_thenan_df.o)
                0x06023dc0                __thenan_df
 .rodata        0x06023dd4      0x100 c:/saturn/gcc84/bin/../lib/gcc/sh-elf/8.4.0\libgcc.a(_clz.o)
                0x06023dd4                __clz_tab
 *(.strings)
                0x06023ee0                . = ALIGN (0x10)
 *fill*         0x06023ed4        0xc 
                0x06023ee0                _etext = ABSOLUTE (.)

.rela.dyn       0x06023ee0        0x0
 .rela.text     0x06023ee0        0x0 vblank.o
 .rela.text.startup
                0x06023ee0        0x0 vblank.o

.tors           0x06023ee0        0x0
                0x06023ee0                ___ctors = .
 *(.ctors)
                0x06023ee0                ___ctors_end = .
                0x06023ee0                ___dtors = .
 *(.dtors)
                0x06023ee0                ___dtors_end = .
                0x06023ee0                . = ALIGN (0x10)
                0x06023ee0                _etors = ABSOLUTE (.)

.data           0x06023ee0      0x3b0
 *(.data)
 .data          0x06023ee0        0x0 entry.o
 .data          0x06023ee0        0x0 stack.o
 .data          0x06023ee0        0x0 vblank.o
 .data          0x06023ee0        0x0 ball.o
 .data          0x06023ee0        0x0 barrier.o
 .data          0x06023ee0        0x0 capsule.o
 .data          0x06023ee0        0x0 cd.o
 .data          0x06023ee0        0x0 circle.o
 .data          0x06023ee0        0x0 crc.o
 .data          0x06023ee0       0x75 cutscene.o
                0x06023ee0                eye_cursor
                0x06023ee4                eye_timings
                0x06023ef4                eye_frames
                0x06023f04                tomo_text
 .data          0x06023f55        0x0 devcart.o
 .data          0x06023f55        0x0 enemy.o
 .data          0x06023f55        0x0 explosion.o
 *fill*         0x06023f55        0x3 
 .data          0x06023f58       0x20 game.o
                0x06023f58                powerup_names
 .data          0x06023f78      0x14f intro.o
 .data          0x060240c7        0x0 laser.o
 *fill*         0x060240c7        0x1 
 .data          0x060240c8      0x11a level.o
                0x060240c8                level_lengths
                0x060240d0                level_count
                0x060240d4                level_blocks
                0x060240dc                level1_blocks
                0x06024160                level0_blocks
 .data          0x060241e2        0x0 logo.o
 *fill*         0x060241e2        0x2 
 .data          0x060241e4        0x8 menu.o
                0x060241e8                cutscene
 .data          0x060241ec        0x4 notice.o
                0x060241ec                notice_text
 .data          0x060241f0        0xc pcmsys.o
                0x060241f0                master_volume
                0x060241f4                scsp_load
                0x060241f8                m68k_com
 .data          0x060241fc        0x0 print.o
 .data          0x060241fc       0x50 scroll.o
                0x060241fc                CycleTbBitmap
                0x0602420c                CycleTbHiRes
                0x0602421c                CycleTbLoRes
                0x0602422c                char_offsets
                0x0602423c                vram
 .data          0x0602424c        0x0 soon.o
 .data          0x0602424c        0x0 sound.o
 .data          0x0602424c       0x18 sprite.o
 .data          0x06024264        0x0 main.o
 .data          0x06024264        0x0 c:/saturn/sbl/segalib/lib/libsat.a(cdc_cmn.o)
 .data          0x06024264        0x0 c:/saturn/sbl/segalib/lib/libsat.a(cdc_drv.o)
 .data          0x06024264        0x0 c:/saturn/sbl/segalib/lib/libsat.a(dma_cpu1.o)
 .data          0x06024264        0x0 c:/saturn/sbl/segalib/lib/libsat.a(dma_cpu5.o)
 .data          0x06024264        0x0 c:/saturn/sbl/segalib/lib/libsat.a(gfs.o)
 .data          0x06024264        0x0 c:/saturn/sbl/segalib/lib/libsat.a(gfs_buf.o)
 .data          0x06024264        0x0 c:/saturn/sbl/segalib/lib/libsat.a(gfs_cdb.o)
 .data          0x06024264        0x0 c:/saturn/sbl/segalib/lib/libsat.a(gfs_cdc.o)
 .data          0x06024264        0x0 c:/saturn/sbl/segalib/lib/libsat.a(gfs_cdf.o)
 .data          0x06024264        0x0 c:/saturn/sbl/segalib/lib/libsat.a(gfs_dir.o)
 .data          0x06024264        0x0 c:/saturn/sbl/segalib/lib/libsat.a(gfs_trn.o)
 .data          0x06024264        0x0 c:/saturn/sbl/segalib/lib/libsat.a(mth_rand.o)
 .data          0x06024264        0x0 c:/saturn/sbl/segalib/lib/libsat.a(mth_fixd.o)
 .data          0x06024264        0x0 c:/saturn/sbl/segalib/lib/libsat.a(mth_tri.o)
 .data          0x06024264        0x3 c:/saturn/sbl/segalib/lib/libsat.a(per_prt.o)
 .data          0x06024267        0x0 c:/saturn/sbl/segalib/lib/libsat.a(spr_2c.o)
 *fill*         0x06024267        0x1 
 .data          0x06024268        0x6 c:/saturn/sbl/segalib/lib/libsat.a(scl_func.o)
                0x06024268                SclRotateTableMode
                0x0602426a                SclDisplayY
                0x0602426c                SclDisplayX
 .data          0x0602426e        0x0 c:/saturn/sbl/segalib/lib/libsat.a(scl_fu01.o)
 .data          0x0602426e        0x0 c:/saturn/sbl/segalib/lib/libsat.a(scl_fu02.o)
 .data          0x0602426e        0x0 c:/saturn/sbl/segalib/lib/libsat.a(scl_fu03.o)
 .data          0x0602426e        0x0 c:/saturn/sbl/segalib/lib/libsat.a(scl_fu04.o)
 .data          0x0602426e        0x0 c:/saturn/sbl/segalib/lib/libsat.a(scl_fu05.o)
 *fill*         0x0602426e        0x2 
 .data          0x06024270       0x18 c:/saturn/sbl/segalib/lib/libsat.a(scl_pri.o)
                0x06024270                SclRealColOffset
                0x06024274                SclRealBgColMix
                0x06024278                SclRealSpColMix
                0x0602427c                SclRealBgPriNum
                0x06024280                SclRealSpPriNum
                0x06024284                SclRealOtherPri
 .data          0x06024288        0x0 c:/saturn/sbl/segalib/lib/libsat.a(scl_ro00.o)
 .data          0x06024288        0x0 c:/saturn/sbl/segalib/lib/libsat.a(scl_back.o)
 .data          0x06024288        0x8 c:/saturn/sbl/segalib/lib/libsat.a(scl_vblv.o)
                0x06024288                VBInterval
                0x0602428c                SpFrameEraseMode
 .data          0x06024290        0x0 c:/saturn/sbl/segalib/lib/libsat.a(scl_pr01.o)
 .data          0x06024290        0x0 c:/saturn/sbl/segalib/lib/libsat.a(scl_pr02.o)
 .data          0x06024290        0x0 c:/saturn/sbl/segalib/lib/libsat.a(scl_pr03.o)
 .data          0x06024290        0x0 c:/saturn/sbl/segalib/lib/libsat.a(scl_pr05.o)
 .data          0x06024290        0x0 c:/saturn/sbl/segalib/lib/libsat.a(scl_pr06.o)
 .data          0x06024290        0x0 c:/saturn/sbl/segalib/lib/libsat.a(scl_pr07.o)
 .data          0x06024290        0x0 c:/saturn/sbl/segalib/lib/libsat.a(scl_pr09.o)
 .data          0x06024290        0x0 c:/saturn/sbl/segalib/lib/libsat.a(scl_pr10.o)
 .data          0x06024290        0x0 c:/saturn/sbl/segalib/lib/libsat.a(scl_pr11.o)
 .data          0x06024290        0x0 c:/saturn/sbl/segalib/lib/libsat.a(scl_pr12.o)
 .data          0x06024290        0x0 c:/saturn/sbl/segalib/lib/libsat.a(cdc_reg.o)
 .data          0x06024290        0x0 c:/saturn/sbl/segalib/lib/libsat.a(cdc_sub.o)
 .data          0x06024290        0x0 c:/saturn/sbl/segalib/lib/libsat.a(cdc_dev.o)
 .data          0x06024290        0x0 c:/saturn/sbl/segalib/lib/libsat.a(cdc_sel.o)
 .data          0x06024290        0x0 c:/saturn/sbl/segalib/lib/libsat.a(cdc_bif.o)
 .data          0x06024290        0x0 c:/saturn/sbl/segalib/lib/libsat.a(cdc_bio.o)
 .data          0x06024290        0x0 c:/saturn/sbl/segalib/lib/libsat.a(cdc_cfs.o)
 .data          0x06024290        0x0 c:/saturn/sbl/segalib/lib/libsat.a(csh_main.o)
 .data          0x06024290        0x0 c:/saturn/sbl/segalib/lib/libsat.a(dma_cpu0.o)
 .data          0x06024290        0x0 c:/saturn/sbl/segalib/lib/libsat.a(dma_scu0.o)
 .data          0x06024290        0x0 c:/saturn/sbl/segalib/lib/libsat.a(spr_1c.o)
 .data          0x06024290        0x0 c:/saturn/sbl/segalib/lib/libsat.a(spr_2a.o)
 .data          0x06024290        0x0 c:/saturn/gcc84/bin/../lib/gcc/sh-elf/8.4.0\libgcc.a(_ashiftrt.o)
 .data          0x06024290        0x0 c:/saturn/gcc84/bin/../lib/gcc/sh-elf/8.4.0\libgcc.a(_ashiftrt_n.o)
 .data          0x06024290        0x0 c:/saturn/gcc84/bin/../lib/gcc/sh-elf/8.4.0\libgcc.a(_ashiftlt.o)
 .data          0x06024290        0x0 c:/saturn/gcc84/bin/../lib/gcc/sh-elf/8.4.0\libgcc.a(_movmem.o)
 .data          0x06024290        0x0 c:/saturn/gcc84/bin/../lib/gcc/sh-elf/8.4.0\libgcc.a(_sdivsi3.o)
 .data          0x06024290        0x0 c:/saturn/gcc84/bin/../lib/gcc/sh-elf/8.4.0\libgcc.a(_udivsi3.o)
 .data          0x06024290        0x0 c:/saturn/gcc84/bin/../lib/gcc/sh-elf/8.4.0\libgcc.a(_mul_df.o)
 .data          0x06024290        0x0 c:/saturn/gcc84/bin/../lib/gcc/sh-elf/8.4.0\libgcc.a(_si_to_df.o)
 .data          0x06024290        0x0 c:/saturn/gcc84/bin/../lib/gcc/sh-elf/8.4.0\libgcc.a(_df_to_si.o)
 .data          0x06024290        0x0 c:/saturn/gcc84/bin/../lib/gcc/sh-elf/8.4.0\libgcc.a(_thenan_df.o)
 .data          0x06024290        0x0 c:/saturn/gcc84/bin/../lib/gcc/sh-elf/8.4.0\libgcc.a(_lshiftrt.o)
 .data          0x06024290        0x0 c:/saturn/gcc84/bin/../lib/gcc/sh-elf/8.4.0\libgcc.a(_clzsi2.o)
 .data          0x06024290        0x0 c:/saturn/gcc84/bin/../lib/gcc/sh-elf/8.4.0\libgcc.a(_pack_df.o)
 .data          0x06024290        0x0 c:/saturn/gcc84/bin/../lib/gcc/sh-elf/8.4.0\libgcc.a(_unpack_df.o)
 .data          0x06024290        0x0 c:/saturn/gcc84/bin/../lib/gcc/sh-elf/8.4.0\libgcc.a(_clz.o)
 .data          0x06024290        0x0 c:/saturn/gcc84/bin/../lib/gcc/sh-elf/8.4.0/../../../../sh-elf/lib\libc.a(lib_a-memcmp.o)
 .data          0x06024290        0x0 c:/saturn/gcc84/bin/../lib/gcc/sh-elf/8.4.0/../../../../sh-elf/lib\libc.a(lib_a-memcpy.o)
 .data          0x06024290        0x0 c:/saturn/gcc84/bin/../lib/gcc/sh-elf/8.4.0/../../../../sh-elf/lib\libc.a(lib_a-memset.o)
 .data          0x06024290        0x0 c:/saturn/gcc84/bin/../lib/gcc/sh-elf/8.4.0/../../../../sh-elf/lib\libc.a(lib_a-strcpy.o)
 .data          0x06024290        0x0 c:/saturn/gcc84/bin/../lib/gcc/sh-elf/8.4.0/../../../../sh-elf/lib\libc.a(lib_a-strncmp.o)
 .data          0x06024290        0x0 c:/saturn/gcc84/bin/../lib/gcc/sh-elf/8.4.0/../../../../sh-elf/lib\libc.a(lib_a-strncpy.o)
                0x06024290                . = ALIGN (0x10)
                0x06024290                _edata = ABSOLUTE (.)

.bss            0x06024290    0x1cb40
                0x06024290                _bss_start = .
 *(.bss)
 .bss           0x06024290        0x0 entry.o
 .bss           0x06024290        0x0 stack.o
 .bss           0x06024290        0xc vblank.o
                0x06024290                PadData2E
                0x06024292                PadData2L
                0x06024294                PadData2
                0x06024296                PadData1E
                0x06024298                PadData1L
                0x0602429a                PadData1
 .bss           0x0602429c        0x4 ball.o
 .bss           0x060242a0        0xc barrier.o
 .bss           0x060242ac        0xc capsule.o
 .bss           0x060242b8        0x0 cd.o
 .bss           0x060242b8        0x0 circle.o
 .bss           0x060242b8        0x0 crc.o
 .bss           0x060242b8       0x1c cutscene.o
                0x060242b8                eye_timer
 .bss           0x060242d4        0x0 devcart.o
 .bss           0x060242d4        0x0 enemy.o
 .bss           0x060242d4        0x0 explosion.o
 .bss           0x060242d4       0x44 game.o
                0x060242d4                illusion_cursor
                0x060242d8                illusion_charno
                0x060242dc                illusion
                0x060242e0                laser_max
                0x060242e4                bit_right
                0x060242e8                bit_left
                0x060242ec                bit_ship
                0x060242f0                turbo
                0x060242f4                powerup_cursor
                0x060242f8                score
 .bss           0x06024318     0x19a8 intro.o
 .bss           0x06025cc0        0x4 laser.o
 .bss           0x06025cc4     0x13a0 level.o
 .bss           0x06027064       0x10 logo.o
 .bss           0x06027074       0x58 menu.o
 .bss           0x060270cc        0x4 notice.o
                0x060270cc                notice_displayed
 .bss           0x060270d0        0x2 pcmsys.o
                0x060270d0                numberPCMs
 .bss           0x060270d2        0x0 print.o
 *fill*         0x060270d2        0x2 
 .bss           0x060270d4        0x8 scroll.o
                0x060270d4                bitmap
                0x060270d8                scroll_res
 .bss           0x060270dc        0x4 soon.o
                0x060270dc                soon_state
 .bss           0x060270e0        0x0 sound.o
 .bss           0x060270e0     0x12bc sprite.o
                0x060270e0                sprite_palcnt
                0x060270e4                sprite_tilecnt
                0x060270e8                num_sprites
 .bss           0x0602839c        0x4 main.o
                0x0602839c                frame
 .bss           0x060283a0        0x0 c:/saturn/sbl/segalib/lib/libsat.a(cdc_cmn.o)
 .bss           0x060283a0        0x0 c:/saturn/sbl/segalib/lib/libsat.a(cdc_drv.o)
 .bss           0x060283a0        0x0 c:/saturn/sbl/segalib/lib/libsat.a(dma_cpu1.o)
 .bss           0x060283a0        0x0 c:/saturn/sbl/segalib/lib/libsat.a(dma_cpu5.o)
 .bss           0x060283a0        0x0 c:/saturn/sbl/segalib/lib/libsat.a(gfs.o)
 .bss           0x060283a0        0x0 c:/saturn/sbl/segalib/lib/libsat.a(gfs_buf.o)
 .bss           0x060283a0        0x0 c:/saturn/sbl/segalib/lib/libsat.a(gfs_cdb.o)
 .bss           0x060283a0        0x0 c:/saturn/sbl/segalib/lib/libsat.a(gfs_cdc.o)
 .bss           0x060283a0        0x0 c:/saturn/sbl/segalib/lib/libsat.a(gfs_cdf.o)
 .bss           0x060283a0        0x0 c:/saturn/sbl/segalib/lib/libsat.a(gfs_dir.o)
 .bss           0x060283a0        0xc c:/saturn/sbl/segalib/lib/libsat.a(gfs_trn.o)
 .bss           0x060283ac        0x4 c:/saturn/sbl/segalib/lib/libsat.a(mth_rand.o)
 .bss           0x060283b0        0x0 c:/saturn/sbl/segalib/lib/libsat.a(mth_fixd.o)
 .bss           0x060283b0        0x0 c:/saturn/sbl/segalib/lib/libsat.a(mth_tri.o)
 .bss           0x060283b0       0x6b c:/saturn/sbl/segalib/lib/libsat.a(per_prt.o)
                0x060283b0                per_hot_res
                0x060283b1                per_time_out_flg
 *fill*         0x0602841b        0x1 
 .bss           0x0602841c       0x58 c:/saturn/sbl/segalib/lib/libsat.a(spr_2c.o)
 .bss           0x06028474       0x10 c:/saturn/sbl/segalib/lib/libsat.a(scl_func.o)
                0x06028474                SclProcess
                0x06028478                SclCurSclNum
                0x0602847c                SclLengthCsTbl
                0x0602847e                SclLengthLsTbl
 .bss           0x06028484        0x0 c:/saturn/sbl/segalib/lib/libsat.a(scl_fu01.o)
 .bss           0x06028484        0x0 c:/saturn/sbl/segalib/lib/libsat.a(scl_fu02.o)
 .bss           0x06028484        0x0 c:/saturn/sbl/segalib/lib/libsat.a(scl_fu03.o)
 .bss           0x06028484        0x0 c:/saturn/sbl/segalib/lib/libsat.a(scl_fu04.o)
 .bss           0x06028484     0x1900 c:/saturn/sbl/segalib/lib/libsat.a(scl_fu05.o)
 .bss           0x06029d84        0x0 c:/saturn/sbl/segalib/lib/libsat.a(scl_pri.o)
 .bss           0x06029d84       0x48 c:/saturn/sbl/segalib/lib/libsat.a(scl_ro00.o)
 .bss           0x06029dcc        0x0 c:/saturn/sbl/segalib/lib/libsat.a(scl_back.o)
 .bss           0x06029dcc       0x12 c:/saturn/sbl/segalib/lib/libsat.a(scl_vblv.o)
                0x06029dcc                VBIntrDisableDepth
                0x06029dd0                ReqDisplayFlag2
                0x06029dd4                ReqDisplayFlag1
                0x06029dd8                VBIntervalCounter
                0x06029ddc                SpFrameChgMode
 .bss           0x06029dde        0x0 c:/saturn/sbl/segalib/lib/libsat.a(scl_pr01.o)
 .bss           0x06029dde        0x0 c:/saturn/sbl/segalib/lib/libsat.a(scl_pr02.o)
 .bss           0x06029dde        0x0 c:/saturn/sbl/segalib/lib/libsat.a(scl_pr03.o)
 .bss           0x06029dde        0x0 c:/saturn/sbl/segalib/lib/libsat.a(scl_pr05.o)
 .bss           0x06029dde        0x0 c:/saturn/sbl/segalib/lib/libsat.a(scl_pr06.o)
 .bss           0x06029dde        0x0 c:/saturn/sbl/segalib/lib/libsat.a(scl_pr07.o)
 .bss           0x06029dde        0x0 c:/saturn/sbl/segalib/lib/libsat.a(scl_pr09.o)
 .bss           0x06029dde        0x0 c:/saturn/sbl/segalib/lib/libsat.a(scl_pr10.o)
 .bss           0x06029dde        0x0 c:/saturn/sbl/segalib/lib/libsat.a(scl_pr11.o)
 .bss           0x06029dde        0x0 c:/saturn/sbl/segalib/lib/libsat.a(scl_pr12.o)
 .bss           0x06029dde        0x2 c:/saturn/sbl/segalib/lib/libsat.a(cdc_reg.o)
                0x06029dde                hirq_flag
 .bss           0x06029de0        0x0 c:/saturn/sbl/segalib/lib/libsat.a(cdc_sub.o)
 .bss           0x06029de0        0x0 c:/saturn/sbl/segalib/lib/libsat.a(cdc_dev.o)
 .bss           0x06029de0        0x0 c:/saturn/sbl/segalib/lib/libsat.a(cdc_sel.o)
 .bss           0x06029de0        0x0 c:/saturn/sbl/segalib/lib/libsat.a(cdc_bif.o)
 .bss           0x06029de0        0x0 c:/saturn/sbl/segalib/lib/libsat.a(cdc_bio.o)
 .bss           0x06029de0        0x0 c:/saturn/sbl/segalib/lib/libsat.a(cdc_cfs.o)
 .bss           0x06029de0        0x0 c:/saturn/sbl/segalib/lib/libsat.a(csh_main.o)
 .bss           0x06029de0        0x0 c:/saturn/sbl/segalib/lib/libsat.a(dma_cpu0.o)
 .bss           0x06029de0       0x1c c:/saturn/sbl/segalib/lib/libsat.a(dma_scu0.o)
 .bss           0x06029dfc       0x10 c:/saturn/sbl/segalib/lib/libsat.a(spr_1c.o)
                0x06029dfc                SpInitialFlag
 .bss           0x06029e0c        0x0 c:/saturn/sbl/segalib/lib/libsat.a(spr_2a.o)
 .bss           0x06029e0c        0x0 c:/saturn/gcc84/bin/../lib/gcc/sh-elf/8.4.0\libgcc.a(_ashiftrt.o)
 .bss           0x06029e0c        0x0 c:/saturn/gcc84/bin/../lib/gcc/sh-elf/8.4.0\libgcc.a(_ashiftrt_n.o)
 .bss           0x06029e0c        0x0 c:/saturn/gcc84/bin/../lib/gcc/sh-elf/8.4.0\libgcc.a(_ashiftlt.o)
 .bss           0x06029e0c        0x0 c:/saturn/gcc84/bin/../lib/gcc/sh-elf/8.4.0\libgcc.a(_movmem.o)
 .bss           0x06029e0c        0x0 c:/saturn/gcc84/bin/../lib/gcc/sh-elf/8.4.0\libgcc.a(_sdivsi3.o)
 .bss           0x06029e0c        0x0 c:/saturn/gcc84/bin/../lib/gcc/sh-elf/8.4.0\libgcc.a(_udivsi3.o)
 .bss           0x06029e0c        0x0 c:/saturn/gcc84/bin/../lib/gcc/sh-elf/8.4.0\libgcc.a(_mul_df.o)
 .bss           0x06029e0c        0x0 c:/saturn/gcc84/bin/../lib/gcc/sh-elf/8.4.0\libgcc.a(_si_to_df.o)
 .bss           0x06029e0c        0x0 c:/saturn/gcc84/bin/../lib/gcc/sh-elf/8.4.0\libgcc.a(_df_to_si.o)
 .bss           0x06029e0c        0x0 c:/saturn/gcc84/bin/../lib/gcc/sh-elf/8.4.0\libgcc.a(_thenan_df.o)
 .bss           0x06029e0c        0x0 c:/saturn/gcc84/bin/../lib/gcc/sh-elf/8.4.0\libgcc.a(_lshiftrt.o)
 .bss           0x06029e0c        0x0 c:/saturn/gcc84/bin/../lib/gcc/sh-elf/8.4.0\libgcc.a(_clzsi2.o)
 .bss           0x06029e0c        0x0 c:/saturn/gcc84/bin/../lib/gcc/sh-elf/8.4.0\libgcc.a(_pack_df.o)
 .bss           0x06029e0c        0x0 c:/saturn/gcc84/bin/../lib/gcc/sh-elf/8.4.0\libgcc.a(_unpack_df.o)
 .bss           0x06029e0c        0x0 c:/saturn/gcc84/bin/../lib/gcc/sh-elf/8.4.0\libgcc.a(_clz.o)
 .bss           0x06029e0c        0x0 c:/saturn/gcc84/bin/../lib/gcc/sh-elf/8.4.0/../../../../sh-elf/lib\libc.a(lib_a-memcmp.o)
 .bss           0x06029e0c        0x0 c:/saturn/gcc84/bin/../lib/gcc/sh-elf/8.4.0/../../../../sh-elf/lib\libc.a(lib_a-memcpy.o)
 .bss           0x06029e0c        0x0 c:/saturn/gcc84/bin/../lib/gcc/sh-elf/8.4.0/../../../../sh-elf/lib\libc.a(lib_a-memset.o)
 .bss           0x06029e0c        0x0 c:/saturn/gcc84/bin/../lib/gcc/sh-elf/8.4.0/../../../../sh-elf/lib\libc.a(lib_a-strcpy.o)
 .bss           0x06029e0c        0x0 c:/saturn/gcc84/bin/../lib/gcc/sh-elf/8.4.0/../../../../sh-elf/lib\libc.a(lib_a-strncmp.o)
 .bss           0x06029e0c        0x0 c:/saturn/gcc84/bin/../lib/gcc/sh-elf/8.4.0/../../../../sh-elf/lib\libc.a(lib_a-strncpy.o)
 *(COMMON)
 COMMON         0x06029e0c       0x24 vblank.o
                0x06029e0c                VblankFlg
                0x06029e10                PadWorkArea
                0x06029e2c                perFlag
 COMMON         0x06029e30        0xc ball.o
                0x06029e30                ball_head
                0x06029e34                ball_count
                0x06029e38                ball_mode
 COMMON         0x06029e3c        0x4 barrier.o
                0x06029e3c                barrier_life
 COMMON         0x06029e40     0x1674 cd.o
                0x06029e40                dirname
                0x0602a7a0                lib_work
                0x0602b4a8                directory_table
 COMMON         0x0602b4b4        0xc circle.o
                0x0602b4b4                circle_count
                0x0602b4b8                circle_charno
                0x0602b4bc                circle_head
 COMMON         0x0602b4c0        0x8 cutscene.o
                0x0602b4c0                face_ptr
                0x0602b4c4                font_ptr
 COMMON         0x0602b4c8     0x19bc game.o
                0x0602b4c8                laser_charno
                0x0602b4cc                ship_sprite
                0x0602b4e4                explosion_charno
                0x0602b4e8                gameover_line
                0x0602cdf8                curr_level
                0x0602cdfc                capsule_charno
                0x0602ce00                bit_charno
                0x0602ce04                block_charno
                0x0602ce08                ship_num
                0x0602ce0c                ship_charno
                0x0602ce10                ship_left
                0x0602ce14                ship_right
                0x0602ce18                ball_charno
                0x0602ce1c                illusion_arr
                0x0602ce7c                barrier_charno
                0x0602ce80                gameover_angle
 COMMON         0x0602ce84        0x4 intro.o
                0x0602ce84                introfont_charno
 COMMON         0x0602ce88        0x8 laser.o
                0x0602ce88                laser_count
                0x0602ce8c                laser_head
 COMMON         0x0602ce90        0x4 level.o
                0x0602ce90                level_blocksleft
 COMMON         0x0602ce94        0x8 menu.o
                0x0602ce94                star_charno
                0x0602ce98                star_num
 COMMON         0x0602ce9c     0x14a0 print.o
                0x0602ce9c                text
 COMMON         0x0602e33c      0x130 scroll.o
                0x0602e33c                scfg
 COMMON         0x0602e46c        0x4 soon.o
                0x0602e46c                soon_scroll
 COMMON         0x0602e470    0x112c0 sprite.o
                0x0602e470                sprites
                0x0602f730                sprite_buf
 COMMON         0x0603f730       0x4c main.o
                0x0603f730                off_config
 COMMON         0x0603f77c        0x8 c:/saturn/sbl/segalib/lib/libsat.a(dma_cpu5.o)
                0x0603f77c                dma_cpu_cnt
                0x0603f780                dma_cpu_dis_adr
 COMMON         0x0603f784        0xc c:/saturn/sbl/segalib/lib/libsat.a(gfs.o)
                0x0603f784                GFMC_base
                0x0603f788                gfs_mng_ptr
                0x0603f78c                bobtest
 COMMON         0x0603f790        0x4 c:/saturn/sbl/segalib/lib/libsat.a(gfs_cdc.o)
                0x0603f790                gfcd_work
 COMMON         0x0603f794       0x14 c:/saturn/sbl/segalib/lib/libsat.a(per_prt.o)
                0x0603f794                per_set_sys_flg
                0x0603f798                per_get_time_adr
                0x0603f79c                per_get_sys_data
 COMMON         0x0603f7a8       0x3c c:/saturn/sbl/segalib/lib/libsat.a(spr_2c.o)
                0x0603f7a8                SpCmdChain
                0x0603f7ac                Sp2OpenFlag
                0x0603f7b0                SpCmdChainBlkNo
                0x0603f7b4                SpDrawPrtyBlk
                0x0603f7b8                SpLCoordX
                0x0603f7bc                SpCrCmdChain
                0x0603f7c0                SpCmdTbl
                0x0603f7c4                SpCharMax
                0x0603f7c8                SpDrawPrtyProcFlag
                0x0603f7cc                SpCmdNo
                0x0603f7d0                SpDrawPrtyBlkMax
                0x0603f7d4                SpCharTbl
                0x0603f7d8                SpCmdTblR
                0x0603f7dc                SpDrawPrtyTopCmdNo
                0x0603f7e0                SpLCoordY
 COMMON         0x0603f7e4      0xf10 c:/saturn/sbl/segalib/lib/libsat.a(scl_func.o)
                0x0603f7e4                SclRbgKtbAddr
                0x0603f7ec                SclRb
                0x0603f7ee                SclK_TableBuff
                0x060404c0                SclRotregBuff
                0x060405c0                SclAddrCsTbl
                0x060405c8                Scl_s_reg
                0x060405f0                SclRotateXy
                0x060405f8                Scl_d_reg
                0x06040640                SclRotateDisp
                0x06040648                SclRotateMoveZ
                0x06040650                SclRotXySw
                0x06040654                Scl_r_reg
                0x06040664                SclRPMD
                0x06040668                SclRbgKtbOffset
                0x06040670                SclRa
                0x06040674                SclRotateZ
                0x0604067c                SclAddrLsTbl
                0x06040684                SclK_TableNum
                0x0604068c                SclRotateTableAddress
                0x06040690                SclK_TableFlag
                0x06040694                Scl_w_reg
                0x060406b4                Scl_n_reg
 COMMON         0x060406f4      0x69e c:/saturn/sbl/segalib/lib/libsat.a(scl_pri.o)
                0x060406f4                SclAutoEndBlue2
                0x060406f6                SclColOffset
                0x06040708                SclPriBuffDirty
                0x0604070c                SclAutoEndRed
                0x06040710                SclAutoSurface
                0x06040714                SclAutoGreen
                0x06040716                SclAutoEndGreen
                0x06040718                SclAutoCount
                0x0604071c                SclColRamAlloc256
                0x0604073c                SclAutoCurRate
                0x0604073d                SclAutoPlusFlag
                0x0604073e                SclSpColMix
                0x06040748                SclAutoMax
                0x0604074c                SclLineColRamOffset
                0x06040750                SclColRamAlloc2048
                0x06040754                SclBgPriNum
                0x0604075a                SclAutoEndBlue
                0x0604075c                SclAutoEndGreen2
                0x0604075e                SclAutoVeFlag
                0x06040760                SclBgColMix
                0x06040768                SclAutoIndex
                0x0604076c                SclAutoEndRate
                0x0604076e                SclAutoBlue
                0x06040770                SclAutoRed
                0x06040774                SclAutoInterval
                0x06040778                SclOtherPri
                0x06040788                SclAutoRGB
                0x06040d88                SclAutoEndRed2
                0x06040d8a                SclSpPriNum
 *fill*         0x06040d92        0x2 
 COMMON         0x06040d94       0x10 c:/saturn/sbl/segalib/lib/libsat.a(scl_ro00.o)
                0x06040d94                SclCsx
                0x06040d9c                SclCsy
 COMMON         0x06040da4        0x4 c:/saturn/sbl/segalib/lib/libsat.a(scl_vblv.o)
                0x06040da4                frameChgFlag
 COMMON         0x06040da8        0xc c:/saturn/sbl/segalib/lib/libsat.a(cdc_sub.o)
                0x06040da8                cd_stat
 COMMON         0x06040db4       0x10 c:/saturn/sbl/segalib/lib/libsat.a(spr_1c.o)
                0x06040db4                SpScreenY
                0x06040db8                SpFbcrMode
                0x06040dba                SpDil
                0x06040dbc                SpDie
                0x06040dbe                SpTvMode
                0x06040dc0                SpScreenX
                0x06040dc4                _bss_end = .
                0x06040dd0                . = ALIGN (0x10)
 *fill*         0x06040dc4        0xc 
                0x06040dd0                _end = ABSOLUTE (.)

.stack          0x06040dd0     0x2000
 *(.stack)
 .stack         0x06040dd0     0x2000 stack.o
                0x06040dd0                PROG_STK
                0x06042dd0                _stack = .
OUTPUT(main.elf elf32-sh)

.debug_info     0x00000000    0x1cac3
 .debug_info    0x00000000      0xd8f vblank.o
 .debug_info    0x00000d8f      0x992 ball.o
 .debug_info    0x00001721      0x4c4 barrier.o
 .debug_info    0x00001be5      0x521 capsule.o
 .debug_info    0x00002106      0x87e cd.o
 .debug_info    0x00002984      0x887 circle.o
 .debug_info    0x0000320b      0x9cc crc.o
 .debug_info    0x00003bd7     0x10c3 cutscene.o
 .debug_info    0x00004c9a      0xcf3 devcart.o
 .debug_info    0x0000598d      0x216 enemy.o
 .debug_info    0x00005ba3      0x31c explosion.o
 .debug_info    0x00005ebf     0x2622 game.o
 .debug_info    0x000084e1     0x2963 intro.o
 .debug_info    0x0000ae44      0x46a laser.o
 .debug_info    0x0000b2ae      0xeec level.o
 .debug_info    0x0000c19a      0xf03 logo.o
 .debug_info    0x0000d09d     0x1be7 menu.o
 .debug_info    0x0000ec84     0x14c6 notice.o
 .debug_info    0x0001014a      0x75c pcmsys.o
 .debug_info    0x000108a6      0xc3c print.o
 .debug_info    0x000114e2     0x2143 scroll.o
 .debug_info    0x00013625     0x159c soon.o
 .debug_info    0x00014bc1      0x5b2 sound.o
 .debug_info    0x00015173     0x2004 sprite.o
 .debug_info    0x00017177     0x1903 main.o
 .debug_info    0x00018a7a      0x6e9 c:/saturn/gcc84/bin/../lib/gcc/sh-elf/8.4.0\libgcc.a(_mul_df.o)
 .debug_info    0x00019163      0x494 c:/saturn/gcc84/bin/../lib/gcc/sh-elf/8.4.0\libgcc.a(_si_to_df.o)
 .debug_info    0x000195f7      0x4ce c:/saturn/gcc84/bin/../lib/gcc/sh-elf/8.4.0\libgcc.a(_df_to_si.o)
 .debug_info    0x00019ac5      0x391 c:/saturn/gcc84/bin/../lib/gcc/sh-elf/8.4.0\libgcc.a(_thenan_df.o)
 .debug_info    0x00019e56      0x3da c:/saturn/gcc84/bin/../lib/gcc/sh-elf/8.4.0\libgcc.a(_clzsi2.o)
 .debug_info    0x0001a230      0x4d4 c:/saturn/gcc84/bin/../lib/gcc/sh-elf/8.4.0\libgcc.a(_pack_df.o)
 .debug_info    0x0001a704      0x45d c:/saturn/gcc84/bin/../lib/gcc/sh-elf/8.4.0\libgcc.a(_unpack_df.o)
 .debug_info    0x0001ab61      0x371 c:/saturn/gcc84/bin/../lib/gcc/sh-elf/8.4.0\libgcc.a(_clz.o)
 .debug_info    0x0001aed2      0x95d c:/saturn/gcc84/bin/../lib/gcc/sh-elf/8.4.0/../../../../sh-elf/lib\libc.a(lib_a-memcmp.o)
 .debug_info    0x0001b82f      0x934 c:/saturn/gcc84/bin/../lib/gcc/sh-elf/8.4.0/../../../../sh-elf/lib\libc.a(lib_a-strncmp.o)
 .debug_info    0x0001c163      0x960 c:/saturn/gcc84/bin/../lib/gcc/sh-elf/8.4.0/../../../../sh-elf/lib\libc.a(lib_a-strncpy.o)

.debug_abbrev   0x00000000     0x5a5d
 .debug_abbrev  0x00000000      0x1f7 vblank.o
 .debug_abbrev  0x000001f7      0x330 ball.o
 .debug_abbrev  0x00000527      0x1c4 barrier.o
 .debug_abbrev  0x000006eb      0x242 capsule.o
 .debug_abbrev  0x0000092d      0x232 cd.o
 .debug_abbrev  0x00000b5f      0x2a2 circle.o
 .debug_abbrev  0x00000e01      0x217 crc.o
 .debug_abbrev  0x00001018      0x32e cutscene.o
 .debug_abbrev  0x00001346      0x3bf devcart.o
 .debug_abbrev  0x00001705      0x122 enemy.o
 .debug_abbrev  0x00001827      0x1e7 explosion.o
 .debug_abbrev  0x00001a0e      0x481 game.o
 .debug_abbrev  0x00001e8f      0x4b8 intro.o
 .debug_abbrev  0x00002347      0x21b laser.o
 .debug_abbrev  0x00002562      0x37b level.o
 .debug_abbrev  0x000028dd      0x297 logo.o
 .debug_abbrev  0x00002b74      0x3ff menu.o
 .debug_abbrev  0x00002f73      0x312 notice.o
 .debug_abbrev  0x00003285      0x2f4 pcmsys.o
 .debug_abbrev  0x00003579      0x226 print.o
 .debug_abbrev  0x0000379f      0x391 scroll.o
 .debug_abbrev  0x00003b30      0x37b soon.o
 .debug_abbrev  0x00003eab      0x227 sound.o
 .debug_abbrev  0x000040d2      0x436 sprite.o
 .debug_abbrev  0x00004508      0x31c main.o
 .debug_abbrev  0x00004824      0x27c c:/saturn/gcc84/bin/../lib/gcc/sh-elf/8.4.0\libgcc.a(_mul_df.o)
 .debug_abbrev  0x00004aa0      0x1fb c:/saturn/gcc84/bin/../lib/gcc/sh-elf/8.4.0\libgcc.a(_si_to_df.o)
 .debug_abbrev  0x00004c9b      0x1bb c:/saturn/gcc84/bin/../lib/gcc/sh-elf/8.4.0\libgcc.a(_df_to_si.o)
 .debug_abbrev  0x00004e56      0x11c c:/saturn/gcc84/bin/../lib/gcc/sh-elf/8.4.0\libgcc.a(_thenan_df.o)
 .debug_abbrev  0x00004f72      0x118 c:/saturn/gcc84/bin/../lib/gcc/sh-elf/8.4.0\libgcc.a(_clzsi2.o)
 .debug_abbrev  0x0000508a      0x1cb c:/saturn/gcc84/bin/../lib/gcc/sh-elf/8.4.0\libgcc.a(_pack_df.o)
 .debug_abbrev  0x00005255      0x18b c:/saturn/gcc84/bin/../lib/gcc/sh-elf/8.4.0\libgcc.a(_unpack_df.o)
 .debug_abbrev  0x000053e0       0xcf c:/saturn/gcc84/bin/../lib/gcc/sh-elf/8.4.0\libgcc.a(_clz.o)
 .debug_abbrev  0x000054af      0x1e7 c:/saturn/gcc84/bin/../lib/gcc/sh-elf/8.4.0/../../../../sh-elf/lib\libc.a(lib_a-memcmp.o)
 .debug_abbrev  0x00005696      0x1cf c:/saturn/gcc84/bin/../lib/gcc/sh-elf/8.4.0/../../../../sh-elf/lib\libc.a(lib_a-strncmp.o)
 .debug_abbrev  0x00005865      0x1f8 c:/saturn/gcc84/bin/../lib/gcc/sh-elf/8.4.0/../../../../sh-elf/lib\libc.a(lib_a-strncpy.o)

.debug_aranges  0x00000000      0x470
 .debug_aranges
                0x00000000       0x20 vblank.o
 .debug_aranges
                0x00000020       0x20 ball.o
 .debug_aranges
                0x00000040       0x20 barrier.o
 .debug_aranges
                0x00000060       0x20 capsule.o
 .debug_aranges
                0x00000080       0x20 cd.o
 .debug_aranges
                0x000000a0       0x20 circle.o
 .debug_aranges
                0x000000c0       0x20 crc.o
 .debug_aranges
                0x000000e0       0x20 cutscene.o
 .debug_aranges
                0x00000100       0x20 devcart.o
 .debug_aranges
                0x00000120       0x20 enemy.o
 .debug_aranges
                0x00000140       0x20 explosion.o
 .debug_aranges
                0x00000160       0x20 game.o
 .debug_aranges
                0x00000180       0x20 intro.o
 .debug_aranges
                0x000001a0       0x20 laser.o
 .debug_aranges
                0x000001c0       0x20 level.o
 .debug_aranges
                0x000001e0       0x20 logo.o
 .debug_aranges
                0x00000200       0x20 menu.o
 .debug_aranges
                0x00000220       0x20 notice.o
 .debug_aranges
                0x00000240       0x20 pcmsys.o
 .debug_aranges
                0x00000260       0x20 print.o
 .debug_aranges
                0x00000280       0x20 scroll.o
 .debug_aranges
                0x000002a0       0x20 soon.o
 .debug_aranges
                0x000002c0       0x20 sound.o
 .debug_aranges
                0x000002e0       0x20 sprite.o
 .debug_aranges
                0x00000300       0x20 main.o
 .debug_aranges
                0x00000320       0x20 c:/saturn/gcc84/bin/../lib/gcc/sh-elf/8.4.0\libgcc.a(_mul_df.o)
 .debug_aranges
                0x00000340       0x20 c:/saturn/gcc84/bin/../lib/gcc/sh-elf/8.4.0\libgcc.a(_si_to_df.o)
 .debug_aranges
                0x00000360       0x20 c:/saturn/gcc84/bin/../lib/gcc/sh-elf/8.4.0\libgcc.a(_df_to_si.o)
 .debug_aranges
                0x00000380       0x18 c:/saturn/gcc84/bin/../lib/gcc/sh-elf/8.4.0\libgcc.a(_thenan_df.o)
 .debug_aranges
                0x00000398       0x20 c:/saturn/gcc84/bin/../lib/gcc/sh-elf/8.4.0\libgcc.a(_clzsi2.o)
 .debug_aranges
                0x000003b8       0x20 c:/saturn/gcc84/bin/../lib/gcc/sh-elf/8.4.0\libgcc.a(_pack_df.o)
 .debug_aranges
                0x000003d8       0x20 c:/saturn/gcc84/bin/../lib/gcc/sh-elf/8.4.0\libgcc.a(_unpack_df.o)
 .debug_aranges
                0x000003f8       0x18 c:/saturn/gcc84/bin/../lib/gcc/sh-elf/8.4.0\libgcc.a(_clz.o)
 .debug_aranges
                0x00000410       0x20 c:/saturn/gcc84/bin/../lib/gcc/sh-elf/8.4.0/../../../../sh-elf/lib\libc.a(lib_a-memcmp.o)
 .debug_aranges
                0x00000430       0x20 c:/saturn/gcc84/bin/../lib/gcc/sh-elf/8.4.0/../../../../sh-elf/lib\libc.a(lib_a-strncmp.o)
 .debug_aranges
                0x00000450       0x20 c:/saturn/gcc84/bin/../lib/gcc/sh-elf/8.4.0/../../../../sh-elf/lib\libc.a(lib_a-strncpy.o)

.debug_line     0x00000000     0x8cda
 .debug_line    0x00000000      0x185 vblank.o
 .debug_line    0x00000185      0x4d1 ball.o
 .debug_line    0x00000656      0x21b barrier.o
 .debug_line    0x00000871      0x203 capsule.o
 .debug_line    0x00000a74       0xfa cd.o
 .debug_line    0x00000b6e      0x4f2 circle.o
 .debug_line    0x00001060      0x111 crc.o
 .debug_line    0x00001171      0x4e9 cutscene.o
 .debug_line    0x0000165a      0x3c3 devcart.o
 .debug_line    0x00001a1d       0x80 enemy.o
 .debug_line    0x00001a9d      0x103 explosion.o
 .debug_line    0x00001ba0     0x139e game.o
 .debug_line    0x00002f3e      0xf0a intro.o
 .debug_line    0x00003e48      0x17e laser.o
 .debug_line    0x00003fc6      0x918 level.o
 .debug_line    0x000048de      0x3fe logo.o
 .debug_line    0x00004cdc      0xa99 menu.o
 .debug_line    0x00005775      0x262 notice.o
 .debug_line    0x000059d7      0x6d9 pcmsys.o
 .debug_line    0x000060b0      0x250 print.o
 .debug_line    0x00006300      0x6b3 scroll.o
 .debug_line    0x000069b3      0x218 soon.o
 .debug_line    0x00006bcb      0x248 sound.o
 .debug_line    0x00006e13      0x907 sprite.o
 .debug_line    0x0000771a      0x325 main.o
 .debug_line    0x00007a3f      0x358 c:/saturn/gcc84/bin/../lib/gcc/sh-elf/8.4.0\libgcc.a(_mul_df.o)
 .debug_line    0x00007d97      0x1a1 c:/saturn/gcc84/bin/../lib/gcc/sh-elf/8.4.0\libgcc.a(_si_to_df.o)
 .debug_line    0x00007f38      0x159 c:/saturn/gcc84/bin/../lib/gcc/sh-elf/8.4.0\libgcc.a(_df_to_si.o)
 .debug_line    0x00008091       0xb6 c:/saturn/gcc84/bin/../lib/gcc/sh-elf/8.4.0\libgcc.a(_thenan_df.o)
 .debug_line    0x00008147      0x14e c:/saturn/gcc84/bin/../lib/gcc/sh-elf/8.4.0\libgcc.a(_clzsi2.o)
 .debug_line    0x00008295      0x29e c:/saturn/gcc84/bin/../lib/gcc/sh-elf/8.4.0\libgcc.a(_pack_df.o)
 .debug_line    0x00008533      0x1ad c:/saturn/gcc84/bin/../lib/gcc/sh-elf/8.4.0\libgcc.a(_unpack_df.o)
 .debug_line    0x000086e0       0xf4 c:/saturn/gcc84/bin/../lib/gcc/sh-elf/8.4.0\libgcc.a(_clz.o)
 .debug_line    0x000087d4      0x1a0 c:/saturn/gcc84/bin/../lib/gcc/sh-elf/8.4.0/../../../../sh-elf/lib\libc.a(lib_a-memcmp.o)
 .debug_line    0x00008974      0x1ae c:/saturn/gcc84/bin/../lib/gcc/sh-elf/8.4.0/../../../../sh-elf/lib\libc.a(lib_a-strncmp.o)
 .debug_line    0x00008b22      0x1b8 c:/saturn/gcc84/bin/../lib/gcc/sh-elf/8.4.0/../../../../sh-elf/lib\libc.a(lib_a-strncpy.o)

.debug_str      0x00000000     0x3734
 .debug_str     0x00000000      0x8f6 vblank.o
                                0x96d (size before relaxing)
 .debug_str     0x000008f6      0x2ce ball.o
                                0x469 (size before relaxing)
 .debug_str     0x00000bc4       0x8d barrier.o
                                0x306 (size before relaxing)
 .debug_str     0x00000c51       0xc2 capsule.o
                                0x2af (size before relaxing)
 .debug_str     0x00000d13      0x24f cd.o
                                0x33b (size before relaxing)
 .debug_str     0x00000f62       0xef circle.o
                                0x3be (size before relaxing)
 .debug_str     0x00001051      0x423 crc.o
                                0x4f9 (size before relaxing)
 .debug_str     0x00001474      0x250 cutscene.o
                                0x9f5 (size before relaxing)
 .debug_str     0x000016c4       0xf0 devcart.o
                                0x664 (size before relaxing)
 .debug_str     0x000017b4       0x1d enemy.o
                                0x165 (size before relaxing)
 .debug_str     0x000017d1       0x54 explosion.o
                                0x1c7 (size before relaxing)
 .debug_str     0x00001825      0x60b game.o
                               0x1236 (size before relaxing)
 .debug_str     0x00001e30      0x3bd intro.o
                               0x12bd (size before relaxing)
 .debug_str     0x000021ed       0x20 laser.o
                                0x245 (size before relaxing)
 .debug_str     0x0000220d      0x1b3 level.o
                                0x50e (size before relaxing)
 .debug_str     0x000023c0       0xa1 logo.o
                                0xa18 (size before relaxing)
 .debug_str     0x00002461      0x1f2 menu.o
                                0xdf9 (size before relaxing)
 .debug_str     0x00002653       0x63 notice.o
                                0xc4a (size before relaxing)
 .debug_str     0x000026b6      0x13e pcmsys.o
                                0x2ea (size before relaxing)
 .debug_str     0x000027f4       0x3e print.o
                                0x87a (size before relaxing)
 .debug_str     0x00002832      0x235 scroll.o
                                0xf96 (size before relaxing)
 .debug_str     0x00002a67       0x72 soon.o
                                0xcf0 (size before relaxing)
 .debug_str     0x00002ad9       0xd4 sound.o
                                0x293 (size before relaxing)
 .debug_str     0x00002bad      0x23f sprite.o
                               0x1056 (size before relaxing)
 .debug_str     0x00002dec      0x192 main.o
                                0xfa6 (size before relaxing)
 .debug_str     0x00002f7e      0x547 c:/saturn/gcc84/bin/../lib/gcc/sh-elf/8.4.0\libgcc.a(_mul_df.o)
                                0x5fa (size before relaxing)
 .debug_str     0x000034c5       0x27 c:/saturn/gcc84/bin/../lib/gcc/sh-elf/8.4.0\libgcc.a(_si_to_df.o)
                                0x592 (size before relaxing)
 .debug_str     0x000034ec        0xa c:/saturn/gcc84/bin/../lib/gcc/sh-elf/8.4.0\libgcc.a(_df_to_si.o)
                                0x5af (size before relaxing)
 .debug_str     0x000034f6      0x545 c:/saturn/gcc84/bin/../lib/gcc/sh-elf/8.4.0\libgcc.a(_thenan_df.o)
 .debug_str     0x000034f6       0xaf c:/saturn/gcc84/bin/../lib/gcc/sh-elf/8.4.0\libgcc.a(_clzsi2.o)
                                0x555 (size before relaxing)
 .debug_str     0x000035a5        0x7 c:/saturn/gcc84/bin/../lib/gcc/sh-elf/8.4.0\libgcc.a(_pack_df.o)
                                0x5a3 (size before relaxing)
 .debug_str     0x000035ac      0x585 c:/saturn/gcc84/bin/../lib/gcc/sh-elf/8.4.0\libgcc.a(_unpack_df.o)
 .debug_str     0x000035ac      0x538 c:/saturn/gcc84/bin/../lib/gcc/sh-elf/8.4.0\libgcc.a(_clz.o)
 .debug_str     0x000035ac       0xdc c:/saturn/gcc84/bin/../lib/gcc/sh-elf/8.4.0/../../../../sh-elf/lib\libc.a(lib_a-memcmp.o)
                                0x536 (size before relaxing)
 .debug_str     0x00003688       0x4b c:/saturn/gcc84/bin/../lib/gcc/sh-elf/8.4.0/../../../../sh-elf/lib\libc.a(lib_a-strncmp.o)
                                0x538 (size before relaxing)
 .debug_str     0x000036d3       0x61 c:/saturn/gcc84/bin/../lib/gcc/sh-elf/8.4.0/../../../../sh-elf/lib\libc.a(lib_a-strncpy.o)
                                0x554 (size before relaxing)

.comment        0x00000000       0x11
 .comment       0x00000000       0x11 vblank.o
                                 0x12 (size before relaxing)
 .comment       0x00000011       0x12 ball.o
 .comment       0x00000011       0x12 barrier.o
 .comment       0x00000011       0x12 capsule.o
 .comment       0x00000011       0x12 cd.o
 .comment       0x00000011       0x12 circle.o
 .comment       0x00000011       0x12 crc.o
 .comment       0x00000011       0x12 cutscene.o
 .comment       0x00000011       0x12 devcart.o
 .comment       0x00000011       0x12 enemy.o
 .comment       0x00000011       0x12 explosion.o
 .comment       0x00000011       0x12 game.o
 .comment       0x00000011       0x12 intro.o
 .comment       0x00000011       0x12 laser.o
 .comment       0x00000011       0x12 level.o
 .comment       0x00000011       0x12 logo.o
 .comment       0x00000011       0x12 menu.o
 .comment       0x00000011       0x12 notice.o
 .comment       0x00000011       0x12 pcmsys.o
 .comment       0x00000011       0x12 print.o
 .comment       0x00000011       0x12 scroll.o
 .comment       0x00000011       0x12 soon.o
 .comment       0x00000011       0x12 sound.o
 .comment       0x00000011       0x12 sprite.o
 .comment       0x00000011       0x12 main.o
 .comment       0x00000011       0x12 c:/saturn/sbl/segalib/lib/libsat.a(cdc_cmn.o)
 .comment       0x00000011       0x12 c:/saturn/sbl/segalib/lib/libsat.a(cdc_drv.o)
 .comment       0x00000011       0x12 c:/saturn/sbl/segalib/lib/libsat.a(dma_cpu1.o)
 .comment       0x00000011       0x12 c:/saturn/sbl/segalib/lib/libsat.a(dma_cpu5.o)
 .comment       0x00000011       0x12 c:/saturn/sbl/segalib/lib/libsat.a(gfs.o)
 .comment       0x00000011       0x12 c:/saturn/sbl/segalib/lib/libsat.a(gfs_buf.o)
 .comment       0x00000011       0x12 c:/saturn/sbl/segalib/lib/libsat.a(gfs_cdb.o)
 .comment       0x00000011       0x12 c:/saturn/sbl/segalib/lib/libsat.a(gfs_cdc.o)
 .comment       0x00000011       0x12 c:/saturn/sbl/segalib/lib/libsat.a(gfs_cdf.o)
 .comment       0x00000011       0x12 c:/saturn/sbl/segalib/lib/libsat.a(gfs_dir.o)
 .comment       0x00000011       0x12 c:/saturn/sbl/segalib/lib/libsat.a(gfs_trn.o)
 .comment       0x00000011       0x12 c:/saturn/sbl/segalib/lib/libsat.a(mth_rand.o)
 .comment       0x00000011       0x12 c:/saturn/sbl/segalib/lib/libsat.a(per_prt.o)
 .comment       0x00000011       0x12 c:/saturn/sbl/segalib/lib/libsat.a(spr_2c.o)
 .comment       0x00000011       0x12 c:/saturn/sbl/segalib/lib/libsat.a(scl_func.o)
 .comment       0x00000011       0x12 c:/saturn/sbl/segalib/lib/libsat.a(scl_fu01.o)
 .comment       0x00000011       0x12 c:/saturn/sbl/segalib/lib/libsat.a(scl_fu02.o)
 .comment       0x00000011       0x12 c:/saturn/sbl/segalib/lib/libsat.a(scl_fu03.o)
 .comment       0x00000011       0x12 c:/saturn/sbl/segalib/lib/libsat.a(scl_fu04.o)
 .comment       0x00000011       0x12 c:/saturn/sbl/segalib/lib/libsat.a(scl_fu05.o)
 .comment       0x00000011       0x12 c:/saturn/sbl/segalib/lib/libsat.a(scl_pri.o)
 .comment       0x00000011       0x12 c:/saturn/sbl/segalib/lib/libsat.a(scl_ro00.o)
 .comment       0x00000011       0x12 c:/saturn/sbl/segalib/lib/libsat.a(scl_back.o)
 .comment       0x00000011       0x12 c:/saturn/sbl/segalib/lib/libsat.a(scl_vblv.o)
 .comment       0x00000011       0x12 c:/saturn/sbl/segalib/lib/libsat.a(scl_pr01.o)
 .comment       0x00000011       0x12 c:/saturn/sbl/segalib/lib/libsat.a(scl_pr02.o)
 .comment       0x00000011       0x12 c:/saturn/sbl/segalib/lib/libsat.a(scl_pr03.o)
 .comment       0x00000011       0x12 c:/saturn/sbl/segalib/lib/libsat.a(scl_pr05.o)
 .comment       0x00000011       0x12 c:/saturn/sbl/segalib/lib/libsat.a(scl_pr06.o)
 .comment       0x00000011       0x12 c:/saturn/sbl/segalib/lib/libsat.a(scl_pr07.o)
 .comment       0x00000011       0x12 c:/saturn/sbl/segalib/lib/libsat.a(scl_pr09.o)
 .comment       0x00000011       0x12 c:/saturn/sbl/segalib/lib/libsat.a(scl_pr10.o)
 .comment       0x00000011       0x12 c:/saturn/sbl/segalib/lib/libsat.a(scl_pr11.o)
 .comment       0x00000011       0x12 c:/saturn/sbl/segalib/lib/libsat.a(scl_pr12.o)
 .comment       0x00000011       0x12 c:/saturn/sbl/segalib/lib/libsat.a(cdc_reg.o)
 .comment       0x00000011       0x12 c:/saturn/sbl/segalib/lib/libsat.a(cdc_sub.o)
 .comment       0x00000011       0x12 c:/saturn/sbl/segalib/lib/libsat.a(cdc_dev.o)
 .comment       0x00000011       0x12 c:/saturn/sbl/segalib/lib/libsat.a(cdc_sel.o)
 .comment       0x00000011       0x12 c:/saturn/sbl/segalib/lib/libsat.a(cdc_bif.o)
 .comment       0x00000011       0x12 c:/saturn/sbl/segalib/lib/libsat.a(cdc_bio.o)
 .comment       0x00000011       0x12 c:/saturn/sbl/segalib/lib/libsat.a(cdc_cfs.o)
 .comment       0x00000011       0x12 c:/saturn/sbl/segalib/lib/libsat.a(csh_main.o)
 .comment       0x00000011       0x12 c:/saturn/sbl/segalib/lib/libsat.a(dma_cpu0.o)
 .comment       0x00000011       0x12 c:/saturn/sbl/segalib/lib/libsat.a(dma_scu0.o)
 .comment       0x00000011       0x12 c:/saturn/sbl/segalib/lib/libsat.a(spr_1c.o)
 .comment       0x00000011       0x12 c:/saturn/gcc84/bin/../lib/gcc/sh-elf/8.4.0\libgcc.a(_mul_df.o)
 .comment       0x00000011       0x12 c:/saturn/gcc84/bin/../lib/gcc/sh-elf/8.4.0\libgcc.a(_si_to_df.o)
 .comment       0x00000011       0x12 c:/saturn/gcc84/bin/../lib/gcc/sh-elf/8.4.0\libgcc.a(_df_to_si.o)
 .comment       0x00000011       0x12 c:/saturn/gcc84/bin/../lib/gcc/sh-elf/8.4.0\libgcc.a(_thenan_df.o)
 .comment       0x00000011       0x12 c:/saturn/gcc84/bin/../lib/gcc/sh-elf/8.4.0\libgcc.a(_clzsi2.o)
 .comment       0x00000011       0x12 c:/saturn/gcc84/bin/../lib/gcc/sh-elf/8.4.0\libgcc.a(_pack_df.o)
 .comment       0x00000011       0x12 c:/saturn/gcc84/bin/../lib/gcc/sh-elf/8.4.0\libgcc.a(_unpack_df.o)
 .comment       0x00000011       0x12 c:/saturn/gcc84/bin/../lib/gcc/sh-elf/8.4.0\libgcc.a(_clz.o)
 .comment       0x00000011       0x12 c:/saturn/gcc84/bin/../lib/gcc/sh-elf/8.4.0/../../../../sh-elf/lib\libc.a(lib_a-memcmp.o)
 .comment       0x00000011       0x12 c:/saturn/gcc84/bin/../lib/gcc/sh-elf/8.4.0/../../../../sh-elf/lib\libc.a(lib_a-strncmp.o)
 .comment       0x00000011       0x12 c:/saturn/gcc84/bin/../lib/gcc/sh-elf/8.4.0/../../../../sh-elf/lib\libc.a(lib_a-strncpy.o)

.debug_frame    0x00000000     0x179c
 .debug_frame   0x00000000       0x84 vblank.o
 .debug_frame   0x00000084      0x13c ball.o
 .debug_frame   0x000001c0       0xe0 barrier.o
 .debug_frame   0x000002a0       0xd4 capsule.o
 .debug_frame   0x00000374       0x54 cd.o
 .debug_frame   0x000003c8      0x158 circle.o
 .debug_frame   0x00000520       0x20 crc.o
 .debug_frame   0x00000540       0xc4 cutscene.o
 .debug_frame   0x00000604       0x84 devcart.o
 .debug_frame   0x00000688       0x30 enemy.o
 .debug_frame   0x000006b8       0x48 explosion.o
 .debug_frame   0x00000700      0x124 game.o
 .debug_frame   0x00000824       0x98 intro.o
 .debug_frame   0x000008bc       0xd0 laser.o
 .debug_frame   0x0000098c       0xcc level.o
 .debug_frame   0x00000a58       0xb0 logo.o
 .debug_frame   0x00000b08      0x148 menu.o
 .debug_frame   0x00000c50       0x68 notice.o
 .debug_frame   0x00000cb8      0x168 pcmsys.o
 .debug_frame   0x00000e20       0xc4 print.o
 .debug_frame   0x00000ee4      0x30c scroll.o
 .debug_frame   0x000011f0       0x90 soon.o
 .debug_frame   0x00001280       0x6c sound.o
 .debug_frame   0x000012ec      0x240 sprite.o
 .debug_frame   0x0000152c       0x4c main.o
 .debug_frame   0x00001578       0x98 c:/saturn/gcc84/bin/../lib/gcc/sh-elf/8.4.0\libgcc.a(_mul_df.o)
 .debug_frame   0x00001610       0x3c c:/saturn/gcc84/bin/../lib/gcc/sh-elf/8.4.0\libgcc.a(_si_to_df.o)