Archive member included because of file (symbol)

c:/saturn/sbl6/segalib/lib/sega_int.a(int.o)
                              vblank.o (INT_SetScuFunc)
c:/saturn/sbl6/segalib/lib/sega_int.a(int_trmp.o)
                              c:/saturn/sbl6/segalib/lib/sega_int.a(int.o) (__interrupt_handler0)
c:/saturn/sbl6/segalib/lib/sega_spr.a(spr_2c.o)
                              sprite.o (SPR_2Initial)
c:/saturn/sbl6/segalib/lib/sega_spr.a(spr_slv.o)
                              c:/saturn/sbl6/segalib/lib/sega_spr.a(spr_2c.o) (SPR_InitSlaveSH)
c:/saturn/sbl6/segalib/lib/sega_spr.a(spr_1c.o)
                              c:/saturn/sbl6/segalib/lib/sega_spr.a(spr_2c.o) (SPR_Initial)
c:/saturn/sbl6/segalib/lib/sega_spr.a(spr_2a.o)
                              c:/saturn/sbl6/segalib/lib/sega_spr.a(spr_2c.o) (SPR_2SetDrawPrty)
c:/saturn/sbl6/segalib/lib/sega_scl.a(scl_vblv.o)
                              c:/saturn/sbl6/segalib/lib/sega_spr.a(spr_1c.o) (SpFrameChgMode)
c:/saturn/sbl6/segalib/lib/sega_scl.a(scl_pr12.o)
                              game.o (SCL_SetColOffset)
c:/saturn/sbl6/segalib/lib/sega_scl.a(scl_pr07.o)
                              game.o (SCL_SetPriority)
c:/saturn/sbl6/segalib/lib/sega_scl.a(scl_pr02.o)
                              game.o (SCL_SetColRam)
c:/saturn/sbl6/segalib/lib/sega_scl.a(scl_pr11.o)
                              game.o (SCL_SetAutoColOffset)
c:/saturn/sbl6/segalib/lib/sega_scl.a(scl_pri.o)
                              c:/saturn/sbl6/segalib/lib/sega_scl.a(scl_pr11.o) (SclAutoVeFlag)
c:/saturn/sbl6/segalib/lib/sega_scl.a(scl_pr10.o)
                              intro.o (SCL_SetAutoColMix)
c:/saturn/sbl6/segalib/lib/sega_scl.a(scl_fu05.o)
                              intro.o (SCL_InitLineParamTb)
c:/saturn/sbl6/segalib/lib/sega_scl.a(scl_func.o)
                              c:/saturn/sbl6/segalib/lib/sega_scl.a(scl_fu05.o) (SclLengthLsTbl)
c:/saturn/sbl6/segalib/lib/sega_scl.a(scl_pr01.o)
                              scroll.o (SCL_SetSpriteMode)
c:/saturn/sbl6/segalib/lib/sega_scl.a(scl_fu01.o)
                              scroll.o (SCL_SetDisplayMode)
c:/saturn/sbl6/segalib/lib/sega_scl.a(scl_fu04.o)
                              scroll.o (SCL_SetCycleTable)
c:/saturn/sbl6/segalib/lib/sega_scl.a(scl_pr03.o)
                              scroll.o (SCL_AllocColRam)
c:/saturn/sbl6/segalib/lib/sega_scl.a(scl_back.o)
                              scroll.o (SCL_SetBack)
c:/saturn/sbl6/segalib/lib/sega_scl.a(scl_fu03.o)
                              scroll.o (SCL_InitConfigTb)
c:/saturn/sbl6/segalib/lib/sega_scl.a(scl_fu02.o)
                              scroll.o (SCL_InitVramConfigTb)
c:/saturn/sbl6/segalib/lib/sega_scl.a(scl_pr05.o)
                              c:/saturn/sbl6/segalib/lib/sega_scl.a(scl_pr02.o) (SCL_GetColRamOffset)
c:/saturn/sbl6/segalib/lib/sega_scl.a(scl_ro00.o)
                              c:/saturn/sbl6/segalib/lib/sega_scl.a(scl_func.o) (SCL_Rotate)
c:/saturn/sbl6/segalib/lib/sega_scl.a(scl_pr06.o)
                              c:/saturn/sbl6/segalib/lib/sega_scl.a(scl_pr03.o) (SCL_SetColRamOffset)
c:/saturn/sbl6/segalib/lib/sega_mth.a(mth_tri.o)
                              ball.o (MTH_Sin)
c:/saturn/sbl6/segalib/lib/sega_mth.a(mth_fixd.o)
                              ball.o (MTH_Mul)
c:/saturn/sbl6/segalib/lib/sega_mth.a(mth_rand.o)
                              main.o (MTH_InitialRand)
c:/saturn/sbl6/segalib/lib/sega_cdc.a(cdc_drv.o)
                              sound.o (CDC_CdPlay)
c:/saturn/sbl6/segalib/lib/sega_cdc.a(cdc_cmn.o)
                              main.o (CDC_GetPeriStat)
c:/saturn/sbl6/segalib/lib/sega_cdc.a(cdc_sub.o)
                              c:/saturn/sbl6/segalib/lib/sega_cdc.a(cdc_cmn.o) (CDSUB_UpdStatus)
c:/saturn/sbl6/segalib/lib/sega_cdc.a(cdc_reg.o)
                              c:/saturn/sbl6/segalib/lib/sega_cdc.a(cdc_cmn.o) (CDREG_ClrHirqReq)
c:/saturn/sbl6/segalib/lib/sega_per.a(per_prt.o)
                              smpclib/per_x2.o (PER_LInit)
c:/saturn/sbl6/segalib/lib/sega_sat.a(gfs.o)
                              cd.o (GFS_Init)
c:/saturn/sbl6/segalib/lib/sega_sat.a(DMA_CPU1.o)
                              game.o (DMA_CpuMemCopy1)
c:/saturn/sbl6/segalib/lib/sega_sat.a(DMA_CPU2.o)
                              intro.o (DMA_CpuMemCopy2)
c:/saturn/sbl6/segalib/lib/sega_sat.a(DMA_SCU1.o)
                              c:/saturn/sbl6/segalib/lib/sega_spr.a(spr_2c.o) (DMA_ScuMemCopy)
c:/saturn/sbl6/segalib/lib/sega_sat.a(gfs_cdf.o)
                              c:/saturn/sbl6/segalib/lib/sega_sat.a(gfs.o) (GFCF_Init)
c:/saturn/sbl6/segalib/lib/sega_sat.a(gfs_dir.o)
                              c:/saturn/sbl6/segalib/lib/sega_sat.a(gfs.o) (GFDR_SetupDirTbl)
c:/saturn/sbl6/segalib/lib/sega_sat.a(gfs_trn.o)
                              c:/saturn/sbl6/segalib/lib/sega_sat.a(gfs.o) (GFTR_Setup)
c:/saturn/sbl6/segalib/lib/sega_sat.a(gfs_buf.o)
[...]
Memory Configuration

Name             Origin             Length             Attributes
*default*        0x00000000         0xffffffff

Linker script and memory map

LOAD c:/saturn/sbl6/segasmp/lib/strt1_g.o
LOAD c:/saturn/sbl6/segasmp/lib/strt2_g.o
LOAD vblank.o
LOAD smpclib/per_x1.o
LOAD smpclib/per_x2.o
LOAD smpclib/per_x3.o
LOAD spritecode/explosion.o
LOAD ball.o
LOAD capsule.o
LOAD cd.o
LOAD crc.o
LOAD devcart.o
LOAD game.o
LOAD graphics.o
LOAD intro.o
LOAD laser.o
LOAD level.o
LOAD logo.o
LOAD menu.o
LOAD pcmsys.o
LOAD print.o
LOAD scroll.o
LOAD sound.o
LOAD sprite.o
LOAD main.o
LOAD c:/saturn/sbl6/segalib/lib/sega_int.a
LOAD c:/saturn/sbl6/segalib/lib/sega_spr.a
LOAD c:/saturn/sbl6/segalib/lib/sega_scl.a
LOAD c:/saturn/sbl6/segalib/lib/sega_mth.a
LOAD c:/saturn/sbl6/segalib/lib/sega_cdc.a
LOAD c:/saturn/sbl6/segalib/lib/sega_adp.a
LOAD c:/saturn/sbl6/segalib/lib/sega_per.a
LOAD c:/saturn/sbl6/segalib/lib/sega_sat.a
LOAD c:/saturn/SH_COFF/sh-coff/bin/../lib/gcc/sh-coff/3.4-GNUSH_v0501\libgcc.a
LOAD c:/saturn/SH_COFF/sh-coff/bin/../lib/gcc/sh-coff/3.4-GNUSH_v0501/../../../../sh-coff/lib\libc.a
LOAD c:/saturn/SH_COFF/sh-coff/bin/../lib/gcc/sh-coff/3.4-GNUSH_v0501\libgcc.a

.text           0x06010000    0x18170
 *(.text)
 .text          0x06010000       0x30 c:/saturn/sbl6/segasmp/lib/strt1_g.o
                0x06010024                _D_END
                0x06010020                _D_BGN
                0x0601002c                _B_END
                0x06010028                _B_BGN
                0x06010000                START
 .text          0x06010030       0x60 c:/saturn/sbl6/segasmp/lib/strt2_g.o
                0x06010050                _INITSCT
                0x06010030                _INIT
 .text          0x06010090      0x1d0 vblank.o
                0x06010090                SetVblank
                0x06010110                UsrVblankOut
                0x060100f0                UsrVblankIn
 .text          0x06010260      0x240 smpclib/per_x1.o
                0x06010440                PER_GetAnalogXYZ
                0x06010280                PER_GetTriggerHandler
                0x060103d0                PER_GetEdge
                0x06010390                PER_GetTrigger
                0x060103e0                PER_GetPressEdge
                0x06010410                PER_GetReleaseEdge
                0x06010260                PER_SetTriggerHandler
 .text          0x060104a0      0x180 smpclib/per_x2.o
                0x06010580                PER_GetDeviceA
                0x060104a0                PER_OpenPort
                0x060104d0                PER_GetPort
                0x060105c0                PER_GetDeviceR
 .text          0x06010620       0x20 smpclib/per_x3.o
                0x06010620                PER_DisguiseTrigger
 .text          0x06010640       0xb0 spritecode/explosion.o
                0x060106a0                explosion_move
                0x06010640                explosion_make
 .text          0x060106f0      0x440 ball.o
                0x060108b0                ball_move
                0x06010820                ball_remove
                0x06010710                ball_add
                0x06010870                ball_bounce
                0x060106f0                ball_init
 .text          0x06010b30      0x200 capsule.o
                0x06010be0                capsule_run
                0x06010b50                capsule_add
                0x06010b90                capsule_remove
                0x06010b30                capsule_init
 .text          0x06010d30      0x120 cd.o
                0x06010dd0                cd_load_nosize
                0x06010d30                cd_init
                0x06010d60                cd_load
 .text          0x06010e50      0x140 crc.o
                0x06010f50                crc_update
 .text          0x06010f90      0x1c0 devcart.o
                0x06011110                devcart_reset
                0x06011000                devcart_loadfile
                0x06011100                devcart_printstr
 .text          0x06011150     0x1350 game.o
                0x06011250                game_incpowerup
                0x06011380                game_run
                0x06011310                game_loss
                0x06011280                game_powerupreset
 .text          0x060124a0      0xe10 intro.o
                0x060124a0                intro_run
 .text          0x060132b0      0x140 laser.o
                0x060132d0                laser_add
                0x06013310                laser_remove
                0x060132b0                laser_init
                0x06013350                laser_move
 .text          0x060133f0      0x670 level.o
                0x06013650                level_disp
                0x060133f0                level_load
 .text          0x06013a60      0x370 logo.o
                0x06013ac0                logo_run
                0x06013a60                logo_loadframe
 .text          0x06013dd0      0xbd0 menu.o
                0x06014100                menu_run
                0x06013fb0                sqrt32
 .text          0x060149a0      0x8c0 pcmsys.o
                0x06015060                load_8bit_pcm
                0x06014dc0                smpc_issue_command
                0x06014e60                load_drv
                0x060151f0                pcm_parameter_change
                0x06014da0                smpc_wait_till_ready
                0x06014de0                load_driver_binary
                0x060151b0                pcm_play
                0x06015220                pcm_cease
                0x06014eb0                calculate_bytes_per_blank
                0x06014f00                load_16bit_pcm
 .text          0x06015260      0x230 print.o
                0x060153f0                print_display
                0x06015340                print_num
                0x06015260                print_load
                0x06015310                print_init
                0x06015390                print_string
 .text          0x06015490      0x560 scroll.o
                0x06015490                scroll_lores
                0x060158b0                scroll_move
                0x06015900                scroll_clearmaps
                0x06015860                scroll_set
                0x06015950                scroll_charsize
                0x060159a0                scroll_mapsize
                0x06015500                scroll_hires
                0x06015650                scroll_init
                0x06015570                scroll_scale
 .text          0x060159f0      0x1a0 sound.o
                0x06015b70                sound_play
                0x06015a20                sound_init
                0x06015b10                sound_cdda
 .text          0x06015b90      0x5f0 sprite.o
                0x06015bc0                sprite_init
                0x06015fb0                sprite_make
                0x060160f0                sprite_next
                0x06015c70                sprite_erase
                0x06016150                sprite_delete
                0x06016000                sprite_draw_all
                0x06015b90                sprite_deleteall
                0x06015cd0                sprite_startdraw
                0x06015d50                sprite_draw
 .text          0x06016180      0x210 main.o
                0x06016180                main
 .text          0x06016390       0x40 c:/saturn/sbl6/segalib/lib/sega_int.a(int.o)
                0x060163bc                INT_GetScuFunc
                0x06016390                INT_SetScuFunc
 .text          0x060163d0      0x624 c:/saturn/sbl6/segalib/lib/sega_int.a(int_trmp.o)
                0x06016538                __interrupt_handler60
                0x060166e8                __interrupt_handler132
                0x0601689e                __interrupt_handler205
                0x06016706                __interrupt_handler137
                0x06016634                __interrupt_handler102
                0x06016472                __interrupt_handler27
                0x06016874                __interrupt_handler198
                0x06016766                __interrupt_handler153
                0x0601644e                __interrupt_handler21
                0x0601655c                __interrupt_handler66
                0x0601664c                __interrupt_handler106
                0x06016796                __interrupt_handler161
                0x060165e0                __interrupt_handler88
                0x060167ae                __interrupt_handler165
                0x060166be                __interrupt_handler125
                0x060163f4                __interrupt_handler6
                0x06016490                __interrupt_handler32
                0x0601684a                __interrupt_handler191
                0x06016964                __interrupt_handler238
                0x0601697c                __interrupt_handler242
                0x06016784                __interrupt_handler158
                0x060165ec                __interrupt_handler90
                0x060167a8                __interrupt_handler164
                0x060164cc                __interrupt_handler42
                0x0601680e                __interrupt_handler181
                0x06016916                __interrupt_handler225
                0x060169be                __interrupt_handler253
                0x060167d2                __interrupt_handler171
                0x0601658c                __interrupt_handler74
                0x060163e2                __interrupt_handler3
                0x06016526                __interrupt_handler57
                0x06016424                __interrupt_handler14
                0x060168bc                __interrupt_handler210
                0x060168ec                __interrupt_handler218
                0x060168b0                __interrupt_handler208
                0x060164b4                __interrupt_handler38
                0x060163d0                __interrupt_handler0
                0x06016640                __interrupt_handler104
                0x0601677e                __interrupt_handler157
                0x060168ce                __interrupt_handler213
                0x060167c0                __interrupt_handler168
                0x060165ce                __interrupt_handler85
                0x0601666a                __interrupt_handler111
                0x0601667c                __interrupt_handler114
                0x060164ea                __interrupt_handler47
                0x06016940                __interrupt_handler232
                0x0601690a                __interrupt_handler223
                0x0601695e                __interrupt_handler237
                0x0601654a                __interrupt_handler63
                0x060164d8                __interrupt_handler44
                0x060167ea                __interrupt_handler175
                0x06016814                __interrupt_handler182
                0x0601682c                __interrupt_handler186
                0x0601672a                __interrupt_handler143
                0x06016652                __interrupt_handler107
                0x060166b8                __interrupt_handler124
                0x060167d8                __interrupt_handler172
                0x0601698e                __interrupt_handler245
                0x0601660a                __interrupt_handler95
                0x060166e2                __interrupt_handler131
                0x060166f4                __interrupt_handler134
                0x06016712                __interrupt_handler139
                0x06016580                __interrupt_handler72
                0x0601693a                __interrupt_handler231
                0x06016790                __interrupt_handler160
                0x060166d6                __interrupt_handler129
                0x06016448                __interrupt_handler20
                0x06016556                __interrupt_handler65
                0x06016520                __interrupt_handler56
                0x0601641e                __interrupt_handler13
                0x060168b6                __interrupt_handler209
                0x06016670                __interrupt_handler112
                0x06016442                __interrupt_handler19
                0x060165fe                __interrupt_handler93
                0x06016868                __interrupt_handler196
                0x0601675a                __interrupt_handler151
                0x060167ba                __interrupt_handler167
                0x060169d0                __trampoline
                0x06016436                __interrupt_handler17
                0x06016928                __interrupt_handler228
                0x060169ca                __interrupt_handler255
                0x06016988                __interrupt_handler244
                0x06016622                __interrupt_handler99
                0x0601681a                __interrupt_handler183
                0x06016718                __interrupt_handler140
                0x0601683e                __interrupt_handler189
                0x0601673c                __interrupt_handler146
                0x06016904                __interrupt_handler222
                0x06016778                __interrupt_handler156
                0x060166ac                __interrupt_handler122
                0x060169a0                __interrupt_handler248
                0x060164f0                __interrupt_handler48
                0x0601656e                __interrupt_handler69
                0x06016460                __interrupt_handler24
                0x060165e6                __interrupt_handler89
                0x060168da                __interrupt_handler215
                0x060169c4                __interrupt_handler254
                0x060165da                __interrupt_handler87
                0x0601653e                __interrupt_handler61
                0x06016862                __interrupt_handler195
                0x06016754                __interrupt_handler150
                0x060164c6                __interrupt_handler41
                0x06016664                __interrupt_handler110
                0x060166ca                __interrupt_handler127
                0x06016658                __interrupt_handler108
                0x06016676                __interrupt_handler113
                0x06016688                __interrupt_handler116
                0x060166a6                __interrupt_handler121
                0x0601659e                __interrupt_handler77
                0x060164ba                __interrupt_handler39
                0x060164d2                __interrupt_handler43
                0x060169a6                __interrupt_handler249
                0x060167e4                __interrupt_handler174
                0x06016700                __interrupt_handler136
                0x06016838                __interrupt_handler188
                0x06016736                __interrupt_handler145
                0x06016406                __interrupt_handler9
                0x060165aa                __interrupt_handler79
                0x06016922                __interrupt_handler227
                0x0601649c                __interrupt_handler34
                0x060166dc                __interrupt_handler130
                0x0601699a                __interrupt_handler247
                0x06016592                __interrupt_handler75
                0x060167de                __interrupt_handler173
                0x0601650e                __interrupt_handler53
                0x0601674e                __interrupt_handler149
                0x060169b2                __interrupt_handler251
                0x06016946                __interrupt_handler233
                0x0601640c                __interrupt_handler10
                0x06016898                __interrupt_handler204
                0x060165bc                __interrupt_handler82
                0x060165c2                __interrupt_handler83
                0x06016466                __interrupt_handler25
                0x06016982                __interrupt_handler243
                0x0601679c                __interrupt_handler162
                0x060164e4                __interrupt_handler46
                0x060167fc                __interrupt_handler178
                0x060165b0                __interrupt_handler80
                0x06016544                __interrupt_handler62
                0x060163dc                __interrupt_handler2
                0x0601647e                __interrupt_handler29
                0x06016574                __interrupt_handler70
                0x0601665e                __interrupt_handler109
                0x06016748                __interrupt_handler148
                0x06016604                __interrupt_handler94
                0x06016910                __interrupt_handler224
                0x0601663a                __interrupt_handler103
                0x060164a8                __interrupt_handler36
                0x060166c4                __interrupt_handler126
                0x06016994                __interrupt_handler246
                0x0601651a                __interrupt_handler55
                0x06016418                __interrupt_handler12
                0x06016508                __interrupt_handler52
                0x06016832                __interrupt_handler187
                0x06016730                __interrupt_handler144
                0x0601668e                __interrupt_handler117
                0x0601643c                __interrupt_handler18
                0x0601686e                __interrupt_handler197
                0x06016760                __interrupt_handler152
                0x06016694                __interrupt_handler118
                0x060167cc                __interrupt_handler170
                0x06016886                __interrupt_handler201
                0x06016616                __interrupt_handler97
                0x060167a2                __interrupt_handler163
                0x06016808                __interrupt_handler180
                0x06016850                __interrupt_handler192
                0x06016970                __interrupt_handler240
                0x060166b2                __interrupt_handler123
                0x060168d4                __interrupt_handler214
                0x0601648a                __interrupt_handler31
                0x06016478                __interrupt_handler28
                0x06016562                __interrupt_handler67
                0x06016568                __interrupt_handler68
                0x06016454                __interrupt_handler22
                0x0601645a                __interrupt_handler23
                0x060167f0                __interrupt_handler176
                0x060163fa                __interrupt_handler7
                0x060168fe                __interrupt_handler221
                0x060168e6                __interrupt_handler217
                0x0601692e                __interrupt_handler229
                0x060164f6                __interrupt_handler49
                0x060163e8                __interrupt_handler4
                0x060164c0                __interrupt_handler40
                0x06016682                __interrupt_handler115
                0x06016952                __interrupt_handler235
                0x060165f2                __interrupt_handler91
                0x060168a4                __interrupt_handler206
                0x060167f6                __interrupt_handler177
                0x06016742                __interrupt_handler147
                0x060164ae                __interrupt_handler37
                0x060169ac                __interrupt_handler250
                0x060163d6                __interrupt_handler1
                0x060168f2                __interrupt_handler219
                0x06016598                __interrupt_handler76
                0x06016628                __interrupt_handler100
                0x0601652c                __interrupt_handler58
                0x0601642a                __interrupt_handler15
                0x060168c8                __interrupt_handler212
                0x06016976                __interrupt_handler241
                0x0601688c                __interrupt_handler202
                0x06016856                __interrupt_handler193
                0x060165a4                __interrupt_handler78
                0x060164fc                __interrupt_handler50
                0x06016496                __interrupt_handler33
                0x060167b4                __interrupt_handler166
                0x0601670c                __interrupt_handler138
                0x060166fa                __interrupt_handler135
                0x06016484                __interrupt_handler30
                0x06016820                __interrupt_handler184
                0x0601671e                __interrupt_handler141
                0x06016934                __interrupt_handler230
                0x06016958                __interrupt_handler236
                0x0601669a                __interrupt_handler119
                0x060165d4                __interrupt_handler86
                0x06016646                __interrupt_handler105
                0x060165b6                __interrupt_handler81
                0x060166a0                __interrupt_handler120
                0x060166d0                __interrupt_handler128
                0x06016514                __interrupt_handler54
                0x06016412                __interrupt_handler11
                0x0601687a                __interrupt_handler199
                0x0601676c                __interrupt_handler154
                0x060164de                __interrupt_handler45
                0x060168e0                __interrupt_handler216
                0x06016892                __interrupt_handler203
                0x0601662e                __interrupt_handler101
                0x060165c8                __interrupt_handler84
                0x06016826                __interrupt_handler185
                0x06016724                __interrupt_handler142
                0x0601646c                __interrupt_handler26
                0x06016550                __interrupt_handler64
                0x06016880                __interrupt_handler200
                0x060168aa                __interrupt_handler207
                0x0601685c                __interrupt_handler194
                0x060165f8                __interrupt_handler92
                0x06016772                __interrupt_handler155
                0x060168c2                __interrupt_handler211
                0x060166ee                __interrupt_handler133
                0x060163ee                __interrupt_handler5
                0x06016586                __interrupt_handler73
                0x06016430                __interrupt_handler16
                0x0601696a                __interrupt_handler239
                0x0601694c                __interrupt_handler234
                0x060164a2                __interrupt_handler35
                0x06016532                __interrupt_handler59
                0x060167c6                __interrupt_handler169
                0x0601661c                __interrupt_handler98
                0x0601657a                __interrupt_handler71
                0x06016502                __interrupt_handler51
                0x0601678a                __interrupt_handler159
                0x0601691c                __interrupt_handler226
                0x06016610                __interrupt_handler96
                0x06016844                __interrupt_handler190
                0x060168f8                __interrupt_handler220
                0x06016400                __interrupt_handler8
                0x06016802                __interrupt_handler179
                0x060169b8                __interrupt_handler252
 *fill*         0x060169f4        0xc 00
 .text          0x06016a00     0x12a0 c:/saturn/sbl6/segalib/lib/sega_spr.a(spr_2c.o)
                0x06017c60                SlaveFlushDrawPrtyBlock
                0x06016a00                SPR_2Initial
                0x06017244                SPR_2SysClip
                0x060171e4                SPR_2LocalCoord
                0x06017adc                SPR_2FlushDrawPrtyBlock
                0x060177c8                SPR_2DistSpr
                0x060171cc                SPR_2FlushDrawPrty
                0x060178ec                SPR_2Cmd
                0x06016ec8                SPR_2GourTblNoToVram
                0x06016f28                SPR_2GetAreaSizeInfo
                0x06016c90                SPR_2SetGourTbl
                0x0601747c                SPR_2Polygon
                0x06016f04                SPR_2CharNoToVram
                0x06016c10                SPR_2SetTvMode
                0x0601706c                SPR_2CloseCommand
                0x06016c4c                SPR_2FrameEraseData
                0x06016a28                SPR_2Initial2
                0x0601765c                SPR_2ScaleSpr
                0x060172ec                SPR_2Line
                0x06016fb8                SPR_2OpenCommand
                0x06016c2c                SPR_2FrameChgIntr
                0x06017538                SPR_2NormSpr
                0x06016cc0                SPR_2SetLookupTbl
                0x06016cf4                SPR_2SetChar
                0x06016eec                SPR_2LookupTblNoToVram
                0x060173c0                SPR_2PolyLine
                0x06016e60                SPR_2ClrAllChar
                0x06016e14                SPR_2ClrChar
                0x06017290                SPR_2UserClip
 .text          0x06017ca0      0x1e6 c:/saturn/sbl6/segalib/lib/sega_spr.a(spr_slv.o)
                0x06017e04                SPR_WaitEndSlaveSH
                0x06017ca0                SPR_SMPC_SSHON
                0x06017de0                SPR_RunSlaveSH
                0x06017ca4                SPR_InitSlaveSH
                0x06017d6c                SPR_SlaveSHmain
                0x06017ca1                SPR_SMPC_SSHOFF
 *fill*         0x06017e86        0xa 00
 .text          0x06017e90      0x36a c:/saturn/sbl6/segalib/lib/sega_spr.a(spr_1c.o)
                0x06018144                SPR_WaitDrawEnd
                0x0601815c                SPR_SetEosMode
                0x06018074                SPR_SetEraseData
                0x06017e90                SPR_Initial
                0x06017f68                SPR_SetTvMode
                0x06018000                SPR_GetStatus
 *fill*         0x060181fa        0x6 00
 .text          0x06018200      0x244 c:/saturn/sbl6/segalib/lib/sega_spr.a(spr_2a.o)
                0x06018212                sprMemCpyW
                0x06018270                flushDrawPrtyBlock
                0x06018200                sprMemCpyL
                0x06018224                SPR_2SetDrawPrty
 *fill*         0x06018444        0xc 00
 .text          0x06018450      0x2fc c:/saturn/sbl6/segalib/lib/sega_scl.a(scl_vblv.o)
                0x0601850c                SCL_DisplayFrame
                0x06018450                SCL_SetFrameInterval
                0x06018540                SCL_VblInit
                0x06018590                SCL_VblankStart
                0x060185d4                SCL_VblankEnd
 *fill*         0x0601874c        0x4 00
 .text          0x06018750      0x1f4 c:/saturn/sbl6/segalib/lib/sega_scl.a(scl_pr12.o)
                0x06018750                SCL_SetColOffset
 *fill*         0x06018944        0xc 00
 .text          0x06018950      0x214 c:/saturn/sbl6/segalib/lib/sega_scl.a(scl_pr07.o)
                0x06018950                SCL_SetPriority
 *fill*         0x06018b64        0xc 00
 .text          0x06018b70       0x9c c:/saturn/sbl6/segalib/lib/sega_scl.a(scl_pr02.o)
                0x06018b70                SCL_SetColRam
 *fill*         0x06018c0c        0x4 00
 .text          0x06018c10      0x180 c:/saturn/sbl6/segalib/lib/sega_scl.a(scl_pr11.o)
                0x06018c10                SCL_SetAutoColOffset
 .text          0x06018d90     0x10a4 c:/saturn/sbl6/segalib/lib/sega_scl.a(scl_pri.o)
                0x06018e24                SCL_AbortAutoVe
                0x06019cd4                SCL_SetShadowBit
                0x0601929c                SCL_AutoExec
                0x06018d90                SCL_PriorityInit
                0x060197b0                SCL_IncColOffset
                0x06018e38                SCL_SetColMixRate
                0x06018e08                SCL_GetColRamMode
 *fill*         0x06019e34        0xc 00
 .text          0x06019e40       0x98 c:/saturn/sbl6/segalib/lib/sega_scl.a(scl_pr10.o)
                0x06019e40                SCL_SetAutoColMix
 *fill*         0x06019ed8        0x8 00
 .text          0x06019ee0      0x278 c:/saturn/sbl6/segalib/lib/sega_scl.a(scl_fu05.o)
                0x06019f9c                SCL_SetLineParam
                0x06019ee8                SCL_InitLineParamTb
 *fill*         0x0601a158        0x8 00
 .text          0x0601a160      0xb9c c:/saturn/sbl6/segalib/lib/sega_scl.a(scl_func.o)
                0x0601ab3c                SCL_Vdp2_SGLInit
                0x0601aa4c                SCL_PriIntProc
                0x0601a9c4                SCL_Memcpyw
                0x0601acdc                SCL_SglOff
                0x0601acbc                SCL_SglOn
                0x0601a930                SCL_ScrollShow
                0x0601a3d8                SCL_Close
                0x0601a6d0                SCL_Scale
                0x0601a160                SCL_Vdp2Init
                0x0601a544                SCL_Move
                0x0601a80c                SCL_CopyReg
                0x0601a3b4                SCL_Open
                0x0601a1e4                SCL_ParametersInit
                0x0601a3f4                SCL_MoveTo
                0x0601a9ec                SCL_SetColRamMode
 *fill*         0x0601acfc        0x4 00
 .text          0x0601ad00       0x58 c:/saturn/sbl6/segalib/lib/sega_scl.a(scl_pr01.o)
                0x0601ad00                SCL_SetSpriteMode
 *fill*         0x0601ad58        0x8 00
 .text          0x0601ad60      0x1ec c:/saturn/sbl6/segalib/lib/sega_scl.a(scl_fu01.o)
                0x0601ad60                SCL_SetDisplayMode
 *fill*         0x0601af4c        0x4 00
 .text          0x0601af50       0x28 c:/saturn/sbl6/segalib/lib/sega_scl.a(scl_fu04.o)
                0x0601af50                SCL_SetCycleTable
 *fill*         0x0601af78        0x8 00
 .text          0x0601af80      0x138 c:/saturn/sbl6/segalib/lib/sega_scl.a(scl_pr03.o)
                0x0601af80                SCL_FreeColRam
                0x0601afb8                SCL_AllocColRam
 *fill*         0x0601b0b8        0x8 00
 .text          0x0601b0c0       0x84 c:/saturn/sbl6/segalib/lib/sega_scl.a(scl_back.o)
                0x0601b0c0                SCL_SetBack
 *fill*         0x0601b144        0xc 00
 .text          0x0601b150      0x94c c:/saturn/sbl6/segalib/lib/sega_scl.a(scl_fu03.o)
                0x0601b1ac                SCL_SetConfig
                0x0601b150                SCL_InitConfigTb
 *fill*         0x0601ba9c        0x4 00
 .text          0x0601baa0      0x4f4 c:/saturn/sbl6/segalib/lib/sega_scl.a(scl_fu02.o)
                0x0601bad8                SCL_SetVramConfig
                0x0601baa0                SCL_InitVramConfigTb
 *fill*         0x0601bf94        0xc 00
 .text          0x0601bfa0       0xac c:/saturn/sbl6/segalib/lib/sega_scl.a(scl_pr05.o)
                0x0601bfa0                SCL_GetColRamOffset
 *fill*         0x0601c04c        0x4 00
 .text          0x0601c050     0x1394 c:/saturn/sbl6/segalib/lib/sega_scl.a(scl_ro00.o)
                0x0601d23c                SCL_RotateZD
                0x0601c504                SCL_Rotate
                0x0601c1d8                SCL_InitRotateTable
 *fill*         0x0601d3e4        0xc 00
 .text          0x0601d3f0      0x1b4 c:/saturn/sbl6/segalib/lib/sega_scl.a(scl_pr06.o)
                0x0601d3f0                SCL_SetColRamOffset
 *fill*         0x0601d5a4        0xc 00
 .text          0x0601d5b0      0x600 c:/saturn/sbl6/segalib/lib/sega_mth.a(mth_tri.o)
                0x0601d64c                fcos
                0x0601d652                fsin
                0x0601d5fc                MTH_Cos
                0x0601d5b0                MTH_Sin
                0x0601d7f0                MTH_Atan
 .text          0x0601dbb0       0xa4 c:/saturn/sbl6/segalib/lib/sega_mth.a(mth_fixd.o)
                0x0601dc00                MTH_FixedToInt
                0x0601dbf0                MTH_IntToFixed
                0x0601dbb0                MTH_Mul
                0x0601dc10                MTH_Product
                0x0601dbd0                MTH_Div
 *fill*         0x0601dc54        0xc 00
 .text          0x0601dc60       0x30 c:/saturn/sbl6/segalib/lib/sega_mth.a(mth_rand.o)
                0x0601dc70                MTH_GetRand
                0x0601dc60                MTH_InitialRand
 .text          0x0601dc90      0x130 c:/saturn/sbl6/segalib/lib/sega_cdc.a(cdc_drv.o)
                0x0601dc90                CDC_CdPlay
                0x0601dd5c                CDC_CdSeek
                0x0601dd90                CDC_CdScan
 .text          0x0601ddc0      0x3a0 c:/saturn/sbl6/segalib/lib/sega_cdc.a(cdc_cmn.o)
                0x0601df64                CDC_TgetToc
                0x0601e108                CDC_DataEnd
                0x0601de28                CDC_GetPeriStat
                0x0601e09c                CDC_DataReady
                0x0601e074                CDC_CdOpen
                0x0601dff0                CDC_CdInit
                0x0601dfb4                CDC_GetSes
                0x0601de10                CDC_GetLastStat
                0x0601ddc0                CDC_GetCurStat
                0x0601defc                CDC_GetHwInfo
 .text          0x0601e160      0x152 c:/saturn/sbl6/segalib/lib/sega_cdc.a(cdc_sub.o)
                0x0601e208                CDSUB_GetCdstat
                0x0601e178                CDSUB_UpdCdstat
                0x0601e248                CDSUB_RspToCdstat
                0x0601e290                CDSUB_SoftTimer
                0x0601e160                CDSUB_UpdStatus
                0x0601e198                CDSUB_CdCmd
 *fill*         0x0601e2b2        0xe 00
 .text          0x0601e2c0      0x2dc c:/saturn/sbl6/segalib/lib/sega_cdc.a(cdc_reg.o)
                0x0601e314                CDREG_ClrHirqReq
                0x0601e2e4                CDC_ClrHirqReq
                0x0601e394                CDREG_TgetData
                0x0601e384                CDC_GetMpegPtr
                0x0601e360                CDC_GetHirqMsk
                0x0601e2c0                CDC_GetDataPtr
                0x0601e2d0                CDC_GetHirqReq
                0x0601e4f0                CDREG_WaitHirq
                0x0601e374                CDC_SetHirqMsk
                0x0601e3f0                CDREG_CmdRsp
                0x0601e324                CDREG_InitHirqReq
                0x0601e34c                CDREG_SetHirqFlag
                0x0601e560                CDREG_ReadRsp
 *fill*         0x0601e59c        0x4 00
 .text          0x0601e5a0      0xf50 c:/saturn/sbl6/segalib/lib/sega_per.a(per_prt.o)
                0x0601e9c0                PER_IntFunc
                0x0601e7b8                PER_LGetPer
                0x0601e5a0                PER_LInit
 .text          0x0601f4f0     0x1b04 c:/saturn/sbl6/segalib/lib/sega_sat.a(gfs.o)
                0x0601f4f0                gfs_version
                0x06020764                gfs_mngGetNumFile
                0x06020ee4                gfs_closeSub
                0x06020280                GFS_SetGmode
                0x0602053c                GFS_SetErrFunc
                0x0602068c                gfs_mngSetupFuncTbl
                0x0601f848                GFS_Reset
                0x060205b4                gfs_chgRoot
                0x06020680                gfs_aborttrans
                0x06020964                gfs_svrAddHndl
                0x06020814                gfs_mngFreeGrp
                0x0602058c                GFS_ConvTno
                0x06020b18                gfs_getRootDir
                0x06020568                GFS_GetErrStat
                0x0601f9b8                GFS_Seek
                0x06020024                GFS_NwStop
                0x06020820                gfs_mngTermAccess
                0x0601f8cc                GFS_Open
                0x060207cc                GFS_mngAllocGrp
                0x06020f2c                gfs_isTaskDone
                0x0601fd24                GFS_Fread
                0x06020484                GFS_StartTrans
                0x06020e80                gfs_GetFinfo
                0x060206c0                gfs_mngInitWork
                0x0601fb10                GFS_ByteToSct
                0x06020924                gfs_svrSearchHndl
                0x06020c14                gfs_loadRootDir
                0x0601f76c                GFS_IdToName
                0x0601fe68                GFS_NwFread
                0x060203b4                GFS_SetTransPara
                0x0601ff74                GFS_NwCdRead
                0x06020a54                gfs_loadVol
                0x06020350                GFS_SetReadPara
                0x0601fa6c                GFS_Tell
                0x060202e4                GFS_SetTmode
                0x06020de8                GFS_GetFad
                0x06020420                GFS_SetTrFunc
                0x060204d0                GFS_CdMovePickup
                0x0601f708                GFS_NameToId
                0x0602013c                GFS_NwExecOne
                0x06020c9c                gfs_flowIn
                0x0601fbc4                GFS_GetFileInfo
                0x06020d44                gfs_transData
                0x060209a0                gfs_svrRemoveHndl
                0x0601ffec                GFS_NwIsComplete
                0x06020f20                gfs_getGmode
                0x06020090                GFS_NwGetStat
                0x060209fc                GFS_OpenSub
                0x0601f6a0                GFS_SetDir
                0x0601fb6c                GFS_GetFileSize
                0x0601fc38                GFS_GetNumCdbuf
                0x06020f80                gfs_convFinStat
                0x0601fc60                GFS_Load
                0x0601fdc0                gfs_waitRead
                0x0601f5f8                GFS_LoadDir
                0x0601f7d8                GFS_GetDirInfo
                0x0601f980                GFS_Close
                0x0601f510                GFS_Init
                0x0602010c                gfs_recovRdErr
                0x060208a4                gfs_mngSetErrCode
                0x060201fc                GFS_NwExecServer
                0x0601fabc                GFS_IsEof
                0x06020e40                gfs_SetSct
 *fill*         0x06020ff4        0xc 00
 .text          0x06021000       0x90 c:/saturn/sbl6/segalib/lib/sega_sat.a(DMA_CPU1.o)
                0x06021000                DMA_CpuMemCopy1
 .text          0x06021090       0x94 c:/saturn/sbl6/segalib/lib/sega_sat.a(DMA_CPU2.o)
                0x06021090                DMA_CpuMemCopy2
 *fill*         0x06021124        0xc 00
 .text          0x06021130      0x1f4 c:/saturn/sbl6/segalib/lib/sega_sat.a(DMA_SCU1.o)
                0x0602128c                DMA_ScuResult
                0x06021130                DMA_ScuInit
                0x06021180                DMA_ScuMemCopy
 *fill*         0x06021324        0xc 00
 .text          0x06021330      0x8d4 c:/saturn/sbl6/segalib/lib/sega_sat.a(gfs_cdf.o)
                0x06021824                GFCF_Seek
                0x0602192c                GFCF_GetStat
                0x0602180c                GFCF_Tell
                0x060213d0                GFCF_Setup
                0x060218d8                GFCF_cnvIntlvOfs
                0x06021330                GFCF_Init
                0x060217c4                GFCF_Recover
                0x06021518                GFCF_SetSct
                0x0602183c                GFCF_MovePickup
                0x06021a00                gfcf_isCdOk
                0x060215d0                GFCF_FlowInBuf
                0x0602155c                GFCF_GetFileInfo
                0x06021724                GFCF_StopInBuf
                0x060219c4                gfcf_getSctSize
                0x06021ac0                gfcf_getPlayRange
 *fill*         0x06021c04        0xc 00
 .text          0x06021c10      0x928 c:/saturn/sbl6/segalib/lib/sega_sat.a(gfs_dir.o)
                0x06022100                gfdr_setNextRec
                0x060224fc                gfdr_setDirrecCd
                0x06021ef8                gfdr_open
                0x06021d0c                GFDR_GetAtrDirId
                0x06021fe0                gfdr_readByte
                0x06021c10                GFDR_SetupDirTbl
                0x060220d8                gfdr_readLongNM
                0x06022184                gfdr_readDirEnt
                0x06021d3c                GFDR_ChgRoot
                0x06021c84                GFDR_NameToId
                0x06021dc8                gfdr_setupDirIdTbl
                0x06021d24                GFDR_GetAtrDirName
                0x06021ce4                GFDR_GetInfoDirId
                0x0602208c                gfdr_readLongNB
                0x06021f20                gfdr_read
                0x0602200c                gfdr_readWord
                0x06021e4c                gfdr_setupDirNameTbl
                0x06021cf8                GFDR_GetInfoDirName
                0x06021d54                GFDR_ChgDir
                0x06022038                gfdr_readWordNB
 *fill*         0x06022538        0x8 00
 .text          0x06022540      0xa46 c:/saturn/sbl6/segalib/lib/sega_sat.a(gfs_trn.o)
                0x06022620                GFTR_SetTransMax
                0x060229f0                gftr_execScu
                0x06022f74                GFTR_SetTransFunc
                0x06022e3c                gftr_remTrn
                0x06022f60                GFTR_SetData
                0x06022c60                gftr_execSdma1
                0x06022eb0                gftr_copyFrac
                0x06022614                GFTR_GetNumTrans
                0x060225b4                GFTR_SetMode
                0x06022c30                gftr_remDma0
                0x06022ed8                GFTR_GetLenData
                0x060229e4                gftr_reqScu
                0x06022c48                gftr_reqDma1
                0x06022900                gftr_getSrcPack
                0x06022f30                GFTR_RtnDstPk
                0x06022acc                gfdma_exec
                0x06022d64                gftr_execTrn
                0x060227f8                GFTR_ExecSvr
                0x06022cf4                gftr_reqTrn
                0x06022bbc                gfdma_getBytecnt
                0x06022c9c                gftr_reqCpu
                0x06022efc                GFTR_GetDstPack
                0x06022bf4                gftr_reqDma0
                0x06022780                GFTR_Idle
                0x06022638                GFTR_Pause
                0x06022608                GFTR_GetTransPara
                0x06022ce8                gftr_remCpu
                0x060225d4                GFTR_SetTransPara
                0x06022c84                gftr_remDma1
                0x06022644                GFTR_Stop
                0x06022c0c                gftr_execSdma0
                0x06022570                GFTR_Setup
                0x06022a8c                gftr_remScu
                0x06022988                gftr_getDstPack
                0x06022ac0                gfdma_canUse
                0x060226fc                GFTR_Exec
                0x06022f4c                GFTR_GetData
                0x0602262c                GFTR_Start
                0x060225c8                GFTR_SetUnit
                0x06022ca8                gftr_execCpu
                0x06022ee4                GFTR_GetLenRoom
 *fill*         0x06022f86        0xa 00
 .text          0x06022f90      0x106 c:/saturn/sbl6/segalib/lib/sega_sat.a(gfs_buf.o)
                0x06022fe8                GFBF_GetNumData
                0x06023064                GFBF_RtnPk
                0x06023018                GFBF_GetSrcPk
                0x0602308c                gfbf_getSctDt
                0x06022fc0                GFBF_GetTranData
                0x06023040                GFBF_GetSctData
 *fill*         0x06023096        0xa 00
 .text          0x060230a0      0x600 c:/saturn/sbl6/segalib/lib/sega_sat.a(gfs_cdb.o)
                0x06023648                GFCB_GetPickup
                0x060231c0                GFCB_Close
                0x0602348c                GFCB_GetSrcPack
                0x06023614                GFCB_SetCon
                0x06023294                GFCB_GetLenRoom
                0x060235f8                GFCB_MovePickup
                0x0602356c                GFCB_GetSctData
                0x060232a0                GFCB_SetFilt
                0x060231e8                GFCB_GetLenData
                0x06023688                GFCB_UngetPickup
                0x060230a0                GFCB_Setup
                0x06023330                GFCB_Tell
                0x06023670                GFCB_IsPuOwner
                0x06023390                GFCB_Seek
                0x06023308                GFCB_DeleteAllData
                0x060235a4                GFCB_GetDstPack
                0x06023340                gfcb_getSctNum
                0x060235b0                GFCB_RtnPk
 .text          0x060236a0     0x1a04 c:/saturn/sbl6/segalib/lib/sega_sat.a(gfs_cdc.o)
                0x0602393c                GFCD_AllocBuf
                0x06024718                gfcd_doGetLenDataTsk
                0x06024fb4                GFCD_SetCsctFunc
                0x06023a14                GFCD_GetBaseFad
                0x06023b90                GFCD_GetFilt
                0x06024ba4                gfcd_doChgDirTsk
                0x06024ee4                gfcd_checkEflag
                0x06023ed8                GFCD_MovePickup
                0x06023fbc                GFCD_GetSctInfo
                0x0602486c                gfcd_doReqDataTsk
                0x06024004                GFCD_ChgDir
                0x06023cf8                GFCD_ReqData
                0x06024fd0                GFCD_ChkScdqFlag
                0x06024488                GFCD_WaitServer
                0x06023d9c                GFCD_DelSctData
                0x06024274                GFCD_ExecServer
                0x06024688                gfcd_doSetConTsk
                0x060238d0                GFCD_AllocFilt
                0x06023acc                GFCD_SetFilt
                0x060244c4                gfcd_doSetFiltTsk
                0x06024ff4                GFCD_ClrScdqFlag
                0x0602490c                gfcd_doDelSctDataTsk
                0x060243d0                gfcd_doTask
                0x06023a48                GFCD_GetPickup
                0x06023f98                GFCD_CheckMove
                0x06025010                GFCD_WaitScdqFlag
                0x06023c30                GFCD_Play
                0x06024a40                gfcd_doMoveSctTsk
                0x06023bd8                GFCD_SetCon
                0x06024078                GFCD_SetFiltCon
                0x06025054                GFCD_WaitPause
                0x0602423c                GFCD_GetBufSiz
                0x06023a7c                GFCD_UngetPickup
                0x06024160                GFCD_GetFileInfo
                0x06023d54                GFCD_EndData
                0x06023970                GFCD_FreeBuf
                0x06023c90                GFCD_GetLenData
                0x0602390c                GFCD_FreeFilt
                0x06024348                gfcd_isIdleTask
                0x060236cc                GFCD_Init
                0x06024da0                gfcd_doSetFiltConTsk
                0x06023e24                GFCD_GetStat
                0x06023f24                GFCD_MoveSctData
                0x06023aa8                GFCD_IsPuOwner
                0x06024f08                gfcd_initCdbMng
                0x060236a0                GFCD_SetCdbfs
                0x06024474                GFCD_SetTimer
                0x06024f88                gfcd_setStat
                0x06023df4                GFCD_CheckDelSctData
 *fill*         0x060250a4        0xc 00
 .text          0x060250b0      0x1b6 c:/saturn/sbl6/segalib/lib/sega_sat.a(DMA_CPU0.o)
                0x060250f8                DMA_CpuSetPrm
                0x060251fc                DMA_CpuStart
                0x06025254                DMA_CpuGetStatus
                0x06025228                DMA_CpuAllStop
                0x0602523c                DMA_CpuGetComStatus
                0x060250b0                DMA_CpuSetComPrm
                0x06025210                DMA_CpuStop
 *fill*         0x06025266        0xa 00
 .text          0x06025270       0x50 c:/saturn/sbl6/segalib/lib/sega_sat.a(DMA_CPU5.o)
                0x06025270                DMA_CpuResult
 .text          0x060252c0      0x308 c:/saturn/sbl6/segalib/lib/sega_sat.a(DMA_SCU0.o)
                0x06025344                DMA_ScuStart
                0x06025478                DMA_ScuIntFunc0
                0x060254e8                DMA_ScuIntFunc1
                0x06025558                DMA_ScuIntFunc2
                0x06025438                DMA_ScuGetStatus
                0x060252c0                DMA_ScuSetPrm
 *fill*         0x060255c8        0x8 00
 .text          0x060255d0       0xe8 c:/saturn/sbl6/segalib/lib/sega_sat.a(csh_main.o)
                0x060255d0                CSH_Init
                0x06025638                CSH_AllClr
                0x06025684                CSH_Purge
 *fill*         0x060256b8        0x8 00
 .text          0x060256c0      0x194 c:/saturn/sbl6/segalib/lib/sega_sat.a(cdc_cfs.o)
                0x060256c0                CDC_ChgDir
                0x060256f4                CDC_ReadDir
                0x06025818                CDC_AbortFile
                0x06025728                CDC_GetFileScope
                0x06025788                CDC_TgetFileInfo
                0x060257e4                CDC_ReadFile
 *fill*         0x06025854        0xc 00
 .text          0x06025860      0x1e4 c:/saturn/sbl6/segalib/lib/sega_sat.a(cdc_bio.o)
                0x0602590c                CDC_GetdelSctData
                0x06025894                CDC_GetSctData
                0x06025948                CDC_PutSctData
                0x060259c4                CDC_MoveSctData
                0x06025a08                CDC_GetCopyErr
                0x060258d0                CDC_DelSctData
                0x06025860                CDC_SetSctLen
                0x06025980                CDC_CopySctData
 *fill*         0x06025a44        0xc 00
 .text          0x06025a50      0x2b8 c:/saturn/sbl6/segalib/lib/sega_sat.a(cdc_sel.o)
                0x06025c80                CDC_GetFiltCon
                0x06025bfc                CDC_GetFiltMode
                0x06025cd4                CDC_ResetSelector
                0x06025a50                CDC_SetFiltRange
                0x06025adc                CDC_SetFiltSubh
                0x06025b4c                CDC_GetFiltSubh
                0x06025a84                CDC_GetFiltRange
                0x06025bc8                CDC_SetFiltMode
                0x06025c40                CDC_SetFiltCon
 *fill*         0x06025d08        0x8 00
 .text          0x06025d10      0x270 c:/saturn/sbl6/segalib/lib/sega_sat.a(cdc_bif.o)
                0x06025d6c                CDC_GetSctNum
                0x06025eec                CDC_ExeFadSearch
                0x06025e6c                CDC_GetSctInfo
                0x06025db0                CDC_CalActSiz
                0x06025d10                CDC_GetBufSiz
                0x06025dec                CDC_GetActSiz
                0x06025f24                CDC_GetFadSearch
 .text          0x06025f80       0xa8 c:/saturn/sbl6/segalib/lib/sega_sat.a(cdc_dev.o)
                0x06025fec                CDC_CdGetLastBuf
                0x06025f80                CDC_CdSetCon
                0x06025fb0                CDC_CdGetCon
 *fill*         0x06026028        0x8 00
 .text          0x06026030       0x60 c:/saturn/SH_COFF/sh-coff/bin/../lib/gcc/sh-coff/3.4-GNUSH_v0501\libgcc.a(_ashiftrt.o)
                0x0602603c                __ashiftrt_r4_27
                0x06026070                __ashiftrt_r4_6
                0x06026060                __ashiftrt_r4_14
                0x06026052                __ashiftrt_r4_19
                0x0602606a                __ashiftrt_r4_9
                0x0602607e                __ashiftrt_r4_0
                0x06026030                __ashiftrt_r4_31
                0x0602603e                __ashiftrt_r4_26
                0x0602604c                __ashiftrt_r4_22
                0x06026058                __ashiftrt_r4_16
                0x06026064                __ashiftrt_r4_12
                0x06026038                __ashiftrt_r4_29
                0x06026056                __ashiftrt_r4_17
                0x06026036                __ashiftrt_r4_30
                0x06026072                __ashiftrt_r4_5
                0x0602606c                __ashiftrt_r4_8
                0x06026030                __ashiftrt_r4_32
                0x06026040                __ashiftrt_r4_25
                0x06026078                __ashiftrt_r4_2
                0x06026042                __ashiftrt_r4_24
                0x0602605e                __ashiftrt_r4_15
                0x06026068                __ashiftrt_r4_10
                0x0602607a                __ashiftrt_r4_1
                0x0602603a                __ashiftrt_r4_28
                0x06026050                __ashiftrt_r4_20
                0x0602606e                __ashiftrt_r4_7
                0x06026062                __ashiftrt_r4_13
                0x06026066                __ashiftrt_r4_11
                0x06026074                __ashiftrt_r4_4
                0x0602604a                __ashiftrt_r4_23
                0x06026054                __ashiftrt_r4_18
                0x0602604e                __ashiftrt_r4_21
                0x06026076                __ashiftrt_r4_3
 .text          0x06026090       0xb0 c:/saturn/SH_COFF/sh-coff/bin/../lib/gcc/sh-coff/3.4-GNUSH_v0501\libgcc.a(_si_to_df.o)
                0x06026090                __floatsidf
 .text          0x06026140      0x2e0 c:/saturn/SH_COFF/sh-coff/bin/../lib/gcc/sh-coff/3.4-GNUSH_v0501\libgcc.a(_mul_df.o)
                0x06026150                __muldf3
 .text          0x06026420       0x80 c:/saturn/SH_COFF/sh-coff/bin/../lib/gcc/sh-coff/3.4-GNUSH_v0501\libgcc.a(_df_to_si.o)
                0x06026420                __fixdfsi
 .text          0x060264a0       0x70 c:/saturn/SH_COFF/sh-coff/bin/../lib/gcc/sh-coff/3.4-GNUSH_v0501\libgcc.a(_udivsi3.o)
                0x060264c2                __udivsi3
 .text          0x06026510       0xa0 c:/saturn/SH_COFF/sh-coff/bin/../lib/gcc/sh-coff/3.4-GNUSH_v0501\libgcc.a(_sdivsi3.o)
                0x06026510                __sdivsi3
 .text          0x060265b0       0x90 c:/saturn/SH_COFF/sh-coff/bin/../lib/gcc/sh-coff/3.4-GNUSH_v0501\libgcc.a(_ashiftrt_n.o)
                0x060265b0                __ashrsi3
 .text          0x06026640       0x90 c:/saturn/SH_COFF/sh-coff/bin/../lib/gcc/sh-coff/3.4-GNUSH_v0501\libgcc.a(_ashiftlt.o)
                0x06026640                __ashlsi3
 .text          0x060266d0       0xb0 c:/saturn/SH_COFF/sh-coff/bin/../lib/gcc/sh-coff/3.4-GNUSH_v0501\libgcc.a(_movstr.o)
                0x06026710                __movstrSI16
                0x060266e4                __movstrSI60
                0x060266f0                __movstrSI48
                0x060266ec                __movstrSI52
                0x060266e0                __movstrSI64
                0x060266f4                __movstrSI44
                0x060266f8                __movstrSI40
                0x060266fc                __movstrSI36
                0x06026730                __movstr
                0x060266e8                __movstrSI56
                0x06026704                __movstrSI28
                0x06026700                __movstrSI32
                0x06026714                __movstrSI12
                0x06026718                __movstrSI8
                0x06026720                __movstrSI0
                0x06026708                __movstrSI24
                0x0602670c                __movstrSI20
                0x0602671c                __movstrSI4
 .text          0x06026780       0xa0 c:/saturn/SH_COFF/sh-coff/bin/../lib/gcc/sh-coff/3.4-GNUSH_v0501\libgcc.a(__main.o)
                0x060267f4                __main
                0x06026780                __do_global_dtors
                0x060267b4                __do_global_ctors
 .text          0x06026820      0x220 c:/saturn/SH_COFF/sh-coff/bin/../lib/gcc/sh-coff/3.4-GNUSH_v0501\libgcc.a(_pack_df.o)
                0x06026830                __pack_d
 .text          0x06026a40      0x120 c:/saturn/SH_COFF/sh-coff/bin/../lib/gcc/sh-coff/3.4-GNUSH_v0501\libgcc.a(_unpack_df.o)
                0x06026a50                __unpack_d
 .text          0x06026b60       0x20 c:/saturn/SH_COFF/sh-coff/bin/../lib/gcc/sh-coff/3.4-GNUSH_v0501\libgcc.a(_thenan_df.o)
                0x06026b60                __thenan_df
 .text          0x06026b80       0xd0 c:/saturn/SH_COFF/sh-coff/bin/../lib/gcc/sh-coff/3.4-GNUSH_v0501\libgcc.a(_muldi3.o)
                0x06026b80                __muldi3
 .text          0x06026c50       0x80 c:/saturn/SH_COFF/sh-coff/bin/../lib/gcc/sh-coff/3.4-GNUSH_v0501\libgcc.a(_lshrdi3.o)
                0x06026c50                __lshrdi3
 .text          0x06026cd0       0x80 c:/saturn/SH_COFF/sh-coff/bin/../lib/gcc/sh-coff/3.4-GNUSH_v0501\libgcc.a(_ashldi3.o)
                0x06026cd0                __ashldi3
 .text          0x06026d50       0x30 c:/saturn/SH_COFF/sh-coff/bin/../lib/gcc/sh-coff/3.4-GNUSH_v0501\libgcc.a(_mulsi3.o)
                0x06026d50                __mulsi3
 .text          0x06026d80       0x90 c:/saturn/SH_COFF/sh-coff/bin/../lib/gcc/sh-coff/3.4-GNUSH_v0501\libgcc.a(_lshiftrt.o)
                0x06026d80                __lshrsi3
 .text          0x06026e10       0x40 c:/saturn/SH_COFF/sh-coff/bin/../lib/gcc/sh-coff/3.4-GNUSH_v0501/../../../../sh-coff/lib\libc.a(memset.o)
                0x06026e10                memset
 .text          0x06026e50       0x60 c:/saturn/SH_COFF/sh-coff/bin/../lib/gcc/sh-coff/3.4-GNUSH_v0501/../../../../sh-coff/lib\libc.a(memcmp.o)
                0x06026e50                memcmp
 .text          0x06026eb0       0xa0 c:/saturn/SH_COFF/sh-coff/bin/../lib/gcc/sh-coff/3.4-GNUSH_v0501/../../../../sh-coff/lib\libc.a(memcpy.o)
                0x06026eb0                memcpy
 .text          0x06026f50       0xb0 c:/saturn/SH_COFF/sh-coff/bin/../lib/gcc/sh-coff/3.4-GNUSH_v0501/../../../../sh-coff/lib\libc.a(strncmp.o)
                0x06026f50                strncmp
 .text          0x06027000       0xa0 c:/saturn/SH_COFF/sh-coff/bin/../lib/gcc/sh-coff/3.4-GNUSH_v0501/../../../../sh-coff/lib\libc.a(strncpy.o)
                0x06027000                strncpy
 .text          0x060270a0       0x90 c:/saturn/SH_COFF/sh-coff/bin/../lib/gcc/sh-coff/3.4-GNUSH_v0501/../../../../sh-coff/lib\libc.a(atexit.o)
                0x060270a0                atexit
 .text          0x06027130       0x10 c:/saturn/SH_COFF/sh-coff/bin/../lib/gcc/sh-coff/3.4-GNUSH_v0501/../../../../sh-coff/lib\libc.a(impure.o)
                0x06027130                _global_impure_ptr
 .text          0x06027140       0x40 c:/saturn/SH_COFF/sh-coff/bin/../lib/gcc/sh-coff/3.4-GNUSH_v0501/../../../../sh-coff/lib\libc.a(malloc.o)
                0x0602715c                free
                0x06027140                malloc
 .text          0x06027180      0x5b0 c:/saturn/SH_COFF/sh-coff/bin/../lib/gcc/sh-coff/3.4-GNUSH_v0501/../../../../sh-coff/lib\libc.a(mallocr.o)
                0x06027180                _malloc_r
 .text          0x06027730      0x340 c:/saturn/SH_COFF/sh-coff/bin/../lib/gcc/sh-coff/3.4-GNUSH_v0501/../../../../sh-coff/lib\libc.a(freer.o)
                0x06027730                _malloc_trim_r
                0x06027824                _free_r
 .text          0x06027a70       0x20 c:/saturn/SH_COFF/sh-coff/bin/../lib/gcc/sh-coff/3.4-GNUSH_v0501/../../../../sh-coff/lib\libc.a(mlock.o)
                0x06027a70                __malloc_lock
                0x06027a7c                __malloc_unlock
 .text          0x06027a90       0x50 c:/saturn/SH_COFF/sh-coff/bin/../lib/gcc/sh-coff/3.4-GNUSH_v0501/../../../../sh-coff/lib\libc.a(sbrkr.o)
                0x06027a90                _sbrk_r
 .text          0x06027ae0      0x380 c:/saturn/SH_COFF/sh-coff/bin/../lib/gcc/sh-coff/3.4-GNUSH_v0501/../../../../sh-coff/lib\libc.a(syscalls.o)
                0x06027c4c                _exit
                0x06027c80                _getpid
                0x06027ce8                _utime
                0x06027b18                _write
                0x06027ae0                _read
                0x06027c34                _unlink
                0x06027bfc                _open
                0x06027c98                _stat
                0x06027c40                isatty
                0x06027d18                _wait
                0x06027c64                _kill
                0x06027cb4                _chmod
                0x06027d48                _execv
                0x06027d2c                _execve
                0x06027e24                __setup_argv_and_call_main
                0x06027d80                _gettimeofday
                0x06027b4c                _link
                0x06027c8c                _raise
                0x06027c18                _creat
                0x06027d60                _pipe
                0x06027ccc                _chown
                0x06027afc                _lseek
                0x06027b34                _close
                0x06027d74                _times
                0x06027be8                _fstat
                0x06027d04                _fork
                0x06027b74                _sbrk
 .text          0x06027e60       0x20 c:/saturn/SH_COFF/sh-coff/bin/../lib/gcc/sh-coff/3.4-GNUSH_v0501/../../../../sh-coff/lib\libc.a(trap.o)
                0x06027e60                __trap34
 .text          0x06027e80       0x20 c:/saturn/SH_COFF/sh-coff/bin/../lib/gcc/sh-coff/3.4-GNUSH_v0501/../../../../sh-coff/lib\libc.a(abort.o)
                0x06027e80                abort
 .text          0x06027ea0      0x270 c:/saturn/SH_COFF/sh-coff/bin/../lib/gcc/sh-coff/3.4-GNUSH_v0501/../../../../sh-coff/lib\libc.a(signal.o)
                0x06027f60                _raise_r
                0x060280e8                __sigtramp
                0x06028094                raise
                0x060280d0                _init_signal
                0x06028020                __sigtramp_r
                0x060280b0                signal
                0x06027eec                _signal_r
                0x06027ea0                _init_signal_r
 .text          0x06028110       0x60 c:/saturn/SH_COFF/sh-coff/bin/../lib/gcc/sh-coff/3.4-GNUSH_v0501/../../../../sh-coff/lib\libc.a(signalr.o)
                0x06028158                _getpid_r
                0x06028110                _kill_r
 *(.strings)

.tors           0x06028170        0x0
                0x06028170                ___ctors = .
 *(.ctors)
                0x06028170                ___ctors_end = .
                0x06028170                ___dtors = .
 *(.dtors)
                0x06028170                ___dtors_end = .

.data           0x06028170     0x46c0
                0x06028170                STARTOF_R = .
 *(.data)
 .data          0x06028170      0x400 smpclib/per_x1.o
 .data          0x06028570       0x90 game.o
                0x06028570                powerup_names
 .data          0x06028600     0x3240 graphics.o
                0x06029724                cyberblock_name
                0x060286a2                bit_num
                0x0602ac0a                girl2_num
                0x06029774                metalorange_name
                0x0602889a                ship_size
                0x06029782                metalorange_num
                0x06028a64                chipgame_pal
                0x0602a7fe                girl3_num
                0x060289d0                game_name
                0x06029284                menufont_pal
                0x060286f6                capsule_num
                0x060292d2                menufont_num
                0x060287f0                beffect_size
                0x0602b016                girl1_num
                0x06029734                metalorange_pal
                0x0602b018                roarframes_pal
                0x06028a54                gamestar_name
                0x06028748                blocks2_size
                0x06028a00                starnear_name
                0x060289a8                gamefar_height
                0x0602889c                ship_num
                0x0602b428                roarbg_pal
                0x060287ec                beffect_height
                0x0602b828                roarbg_name
                0x060287f4                explosion_pal
                0x06028a14                gamestar_pal
                0x060289cc                gamenear_width
                0x06028834                explosion_name
                0x0602879e                blocks1_num
                0x060286f2                capsule_width
                0x060286f0                capsule_height
                0x060288f2                starspr_num
                0x0602b00c                girl1_name
                0x06028e74                game_tiles_pal
                0x0602874a                blocks2_num
                0x06029784                title_pal
                0x0602878c                blocks1_name
                0x0602893e                font_height
                0x0602b418                roarframes_name
                0x0602a7f4                girl3_name
                0x060289aa                gamefar_width
                0x0602ac0c                girl1_pal
                0x060292c4                menufont_name
                0x060296e2                chipframes_num
                0x06028948                ball_pal
                0x0602a3f4                girl3_pal
                0x06028e72                chipgame_num
                0x060286f4                capsule_size
                0x060288f0                starspr_size
                0x0602874c                blocks1_pal
                0x060289bc                gamenear_name
                0x06028844                explosion_width
                0x06029fe6                girl5_num
                0x06028998                ball_num
                0x06029b8e                title_num
                0x06028934                font_name
                0x060287ee                beffect_width
                0x06028650                laser_num
                0x060288a0                starspr_pal
                0x0602b834                roarbg_num
                0x06028994                ball_width
                0x06029732                cyberblock_num
                0x06029bdc                girl5_pal
                0x06028896                ship_height
                0x06029282                game_tiles_num
                0x06028992                ball_height
                0x060289ca                gamenear_height
                0x06028940                font_width
                0x06029bda                stars_num
                0x06028996                ball_size
                0x06028640                laser_name
                0x060286a0                bit_size
                0x06028898                ship_width
                0x06029b84                title_name
                0x060296d4                chipframes_name
                0x060289e0                starfar_name
                0x06028798                blocks1_height
                0x0602864c                laser_width
                0x06029bd0                stars_name
                0x06028694                bit_name
                0x06028a62                gamestar_num
                0x060289b8                gamemid_height
                0x0602884c                ship_pal
                0x06028988                ball_name
                0x06028944                font_num
                0x060288f4                font_pal
                0x060289fe                starmid_width
                0x06028a10                starnear_width
                0x060289ac                gamemid_name
                0x06028654                bit_pal
                0x06028746                blocks2_width
                0x0602879c                blocks1_size
                0x060288ee                starspr_width
                0x060292d4                chipframes_pal
                0x060289da                game_height
                0x060289ec                starfar_height
                0x06028848                explosion_num
                0x0602a3f2                girl4_num
                0x060286e4                capsule_name
                0x060289ba                gamemid_width
                0x06028744                blocks2_height
                0x060287e0                beffect_name
                0x0602879a                blocks1_width
                0x06028942                font_size
                0x06028738                blocks2_name
                0x0602869c                bit_height
                0x0602864a                laser_height
                0x060288e0                starspr_name
                0x0602b426                roarframes_num
                0x060296e4                cyberblock_pal
                0x06028a0e                starnear_height
                0x060289f0                starmid_name
                0x0602888c                ship_name
                0x06029fdc                girl5_name
                0x06029fe8                girl4_pal
                0x060286f8                blocks2_pal
                0x0602869e                bit_width
                0x060289fc                starmid_height
                0x06029b90                stars_pal
                0x0602899c                gamefar_name
                0x060286a4                capsule_pal
                0x06028600                laser_pal
                0x06029274                game_tiles_name
                0x060287f2                beffect_num
                0x060288ec                starspr_height
                0x060287a0                beffect_pal
                0x0602a3e8                girl4_name
                0x060289dc                game_width
                0x0602a800                girl2_pal
                0x0602864e                laser_size
                0x060289ee                starfar_width
                0x06028846                explosion_size
                0x06028842                explosion_height
                0x06028e64                chipgame_name
                0x0602ac00                girl2_name
 .data          0x0602b840      0x1a0 intro.o
 .data          0x0602b9e0       0x90 level.o
                0x0602b9e4                level_blocks
                0x0602b9e0                level_lengths
                0x0602b9e8                level0_blocks
 .data          0x0602ba70       0x40 logo.o
 .data          0x0602bab0       0x80 menu.o
                0x0602bab0                cutscene
 .data          0x0602bb30       0x10 pcmsys.o
                0x0602bb34                scsp_load
                0x0602bb38                m68k_com
                0x0602bb30                master_volume
 .data          0x0602bb40       0x40 scroll.o
                0x0602bb50                CycleTbLoRes
                0x0602bb70                vram
                0x0602bb60                char_offsets
                0x0602bb40                CycleTbHiRes
 .data          0x0602bb80       0x30 sprite.o
 .data          0x0602bbb0      0x400 c:/saturn/sbl6/segalib/lib/sega_int.a(int.o)
 .data          0x0602bfb0       0x1c c:/saturn/sbl6/segalib/lib/sega_spr.a(spr_slv.o)
                0x0602bfb8                SPR_SlaveParam
                0x0602bfc8                SPR_SMPC_SF
                0x0602bfc0                SPR_SMPC_COM
                0x0602bfbc                SPR_SlaveSHEntry
                0x0602bfb4                SPR_SlaveState
                0x0602bfb0                SPR_SlaveCommand
                0x0602bfc4                SPR_SMPC_RET
 *fill*         0x0602bfcc        0x4 00
 .data          0x0602bfd0       0x34 c:/saturn/sbl6/segalib/lib/sega_spr.a(spr_1c.o)
                0x0602bfd0                SpInitialFlag
 *fill*         0x0602c004        0xc 00
 .data          0x0602c010       0x1c c:/saturn/sbl6/segalib/lib/sega_scl.a(scl_vblv.o)
                0x0602c018                VBInterval
                0x0602c020                ReqDisplayFlag
                0x0602c010                SpFrameChgMode
                0x0602c01c                VBIntervalCounter
                0x0602c014                SpFrameEraseMode
 *fill*         0x0602c02c        0x4 00
 .data          0x0602c030       0x18 c:/saturn/sbl6/segalib/lib/sega_scl.a(scl_pri.o)
                0x0602c034                SclRealSpPriNum
                0x0602c044                SclRealColOffset
                0x0602c040                SclRealBgColMix
                0x0602c03c                SclRealSpColMix
                0x0602c038                SclRealBgPriNum
                0x0602c030                SclRealOtherPri
 *fill*         0x0602c048        0x8 00
 .data          0x0602c050       0x36 c:/saturn/sbl6/segalib/lib/sega_scl.a(scl_func.o)
                0x0602c060                SclRotregBuff
                0x0602c05c                SclDisplayY
                0x0602c064                SclRotateTableMode
                0x0602c058                SclProcess
                0x0602c054                SclCurSclNum
                0x0602c050                SclLengthLsTbl
                0x0602c05a                SclDisplayX
                0x0602c052                SclLengthCsTbl
 *fill*         0x0602c086        0xa 00
 .data          0x0602c090        0x4 c:/saturn/sbl6/segalib/lib/sega_mth.a(mth_rand.o)
 *fill*         0x0602c094        0xc 00
 .data          0x0602c0a0      0x380 c:/saturn/SH_COFF/sh-coff/bin/../lib/gcc/sh-coff/3.4-GNUSH_v0501/../../../../sh-coff/lib\libc.a(impure.o)
                0x0602c41c                _impure_ptr
 .data          0x0602c420      0x410 c:/saturn/SH_COFF/sh-coff/bin/../lib/gcc/sh-coff/3.4-GNUSH_v0501/../../../../sh-coff/lib\libc.a(mallocr.o)
                0x0602c428                __malloc_av_
                0x0602c424                __malloc_trim_threshold
                0x0602c420                __malloc_sbrk_base
                0x0602c830                SIZEOF_R = (. - STARTOF_R)
                0x0602c830                ENDOF_R = .

.bss            0x0602c830    0x104e4
                0x0602c830                STARTOF_B = .
 *(.bss)
 .bss           0x0602c830       0x10 vblank.o
                0x0602c834                PadData2E
                0x0602c83a                PadData1
                0x0602c836                PadData2
                0x0602c838                PadData1E
                0x0602c830                __port
 .bss           0x0602c840       0xe0 smpclib/per_x2.o
 .bss           0x0602c920       0x10 ball.o
 .bss           0x0602c930       0x10 capsule.o
 .bss           0x0602c940       0x40 game.o
                0x0602c948                bit_left
                0x0602c940                laser_max
                0x0602c944                bit_right
                0x0602c94c                bit_ship
                0x0602c950                turbo
                0x0602c954                powerup_cursor
 .bss           0x0602c980     0x1970 intro.o
 .bss           0x0602e2f0       0x10 laser.o
 .bss           0x0602e300     0x13a0 level.o
 .bss           0x0602f6a0       0x10 logo.o
 .bss           0x0602f6b0       0x60 menu.o
 .bss           0x0602f710       0x10 pcmsys.o
                0x0602f710                numberPCMs
 .bss           0x0602f720       0x10 scroll.o
                0x0602f720                scroll_res
 .bss           0x0602f730     0x3d00 sprite.o
                0x0602f730                num_sprites
 .bss           0x06033430       0x10 main.o
                0x06033430                frame
 .bss           0x06033440       0x6e c:/saturn/sbl6/segalib/lib/sega_spr.a(spr_2c.o)
 *fill*         0x060334ae        0x2 00
 .bss           0x060334b0        0x4 c:/saturn/sbl6/segalib/lib/sega_scl.a(scl_vblv.o)
 *fill*         0x060334b4        0xc 00
 .bss           0x060334c0     0x1900 c:/saturn/sbl6/segalib/lib/sega_scl.a(scl_fu05.o)
 .bss           0x06034dc0        0x4 c:/saturn/sbl6/segalib/lib/sega_scl.a(scl_func.o)
 *fill*         0x06034dc4        0xc 00
 .bss           0x06034dd0       0x48 c:/saturn/sbl6/segalib/lib/sega_scl.a(scl_ro00.o)
 *fill*         0x06034e18        0x8 00
 .bss           0x06034e20        0xc c:/saturn/sbl6/segalib/lib/sega_cdc.a(cdc_sub.o)
 *fill*         0x06034e2c        0x4 00
 .bss           0x06034e30        0x2 c:/saturn/sbl6/segalib/lib/sega_cdc.a(cdc_reg.o)
 *fill*         0x06034e32        0xe 00
 .bss           0x06034e40       0x9c c:/saturn/sbl6/segalib/lib/sega_per.a(per_prt.o)
 *fill*         0x06034edc        0x4 00
 .bss           0x06034ee0        0xc c:/saturn/sbl6/segalib/lib/sega_sat.a(DMA_SCU1.o)
 *fill*         0x06034eec        0x4 00
 .bss           0x06034ef0        0xc c:/saturn/sbl6/segalib/lib/sega_sat.a(gfs_trn.o)
 *fill*         0x06034efc        0x4 00
 .bss           0x06034f00       0x20 c:/saturn/sbl6/segalib/lib/sega_sat.a(DMA_SCU0.o)
 .bss           0x06034f20       0x10 c:/saturn/SH_COFF/sh-coff/bin/../lib/gcc/sh-coff/3.4-GNUSH_v0501\libgcc.a(__main.o)
 .bss           0x06034f30       0x10 c:/saturn/SH_COFF/sh-coff/bin/../lib/gcc/sh-coff/3.4-GNUSH_v0501/../../../../sh-coff/lib\libc.a(atexit.o)
 .bss           0x06034f40       0x40 c:/saturn/SH_COFF/sh-coff/bin/../lib/gcc/sh-coff/3.4-GNUSH_v0501/../../../../sh-coff/lib\libc.a(mallocr.o)
                0x06034f70                __malloc_top_pad
                0x06034f40                __malloc_current_mallinfo
                0x06034f6c                __malloc_max_sbrked_mem
                0x06034f68                __malloc_max_total_mem
 .bss           0x06034f80       0x10 c:/saturn/SH_COFF/sh-coff/bin/../lib/gcc/sh-coff/3.4-GNUSH_v0501/../../../../sh-coff/lib\libc.a(syscalls.o)
 *(COMMON)
 COMMON         0x06034f90        0x8 vblank.o
                                  0x0 (size before relaxing)
                0x06034f90                PadAnalogR1
                0x06034f91                PadAnalogL1
                0x06034f92                PadAnalogY1
                0x06034f93                PadAnalogX1
                0x06034f94                PadID1
 *fill*         0x06034f98        0x8 00
 COMMON         0x06034fa0      0x1e4 ball.o
                                  0x0 (size before relaxing)
                0x06034fa0                ball_sprites
                0x06035180                ball_count
 *fill*         0x06035184        0xc 00
 COMMON         0x06035190       0xa0 capsule.o
                                  0x0 (size before relaxing)
                0x06035190                capsules
 COMMON         0x06035230     0x1674 cd.o
                                  0x0 (size before relaxing)
                0x06035230                dirname
                0x06035b90                lib_work
                0x06036898                directory_table
 *fill*         0x060368a4        0xc 00
 COMMON         0x060368b0       0x24 game.o
                                  0x0 (size before relaxing)
                0x060368b0                laser_charno
                0x060368b4                ship_sprite
                0x060368b8                explosion_charno
                0x060368bc                capsule_charno
                0x060368c0                bit_charno
                0x060368c4                block_charno
                0x060368c8                ship_left
                0x060368cc                ship_right
                0x060368d0                ball_charno
 *fill*         0x060368d4        0xc 00
 COMMON         0x060368e0       0xd0 laser.o
                                  0x0 (size before relaxing)
                0x060368e0                laser_count
                0x060368f0                laser_sprites
 COMMON         0x060369b0     0x14a0 print.o
                                  0x0 (size before relaxing)
                0x060369b0                text
 COMMON         0x06037e50      0x230 scroll.o
                                  0x0 (size before relaxing)
                0x06037e50                scfg
 COMMON         0x06038080     0x3180 sprite.o
                                  0x0 (size before relaxing)
                0x06038080                sprites
                0x06039200                sprite_buf
 COMMON         0x0603b200       0x8c main.o
                                  0x0 (size before relaxing)
                0x0603b200                off_config
 *fill*         0x0603b28c        0x4 00
 COMMON         0x0603b290      0x400 c:/saturn/sbl6/segalib/lib/sega_int.a(int.o)
                                  0x0 (size before relaxing)
                0x0603b290                __interrupt_vector
 COMMON         0x0603b690       0x50 c:/saturn/sbl6/segalib/lib/sega_spr.a(spr_2c.o)
                                  0x0 (size before relaxing)
                0x0603b690                SpMstCmd
                0x0603b694                Sp2OpenFlag
                0x0603b698                SpGourTblMax
                0x0603b69c                SpDrawPrtyBlk
                0x0603b6a0                SpLCoordX
                0x0603b6a4                SpMstDrawPrtyBlk
                0x0603b6a8                SpGourTbl
                0x0603b6ac                SpLookupTblR
                0x0603b6b0                SpCmdTbl
                0x0603b6b4                SpCharMax
                0x0603b6b8                SpDrawPrtyProcFlag
                0x0603b6bc                SpCmdNo
                0x0603b6c0                SpDrawPrtyBlkMax
                0x0603b6c4                SpSlvCmdPos
                0x0603b6c8                SpSlvDrawPrtyBlk
                0x0603b6cc                SpCharTbl
                0x0603b6d0                SpCmdTblR
                0x0603b6d4                SpMstCmdPos
                0x0603b6d8                SpSlvCmd
                0x0603b6dc                SpLCoordY
 COMMON         0x0603b6e0       0x10 c:/saturn/sbl6/segalib/lib/sega_spr.a(spr_1c.o)
                                  0x0 (size before relaxing)
                0x0603b6e0                SpScreenY
                0x0603b6e4                SpFbcrMode
                0x0603b6e6                SpDil
                0x0603b6e8                SpDie
                0x0603b6ea                SpTvMode
                0x0603b6ec                SpScreenX
 COMMON         0x0603b6f0      0x6b0 c:/saturn/sbl6/segalib/lib/sega_scl.a(scl_pri.o)
                                  0x0 (size before relaxing)
                0x0603b6f0                SclAutoEndBlue2
                0x0603b700                SclColOffset
                0x0603b710                SclPriBuffDirty
                0x0603b712                SclAutoEndRed
                0x0603b714                SclAutoSurface
                0x0603b718                SclAutoGreen
                0x0603b71a                SclAutoEndGreen
                0x0603b71c                SclAutoCount
                0x0603b720                SclColRamAlloc256
                0x0603b740                SclAutoCurRate
                0x0603b741                SclAutoPlusFlag
                0x0603b748                SclSpColMix
                0x0603b750                SclAutoMax
                0x0603b754                SclLineColRamOffset
                0x0603b758                SclColRamAlloc2048
                0x0603b75c                SclBgPriNum
                0x0603b762                SclAutoEndBlue
                0x0603b764                SclAutoEndGreen2
                0x0603b766                SclAutoVeFlag
                0x0603b768                SclBgColMix
                0x0603b770                SclAutoIndex
                0x0603b774                SclAutoEndRate
                0x0603b776                SclAutoBlue
                0x0603b778                SclAutoRed
                0x0603b77c                SclAutoInterval
                0x0603b780                SclOtherPri
                0x0603b790                SclAutoRGB
                0x0603bd90                SclAutoEndRed2
                0x0603bd98                SclSpPriNum
 COMMON         0x0603bda0      0xf00 c:/saturn/sbl6/segalib/lib/sega_scl.a(scl_func.o)
                                  0x0 (size before relaxing)
                0x0603bda0                SclRbgKtbAddr
                0x0603bda8                SclRb
                0x0603bdaa                Scl_flag
                0x0603bdb0                SclK_TableBuff
                0x0603ca80                SclAddrCsTbl
                0x0603ca90                Scl_s_reg
                0x0603cab8                SclRotateXy
                0x0603cac0                Scl_d_reg
                0x0603cb08                SclRotateDisp
                0x0603cb10                SclRotateMoveZ
                0x0603cb18                SclRotXySw
                0x0603cb20                Scl_r_reg
                0x0603cb30                SclRPMD
                0x0603cb38                SclRbgKtbOffset
                0x0603cb40                _SclRotregBuff
                0x0603cc10                SclRa
                0x0603cc18                SclRotateZ
                0x0603cc20                SclAddrLsTbl
                0x0603cc28                SclK_TableNum
                0x0603cc30                SclRotateTableAddress
                0x0603cc34                SclK_TableFlag
                0x0603cc40                Scl_w_reg
                0x0603cc60                Scl_n_reg
 COMMON         0x0603cca0       0x10 c:/saturn/sbl6/segalib/lib/sega_scl.a(scl_ro00.o)
                                  0x0 (size before relaxing)
                0x0603cca0                SclCsx
                0x0603cca8                SclCsy
 COMMON         0x0603ccb0       0x15 c:/saturn/sbl6/segalib/lib/sega_per.a(per_prt.o)
                                  0x0 (size before relaxing)
                0x0603ccb0                per_get_time_flg
                0x0603ccb1                per_hot_res
                0x0603ccb2                per_set_sys_flg
                0x0603ccb4                per_get_time_adr
                0x0603ccb8                per_get_sys_data
                0x0603ccc4                per_time_out_flg
 *fill*         0x0603ccc5        0xb 00
 COMMON         0x0603ccd0        0xc c:/saturn/sbl6/segalib/lib/sega_sat.a(gfs.o)
                                  0x0 (size before relaxing)
                0x0603ccd0                GFMC_base
                0x0603ccd4                gfs_mng_ptr
                0x0603ccd8                gfs_use_scudma
 *fill*         0x0603ccdc        0x4 00
 COMMON         0x0603cce0        0x8 c:/saturn/sbl6/segalib/lib/sega_sat.a(gfs_cdf.o)
                                  0x0 (size before relaxing)
                0x0603cce0                gfcf_fad
                0x0603cce4                gfcf_stat
 *fill*         0x0603cce8        0x8 00
 COMMON         0x0603ccf0        0xc c:/saturn/sbl6/segalib/lib/sega_sat.a(gfs_cdc.o)
                                  0x0 (size before relaxing)
                0x0603ccf0                gfcd_fatal_err
                0x0603ccf4                gfcd_work
                0x0603ccf8                gfcd_playflag
 *fill*         0x0603ccfc        0x4 00
 COMMON         0x0603cd00        0x8 c:/saturn/sbl6/segalib/lib/sega_sat.a(DMA_CPU5.o)
                                  0x0 (size before relaxing)
                0x0603cd00                dma_cpu_cnt
                0x0603cd04                dma_cpu_dis_adr
 *fill*         0x0603cd08        0x8 00
 COMMON         0x0603cd10        0x4 c:/saturn/SH_COFF/sh-coff/bin/../lib/gcc/sh-coff/3.4-GNUSH_v0501/../../../../sh-coff/lib\libc.a(syscalls.o)
                                  0x0 (size before relaxing)
                0x0603cd10                errno
                0x0603cd14                SIZEOF_B = (. - STARTOF_B)
                0x0603cd14                ENDOF_B = .
                0x0603cd14                _end = .
OUTPUT(main.cof coff-sh)

.comment        0x0603cd20      0x5e0
 .comment       0x0603cd20       0x20 c:/saturn/sbl6/segasmp/lib/strt2_g.o
 .comment       0x0603cd40       0x20 vblank.o
 .comment       0x0603cd60       0x20 smpclib/per_x1.o
 .comment       0x0603cd80       0x20 smpclib/per_x2.o
 .comment       0x0603cda0       0x20 spritecode/explosion.o
 .comment       0x0603cdc0       0x20 ball.o
 .comment       0x0603cde0       0x20 capsule.o
 .comment       0x0603ce00       0x20 cd.o
 .comment       0x0603ce20       0x20 crc.o
 .comment       0x0603ce40       0x20 devcart.o
 .comment       0x0603ce60       0x20 game.o
 .comment       0x0603ce80       0x20 graphics.o
 .comment       0x0603cea0       0x20 intro.o
 .comment       0x0603cec0       0x20 laser.o
 .comment       0x0603cee0       0x20 level.o
 .comment       0x0603cf00       0x20 logo.o
 .comment       0x0603cf20       0x20 menu.o
 .comment       0x0603cf40       0x20 pcmsys.o
 .comment       0x0603cf60       0x20 print.o
 .comment       0x0603cf80       0x20 scroll.o
 .comment       0x0603cfa0       0x20 sound.o
 .comment       0x0603cfc0       0x20 sprite.o
 .comment       0x0603cfe0       0x20 main.o
 .comment       0x0603d000       0x20 c:/saturn/SH_COFF/sh-coff/bin/../lib/gcc/sh-coff/3.4-GNUSH_v0501\libgcc.a(_si_to_df.o)
 .comment       0x0603d020       0x20 c:/saturn/SH_COFF/sh-coff/bin/../lib/gcc/sh-coff/3.4-GNUSH_v0501\libgcc.a(_mul_df.o)
 .comment       0x0603d040       0x20 c:/saturn/SH_COFF/sh-coff/bin/../lib/gcc/sh-coff/3.4-GNUSH_v0501\libgcc.a(_df_to_si.o)
 .comment       0x0603d060       0x20 c:/saturn/SH_COFF/sh-coff/bin/../lib/gcc/sh-coff/3.4-GNUSH_v0501\libgcc.a(__main.o)
 .comment       0x0603d080       0x20 c:/saturn/SH_COFF/sh-coff/bin/../lib/gcc/sh-coff/3.4-GNUSH_v0501\libgcc.a(_pack_df.o)
 .comment       0x0603d0a0       0x20 c:/saturn/SH_COFF/sh-coff/bin/../lib/gcc/sh-coff/3.4-GNUSH_v0501\libgcc.a(_unpack_df.o)
 .comment       0x0603d0c0       0x20 c:/saturn/SH_COFF/sh-coff/bin/../lib/gcc/sh-coff/3.4-GNUSH_v0501\libgcc.a(_thenan_df.o)
 .comment       0x0603d0e0       0x20 c:/saturn/SH_COFF/sh-coff/bin/../lib/gcc/sh-coff/3.4-GNUSH_v0501\libgcc.a(_muldi3.o)
 .comment       0x0603d100       0x20 c:/saturn/SH_COFF/sh-coff/bin/../lib/gcc/sh-coff/3.4-GNUSH_v0501\libgcc.a(_lshrdi3.o)
 .comment       0x0603d120       0x20 c:/saturn/SH_COFF/sh-coff/bin/../lib/gcc/sh-coff/3.4-GNUSH_v0501\libgcc.a(_ashldi3.o)
 .comment       0x0603d140       0x20 c:/saturn/SH_COFF/sh-coff/bin/../lib/gcc/sh-coff/3.4-GNUSH_v0501/../../../../sh-coff/lib\libc.a(memcmp.o)
 .comment       0x0603d160       0x20 c:/saturn/SH_COFF/sh-coff/bin/../lib/gcc/sh-coff/3.4-GNUSH_v0501/../../../../sh-coff/lib\libc.a(strncmp.o)
 .comment       0x0603d180       0x20 c:/saturn/SH_COFF/sh-coff/bin/../lib/gcc/sh-coff/3.4-GNUSH_v0501/../../../../sh-coff/lib\libc.a(strncpy.o)
 .comment       0x0603d1a0       0x20 c:/saturn/SH_COFF/sh-coff/bin/../lib/gcc/sh-coff/3.4-GNUSH_v0501/../../../../sh-coff/lib\libc.a(atexit.o)
 .comment       0x0603d1c0       0x20 c:/saturn/SH_COFF/sh-coff/bin/../lib/gcc/sh-coff/3.4-GNUSH_v0501/../../../../sh-coff/lib\libc.a(impure.o)
 .comment       0x0603d1e0       0x20 c:/saturn/SH_COFF/sh-coff/bin/../lib/gcc/sh-coff/3.4-GNUSH_v0501/../../../../sh-coff/lib\libc.a(malloc.o)
 .comment       0x0603d200       0x20 c:/saturn/SH_COFF/sh-coff/bin/../lib/gcc/sh-coff/3.4-GNUSH_v0501/../../../../sh-coff/lib\libc.a(mallocr.o)
 .comment       0x0603d220       0x20 c:/saturn/SH_COFF/sh-coff/bin/../lib/gcc/sh-coff/3.4-GNUSH_v0501/../../../../sh-coff/lib\libc.a(freer.o)
 .comment       0x0603d240       0x20 c:/saturn/SH_COFF/sh-coff/bin/../lib/gcc/sh-coff/3.4-GNUSH_v0501/../../../../sh-coff/lib\libc.a(mlock.o)
 .comment       0x0603d260       0x20 c:/saturn/SH_COFF/sh-coff/bin/../lib/gcc/sh-coff/3.4-GNUSH_v0501/../../../../sh-coff/lib\libc.a(sbrkr.o)
 .comment       0x0603d280       0x20 c:/saturn/SH_COFF/sh-coff/bin/../lib/gcc/sh-coff/3.4-GNUSH_v0501/../../../../sh-coff/lib\libc.a(syscalls.o)
 .comment       0x0603d2a0       0x20 c:/saturn/SH_COFF/sh-coff/bin/../lib/gcc/sh-coff/3.4-GNUSH_v0501/../../../../sh-coff/lib\libc.a(abort.o)
 .comment       0x0603d2c0       0x20 c:/saturn/SH_COFF/sh-coff/bin/../lib/gcc/sh-coff/3.4-GNUSH_v0501/../../../../sh-coff/lib\libc.a(signal.o)