Archive member included because of file (symbol)

../sbl6/segalib/lib/sega_int.a(int.o)
                              vblank.o (INT_SetScuFunc)
../sbl6/segalib/lib/sega_int.a(int_trmp.o)
                              ../sbl6/segalib/lib/sega_int.a(int.o) (__interrupt_handler0)
../sbl6/segalib/lib/sega_spr.a(spr_2c.o)
                              sprite.o (SPR_2Initial)
../sbl6/segalib/lib/sega_spr.a(spr_slv.o)
                              ../sbl6/segalib/lib/sega_spr.a(spr_2c.o) (SPR_InitSlaveSH)
../sbl6/segalib/lib/sega_spr.a(spr_1c.o)
                              ../sbl6/segalib/lib/sega_spr.a(spr_2c.o) (SPR_Initial)
../sbl6/segalib/lib/sega_spr.a(spr_2a.o)
                              ../sbl6/segalib/lib/sega_spr.a(spr_2c.o) (SPR_2SetDrawPrty)
../sbl6/segalib/lib/sega_scl.a(scl_vblv.o)
                              ../sbl6/segalib/lib/sega_spr.a(spr_1c.o) (SpFrameChgMode)
../sbl6/segalib/lib/sega_scl.a(scl_pr12.o)
                              game.o (SCL_SetColOffset)
../sbl6/segalib/lib/sega_scl.a(scl_pr07.o)
                              game.o (SCL_SetPriority)
../sbl6/segalib/lib/sega_scl.a(scl_pr02.o)
                              game.o (SCL_SetColRam)
../sbl6/segalib/lib/sega_scl.a(scl_pr11.o)
                              game.o (SCL_SetAutoColOffset)
../sbl6/segalib/lib/sega_scl.a(scl_pri.o)
                              ../sbl6/segalib/lib/sega_scl.a(scl_pr11.o) (SclAutoVeFlag)
../sbl6/segalib/lib/sega_scl.a(scl_pr10.o)
                              intro.o (SCL_SetAutoColMix)
../sbl6/segalib/lib/sega_scl.a(scl_fu05.o)
                              intro.o (SCL_InitLineParamTb)
../sbl6/segalib/lib/sega_scl.a(scl_func.o)
                              ../sbl6/segalib/lib/sega_scl.a(scl_fu05.o) (SclLengthLsTbl)
../sbl6/segalib/lib/sega_scl.a(scl_fu01.o)
                              scroll.o (SCL_SetDisplayMode)
../sbl6/segalib/lib/sega_scl.a(scl_fu04.o)
                              scroll.o (SCL_SetCycleTable)
../sbl6/segalib/lib/sega_scl.a(scl_pr03.o)
                              scroll.o (SCL_AllocColRam)
../sbl6/segalib/lib/sega_scl.a(scl_back.o)
                              scroll.o (SCL_SetBack)
../sbl6/segalib/lib/sega_scl.a(scl_fu03.o)
                              scroll.o (SCL_InitConfigTb)
../sbl6/segalib/lib/sega_scl.a(scl_fu02.o)
                              scroll.o (SCL_InitVramConfigTb)
../sbl6/segalib/lib/sega_scl.a(scl_pr01.o)
                              main.o (SCL_SetSpriteMode)
../sbl6/segalib/lib/sega_scl.a(scl_pr05.o)
                              ../sbl6/segalib/lib/sega_scl.a(scl_pr02.o) (SCL_GetColRamOffset)
../sbl6/segalib/lib/sega_scl.a(scl_ro00.o)
                              ../sbl6/segalib/lib/sega_scl.a(scl_func.o) (SCL_Rotate)
../sbl6/segalib/lib/sega_scl.a(scl_pr06.o)
                              ../sbl6/segalib/lib/sega_scl.a(scl_pr03.o) (SCL_SetColRamOffset)
../sbl6/segalib/lib/sega_mth.a(mth_fixd.o)
                              ball.o (MTH_Mul)
../sbl6/segalib/lib/sega_mth.a(mth_tri.o)
                              ball.o (MTH_Sin)
../sbl6/segalib/lib/sega_mth.a(mth_rand.o)
                              main.o (MTH_InitialRand)
../sbl6/segalib/lib/sega_cdc.a(cdc_drv.o)
                              sound.o (CDC_CdPlay)
../sbl6/segalib/lib/sega_cdc.a(cdc_cmn.o)
                              main.o (CDC_GetPeriStat)
../sbl6/segalib/lib/sega_cdc.a(cdc_sub.o)
                              ../sbl6/segalib/lib/sega_cdc.a(cdc_cmn.o) (CDSUB_UpdStatus)
../sbl6/segalib/lib/sega_cdc.a(cdc_reg.o)
                              ../sbl6/segalib/lib/sega_cdc.a(cdc_cmn.o) (CDREG_ClrHirqReq)
../sbl6/segalib/lib/sega_per.a(per_prt.o)
                              smpclib/per_x2.o (PER_LInit)
../sbl6/segalib/lib/sega_sat.a(gfs.o)
                              cd.o (GFS_Init)
../sbl6/segalib/lib/sega_sat.a(DMA_CPU1.o)
                              game.o (DMA_CpuMemCopy1)
../sbl6/segalib/lib/sega_sat.a(DMA_CPU2.o)
                              intro.o (DMA_CpuMemCopy2)
../sbl6/segalib/lib/sega_sat.a(DMA_SCU1.o)
                              ../sbl6/segalib/lib/sega_spr.a(spr_2c.o) (DMA_ScuMemCopy)
../sbl6/segalib/lib/sega_sat.a(gfs_cdf.o)
                              ../sbl6/segalib/lib/sega_sat.a(gfs.o) (GFCF_Init)
../sbl6/segalib/lib/sega_sat.a(gfs_dir.o)
                              ../sbl6/segalib/lib/sega_sat.a(gfs.o) (GFDR_SetupDirTbl)
../sbl6/segalib/lib/sega_sat.a(gfs_trn.o)
                              ../sbl6/segalib/lib/sega_sat.a(gfs.o) (GFTR_Setup)
../sbl6/segalib/lib/sega_sat.a(gfs_buf.o)
                              ../sbl6/segalib/lib/sega_sat.a(gfs.o) (GFBF_GetNumData)
../sbl6/segalib/lib/sega_sat.a(gfs_cdb.o)
                              ../sbl6/segalib/lib/sega_sat.a(gfs_cdf.o) (GFCB_Setup)
../sbl6/segalib/lib/sega_sat.a(gfs_cdc.o)
                              ../sbl6/segalib/lib/sega_sat.a(gfs.o) (GFCD_SetCdbfs)
../sbl6/segalib/lib/sega_sat.a(DMA_CPU0.o)
[...]
Memory Configuration

Name             Origin             Length             Attributes
*default*        0x00000000         0xffffffff

Linker script and memory map

LOAD ../sbl6/segasmp/lib/strt1_g.o
LOAD ../sbl6/segasmp/lib/strt2_g.o
LOAD vblank.o
LOAD smpclib/per_x1.o
LOAD smpclib/per_x2.o
LOAD smpclib/per_x3.o
LOAD spritecode/explosion.o
LOAD ball.o
LOAD cd.o
LOAD crc.o
LOAD devcart.o
LOAD game.o
LOAD graphics.o
LOAD intro.o
LOAD level.o
LOAD logo.o
LOAD menu.o
LOAD pcmsys.o
LOAD print.o
LOAD scroll.o
LOAD sound.o
LOAD sprite.o
LOAD main.o
LOAD ../sbl6/segalib/lib/sega_int.a
LOAD ../sbl6/segalib/lib/sega_spr.a
LOAD ../sbl6/segalib/lib/sega_scl.a
LOAD ../sbl6/segalib/lib/sega_mth.a
LOAD ../sbl6/segalib/lib/sega_cdc.a
LOAD ../sbl6/segalib/lib/sega_adp.a
LOAD ../sbl6/segalib/lib/sega_per.a
LOAD ../sbl6/segalib/lib/sega_sat.a
LOAD C:/saturn/SH_COFF/sh-coff/bin/../lib/gcc/sh-coff/3.4-GNUSH_v0501\libgcc.a
LOAD C:/saturn/SH_COFF/sh-coff/bin/../lib/gcc/sh-coff/3.4-GNUSH_v0501/../../../../sh-coff/lib\libc.a
LOAD C:/saturn/SH_COFF/sh-coff/bin/../lib/gcc/sh-coff/3.4-GNUSH_v0501\libgcc.a

.text           0x06010000    0x17750
 *(.text)
 .text          0x06010000       0x30 ../sbl6/segasmp/lib/strt1_g.o
                0x06010024                _D_END
                0x06010020                _D_BGN
                0x0601002c                _B_END
                0x06010028                _B_BGN
                0x06010000                START
 .text          0x06010030       0x60 ../sbl6/segasmp/lib/strt2_g.o
                0x06010050                _INITSCT
                0x06010030                _INIT
 .text          0x06010090      0x1d0 vblank.o
                0x06010090                SetVblank
                0x06010110                UsrVblankOut
                0x060100f0                UsrVblankIn
 .text          0x06010260      0x240 smpclib/per_x1.o
                0x06010440                PER_GetAnalogXYZ
                0x06010280                PER_GetTriggerHandler
                0x060103d0                PER_GetEdge
                0x06010390                PER_GetTrigger
                0x060103e0                PER_GetPressEdge
                0x06010410                PER_GetReleaseEdge
                0x06010260                PER_SetTriggerHandler
 .text          0x060104a0      0x180 smpclib/per_x2.o
                0x06010580                PER_GetDeviceA
                0x060104a0                PER_OpenPort
                0x060104d0                PER_GetPort
                0x060105c0                PER_GetDeviceR
 .text          0x06010620       0x20 smpclib/per_x3.o
                0x06010620                PER_DisguiseTrigger
 .text          0x06010640       0xb0 spritecode/explosion.o
                0x060106a0                explosion_move
                0x06010640                explosion_make
 .text          0x060106f0      0x390 ball.o
                0x06010810                ball_move
                0x06010780                ball_remove
                0x06010710                ball_add
                0x060107d0                ball_bounce
                0x060106f0                ball_init
 .text          0x06010a80      0x120 cd.o
                0x06010b20                cd_load_nosize
                0x06010a80                cd_init
                0x06010ab0                cd_load
 .text          0x06010ba0      0x140 crc.o
                0x06010ca0                crc_update
 .text          0x06010ce0      0x1c0 devcart.o
                0x06010e60                devcart_reset
                0x06010d50                devcart_loadfile
                0x06010e50                devcart_printstr
 .text          0x06010ea0      0xd70 game.o
                0x06011020                game_run
                0x06010fa0                game_loss
 .text          0x06011c10      0xe10 intro.o
                0x06011c10                intro_run
 .text          0x06012a20      0x610 level.o
                0x06012c20                level_disp
                0x06012a20                level_load
 .text          0x06013030      0x370 logo.o
                0x06013090                logo_run
                0x06013030                logo_loadframe
 .text          0x060133a0      0xbd0 menu.o
                0x060136d0                menu_run
                0x06013580                sqrt32
 .text          0x06013f70      0x8c0 pcmsys.o
                0x06014630                load_8bit_pcm
                0x06014390                smpc_issue_command
                0x06014430                load_drv
                0x060147c0                pcm_parameter_change
                0x06014370                smpc_wait_till_ready
                0x060143b0                load_driver_binary
                0x06014780                pcm_play
                0x060147f0                pcm_cease
                0x06014480                calculate_bytes_per_blank
                0x060144d0                load_16bit_pcm
 .text          0x06014830      0x230 print.o
                0x060149c0                print_display
                0x06014910                print_num
                0x06014830                print_load
                0x060148e0                print_init
                0x06014960                print_string
 .text          0x06014a60      0x550 scroll.o
                0x06014a60                scroll_lores
                0x06014e70                scroll_move
                0x06014ec0                scroll_clearmaps
                0x06014e20                scroll_set
                0x06014f10                scroll_charsize
                0x06014f60                scroll_mapsize
                0x06014ac0                scroll_hires
                0x06014c00                scroll_init
                0x06014b20                scroll_scale
 .text          0x06014fb0      0x1a0 sound.o
                0x06015130                sound_play
                0x06014fe0                sound_init
                0x060150d0                sound_cdda
 .text          0x06015150      0x600 sprite.o
                0x06015180                sprite_init
                0x06015580                sprite_make
                0x060156c0                sprite_next
                0x06015240                sprite_erase
                0x06015720                sprite_delete
                0x060155d0                sprite_draw_all
                0x06015150                sprite_deleteall
                0x060152a0                sprite_startdraw
                0x06015320                sprite_draw
 .text          0x06015750      0x220 main.o
                0x06015750                main
 .text          0x06015970       0x40 ../sbl6/segalib/lib/sega_int.a(int.o)
                0x0601599c                INT_GetScuFunc
                0x06015970                INT_SetScuFunc
 .text          0x060159b0      0x624 ../sbl6/segalib/lib/sega_int.a(int_trmp.o)
                0x06015b18                __interrupt_handler60
                0x06015cc8                __interrupt_handler132
                0x06015e7e                __interrupt_handler205
                0x06015ce6                __interrupt_handler137
                0x06015c14                __interrupt_handler102
                0x06015a52                __interrupt_handler27
                0x06015e54                __interrupt_handler198
                0x06015d46                __interrupt_handler153
                0x06015a2e                __interrupt_handler21
                0x06015b3c                __interrupt_handler66
                0x06015c2c                __interrupt_handler106
                0x06015d76                __interrupt_handler161
                0x06015bc0                __interrupt_handler88
                0x06015d8e                __interrupt_handler165
                0x06015c9e                __interrupt_handler125
                0x060159d4                __interrupt_handler6
                0x06015a70                __interrupt_handler32
                0x06015e2a                __interrupt_handler191
                0x06015f44                __interrupt_handler238
                0x06015f5c                __interrupt_handler242
                0x06015d64                __interrupt_handler158
                0x06015bcc                __interrupt_handler90
                0x06015d88                __interrupt_handler164
                0x06015aac                __interrupt_handler42
                0x06015dee                __interrupt_handler181
                0x06015ef6                __interrupt_handler225
                0x06015f9e                __interrupt_handler253
                0x06015db2                __interrupt_handler171
                0x06015b6c                __interrupt_handler74
                0x060159c2                __interrupt_handler3
                0x06015b06                __interrupt_handler57
                0x06015a04                __interrupt_handler14
                0x06015e9c                __interrupt_handler210
                0x06015ecc                __interrupt_handler218
                0x06015e90                __interrupt_handler208
                0x06015a94                __interrupt_handler38
                0x060159b0                __interrupt_handler0
                0x06015c20                __interrupt_handler104
                0x06015d5e                __interrupt_handler157
                0x06015eae                __interrupt_handler213
                0x06015da0                __interrupt_handler168
                0x06015bae                __interrupt_handler85
                0x06015c4a                __interrupt_handler111
                0x06015c5c                __interrupt_handler114
                0x06015aca                __interrupt_handler47
                0x06015f20                __interrupt_handler232
                0x06015eea                __interrupt_handler223
                0x06015f3e                __interrupt_handler237
                0x06015b2a                __interrupt_handler63
                0x06015ab8                __interrupt_handler44
                0x06015dca                __interrupt_handler175
                0x06015df4                __interrupt_handler182
                0x06015e0c                __interrupt_handler186
                0x06015d0a                __interrupt_handler143
                0x06015c32                __interrupt_handler107
                0x06015c98                __interrupt_handler124
                0x06015db8                __interrupt_handler172
                0x06015f6e                __interrupt_handler245
                0x06015bea                __interrupt_handler95
                0x06015cc2                __interrupt_handler131
                0x06015cd4                __interrupt_handler134
                0x06015cf2                __interrupt_handler139
                0x06015b60                __interrupt_handler72
                0x06015f1a                __interrupt_handler231
                0x06015d70                __interrupt_handler160
                0x06015cb6                __interrupt_handler129
                0x06015a28                __interrupt_handler20
                0x06015b36                __interrupt_handler65
                0x06015b00                __interrupt_handler56
                0x060159fe                __interrupt_handler13
                0x06015e96                __interrupt_handler209
                0x06015c50                __interrupt_handler112
                0x06015a22                __interrupt_handler19
                0x06015bde                __interrupt_handler93
                0x06015e48                __interrupt_handler196
                0x06015d3a                __interrupt_handler151
                0x06015d9a                __interrupt_handler167
                0x06015fb0                __trampoline
                0x06015a16                __interrupt_handler17
                0x06015f08                __interrupt_handler228
                0x06015faa                __interrupt_handler255
                0x06015f68                __interrupt_handler244
                0x06015c02                __interrupt_handler99
                0x06015dfa                __interrupt_handler183
                0x06015cf8                __interrupt_handler140
                0x06015e1e                __interrupt_handler189
                0x06015d1c                __interrupt_handler146
                0x06015ee4                __interrupt_handler222
                0x06015d58                __interrupt_handler156
                0x06015c8c                __interrupt_handler122
                0x06015f80                __interrupt_handler248
                0x06015ad0                __interrupt_handler48
                0x06015b4e                __interrupt_handler69
                0x06015a40                __interrupt_handler24
                0x06015bc6                __interrupt_handler89
                0x06015eba                __interrupt_handler215
                0x06015fa4                __interrupt_handler254
                0x06015bba                __interrupt_handler87
                0x06015b1e                __interrupt_handler61
                0x06015e42                __interrupt_handler195
                0x06015d34                __interrupt_handler150
                0x06015aa6                __interrupt_handler41
                0x06015c44                __interrupt_handler110
                0x06015caa                __interrupt_handler127
                0x06015c38                __interrupt_handler108
                0x06015c56                __interrupt_handler113
                0x06015c68                __interrupt_handler116
                0x06015c86                __interrupt_handler121
                0x06015b7e                __interrupt_handler77
                0x06015a9a                __interrupt_handler39
                0x06015ab2                __interrupt_handler43
                0x06015f86                __interrupt_handler249
                0x06015dc4                __interrupt_handler174
                0x06015ce0                __interrupt_handler136
                0x06015e18                __interrupt_handler188
                0x06015d16                __interrupt_handler145
                0x060159e6                __interrupt_handler9
                0x06015b8a                __interrupt_handler79
                0x06015f02                __interrupt_handler227
                0x06015a7c                __interrupt_handler34
                0x06015cbc                __interrupt_handler130
                0x06015f7a                __interrupt_handler247
                0x06015b72                __interrupt_handler75
                0x06015dbe                __interrupt_handler173
                0x06015aee                __interrupt_handler53
                0x06015d2e                __interrupt_handler149
                0x06015f92                __interrupt_handler251
                0x06015f26                __interrupt_handler233
                0x060159ec                __interrupt_handler10
                0x06015e78                __interrupt_handler204
                0x06015b9c                __interrupt_handler82
                0x06015ba2                __interrupt_handler83
                0x06015a46                __interrupt_handler25
                0x06015f62                __interrupt_handler243
                0x06015d7c                __interrupt_handler162
                0x06015ac4                __interrupt_handler46
                0x06015ddc                __interrupt_handler178
                0x06015b90                __interrupt_handler80
                0x06015b24                __interrupt_handler62
                0x060159bc                __interrupt_handler2
                0x06015a5e                __interrupt_handler29
                0x06015b54                __interrupt_handler70
                0x06015c3e                __interrupt_handler109
                0x06015d28                __interrupt_handler148
                0x06015be4                __interrupt_handler94
                0x06015ef0                __interrupt_handler224
                0x06015c1a                __interrupt_handler103
                0x06015a88                __interrupt_handler36
                0x06015ca4                __interrupt_handler126
                0x06015f74                __interrupt_handler246
                0x06015afa                __interrupt_handler55
                0x060159f8                __interrupt_handler12
                0x06015ae8                __interrupt_handler52
                0x06015e12                __interrupt_handler187
                0x06015d10                __interrupt_handler144
                0x06015c6e                __interrupt_handler117
                0x06015a1c                __interrupt_handler18
                0x06015e4e                __interrupt_handler197
                0x06015d40                __interrupt_handler152
                0x06015c74                __interrupt_handler118
                0x06015dac                __interrupt_handler170
                0x06015e66                __interrupt_handler201
                0x06015bf6                __interrupt_handler97
                0x06015d82                __interrupt_handler163
                0x06015de8                __interrupt_handler180
                0x06015e30                __interrupt_handler192
                0x06015f50                __interrupt_handler240
                0x06015c92                __interrupt_handler123
                0x06015eb4                __interrupt_handler214
                0x06015a6a                __interrupt_handler31
                0x06015a58                __interrupt_handler28
                0x06015b42                __interrupt_handler67
                0x06015b48                __interrupt_handler68
                0x06015a34                __interrupt_handler22
                0x06015a3a                __interrupt_handler23
                0x06015dd0                __interrupt_handler176
                0x060159da                __interrupt_handler7
                0x06015ede                __interrupt_handler221
                0x06015ec6                __interrupt_handler217
                0x06015f0e                __interrupt_handler229
                0x06015ad6                __interrupt_handler49
                0x060159c8                __interrupt_handler4
                0x06015aa0                __interrupt_handler40
                0x06015c62                __interrupt_handler115
                0x06015f32                __interrupt_handler235
                0x06015bd2                __interrupt_handler91
                0x06015e84                __interrupt_handler206
                0x06015dd6                __interrupt_handler177
                0x06015d22                __interrupt_handler147
                0x06015a8e                __interrupt_handler37
                0x06015f8c                __interrupt_handler250
                0x060159b6                __interrupt_handler1
                0x06015ed2                __interrupt_handler219
                0x06015b78                __interrupt_handler76
                0x06015c08                __interrupt_handler100
                0x06015b0c                __interrupt_handler58
                0x06015a0a                __interrupt_handler15
                0x06015ea8                __interrupt_handler212
                0x06015f56                __interrupt_handler241
                0x06015e6c                __interrupt_handler202
                0x06015e36                __interrupt_handler193
                0x06015b84                __interrupt_handler78
                0x06015adc                __interrupt_handler50
                0x06015a76                __interrupt_handler33
                0x06015d94                __interrupt_handler166
                0x06015cec                __interrupt_handler138
                0x06015cda                __interrupt_handler135
                0x06015a64                __interrupt_handler30
                0x06015e00                __interrupt_handler184
                0x06015cfe                __interrupt_handler141
                0x06015f14                __interrupt_handler230
                0x06015f38                __interrupt_handler236
                0x06015c7a                __interrupt_handler119
                0x06015bb4                __interrupt_handler86
                0x06015c26                __interrupt_handler105
                0x06015b96                __interrupt_handler81
                0x06015c80                __interrupt_handler120
                0x06015cb0                __interrupt_handler128
                0x06015af4                __interrupt_handler54
                0x060159f2                __interrupt_handler11
                0x06015e5a                __interrupt_handler199
                0x06015d4c                __interrupt_handler154
                0x06015abe                __interrupt_handler45
                0x06015ec0                __interrupt_handler216
                0x06015e72                __interrupt_handler203
                0x06015c0e                __interrupt_handler101
                0x06015ba8                __interrupt_handler84
                0x06015e06                __interrupt_handler185
                0x06015d04                __interrupt_handler142
                0x06015a4c                __interrupt_handler26
                0x06015b30                __interrupt_handler64
                0x06015e60                __interrupt_handler200
                0x06015e8a                __interrupt_handler207
                0x06015e3c                __interrupt_handler194
                0x06015bd8                __interrupt_handler92
                0x06015d52                __interrupt_handler155
                0x06015ea2                __interrupt_handler211
                0x06015cce                __interrupt_handler133
                0x060159ce                __interrupt_handler5
                0x06015b66                __interrupt_handler73
                0x06015a10                __interrupt_handler16
                0x06015f4a                __interrupt_handler239
                0x06015f2c                __interrupt_handler234
                0x06015a82                __interrupt_handler35
                0x06015b12                __interrupt_handler59
                0x06015da6                __interrupt_handler169
                0x06015bfc                __interrupt_handler98
                0x06015b5a                __interrupt_handler71
                0x06015ae2                __interrupt_handler51
                0x06015d6a                __interrupt_handler159
                0x06015efc                __interrupt_handler226
                0x06015bf0                __interrupt_handler96
                0x06015e24                __interrupt_handler190
                0x06015ed8                __interrupt_handler220
                0x060159e0                __interrupt_handler8
                0x06015de2                __interrupt_handler179
                0x06015f98                __interrupt_handler252
 *fill*         0x06015fd4        0xc 00
 .text          0x06015fe0     0x12a0 ../sbl6/segalib/lib/sega_spr.a(spr_2c.o)
                0x06017240                SlaveFlushDrawPrtyBlock
                0x06015fe0                SPR_2Initial
                0x06016824                SPR_2SysClip
                0x060167c4                SPR_2LocalCoord
                0x060170bc                SPR_2FlushDrawPrtyBlock
                0x06016da8                SPR_2DistSpr
                0x060167ac                SPR_2FlushDrawPrty
                0x06016ecc                SPR_2Cmd
                0x060164a8                SPR_2GourTblNoToVram
                0x06016508                SPR_2GetAreaSizeInfo
                0x06016270                SPR_2SetGourTbl
                0x06016a5c                SPR_2Polygon
                0x060164e4                SPR_2CharNoToVram
                0x060161f0                SPR_2SetTvMode
                0x0601664c                SPR_2CloseCommand
                0x0601622c                SPR_2FrameEraseData
                0x06016008                SPR_2Initial2
                0x06016c3c                SPR_2ScaleSpr
                0x060168cc                SPR_2Line
                0x06016598                SPR_2OpenCommand
                0x0601620c                SPR_2FrameChgIntr
                0x06016b18                SPR_2NormSpr
                0x060162a0                SPR_2SetLookupTbl
                0x060162d4                SPR_2SetChar
                0x060164cc                SPR_2LookupTblNoToVram
                0x060169a0                SPR_2PolyLine
                0x06016440                SPR_2ClrAllChar
                0x060163f4                SPR_2ClrChar
                0x06016870                SPR_2UserClip
 .text          0x06017280      0x1e6 ../sbl6/segalib/lib/sega_spr.a(spr_slv.o)
                0x060173e4                SPR_WaitEndSlaveSH
                0x06017280                SPR_SMPC_SSHON
                0x060173c0                SPR_RunSlaveSH
                0x06017284                SPR_InitSlaveSH
                0x0601734c                SPR_SlaveSHmain
                0x06017281                SPR_SMPC_SSHOFF
 *fill*         0x06017466        0xa 00
 .text          0x06017470      0x36a ../sbl6/segalib/lib/sega_spr.a(spr_1c.o)
                0x06017724                SPR_WaitDrawEnd
                0x0601773c                SPR_SetEosMode
                0x06017654                SPR_SetEraseData
                0x06017470                SPR_Initial
                0x06017548                SPR_SetTvMode
                0x060175e0                SPR_GetStatus
 *fill*         0x060177da        0x6 00
 .text          0x060177e0      0x244 ../sbl6/segalib/lib/sega_spr.a(spr_2a.o)
                0x060177f2                sprMemCpyW
                0x06017850                flushDrawPrtyBlock
                0x060177e0                sprMemCpyL
                0x06017804                SPR_2SetDrawPrty
 *fill*         0x06017a24        0xc 00
 .text          0x06017a30      0x2fc ../sbl6/segalib/lib/sega_scl.a(scl_vblv.o)
                0x06017aec                SCL_DisplayFrame
                0x06017a30                SCL_SetFrameInterval
                0x06017b20                SCL_VblInit
                0x06017b70                SCL_VblankStart
                0x06017bb4                SCL_VblankEnd
 *fill*         0x06017d2c        0x4 00
 .text          0x06017d30      0x1f4 ../sbl6/segalib/lib/sega_scl.a(scl_pr12.o)
                0x06017d30                SCL_SetColOffset
 *fill*         0x06017f24        0xc 00
 .text          0x06017f30      0x214 ../sbl6/segalib/lib/sega_scl.a(scl_pr07.o)
                0x06017f30                SCL_SetPriority
 *fill*         0x06018144        0xc 00
 .text          0x06018150       0x9c ../sbl6/segalib/lib/sega_scl.a(scl_pr02.o)
                0x06018150                SCL_SetColRam
 *fill*         0x060181ec        0x4 00
 .text          0x060181f0      0x180 ../sbl6/segalib/lib/sega_scl.a(scl_pr11.o)
                0x060181f0                SCL_SetAutoColOffset
 .text          0x06018370     0x10a4 ../sbl6/segalib/lib/sega_scl.a(scl_pri.o)
                0x06018404                SCL_AbortAutoVe
                0x060192b4                SCL_SetShadowBit
                0x0601887c                SCL_AutoExec
                0x06018370                SCL_PriorityInit
                0x06018d90                SCL_IncColOffset
                0x06018418                SCL_SetColMixRate
                0x060183e8                SCL_GetColRamMode
 *fill*         0x06019414        0xc 00
 .text          0x06019420       0x98 ../sbl6/segalib/lib/sega_scl.a(scl_pr10.o)
                0x06019420                SCL_SetAutoColMix
 *fill*         0x060194b8        0x8 00
 .text          0x060194c0      0x278 ../sbl6/segalib/lib/sega_scl.a(scl_fu05.o)
                0x0601957c                SCL_SetLineParam
                0x060194c8                SCL_InitLineParamTb
 *fill*         0x06019738        0x8 00
 .text          0x06019740      0xb9c ../sbl6/segalib/lib/sega_scl.a(scl_func.o)
                0x0601a11c                SCL_Vdp2_SGLInit
                0x0601a02c                SCL_PriIntProc
                0x06019fa4                SCL_Memcpyw
                0x0601a2bc                SCL_SglOff
                0x0601a29c                SCL_SglOn
                0x06019f10                SCL_ScrollShow
                0x060199b8                SCL_Close
                0x06019cb0                SCL_Scale
                0x06019740                SCL_Vdp2Init
                0x06019b24                SCL_Move
                0x06019dec                SCL_CopyReg
                0x06019994                SCL_Open
                0x060197c4                SCL_ParametersInit
                0x060199d4                SCL_MoveTo
                0x06019fcc                SCL_SetColRamMode
 *fill*         0x0601a2dc        0x4 00
 .text          0x0601a2e0      0x1ec ../sbl6/segalib/lib/sega_scl.a(scl_fu01.o)
                0x0601a2e0                SCL_SetDisplayMode
 *fill*         0x0601a4cc        0x4 00
 .text          0x0601a4d0       0x28 ../sbl6/segalib/lib/sega_scl.a(scl_fu04.o)
                0x0601a4d0                SCL_SetCycleTable
 *fill*         0x0601a4f8        0x8 00
 .text          0x0601a500      0x138 ../sbl6/segalib/lib/sega_scl.a(scl_pr03.o)
                0x0601a500                SCL_FreeColRam
                0x0601a538                SCL_AllocColRam
 *fill*         0x0601a638        0x8 00
 .text          0x0601a640       0x84 ../sbl6/segalib/lib/sega_scl.a(scl_back.o)
                0x0601a640                SCL_SetBack
 *fill*         0x0601a6c4        0xc 00
 .text          0x0601a6d0      0x94c ../sbl6/segalib/lib/sega_scl.a(scl_fu03.o)
                0x0601a72c                SCL_SetConfig
                0x0601a6d0                SCL_InitConfigTb
 *fill*         0x0601b01c        0x4 00
 .text          0x0601b020      0x4f4 ../sbl6/segalib/lib/sega_scl.a(scl_fu02.o)
                0x0601b058                SCL_SetVramConfig
                0x0601b020                SCL_InitVramConfigTb
 *fill*         0x0601b514        0xc 00
 .text          0x0601b520       0x58 ../sbl6/segalib/lib/sega_scl.a(scl_pr01.o)
                0x0601b520                SCL_SetSpriteMode
 *fill*         0x0601b578        0x8 00
 .text          0x0601b580       0xac ../sbl6/segalib/lib/sega_scl.a(scl_pr05.o)
                0x0601b580                SCL_GetColRamOffset
 *fill*         0x0601b62c        0x4 00
 .text          0x0601b630     0x1394 ../sbl6/segalib/lib/sega_scl.a(scl_ro00.o)
                0x0601c81c                SCL_RotateZD
                0x0601bae4                SCL_Rotate
                0x0601b7b8                SCL_InitRotateTable
 *fill*         0x0601c9c4        0xc 00
 .text          0x0601c9d0      0x1b4 ../sbl6/segalib/lib/sega_scl.a(scl_pr06.o)
                0x0601c9d0                SCL_SetColRamOffset
 *fill*         0x0601cb84        0xc 00
 .text          0x0601cb90       0xa4 ../sbl6/segalib/lib/sega_mth.a(mth_fixd.o)
                0x0601cbe0                MTH_FixedToInt
                0x0601cbd0                MTH_IntToFixed
                0x0601cb90                MTH_Mul
                0x0601cbf0                MTH_Product
                0x0601cbb0                MTH_Div
 *fill*         0x0601cc34        0xc 00
 .text          0x0601cc40      0x600 ../sbl6/segalib/lib/sega_mth.a(mth_tri.o)
                0x0601ccdc                fcos
                0x0601cce2                fsin
                0x0601cc8c                MTH_Cos
                0x0601cc40                MTH_Sin
                0x0601ce80                MTH_Atan
 .text          0x0601d240       0x30 ../sbl6/segalib/lib/sega_mth.a(mth_rand.o)
                0x0601d250                MTH_GetRand
                0x0601d240                MTH_InitialRand
 .text          0x0601d270      0x130 ../sbl6/segalib/lib/sega_cdc.a(cdc_drv.o)
                0x0601d270                CDC_CdPlay
                0x0601d33c                CDC_CdSeek
                0x0601d370                CDC_CdScan
 .text          0x0601d3a0      0x3a0 ../sbl6/segalib/lib/sega_cdc.a(cdc_cmn.o)
                0x0601d544                CDC_TgetToc
                0x0601d6e8                CDC_DataEnd
                0x0601d408                CDC_GetPeriStat
                0x0601d67c                CDC_DataReady
                0x0601d654                CDC_CdOpen
                0x0601d5d0                CDC_CdInit
                0x0601d594                CDC_GetSes
                0x0601d3f0                CDC_GetLastStat
                0x0601d3a0                CDC_GetCurStat
                0x0601d4dc                CDC_GetHwInfo
 .text          0x0601d740      0x152 ../sbl6/segalib/lib/sega_cdc.a(cdc_sub.o)
                0x0601d7e8                CDSUB_GetCdstat
                0x0601d758                CDSUB_UpdCdstat
                0x0601d828                CDSUB_RspToCdstat
                0x0601d870                CDSUB_SoftTimer
                0x0601d740                CDSUB_UpdStatus
                0x0601d778                CDSUB_CdCmd
 *fill*         0x0601d892        0xe 00
 .text          0x0601d8a0      0x2dc ../sbl6/segalib/lib/sega_cdc.a(cdc_reg.o)
                0x0601d8f4                CDREG_ClrHirqReq
                0x0601d8c4                CDC_ClrHirqReq
                0x0601d974                CDREG_TgetData
                0x0601d964                CDC_GetMpegPtr
                0x0601d940                CDC_GetHirqMsk
                0x0601d8a0                CDC_GetDataPtr
                0x0601d8b0                CDC_GetHirqReq
                0x0601dad0                CDREG_WaitHirq
                0x0601d954                CDC_SetHirqMsk
                0x0601d9d0                CDREG_CmdRsp
                0x0601d904                CDREG_InitHirqReq
                0x0601d92c                CDREG_SetHirqFlag
                0x0601db40                CDREG_ReadRsp
 *fill*         0x0601db7c        0x4 00
 .text          0x0601db80      0xf50 ../sbl6/segalib/lib/sega_per.a(per_prt.o)
                0x0601dfa0                PER_IntFunc
                0x0601dd98                PER_LGetPer
                0x0601db80                PER_LInit
 .text          0x0601ead0     0x1b04 ../sbl6/segalib/lib/sega_sat.a(gfs.o)
                0x0601ead0                gfs_version
                0x0601fd44                gfs_mngGetNumFile
                0x060204c4                gfs_closeSub
                0x0601f860                GFS_SetGmode
                0x0601fb1c                GFS_SetErrFunc
                0x0601fc6c                gfs_mngSetupFuncTbl
                0x0601ee28                GFS_Reset
                0x0601fb94                gfs_chgRoot
                0x0601fc60                gfs_aborttrans
                0x0601ff44                gfs_svrAddHndl
                0x0601fdf4                gfs_mngFreeGrp
                0x0601fb6c                GFS_ConvTno
                0x060200f8                gfs_getRootDir
                0x0601fb48                GFS_GetErrStat
                0x0601ef98                GFS_Seek
                0x0601f604                GFS_NwStop
                0x0601fe00                gfs_mngTermAccess
                0x0601eeac                GFS_Open
                0x0601fdac                GFS_mngAllocGrp
                0x0602050c                gfs_isTaskDone
                0x0601f304                GFS_Fread
                0x0601fa64                GFS_StartTrans
                0x06020460                gfs_GetFinfo
                0x0601fca0                gfs_mngInitWork
                0x0601f0f0                GFS_ByteToSct
                0x0601ff04                gfs_svrSearchHndl
                0x060201f4                gfs_loadRootDir
                0x0601ed4c                GFS_IdToName
                0x0601f448                GFS_NwFread
                0x0601f994                GFS_SetTransPara
                0x0601f554                GFS_NwCdRead
                0x06020034                gfs_loadVol
                0x0601f930                GFS_SetReadPara
                0x0601f04c                GFS_Tell
                0x0601f8c4                GFS_SetTmode
                0x060203c8                GFS_GetFad
                0x0601fa00                GFS_SetTrFunc
                0x0601fab0                GFS_CdMovePickup
                0x0601ece8                GFS_NameToId
                0x0601f71c                GFS_NwExecOne
                0x0602027c                gfs_flowIn
                0x0601f1a4                GFS_GetFileInfo
                0x06020324                gfs_transData
                0x0601ff80                gfs_svrRemoveHndl
                0x0601f5cc                GFS_NwIsComplete
                0x06020500                gfs_getGmode
                0x0601f670                GFS_NwGetStat
                0x0601ffdc                GFS_OpenSub
                0x0601ec80                GFS_SetDir
                0x0601f14c                GFS_GetFileSize
                0x0601f218                GFS_GetNumCdbuf
                0x06020560                gfs_convFinStat
                0x0601f240                GFS_Load
                0x0601f3a0                gfs_waitRead
                0x0601ebd8                GFS_LoadDir
                0x0601edb8                GFS_GetDirInfo
                0x0601ef60                GFS_Close
                0x0601eaf0                GFS_Init
                0x0601f6ec                gfs_recovRdErr
                0x0601fe84                gfs_mngSetErrCode
                0x0601f7dc                GFS_NwExecServer
                0x0601f09c                GFS_IsEof
                0x06020420                gfs_SetSct
 *fill*         0x060205d4        0xc 00
 .text          0x060205e0       0x90 ../sbl6/segalib/lib/sega_sat.a(DMA_CPU1.o)
                0x060205e0                DMA_CpuMemCopy1
 .text          0x06020670       0x94 ../sbl6/segalib/lib/sega_sat.a(DMA_CPU2.o)
                0x06020670                DMA_CpuMemCopy2
 *fill*         0x06020704        0xc 00
 .text          0x06020710      0x1f4 ../sbl6/segalib/lib/sega_sat.a(DMA_SCU1.o)
                0x0602086c                DMA_ScuResult
                0x06020710                DMA_ScuInit
                0x06020760                DMA_ScuMemCopy
 *fill*         0x06020904        0xc 00
 .text          0x06020910      0x8d4 ../sbl6/segalib/lib/sega_sat.a(gfs_cdf.o)
                0x06020e04                GFCF_Seek
                0x06020f0c                GFCF_GetStat
                0x06020dec                GFCF_Tell
                0x060209b0                GFCF_Setup
                0x06020eb8                GFCF_cnvIntlvOfs
                0x06020910                GFCF_Init
                0x06020da4                GFCF_Recover
                0x06020af8                GFCF_SetSct
                0x06020e1c                GFCF_MovePickup
                0x06020fe0                gfcf_isCdOk
                0x06020bb0                GFCF_FlowInBuf
                0x06020b3c                GFCF_GetFileInfo
                0x06020d04                GFCF_StopInBuf
                0x06020fa4                gfcf_getSctSize
                0x060210a0                gfcf_getPlayRange
 *fill*         0x060211e4        0xc 00
 .text          0x060211f0      0x928 ../sbl6/segalib/lib/sega_sat.a(gfs_dir.o)
                0x060216e0                gfdr_setNextRec
                0x06021adc                gfdr_setDirrecCd
                0x060214d8                gfdr_open
                0x060212ec                GFDR_GetAtrDirId
                0x060215c0                gfdr_readByte
                0x060211f0                GFDR_SetupDirTbl
                0x060216b8                gfdr_readLongNM
                0x06021764                gfdr_readDirEnt
                0x0602131c                GFDR_ChgRoot
                0x06021264                GFDR_NameToId
                0x060213a8                gfdr_setupDirIdTbl
                0x06021304                GFDR_GetAtrDirName
                0x060212c4                GFDR_GetInfoDirId
                0x0602166c                gfdr_readLongNB
                0x06021500                gfdr_read
                0x060215ec                gfdr_readWord
                0x0602142c                gfdr_setupDirNameTbl
                0x060212d8                GFDR_GetInfoDirName
                0x06021334                GFDR_ChgDir
                0x06021618                gfdr_readWordNB
 *fill*         0x06021b18        0x8 00
 .text          0x06021b20      0xa46 ../sbl6/segalib/lib/sega_sat.a(gfs_trn.o)
                0x06021c00                GFTR_SetTransMax
                0x06021fd0                gftr_execScu
                0x06022554                GFTR_SetTransFunc
                0x0602241c                gftr_remTrn
                0x06022540                GFTR_SetData
                0x06022240                gftr_execSdma1
                0x06022490                gftr_copyFrac
                0x06021bf4                GFTR_GetNumTrans
                0x06021b94                GFTR_SetMode
                0x06022210                gftr_remDma0
                0x060224b8                GFTR_GetLenData
                0x06021fc4                gftr_reqScu
                0x06022228                gftr_reqDma1
                0x06021ee0                gftr_getSrcPack
                0x06022510                GFTR_RtnDstPk
                0x060220ac                gfdma_exec
                0x06022344                gftr_execTrn
                0x06021dd8                GFTR_ExecSvr
                0x060222d4                gftr_reqTrn
                0x0602219c                gfdma_getBytecnt
                0x0602227c                gftr_reqCpu
                0x060224dc                GFTR_GetDstPack
                0x060221d4                gftr_reqDma0
                0x06021d60                GFTR_Idle
                0x06021c18                GFTR_Pause
                0x06021be8                GFTR_GetTransPara
                0x060222c8                gftr_remCpu
                0x06021bb4                GFTR_SetTransPara
                0x06022264                gftr_remDma1
                0x06021c24                GFTR_Stop
                0x060221ec                gftr_execSdma0
                0x06021b50                GFTR_Setup
                0x0602206c                gftr_remScu
                0x06021f68                gftr_getDstPack
                0x060220a0                gfdma_canUse
                0x06021cdc                GFTR_Exec
                0x0602252c                GFTR_GetData
                0x06021c0c                GFTR_Start
                0x06021ba8                GFTR_SetUnit
                0x06022288                gftr_execCpu
                0x060224c4                GFTR_GetLenRoom
 *fill*         0x06022566        0xa 00
 .text          0x06022570      0x106 ../sbl6/segalib/lib/sega_sat.a(gfs_buf.o)
                0x060225c8                GFBF_GetNumData
                0x06022644                GFBF_RtnPk
                0x060225f8                GFBF_GetSrcPk
                0x0602266c                gfbf_getSctDt
                0x060225a0                GFBF_GetTranData
                0x06022620                GFBF_GetSctData
 *fill*         0x06022676        0xa 00
 .text          0x06022680      0x600 ../sbl6/segalib/lib/sega_sat.a(gfs_cdb.o)
                0x06022c28                GFCB_GetPickup
                0x060227a0                GFCB_Close
                0x06022a6c                GFCB_GetSrcPack
                0x06022bf4                GFCB_SetCon
                0x06022874                GFCB_GetLenRoom
                0x06022bd8                GFCB_MovePickup
                0x06022b4c                GFCB_GetSctData
                0x06022880                GFCB_SetFilt
                0x060227c8                GFCB_GetLenData
                0x06022c68                GFCB_UngetPickup
                0x06022680                GFCB_Setup
                0x06022910                GFCB_Tell
                0x06022c50                GFCB_IsPuOwner
                0x06022970                GFCB_Seek
                0x060228e8                GFCB_DeleteAllData
                0x06022b84                GFCB_GetDstPack
                0x06022920                gfcb_getSctNum
                0x06022b90                GFCB_RtnPk
 .text          0x06022c80     0x1a04 ../sbl6/segalib/lib/sega_sat.a(gfs_cdc.o)
                0x06022f1c                GFCD_AllocBuf
                0x06023cf8                gfcd_doGetLenDataTsk
                0x06024594                GFCD_SetCsctFunc
                0x06022ff4                GFCD_GetBaseFad
                0x06023170                GFCD_GetFilt
                0x06024184                gfcd_doChgDirTsk
                0x060244c4                gfcd_checkEflag
                0x060234b8                GFCD_MovePickup
                0x0602359c                GFCD_GetSctInfo
                0x06023e4c                gfcd_doReqDataTsk
                0x060235e4                GFCD_ChgDir
                0x060232d8                GFCD_ReqData
                0x060245b0                GFCD_ChkScdqFlag
                0x06023a68                GFCD_WaitServer
                0x0602337c                GFCD_DelSctData
                0x06023854                GFCD_ExecServer
                0x06023c68                gfcd_doSetConTsk
                0x06022eb0                GFCD_AllocFilt
                0x060230ac                GFCD_SetFilt
                0x06023aa4                gfcd_doSetFiltTsk
                0x060245d4                GFCD_ClrScdqFlag
                0x06023eec                gfcd_doDelSctDataTsk
                0x060239b0                gfcd_doTask
                0x06023028                GFCD_GetPickup
                0x06023578                GFCD_CheckMove
                0x060245f0                GFCD_WaitScdqFlag
                0x06023210                GFCD_Play
                0x06024020                gfcd_doMoveSctTsk
                0x060231b8                GFCD_SetCon
                0x06023658                GFCD_SetFiltCon
                0x06024634                GFCD_WaitPause
                0x0602381c                GFCD_GetBufSiz
                0x0602305c                GFCD_UngetPickup
                0x06023740                GFCD_GetFileInfo
                0x06023334                GFCD_EndData
                0x06022f50                GFCD_FreeBuf
                0x06023270                GFCD_GetLenData
                0x06022eec                GFCD_FreeFilt
                0x06023928                gfcd_isIdleTask
                0x06022cac                GFCD_Init
                0x06024380                gfcd_doSetFiltConTsk
                0x06023404                GFCD_GetStat
                0x06023504                GFCD_MoveSctData
                0x06023088                GFCD_IsPuOwner
                0x060244e8                gfcd_initCdbMng
                0x06022c80                GFCD_SetCdbfs
                0x06023a54                GFCD_SetTimer
                0x06024568                gfcd_setStat
                0x060233d4                GFCD_CheckDelSctData
 *fill*         0x06024684        0xc 00
 .text          0x06024690      0x1b6 ../sbl6/segalib/lib/sega_sat.a(DMA_CPU0.o)
                0x060246d8                DMA_CpuSetPrm
                0x060247dc                DMA_CpuStart
                0x06024834                DMA_CpuGetStatus
                0x06024808                DMA_CpuAllStop
                0x0602481c                DMA_CpuGetComStatus
                0x06024690                DMA_CpuSetComPrm
                0x060247f0                DMA_CpuStop
 *fill*         0x06024846        0xa 00
 .text          0x06024850       0x50 ../sbl6/segalib/lib/sega_sat.a(DMA_CPU5.o)
                0x06024850                DMA_CpuResult
 .text          0x060248a0      0x308 ../sbl6/segalib/lib/sega_sat.a(DMA_SCU0.o)
                0x06024924                DMA_ScuStart
                0x06024a58                DMA_ScuIntFunc0
                0x06024ac8                DMA_ScuIntFunc1
                0x06024b38                DMA_ScuIntFunc2
                0x06024a18                DMA_ScuGetStatus
                0x060248a0                DMA_ScuSetPrm
 *fill*         0x06024ba8        0x8 00
 .text          0x06024bb0       0xe8 ../sbl6/segalib/lib/sega_sat.a(csh_main.o)
                0x06024bb0                CSH_Init
                0x06024c18                CSH_AllClr
                0x06024c64                CSH_Purge
 *fill*         0x06024c98        0x8 00
 .text          0x06024ca0      0x194 ../sbl6/segalib/lib/sega_sat.a(cdc_cfs.o)
                0x06024ca0                CDC_ChgDir
                0x06024cd4                CDC_ReadDir
                0x06024df8                CDC_AbortFile
                0x06024d08                CDC_GetFileScope
                0x06024d68                CDC_TgetFileInfo
                0x06024dc4                CDC_ReadFile
 *fill*         0x06024e34        0xc 00
 .text          0x06024e40      0x1e4 ../sbl6/segalib/lib/sega_sat.a(cdc_bio.o)
                0x06024eec                CDC_GetdelSctData
                0x06024e74                CDC_GetSctData
                0x06024f28                CDC_PutSctData
                0x06024fa4                CDC_MoveSctData
                0x06024fe8                CDC_GetCopyErr
                0x06024eb0                CDC_DelSctData
                0x06024e40                CDC_SetSctLen
                0x06024f60                CDC_CopySctData
 *fill*         0x06025024        0xc 00
 .text          0x06025030      0x2b8 ../sbl6/segalib/lib/sega_sat.a(cdc_sel.o)
                0x06025260                CDC_GetFiltCon
                0x060251dc                CDC_GetFiltMode
                0x060252b4                CDC_ResetSelector
                0x06025030                CDC_SetFiltRange
                0x060250bc                CDC_SetFiltSubh
                0x0602512c                CDC_GetFiltSubh
                0x06025064                CDC_GetFiltRange
                0x060251a8                CDC_SetFiltMode
                0x06025220                CDC_SetFiltCon
 *fill*         0x060252e8        0x8 00
 .text          0x060252f0      0x270 ../sbl6/segalib/lib/sega_sat.a(cdc_bif.o)
                0x0602534c                CDC_GetSctNum
                0x060254cc                CDC_ExeFadSearch
                0x0602544c                CDC_GetSctInfo
                0x06025390                CDC_CalActSiz
                0x060252f0                CDC_GetBufSiz
                0x060253cc                CDC_GetActSiz
                0x06025504                CDC_GetFadSearch
 .text          0x06025560       0xa8 ../sbl6/segalib/lib/sega_sat.a(cdc_dev.o)
                0x060255cc                CDC_CdGetLastBuf
                0x06025560                CDC_CdSetCon
                0x06025590                CDC_CdGetCon
 *fill*         0x06025608        0x8 00
 .text          0x06025610       0x60 C:/saturn/SH_COFF/sh-coff/bin/../lib/gcc/sh-coff/3.4-GNUSH_v0501\libgcc.a(_ashiftrt.o)
                0x0602561c                __ashiftrt_r4_27
                0x06025650                __ashiftrt_r4_6
                0x06025640                __ashiftrt_r4_14
                0x06025632                __ashiftrt_r4_19
                0x0602564a                __ashiftrt_r4_9
                0x0602565e                __ashiftrt_r4_0
                0x06025610                __ashiftrt_r4_31
                0x0602561e                __ashiftrt_r4_26
                0x0602562c                __ashiftrt_r4_22
                0x06025638                __ashiftrt_r4_16
                0x06025644                __ashiftrt_r4_12
                0x06025618                __ashiftrt_r4_29
                0x06025636                __ashiftrt_r4_17
                0x06025616                __ashiftrt_r4_30
                0x06025652                __ashiftrt_r4_5
                0x0602564c                __ashiftrt_r4_8
                0x06025610                __ashiftrt_r4_32
                0x06025620                __ashiftrt_r4_25
                0x06025658                __ashiftrt_r4_2
                0x06025622                __ashiftrt_r4_24
                0x0602563e                __ashiftrt_r4_15
                0x06025648                __ashiftrt_r4_10
                0x0602565a                __ashiftrt_r4_1
                0x0602561a                __ashiftrt_r4_28
                0x06025630                __ashiftrt_r4_20
                0x0602564e                __ashiftrt_r4_7
                0x06025642                __ashiftrt_r4_13
                0x06025646                __ashiftrt_r4_11
                0x06025654                __ashiftrt_r4_4
                0x0602562a                __ashiftrt_r4_23
                0x06025634                __ashiftrt_r4_18
                0x0602562e                __ashiftrt_r4_21
                0x06025656                __ashiftrt_r4_3
 .text          0x06025670       0xb0 C:/saturn/SH_COFF/sh-coff/bin/../lib/gcc/sh-coff/3.4-GNUSH_v0501\libgcc.a(_si_to_df.o)
                0x06025670                __floatsidf
 .text          0x06025720      0x2e0 C:/saturn/SH_COFF/sh-coff/bin/../lib/gcc/sh-coff/3.4-GNUSH_v0501\libgcc.a(_mul_df.o)
                0x06025730                __muldf3
 .text          0x06025a00       0x80 C:/saturn/SH_COFF/sh-coff/bin/../lib/gcc/sh-coff/3.4-GNUSH_v0501\libgcc.a(_df_to_si.o)
                0x06025a00                __fixdfsi
 .text          0x06025a80       0x70 C:/saturn/SH_COFF/sh-coff/bin/../lib/gcc/sh-coff/3.4-GNUSH_v0501\libgcc.a(_udivsi3.o)
                0x06025aa2                __udivsi3
 .text          0x06025af0       0xa0 C:/saturn/SH_COFF/sh-coff/bin/../lib/gcc/sh-coff/3.4-GNUSH_v0501\libgcc.a(_sdivsi3.o)
                0x06025af0                __sdivsi3
 .text          0x06025b90       0x90 C:/saturn/SH_COFF/sh-coff/bin/../lib/gcc/sh-coff/3.4-GNUSH_v0501\libgcc.a(_ashiftrt_n.o)
                0x06025b90                __ashrsi3
 .text          0x06025c20       0x90 C:/saturn/SH_COFF/sh-coff/bin/../lib/gcc/sh-coff/3.4-GNUSH_v0501\libgcc.a(_ashiftlt.o)
                0x06025c20                __ashlsi3
 .text          0x06025cb0       0xb0 C:/saturn/SH_COFF/sh-coff/bin/../lib/gcc/sh-coff/3.4-GNUSH_v0501\libgcc.a(_movstr.o)
                0x06025cf0                __movstrSI16
                0x06025cc4                __movstrSI60
                0x06025cd0                __movstrSI48
                0x06025ccc                __movstrSI52
                0x06025cc0                __movstrSI64
                0x06025cd4                __movstrSI44
                0x06025cd8                __movstrSI40
                0x06025cdc                __movstrSI36
                0x06025d10                __movstr
                0x06025cc8                __movstrSI56
                0x06025ce4                __movstrSI28
                0x06025ce0                __movstrSI32
                0x06025cf4                __movstrSI12
                0x06025cf8                __movstrSI8
                0x06025d00                __movstrSI0
                0x06025ce8                __movstrSI24
                0x06025cec                __movstrSI20
                0x06025cfc                __movstrSI4
 .text          0x06025d60       0xa0 C:/saturn/SH_COFF/sh-coff/bin/../lib/gcc/sh-coff/3.4-GNUSH_v0501\libgcc.a(__main.o)
                0x06025dd4                __main
                0x06025d60                __do_global_dtors
                0x06025d94                __do_global_ctors
 .text          0x06025e00      0x220 C:/saturn/SH_COFF/sh-coff/bin/../lib/gcc/sh-coff/3.4-GNUSH_v0501\libgcc.a(_pack_df.o)
                0x06025e10                __pack_d
 .text          0x06026020      0x120 C:/saturn/SH_COFF/sh-coff/bin/../lib/gcc/sh-coff/3.4-GNUSH_v0501\libgcc.a(_unpack_df.o)
                0x06026030                __unpack_d
 .text          0x06026140       0x20 C:/saturn/SH_COFF/sh-coff/bin/../lib/gcc/sh-coff/3.4-GNUSH_v0501\libgcc.a(_thenan_df.o)
                0x06026140                __thenan_df
 .text          0x06026160       0xd0 C:/saturn/SH_COFF/sh-coff/bin/../lib/gcc/sh-coff/3.4-GNUSH_v0501\libgcc.a(_muldi3.o)
                0x06026160                __muldi3
 .text          0x06026230       0x80 C:/saturn/SH_COFF/sh-coff/bin/../lib/gcc/sh-coff/3.4-GNUSH_v0501\libgcc.a(_lshrdi3.o)
                0x06026230                __lshrdi3
 .text          0x060262b0       0x80 C:/saturn/SH_COFF/sh-coff/bin/../lib/gcc/sh-coff/3.4-GNUSH_v0501\libgcc.a(_ashldi3.o)
                0x060262b0                __ashldi3
 .text          0x06026330       0x30 C:/saturn/SH_COFF/sh-coff/bin/../lib/gcc/sh-coff/3.4-GNUSH_v0501\libgcc.a(_mulsi3.o)
                0x06026330                __mulsi3
 .text          0x06026360       0x90 C:/saturn/SH_COFF/sh-coff/bin/../lib/gcc/sh-coff/3.4-GNUSH_v0501\libgcc.a(_lshiftrt.o)
                0x06026360                __lshrsi3
 .text          0x060263f0       0x40 C:/saturn/SH_COFF/sh-coff/bin/../lib/gcc/sh-coff/3.4-GNUSH_v0501/../../../../sh-coff/lib\libc.a(memset.o)
                0x060263f0                memset
 .text          0x06026430       0x60 C:/saturn/SH_COFF/sh-coff/bin/../lib/gcc/sh-coff/3.4-GNUSH_v0501/../../../../sh-coff/lib\libc.a(memcmp.o)
                0x06026430                memcmp
 .text          0x06026490       0xa0 C:/saturn/SH_COFF/sh-coff/bin/../lib/gcc/sh-coff/3.4-GNUSH_v0501/../../../../sh-coff/lib\libc.a(memcpy.o)
                0x06026490                memcpy
 .text          0x06026530       0xb0 C:/saturn/SH_COFF/sh-coff/bin/../lib/gcc/sh-coff/3.4-GNUSH_v0501/../../../../sh-coff/lib\libc.a(strncmp.o)
                0x06026530                strncmp
 .text          0x060265e0       0xa0 C:/saturn/SH_COFF/sh-coff/bin/../lib/gcc/sh-coff/3.4-GNUSH_v0501/../../../../sh-coff/lib\libc.a(strncpy.o)
                0x060265e0                strncpy
 .text          0x06026680       0x90 C:/saturn/SH_COFF/sh-coff/bin/../lib/gcc/sh-coff/3.4-GNUSH_v0501/../../../../sh-coff/lib\libc.a(atexit.o)
                0x06026680                atexit
 .text          0x06026710       0x10 C:/saturn/SH_COFF/sh-coff/bin/../lib/gcc/sh-coff/3.4-GNUSH_v0501/../../../../sh-coff/lib\libc.a(impure.o)
                0x06026710                _global_impure_ptr
 .text          0x06026720       0x40 C:/saturn/SH_COFF/sh-coff/bin/../lib/gcc/sh-coff/3.4-GNUSH_v0501/../../../../sh-coff/lib\libc.a(malloc.o)
                0x0602673c                free
                0x06026720                malloc
 .text          0x06026760      0x5b0 C:/saturn/SH_COFF/sh-coff/bin/../lib/gcc/sh-coff/3.4-GNUSH_v0501/../../../../sh-coff/lib\libc.a(mallocr.o)
                0x06026760                _malloc_r
 .text          0x06026d10      0x340 C:/saturn/SH_COFF/sh-coff/bin/../lib/gcc/sh-coff/3.4-GNUSH_v0501/../../../../sh-coff/lib\libc.a(freer.o)
                0x06026d10                _malloc_trim_r
                0x06026e04                _free_r
 .text          0x06027050       0x20 C:/saturn/SH_COFF/sh-coff/bin/../lib/gcc/sh-coff/3.4-GNUSH_v0501/../../../../sh-coff/lib\libc.a(mlock.o)
                0x06027050                __malloc_lock
                0x0602705c                __malloc_unlock
 .text          0x06027070       0x50 C:/saturn/SH_COFF/sh-coff/bin/../lib/gcc/sh-coff/3.4-GNUSH_v0501/../../../../sh-coff/lib\libc.a(sbrkr.o)
                0x06027070                _sbrk_r
 .text          0x060270c0      0x380 C:/saturn/SH_COFF/sh-coff/bin/../lib/gcc/sh-coff/3.4-GNUSH_v0501/../../../../sh-coff/lib\libc.a(syscalls.o)
                0x0602722c                _exit
                0x06027260                _getpid
                0x060272c8                _utime
                0x060270f8                _write
                0x060270c0                _read
                0x06027214                _unlink
                0x060271dc                _open
                0x06027278                _stat
                0x06027220                isatty
                0x060272f8                _wait
                0x06027244                _kill
                0x06027294                _chmod
                0x06027328                _execv
                0x0602730c                _execve
                0x06027404                __setup_argv_and_call_main
                0x06027360                _gettimeofday
                0x0602712c                _link
                0x0602726c                _raise
                0x060271f8                _creat
                0x06027340                _pipe
                0x060272ac                _chown
                0x060270dc                _lseek
                0x06027114                _close
                0x06027354                _times
                0x060271c8                _fstat
                0x060272e4                _fork
                0x06027154                _sbrk
 .text          0x06027440       0x20 C:/saturn/SH_COFF/sh-coff/bin/../lib/gcc/sh-coff/3.4-GNUSH_v0501/../../../../sh-coff/lib\libc.a(trap.o)
                0x06027440                __trap34
 .text          0x06027460       0x20 C:/saturn/SH_COFF/sh-coff/bin/../lib/gcc/sh-coff/3.4-GNUSH_v0501/../../../../sh-coff/lib\libc.a(abort.o)
                0x06027460                abort
 .text          0x06027480      0x270 C:/saturn/SH_COFF/sh-coff/bin/../lib/gcc/sh-coff/3.4-GNUSH_v0501/../../../../sh-coff/lib\libc.a(signal.o)
                0x06027540                _raise_r
                0x060276c8                __sigtramp
                0x06027674                raise
                0x060276b0                _init_signal
                0x06027600                __sigtramp_r
                0x06027690                signal
                0x060274cc                _signal_r
                0x06027480                _init_signal_r
 .text          0x060276f0       0x60 C:/saturn/SH_COFF/sh-coff/bin/../lib/gcc/sh-coff/3.4-GNUSH_v0501/../../../../sh-coff/lib\libc.a(signalr.o)
                0x06027738                _getpid_r
                0x060276f0                _kill_r
 *(.strings)

.tors           0x06027750        0x0
                0x06027750                ___ctors = .
 *(.ctors)
                0x06027750                ___ctors_end = .
                0x06027750                ___dtors = .
 *(.dtors)
                0x06027750                ___dtors_end = .

.data           0x06027750     0x45a0
                0x06027750                STARTOF_R = .
 *(.data)
 .data          0x06027750      0x400 smpclib/per_x1.o
 .data          0x06027b50       0x70 game.o
 .data          0x06027bc0     0x3140 graphics.o
                0x06028bec                cyberblock_name
                0x0602a0d2                girl2_num
                0x06028c3c                metalorange_name
                0x06027d62                ship_size
                0x06028c4a                metalorange_num
                0x06027f2c                chipgame_pal
                0x06029cc6                girl3_num
                0x06027e98                game_name
                0x0602874c                menufont_pal
                0x0602879a                menufont_num
                0x06027cb8                beffect_size
                0x0602a4de                girl1_num
                0x06028bfc                metalorange_pal
                0x0602a4e0                roarframes_pal
                0x06027f1c                gamestar_name
                0x06027c10                blocks2_size
                0x06027ec8                starnear_name
                0x06027e70                gamefar_height
                0x06027d64                ship_num
                0x0602a8f0                roarbg_pal
                0x06027cb4                beffect_height
                0x0602acf0                roarbg_name
                0x06027cbc                explosion_pal
                0x06027edc                gamestar_pal
                0x06027e94                gamenear_width
                0x06027cfc                explosion_name
                0x06027c66                blocks1_num
                0x06027dba                starspr_num
                0x0602a4d4                girl1_name
                0x0602833c                game_tiles_pal
                0x06027c12                blocks2_num
                0x06028c4c                title_pal
                0x06027c54                blocks1_name
                0x06027e06                font_height
                0x0602a8e0                roarframes_name
                0x06029cbc                girl3_name
                0x06027e72                gamefar_width
                0x0602a0d4                girl1_pal
                0x0602878c                menufont_name
                0x06028baa                chipframes_num
                0x06027e10                ball_pal
                0x060298bc                girl3_pal
                0x0602833a                chipgame_num
                0x06027db8                starspr_size
                0x06027c14                blocks1_pal
                0x06027e84                gamenear_name
                0x06027d0c                explosion_width
                0x060294ae                girl5_num
                0x06027e60                ball_num
                0x06029056                title_num
                0x06027dfc                font_name
                0x06027cb6                beffect_width
                0x06027d68                starspr_pal
                0x0602acfc                roarbg_num
                0x06027e5c                ball_width
                0x06028bfa                cyberblock_num
                0x060290a4                girl5_pal
                0x06027d5e                ship_height
                0x0602874a                game_tiles_num
                0x06027e5a                ball_height
                0x06027e92                gamenear_height
                0x06027e08                font_width
                0x060290a2                stars_num
                0x06027e5e                ball_size
                0x06027d60                ship_width
                0x0602904c                title_name
                0x06028b9c                chipframes_name
                0x06027ea8                starfar_name
                0x06027c60                blocks1_height
                0x06029098                stars_name
                0x06027f2a                gamestar_num
                0x06027e80                gamemid_height
                0x06027d14                ship_pal
                0x06027e50                ball_name
                0x06027e0c                font_num
                0x06027dbc                font_pal
                0x06027ec6                starmid_width
                0x06027ed8                starnear_width
                0x06027e74                gamemid_name
                0x06027c0e                blocks2_width
                0x06027c64                blocks1_size
                0x06027db6                starspr_width
                0x0602879c                chipframes_pal
                0x06027ea2                game_height
                0x06027eb4                starfar_height
                0x06027d10                explosion_num
                0x060298ba                girl4_num
                0x06027e82                gamemid_width
                0x06027c0c                blocks2_height
                0x06027ca8                beffect_name
                0x06027c62                blocks1_width
                0x06027e0a                font_size
                0x06027c00                blocks2_name
                0x06027da8                starspr_name
                0x0602a8ee                roarframes_num
                0x06028bac                cyberblock_pal
                0x06027ed6                starnear_height
                0x06027eb8                starmid_name
                0x06027d54                ship_name
                0x060294a4                girl5_name
                0x060294b0                girl4_pal
                0x06027bc0                blocks2_pal
                0x06027ec4                starmid_height
                0x06029058                stars_pal
                0x06027e64                gamefar_name
                0x0602873c                game_tiles_name
                0x06027cba                beffect_num
                0x06027db4                starspr_height
                0x06027c68                beffect_pal
                0x060298b0                girl4_name
                0x06027ea4                game_width
                0x06029cc8                girl2_pal
                0x06027eb6                starfar_width
                0x06027d0e                explosion_size
                0x06027d0a                explosion_height
                0x0602832c                chipgame_name
                0x0602a0c8                girl2_name
 .data          0x0602ad00      0x1a0 intro.o
 .data          0x0602aea0       0x90 level.o
                0x0602aea4                level_blocks
                0x0602aea0                level_lengths
                0x0602aea8                level0_blocks
 .data          0x0602af30       0x40 logo.o
 .data          0x0602af70       0x80 menu.o
                0x0602af70                cutscene
 .data          0x0602aff0       0x10 pcmsys.o
                0x0602aff4                scsp_load
                0x0602aff8                m68k_com
                0x0602aff0                master_volume
 .data          0x0602b000       0x40 scroll.o
                0x0602b010                CycleTbLoRes
                0x0602b030                vram
                0x0602b020                char_offsets
                0x0602b000                CycleTbHiRes
 .data          0x0602b040       0x30 sprite.o
 .data          0x0602b070      0x400 ../sbl6/segalib/lib/sega_int.a(int.o)
 .data          0x0602b470       0x1c ../sbl6/segalib/lib/sega_spr.a(spr_slv.o)
                0x0602b478                SPR_SlaveParam
                0x0602b488                SPR_SMPC_SF
                0x0602b480                SPR_SMPC_COM
                0x0602b47c                SPR_SlaveSHEntry
                0x0602b474                SPR_SlaveState
                0x0602b470                SPR_SlaveCommand
                0x0602b484                SPR_SMPC_RET
 *fill*         0x0602b48c        0x4 00
 .data          0x0602b490       0x34 ../sbl6/segalib/lib/sega_spr.a(spr_1c.o)
                0x0602b490                SpInitialFlag
 *fill*         0x0602b4c4        0xc 00
 .data          0x0602b4d0       0x1c ../sbl6/segalib/lib/sega_scl.a(scl_vblv.o)
                0x0602b4d8                VBInterval
                0x0602b4e0                ReqDisplayFlag
                0x0602b4d0                SpFrameChgMode
                0x0602b4dc                VBIntervalCounter
                0x0602b4d4                SpFrameEraseMode
 *fill*         0x0602b4ec        0x4 00
 .data          0x0602b4f0       0x18 ../sbl6/segalib/lib/sega_scl.a(scl_pri.o)
                0x0602b4f4                SclRealSpPriNum
                0x0602b504                SclRealColOffset
                0x0602b500                SclRealBgColMix
                0x0602b4fc                SclRealSpColMix
                0x0602b4f8                SclRealBgPriNum
                0x0602b4f0                SclRealOtherPri
 *fill*         0x0602b508        0x8 00
 .data          0x0602b510       0x36 ../sbl6/segalib/lib/sega_scl.a(scl_func.o)
                0x0602b520                SclRotregBuff
                0x0602b51c                SclDisplayY
                0x0602b524                SclRotateTableMode
                0x0602b518                SclProcess
                0x0602b514                SclCurSclNum
                0x0602b510                SclLengthLsTbl
                0x0602b51a                SclDisplayX
                0x0602b512                SclLengthCsTbl
 *fill*         0x0602b546        0xa 00
 .data          0x0602b550        0x4 ../sbl6/segalib/lib/sega_mth.a(mth_rand.o)
 *fill*         0x0602b554        0xc 00
 .data          0x0602b560      0x380 C:/saturn/SH_COFF/sh-coff/bin/../lib/gcc/sh-coff/3.4-GNUSH_v0501/../../../../sh-coff/lib\libc.a(impure.o)
                0x0602b8dc                _impure_ptr
 .data          0x0602b8e0      0x410 C:/saturn/SH_COFF/sh-coff/bin/../lib/gcc/sh-coff/3.4-GNUSH_v0501/../../../../sh-coff/lib\libc.a(mallocr.o)
                0x0602b8e8                __malloc_av_
                0x0602b8e4                __malloc_trim_threshold
                0x0602b8e0                __malloc_sbrk_base
                0x0602bcf0                SIZEOF_R = (. - STARTOF_R)
                0x0602bcf0                ENDOF_R = .

.bss            0x0602bcf0    0x10314
                0x0602bcf0                STARTOF_B = .
 *(.bss)
 .bss           0x0602bcf0       0x10 vblank.o
                0x0602bcf4                PadData2E
                0x0602bcfa                PadData1
                0x0602bcf6                PadData2
                0x0602bcf8                PadData1E
                0x0602bcf0                __port
 .bss           0x0602bd00       0xe0 smpclib/per_x2.o
 .bss           0x0602bde0       0x10 ball.o
 .bss           0x0602bdf0       0x20 game.o
 .bss           0x0602be10     0x1970 intro.o
 .bss           0x0602d780     0x13a0 level.o
 .bss           0x0602eb20       0x10 logo.o
 .bss           0x0602eb30       0x60 menu.o
 .bss           0x0602eb90       0x10 pcmsys.o
                0x0602eb90                numberPCMs
 .bss           0x0602eba0       0x10 scroll.o
                0x0602eba0                scroll_res
 .bss           0x0602ebb0     0x3d00 sprite.o
                0x0602ebb0                num_sprites
 .bss           0x060328b0       0x10 main.o
                0x060328b0                frame
 .bss           0x060328c0       0x6e ../sbl6/segalib/lib/sega_spr.a(spr_2c.o)
 *fill*         0x0603292e        0x2 00
 .bss           0x06032930        0x4 ../sbl6/segalib/lib/sega_scl.a(scl_vblv.o)
 *fill*         0x06032934        0xc 00
 .bss           0x06032940     0x1900 ../sbl6/segalib/lib/sega_scl.a(scl_fu05.o)
 .bss           0x06034240        0x4 ../sbl6/segalib/lib/sega_scl.a(scl_func.o)
 *fill*         0x06034244        0xc 00
 .bss           0x06034250       0x48 ../sbl6/segalib/lib/sega_scl.a(scl_ro00.o)
 *fill*         0x06034298        0x8 00
 .bss           0x060342a0        0xc ../sbl6/segalib/lib/sega_cdc.a(cdc_sub.o)
 *fill*         0x060342ac        0x4 00
 .bss           0x060342b0        0x2 ../sbl6/segalib/lib/sega_cdc.a(cdc_reg.o)
 *fill*         0x060342b2        0xe 00
 .bss           0x060342c0       0x9c ../sbl6/segalib/lib/sega_per.a(per_prt.o)
 *fill*         0x0603435c        0x4 00
 .bss           0x06034360        0xc ../sbl6/segalib/lib/sega_sat.a(DMA_SCU1.o)
 *fill*         0x0603436c        0x4 00
 .bss           0x06034370        0xc ../sbl6/segalib/lib/sega_sat.a(gfs_trn.o)
 *fill*         0x0603437c        0x4 00
 .bss           0x06034380       0x20 ../sbl6/segalib/lib/sega_sat.a(DMA_SCU0.o)
 .bss           0x060343a0       0x10 C:/saturn/SH_COFF/sh-coff/bin/../lib/gcc/sh-coff/3.4-GNUSH_v0501\libgcc.a(__main.o)
 .bss           0x060343b0       0x10 C:/saturn/SH_COFF/sh-coff/bin/../lib/gcc/sh-coff/3.4-GNUSH_v0501/../../../../sh-coff/lib\libc.a(atexit.o)
 .bss           0x060343c0       0x40 C:/saturn/SH_COFF/sh-coff/bin/../lib/gcc/sh-coff/3.4-GNUSH_v0501/../../../../sh-coff/lib\libc.a(mallocr.o)
                0x060343f0                __malloc_top_pad
                0x060343c0                __malloc_current_mallinfo
                0x060343ec                __malloc_max_sbrked_mem
                0x060343e8                __malloc_max_total_mem
 .bss           0x06034400       0x10 C:/saturn/SH_COFF/sh-coff/bin/../lib/gcc/sh-coff/3.4-GNUSH_v0501/../../../../sh-coff/lib\libc.a(syscalls.o)
 *(COMMON)
 COMMON         0x06034410        0x8 vblank.o
                                  0x0 (size before relaxing)
                0x06034410                PadAnalogR1
                0x06034411                PadAnalogL1
                0x06034412                PadAnalogY1
                0x06034413                PadAnalogX1
                0x06034414                PadID1
 *fill*         0x06034418        0x8 00
 COMMON         0x06034420      0x1e4 ball.o
                                  0x0 (size before relaxing)
                0x06034420                ball_sprites
                0x06034600                ball_count
 *fill*         0x06034604        0xc 00
 COMMON         0x06034610     0x1674 cd.o
                                  0x0 (size before relaxing)
                0x06034610                dirname
                0x06034f70                lib_work
                0x06035c78                directory_table
 *fill*         0x06035c84        0xc 00
 COMMON         0x06035c90        0x4 game.o
                                  0x0 (size before relaxing)
                0x06035c90                ship_sprite
 *fill*         0x06035c94        0xc 00
 COMMON         0x06035ca0     0x14a0 print.o
                                  0x0 (size before relaxing)
                0x06035ca0                text
 COMMON         0x06037140      0x230 scroll.o
                                  0x0 (size before relaxing)
                0x06037140                scfg
 COMMON         0x06037370     0x3180 sprite.o
                                  0x0 (size before relaxing)
                0x06037370                sprites
                0x060384f0                sprite_buf
 COMMON         0x0603a4f0       0x8c main.o
                                  0x0 (size before relaxing)
                0x0603a4f0                off_config
 *fill*         0x0603a57c        0x4 00
 COMMON         0x0603a580      0x400 ../sbl6/segalib/lib/sega_int.a(int.o)
                                  0x0 (size before relaxing)
                0x0603a580                __interrupt_vector
 COMMON         0x0603a980       0x50 ../sbl6/segalib/lib/sega_spr.a(spr_2c.o)
                                  0x0 (size before relaxing)
                0x0603a980                SpMstCmd
                0x0603a984                Sp2OpenFlag
                0x0603a988                SpGourTblMax
                0x0603a98c                SpDrawPrtyBlk
                0x0603a990                SpLCoordX
                0x0603a994                SpMstDrawPrtyBlk
                0x0603a998                SpGourTbl
                0x0603a99c                SpLookupTblR
                0x0603a9a0                SpCmdTbl
                0x0603a9a4                SpCharMax
                0x0603a9a8                SpDrawPrtyProcFlag
                0x0603a9ac                SpCmdNo
                0x0603a9b0                SpDrawPrtyBlkMax
                0x0603a9b4                SpSlvCmdPos
                0x0603a9b8                SpSlvDrawPrtyBlk
                0x0603a9bc                SpCharTbl
                0x0603a9c0                SpCmdTblR
                0x0603a9c4                SpMstCmdPos
                0x0603a9c8                SpSlvCmd
                0x0603a9cc                SpLCoordY
 COMMON         0x0603a9d0       0x10 ../sbl6/segalib/lib/sega_spr.a(spr_1c.o)
                                  0x0 (size before relaxing)
                0x0603a9d0                SpScreenY
                0x0603a9d4                SpFbcrMode
                0x0603a9d6                SpDil
                0x0603a9d8                SpDie
                0x0603a9da                SpTvMode
                0x0603a9dc                SpScreenX
 COMMON         0x0603a9e0      0x6b0 ../sbl6/segalib/lib/sega_scl.a(scl_pri.o)
                                  0x0 (size before relaxing)
                0x0603a9e0                SclAutoEndBlue2
                0x0603a9f0                SclColOffset
                0x0603aa00                SclPriBuffDirty
                0x0603aa02                SclAutoEndRed
                0x0603aa04                SclAutoSurface
                0x0603aa08                SclAutoGreen
                0x0603aa0a                SclAutoEndGreen
                0x0603aa0c                SclAutoCount
                0x0603aa10                SclColRamAlloc256
                0x0603aa30                SclAutoCurRate
                0x0603aa31                SclAutoPlusFlag
                0x0603aa38                SclSpColMix
                0x0603aa40                SclAutoMax
                0x0603aa44                SclLineColRamOffset
                0x0603aa48                SclColRamAlloc2048
                0x0603aa4c                SclBgPriNum
                0x0603aa52                SclAutoEndBlue
                0x0603aa54                SclAutoEndGreen2
                0x0603aa56                SclAutoVeFlag
                0x0603aa58                SclBgColMix
                0x0603aa60                SclAutoIndex
                0x0603aa64                SclAutoEndRate
                0x0603aa66                SclAutoBlue
                0x0603aa68                SclAutoRed
                0x0603aa6c                SclAutoInterval
                0x0603aa70                SclOtherPri
                0x0603aa80                SclAutoRGB
                0x0603b080                SclAutoEndRed2
                0x0603b088                SclSpPriNum
 COMMON         0x0603b090      0xf00 ../sbl6/segalib/lib/sega_scl.a(scl_func.o)
                                  0x0 (size before relaxing)
                0x0603b090                SclRbgKtbAddr
                0x0603b098                SclRb
                0x0603b09a                Scl_flag
                0x0603b0a0                SclK_TableBuff
                0x0603bd70                SclAddrCsTbl
                0x0603bd80                Scl_s_reg
                0x0603bda8                SclRotateXy
                0x0603bdb0                Scl_d_reg
                0x0603bdf8                SclRotateDisp
                0x0603be00                SclRotateMoveZ
                0x0603be08                SclRotXySw
                0x0603be10                Scl_r_reg
                0x0603be20                SclRPMD
                0x0603be28                SclRbgKtbOffset
                0x0603be30                _SclRotregBuff
                0x0603bf00                SclRa
                0x0603bf08                SclRotateZ
                0x0603bf10                SclAddrLsTbl
                0x0603bf18                SclK_TableNum
                0x0603bf20                SclRotateTableAddress
                0x0603bf24                SclK_TableFlag
                0x0603bf30                Scl_w_reg
                0x0603bf50                Scl_n_reg
 COMMON         0x0603bf90       0x10 ../sbl6/segalib/lib/sega_scl.a(scl_ro00.o)
                                  0x0 (size before relaxing)
                0x0603bf90                SclCsx
                0x0603bf98                SclCsy
 COMMON         0x0603bfa0       0x15 ../sbl6/segalib/lib/sega_per.a(per_prt.o)
                                  0x0 (size before relaxing)
                0x0603bfa0                per_get_time_flg
                0x0603bfa1                per_hot_res
                0x0603bfa2                per_set_sys_flg
                0x0603bfa4                per_get_time_adr
                0x0603bfa8                per_get_sys_data
                0x0603bfb4                per_time_out_flg
 *fill*         0x0603bfb5        0xb 00
 COMMON         0x0603bfc0        0xc ../sbl6/segalib/lib/sega_sat.a(gfs.o)
                                  0x0 (size before relaxing)
                0x0603bfc0                GFMC_base
                0x0603bfc4                gfs_mng_ptr
                0x0603bfc8                gfs_use_scudma
 *fill*         0x0603bfcc        0x4 00
 COMMON         0x0603bfd0        0x8 ../sbl6/segalib/lib/sega_sat.a(gfs_cdf.o)
                                  0x0 (size before relaxing)
                0x0603bfd0                gfcf_fad
                0x0603bfd4                gfcf_stat
 *fill*         0x0603bfd8        0x8 00
 COMMON         0x0603bfe0        0xc ../sbl6/segalib/lib/sega_sat.a(gfs_cdc.o)
                                  0x0 (size before relaxing)
                0x0603bfe0                gfcd_fatal_err
                0x0603bfe4                gfcd_work
                0x0603bfe8                gfcd_playflag
 *fill*         0x0603bfec        0x4 00
 COMMON         0x0603bff0        0x8 ../sbl6/segalib/lib/sega_sat.a(DMA_CPU5.o)
                                  0x0 (size before relaxing)
                0x0603bff0                dma_cpu_cnt
                0x0603bff4                dma_cpu_dis_adr
 *fill*         0x0603bff8        0x8 00
 COMMON         0x0603c000        0x4 C:/saturn/SH_COFF/sh-coff/bin/../lib/gcc/sh-coff/3.4-GNUSH_v0501/../../../../sh-coff/lib\libc.a(syscalls.o)
                                  0x0 (size before relaxing)
                0x0603c000                errno
                0x0603c004                SIZEOF_B = (. - STARTOF_B)
                0x0603c004                ENDOF_B = .
                0x0603c004                _end = .
OUTPUT(main.cof coff-sh)

.comment        0x0603c010      0x5a0
 .comment       0x0603c010       0x20 ../sbl6/segasmp/lib/strt2_g.o
 .comment       0x0603c030       0x20 vblank.o
 .comment       0x0603c050       0x20 smpclib/per_x1.o
 .comment       0x0603c070       0x20 smpclib/per_x2.o
 .comment       0x0603c090       0x20 spritecode/explosion.o
 .comment       0x0603c0b0       0x20 ball.o
 .comment       0x0603c0d0       0x20 cd.o
 .comment       0x0603c0f0       0x20 crc.o
 .comment       0x0603c110       0x20 devcart.o
 .comment       0x0603c130       0x20 game.o
 .comment       0x0603c150       0x20 graphics.o
 .comment       0x0603c170       0x20 intro.o
 .comment       0x0603c190       0x20 level.o
 .comment       0x0603c1b0       0x20 logo.o
 .comment       0x0603c1d0       0x20 menu.o
 .comment       0x0603c1f0       0x20 pcmsys.o
 .comment       0x0603c210       0x20 print.o
 .comment       0x0603c230       0x20 scroll.o
 .comment       0x0603c250       0x20 sound.o
 .comment       0x0603c270       0x20 sprite.o
 .comment       0x0603c290       0x20 main.o
 .comment       0x0603c2b0       0x20 C:/saturn/SH_COFF/sh-coff/bin/../lib/gcc/sh-coff/3.4-GNUSH_v0501\libgcc.a(_si_to_df.o)
 .comment       0x0603c2d0       0x20 C:/saturn/SH_COFF/sh-coff/bin/../lib/gcc/sh-coff/3.4-GNUSH_v0501\libgcc.a(_mul_df.o)
 .comment       0x0603c2f0       0x20 C:/saturn/SH_COFF/sh-coff/bin/../lib/gcc/sh-coff/3.4-GNUSH_v0501\libgcc.a(_df_to_si.o)
 .comment       0x0603c310       0x20 C:/saturn/SH_COFF/sh-coff/bin/../lib/gcc/sh-coff/3.4-GNUSH_v0501\libgcc.a(__main.o)
 .comment       0x0603c330       0x20 C:/saturn/SH_COFF/sh-coff/bin/../lib/gcc/sh-coff/3.4-GNUSH_v0501\libgcc.a(_pack_df.o)
 .comment       0x0603c350       0x20 C:/saturn/SH_COFF/sh-coff/bin/../lib/gcc/sh-coff/3.4-GNUSH_v0501\libgcc.a(_unpack_df.o)
 .comment       0x0603c370       0x20 C:/saturn/SH_COFF/sh-coff/bin/../lib/gcc/sh-coff/3.4-GNUSH_v0501\libgcc.a(_thenan_df.o)
 .comment       0x0603c390       0x20 C:/saturn/SH_COFF/sh-coff/bin/../lib/gcc/sh-coff/3.4-GNUSH_v0501\libgcc.a(_muldi3.o)
 .comment       0x0603c3b0       0x20 C:/saturn/SH_COFF/sh-coff/bin/../lib/gcc/sh-coff/3.4-GNUSH_v0501\libgcc.a(_lshrdi3.o)
 .comment       0x0603c3d0       0x20 C:/saturn/SH_COFF/sh-coff/bin/../lib/gcc/sh-coff/3.4-GNUSH_v0501\libgcc.a(_ashldi3.o)
 .comment       0x0603c3f0       0x20 C:/saturn/SH_COFF/sh-coff/bin/../lib/gcc/sh-coff/3.4-GNUSH_v0501/../../../../sh-coff/lib\libc.a(memcmp.o)
 .comment       0x0603c410       0x20 C:/saturn/SH_COFF/sh-coff/bin/../lib/gcc/sh-coff/3.4-GNUSH_v0501/../../../../sh-coff/lib\libc.a(strncmp.o)
 .comment       0x0603c430       0x20 C:/saturn/SH_COFF/sh-coff/bin/../lib/gcc/sh-coff/3.4-GNUSH_v0501/../../../../sh-coff/lib\libc.a(strncpy.o)
 .comment       0x0603c450       0x20 C:/saturn/SH_COFF/sh-coff/bin/../lib/gcc/sh-coff/3.4-GNUSH_v0501/../../../../sh-coff/lib\libc.a(atexit.o)
 .comment       0x0603c470       0x20 C:/saturn/SH_COFF/sh-coff/bin/../lib/gcc/sh-coff/3.4-GNUSH_v0501/../../../../sh-coff/lib\libc.a(impure.o)
 .comment       0x0603c490       0x20 C:/saturn/SH_COFF/sh-coff/bin/../lib/gcc/sh-coff/3.4-GNUSH_v0501/../../../../sh-coff/lib\libc.a(malloc.o)
 .comment       0x0603c4b0       0x20 C:/saturn/SH_COFF/sh-coff/bin/../lib/gcc/sh-coff/3.4-GNUSH_v0501/../../../../sh-coff/lib\libc.a(mallocr.o)
 .comment       0x0603c4d0       0x20 C:/saturn/SH_COFF/sh-coff/bin/../lib/gcc/sh-coff/3.4-GNUSH_v0501/../../../../sh-coff/lib\libc.a(freer.o)
 .comment       0x0603c4f0       0x20 C:/saturn/SH_COFF/sh-coff/bin/../lib/gcc/sh-coff/3.4-GNUSH_v0501/../../../../sh-coff/lib\libc.a(mlock.o)
 .comment       0x0603c510       0x20 C:/saturn/SH_COFF/sh-coff/bin/../lib/gcc/sh-coff/3.4-GNUSH_v0501/../../../../sh-coff/lib\libc.a(sbrkr.o)
 .comment       0x0603c530       0x20 C:/saturn/SH_COFF/sh-coff/bin/../lib/gcc/sh-coff/3.4-GNUSH_v0501/../../../../sh-coff/lib\libc.a(syscalls.o)
 .comment       0x0603c550       0x20 C:/saturn/SH_COFF/sh-coff/bin/../lib/gcc/sh-coff/3.4-GNUSH_v0501/../../../../sh-coff/lib\libc.a(abort.o)
 .comment       0x0603c570       0x20 C:/saturn/SH_COFF/sh-coff/bin/../lib/gcc/sh-coff/3.4-GNUSH_v0501/../../../../sh-coff/lib\libc.a(signal.o)
 .comment       0x0603c590       0x20 C:/saturn/SH_COFF/sh-coff/bin/../lib/gcc/sh-coff/3.4-GNUSH_v0501/../../../../sh-coff/lib\libc.a(signalr.o)
