Archive member included because of file (symbol)

c:/saturn/sbl6/segalib/lib/sega_int.a(int.o)
                              vblank.o (INT_SetScuFunc)
c:/saturn/sbl6/segalib/lib/sega_int.a(int_trmp.o)
                              c:/saturn/sbl6/segalib/lib/sega_int.a(int.o) (__interrupt_handler0)
c:/saturn/sbl6/segalib/lib/sega_spr.a(spr_2c.o)
                              sprite.o (SPR_2Initial)
c:/saturn/sbl6/segalib/lib/sega_spr.a(spr_slv.o)
                              c:/saturn/sbl6/segalib/lib/sega_spr.a(spr_2c.o) (SPR_InitSlaveSH)
c:/saturn/sbl6/segalib/lib/sega_spr.a(spr_1c.o)
                              c:/saturn/sbl6/segalib/lib/sega_spr.a(spr_2c.o) (SPR_Initial)
c:/saturn/sbl6/segalib/lib/sega_spr.a(spr_2a.o)
                              c:/saturn/sbl6/segalib/lib/sega_spr.a(spr_2c.o) (SPR_2SetDrawPrty)
c:/saturn/sbl6/segalib/lib/sega_scl.a(scl_vblv.o)
                              c:/saturn/sbl6/segalib/lib/sega_spr.a(spr_1c.o) (SpFrameChgMode)
c:/saturn/sbl6/segalib/lib/sega_scl.a(scl_pr12.o)
                              game.o (SCL_SetColOffset)
c:/saturn/sbl6/segalib/lib/sega_scl.a(scl_pr07.o)
                              game.o (SCL_SetPriority)
c:/saturn/sbl6/segalib/lib/sega_scl.a(scl_pr02.o)
                              game.o (SCL_SetColRam)
c:/saturn/sbl6/segalib/lib/sega_scl.a(scl_pr11.o)
                              game.o (SCL_SetAutoColOffset)
c:/saturn/sbl6/segalib/lib/sega_scl.a(scl_pri.o)
                              c:/saturn/sbl6/segalib/lib/sega_scl.a(scl_pr11.o) (SclAutoVeFlag)
c:/saturn/sbl6/segalib/lib/sega_scl.a(scl_pr10.o)
                              intro.o (SCL_SetAutoColMix)
c:/saturn/sbl6/segalib/lib/sega_scl.a(scl_fu05.o)
                              intro.o (SCL_InitLineParamTb)
c:/saturn/sbl6/segalib/lib/sega_scl.a(scl_func.o)
                              c:/saturn/sbl6/segalib/lib/sega_scl.a(scl_fu05.o) (SclLengthLsTbl)
c:/saturn/sbl6/segalib/lib/sega_scl.a(scl_pr01.o)
                              scroll.o (SCL_SetSpriteMode)
c:/saturn/sbl6/segalib/lib/sega_scl.a(scl_fu01.o)
                              scroll.o (SCL_SetDisplayMode)
c:/saturn/sbl6/segalib/lib/sega_scl.a(scl_fu04.o)
                              scroll.o (SCL_SetCycleTable)
c:/saturn/sbl6/segalib/lib/sega_scl.a(scl_pr03.o)
                              scroll.o (SCL_AllocColRam)
c:/saturn/sbl6/segalib/lib/sega_scl.a(scl_back.o)
                              scroll.o (SCL_SetBack)
c:/saturn/sbl6/segalib/lib/sega_scl.a(scl_fu03.o)
                              scroll.o (SCL_InitConfigTb)
c:/saturn/sbl6/segalib/lib/sega_scl.a(scl_fu02.o)
                              scroll.o (SCL_InitVramConfigTb)
c:/saturn/sbl6/segalib/lib/sega_scl.a(scl_pr09.o)
                              scroll.o (SCL_SetColMixMode)
c:/saturn/sbl6/segalib/lib/sega_scl.a(scl_pr05.o)
                              c:/saturn/sbl6/segalib/lib/sega_scl.a(scl_pr02.o) (SCL_GetColRamOffset)
c:/saturn/sbl6/segalib/lib/sega_scl.a(scl_ro00.o)
                              c:/saturn/sbl6/segalib/lib/sega_scl.a(scl_func.o) (SCL_Rotate)
c:/saturn/sbl6/segalib/lib/sega_scl.a(scl_pr06.o)
                              c:/saturn/sbl6/segalib/lib/sega_scl.a(scl_pr03.o) (SCL_SetColRamOffset)
c:/saturn/sbl6/segalib/lib/sega_mth.a(mth_tri.o)
                              ball.o (MTH_Sin)
c:/saturn/sbl6/segalib/lib/sega_mth.a(mth_fixd.o)
                              ball.o (MTH_Mul)
c:/saturn/sbl6/segalib/lib/sega_mth.a(mth_rand.o)
                              main.o (MTH_InitialRand)
c:/saturn/sbl6/segalib/lib/sega_cdc.a(cdc_drv.o)
                              sound.o (CDC_CdPlay)
c:/saturn/sbl6/segalib/lib/sega_cdc.a(cdc_cmn.o)
                              main.o (CDC_GetPeriStat)
c:/saturn/sbl6/segalib/lib/sega_cdc.a(cdc_sub.o)
                              c:/saturn/sbl6/segalib/lib/sega_cdc.a(cdc_cmn.o) (CDSUB_UpdStatus)
c:/saturn/sbl6/segalib/lib/sega_cdc.a(cdc_reg.o)
                              c:/saturn/sbl6/segalib/lib/sega_cdc.a(cdc_cmn.o) (CDREG_ClrHirqReq)
c:/saturn/sbl6/segalib/lib/sega_per.a(per_prt.o)
                              smpclib/per_x2.o (PER_LInit)
c:/saturn/sbl6/segalib/lib/sega_sat.a(gfs.o)
                              cd.o (GFS_Init)
c:/saturn/sbl6/segalib/lib/sega_sat.a(DMA_CPU1.o)
                              game.o (DMA_CpuMemCopy1)
c:/saturn/sbl6/segalib/lib/sega_sat.a(DMA_CPU2.o)
                              intro.o (DMA_CpuMemCopy2)
c:/saturn/sbl6/segalib/lib/sega_sat.a(DMA_SCU1.o)
                              c:/saturn/sbl6/segalib/lib/sega_spr.a(spr_2c.o) (DMA_ScuMemCopy)
c:/saturn/sbl6/segalib/lib/sega_sat.a(gfs_cdf.o)
                              c:/saturn/sbl6/segalib/lib/sega_sat.a(gfs.o) (GFCF_Init)
c:/saturn/sbl6/segalib/lib/sega_sat.a(gfs_dir.o)
                              c:/saturn/sbl6/segalib/lib/sega_sat.a(gfs.o) (GFDR_SetupDirTbl)
c:/saturn/sbl6/segalib/lib/sega_sat.a(gfs_trn.o)
                              c:/saturn/sbl6/segalib/lib/sega_sat.a(gfs.o) (GFTR_Setup)
[...]
Memory Configuration

Name             Origin             Length             Attributes
*default*        0x00000000         0xffffffff

Linker script and memory map

LOAD c:/saturn/sbl6/segasmp/lib/strt1_g.o
LOAD c:/saturn/sbl6/segasmp/lib/strt2_g.o
LOAD vblank.o
LOAD smpclib/per_x1.o
LOAD smpclib/per_x2.o
LOAD smpclib/per_x3.o
LOAD spritecode/explosion.o
LOAD ball.o
LOAD capsule.o
LOAD cd.o
LOAD crc.o
LOAD devcart.o
LOAD game.o
LOAD graphics.o
LOAD intro.o
LOAD laser.o
LOAD level.o
LOAD logo.o
LOAD menu.o
LOAD pcmsys.o
LOAD print.o
LOAD scroll.o
LOAD sound.o
LOAD sprite.o
LOAD main.o
LOAD c:/saturn/sbl6/segalib/lib/sega_int.a
LOAD c:/saturn/sbl6/segalib/lib/sega_spr.a
LOAD c:/saturn/sbl6/segalib/lib/sega_scl.a
LOAD c:/saturn/sbl6/segalib/lib/sega_mth.a
LOAD c:/saturn/sbl6/segalib/lib/sega_cdc.a
LOAD c:/saturn/sbl6/segalib/lib/sega_adp.a
LOAD c:/saturn/sbl6/segalib/lib/sega_per.a
LOAD c:/saturn/sbl6/segalib/lib/sega_sat.a
LOAD c:/saturn/SH_COFF/sh-coff/bin/../lib/gcc/sh-coff/3.4-GNUSH_v0501\libgcc.a
LOAD c:/saturn/SH_COFF/sh-coff/bin/../lib/gcc/sh-coff/3.4-GNUSH_v0501/../../../../sh-coff/lib\libc.a
LOAD c:/saturn/SH_COFF/sh-coff/bin/../lib/gcc/sh-coff/3.4-GNUSH_v0501\libgcc.a

.text           0x06010000    0x186e0
 *(.text)
 .text          0x06010000       0x30 c:/saturn/sbl6/segasmp/lib/strt1_g.o
                0x06010024                _D_END
                0x06010020                _D_BGN
                0x0601002c                _B_END
                0x06010028                _B_BGN
                0x06010000                START
 .text          0x06010030       0x60 c:/saturn/sbl6/segasmp/lib/strt2_g.o
                0x06010050                _INITSCT
                0x06010030                _INIT
 .text          0x06010090      0x1d0 vblank.o
                0x06010090                SetVblank
                0x06010110                UsrVblankOut
                0x060100f0                UsrVblankIn
 .text          0x06010260      0x240 smpclib/per_x1.o
                0x06010440                PER_GetAnalogXYZ
                0x06010280                PER_GetTriggerHandler
                0x060103d0                PER_GetEdge
                0x06010390                PER_GetTrigger
                0x060103e0                PER_GetPressEdge
                0x06010410                PER_GetReleaseEdge
                0x06010260                PER_SetTriggerHandler
 .text          0x060104a0      0x180 smpclib/per_x2.o
                0x06010580                PER_GetDeviceA
                0x060104a0                PER_OpenPort
                0x060104d0                PER_GetPort
                0x060105c0                PER_GetDeviceR
 .text          0x06010620       0x20 smpclib/per_x3.o
                0x06010620                PER_DisguiseTrigger
 .text          0x06010640       0xb0 spritecode/explosion.o
                0x060106a0                explosion_move
                0x06010640                explosion_make
 .text          0x060106f0      0x4c0 ball.o
                0x060108f0                ball_move
                0x06010820                ball_remove
                0x06010710                ball_add
                0x06010870                ball_bounce
                0x060106f0                ball_init
                0x06010b30                ball_draw
 .text          0x06010bb0      0x230 capsule.o
                0x06010c60                capsule_run
                0x06010bd0                capsule_add
                0x06010d80                capsule_draw
                0x06010c10                capsule_remove
                0x06010bb0                capsule_init
 .text          0x06010de0      0x120 cd.o
                0x06010e80                cd_load_nosize
                0x06010de0                cd_init
                0x06010e10                cd_load
 .text          0x06010f00      0x140 crc.o
                0x06011000                crc_update
 .text          0x06011040      0x1c0 devcart.o
                0x060111c0                devcart_reset
                0x060110b0                devcart_loadfile
                0x060111b0                devcart_printstr
 .text          0x06011200     0x16e0 game.o
                0x06011300                game_incpowerup
                0x06011460                game_run
                0x060113d0                game_loss
                0x06011330                game_powerupreset
 .text          0x060128e0      0xe10 intro.o
                0x060128e0                intro_run
 .text          0x060136f0      0x180 laser.o
                0x06013710                laser_add
                0x06013750                laser_remove
                0x06013800                laser_draw
                0x060136f0                laser_init
                0x06013790                laser_move
 .text          0x06013870      0x700 level.o
                0x06013b60                level_disp
                0x06013870                level_load
 .text          0x06013f70      0x370 logo.o
                0x06013fd0                logo_run
                0x06013f70                logo_loadframe
 .text          0x060142e0      0xbd0 menu.o
                0x06014610                menu_run
                0x060144c0                sqrt32
 .text          0x06014eb0      0x8c0 pcmsys.o
                0x06015570                load_8bit_pcm
                0x060152d0                smpc_issue_command
                0x06015370                load_drv
                0x06015700                pcm_parameter_change
                0x060152b0                smpc_wait_till_ready
                0x060152f0                load_driver_binary
                0x060156c0                pcm_play
                0x06015730                pcm_cease
                0x060153c0                calculate_bytes_per_blank
                0x06015410                load_16bit_pcm
 .text          0x06015770      0x230 print.o
                0x06015900                print_display
                0x06015850                print_num
                0x06015770                print_load
                0x06015820                print_init
                0x060158a0                print_string
 .text          0x060159a0      0x580 scroll.o
                0x060159a0                scroll_lores
                0x06015de0                scroll_move
                0x06015e30                scroll_clearmaps
                0x06015d90                scroll_set
                0x06015e80                scroll_charsize
                0x06015ed0                scroll_mapsize
                0x06015a10                scroll_hires
                0x06015b60                scroll_init
                0x06015a80                scroll_scale
 .text          0x06015f20      0x1a0 sound.o
                0x060160a0                sound_play
                0x06015f50                sound_init
                0x06016040                sound_cdda
 .text          0x060160c0      0x5f0 sprite.o
                0x060160f0                sprite_init
                0x060164e0                sprite_make
                0x06016620                sprite_next
                0x060161a0                sprite_erase
                0x06016680                sprite_delete
                0x06016530                sprite_draw_all
                0x060160c0                sprite_deleteall
                0x06016200                sprite_startdraw
                0x06016280                sprite_draw
 .text          0x060166b0      0x210 main.o
                0x060166b0                main
 .text          0x060168c0       0x40 c:/saturn/sbl6/segalib/lib/sega_int.a(int.o)
                0x060168ec                INT_GetScuFunc
                0x060168c0                INT_SetScuFunc
 .text          0x06016900      0x624 c:/saturn/sbl6/segalib/lib/sega_int.a(int_trmp.o)
                0x06016a68                __interrupt_handler60
                0x06016c18                __interrupt_handler132
                0x06016dce                __interrupt_handler205
                0x06016c36                __interrupt_handler137
                0x06016b64                __interrupt_handler102
                0x060169a2                __interrupt_handler27
                0x06016da4                __interrupt_handler198
                0x06016c96                __interrupt_handler153
                0x0601697e                __interrupt_handler21
                0x06016a8c                __interrupt_handler66
                0x06016b7c                __interrupt_handler106
                0x06016cc6                __interrupt_handler161
                0x06016b10                __interrupt_handler88
                0x06016cde                __interrupt_handler165
                0x06016bee                __interrupt_handler125
                0x06016924                __interrupt_handler6
                0x060169c0                __interrupt_handler32
                0x06016d7a                __interrupt_handler191
                0x06016e94                __interrupt_handler238
                0x06016eac                __interrupt_handler242
                0x06016cb4                __interrupt_handler158
                0x06016b1c                __interrupt_handler90
                0x06016cd8                __interrupt_handler164
                0x060169fc                __interrupt_handler42
                0x06016d3e                __interrupt_handler181
                0x06016e46                __interrupt_handler225
                0x06016eee                __interrupt_handler253
                0x06016d02                __interrupt_handler171
                0x06016abc                __interrupt_handler74
                0x06016912                __interrupt_handler3
                0x06016a56                __interrupt_handler57
                0x06016954                __interrupt_handler14
                0x06016dec                __interrupt_handler210
                0x06016e1c                __interrupt_handler218
                0x06016de0                __interrupt_handler208
                0x060169e4                __interrupt_handler38
                0x06016900                __interrupt_handler0
                0x06016b70                __interrupt_handler104
                0x06016cae                __interrupt_handler157
                0x06016dfe                __interrupt_handler213
                0x06016cf0                __interrupt_handler168
                0x06016afe                __interrupt_handler85
                0x06016b9a                __interrupt_handler111
                0x06016bac                __interrupt_handler114
                0x06016a1a                __interrupt_handler47
                0x06016e70                __interrupt_handler232
                0x06016e3a                __interrupt_handler223
                0x06016e8e                __interrupt_handler237
                0x06016a7a                __interrupt_handler63
                0x06016a08                __interrupt_handler44
                0x06016d1a                __interrupt_handler175
                0x06016d44                __interrupt_handler182
                0x06016d5c                __interrupt_handler186
                0x06016c5a                __interrupt_handler143
                0x06016b82                __interrupt_handler107
                0x06016be8                __interrupt_handler124
                0x06016d08                __interrupt_handler172
                0x06016ebe                __interrupt_handler245
                0x06016b3a                __interrupt_handler95
                0x06016c12                __interrupt_handler131
                0x06016c24                __interrupt_handler134
                0x06016c42                __interrupt_handler139
                0x06016ab0                __interrupt_handler72
                0x06016e6a                __interrupt_handler231
                0x06016cc0                __interrupt_handler160
                0x06016c06                __interrupt_handler129
                0x06016978                __interrupt_handler20
                0x06016a86                __interrupt_handler65
                0x06016a50                __interrupt_handler56
                0x0601694e                __interrupt_handler13
                0x06016de6                __interrupt_handler209
                0x06016ba0                __interrupt_handler112
                0x06016972                __interrupt_handler19
                0x06016b2e                __interrupt_handler93
                0x06016d98                __interrupt_handler196
                0x06016c8a                __interrupt_handler151
                0x06016cea                __interrupt_handler167
                0x06016f00                __trampoline
                0x06016966                __interrupt_handler17
                0x06016e58                __interrupt_handler228
                0x06016efa                __interrupt_handler255
                0x06016eb8                __interrupt_handler244
                0x06016b52                __interrupt_handler99
                0x06016d4a                __interrupt_handler183
                0x06016c48                __interrupt_handler140
                0x06016d6e                __interrupt_handler189
                0x06016c6c                __interrupt_handler146
                0x06016e34                __interrupt_handler222
                0x06016ca8                __interrupt_handler156
                0x06016bdc                __interrupt_handler122
                0x06016ed0                __interrupt_handler248
                0x06016a20                __interrupt_handler48
                0x06016a9e                __interrupt_handler69
                0x06016990                __interrupt_handler24
                0x06016b16                __interrupt_handler89
                0x06016e0a                __interrupt_handler215
                0x06016ef4                __interrupt_handler254
                0x06016b0a                __interrupt_handler87
                0x06016a6e                __interrupt_handler61
                0x06016d92                __interrupt_handler195
                0x06016c84                __interrupt_handler150
                0x060169f6                __interrupt_handler41
                0x06016b94                __interrupt_handler110
                0x06016bfa                __interrupt_handler127
                0x06016b88                __interrupt_handler108
                0x06016ba6                __interrupt_handler113
                0x06016bb8                __interrupt_handler116
                0x06016bd6                __interrupt_handler121
                0x06016ace                __interrupt_handler77
                0x060169ea                __interrupt_handler39
                0x06016a02                __interrupt_handler43
                0x06016ed6                __interrupt_handler249
                0x06016d14                __interrupt_handler174
                0x06016c30                __interrupt_handler136
                0x06016d68                __interrupt_handler188
                0x06016c66                __interrupt_handler145
                0x06016936                __interrupt_handler9
                0x06016ada                __interrupt_handler79
                0x06016e52                __interrupt_handler227
                0x060169cc                __interrupt_handler34
                0x06016c0c                __interrupt_handler130
                0x06016eca                __interrupt_handler247
                0x06016ac2                __interrupt_handler75
                0x06016d0e                __interrupt_handler173
                0x06016a3e                __interrupt_handler53
                0x06016c7e                __interrupt_handler149
                0x06016ee2                __interrupt_handler251
                0x06016e76                __interrupt_handler233
                0x0601693c                __interrupt_handler10
                0x06016dc8                __interrupt_handler204
                0x06016aec                __interrupt_handler82
                0x06016af2                __interrupt_handler83
                0x06016996                __interrupt_handler25
                0x06016eb2                __interrupt_handler243
                0x06016ccc                __interrupt_handler162
                0x06016a14                __interrupt_handler46
                0x06016d2c                __interrupt_handler178
                0x06016ae0                __interrupt_handler80
                0x06016a74                __interrupt_handler62
                0x0601690c                __interrupt_handler2
                0x060169ae                __interrupt_handler29
                0x06016aa4                __interrupt_handler70
                0x06016b8e                __interrupt_handler109
                0x06016c78                __interrupt_handler148
                0x06016b34                __interrupt_handler94
                0x06016e40                __interrupt_handler224
                0x06016b6a                __interrupt_handler103
                0x060169d8                __interrupt_handler36
                0x06016bf4                __interrupt_handler126
                0x06016ec4                __interrupt_handler246
                0x06016a4a                __interrupt_handler55
                0x06016948                __interrupt_handler12
                0x06016a38                __interrupt_handler52
                0x06016d62                __interrupt_handler187
                0x06016c60                __interrupt_handler144
                0x06016bbe                __interrupt_handler117
                0x0601696c                __interrupt_handler18
                0x06016d9e                __interrupt_handler197
                0x06016c90                __interrupt_handler152
                0x06016bc4                __interrupt_handler118
                0x06016cfc                __interrupt_handler170
                0x06016db6                __interrupt_handler201
                0x06016b46                __interrupt_handler97
                0x06016cd2                __interrupt_handler163
                0x06016d38                __interrupt_handler180
                0x06016d80                __interrupt_handler192
                0x06016ea0                __interrupt_handler240
                0x06016be2                __interrupt_handler123
                0x06016e04                __interrupt_handler214
                0x060169ba                __interrupt_handler31
                0x060169a8                __interrupt_handler28
                0x06016a92                __interrupt_handler67
                0x06016a98                __interrupt_handler68
                0x06016984                __interrupt_handler22
                0x0601698a                __interrupt_handler23
                0x06016d20                __interrupt_handler176
                0x0601692a                __interrupt_handler7
                0x06016e2e                __interrupt_handler221
                0x06016e16                __interrupt_handler217
                0x06016e5e                __interrupt_handler229
                0x06016a26                __interrupt_handler49
                0x06016918                __interrupt_handler4
                0x060169f0                __interrupt_handler40
                0x06016bb2                __interrupt_handler115
                0x06016e82                __interrupt_handler235
                0x06016b22                __interrupt_handler91
                0x06016dd4                __interrupt_handler206
                0x06016d26                __interrupt_handler177
                0x06016c72                __interrupt_handler147
                0x060169de                __interrupt_handler37
                0x06016edc                __interrupt_handler250
                0x06016906                __interrupt_handler1
                0x06016e22                __interrupt_handler219
                0x06016ac8                __interrupt_handler76
                0x06016b58                __interrupt_handler100
                0x06016a5c                __interrupt_handler58
                0x0601695a                __interrupt_handler15
                0x06016df8                __interrupt_handler212
                0x06016ea6                __interrupt_handler241
                0x06016dbc                __interrupt_handler202
                0x06016d86                __interrupt_handler193
                0x06016ad4                __interrupt_handler78
                0x06016a2c                __interrupt_handler50
                0x060169c6                __interrupt_handler33
                0x06016ce4                __interrupt_handler166
                0x06016c3c                __interrupt_handler138
                0x06016c2a                __interrupt_handler135
                0x060169b4                __interrupt_handler30
                0x06016d50                __interrupt_handler184
                0x06016c4e                __interrupt_handler141
                0x06016e64                __interrupt_handler230
                0x06016e88                __interrupt_handler236
                0x06016bca                __interrupt_handler119
                0x06016b04                __interrupt_handler86
                0x06016b76                __interrupt_handler105
                0x06016ae6                __interrupt_handler81
                0x06016bd0                __interrupt_handler120
                0x06016c00                __interrupt_handler128
                0x06016a44                __interrupt_handler54
                0x06016942                __interrupt_handler11
                0x06016daa                __interrupt_handler199
                0x06016c9c                __interrupt_handler154
                0x06016a0e                __interrupt_handler45
                0x06016e10                __interrupt_handler216
                0x06016dc2                __interrupt_handler203
                0x06016b5e                __interrupt_handler101
                0x06016af8                __interrupt_handler84
                0x06016d56                __interrupt_handler185
                0x06016c54                __interrupt_handler142
                0x0601699c                __interrupt_handler26
                0x06016a80                __interrupt_handler64
                0x06016db0                __interrupt_handler200
                0x06016dda                __interrupt_handler207
                0x06016d8c                __interrupt_handler194
                0x06016b28                __interrupt_handler92
                0x06016ca2                __interrupt_handler155
                0x06016df2                __interrupt_handler211
                0x06016c1e                __interrupt_handler133
                0x0601691e                __interrupt_handler5
                0x06016ab6                __interrupt_handler73
                0x06016960                __interrupt_handler16
                0x06016e9a                __interrupt_handler239
                0x06016e7c                __interrupt_handler234
                0x060169d2                __interrupt_handler35
                0x06016a62                __interrupt_handler59
                0x06016cf6                __interrupt_handler169
                0x06016b4c                __interrupt_handler98
                0x06016aaa                __interrupt_handler71
                0x06016a32                __interrupt_handler51
                0x06016cba                __interrupt_handler159
                0x06016e4c                __interrupt_handler226
                0x06016b40                __interrupt_handler96
                0x06016d74                __interrupt_handler190
                0x06016e28                __interrupt_handler220
                0x06016930                __interrupt_handler8
                0x06016d32                __interrupt_handler179
                0x06016ee8                __interrupt_handler252
 *fill*         0x06016f24        0xc 00
 .text          0x06016f30     0x12a0 c:/saturn/sbl6/segalib/lib/sega_spr.a(spr_2c.o)
                0x06018190                SlaveFlushDrawPrtyBlock
                0x06016f30                SPR_2Initial
                0x06017774                SPR_2SysClip
                0x06017714                SPR_2LocalCoord
                0x0601800c                SPR_2FlushDrawPrtyBlock
                0x06017cf8                SPR_2DistSpr
                0x060176fc                SPR_2FlushDrawPrty
                0x06017e1c                SPR_2Cmd
                0x060173f8                SPR_2GourTblNoToVram
                0x06017458                SPR_2GetAreaSizeInfo
                0x060171c0                SPR_2SetGourTbl
                0x060179ac                SPR_2Polygon
                0x06017434                SPR_2CharNoToVram
                0x06017140                SPR_2SetTvMode
                0x0601759c                SPR_2CloseCommand
                0x0601717c                SPR_2FrameEraseData
                0x06016f58                SPR_2Initial2
                0x06017b8c                SPR_2ScaleSpr
                0x0601781c                SPR_2Line
                0x060174e8                SPR_2OpenCommand
                0x0601715c                SPR_2FrameChgIntr
                0x06017a68                SPR_2NormSpr
                0x060171f0                SPR_2SetLookupTbl
                0x06017224                SPR_2SetChar
                0x0601741c                SPR_2LookupTblNoToVram
                0x060178f0                SPR_2PolyLine
                0x06017390                SPR_2ClrAllChar
                0x06017344                SPR_2ClrChar
                0x060177c0                SPR_2UserClip
 .text          0x060181d0      0x1e6 c:/saturn/sbl6/segalib/lib/sega_spr.a(spr_slv.o)
                0x06018334                SPR_WaitEndSlaveSH
                0x060181d0                SPR_SMPC_SSHON
                0x06018310                SPR_RunSlaveSH
                0x060181d4                SPR_InitSlaveSH
                0x0601829c                SPR_SlaveSHmain
                0x060181d1                SPR_SMPC_SSHOFF
 *fill*         0x060183b6        0xa 00
 .text          0x060183c0      0x36a c:/saturn/sbl6/segalib/lib/sega_spr.a(spr_1c.o)
                0x06018674                SPR_WaitDrawEnd
                0x0601868c                SPR_SetEosMode
                0x060185a4                SPR_SetEraseData
                0x060183c0                SPR_Initial
                0x06018498                SPR_SetTvMode
                0x06018530                SPR_GetStatus
 *fill*         0x0601872a        0x6 00
 .text          0x06018730      0x244 c:/saturn/sbl6/segalib/lib/sega_spr.a(spr_2a.o)
                0x06018742                sprMemCpyW
                0x060187a0                flushDrawPrtyBlock
                0x06018730                sprMemCpyL
                0x06018754                SPR_2SetDrawPrty
 *fill*         0x06018974        0xc 00
 .text          0x06018980      0x2fc c:/saturn/sbl6/segalib/lib/sega_scl.a(scl_vblv.o)
                0x06018a3c                SCL_DisplayFrame
                0x06018980                SCL_SetFrameInterval
                0x06018a70                SCL_VblInit
                0x06018ac0                SCL_VblankStart
                0x06018b04                SCL_VblankEnd
 *fill*         0x06018c7c        0x4 00
 .text          0x06018c80      0x1f4 c:/saturn/sbl6/segalib/lib/sega_scl.a(scl_pr12.o)
                0x06018c80                SCL_SetColOffset
 *fill*         0x06018e74        0xc 00
 .text          0x06018e80      0x214 c:/saturn/sbl6/segalib/lib/sega_scl.a(scl_pr07.o)
                0x06018e80                SCL_SetPriority
 *fill*         0x06019094        0xc 00
 .text          0x060190a0       0x9c c:/saturn/sbl6/segalib/lib/sega_scl.a(scl_pr02.o)
                0x060190a0                SCL_SetColRam
 *fill*         0x0601913c        0x4 00
 .text          0x06019140      0x180 c:/saturn/sbl6/segalib/lib/sega_scl.a(scl_pr11.o)
                0x06019140                SCL_SetAutoColOffset
 .text          0x060192c0     0x10a4 c:/saturn/sbl6/segalib/lib/sega_scl.a(scl_pri.o)
                0x06019354                SCL_AbortAutoVe
                0x0601a204                SCL_SetShadowBit
                0x060197cc                SCL_AutoExec
                0x060192c0                SCL_PriorityInit
                0x06019ce0                SCL_IncColOffset
                0x06019368                SCL_SetColMixRate
                0x06019338                SCL_GetColRamMode
 *fill*         0x0601a364        0xc 00
 .text          0x0601a370       0x98 c:/saturn/sbl6/segalib/lib/sega_scl.a(scl_pr10.o)
                0x0601a370                SCL_SetAutoColMix
 *fill*         0x0601a408        0x8 00
 .text          0x0601a410      0x278 c:/saturn/sbl6/segalib/lib/sega_scl.a(scl_fu05.o)
                0x0601a4cc                SCL_SetLineParam
                0x0601a418                SCL_InitLineParamTb
 *fill*         0x0601a688        0x8 00
 .text          0x0601a690      0xb9c c:/saturn/sbl6/segalib/lib/sega_scl.a(scl_func.o)
                0x0601b06c                SCL_Vdp2_SGLInit
                0x0601af7c                SCL_PriIntProc
                0x0601aef4                SCL_Memcpyw
                0x0601b20c                SCL_SglOff
                0x0601b1ec                SCL_SglOn
                0x0601ae60                SCL_ScrollShow
                0x0601a908                SCL_Close
                0x0601ac00                SCL_Scale
                0x0601a690                SCL_Vdp2Init
                0x0601aa74                SCL_Move
                0x0601ad3c                SCL_CopyReg
                0x0601a8e4                SCL_Open
                0x0601a714                SCL_ParametersInit
                0x0601a924                SCL_MoveTo
                0x0601af1c                SCL_SetColRamMode
 *fill*         0x0601b22c        0x4 00
 .text          0x0601b230       0x58 c:/saturn/sbl6/segalib/lib/sega_scl.a(scl_pr01.o)
                0x0601b230                SCL_SetSpriteMode
 *fill*         0x0601b288        0x8 00
 .text          0x0601b290      0x1ec c:/saturn/sbl6/segalib/lib/sega_scl.a(scl_fu01.o)
                0x0601b290                SCL_SetDisplayMode
 *fill*         0x0601b47c        0x4 00
 .text          0x0601b480       0x28 c:/saturn/sbl6/segalib/lib/sega_scl.a(scl_fu04.o)
                0x0601b480                SCL_SetCycleTable
 *fill*         0x0601b4a8        0x8 00
 .text          0x0601b4b0      0x138 c:/saturn/sbl6/segalib/lib/sega_scl.a(scl_pr03.o)
                0x0601b4b0                SCL_FreeColRam
                0x0601b4e8                SCL_AllocColRam
 *fill*         0x0601b5e8        0x8 00
 .text          0x0601b5f0       0x84 c:/saturn/sbl6/segalib/lib/sega_scl.a(scl_back.o)
                0x0601b5f0                SCL_SetBack
 *fill*         0x0601b674        0xc 00
 .text          0x0601b680      0x94c c:/saturn/sbl6/segalib/lib/sega_scl.a(scl_fu03.o)
                0x0601b6dc                SCL_SetConfig
                0x0601b680                SCL_InitConfigTb
 *fill*         0x0601bfcc        0x4 00
 .text          0x0601bfd0      0x4f4 c:/saturn/sbl6/segalib/lib/sega_scl.a(scl_fu02.o)
                0x0601c008                SCL_SetVramConfig
                0x0601bfd0                SCL_InitVramConfigTb
 *fill*         0x0601c4c4        0xc 00
 .text          0x0601c4d0       0x40 c:/saturn/sbl6/segalib/lib/sega_scl.a(scl_pr09.o)
                0x0601c4d0                SCL_SetColMixMode
 .text          0x0601c510       0xac c:/saturn/sbl6/segalib/lib/sega_scl.a(scl_pr05.o)
                0x0601c510                SCL_GetColRamOffset
 *fill*         0x0601c5bc        0x4 00
 .text          0x0601c5c0     0x1394 c:/saturn/sbl6/segalib/lib/sega_scl.a(scl_ro00.o)
                0x0601d7ac                SCL_RotateZD
                0x0601ca74                SCL_Rotate
                0x0601c748                SCL_InitRotateTable
 *fill*         0x0601d954        0xc 00
 .text          0x0601d960      0x1b4 c:/saturn/sbl6/segalib/lib/sega_scl.a(scl_pr06.o)
                0x0601d960                SCL_SetColRamOffset
 *fill*         0x0601db14        0xc 00
 .text          0x0601db20      0x600 c:/saturn/sbl6/segalib/lib/sega_mth.a(mth_tri.o)
                0x0601dbbc                fcos
                0x0601dbc2                fsin
                0x0601db6c                MTH_Cos
                0x0601db20                MTH_Sin
                0x0601dd60                MTH_Atan
 .text          0x0601e120       0xa4 c:/saturn/sbl6/segalib/lib/sega_mth.a(mth_fixd.o)
                0x0601e170                MTH_FixedToInt
                0x0601e160                MTH_IntToFixed
                0x0601e120                MTH_Mul
                0x0601e180                MTH_Product
                0x0601e140                MTH_Div
 *fill*         0x0601e1c4        0xc 00
 .text          0x0601e1d0       0x30 c:/saturn/sbl6/segalib/lib/sega_mth.a(mth_rand.o)
                0x0601e1e0                MTH_GetRand
                0x0601e1d0                MTH_InitialRand
 .text          0x0601e200      0x130 c:/saturn/sbl6/segalib/lib/sega_cdc.a(cdc_drv.o)
                0x0601e200                CDC_CdPlay
                0x0601e2cc                CDC_CdSeek
                0x0601e300                CDC_CdScan
 .text          0x0601e330      0x3a0 c:/saturn/sbl6/segalib/lib/sega_cdc.a(cdc_cmn.o)
                0x0601e4d4                CDC_TgetToc
                0x0601e678                CDC_DataEnd
                0x0601e398                CDC_GetPeriStat
                0x0601e60c                CDC_DataReady
                0x0601e5e4                CDC_CdOpen
                0x0601e560                CDC_CdInit
                0x0601e524                CDC_GetSes
                0x0601e380                CDC_GetLastStat
                0x0601e330                CDC_GetCurStat
                0x0601e46c                CDC_GetHwInfo
 .text          0x0601e6d0      0x152 c:/saturn/sbl6/segalib/lib/sega_cdc.a(cdc_sub.o)
                0x0601e778                CDSUB_GetCdstat
                0x0601e6e8                CDSUB_UpdCdstat
                0x0601e7b8                CDSUB_RspToCdstat
                0x0601e800                CDSUB_SoftTimer
                0x0601e6d0                CDSUB_UpdStatus
                0x0601e708                CDSUB_CdCmd
 *fill*         0x0601e822        0xe 00
 .text          0x0601e830      0x2dc c:/saturn/sbl6/segalib/lib/sega_cdc.a(cdc_reg.o)
                0x0601e884                CDREG_ClrHirqReq
                0x0601e854                CDC_ClrHirqReq
                0x0601e904                CDREG_TgetData
                0x0601e8f4                CDC_GetMpegPtr
                0x0601e8d0                CDC_GetHirqMsk
                0x0601e830                CDC_GetDataPtr
                0x0601e840                CDC_GetHirqReq
                0x0601ea60                CDREG_WaitHirq
                0x0601e8e4                CDC_SetHirqMsk
                0x0601e960                CDREG_CmdRsp
                0x0601e894                CDREG_InitHirqReq
                0x0601e8bc                CDREG_SetHirqFlag
                0x0601ead0                CDREG_ReadRsp
 *fill*         0x0601eb0c        0x4 00
 .text          0x0601eb10      0xf50 c:/saturn/sbl6/segalib/lib/sega_per.a(per_prt.o)
                0x0601ef30                PER_IntFunc
                0x0601ed28                PER_LGetPer
                0x0601eb10                PER_LInit
 .text          0x0601fa60     0x1b04 c:/saturn/sbl6/segalib/lib/sega_sat.a(gfs.o)
                0x0601fa60                gfs_version
                0x06020cd4                gfs_mngGetNumFile
                0x06021454                gfs_closeSub
                0x060207f0                GFS_SetGmode
                0x06020aac                GFS_SetErrFunc
                0x06020bfc                gfs_mngSetupFuncTbl
                0x0601fdb8                GFS_Reset
                0x06020b24                gfs_chgRoot
                0x06020bf0                gfs_aborttrans
                0x06020ed4                gfs_svrAddHndl
                0x06020d84                gfs_mngFreeGrp
                0x06020afc                GFS_ConvTno
                0x06021088                gfs_getRootDir
                0x06020ad8                GFS_GetErrStat
                0x0601ff28                GFS_Seek
                0x06020594                GFS_NwStop
                0x06020d90                gfs_mngTermAccess
                0x0601fe3c                GFS_Open
                0x06020d3c                GFS_mngAllocGrp
                0x0602149c                gfs_isTaskDone
                0x06020294                GFS_Fread
                0x060209f4                GFS_StartTrans
                0x060213f0                gfs_GetFinfo
                0x06020c30                gfs_mngInitWork
                0x06020080                GFS_ByteToSct
                0x06020e94                gfs_svrSearchHndl
                0x06021184                gfs_loadRootDir
                0x0601fcdc                GFS_IdToName
                0x060203d8                GFS_NwFread
                0x06020924                GFS_SetTransPara
                0x060204e4                GFS_NwCdRead
                0x06020fc4                gfs_loadVol
                0x060208c0                GFS_SetReadPara
                0x0601ffdc                GFS_Tell
                0x06020854                GFS_SetTmode
                0x06021358                GFS_GetFad
                0x06020990                GFS_SetTrFunc
                0x06020a40                GFS_CdMovePickup
                0x0601fc78                GFS_NameToId
                0x060206ac                GFS_NwExecOne
                0x0602120c                gfs_flowIn
                0x06020134                GFS_GetFileInfo
                0x060212b4                gfs_transData
                0x06020f10                gfs_svrRemoveHndl
                0x0602055c                GFS_NwIsComplete
                0x06021490                gfs_getGmode
                0x06020600                GFS_NwGetStat
                0x06020f6c                GFS_OpenSub
                0x0601fc10                GFS_SetDir
                0x060200dc                GFS_GetFileSize
                0x060201a8                GFS_GetNumCdbuf
                0x060214f0                gfs_convFinStat
                0x060201d0                GFS_Load
                0x06020330                gfs_waitRead
                0x0601fb68                GFS_LoadDir
                0x0601fd48                GFS_GetDirInfo
                0x0601fef0                GFS_Close
                0x0601fa80                GFS_Init
                0x0602067c                gfs_recovRdErr
                0x06020e14                gfs_mngSetErrCode
                0x0602076c                GFS_NwExecServer
                0x0602002c                GFS_IsEof
                0x060213b0                gfs_SetSct
 *fill*         0x06021564        0xc 00
 .text          0x06021570       0x90 c:/saturn/sbl6/segalib/lib/sega_sat.a(DMA_CPU1.o)
                0x06021570                DMA_CpuMemCopy1
 .text          0x06021600       0x94 c:/saturn/sbl6/segalib/lib/sega_sat.a(DMA_CPU2.o)
                0x06021600                DMA_CpuMemCopy2
 *fill*         0x06021694        0xc 00
 .text          0x060216a0      0x1f4 c:/saturn/sbl6/segalib/lib/sega_sat.a(DMA_SCU1.o)
                0x060217fc                DMA_ScuResult
                0x060216a0                DMA_ScuInit
                0x060216f0                DMA_ScuMemCopy
 *fill*         0x06021894        0xc 00
 .text          0x060218a0      0x8d4 c:/saturn/sbl6/segalib/lib/sega_sat.a(gfs_cdf.o)
                0x06021d94                GFCF_Seek
                0x06021e9c                GFCF_GetStat
                0x06021d7c                GFCF_Tell
                0x06021940                GFCF_Setup
                0x06021e48                GFCF_cnvIntlvOfs
                0x060218a0                GFCF_Init
                0x06021d34                GFCF_Recover
                0x06021a88                GFCF_SetSct
                0x06021dac                GFCF_MovePickup
                0x06021f70                gfcf_isCdOk
                0x06021b40                GFCF_FlowInBuf
                0x06021acc                GFCF_GetFileInfo
                0x06021c94                GFCF_StopInBuf
                0x06021f34                gfcf_getSctSize
                0x06022030                gfcf_getPlayRange
 *fill*         0x06022174        0xc 00
 .text          0x06022180      0x928 c:/saturn/sbl6/segalib/lib/sega_sat.a(gfs_dir.o)
                0x06022670                gfdr_setNextRec
                0x06022a6c                gfdr_setDirrecCd
                0x06022468                gfdr_open
                0x0602227c                GFDR_GetAtrDirId
                0x06022550                gfdr_readByte
                0x06022180                GFDR_SetupDirTbl
                0x06022648                gfdr_readLongNM
                0x060226f4                gfdr_readDirEnt
                0x060222ac                GFDR_ChgRoot
                0x060221f4                GFDR_NameToId
                0x06022338                gfdr_setupDirIdTbl
                0x06022294                GFDR_GetAtrDirName
                0x06022254                GFDR_GetInfoDirId
                0x060225fc                gfdr_readLongNB
                0x06022490                gfdr_read
                0x0602257c                gfdr_readWord
                0x060223bc                gfdr_setupDirNameTbl
                0x06022268                GFDR_GetInfoDirName
                0x060222c4                GFDR_ChgDir
                0x060225a8                gfdr_readWordNB
 *fill*         0x06022aa8        0x8 00
 .text          0x06022ab0      0xa46 c:/saturn/sbl6/segalib/lib/sega_sat.a(gfs_trn.o)
                0x06022b90                GFTR_SetTransMax
                0x06022f60                gftr_execScu
                0x060234e4                GFTR_SetTransFunc
                0x060233ac                gftr_remTrn
                0x060234d0                GFTR_SetData
                0x060231d0                gftr_execSdma1
                0x06023420                gftr_copyFrac
                0x06022b84                GFTR_GetNumTrans
                0x06022b24                GFTR_SetMode
                0x060231a0                gftr_remDma0
                0x06023448                GFTR_GetLenData
                0x06022f54                gftr_reqScu
                0x060231b8                gftr_reqDma1
                0x06022e70                gftr_getSrcPack
                0x060234a0                GFTR_RtnDstPk
                0x0602303c                gfdma_exec
                0x060232d4                gftr_execTrn
                0x06022d68                GFTR_ExecSvr
                0x06023264                gftr_reqTrn
                0x0602312c                gfdma_getBytecnt
                0x0602320c                gftr_reqCpu
                0x0602346c                GFTR_GetDstPack
                0x06023164                gftr_reqDma0
                0x06022cf0                GFTR_Idle
                0x06022ba8                GFTR_Pause
                0x06022b78                GFTR_GetTransPara
                0x06023258                gftr_remCpu
                0x06022b44                GFTR_SetTransPara
                0x060231f4                gftr_remDma1
                0x06022bb4                GFTR_Stop
                0x0602317c                gftr_execSdma0
                0x06022ae0                GFTR_Setup
                0x06022ffc                gftr_remScu
                0x06022ef8                gftr_getDstPack
                0x06023030                gfdma_canUse
                0x06022c6c                GFTR_Exec
                0x060234bc                GFTR_GetData
                0x06022b9c                GFTR_Start
                0x06022b38                GFTR_SetUnit
                0x06023218                gftr_execCpu
                0x06023454                GFTR_GetLenRoom
 *fill*         0x060234f6        0xa 00
 .text          0x06023500      0x106 c:/saturn/sbl6/segalib/lib/sega_sat.a(gfs_buf.o)
                0x06023558                GFBF_GetNumData
                0x060235d4                GFBF_RtnPk
                0x06023588                GFBF_GetSrcPk
                0x060235fc                gfbf_getSctDt
                0x06023530                GFBF_GetTranData
                0x060235b0                GFBF_GetSctData
 *fill*         0x06023606        0xa 00
 .text          0x06023610      0x600 c:/saturn/sbl6/segalib/lib/sega_sat.a(gfs_cdb.o)
                0x06023bb8                GFCB_GetPickup
                0x06023730                GFCB_Close
                0x060239fc                GFCB_GetSrcPack
                0x06023b84                GFCB_SetCon
                0x06023804                GFCB_GetLenRoom
                0x06023b68                GFCB_MovePickup
                0x06023adc                GFCB_GetSctData
                0x06023810                GFCB_SetFilt
                0x06023758                GFCB_GetLenData
                0x06023bf8                GFCB_UngetPickup
                0x06023610                GFCB_Setup
                0x060238a0                GFCB_Tell
                0x06023be0                GFCB_IsPuOwner
                0x06023900                GFCB_Seek
                0x06023878                GFCB_DeleteAllData
                0x06023b14                GFCB_GetDstPack
                0x060238b0                gfcb_getSctNum
                0x06023b20                GFCB_RtnPk
 .text          0x06023c10     0x1a04 c:/saturn/sbl6/segalib/lib/sega_sat.a(gfs_cdc.o)
                0x06023eac                GFCD_AllocBuf
                0x06024c88                gfcd_doGetLenDataTsk
                0x06025524                GFCD_SetCsctFunc
                0x06023f84                GFCD_GetBaseFad
                0x06024100                GFCD_GetFilt
                0x06025114                gfcd_doChgDirTsk
                0x06025454                gfcd_checkEflag
                0x06024448                GFCD_MovePickup
                0x0602452c                GFCD_GetSctInfo
                0x06024ddc                gfcd_doReqDataTsk
                0x06024574                GFCD_ChgDir
                0x06024268                GFCD_ReqData
                0x06025540                GFCD_ChkScdqFlag
                0x060249f8                GFCD_WaitServer
                0x0602430c                GFCD_DelSctData
                0x060247e4                GFCD_ExecServer
                0x06024bf8                gfcd_doSetConTsk
                0x06023e40                GFCD_AllocFilt
                0x0602403c                GFCD_SetFilt
                0x06024a34                gfcd_doSetFiltTsk
                0x06025564                GFCD_ClrScdqFlag
                0x06024e7c                gfcd_doDelSctDataTsk
                0x06024940                gfcd_doTask
                0x06023fb8                GFCD_GetPickup
                0x06024508                GFCD_CheckMove
                0x06025580                GFCD_WaitScdqFlag
                0x060241a0                GFCD_Play
                0x06024fb0                gfcd_doMoveSctTsk
                0x06024148                GFCD_SetCon
                0x060245e8                GFCD_SetFiltCon
                0x060255c4                GFCD_WaitPause
                0x060247ac                GFCD_GetBufSiz
                0x06023fec                GFCD_UngetPickup
                0x060246d0                GFCD_GetFileInfo
                0x060242c4                GFCD_EndData
                0x06023ee0                GFCD_FreeBuf
                0x06024200                GFCD_GetLenData
                0x06023e7c                GFCD_FreeFilt
                0x060248b8                gfcd_isIdleTask
                0x06023c3c                GFCD_Init
                0x06025310                gfcd_doSetFiltConTsk
                0x06024394                GFCD_GetStat
                0x06024494                GFCD_MoveSctData
                0x06024018                GFCD_IsPuOwner
                0x06025478                gfcd_initCdbMng
                0x06023c10                GFCD_SetCdbfs
                0x060249e4                GFCD_SetTimer
                0x060254f8                gfcd_setStat
                0x06024364                GFCD_CheckDelSctData
 *fill*         0x06025614        0xc 00
 .text          0x06025620      0x1b6 c:/saturn/sbl6/segalib/lib/sega_sat.a(DMA_CPU0.o)
                0x06025668                DMA_CpuSetPrm
                0x0602576c                DMA_CpuStart
                0x060257c4                DMA_CpuGetStatus
                0x06025798                DMA_CpuAllStop
                0x060257ac                DMA_CpuGetComStatus
                0x06025620                DMA_CpuSetComPrm
                0x06025780                DMA_CpuStop
 *fill*         0x060257d6        0xa 00
 .text          0x060257e0       0x50 c:/saturn/sbl6/segalib/lib/sega_sat.a(DMA_CPU5.o)
                0x060257e0                DMA_CpuResult
 .text          0x06025830      0x308 c:/saturn/sbl6/segalib/lib/sega_sat.a(DMA_SCU0.o)
                0x060258b4                DMA_ScuStart
                0x060259e8                DMA_ScuIntFunc0
                0x06025a58                DMA_ScuIntFunc1
                0x06025ac8                DMA_ScuIntFunc2
                0x060259a8                DMA_ScuGetStatus
                0x06025830                DMA_ScuSetPrm
 *fill*         0x06025b38        0x8 00
 .text          0x06025b40       0xe8 c:/saturn/sbl6/segalib/lib/sega_sat.a(csh_main.o)
                0x06025b40                CSH_Init
                0x06025ba8                CSH_AllClr
                0x06025bf4                CSH_Purge
 *fill*         0x06025c28        0x8 00
 .text          0x06025c30      0x194 c:/saturn/sbl6/segalib/lib/sega_sat.a(cdc_cfs.o)
                0x06025c30                CDC_ChgDir
                0x06025c64                CDC_ReadDir
                0x06025d88                CDC_AbortFile
                0x06025c98                CDC_GetFileScope
                0x06025cf8                CDC_TgetFileInfo
                0x06025d54                CDC_ReadFile
 *fill*         0x06025dc4        0xc 00
 .text          0x06025dd0      0x1e4 c:/saturn/sbl6/segalib/lib/sega_sat.a(cdc_bio.o)
                0x06025e7c                CDC_GetdelSctData
                0x06025e04                CDC_GetSctData
                0x06025eb8                CDC_PutSctData
                0x06025f34                CDC_MoveSctData
                0x06025f78                CDC_GetCopyErr
                0x06025e40                CDC_DelSctData
                0x06025dd0                CDC_SetSctLen
                0x06025ef0                CDC_CopySctData
 *fill*         0x06025fb4        0xc 00
 .text          0x06025fc0      0x2b8 c:/saturn/sbl6/segalib/lib/sega_sat.a(cdc_sel.o)
                0x060261f0                CDC_GetFiltCon
                0x0602616c                CDC_GetFiltMode
                0x06026244                CDC_ResetSelector
                0x06025fc0                CDC_SetFiltRange
                0x0602604c                CDC_SetFiltSubh
                0x060260bc                CDC_GetFiltSubh
                0x06025ff4                CDC_GetFiltRange
                0x06026138                CDC_SetFiltMode
                0x060261b0                CDC_SetFiltCon
 *fill*         0x06026278        0x8 00
 .text          0x06026280      0x270 c:/saturn/sbl6/segalib/lib/sega_sat.a(cdc_bif.o)
                0x060262dc                CDC_GetSctNum
                0x0602645c                CDC_ExeFadSearch
                0x060263dc                CDC_GetSctInfo
                0x06026320                CDC_CalActSiz
                0x06026280                CDC_GetBufSiz
                0x0602635c                CDC_GetActSiz
                0x06026494                CDC_GetFadSearch
 .text          0x060264f0       0xa8 c:/saturn/sbl6/segalib/lib/sega_sat.a(cdc_dev.o)
                0x0602655c                CDC_CdGetLastBuf
                0x060264f0                CDC_CdSetCon
                0x06026520                CDC_CdGetCon
 *fill*         0x06026598        0x8 00
 .text          0x060265a0       0x60 c:/saturn/SH_COFF/sh-coff/bin/../lib/gcc/sh-coff/3.4-GNUSH_v0501\libgcc.a(_ashiftrt.o)
                0x060265ac                __ashiftrt_r4_27
                0x060265e0                __ashiftrt_r4_6
                0x060265d0                __ashiftrt_r4_14
                0x060265c2                __ashiftrt_r4_19
                0x060265da                __ashiftrt_r4_9
                0x060265ee                __ashiftrt_r4_0
                0x060265a0                __ashiftrt_r4_31
                0x060265ae                __ashiftrt_r4_26
                0x060265bc                __ashiftrt_r4_22
                0x060265c8                __ashiftrt_r4_16
                0x060265d4                __ashiftrt_r4_12
                0x060265a8                __ashiftrt_r4_29
                0x060265c6                __ashiftrt_r4_17
                0x060265a6                __ashiftrt_r4_30
                0x060265e2                __ashiftrt_r4_5
                0x060265dc                __ashiftrt_r4_8
                0x060265a0                __ashiftrt_r4_32
                0x060265b0                __ashiftrt_r4_25
                0x060265e8                __ashiftrt_r4_2
                0x060265b2                __ashiftrt_r4_24
                0x060265ce                __ashiftrt_r4_15
                0x060265d8                __ashiftrt_r4_10
                0x060265ea                __ashiftrt_r4_1
                0x060265aa                __ashiftrt_r4_28
                0x060265c0                __ashiftrt_r4_20
                0x060265de                __ashiftrt_r4_7
                0x060265d2                __ashiftrt_r4_13
                0x060265d6                __ashiftrt_r4_11
                0x060265e4                __ashiftrt_r4_4
                0x060265ba                __ashiftrt_r4_23
                0x060265c4                __ashiftrt_r4_18
                0x060265be                __ashiftrt_r4_21
                0x060265e6                __ashiftrt_r4_3
 .text          0x06026600       0xb0 c:/saturn/SH_COFF/sh-coff/bin/../lib/gcc/sh-coff/3.4-GNUSH_v0501\libgcc.a(_si_to_df.o)
                0x06026600                __floatsidf
 .text          0x060266b0      0x2e0 c:/saturn/SH_COFF/sh-coff/bin/../lib/gcc/sh-coff/3.4-GNUSH_v0501\libgcc.a(_mul_df.o)
                0x060266c0                __muldf3
 .text          0x06026990       0x80 c:/saturn/SH_COFF/sh-coff/bin/../lib/gcc/sh-coff/3.4-GNUSH_v0501\libgcc.a(_df_to_si.o)
                0x06026990                __fixdfsi
 .text          0x06026a10       0x70 c:/saturn/SH_COFF/sh-coff/bin/../lib/gcc/sh-coff/3.4-GNUSH_v0501\libgcc.a(_udivsi3.o)
                0x06026a32                __udivsi3
 .text          0x06026a80       0xa0 c:/saturn/SH_COFF/sh-coff/bin/../lib/gcc/sh-coff/3.4-GNUSH_v0501\libgcc.a(_sdivsi3.o)
                0x06026a80                __sdivsi3
 .text          0x06026b20       0x90 c:/saturn/SH_COFF/sh-coff/bin/../lib/gcc/sh-coff/3.4-GNUSH_v0501\libgcc.a(_ashiftrt_n.o)
                0x06026b20                __ashrsi3
 .text          0x06026bb0       0x90 c:/saturn/SH_COFF/sh-coff/bin/../lib/gcc/sh-coff/3.4-GNUSH_v0501\libgcc.a(_ashiftlt.o)
                0x06026bb0                __ashlsi3
 .text          0x06026c40       0xb0 c:/saturn/SH_COFF/sh-coff/bin/../lib/gcc/sh-coff/3.4-GNUSH_v0501\libgcc.a(_movstr.o)
                0x06026c80                __movstrSI16
                0x06026c54                __movstrSI60
                0x06026c60                __movstrSI48
                0x06026c5c                __movstrSI52
                0x06026c50                __movstrSI64
                0x06026c64                __movstrSI44
                0x06026c68                __movstrSI40
                0x06026c6c                __movstrSI36
                0x06026ca0                __movstr
                0x06026c58                __movstrSI56
                0x06026c74                __movstrSI28
                0x06026c70                __movstrSI32
                0x06026c84                __movstrSI12
                0x06026c88                __movstrSI8
                0x06026c90                __movstrSI0
                0x06026c78                __movstrSI24
                0x06026c7c                __movstrSI20
                0x06026c8c                __movstrSI4
 .text          0x06026cf0       0xa0 c:/saturn/SH_COFF/sh-coff/bin/../lib/gcc/sh-coff/3.4-GNUSH_v0501\libgcc.a(__main.o)
                0x06026d64                __main
                0x06026cf0                __do_global_dtors
                0x06026d24                __do_global_ctors
 .text          0x06026d90      0x220 c:/saturn/SH_COFF/sh-coff/bin/../lib/gcc/sh-coff/3.4-GNUSH_v0501\libgcc.a(_pack_df.o)
                0x06026da0                __pack_d
 .text          0x06026fb0      0x120 c:/saturn/SH_COFF/sh-coff/bin/../lib/gcc/sh-coff/3.4-GNUSH_v0501\libgcc.a(_unpack_df.o)
                0x06026fc0                __unpack_d
 .text          0x060270d0       0x20 c:/saturn/SH_COFF/sh-coff/bin/../lib/gcc/sh-coff/3.4-GNUSH_v0501\libgcc.a(_thenan_df.o)
                0x060270d0                __thenan_df
 .text          0x060270f0       0xd0 c:/saturn/SH_COFF/sh-coff/bin/../lib/gcc/sh-coff/3.4-GNUSH_v0501\libgcc.a(_muldi3.o)
                0x060270f0                __muldi3
 .text          0x060271c0       0x80 c:/saturn/SH_COFF/sh-coff/bin/../lib/gcc/sh-coff/3.4-GNUSH_v0501\libgcc.a(_lshrdi3.o)
                0x060271c0                __lshrdi3
 .text          0x06027240       0x80 c:/saturn/SH_COFF/sh-coff/bin/../lib/gcc/sh-coff/3.4-GNUSH_v0501\libgcc.a(_ashldi3.o)
                0x06027240                __ashldi3
 .text          0x060272c0       0x30 c:/saturn/SH_COFF/sh-coff/bin/../lib/gcc/sh-coff/3.4-GNUSH_v0501\libgcc.a(_mulsi3.o)
                0x060272c0                __mulsi3
 .text          0x060272f0       0x90 c:/saturn/SH_COFF/sh-coff/bin/../lib/gcc/sh-coff/3.4-GNUSH_v0501\libgcc.a(_lshiftrt.o)
                0x060272f0                __lshrsi3
 .text          0x06027380       0x40 c:/saturn/SH_COFF/sh-coff/bin/../lib/gcc/sh-coff/3.4-GNUSH_v0501/../../../../sh-coff/lib\libc.a(memset.o)
                0x06027380                memset
 .text          0x060273c0       0x60 c:/saturn/SH_COFF/sh-coff/bin/../lib/gcc/sh-coff/3.4-GNUSH_v0501/../../../../sh-coff/lib\libc.a(memcmp.o)
                0x060273c0                memcmp
 .text          0x06027420       0xa0 c:/saturn/SH_COFF/sh-coff/bin/../lib/gcc/sh-coff/3.4-GNUSH_v0501/../../../../sh-coff/lib\libc.a(memcpy.o)
                0x06027420                memcpy
 .text          0x060274c0       0xb0 c:/saturn/SH_COFF/sh-coff/bin/../lib/gcc/sh-coff/3.4-GNUSH_v0501/../../../../sh-coff/lib\libc.a(strncmp.o)
                0x060274c0                strncmp
 .text          0x06027570       0xa0 c:/saturn/SH_COFF/sh-coff/bin/../lib/gcc/sh-coff/3.4-GNUSH_v0501/../../../../sh-coff/lib\libc.a(strncpy.o)
                0x06027570                strncpy
 .text          0x06027610       0x90 c:/saturn/SH_COFF/sh-coff/bin/../lib/gcc/sh-coff/3.4-GNUSH_v0501/../../../../sh-coff/lib\libc.a(atexit.o)
                0x06027610                atexit
 .text          0x060276a0       0x10 c:/saturn/SH_COFF/sh-coff/bin/../lib/gcc/sh-coff/3.4-GNUSH_v0501/../../../../sh-coff/lib\libc.a(impure.o)
                0x060276a0                _global_impure_ptr
 .text          0x060276b0       0x40 c:/saturn/SH_COFF/sh-coff/bin/../lib/gcc/sh-coff/3.4-GNUSH_v0501/../../../../sh-coff/lib\libc.a(malloc.o)
                0x060276cc                free
                0x060276b0                malloc
 .text          0x060276f0      0x5b0 c:/saturn/SH_COFF/sh-coff/bin/../lib/gcc/sh-coff/3.4-GNUSH_v0501/../../../../sh-coff/lib\libc.a(mallocr.o)
                0x060276f0                _malloc_r
 .text          0x06027ca0      0x340 c:/saturn/SH_COFF/sh-coff/bin/../lib/gcc/sh-coff/3.4-GNUSH_v0501/../../../../sh-coff/lib\libc.a(freer.o)
                0x06027ca0                _malloc_trim_r
                0x06027d94                _free_r
 .text          0x06027fe0       0x20 c:/saturn/SH_COFF/sh-coff/bin/../lib/gcc/sh-coff/3.4-GNUSH_v0501/../../../../sh-coff/lib\libc.a(mlock.o)
                0x06027fe0                __malloc_lock
                0x06027fec                __malloc_unlock
 .text          0x06028000       0x50 c:/saturn/SH_COFF/sh-coff/bin/../lib/gcc/sh-coff/3.4-GNUSH_v0501/../../../../sh-coff/lib\libc.a(sbrkr.o)
                0x06028000                _sbrk_r
 .text          0x06028050      0x380 c:/saturn/SH_COFF/sh-coff/bin/../lib/gcc/sh-coff/3.4-GNUSH_v0501/../../../../sh-coff/lib\libc.a(syscalls.o)
                0x060281bc                _exit
                0x060281f0                _getpid
                0x06028258                _utime
                0x06028088                _write
                0x06028050                _read
                0x060281a4                _unlink
                0x0602816c                _open
                0x06028208                _stat
                0x060281b0                isatty
                0x06028288                _wait
                0x060281d4                _kill
                0x06028224                _chmod
                0x060282b8                _execv
                0x0602829c                _execve
                0x06028394                __setup_argv_and_call_main
                0x060282f0                _gettimeofday
                0x060280bc                _link
                0x060281fc                _raise
                0x06028188                _creat
                0x060282d0                _pipe
                0x0602823c                _chown
                0x0602806c                _lseek
                0x060280a4                _close
                0x060282e4                _times
                0x06028158                _fstat
                0x06028274                _fork
                0x060280e4                _sbrk
 .text          0x060283d0       0x20 c:/saturn/SH_COFF/sh-coff/bin/../lib/gcc/sh-coff/3.4-GNUSH_v0501/../../../../sh-coff/lib\libc.a(trap.o)
                0x060283d0                __trap34
 .text          0x060283f0       0x20 c:/saturn/SH_COFF/sh-coff/bin/../lib/gcc/sh-coff/3.4-GNUSH_v0501/../../../../sh-coff/lib\libc.a(abort.o)
                0x060283f0                abort
 .text          0x06028410      0x270 c:/saturn/SH_COFF/sh-coff/bin/../lib/gcc/sh-coff/3.4-GNUSH_v0501/../../../../sh-coff/lib\libc.a(signal.o)
                0x060284d0                _raise_r
                0x06028658                __sigtramp
                0x06028604                raise
                0x06028640                _init_signal
                0x06028590                __sigtramp_r
                0x06028620                signal
                0x0602845c                _signal_r
                0x06028410                _init_signal_r
 .text          0x06028680       0x60 c:/saturn/SH_COFF/sh-coff/bin/../lib/gcc/sh-coff/3.4-GNUSH_v0501/../../../../sh-coff/lib\libc.a(signalr.o)
                0x060286c8                _getpid_r
                0x06028680                _kill_r
 *(.strings)

.tors           0x060286e0        0x0
                0x060286e0                ___ctors = .
 *(.ctors)
                0x060286e0                ___ctors_end = .
                0x060286e0                ___dtors = .
 *(.dtors)
                0x060286e0                ___dtors_end = .

.data           0x060286e0     0x4700
                0x060286e0                STARTOF_R = .
 *(.data)
 .data          0x060286e0      0x400 smpclib/per_x1.o
 .data          0x06028ae0       0xd0 game.o
                0x06028ae0                powerup_names
 .data          0x06028bb0     0x3240 graphics.o
                0x06029cd4                cyberblock_name
                0x06028c52                bit_num
                0x0602b1ba                girl2_num
                0x06029d24                metalorange_name
                0x06028e4a                ship_size
                0x06029d32                metalorange_num
                0x06029014                chipgame_pal
                0x0602adae                girl3_num
                0x06028f80                game_name
                0x06029834                menufont_pal
                0x06028ca6                capsule_num
                0x06029882                menufont_num
                0x06028da0                beffect_size
                0x0602b5c6                girl1_num
                0x06029ce4                metalorange_pal
                0x0602b5c8                roarframes_pal
                0x06029004                gamestar_name
                0x06028cf8                blocks2_size
                0x06028fb0                starnear_name
                0x06028f58                gamefar_height
                0x06028e4c                ship_num
                0x0602b9d8                roarbg_pal
                0x06028d9c                beffect_height
                0x0602bdd8                roarbg_name
                0x06028da4                explosion_pal
                0x06028fc4                gamestar_pal
                0x06028f7c                gamenear_width
                0x06028de4                explosion_name
                0x06028d4e                blocks1_num
                0x06028ca2                capsule_width
                0x06028ca0                capsule_height
                0x06028ea2                starspr_num
                0x0602b5bc                girl1_name
                0x06029424                game_tiles_pal
                0x06028cfa                blocks2_num
                0x06029d34                title_pal
                0x06028d3c                blocks1_name
                0x06028eee                font_height
                0x0602b9c8                roarframes_name
                0x0602ada4                girl3_name
                0x06028f5a                gamefar_width
                0x0602b1bc                girl1_pal
                0x06029874                menufont_name
                0x06029c92                chipframes_num
                0x06028ef8                ball_pal
                0x0602a9a4                girl3_pal
                0x06029422                chipgame_num
                0x06028ca4                capsule_size
                0x06028ea0                starspr_size
                0x06028cfc                blocks1_pal
                0x06028f6c                gamenear_name
                0x06028df4                explosion_width
                0x0602a596                girl5_num
                0x06028f48                ball_num
                0x0602a13e                title_num
                0x06028ee4                font_name
                0x06028d9e                beffect_width
                0x06028c00                laser_num
                0x06028e50                starspr_pal
                0x0602bde4                roarbg_num
                0x06028f44                ball_width
                0x06029ce2                cyberblock_num
                0x0602a18c                girl5_pal
                0x06028e46                ship_height
                0x06029832                game_tiles_num
                0x06028f42                ball_height
                0x06028f7a                gamenear_height
                0x06028ef0                font_width
                0x0602a18a                stars_num
                0x06028f46                ball_size
                0x06028bf0                laser_name
                0x06028c50                bit_size
                0x06028e48                ship_width
                0x0602a134                title_name
                0x06029c84                chipframes_name
                0x06028f90                starfar_name
                0x06028d48                blocks1_height
                0x06028bfc                laser_width
                0x0602a180                stars_name
                0x06028c44                bit_name
                0x06029012                gamestar_num
                0x06028f68                gamemid_height
                0x06028dfc                ship_pal
                0x06028f38                ball_name
                0x06028ef4                font_num
                0x06028ea4                font_pal
                0x06028fae                starmid_width
                0x06028fc0                starnear_width
                0x06028f5c                gamemid_name
                0x06028c04                bit_pal
                0x06028cf6                blocks2_width
                0x06028d4c                blocks1_size
                0x06028e9e                starspr_width
                0x06029884                chipframes_pal
                0x06028f8a                game_height
                0x06028f9c                starfar_height
                0x06028df8                explosion_num
                0x0602a9a2                girl4_num
                0x06028c94                capsule_name
                0x06028f6a                gamemid_width
                0x06028cf4                blocks2_height
                0x06028d90                beffect_name
                0x06028d4a                blocks1_width
                0x06028ef2                font_size
                0x06028ce8                blocks2_name
                0x06028c4c                bit_height
                0x06028bfa                laser_height
                0x06028e90                starspr_name
                0x0602b9d6                roarframes_num
                0x06029c94                cyberblock_pal
                0x06028fbe                starnear_height
                0x06028fa0                starmid_name
                0x06028e3c                ship_name
                0x0602a58c                girl5_name
                0x0602a598                girl4_pal
                0x06028ca8                blocks2_pal
                0x06028c4e                bit_width
                0x06028fac                starmid_height
                0x0602a140                stars_pal
                0x06028f4c                gamefar_name
                0x06028c54                capsule_pal
                0x06028bb0                laser_pal
                0x06029824                game_tiles_name
                0x06028da2                beffect_num
                0x06028e9c                starspr_height
                0x06028d50                beffect_pal
                0x0602a998                girl4_name
                0x06028f8c                game_width
                0x0602adb0                girl2_pal
                0x06028bfe                laser_size
                0x06028f9e                starfar_width
                0x06028df6                explosion_size
                0x06028df2                explosion_height
                0x06029414                chipgame_name
                0x0602b1b0                girl2_name
 .data          0x0602bdf0      0x1a0 intro.o
 .data          0x0602bf90       0x90 level.o
                0x0602bf94                level_blocks
                0x0602bf90                level_lengths
                0x0602bf98                level0_blocks
 .data          0x0602c020       0x40 logo.o
 .data          0x0602c060       0x80 menu.o
                0x0602c060                cutscene
 .data          0x0602c0e0       0x10 pcmsys.o
                0x0602c0e4                scsp_load
                0x0602c0e8                m68k_com
                0x0602c0e0                master_volume
 .data          0x0602c0f0       0x40 scroll.o
                0x0602c100                CycleTbLoRes
                0x0602c120                vram
                0x0602c110                char_offsets
                0x0602c0f0                CycleTbHiRes
 .data          0x0602c130       0x30 sprite.o
 .data          0x0602c160      0x400 c:/saturn/sbl6/segalib/lib/sega_int.a(int.o)
 .data          0x0602c560       0x1c c:/saturn/sbl6/segalib/lib/sega_spr.a(spr_slv.o)
                0x0602c568                SPR_SlaveParam
                0x0602c578                SPR_SMPC_SF
                0x0602c570                SPR_SMPC_COM
                0x0602c56c                SPR_SlaveSHEntry
                0x0602c564                SPR_SlaveState
                0x0602c560                SPR_SlaveCommand
                0x0602c574                SPR_SMPC_RET
 *fill*         0x0602c57c        0x4 00
 .data          0x0602c580       0x34 c:/saturn/sbl6/segalib/lib/sega_spr.a(spr_1c.o)
                0x0602c580                SpInitialFlag
 *fill*         0x0602c5b4        0xc 00
 .data          0x0602c5c0       0x1c c:/saturn/sbl6/segalib/lib/sega_scl.a(scl_vblv.o)
                0x0602c5c8                VBInterval
                0x0602c5d0                ReqDisplayFlag
                0x0602c5c0                SpFrameChgMode
                0x0602c5cc                VBIntervalCounter
                0x0602c5c4                SpFrameEraseMode
 *fill*         0x0602c5dc        0x4 00
 .data          0x0602c5e0       0x18 c:/saturn/sbl6/segalib/lib/sega_scl.a(scl_pri.o)
                0x0602c5e4                SclRealSpPriNum
                0x0602c5f4                SclRealColOffset
                0x0602c5f0                SclRealBgColMix
                0x0602c5ec                SclRealSpColMix
                0x0602c5e8                SclRealBgPriNum
                0x0602c5e0                SclRealOtherPri
 *fill*         0x0602c5f8        0x8 00
 .data          0x0602c600       0x36 c:/saturn/sbl6/segalib/lib/sega_scl.a(scl_func.o)
                0x0602c610                SclRotregBuff
                0x0602c60c                SclDisplayY
                0x0602c614                SclRotateTableMode
                0x0602c608                SclProcess
                0x0602c604                SclCurSclNum
                0x0602c600                SclLengthLsTbl
                0x0602c60a                SclDisplayX
                0x0602c602                SclLengthCsTbl
 *fill*         0x0602c636        0xa 00
 .data          0x0602c640        0x4 c:/saturn/sbl6/segalib/lib/sega_mth.a(mth_rand.o)
 *fill*         0x0602c644        0xc 00
 .data          0x0602c650      0x380 c:/saturn/SH_COFF/sh-coff/bin/../lib/gcc/sh-coff/3.4-GNUSH_v0501/../../../../sh-coff/lib\libc.a(impure.o)
                0x0602c9cc                _impure_ptr
 .data          0x0602c9d0      0x410 c:/saturn/SH_COFF/sh-coff/bin/../lib/gcc/sh-coff/3.4-GNUSH_v0501/../../../../sh-coff/lib\libc.a(mallocr.o)
                0x0602c9d8                __malloc_av_
                0x0602c9d4                __malloc_trim_threshold
                0x0602c9d0                __malloc_sbrk_base
                0x0602cde0                SIZEOF_R = (. - STARTOF_R)
                0x0602cde0                ENDOF_R = .

.bss            0x0602cde0    0x10574
                0x0602cde0                STARTOF_B = .
 *(.bss)
 .bss           0x0602cde0       0x10 vblank.o
                0x0602cde4                PadData2E
                0x0602cdea                PadData1
                0x0602cde6                PadData2
                0x0602cde8                PadData1E
                0x0602cde0                __port
 .bss           0x0602cdf0       0xe0 smpclib/per_x2.o
 .bss           0x0602ced0       0x10 ball.o
 .bss           0x0602cee0       0x10 capsule.o
 .bss           0x0602cef0       0x50 game.o
                0x0602cf08                bit_left
                0x0602cef8                illusion_charno
                0x0602cf00                laser_max
                0x0602cf04                bit_right
                0x0602cef0                gigaball
                0x0602cf0c                bit_ship
                0x0602cf10                turbo
                0x0602cefc                illusion
                0x0602cf14                powerup_cursor
                0x0602cef4                illusion_cursor
 .bss           0x0602cf40     0x1970 intro.o
 .bss           0x0602e8b0       0x10 laser.o
 .bss           0x0602e8c0     0x13a0 level.o
 .bss           0x0602fc60       0x10 logo.o
 .bss           0x0602fc70       0x60 menu.o
 .bss           0x0602fcd0       0x10 pcmsys.o
                0x0602fcd0                numberPCMs
 .bss           0x0602fce0       0x10 scroll.o
                0x0602fce0                scroll_res
 .bss           0x0602fcf0     0x3d00 sprite.o
                0x0602fcf0                num_sprites
 .bss           0x060339f0       0x10 main.o
                0x060339f0                frame
 .bss           0x06033a00       0x6e c:/saturn/sbl6/segalib/lib/sega_spr.a(spr_2c.o)
 *fill*         0x06033a6e        0x2 00
 .bss           0x06033a70        0x4 c:/saturn/sbl6/segalib/lib/sega_scl.a(scl_vblv.o)
 *fill*         0x06033a74        0xc 00
 .bss           0x06033a80     0x1900 c:/saturn/sbl6/segalib/lib/sega_scl.a(scl_fu05.o)
 .bss           0x06035380        0x4 c:/saturn/sbl6/segalib/lib/sega_scl.a(scl_func.o)
 *fill*         0x06035384        0xc 00
 .bss           0x06035390       0x48 c:/saturn/sbl6/segalib/lib/sega_scl.a(scl_ro00.o)
 *fill*         0x060353d8        0x8 00
 .bss           0x060353e0        0xc c:/saturn/sbl6/segalib/lib/sega_cdc.a(cdc_sub.o)
 *fill*         0x060353ec        0x4 00
 .bss           0x060353f0        0x2 c:/saturn/sbl6/segalib/lib/sega_cdc.a(cdc_reg.o)
 *fill*         0x060353f2        0xe 00
 .bss           0x06035400       0x9c c:/saturn/sbl6/segalib/lib/sega_per.a(per_prt.o)
 *fill*         0x0603549c        0x4 00
 .bss           0x060354a0        0xc c:/saturn/sbl6/segalib/lib/sega_sat.a(DMA_SCU1.o)
 *fill*         0x060354ac        0x4 00
 .bss           0x060354b0        0xc c:/saturn/sbl6/segalib/lib/sega_sat.a(gfs_trn.o)
 *fill*         0x060354bc        0x4 00
 .bss           0x060354c0       0x20 c:/saturn/sbl6/segalib/lib/sega_sat.a(DMA_SCU0.o)
 .bss           0x060354e0       0x10 c:/saturn/SH_COFF/sh-coff/bin/../lib/gcc/sh-coff/3.4-GNUSH_v0501\libgcc.a(__main.o)
 .bss           0x060354f0       0x10 c:/saturn/SH_COFF/sh-coff/bin/../lib/gcc/sh-coff/3.4-GNUSH_v0501/../../../../sh-coff/lib\libc.a(atexit.o)
 .bss           0x06035500       0x40 c:/saturn/SH_COFF/sh-coff/bin/../lib/gcc/sh-coff/3.4-GNUSH_v0501/../../../../sh-coff/lib\libc.a(mallocr.o)
                0x06035530                __malloc_top_pad
                0x06035500                __malloc_current_mallinfo
                0x0603552c                __malloc_max_sbrked_mem
                0x06035528                __malloc_max_total_mem
 .bss           0x06035540       0x10 c:/saturn/SH_COFF/sh-coff/bin/../lib/gcc/sh-coff/3.4-GNUSH_v0501/../../../../sh-coff/lib\libc.a(syscalls.o)
 *(COMMON)
 COMMON         0x06035550        0x8 vblank.o
                                  0x0 (size before relaxing)
                0x06035550                PadAnalogR1
                0x06035551                PadAnalogL1
                0x06035552                PadAnalogY1
                0x06035553                PadAnalogX1
                0x06035554                PadID1
 *fill*         0x06035558        0x8 00
 COMMON         0x06035560      0x1e8 ball.o
                                  0x0 (size before relaxing)
                0x06035560                ball_sprites
                0x06035740                ball_count
                0x06035744                ball_mode
 *fill*         0x06035748        0x8 00
 COMMON         0x06035750       0xa0 capsule.o
                                  0x0 (size before relaxing)
                0x06035750                capsules
 COMMON         0x060357f0     0x1674 cd.o
                                  0x0 (size before relaxing)
                0x060357f0                dirname
                0x06036150                lib_work
                0x06036e58                directory_table
 *fill*         0x06036e64        0xc 00
 COMMON         0x06036e70       0xb0 game.o
                                  0x0 (size before relaxing)
                0x06036e70                laser_charno
                0x06036e80                ship_sprite
                0x06036e98                explosion_charno
                0x06036e9c                capsule_charno
                0x06036ea0                bit_charno
                0x06036ea4                block_charno
                0x06036ea8                ship_left
                0x06036eac                ship_right
                0x06036eb0                ball_charno
                0x06036ec0                illusion_arr
 COMMON         0x06036f20       0xd0 laser.o
                                  0x0 (size before relaxing)
                0x06036f20                laser_count
                0x06036f30                laser_sprites
 COMMON         0x06036ff0     0x14a0 print.o
                                  0x0 (size before relaxing)
                0x06036ff0                text
 COMMON         0x06038490      0x230 scroll.o
                                  0x0 (size before relaxing)
                0x06038490                scfg
 COMMON         0x060386c0     0x3180 sprite.o
                                  0x0 (size before relaxing)
                0x060386c0                sprites
                0x06039840                sprite_buf
 COMMON         0x0603b840       0x8c main.o
                                  0x0 (size before relaxing)
                0x0603b840                off_config
 *fill*         0x0603b8cc        0x4 00
 COMMON         0x0603b8d0      0x400 c:/saturn/sbl6/segalib/lib/sega_int.a(int.o)
                                  0x0 (size before relaxing)
                0x0603b8d0                __interrupt_vector
 COMMON         0x0603bcd0       0x50 c:/saturn/sbl6/segalib/lib/sega_spr.a(spr_2c.o)
                                  0x0 (size before relaxing)
                0x0603bcd0                SpMstCmd
                0x0603bcd4                Sp2OpenFlag
                0x0603bcd8                SpGourTblMax
                0x0603bcdc                SpDrawPrtyBlk
                0x0603bce0                SpLCoordX
                0x0603bce4                SpMstDrawPrtyBlk
                0x0603bce8                SpGourTbl
                0x0603bcec                SpLookupTblR
                0x0603bcf0                SpCmdTbl
                0x0603bcf4                SpCharMax
                0x0603bcf8                SpDrawPrtyProcFlag
                0x0603bcfc                SpCmdNo
                0x0603bd00                SpDrawPrtyBlkMax
                0x0603bd04                SpSlvCmdPos
                0x0603bd08                SpSlvDrawPrtyBlk
                0x0603bd0c                SpCharTbl
                0x0603bd10                SpCmdTblR
                0x0603bd14                SpMstCmdPos
                0x0603bd18                SpSlvCmd
                0x0603bd1c                SpLCoordY
 COMMON         0x0603bd20       0x10 c:/saturn/sbl6/segalib/lib/sega_spr.a(spr_1c.o)
                                  0x0 (size before relaxing)
                0x0603bd20                SpScreenY
                0x0603bd24                SpFbcrMode
                0x0603bd26                SpDil
                0x0603bd28                SpDie
                0x0603bd2a                SpTvMode
                0x0603bd2c                SpScreenX
 COMMON         0x0603bd30      0x6b0 c:/saturn/sbl6/segalib/lib/sega_scl.a(scl_pri.o)
                                  0x0 (size before relaxing)
                0x0603bd30                SclAutoEndBlue2
                0x0603bd40                SclColOffset
                0x0603bd50                SclPriBuffDirty
                0x0603bd52                SclAutoEndRed
                0x0603bd54                SclAutoSurface
                0x0603bd58                SclAutoGreen
                0x0603bd5a                SclAutoEndGreen
                0x0603bd5c                SclAutoCount
                0x0603bd60                SclColRamAlloc256
                0x0603bd80                SclAutoCurRate
                0x0603bd81                SclAutoPlusFlag
                0x0603bd88                SclSpColMix
                0x0603bd90                SclAutoMax
                0x0603bd94                SclLineColRamOffset
                0x0603bd98                SclColRamAlloc2048
                0x0603bd9c                SclBgPriNum
                0x0603bda2                SclAutoEndBlue
                0x0603bda4                SclAutoEndGreen2
                0x0603bda6                SclAutoVeFlag
                0x0603bda8                SclBgColMix
                0x0603bdb0                SclAutoIndex
                0x0603bdb4                SclAutoEndRate
                0x0603bdb6                SclAutoBlue
                0x0603bdb8                SclAutoRed
                0x0603bdbc                SclAutoInterval
                0x0603bdc0                SclOtherPri
                0x0603bdd0                SclAutoRGB
                0x0603c3d0                SclAutoEndRed2
                0x0603c3d8                SclSpPriNum
 COMMON         0x0603c3e0      0xf00 c:/saturn/sbl6/segalib/lib/sega_scl.a(scl_func.o)
                                  0x0 (size before relaxing)
                0x0603c3e0                SclRbgKtbAddr
                0x0603c3e8                SclRb
                0x0603c3ea                Scl_flag
                0x0603c3f0                SclK_TableBuff
                0x0603d0c0                SclAddrCsTbl
                0x0603d0d0                Scl_s_reg
                0x0603d0f8                SclRotateXy
                0x0603d100                Scl_d_reg
                0x0603d148                SclRotateDisp
                0x0603d150                SclRotateMoveZ
                0x0603d158                SclRotXySw
                0x0603d160                Scl_r_reg
                0x0603d170                SclRPMD
                0x0603d178                SclRbgKtbOffset
                0x0603d180                _SclRotregBuff
                0x0603d250                SclRa
                0x0603d258                SclRotateZ
                0x0603d260                SclAddrLsTbl
                0x0603d268                SclK_TableNum
                0x0603d270                SclRotateTableAddress
                0x0603d274                SclK_TableFlag
                0x0603d280                Scl_w_reg
                0x0603d2a0                Scl_n_reg
 COMMON         0x0603d2e0       0x10 c:/saturn/sbl6/segalib/lib/sega_scl.a(scl_ro00.o)
                                  0x0 (size before relaxing)
                0x0603d2e0                SclCsx
                0x0603d2e8                SclCsy
 COMMON         0x0603d2f0       0x15 c:/saturn/sbl6/segalib/lib/sega_per.a(per_prt.o)
                                  0x0 (size before relaxing)
                0x0603d2f0                per_get_time_flg
                0x0603d2f1                per_hot_res
                0x0603d2f2                per_set_sys_flg
                0x0603d2f4                per_get_time_adr
                0x0603d2f8                per_get_sys_data
                0x0603d304                per_time_out_flg
 *fill*         0x0603d305        0xb 00
 COMMON         0x0603d310        0xc c:/saturn/sbl6/segalib/lib/sega_sat.a(gfs.o)
                                  0x0 (size before relaxing)
                0x0603d310                GFMC_base
                0x0603d314                gfs_mng_ptr
                0x0603d318                gfs_use_scudma
 *fill*         0x0603d31c        0x4 00
 COMMON         0x0603d320        0x8 c:/saturn/sbl6/segalib/lib/sega_sat.a(gfs_cdf.o)
                                  0x0 (size before relaxing)
                0x0603d320                gfcf_fad
                0x0603d324                gfcf_stat
 *fill*         0x0603d328        0x8 00
 COMMON         0x0603d330        0xc c:/saturn/sbl6/segalib/lib/sega_sat.a(gfs_cdc.o)
                                  0x0 (size before relaxing)
                0x0603d330                gfcd_fatal_err
                0x0603d334                gfcd_work
                0x0603d338                gfcd_playflag
 *fill*         0x0603d33c        0x4 00
 COMMON         0x0603d340        0x8 c:/saturn/sbl6/segalib/lib/sega_sat.a(DMA_CPU5.o)
                                  0x0 (size before relaxing)
                0x0603d340                dma_cpu_cnt
                0x0603d344                dma_cpu_dis_adr
 *fill*         0x0603d348        0x8 00
 COMMON         0x0603d350        0x4 c:/saturn/SH_COFF/sh-coff/bin/../lib/gcc/sh-coff/3.4-GNUSH_v0501/../../../../sh-coff/lib\libc.a(syscalls.o)
                                  0x0 (size before relaxing)
                0x0603d350                errno
                0x0603d354                SIZEOF_B = (. - STARTOF_B)
                0x0603d354                ENDOF_B = .
                0x0603d354                _end = .
OUTPUT(main.cof coff-sh)

.comment        0x0603d360      0x5e0
 .comment       0x0603d360       0x20 c:/saturn/sbl6/segasmp/lib/strt2_g.o
 .comment       0x0603d380       0x20 vblank.o
 .comment       0x0603d3a0       0x20 smpclib/per_x1.o
 .comment       0x0603d3c0       0x20 smpclib/per_x2.o
 .comment       0x0603d3e0       0x20 spritecode/explosion.o
 .comment       0x0603d400       0x20 ball.o
 .comment       0x0603d420       0x20 capsule.o
 .comment       0x0603d440       0x20 cd.o
 .comment       0x0603d460       0x20 crc.o
 .comment       0x0603d480       0x20 devcart.o
 .comment       0x0603d4a0       0x20 game.o
 .comment       0x0603d4c0       0x20 graphics.o
 .comment       0x0603d4e0       0x20 intro.o
 .comment       0x0603d500       0x20 laser.o
 .comment       0x0603d520       0x20 level.o
 .comment       0x0603d540       0x20 logo.o
 .comment       0x0603d560       0x20 menu.o
 .comment       0x0603d580       0x20 pcmsys.o
 .comment       0x0603d5a0       0x20 print.o
 .comment       0x0603d5c0       0x20 scroll.o
 .comment       0x0603d5e0       0x20 sound.o
 .comment       0x0603d600       0x20 sprite.o
 .comment       0x0603d620       0x20 main.o
 .comment       0x0603d640       0x20 c:/saturn/SH_COFF/sh-coff/bin/../lib/gcc/sh-coff/3.4-GNUSH_v0501\libgcc.a(_si_to_df.o)
 .comment       0x0603d660       0x20 c:/saturn/SH_COFF/sh-coff/bin/../lib/gcc/sh-coff/3.4-GNUSH_v0501\libgcc.a(_mul_df.o)
 .comment       0x0603d680       0x20 c:/saturn/SH_COFF/sh-coff/bin/../lib/gcc/sh-coff/3.4-GNUSH_v0501\libgcc.a(_df_to_si.o)
 .comment       0x0603d6a0       0x20 c:/saturn/SH_COFF/sh-coff/bin/../lib/gcc/sh-coff/3.4-GNUSH_v0501\libgcc.a(__main.o)
 .comment       0x0603d6c0       0x20 c:/saturn/SH_COFF/sh-coff/bin/../lib/gcc/sh-coff/3.4-GNUSH_v0501\libgcc.a(_pack_df.o)
 .comment       0x0603d6e0       0x20 c:/saturn/SH_COFF/sh-coff/bin/../lib/gcc/sh-coff/3.4-GNUSH_v0501\libgcc.a(_unpack_df.o)
 .comment       0x0603d700       0x20 c:/saturn/SH_COFF/sh-coff/bin/../lib/gcc/sh-coff/3.4-GNUSH_v0501\libgcc.a(_thenan_df.o)
 .comment       0x0603d720       0x20 c:/saturn/SH_COFF/sh-coff/bin/../lib/gcc/sh-coff/3.4-GNUSH_v0501\libgcc.a(_muldi3.o)
 .comment       0x0603d740       0x20 c:/saturn/SH_COFF/sh-coff/bin/../lib/gcc/sh-coff/3.4-GNUSH_v0501\libgcc.a(_lshrdi3.o)
 .comment       0x0603d760       0x20 c:/saturn/SH_COFF/sh-coff/bin/../lib/gcc/sh-coff/3.4-GNUSH_v0501\libgcc.a(_ashldi3.o)
 .comment       0x0603d780       0x20 c:/saturn/SH_COFF/sh-coff/bin/../lib/gcc/sh-coff/3.4-GNUSH_v0501/../../../../sh-coff/lib\libc.a(memcmp.o)
 .comment       0x0603d7a0       0x20 c:/saturn/SH_COFF/sh-coff/bin/../lib/gcc/sh-coff/3.4-GNUSH_v0501/../../../../sh-coff/lib\libc.a(strncmp.o)
 .comment       0x0603d7c0       0x20 c:/saturn/SH_COFF/sh-coff/bin/../lib/gcc/sh-coff/3.4-GNUSH_v0501/../../../../sh-coff/lib\libc.a(strncpy.o)
 .comment       0x0603d7e0       0x20 c:/saturn/SH_COFF/sh-coff/bin/../lib/gcc/sh-coff/3.4-GNUSH_v0501/../../../../sh-coff/lib\libc.a(atexit.o)
 .comment       0x0603d800       0x20 c:/saturn/SH_COFF/sh-coff/bin/../lib/gcc/sh-coff/3.4-GNUSH_v0501/../../../../sh-coff/lib\libc.a(impure.o)
 .comment       0x0603d820       0x20 c:/saturn/SH_COFF/sh-coff/bin/../lib/gcc/sh-coff/3.4-GNUSH_v0501/../../../../sh-coff/lib\libc.a(malloc.o)
 .comment       0x0603d840       0x20 c:/saturn/SH_COFF/sh-coff/bin/../lib/gcc/sh-coff/3.4-GNUSH_v0501/../../../../sh-coff/lib\libc.a(mallocr.o)
 .comment       0x0603d860       0x20 c:/saturn/SH_COFF/sh-coff/bin/../lib/gcc/sh-coff/3.4-GNUSH_v0501/../../../../sh-coff/lib\libc.a(freer.o)
 .comment       0x0603d880       0x20 c:/saturn/SH_COFF/sh-coff/bin/../lib/gcc/sh-coff/3.4-GNUSH_v0501/../../../../sh-coff/lib\libc.a(mlock.o)