Archive member included to satisfy reference by file (symbol)

c:/saturn/sbl/segalib/lib/libsat.a(cdc_cmn.o)
                              main.o (CDC_GetPeriStat)
c:/saturn/sbl/segalib/lib/libsat.a(cdc_drv.o)
                              sound.o (CDC_CdPlay)
c:/saturn/sbl/segalib/lib/libsat.a(dma_cpu1.o)
                              game.o (DMA_CpuMemCopy1)
c:/saturn/sbl/segalib/lib/libsat.a(dma_cpu2.o)
                              intro.o (DMA_CpuMemCopy2)
c:/saturn/sbl/segalib/lib/libsat.a(dma_cpu5.o)
                              c:/saturn/sbl/segalib/lib/libsat.a(dma_cpu1.o) (dma_cpu_cnt)
c:/saturn/sbl/segalib/lib/libsat.a(gfs.o)
                              cd.o (GFS_NameToId)
c:/saturn/sbl/segalib/lib/libsat.a(gfs_buf.o)
                              c:/saturn/sbl/segalib/lib/libsat.a(gfs.o) (GFBF_GetNumData)
c:/saturn/sbl/segalib/lib/libsat.a(gfs_cdb.o)
                              c:/saturn/sbl/segalib/lib/libsat.a(gfs.o) (GFCB_Close)
c:/saturn/sbl/segalib/lib/libsat.a(gfs_cdc.o)
                              c:/saturn/sbl/segalib/lib/libsat.a(gfs_cdb.o) (GFCD_AllocFilt)
c:/saturn/sbl/segalib/lib/libsat.a(gfs_cdf.o)
                              c:/saturn/sbl/segalib/lib/libsat.a(gfs.o) (GFCF_Init)
c:/saturn/sbl/segalib/lib/libsat.a(gfs_dir.o)
                              c:/saturn/sbl/segalib/lib/libsat.a(gfs.o) (GFDR_NameToId)
c:/saturn/sbl/segalib/lib/libsat.a(gfs_trn.o)
                              c:/saturn/sbl/segalib/lib/libsat.a(gfs.o) (GFTR_Setup)
c:/saturn/sbl/segalib/lib/libsat.a(mth_rand.o)
                              main.o (MTH_InitialRand)
c:/saturn/sbl/segalib/lib/libsat.a(mth_fixd.o)
                              ball.o (MTH_Mul)
c:/saturn/sbl/segalib/lib/libsat.a(mth_tri.o)
                              ball.o (MTH_Sin)
c:/saturn/sbl/segalib/lib/libsat.a(per_prt.o)
                              vblank.o (PER_Init)
c:/saturn/sbl/segalib/lib/libsat.a(spr_2c.o)
                              scroll.o (SPR_2SetTvMode)
c:/saturn/sbl/segalib/lib/libsat.a(scl_func.o)
                              scroll.o (Scl_n_reg)
c:/saturn/sbl/segalib/lib/libsat.a(scl_fu01.o)
                              scroll.o (SCL_SetDisplayMode)
c:/saturn/sbl/segalib/lib/libsat.a(scl_fu02.o)
                              scroll.o (SCL_InitVramConfigTb)
c:/saturn/sbl/segalib/lib/libsat.a(scl_fu03.o)
                              scroll.o (SCL_InitConfigTb)
c:/saturn/sbl/segalib/lib/libsat.a(scl_fu04.o)
                              scroll.o (SCL_SetCycleTable)
c:/saturn/sbl/segalib/lib/libsat.a(scl_fu05.o)
                              game.o (SCL_InitLineParamTb)
c:/saturn/sbl/segalib/lib/libsat.a(scl_pri.o)
                              c:/saturn/sbl/segalib/lib/libsat.a(scl_func.o) (SCL_PriorityInit)
c:/saturn/sbl/segalib/lib/libsat.a(scl_ro00.o)
                              c:/saturn/sbl/segalib/lib/libsat.a(scl_func.o) (SCL_Rotate)
c:/saturn/sbl/segalib/lib/libsat.a(scl_back.o)
                              scroll.o (SCL_SetBack)
c:/saturn/sbl/segalib/lib/libsat.a(scl_vblv.o)
                              c:/saturn/sbl/segalib/lib/libsat.a(spr_2c.o) (SCL_SetFrameInterval)
c:/saturn/sbl/segalib/lib/libsat.a(scl_pr01.o)
                              scroll.o (SCL_SetSpriteMode)
c:/saturn/sbl/segalib/lib/libsat.a(scl_pr02.o)
                              cutscene.o (SCL_SetColRam)
c:/saturn/sbl/segalib/lib/libsat.a(scl_pr03.o)
                              scroll.o (SCL_AllocColRam)
c:/saturn/sbl/segalib/lib/libsat.a(scl_pr05.o)
                              c:/saturn/sbl/segalib/lib/libsat.a(scl_pr02.o) (SCL_GetColRamOffset)
c:/saturn/sbl/segalib/lib/libsat.a(scl_pr06.o)
                              c:/saturn/sbl/segalib/lib/libsat.a(scl_pr03.o) (SCL_SetColRamOffset)
c:/saturn/sbl/segalib/lib/libsat.a(scl_pr07.o)
                              game.o (SCL_SetPriority)
c:/saturn/sbl/segalib/lib/libsat.a(scl_pr09.o)
                              scroll.o (SCL_SetColMixMode)
c:/saturn/sbl/segalib/lib/libsat.a(scl_pr10.o)
                              intro.o (SCL_SetAutoColMix)
c:/saturn/sbl/segalib/lib/libsat.a(scl_pr11.o)
                              cutscene.o (SCL_SetAutoColOffset)
c:/saturn/sbl/segalib/lib/libsat.a(scl_pr12.o)
                              cutscene.o (SCL_SetColOffset)
c:/saturn/sbl/segalib/lib/libsat.a(cdc_reg.o)
                              c:/saturn/sbl/segalib/lib/libsat.a(gfs_cdb.o) (CDC_GetDataPtr)
c:/saturn/sbl/segalib/lib/libsat.a(cdc_sub.o)
                              c:/saturn/sbl/segalib/lib/libsat.a(cdc_cmn.o) (CDSUB_GetCdstat)
c:/saturn/sbl/segalib/lib/libsat.a(cdc_dev.o)
                              c:/saturn/sbl/segalib/lib/libsat.a(gfs_cdc.o) (CDC_CdSetCon)
c:/saturn/sbl/segalib/lib/libsat.a(cdc_sel.o)
                              c:/saturn/sbl/segalib/lib/libsat.a(gfs_cdc.o) (CDC_SetFiltRange)
c:/saturn/sbl/segalib/lib/libsat.a(cdc_bif.o)
                              c:/saturn/sbl/segalib/lib/libsat.a(gfs_cdc.o) (CDC_GetBufSiz)
[...]
Memory Configuration

Name             Origin             Length             Attributes
*default*        0x00000000         0xffffffff

Linker script and memory map

LOAD entry.o
LOAD stack.o
LOAD vblank.o
LOAD ball.o
LOAD barrier.o
LOAD capsule.o
LOAD cd.o
LOAD circle.o
LOAD crc.o
LOAD cutscene.o
LOAD devcart.o
LOAD explosion.o
LOAD game.o
LOAD graphics.o
LOAD intro.o
LOAD laser.o
LOAD level.o
LOAD logo.o
LOAD menu.o
LOAD notice.o
LOAD pcmsys.o
LOAD print.o
LOAD scroll.o
LOAD soon.o
LOAD sound.o
LOAD sprite.o
LOAD main.o
LOAD c:/saturn/sbl/segalib/lib/libsat.a
LOAD c:/saturn/gcc84/bin/../lib/gcc/sh-elf/8.4.0\libgcc.a
LOAD c:/saturn/gcc84/bin/../lib/gcc/sh-elf/8.4.0\libgcc-Os-4-200.a
LOAD c:/saturn/gcc84/bin/../lib/gcc/sh-elf/8.4.0/../../../../sh-elf/lib\libc.a
LOAD c:/saturn/gcc84/bin/../lib/gcc/sh-elf/8.4.0\libgcc.a
LOAD c:/saturn/gcc84/bin/../lib/gcc/sh-elf/8.4.0\libgcc-Os-4-200.a

.entry          0x06010000       0x60
 *(.entry)
 .entry         0x06010000       0x50 entry.o
                0x06010000                entry
                0x06010060                . = ALIGN (0x20)
 *fill*         0x06010050       0x10 
                0x06010060                _eentry = ABSOLUTE (.)

.text           0x06010060    0x14570
 *(.text*)
 .text          0x06010060        0x0 entry.o
 .text          0x06010060        0x0 stack.o
 .text          0x06010060      0x13c vblank.o
                0x06010060                CheckVblankEnd
                0x06010070                UsrVblankIn
                0x06010088                UsrVblankOut
                0x0601010c                SetVblank
 .text          0x0601019c      0x4b8 ball.o
                0x060101cc                ball_init
                0x060101e0                ball_add
                0x06010240                ball_remove
                0x06010288                ball_bounce
                0x06010300                ball_move
                0x060105e4                ball_draw
 .text          0x06010654      0x18c barrier.o
                0x06010654                barrier_init
                0x06010678                barrier_move
                0x06010740                barrier_draw
 .text          0x060107e0      0x200 capsule.o
                0x060107e0                capsule_init
                0x060107f4                capsule_add
                0x0601082c                capsule_remove
                0x0601086c                capsule_run
                0x06010988                capsule_draw
 .text          0x060109e0       0xf8 cd.o
                0x060109e0                cd_init
                0x06010a08                cd_load
                0x06010a64                cd_load_nosize
 .text          0x06010ad8      0x3c8 circle.o
                0x06010b08                circle_init
                0x06010b1c                circle_add
                0x06010b5c                circle_remove
                0x06010bb0                circle_explode
                0x06010bd8                circle_bounce
                0x06010c3c                circle_move
                0x06010e48                circle_draw
 .text          0x06010ea0       0x20 crc.o
                0x06010ea0                crc_update
 .text          0x06010ec0      0x204 cutscene.o
                0x06010ec0                cutscene_run
 .text          0x060110c4      0x16c devcart.o
                0x06011118                devcart_loadfile
                0x060111e8                devcart_printstr
                0x060111ec                devcart_reset
 .text          0x06011230       0x7c explosion.o
                0x06011230                explosion_move
                0x06011268                explosion_make
 .text          0x060112ac     0x1c24 game.o
                0x060113cc                game_incpowerup
                0x060113f4                game_powerupreset
                0x06011470                game_loss
                0x060114fc                game_playing
                0x0601150c                game_run
 .text          0x06012ed0        0x0 graphics.o
 .text          0x06012ed0      0xd44 intro.o
                0x06012ed0                intro_run
 .text          0x06013c14      0x148 laser.o
                0x06013c14                laser_init
                0x06013c28                laser_add
                0x06013c58                laser_remove
                0x06013c98                laser_move
                0x06013cf8                laser_draw
 .text          0x06013d5c      0x930 level.o
                0x060141e8                level_load
                0x06014264                level_doneload
                0x06014274                level_disp
 .text          0x0601468c      0x364 logo.o
                0x0601468c                logo_loadframe
                0x060146d8                logo_run
 .text          0x060149f0      0xa40 menu.o
                0x06014bdc                sqrt32
                0x06014c00                menu_run
 .text          0x06015430      0x194 notice.o
                0x06015430                notice_print
                0x06015474                notice_run
 .text          0x060155c4      0x3ac pcmsys.o
                0x060155c4                smpc_wait_till_ready
                0x060155d8                smpc_issue_command
                0x060155ec                load_driver_binary
                0x06015660                load_drv
                0x06015698                calculate_bytes_per_blank
                0x060156c8                load_16bit_pcm
                0x060157ec                load_8bit_pcm
                0x0601590c                pcm_play
                0x06015930                pcm_parameter_change
                0x0601594c                pcm_cease
 .text          0x06015970      0x204 print.o
                0x06015970                print_load
                0x06015a18                print_init
                0x06015a44                print_num
                0x06015a88                print_string
                0x06015ae0                print_display
 .text          0x06015b74      0x5f8 scroll.o
                0x06015b74                scroll_lores
                0x06015bd4                scroll_hires
                0x06015c34                scroll_scale
                0x06015ce4                scroll_init
                0x06015ef8                scroll_set
                0x06015f38                scroll_move
                0x06015f78                scroll_clearmaps
                0x06015fbc                scroll_charsize
                0x06015fec                scroll_enable
                0x0601601c                scroll_mapsize
                0x0601604c                scroll_bitmapon
                0x060160cc                scroll_bitmapoff
 .text          0x0601616c      0x1a8 soon.o
                0x0601616c                soon_init
                0x06016228                soon_run
 .text          0x06016314      0x1a8 sound.o
                0x06016314                sound_init
                0x0601646c                sound_cdda
                0x060164ac                sound_play
 .text          0x060164bc      0x4f4 sprite.o
                0x060164bc                sprite_init
                0x06016574                sprite_erase
                0x060165c0                sprite_startdraw
                0x06016634                sprite_draw
                0x06016834                sprite_make
                0x0601685c                sprite_draw_all
                0x06016934                sprite_next
                0x06016978                sprite_delete
                0x06016990                sprite_deleteall
 .text          0x060169b0        0x0 main.o
 .text.startup  0x060169b0      0x1c4 main.o
                0x060169b0                main
 .text          0x06016b74      0x358 c:/saturn/sbl/segalib/lib/libsat.a(cdc_cmn.o)
                0x06016b74                CDC_GetCurStat
                0x06016bb8                CDC_GetLastStat
                0x06016bc4                getPeriRsp
                0x06016c4c                CDC_GetPeriStat
                0x06016c90                CDC_GetHwInfo
                0x06016cec                CDC_TgetToc
                0x06016d44                CDC_GetSes
                0x06016d7c                CDC_CdInit
                0x06016df4                CDC_CdOpen
                0x06016e1c                CDC_DataEnd
                0x06016e70                CDC_DataReady
 .text          0x06016ecc      0x108 c:/saturn/sbl/segalib/lib/libsat.a(cdc_drv.o)
                0x06016ecc                analyPos
                0x06016f1c                CDC_CdPlay
                0x06016f70                CDC_CdSeek
                0x06016fa8                CDC_CdScan
 .text          0x06016fd4       0x88 c:/saturn/sbl/segalib/lib/libsat.a(dma_cpu1.o)
                0x06016fd4                DMA_CpuMemCopy1
 .text          0x0601705c       0x8c c:/saturn/sbl/segalib/lib/libsat.a(dma_cpu2.o)
                0x0601705c                DMA_CpuMemCopy2
 .text          0x060170e8       0x4c c:/saturn/sbl/segalib/lib/libsat.a(dma_cpu5.o)
                0x060170e8                DMA_CpuResult
 .text          0x06017134     0x15b4 c:/saturn/sbl/segalib/lib/libsat.a(gfs.o)
                0x06017134                gfs_recovRdErr
                0x0601715c                GFS_SetErrFunc
                0x06017180                GFS_GetErrStat
                0x060171a0                gfs_mngSetupFuncTbl
                0x060171cc                gfs_mngInitWork
                0x0601724c                gfs_mngGetNumFile
                0x060172a4                GFS_mngAllocGrp
                0x060172e4                gfs_mngFreeGrp
                0x060172ea                gfs_mngTermAccess
                0x06017358                gfs_mngSetErrCode
                0x06017388                GFS_SetDir
                0x060173f0                GFS_NameToId
                0x06017440                GFS_IdToName
                0x0601749c                GFS_Tell
                0x060174dc                GFS_NwIsComplete
                0x06017504                GFS_CdMovePickup
                0x06017564                GFS_GetDirInfo
                0x060175dc                gfs_svrSearchHndl
                0x06017610                gfs_svrAddHndl
                0x06017644                gfs_svrRemoveHndl
                0x060176ac                GFS_NwStop
                0x06017704                GFS_OpenSub
                0x06017748                GFS_Open
                0x060177e8                GFS_GetFad
                0x0601782c                gfs_SetSct
                0x06017858                GFS_NwCdRead
                0x060178dc                gfs_GetFinfo
                0x0601792a                GFS_GetFileSize
                0x0601798c                GFS_Seek
                0x06017a34                GFS_IsEof
                0x06017a8c                GFS_ByteToSct
                0x06017ae4                GFS_GetFileInfo
                0x06017b58                GFS_NwFread
                0x06017c60                GFS_NwGetStat
                0x06017cd4                GFS_SetGmode
                0x06017d30                GFS_SetTmode
                0x06017d9c                GFS_SetReadPara
                0x06017df8                GFS_SetTransPara
                0x06017e60                gfs_transData
                0x06017ef4                gfs_closeSub
                0x06017f24                GFS_Close
                0x06017f5c                GFS_LoadDir
                0x06017ff4                gfs_getGmode
                0x06017ffa                gfs_isTaskDone
                0x06018044                gfs_convFinStat
                0x060180a8                gfs_flowIn
                0x0601812c                GFS_NwExecOne
                0x060181bc                GFS_Fread
                0x060182f0                GFS_Load
                0x060183b8                gfs_loadVol
                0x0601847c                gfs_getRootDir
                0x06018504                gfs_loadRootDir
                0x0601858c                GFS_Init
                0x0601867c                GFS_NwExecServer
 .text          0x060186e8       0x74 c:/saturn/sbl/segalib/lib/libsat.a(gfs_buf.o)
                0x060186e8                GFBF_GetTranData
                0x060186fc                GFBF_GetNumData
                0x06018714                GFBF_GetSrcPk
                0x0601872c                GFBF_GetSctData
                0x06018740                GFBF_RtnPk
                0x06018758                gfbf_getSctDt
 .text          0x0601875c      0x488 c:/saturn/sbl/segalib/lib/libsat.a(gfs_cdb.o)
                0x0601875c                GFCB_Setup
                0x06018820                GFCB_Close
                0x06018840                GFCB_GetLenData
                0x060188d4                GFCB_GetLenRoom
                0x060188d8                GFCB_SetFilt
                0x06018930                GFCB_DeleteAllData
                0x0601894c                GFCB_Tell
                0x06018954                GFCB_Seek
                0x06018a3c                GFCB_GetSrcPack
                0x06018b04                GFCB_GetSctData
                0x06018b30                GFCB_GetDstPack
                0x06018b34                GFCB_RtnPk
                0x06018b74                GFCB_MovePickup
                0x06018b84                GFCB_SetCon
                0x06018bac                GFCB_GetPickup
                0x06018bcc                GFCB_IsPuOwner
                0x06018bd8                GFCB_UngetPickup
 .text          0x06018be4     0x1520 c:/saturn/sbl/segalib/lib/libsat.a(gfs_cdc.o)
                0x06018be4                GFCD_AllocFilt
                0x06018c18                GFCD_FreeFilt
                0x06018c40                GFCD_AllocBuf
                0x06018c6c                GFCD_GetBaseFad
                0x06018c98                GFCD_GetPickup
                0x06018cc0                GFCD_UngetPickup
                0x06018ce4                GFCD_IsPuOwner
                0x06018cfc                GFCD_CheckDelSctData
                0x06018d24                GFCD_CheckMove
                0x06018d3c                gfcd_isIdleTask
                0x06018da0                GFCD_SetTimer
                0x06018dac                gfcd_checkEflag
                0x06018dc8                gfcd_initCdbMng
                0x06018e20                gfcd_setStat
                0x06018e44                GFCD_GetFilt
                0x06018e88                GFCD_EndData
                0x06018ecc                GFCD_GetSctInfo
                0x06018f10                GFCD_GetFileInfo
                0x06018fd8                GFCD_GetBufSiz
                0x06019008                gfcd_doSetFiltTsk
                0x06019174                GFCD_SetFilt
                0x0601920c                gfcd_doSetConTsk
                0x06019284                GFCD_SetCon
                0x060192d0                gfcd_doGetLenDataTsk
                0x060193d0                GFCD_GetLenData
                0x06019414                gfcd_doReqDataTsk
                0x06019488                GFCD_ReqData
                0x060194d0                gfcd_doDelSctDataTsk
                0x060195dc                GFCD_DelSctData
                0x06019628                gfcd_doMoveSctTsk
                0x06019744                GFCD_MoveSctData
                0x060197a0                gfcd_doSetFiltConTsk
                0x060198a4                GFCD_SetFiltCon
                0x0601999c                GFCD_SetCsctFunc
                0x060199ac                GFCD_WaitScdqFlag
                0x060199f0                GFCD_GetStat
                0x06019a60                GFCD_Init
                0x06019c60                GFCD_Play
                0x06019cb0                GFCD_MovePickup
                0x06019cf8                gfcd_doChgDirTsk
                0x06019ea0                GFCD_ChgDir
                0x06019f08                gfcd_doTask
                0x06019f78                GFCD_ExecServer
                0x0601a054                GFCD_FreeBuf
                0x0601a0d0                GFCD_WaitServer
 .text          0x0601a104      0x60c c:/saturn/sbl/segalib/lib/libsat.a(gfs_cdf.o)
                0x0601a104                GFCF_Init
                0x0601a160                GFCF_SetSct
                0x0601a18c                GFCF_GetFileInfo
                0x0601a1e8                GFCF_Recover
                0x0601a22c                GFCF_Tell
                0x0601a238                GFCF_Seek
                0x0601a244                GFCF_cnvIntlvOfs
                0x0601a278                GFCF_GetStat
                0x0601a2c8                GFCF_StopInBuf
                0x0601a340                GFCF_MovePickup
                0x0601a3c4                gfcf_getSctSize
                0x0601a3f0                GFCF_Setup
                0x0601a4a8                gfcf_isCdOk
                0x0601a4fc                gfcf_getPlayRange
                0x0601a60c                GFCF_FlowInBuf
 .text          0x0601a710      0x7e0 c:/saturn/sbl/segalib/lib/libsat.a(gfs_dir.o)
                0x0601a710                GFDR_NameToId
                0x0601a760                GFDR_GetInfoDirId
                0x0601a76a                GFDR_GetInfoDirName
                0x0601a774                GFDR_GetAtrDirId
                0x0601a782                GFDR_GetAtrDirName
                0x0601a790                GFDR_ChgDir
                0x0601a800                GFDR_ChgRoot
                0x0601a80c                gfdr_open
                0x0601a82c                gfdr_read
                0x0601a8e4                gfdr_readByte
                0x0601a90c                gfdr_readWord
                0x0601a934                gfdr_readWordNB
                0x0601a980                gfdr_readLongNB
                0x0601a9c8                gfdr_readLongNM
                0x0601a9e8                gfdr_setNextRec
                0x0601aa60                gfdr_readDirEnt
                0x0601ad48                gfdr_setDirrecCd
                0x0601ad66                gfdr_setupDirIdTbl
                0x0601addc                gfdr_setupDirNameTbl
                0x0601ae80                GFDR_SetupDirTbl
 .text          0x0601aef0      0x820 c:/saturn/sbl/segalib/lib/libsat.a(gfs_trn.o)
                0x0601aef0                gftr_reqScu
                0x0601aef4                gftr_remCpu
                0x0601aef8                gftr_execScu
                0x0601af7c                gftr_remScu
                0x0601af9c                gftr_reqDma0
                0x0601afa0                gftr_reqDma1
                0x0601afa4                gftr_reqCpu
                0x0601afa8                GFTR_Setup
                0x0601afce                GFTR_SetMode
                0x0601afda                GFTR_SetUnit
                0x0601afde                GFTR_SetTransPara
                0x0601aff0                GFTR_GetTransPara
                0x0601aff4                GFTR_GetNumTrans
                0x0601aff8                GFTR_SetTransMax
                0x0601affe                GFTR_Start
                0x0601b004                GFTR_Pause
                0x0601b00a                gfdma_canUse
                0x0601b00e                gfdma_exec
                0x0601b0f0                gftr_execSdma0
                0x0601b114                gftr_execSdma1
                0x0601b138                gftr_reqTrn
                0x0601b18c                gftr_execTrn
                0x0601b258                gftr_remTrn
                0x0601b2b8                gftr_copyFrac
                0x0601b2d2                gfdma_getBytecnt
                0x0601b304                gftr_remDma0
                0x0601b310                gftr_remDma1
                0x0601b31c                gftr_execCpu
                0x0601b368                GFTR_GetLenData
                0x0601b36c                GFTR_GetLenRoom
                0x0601b37a                gftr_getSrcPack
                0x0601b3fc                GFTR_Idle
                0x0601b46c                GFTR_GetDstPack
                0x0601b498                gftr_getDstPack
                0x0601b4d8                gftr_execSub
                0x0601b5e0                GFTR_Exec
                0x0601b638                GFTR_Stop
                0x0601b6dc                GFTR_RtnDstPk
                0x0601b6ea                GFTR_GetData
                0x0601b6f8                GFTR_SetData
                0x0601b704                GFTR_SetTransFunc
 .text          0x0601b710       0x24 c:/saturn/sbl/segalib/lib/libsat.a(mth_rand.o)
                0x0601b710                MTH_InitialRand
                0x0601b71c                MTH_GetRand
 .text          0x0601b734       0x78 c:/saturn/sbl/segalib/lib/libsat.a(mth_fixd.o)
                0x0601b734                MTH_Mul
                0x0601b748                MTH_Div
                0x0601b75c                MTH_IntToFixed
                0x0601b764                MTH_FixedToInt
                0x0601b76c                MTH_Product
 .text          0x0601b7ac      0x5d4 c:/saturn/sbl/segalib/lib/libsat.a(mth_tri.o)
                0x0601b7ac                MTH_Sin
                0x0601b7ec                MTH_Cos
                0x0601b830                fcos
                0x0601b836                fsin
                0x0601b9c8                MTH_Atan
 .text          0x0601bd80      0xee8 c:/saturn/sbl/segalib/lib/libsat.a(per_prt.o)
                0x0601c130                PER_IntFunc
                0x0601c9b0                PER_Init
                0x0601cb64                PER_GetPer
 .text          0x0601cc68      0xcdc c:/saturn/sbl/segalib/lib/libsat.a(spr_2c.o)
                0x0601cc68                SPR_2SetTvMode
                0x0601cc78                SPR_2FrameChgIntr
                0x0601cc8c                SPR_2FrameEraseData
                0x0601cccc                SPR_2SetGourTbl
                0x0601ccfc                SPR_2SetLookupTbl
                0x0601cd18                SPR_2SetChar
                0x0601ce44                SPR_2ClrChar
                0x0601cf5c                SPR_2ClrAllChar
                0x0601cfb0                SPR_2Initial
                0x0601d10c                SPR_2GourTblNoToVram
                0x0601d128                SPR_2LookupTblNoToVram
                0x0601d138                SPR_2CharNoToVram
                0x0601d14c                SPR_2GetAreaSizeInfo
                0x0601d1b0                SPR_2OpenCommand
                0x0601d248                SPR_2FlushDrawPrty
                0x0601d288                SPR_2CloseCommand
                0x0601d3a8                SPR_2LocalCoord
                0x0601d400                SPR_2SysClip
                0x0601d448                SPR_2UserClip
                0x0601d498                SPR_2Line
                0x0601d534                SPR_2PolyLine
                0x0601d5d4                SPR_2Polygon
                0x0601d674                SPR_2NormSpr
                0x0601d740                SPR_2ScaleSpr
                0x0601d828                SPR_2DistSpr
                0x0601d900                SPR_2Cmd
 .text          0x0601d944      0x730 c:/saturn/sbl/segalib/lib/libsat.a(scl_func.o)
                0x0601d944                SCL_ParametersInit
                0x0601da38                SCL_Vdp2Init
                0x0601daa0                SCL_Open
                0x0601dabc                SCL_Close
                0x0601dad0                SCL_MoveTo
                0x0601dbb4                SCL_Move
                0x0601dcd0                SCL_Scale
                0x0601ddc4                SCL_Memcpyw
                0x0601ddd8                SCL_CopyReg
                0x0601deb8                SCL_SetColRamMode
                0x0601df0c                SCL_PriIntProc
                0x0601e008                SCL_ScrollShow
 .text          0x0601e074      0x1b0 c:/saturn/sbl/segalib/lib/libsat.a(scl_fu01.o)
                0x0601e074                SCL_SetDisplayMode
 .text          0x0601e224      0x384 c:/saturn/sbl/segalib/lib/libsat.a(scl_fu02.o)
                0x0601e224                SCL_InitVramConfigTb
                0x0601e232                SCL_SetVramConfig
 .text          0x0601e5a8      0x654 c:/saturn/sbl/segalib/lib/libsat.a(scl_fu03.o)
                0x0601e5a8                SCL_InitConfigTb
                0x0601e5c4                SCL_SetConfig
 .text          0x0601ebfc       0x18 c:/saturn/sbl/segalib/lib/libsat.a(scl_fu04.o)
                0x0601ebfc                SCL_SetCycleTable
 .text          0x0601ec14      0x220 c:/saturn/sbl/segalib/lib/libsat.a(scl_fu05.o)
                0x0601ec14                SCL_InitLineParamTb
                0x0601eca8                SCL_SetLineParam
 .text          0x0601ee34      0xfb8 c:/saturn/sbl/segalib/lib/libsat.a(scl_pri.o)
                0x0601ee34                SCL_PriorityInit
                0x0601f3ec                SCL_GetColRamMode
                0x0601f408                SCL_AbortAutoVe
                0x0601f414                SCL_SetColMixRate
                0x0601f78c                SCL_IncColOffset
                0x0601f800                SCL_AutoExec
                0x0601fc50                SCL_SetShadowBit
 .text          0x0601fdec      0xe48 c:/saturn/sbl/segalib/lib/libsat.a(scl_ro00.o)
                0x0601ff10                SCL_InitRotateTable
                0x06020178                SCL_RotateZD
                0x060202b0                SCL_Rotate
 .text          0x06020c34       0x74 c:/saturn/sbl/segalib/lib/libsat.a(scl_back.o)
                0x06020c34                SCL_SetBack
 .text          0x06020ca8      0x26c c:/saturn/sbl/segalib/lib/libsat.a(scl_vblv.o)
                0x06020ca8                SCL_SetFrameInterval
                0x06020d2c                SCL_DisplayFrame
                0x06020d58                SCL_VblInit
                0x06020da0                SCL_VblankStart
                0x06020e70                SCL_VblankEnd
 .text          0x06020f14       0x54 c:/saturn/sbl/segalib/lib/libsat.a(scl_pr01.o)
                0x06020f14                SCL_SetSpriteMode
 .text          0x06020f68       0x90 c:/saturn/sbl/segalib/lib/libsat.a(scl_pr02.o)
                0x06020f68                SCL_SetColRam
 .text          0x06020ff8      0x10c c:/saturn/sbl/segalib/lib/libsat.a(scl_pr03.o)
                0x06020ff8                SCL_FreeColRam
                0x06021020                SCL_AllocColRam
 .text          0x06021104       0x98 c:/saturn/sbl/segalib/lib/libsat.a(scl_pr05.o)
                0x06021104                SCL_GetColRamOffset
 .text          0x0602119c      0x198 c:/saturn/sbl/segalib/lib/libsat.a(scl_pr06.o)
                0x0602119c                SCL_SetColRamOffset
 .text          0x06021334      0x200 c:/saturn/sbl/segalib/lib/libsat.a(scl_pr07.o)
                0x06021334                SCL_SetPriority
 .text          0x06021534       0x44 c:/saturn/sbl/segalib/lib/libsat.a(scl_pr09.o)
                0x06021534                SCL_SetColMixMode
 .text          0x06021578       0x7c c:/saturn/sbl/segalib/lib/libsat.a(scl_pr10.o)
                0x06021578                SCL_SetAutoColMix
 .text          0x060215f4      0x144 c:/saturn/sbl/segalib/lib/libsat.a(scl_pr11.o)
                0x060215f4                SCL_SetAutoColOffset
 .text          0x06021738      0x16c c:/saturn/sbl/segalib/lib/libsat.a(scl_pr12.o)
                0x06021738                SCL_SetColOffset
 .text          0x060218a4      0x21c c:/saturn/sbl/segalib/lib/libsat.a(cdc_reg.o)
                0x060218a4                CDC_GetDataPtr
                0x060218b0                CDC_GetHirqReq
                0x060218bc                CDC_ClrHirqReq
                0x060218dc                CDREG_ClrHirqReq
                0x060218e8                CDREG_InitHirqReq
                0x06021900                CDREG_SetHirqFlag
                0x06021910                CDC_GetHirqMsk
                0x0602191c                CDC_SetHirqMsk
                0x06021928                CDC_GetMpegPtr
                0x06021934                CDREG_TgetData
                0x06021990                CDREG_WaitHirq
                0x060219b4                writeCmd
                0x060219d4                CDREG_ReadRsp
                0x060219f8                doCmdRsp
                0x06021a90                CDREG_CmdRsp
 .text          0x06021ac0      0x104 c:/saturn/sbl/segalib/lib/libsat.a(cdc_sub.o)
                0x06021ac0                CDSUB_GetCdstat
                0x06021af4                CDSUB_RspToCdstat
                0x06021b28                CDSUB_CdCmd
                0x06021b98                CDSUB_UpdStatus
                0x06021ba4                CDSUB_UpdCdstat
                0x06021bc0                CDSUB_SoftTimer
 .text          0x06021bc4       0xb4 c:/saturn/sbl/segalib/lib/libsat.a(cdc_dev.o)
                0x06021bc4                CDC_CdSetCon
                0x06021bf8                CDC_CdGetCon
                0x06021c38                CDC_CdGetLastBuf
 .text          0x06021c78      0x298 c:/saturn/sbl/segalib/lib/libsat.a(cdc_sel.o)
                0x06021c78                CDC_SetFiltRange
                0x06021cb8                CDC_GetFiltRange
                0x06021d24                CDC_SetFiltSubh
                0x06021d74                CDC_GetFiltSubh
                0x06021ddc                CDC_SetFiltMode
                0x06021e10                CDC_GetFiltMode
                0x06021e50                CDC_SetFiltCon
                0x06021e88                CDC_GetFiltCon
                0x06021edc                CDC_ResetSelector
 .text          0x06021f10      0x238 c:/saturn/sbl/segalib/lib/libsat.a(cdc_bif.o)
                0x06021f10                CDC_GetBufSiz
                0x06021f68                CDC_GetSctNum
                0x06021fb0                CDC_CalActSiz
                0x06021fe0                chkEselUpdStatus
                0x06022014                CDC_GetActSiz
                0x06022058                CDC_GetSctInfo
                0x060220b0                CDC_ExeFadSearch
                0x060220e8                CDC_GetFadSearch
 .text          0x06022148      0x190 c:/saturn/sbl/segalib/lib/libsat.a(cdc_bio.o)
                0x06022148                CDC_SetSctLen
                0x06022178                CDC_GetSctData
                0x060221a8                CDC_DelSctData
                0x060221d8                CDC_GetdelSctData
                0x06022208                CDC_PutSctData
                0x06022238                CDC_CopySctData
                0x0602226c                CDC_MoveSctData
                0x060222a0                CDC_GetCopyErr
 .text          0x060222d8      0x1a4 c:/saturn/sbl/segalib/lib/libsat.a(cdc_cfs.o)
                0x060222d8                CDC_ChgDir
                0x06022310                CDC_ReadDir
                0x06022348                CDC_GetFileScope
                0x060223a8                CDC_TgetFileInfo
                0x06022400                CDC_ReadFile
                0x06022440                CDC_AbortFile
 .text          0x0602247c       0xb4 c:/saturn/sbl/segalib/lib/libsat.a(csh_main.o)
                0x0602247c                CSH_Init
                0x060224cc                CSH_AllClr
                0x0602250c                CSH_Purge
 .text          0x06022530      0x138 c:/saturn/sbl/segalib/lib/libsat.a(dma_cpu0.o)
                0x06022530                DMA_CpuSetComPrm
                0x06022568                DMA_CpuSetPrm
                0x0602261c                DMA_CpuStart
                0x0602262c                DMA_CpuStop
                0x0602263e                DMA_CpuAllStop
                0x0602264c                DMA_CpuGetComStatus
                0x0602265c                DMA_CpuGetStatus
 .text          0x06022668      0x28c c:/saturn/sbl/segalib/lib/libsat.a(dma_scu0.o)
                0x06022668                DMA_ScuIntFunc0
                0x060226c8                DMA_ScuIntFunc1
                0x0602272c                DMA_ScuIntFunc2
                0x06022790                DMA_ScuSetPrm
                0x060227f8                DMA_ScuStart
                0x060228c4                DMA_ScuGetStatus
 .text          0x060228f4      0x240 c:/saturn/sbl/segalib/lib/libsat.a(spr_1c.o)
                0x060228f4                SPR_SetTvMode
                0x0602296c                SPR_GetStatus
                0x060229c0                SPR_SetEraseData
                0x06022a58                SPR_Initial
                0x06022b10                SPR_WaitDrawEnd
                0x06022b20                SPR_SetEosMode
 .text          0x06022b34      0x16c c:/saturn/sbl/segalib/lib/libsat.a(spr_2a.o)
                0x06022b34                SPR_2SetDrawPrty
                0x06022ba4                SPR_2FlushDrawPrtyBlock
 .text          0x06022ca0       0x52 c:/saturn/gcc84/bin/../lib/gcc/sh-elf/8.4.0\libgcc.a(_ashiftrt.o)
                0x06022ca0                __ashiftrt_r4_31
                0x06022ca0                __ashiftrt_r4_32
                0x06022ca6                __ashiftrt_r4_30
                0x06022ca8                __ashiftrt_r4_29
                0x06022caa                __ashiftrt_r4_28
                0x06022cac                __ashiftrt_r4_27
                0x06022cae                __ashiftrt_r4_26
                0x06022cb0                __ashiftrt_r4_25
                0x06022cb2                __ashiftrt_r4_24
                0x06022cba                __ashiftrt_r4_23
                0x06022cbc                __ashiftrt_r4_22
                0x06022cbe                __ashiftrt_r4_21
                0x06022cc0                __ashiftrt_r4_20
                0x06022cc2                __ashiftrt_r4_19
                0x06022cc4                __ashiftrt_r4_18
                0x06022cc6                __ashiftrt_r4_17
                0x06022cc8                __ashiftrt_r4_16
                0x06022cce                __ashiftrt_r4_15
                0x06022cd0                __ashiftrt_r4_14
                0x06022cd2                __ashiftrt_r4_13
                0x06022cd4                __ashiftrt_r4_12
                0x06022cd6                __ashiftrt_r4_11
                0x06022cd8                __ashiftrt_r4_10
                0x06022cda                __ashiftrt_r4_9
                0x06022cdc                __ashiftrt_r4_8
                0x06022cde                __ashiftrt_r4_7
                0x06022ce0                __ashiftrt_r4_6
                0x06022ce2                __ashiftrt_r4_5
                0x06022ce4                __ashiftrt_r4_4
                0x06022ce6                __ashiftrt_r4_3
                0x06022ce8                __ashiftrt_r4_2
                0x06022cea                __ashiftrt_r4_1
                0x06022cee                __ashiftrt_r4_0
 *fill*         0x06022cf2        0x2 
 .text          0x06022cf4       0x80 c:/saturn/gcc84/bin/../lib/gcc/sh-elf/8.4.0\libgcc.a(_ashiftrt_n.o)
                0x06022cf4                __ashrsi3
 .text          0x06022d74       0xbc c:/saturn/gcc84/bin/../lib/gcc/sh-elf/8.4.0\libgcc.a(_ashiftlt.o)
                0x06022d74                __ashlsi3
                0x06022d78                __ashlsi3_r0
 .text          0x06022e30       0x78 c:/saturn/gcc84/bin/../lib/gcc/sh-elf/8.4.0\libgcc.a(_movmem.o)
                0x06022e30                __movmem
                0x06022e30                __movstr
                0x06022e64                __movstrSI64
                0x06022e64                __movmemSI64
                0x06022e68                __movstrSI60
                0x06022e68                __movmemSI60
                0x06022e6c                __movstrSI56
                0x06022e6c                __movmemSI56
                0x06022e70                __movstrSI52
                0x06022e70                __movmemSI52
                0x06022e74                __movstrSI48
                0x06022e74                __movmemSI48
                0x06022e78                __movmemSI44
                0x06022e78                __movstrSI44
                0x06022e7c                __movstrSI40
                0x06022e7c                __movmemSI40
                0x06022e80                __movmemSI36
                0x06022e80                __movstrSI36
                0x06022e84                __movmemSI32
                0x06022e84                __movstrSI32
                0x06022e88                __movstrSI28
                0x06022e88                __movmemSI28
                0x06022e8c                __movmemSI24
                0x06022e8c                __movstrSI24
                0x06022e90                __movstrSI20
                0x06022e90                __movmemSI20
                0x06022e94                __movstrSI16
                0x06022e94                __movmemSI16
                0x06022e98                __movstrSI12
                0x06022e98                __movmemSI12
                0x06022e9c                __movmemSI8
                0x06022e9c                __movstrSI8
                0x06022ea0                __movmemSI4
                0x06022ea0                __movstrSI4
 .text          0x06022ea8       0xa0 c:/saturn/gcc84/bin/../lib/gcc/sh-elf/8.4.0\libgcc.a(_sdivsi3.o)
                0x06022ea8                __sdivsi3
 .text          0x06022f48       0x6c c:/saturn/gcc84/bin/../lib/gcc/sh-elf/8.4.0\libgcc.a(_udivsi3.o)
                0x06022f6a                __udivsi3
 .text          0x06022fb4      0x208 c:/saturn/gcc84/bin/../lib/gcc/sh-elf/8.4.0\libgcc.a(_mul_df.o)
                0x06022fb4                __muldf3
 .text          0x060231bc       0xa8 c:/saturn/gcc84/bin/../lib/gcc/sh-elf/8.4.0\libgcc.a(_si_to_df.o)
                0x060231bc                __floatsidf
 .text          0x06023264       0xa4 c:/saturn/gcc84/bin/../lib/gcc/sh-elf/8.4.0\libgcc.a(_df_to_si.o)
                0x06023264                __fixdfsi
 .text          0x06023308        0x0 c:/saturn/gcc84/bin/../lib/gcc/sh-elf/8.4.0\libgcc.a(_thenan_df.o)
 .text          0x06023308       0xbc c:/saturn/gcc84/bin/../lib/gcc/sh-elf/8.4.0\libgcc.a(_lshiftrt.o)
                0x06023308                __lshrsi3
                0x0602330c                __lshrsi3_r0
 .text          0x060233c4       0x58 c:/saturn/gcc84/bin/../lib/gcc/sh-elf/8.4.0\libgcc.a(_clzsi2.o)
                0x060233c4                __clzsi2
 .text          0x0602341c      0x25c c:/saturn/gcc84/bin/../lib/gcc/sh-elf/8.4.0\libgcc.a(_pack_df.o)
                0x0602341c                __pack_d
 .text          0x06023678       0xcc c:/saturn/gcc84/bin/../lib/gcc/sh-elf/8.4.0\libgcc.a(_unpack_df.o)
                0x06023678                __unpack_d
 .text          0x06023744        0x0 c:/saturn/gcc84/bin/../lib/gcc/sh-elf/8.4.0\libgcc.a(_clz.o)
 .text          0x06023744       0x1e c:/saturn/gcc84/bin/../lib/gcc/sh-elf/8.4.0/../../../../sh-elf/lib\libc.a(lib_a-memcmp.o)
                0x06023744                memcmp
 *fill*         0x06023762        0x2 
 .text          0x06023764       0x94 c:/saturn/gcc84/bin/../lib/gcc/sh-elf/8.4.0/../../../../sh-elf/lib\libc.a(lib_a-memcpy.o)
                0x06023764                memcpy
 .text          0x060237f8       0x40 c:/saturn/gcc84/bin/../lib/gcc/sh-elf/8.4.0/../../../../sh-elf/lib\libc.a(lib_a-memset.o)
                0x060237f8                memset
 .text          0x06023838       0x3c c:/saturn/gcc84/bin/../lib/gcc/sh-elf/8.4.0/../../../../sh-elf/lib\libc.a(lib_a-strcpy.o)
                0x06023838                strcpy
 .text          0x06023874       0x2a c:/saturn/gcc84/bin/../lib/gcc/sh-elf/8.4.0/../../../../sh-elf/lib\libc.a(lib_a-strncmp.o)
                0x06023874                strncmp
 .text          0x0602389e       0x32 c:/saturn/gcc84/bin/../lib/gcc/sh-elf/8.4.0/../../../../sh-elf/lib\libc.a(lib_a-strncpy.o)
                0x0602389e                strncpy
 *(.rodata*)
 .rodata        0x060238d0      0x100 crc.o
 .rodata        0x060239d0       0xb0 game.o
 .rodata        0x06023a80      0x13c intro.o
 .rodata        0x06023bbc       0x3c logo.o
 .rodata.str1.4
                0x06023bf8       0x2a menu.o
 *fill*         0x06023c22        0x2 
 .rodata        0x06023c24       0x68 menu.o
 .rodata.str1.4
                0x06023c8c      0x29d notice.o
 *fill*         0x06023f29        0x3 
 .rodata.str1.4
                0x06023f2c       0x20 pcmsys.o
 .rodata        0x06023f4c      0x400 pcmsys.o
 .rodata.str1.4
                0x0602434c       0x9b sound.o
 *fill*         0x060243e7        0x1 
 .rodata        0x060243e8        0xa c:/saturn/sbl/segalib/lib/libsat.a(gfs.o)
 *fill*         0x060243f2        0x2 
 .rodata        0x060243f4       0x30 c:/saturn/sbl/segalib/lib/libsat.a(gfs_buf.o)
 .rodata        0x06024424       0x2d c:/saturn/sbl/segalib/lib/libsat.a(gfs_cdf.o)
 *fill*         0x06024451        0x3 
 .rodata.str1.4
                0x06024454        0x7 c:/saturn/sbl/segalib/lib/libsat.a(gfs_dir.o)
 *fill*         0x0602445b        0x1 
 .rodata        0x0602445c       0x30 c:/saturn/sbl/segalib/lib/libsat.a(gfs_trn.o)
 .rodata        0x0602448c        0xf c:/saturn/sbl/segalib/lib/libsat.a(dma_scu0.o)
 *fill*         0x0602449b        0x1 
 .rodata        0x0602449c       0x20 c:/saturn/sbl/segalib/lib/libsat.a(spr_1c.o)
 .rodata        0x060244bc       0x14 c:/saturn/gcc84/bin/../lib/gcc/sh-elf/8.4.0\libgcc.a(_thenan_df.o)
                0x060244bc                __thenan_df
 .rodata        0x060244d0      0x100 c:/saturn/gcc84/bin/../lib/gcc/sh-elf/8.4.0\libgcc.a(_clz.o)
                0x060244d0                __clz_tab
 *(.strings)
                0x060245d0                . = ALIGN (0x10)
                0x060245d0                _etext = ABSOLUTE (.)

.rela.dyn       0x060245d0        0x0
 .rela.text     0x060245d0        0x0 vblank.o
 .rela.text.startup
                0x060245d0        0x0 vblank.o

.tors           0x060245d0        0x0
                0x060245d0                ___ctors = .
 *(.ctors)
                0x060245d0                ___ctors_end = .
                0x060245d0                ___dtors = .
 *(.dtors)
                0x060245d0                ___dtors_end = .
                0x060245d0                . = ALIGN (0x10)
                0x060245d0                _etors = ABSOLUTE (.)

.data           0x060245d0     0x4440
 *(.data)
 .data          0x060245d0        0x0 entry.o
 .data          0x060245d0        0x0 stack.o
 .data          0x060245d0        0x0 vblank.o
 .data          0x060245d0        0x0 ball.o
 .data          0x060245d0        0x0 barrier.o
 .data          0x060245d0        0x0 capsule.o
 .data          0x060245d0        0x0 cd.o
 .data          0x060245d0        0x0 circle.o
 .data          0x060245d0        0x0 crc.o
 .data          0x060245d0       0x51 cutscene.o
                0x060245d0                tomo_text
 .data          0x06024621        0x0 devcart.o
 .data          0x06024621        0x0 explosion.o
 *fill*         0x06024621        0x3 
 .data          0x06024624       0x20 game.o
                0x06024624                powerup_names
 .data          0x06024644     0x40a6 graphics.o
                0x06024644                circle_pal
                0x06024684                circle_name
                0x06024690                circle_height
                0x06024692                circle_width
                0x06024694                circle_size
                0x06024696                circle_num
                0x06024698                introfont_pal
                0x060246d8                introfont_name
                0x060246e6                introfont_height
                0x060246e8                introfont_width
                0x060246ea                introfont_size
                0x060246ec                introfont_num
                0x060246f0                barrier_pal
                0x06024730                barrier_name
                0x0602473c                barrier_height
                0x0602473e                barrier_width
                0x06024740                barrier_size
                0x06024742                barrier_num
                0x06024744                laser_pal
                0x06024784                laser_name
                0x0602478e                laser_height
                0x06024790                laser_width
                0x06024792                laser_size
                0x06024794                laser_num
                0x06024798                bit_pal
                0x060247d8                bit_name
                0x060247e0                bit_height
                0x060247e2                bit_width
                0x060247e4                bit_size
                0x060247e6                bit_num
                0x060247e8                capsule_pal
                0x06024828                capsule_name
                0x06024834                capsule_height
                0x06024836                capsule_width
                0x06024838                capsule_size
                0x0602483a                capsule_num
                0x0602483c                blockcrack_pal
                0x0602487c                blockcrack_name
                0x0602488a                blockcrack_height
                0x0602488c                blockcrack_width
                0x0602488e                blockcrack_size
                0x06024890                blockcrack_num
                0x06024894                blocks2_pal
                0x060248d4                blocks2_name
                0x060248e0                blocks2_height
                0x060248e2                blocks2_width
                0x060248e4                blocks2_size
                0x060248e6                blocks2_num
                0x060248e8                blocks1_pal
                0x06024928                blocks1_name
                0x06024934                blocks1_height
                0x06024936                blocks1_width
                0x06024938                blocks1_size
                0x0602493a                blocks1_num
                0x0602493c                beffect_pal
                0x0602497c                beffect_name
                0x06024988                beffect_height
                0x0602498a                beffect_width
                0x0602498c                beffect_size
                0x0602498e                beffect_num
                0x06024990                explosion_pal
                0x060249d0                explosion_name
                0x060249de                explosion_height
                0x060249e0                explosion_width
                0x060249e2                explosion_size
                0x060249e4                explosion_num
                0x060249e8                ship_pal
                0x06024a28                ship_name
                0x06024a32                ship_height
                0x06024a34                ship_width
                0x06024a36                ship_size
                0x06024a38                ship_num
                0x06024a3c                starspr_pal
                0x06024a7c                starspr_name
                0x06024a88                starspr_height
                0x06024a8a                starspr_width
                0x06024a8c                starspr_size
                0x06024a8e                starspr_num
                0x06024a90                font_pal
                0x06024ad0                font_name
                0x06024ada                font_height
                0x06024adc                font_width
                0x06024ade                font_size
                0x06024ae0                font_num
                0x06024ae4                ball_pal
                0x06024b24                ball_name
                0x06024b2e                ball_height
                0x06024b30                ball_width
                0x06024b32                ball_size
                0x06024b34                ball_num
                0x06024b38                gamefar_name
                0x06024b44                gamefar_height
                0x06024b46                gamefar_width
                0x06024b48                gamemid_name
                0x06024b54                gamemid_height
                0x06024b56                gamemid_width
                0x06024b58                gamenear_name
                0x06024b66                gamenear_height
                0x06024b68                gamenear_width
                0x06024b6c                game_name
                0x06024b76                game_height
                0x06024b78                game_width
                0x06024b7c                starfar_name
                0x06024b88                starfar_height
                0x06024b8a                starfar_width
                0x06024b8c                starmid_name
                0x06024b98                starmid_height
                0x06024b9a                starmid_width
                0x06024b9c                starnear_name
                0x06024baa                starnear_height
                0x06024bac                starnear_width
                0x06024bb0                noticefont_pal
                0x06024bf0                noticefont_name
                0x06024bfe                noticefont_num
                0x06024c00                chipover_pal
                0x06025000                chipover_name
                0x0602500e                chipover_num
                0x06025010                gameover_pal
                0x06025050                gameover_name
                0x0602505e                gameover_num
                0x06025060                cutscfont_pal
                0x06025460                cutscfont_name
                0x06025470                tomo_pal
                0x06025870                tomo_name
                0x0602587c                soon_pal
                0x060258bc                soon_name
                0x060258c6                soon_num
                0x060258c8                gamestar_pal
                0x06025908                gamestar_name
                0x06025916                gamestar_num
                0x06025918                chipgame_pal
                0x06025d18                chipgame_name
                0x06025d26                chipgame_num
                0x06025d28                game_tiles_pal
                0x06026128                game_tiles_name
                0x06026136                game_tiles_num
                0x06026138                menufont_pal
                0x06026178                menufont_name
                0x06026186                menufont_num
                0x06026188                chipframes_pal
                0x06026588                chipframes_name
                0x06026596                chipframes_num
                0x06026598                cyberblock_pal
                0x060265d8                cyberblock_name
                0x060265e6                cyberblock_num
                0x060265e8                metalorange_pal
                0x06026628                metalorange_name
                0x06026636                metalorange_num
                0x06026638                title_pal
                0x06026a38                title_name
                0x06026a42                title_num
                0x06026a44                stars_pal
                0x06026a84                stars_name
                0x06026a8e                stars_num
                0x06026a90                girl5_pal
                0x06026e90                girl5_name
                0x06026e9a                girl5_num
                0x06026e9c                girl4_pal
                0x0602729c                girl4_name
                0x060272a6                girl4_num
                0x060272a8                girl3_pal
                0x060276a8                girl3_name
                0x060276b2                girl3_num
                0x060276b4                girl2_pal
                0x06027ab4                girl2_name
                0x06027abe                girl2_num
                0x06027ac0                girl1_pal
                0x06027ec0                girl1_name
                0x06027eca                girl1_num
                0x06027ecc                roarframes_pal
                0x060282cc                roarframes_name
                0x060282da                roarframes_num
                0x060282dc                roarbg_pal
                0x060286dc                roarbg_name
                0x060286e8                roarbg_num
 *fill*         0x060286ea        0x2 
 .data          0x060286ec      0x14f intro.o
 .data          0x0602883b        0x0 laser.o
 *fill*         0x0602883b        0x1 
 .data          0x0602883c      0x11a level.o
                0x0602883c                level_lengths
                0x06028844                level_count
                0x06028848                level_blocks
                0x06028850                level1_blocks
                0x060288d4                level0_blocks
 .data          0x06028956        0x0 logo.o
 *fill*         0x06028956        0x2 
 .data          0x06028958        0x8 menu.o
                0x0602895c                cutscene
 .data          0x06028960        0x4 notice.o
                0x06028960                notice_text
 .data          0x06028964        0xc pcmsys.o
                0x06028964                master_volume
                0x06028968                scsp_load
                0x0602896c                m68k_com
 .data          0x06028970        0x0 print.o
 .data          0x06028970       0x50 scroll.o
                0x06028970                CycleTbBitmap
                0x06028980                CycleTbHiRes
                0x06028990                CycleTbLoRes
                0x060289a0                char_offsets
                0x060289b0                vram
 .data          0x060289c0        0x0 soon.o
 .data          0x060289c0        0x0 sound.o
 .data          0x060289c0       0x18 sprite.o
 .data          0x060289d8        0x0 main.o
 .data          0x060289d8        0x0 c:/saturn/sbl/segalib/lib/libsat.a(cdc_cmn.o)
 .data          0x060289d8        0x0 c:/saturn/sbl/segalib/lib/libsat.a(cdc_drv.o)
 .data          0x060289d8        0x0 c:/saturn/sbl/segalib/lib/libsat.a(dma_cpu1.o)
 .data          0x060289d8        0x0 c:/saturn/sbl/segalib/lib/libsat.a(dma_cpu2.o)
 .data          0x060289d8        0x0 c:/saturn/sbl/segalib/lib/libsat.a(dma_cpu5.o)
 .data          0x060289d8        0x0 c:/saturn/sbl/segalib/lib/libsat.a(gfs.o)
 .data          0x060289d8        0x0 c:/saturn/sbl/segalib/lib/libsat.a(gfs_buf.o)
 .data          0x060289d8        0x0 c:/saturn/sbl/segalib/lib/libsat.a(gfs_cdb.o)
 .data          0x060289d8        0x0 c:/saturn/sbl/segalib/lib/libsat.a(gfs_cdc.o)
 .data          0x060289d8        0x0 c:/saturn/sbl/segalib/lib/libsat.a(gfs_cdf.o)
 .data          0x060289d8        0x0 c:/saturn/sbl/segalib/lib/libsat.a(gfs_dir.o)
 .data          0x060289d8        0x0 c:/saturn/sbl/segalib/lib/libsat.a(gfs_trn.o)
 .data          0x060289d8        0x0 c:/saturn/sbl/segalib/lib/libsat.a(mth_rand.o)
 .data          0x060289d8        0x0 c:/saturn/sbl/segalib/lib/libsat.a(mth_fixd.o)
 .data          0x060289d8        0x0 c:/saturn/sbl/segalib/lib/libsat.a(mth_tri.o)
 .data          0x060289d8        0x3 c:/saturn/sbl/segalib/lib/libsat.a(per_prt.o)
 .data          0x060289db        0x0 c:/saturn/sbl/segalib/lib/libsat.a(spr_2c.o)
 *fill*         0x060289db        0x1 
 .data          0x060289dc        0x6 c:/saturn/sbl/segalib/lib/libsat.a(scl_func.o)
                0x060289dc                SclRotateTableMode
                0x060289de                SclDisplayY
                0x060289e0                SclDisplayX
 .data          0x060289e2        0x0 c:/saturn/sbl/segalib/lib/libsat.a(scl_fu01.o)
 .data          0x060289e2        0x0 c:/saturn/sbl/segalib/lib/libsat.a(scl_fu02.o)
 .data          0x060289e2        0x0 c:/saturn/sbl/segalib/lib/libsat.a(scl_fu03.o)
 .data          0x060289e2        0x0 c:/saturn/sbl/segalib/lib/libsat.a(scl_fu04.o)
 .data          0x060289e2        0x0 c:/saturn/sbl/segalib/lib/libsat.a(scl_fu05.o)
 *fill*         0x060289e2        0x2 
 .data          0x060289e4       0x18 c:/saturn/sbl/segalib/lib/libsat.a(scl_pri.o)
                0x060289e4                SclRealColOffset
                0x060289e8                SclRealBgColMix
                0x060289ec                SclRealSpColMix
                0x060289f0                SclRealBgPriNum
                0x060289f4                SclRealSpPriNum
                0x060289f8                SclRealOtherPri
 .data          0x060289fc        0x0 c:/saturn/sbl/segalib/lib/libsat.a(scl_ro00.o)
 .data          0x060289fc        0x0 c:/saturn/sbl/segalib/lib/libsat.a(scl_back.o)
 .data          0x060289fc        0x8 c:/saturn/sbl/segalib/lib/libsat.a(scl_vblv.o)
                0x060289fc                VBInterval
                0x06028a00                SpFrameEraseMode
 .data          0x06028a04        0x0 c:/saturn/sbl/segalib/lib/libsat.a(scl_pr01.o)
 .data          0x06028a04        0x0 c:/saturn/sbl/segalib/lib/libsat.a(scl_pr02.o)
 .data          0x06028a04        0x0 c:/saturn/sbl/segalib/lib/libsat.a(scl_pr03.o)
 .data          0x06028a04        0x0 c:/saturn/sbl/segalib/lib/libsat.a(scl_pr05.o)
 .data          0x06028a04        0x0 c:/saturn/sbl/segalib/lib/libsat.a(scl_pr06.o)
 .data          0x06028a04        0x0 c:/saturn/sbl/segalib/lib/libsat.a(scl_pr07.o)
 .data          0x06028a04        0x0 c:/saturn/sbl/segalib/lib/libsat.a(scl_pr09.o)
 .data          0x06028a04        0x0 c:/saturn/sbl/segalib/lib/libsat.a(scl_pr10.o)
 .data          0x06028a04        0x0 c:/saturn/sbl/segalib/lib/libsat.a(scl_pr11.o)
 .data          0x06028a04        0x0 c:/saturn/sbl/segalib/lib/libsat.a(scl_pr12.o)
 .data          0x06028a04        0x0 c:/saturn/sbl/segalib/lib/libsat.a(cdc_reg.o)
 .data          0x06028a04        0x0 c:/saturn/sbl/segalib/lib/libsat.a(cdc_sub.o)
 .data          0x06028a04        0x0 c:/saturn/sbl/segalib/lib/libsat.a(cdc_dev.o)
 .data          0x06028a04        0x0 c:/saturn/sbl/segalib/lib/libsat.a(cdc_sel.o)
 .data          0x06028a04        0x0 c:/saturn/sbl/segalib/lib/libsat.a(cdc_bif.o)
 .data          0x06028a04        0x0 c:/saturn/sbl/segalib/lib/libsat.a(cdc_bio.o)
 .data          0x06028a04        0x0 c:/saturn/sbl/segalib/lib/libsat.a(cdc_cfs.o)
 .data          0x06028a04        0x0 c:/saturn/sbl/segalib/lib/libsat.a(csh_main.o)
 .data          0x06028a04        0x0 c:/saturn/sbl/segalib/lib/libsat.a(dma_cpu0.o)
 .data          0x06028a04        0x0 c:/saturn/sbl/segalib/lib/libsat.a(dma_scu0.o)
 .data          0x06028a04        0x0 c:/saturn/sbl/segalib/lib/libsat.a(spr_1c.o)
 .data          0x06028a04        0x0 c:/saturn/sbl/segalib/lib/libsat.a(spr_2a.o)
 .data          0x06028a04        0x0 c:/saturn/gcc84/bin/../lib/gcc/sh-elf/8.4.0\libgcc.a(_ashiftrt.o)
 .data          0x06028a04        0x0 c:/saturn/gcc84/bin/../lib/gcc/sh-elf/8.4.0\libgcc.a(_ashiftrt_n.o)
 .data          0x06028a04        0x0 c:/saturn/gcc84/bin/../lib/gcc/sh-elf/8.4.0\libgcc.a(_ashiftlt.o)
 .data          0x06028a04        0x0 c:/saturn/gcc84/bin/../lib/gcc/sh-elf/8.4.0\libgcc.a(_movmem.o)
 .data          0x06028a04        0x0 c:/saturn/gcc84/bin/../lib/gcc/sh-elf/8.4.0\libgcc.a(_sdivsi3.o)
 .data          0x06028a04        0x0 c:/saturn/gcc84/bin/../lib/gcc/sh-elf/8.4.0\libgcc.a(_udivsi3.o)
 .data          0x06028a04        0x0 c:/saturn/gcc84/bin/../lib/gcc/sh-elf/8.4.0\libgcc.a(_mul_df.o)
 .data          0x06028a04        0x0 c:/saturn/gcc84/bin/../lib/gcc/sh-elf/8.4.0\libgcc.a(_si_to_df.o)
 .data          0x06028a04        0x0 c:/saturn/gcc84/bin/../lib/gcc/sh-elf/8.4.0\libgcc.a(_df_to_si.o)
 .data          0x06028a04        0x0 c:/saturn/gcc84/bin/../lib/gcc/sh-elf/8.4.0\libgcc.a(_thenan_df.o)
 .data          0x06028a04        0x0 c:/saturn/gcc84/bin/../lib/gcc/sh-elf/8.4.0\libgcc.a(_lshiftrt.o)
 .data          0x06028a04        0x0 c:/saturn/gcc84/bin/../lib/gcc/sh-elf/8.4.0\libgcc.a(_clzsi2.o)
 .data          0x06028a04        0x0 c:/saturn/gcc84/bin/../lib/gcc/sh-elf/8.4.0\libgcc.a(_pack_df.o)
 .data          0x06028a04        0x0 c:/saturn/gcc84/bin/../lib/gcc/sh-elf/8.4.0\libgcc.a(_unpack_df.o)
 .data          0x06028a04        0x0 c:/saturn/gcc84/bin/../lib/gcc/sh-elf/8.4.0\libgcc.a(_clz.o)
 .data          0x06028a04        0x0 c:/saturn/gcc84/bin/../lib/gcc/sh-elf/8.4.0/../../../../sh-elf/lib\libc.a(lib_a-memcmp.o)
 .data          0x06028a04        0x0 c:/saturn/gcc84/bin/../lib/gcc/sh-elf/8.4.0/../../../../sh-elf/lib\libc.a(lib_a-memcpy.o)
 .data          0x06028a04        0x0 c:/saturn/gcc84/bin/../lib/gcc/sh-elf/8.4.0/../../../../sh-elf/lib\libc.a(lib_a-memset.o)
 .data          0x06028a04        0x0 c:/saturn/gcc84/bin/../lib/gcc/sh-elf/8.4.0/../../../../sh-elf/lib\libc.a(lib_a-strcpy.o)
 .data          0x06028a04        0x0 c:/saturn/gcc84/bin/../lib/gcc/sh-elf/8.4.0/../../../../sh-elf/lib\libc.a(lib_a-strncmp.o)
 .data          0x06028a04        0x0 c:/saturn/gcc84/bin/../lib/gcc/sh-elf/8.4.0/../../../../sh-elf/lib\libc.a(lib_a-strncpy.o)
                0x06028a10                . = ALIGN (0x10)
 *fill*         0x06028a04        0xc 
                0x06028a10                _edata = ABSOLUTE (.)

.bss            0x06028a10     0xed30
                0x06028a10                _bss_start = .
 *(.bss)
 .bss           0x06028a10        0x0 entry.o
 .bss           0x06028a10        0x0 stack.o
 .bss           0x06028a10        0xc vblank.o
                0x06028a10                PadData2E
                0x06028a12                PadData2L
                0x06028a14                PadData2
                0x06028a16                PadData1E
                0x06028a18                PadData1L
                0x06028a1a                PadData1
 .bss           0x06028a1c        0x4 ball.o
 .bss           0x06028a20        0xc barrier.o
 .bss           0x06028a2c        0x8 capsule.o
 .bss           0x06028a34        0x0 cd.o
 .bss           0x06028a34        0x0 circle.o
 .bss           0x06028a34        0x0 crc.o
 .bss           0x06028a34        0x8 cutscene.o
 .bss           0x06028a3c        0x0 devcart.o
 .bss           0x06028a3c        0x0 explosion.o
 .bss           0x06028a3c       0x44 game.o
                0x06028a3c                illusion_cursor
                0x06028a40                illusion_charno
                0x06028a44                illusion
                0x06028a48                laser_max
                0x06028a4c                bit_right
                0x06028a50                bit_left
                0x06028a54                bit_ship
                0x06028a58                turbo
                0x06028a5c                powerup_cursor
                0x06028a60                score
 .bss           0x06028a80        0x0 graphics.o
 .bss           0x06028a80     0x19a8 intro.o
 .bss           0x0602a428        0x4 laser.o
 .bss           0x0602a42c     0x13a0 level.o
 .bss           0x0602b7cc       0x10 logo.o
 .bss           0x0602b7dc       0x58 menu.o
 .bss           0x0602b834        0x4 notice.o
                0x0602b834                notice_displayed
 .bss           0x0602b838        0x2 pcmsys.o
                0x0602b838                numberPCMs
 .bss           0x0602b83a        0x0 print.o
 *fill*         0x0602b83a        0x2 
 .bss           0x0602b83c        0x8 scroll.o
                0x0602b83c                bitmap
                0x0602b840                scroll_res
 .bss           0x0602b844        0x4 soon.o
                0x0602b844                soon_state
 .bss           0x0602b848        0x0 sound.o
 .bss           0x0602b848     0x12b4 sprite.o
                0x0602b848                num_sprites
 .bss           0x0602cafc        0x4 main.o
                0x0602cafc                frame
 .bss           0x0602cb00        0x0 c:/saturn/sbl/segalib/lib/libsat.a(cdc_cmn.o)
 .bss           0x0602cb00        0x0 c:/saturn/sbl/segalib/lib/libsat.a(cdc_drv.o)
 .bss           0x0602cb00        0x0 c:/saturn/sbl/segalib/lib/libsat.a(dma_cpu1.o)
 .bss           0x0602cb00        0x0 c:/saturn/sbl/segalib/lib/libsat.a(dma_cpu2.o)
 .bss           0x0602cb00        0x0 c:/saturn/sbl/segalib/lib/libsat.a(dma_cpu5.o)
 .bss           0x0602cb00        0x0 c:/saturn/sbl/segalib/lib/libsat.a(gfs.o)
 .bss           0x0602cb00        0x0 c:/saturn/sbl/segalib/lib/libsat.a(gfs_buf.o)
 .bss           0x0602cb00        0x0 c:/saturn/sbl/segalib/lib/libsat.a(gfs_cdb.o)
 .bss           0x0602cb00        0x0 c:/saturn/sbl/segalib/lib/libsat.a(gfs_cdc.o)
 .bss           0x0602cb00        0x0 c:/saturn/sbl/segalib/lib/libsat.a(gfs_cdf.o)
 .bss           0x0602cb00        0x0 c:/saturn/sbl/segalib/lib/libsat.a(gfs_dir.o)
 .bss           0x0602cb00        0xc c:/saturn/sbl/segalib/lib/libsat.a(gfs_trn.o)
 .bss           0x0602cb0c        0x4 c:/saturn/sbl/segalib/lib/libsat.a(mth_rand.o)
 .bss           0x0602cb10        0x0 c:/saturn/sbl/segalib/lib/libsat.a(mth_fixd.o)
 .bss           0x0602cb10        0x0 c:/saturn/sbl/segalib/lib/libsat.a(mth_tri.o)
 .bss           0x0602cb10       0x6b c:/saturn/sbl/segalib/lib/libsat.a(per_prt.o)
                0x0602cb10                per_hot_res
                0x0602cb11                per_time_out_flg
 *fill*         0x0602cb7b        0x1 
 .bss           0x0602cb7c       0x58 c:/saturn/sbl/segalib/lib/libsat.a(spr_2c.o)
 .bss           0x0602cbd4       0x10 c:/saturn/sbl/segalib/lib/libsat.a(scl_func.o)
                0x0602cbd4                SclProcess
                0x0602cbd8                SclCurSclNum
                0x0602cbdc                SclLengthCsTbl
                0x0602cbde                SclLengthLsTbl
 .bss           0x0602cbe4        0x0 c:/saturn/sbl/segalib/lib/libsat.a(scl_fu01.o)
 .bss           0x0602cbe4        0x0 c:/saturn/sbl/segalib/lib/libsat.a(scl_fu02.o)
 .bss           0x0602cbe4        0x0 c:/saturn/sbl/segalib/lib/libsat.a(scl_fu03.o)
 .bss           0x0602cbe4        0x0 c:/saturn/sbl/segalib/lib/libsat.a(scl_fu04.o)
 .bss           0x0602cbe4     0x1900 c:/saturn/sbl/segalib/lib/libsat.a(scl_fu05.o)
 .bss           0x0602e4e4        0x0 c:/saturn/sbl/segalib/lib/libsat.a(scl_pri.o)
 .bss           0x0602e4e4       0x48 c:/saturn/sbl/segalib/lib/libsat.a(scl_ro00.o)
 .bss           0x0602e52c        0x0 c:/saturn/sbl/segalib/lib/libsat.a(scl_back.o)
 .bss           0x0602e52c       0x12 c:/saturn/sbl/segalib/lib/libsat.a(scl_vblv.o)
                0x0602e52c                VBIntrDisableDepth
                0x0602e530                ReqDisplayFlag2
                0x0602e534                ReqDisplayFlag1
                0x0602e538                VBIntervalCounter
                0x0602e53c                SpFrameChgMode
 .bss           0x0602e53e        0x0 c:/saturn/sbl/segalib/lib/libsat.a(scl_pr01.o)
 .bss           0x0602e53e        0x0 c:/saturn/sbl/segalib/lib/libsat.a(scl_pr02.o)
 .bss           0x0602e53e        0x0 c:/saturn/sbl/segalib/lib/libsat.a(scl_pr03.o)
 .bss           0x0602e53e        0x0 c:/saturn/sbl/segalib/lib/libsat.a(scl_pr05.o)
 .bss           0x0602e53e        0x0 c:/saturn/sbl/segalib/lib/libsat.a(scl_pr06.o)
 .bss           0x0602e53e        0x0 c:/saturn/sbl/segalib/lib/libsat.a(scl_pr07.o)
 .bss           0x0602e53e        0x0 c:/saturn/sbl/segalib/lib/libsat.a(scl_pr09.o)
 .bss           0x0602e53e        0x0 c:/saturn/sbl/segalib/lib/libsat.a(scl_pr10.o)
 .bss           0x0602e53e        0x0 c:/saturn/sbl/segalib/lib/libsat.a(scl_pr11.o)
 .bss           0x0602e53e        0x0 c:/saturn/sbl/segalib/lib/libsat.a(scl_pr12.o)
 .bss           0x0602e53e        0x2 c:/saturn/sbl/segalib/lib/libsat.a(cdc_reg.o)
                0x0602e53e                hirq_flag
 .bss           0x0602e540        0x0 c:/saturn/sbl/segalib/lib/libsat.a(cdc_sub.o)
 .bss           0x0602e540        0x0 c:/saturn/sbl/segalib/lib/libsat.a(cdc_dev.o)
 .bss           0x0602e540        0x0 c:/saturn/sbl/segalib/lib/libsat.a(cdc_sel.o)
 .bss           0x0602e540        0x0 c:/saturn/sbl/segalib/lib/libsat.a(cdc_bif.o)
 .bss           0x0602e540        0x0 c:/saturn/sbl/segalib/lib/libsat.a(cdc_bio.o)
 .bss           0x0602e540        0x0 c:/saturn/sbl/segalib/lib/libsat.a(cdc_cfs.o)
 .bss           0x0602e540        0x0 c:/saturn/sbl/segalib/lib/libsat.a(csh_main.o)
 .bss           0x0602e540        0x0 c:/saturn/sbl/segalib/lib/libsat.a(dma_cpu0.o)
 .bss           0x0602e540       0x1c c:/saturn/sbl/segalib/lib/libsat.a(dma_scu0.o)
 .bss           0x0602e55c       0x10 c:/saturn/sbl/segalib/lib/libsat.a(spr_1c.o)
                0x0602e55c                SpInitialFlag
 .bss           0x0602e56c        0x0 c:/saturn/sbl/segalib/lib/libsat.a(spr_2a.o)
 .bss           0x0602e56c        0x0 c:/saturn/gcc84/bin/../lib/gcc/sh-elf/8.4.0\libgcc.a(_ashiftrt.o)
 .bss           0x0602e56c        0x0 c:/saturn/gcc84/bin/../lib/gcc/sh-elf/8.4.0\libgcc.a(_ashiftrt_n.o)
 .bss           0x0602e56c        0x0 c:/saturn/gcc84/bin/../lib/gcc/sh-elf/8.4.0\libgcc.a(_ashiftlt.o)
 .bss           0x0602e56c        0x0 c:/saturn/gcc84/bin/../lib/gcc/sh-elf/8.4.0\libgcc.a(_movmem.o)
 .bss           0x0602e56c        0x0 c:/saturn/gcc84/bin/../lib/gcc/sh-elf/8.4.0\libgcc.a(_sdivsi3.o)
 .bss           0x0602e56c        0x0 c:/saturn/gcc84/bin/../lib/gcc/sh-elf/8.4.0\libgcc.a(_udivsi3.o)
 .bss           0x0602e56c        0x0 c:/saturn/gcc84/bin/../lib/gcc/sh-elf/8.4.0\libgcc.a(_mul_df.o)
 .bss           0x0602e56c        0x0 c:/saturn/gcc84/bin/../lib/gcc/sh-elf/8.4.0\libgcc.a(_si_to_df.o)
 .bss           0x0602e56c        0x0 c:/saturn/gcc84/bin/../lib/gcc/sh-elf/8.4.0\libgcc.a(_df_to_si.o)
 .bss           0x0602e56c        0x0 c:/saturn/gcc84/bin/../lib/gcc/sh-elf/8.4.0\libgcc.a(_thenan_df.o)
 .bss           0x0602e56c        0x0 c:/saturn/gcc84/bin/../lib/gcc/sh-elf/8.4.0\libgcc.a(_lshiftrt.o)
 .bss           0x0602e56c        0x0 c:/saturn/gcc84/bin/../lib/gcc/sh-elf/8.4.0\libgcc.a(_clzsi2.o)
 .bss           0x0602e56c        0x0 c:/saturn/gcc84/bin/../lib/gcc/sh-elf/8.4.0\libgcc.a(_pack_df.o)
 .bss           0x0602e56c        0x0 c:/saturn/gcc84/bin/../lib/gcc/sh-elf/8.4.0\libgcc.a(_unpack_df.o)
 .bss           0x0602e56c        0x0 c:/saturn/gcc84/bin/../lib/gcc/sh-elf/8.4.0\libgcc.a(_clz.o)
 .bss           0x0602e56c        0x0 c:/saturn/gcc84/bin/../lib/gcc/sh-elf/8.4.0/../../../../sh-elf/lib\libc.a(lib_a-memcmp.o)
 .bss           0x0602e56c        0x0 c:/saturn/gcc84/bin/../lib/gcc/sh-elf/8.4.0/../../../../sh-elf/lib\libc.a(lib_a-memcpy.o)
 .bss           0x0602e56c        0x0 c:/saturn/gcc84/bin/../lib/gcc/sh-elf/8.4.0/../../../../sh-elf/lib\libc.a(lib_a-memset.o)
 .bss           0x0602e56c        0x0 c:/saturn/gcc84/bin/../lib/gcc/sh-elf/8.4.0/../../../../sh-elf/lib\libc.a(lib_a-strcpy.o)
 .bss           0x0602e56c        0x0 c:/saturn/gcc84/bin/../lib/gcc/sh-elf/8.4.0/../../../../sh-elf/lib\libc.a(lib_a-strncmp.o)
 .bss           0x0602e56c        0x0 c:/saturn/gcc84/bin/../lib/gcc/sh-elf/8.4.0/../../../../sh-elf/lib\libc.a(lib_a-strncpy.o)
 *(COMMON)
 COMMON         0x0602e56c       0x24 vblank.o
                0x0602e56c                VblankFlg
                0x0602e570                PadWorkArea
                0x0602e58c                perFlag
 COMMON         0x0602e590      0x1e8 ball.o
                0x0602e590                ball_sprites
                0x0602e770                ball_count
                0x0602e774                ball_mode
 COMMON         0x0602e778        0x4 barrier.o
                0x0602e778                barrier_life
 COMMON         0x0602e77c       0xa0 capsule.o
                0x0602e77c                capsules
 COMMON         0x0602e81c     0x1674 cd.o
                0x0602e81c                dirname
                0x0602f17c                lib_work
                0x0602fe84                directory_table
 COMMON         0x0602fe90       0x40 circle.o
                0x0602fe90                circle_sprites
                0x0602fec8                circle_charno
                0x0602fecc                circle_cursor
 COMMON         0x0602fed0     0x19b4 game.o
                0x0602fed0                laser_charno
                0x0602fed4                ship_sprite
                0x0602feec                explosion_charno
                0x0602fef0                gameover_line
                0x06031800                curr_level
                0x06031804                capsule_charno
                0x06031808                bit_charno
                0x0603180c                block_charno
                0x06031810                ship_left
                0x06031814                ship_right
                0x06031818                ball_charno
                0x0603181c                illusion_arr
                0x0603187c                barrier_charno
                0x06031880                gameover_angle
 COMMON         0x06031884       0xc4 laser.o
                0x06031884                laser_count
                0x06031888                laser_sprites
 COMMON         0x06031948        0x4 level.o
                0x06031948                level_blocksleft
 COMMON         0x0603194c     0x14a0 print.o
                0x0603194c                text
 COMMON         0x06032dec      0x130 scroll.o
                0x06032dec                scfg
 COMMON         0x06032f1c        0x4 soon.o
                0x06032f1c                soon_scroll
 COMMON         0x06032f20     0x3180 sprite.o
                0x06032f20                sprites
                0x060340a0                sprite_buf
 COMMON         0x060360a0       0x4c main.o
                0x060360a0                off_config
 COMMON         0x060360ec        0x8 c:/saturn/sbl/segalib/lib/libsat.a(dma_cpu5.o)
                0x060360ec                dma_cpu_cnt
                0x060360f0                dma_cpu_dis_adr
 COMMON         0x060360f4        0xc c:/saturn/sbl/segalib/lib/libsat.a(gfs.o)
                0x060360f4                GFMC_base
                0x060360f8                gfs_mng_ptr
                0x060360fc                bobtest
 COMMON         0x06036100        0x4 c:/saturn/sbl/segalib/lib/libsat.a(gfs_cdc.o)
                0x06036100                gfcd_work
 COMMON         0x06036104       0x14 c:/saturn/sbl/segalib/lib/libsat.a(per_prt.o)
                0x06036104                per_set_sys_flg
                0x06036108                per_get_time_adr
                0x0603610c                per_get_sys_data
 COMMON         0x06036118       0x3c c:/saturn/sbl/segalib/lib/libsat.a(spr_2c.o)
                0x06036118                SpCmdChain
                0x0603611c                Sp2OpenFlag
                0x06036120                SpCmdChainBlkNo
                0x06036124                SpDrawPrtyBlk
                0x06036128                SpLCoordX
                0x0603612c                SpCrCmdChain
                0x06036130                SpCmdTbl
                0x06036134                SpCharMax
                0x06036138                SpDrawPrtyProcFlag
                0x0603613c                SpCmdNo
                0x06036140                SpDrawPrtyBlkMax
                0x06036144                SpCharTbl
                0x06036148                SpCmdTblR
                0x0603614c                SpDrawPrtyTopCmdNo
                0x06036150                SpLCoordY
 COMMON         0x06036154      0xf10 c:/saturn/sbl/segalib/lib/libsat.a(scl_func.o)
                0x06036154                SclRbgKtbAddr
                0x0603615c                SclRb
                0x0603615e                SclK_TableBuff
                0x06036e30                SclRotregBuff
                0x06036f30                SclAddrCsTbl
                0x06036f38                Scl_s_reg
                0x06036f60                SclRotateXy
                0x06036f68                Scl_d_reg
                0x06036fb0                SclRotateDisp
                0x06036fb8                SclRotateMoveZ
                0x06036fc0                SclRotXySw
                0x06036fc4                Scl_r_reg
                0x06036fd4                SclRPMD
                0x06036fd8                SclRbgKtbOffset
                0x06036fe0                SclRa
                0x06036fe4                SclRotateZ
                0x06036fec                SclAddrLsTbl
                0x06036ff4                SclK_TableNum
                0x06036ffc                SclRotateTableAddress
                0x06037000                SclK_TableFlag
                0x06037004                Scl_w_reg
                0x06037024                Scl_n_reg
 COMMON         0x06037064      0x69e c:/saturn/sbl/segalib/lib/libsat.a(scl_pri.o)
                0x06037064                SclAutoEndBlue2
                0x06037066                SclColOffset
                0x06037078                SclPriBuffDirty
                0x0603707c                SclAutoEndRed
                0x06037080                SclAutoSurface
                0x06037084                SclAutoGreen
                0x06037086                SclAutoEndGreen
                0x06037088                SclAutoCount
                0x0603708c                SclColRamAlloc256
                0x060370ac                SclAutoCurRate
                0x060370ad                SclAutoPlusFlag
                0x060370ae                SclSpColMix
                0x060370b8                SclAutoMax
                0x060370bc                SclLineColRamOffset
                0x060370c0                SclColRamAlloc2048
                0x060370c4                SclBgPriNum
                0x060370ca                SclAutoEndBlue
                0x060370cc                SclAutoEndGreen2
                0x060370ce                SclAutoVeFlag
                0x060370d0                SclBgColMix
                0x060370d8                SclAutoIndex
                0x060370dc                SclAutoEndRate
                0x060370de                SclAutoBlue
                0x060370e0                SclAutoRed
                0x060370e4                SclAutoInterval
                0x060370e8                SclOtherPri
                0x060370f8                SclAutoRGB
                0x060376f8                SclAutoEndRed2
                0x060376fa                SclSpPriNum
 *fill*         0x06037702        0x2 
 COMMON         0x06037704       0x10 c:/saturn/sbl/segalib/lib/libsat.a(scl_ro00.o)
                0x06037704                SclCsx
                0x0603770c                SclCsy
 COMMON         0x06037714        0x4 c:/saturn/sbl/segalib/lib/libsat.a(scl_vblv.o)
                0x06037714                frameChgFlag
 COMMON         0x06037718        0xc c:/saturn/sbl/segalib/lib/libsat.a(cdc_sub.o)
                0x06037718                cd_stat
 COMMON         0x06037724       0x10 c:/saturn/sbl/segalib/lib/libsat.a(spr_1c.o)
                0x06037724                SpScreenY
                0x06037728                SpFbcrMode
                0x0603772a                SpDil
                0x0603772c                SpDie
                0x0603772e                SpTvMode
                0x06037730                SpScreenX
                0x06037734                _bss_end = .
                0x06037740                . = ALIGN (0x10)
 *fill*         0x06037734        0xc 
                0x06037740                _end = ABSOLUTE (.)

.stack          0x06037740     0x2000
 *(.stack)
 .stack         0x06037740     0x2000 stack.o
                0x06037740                PROG_STK
                0x06039740                _stack = .
OUTPUT(main.elf elf32-sh)

.debug_info     0x00000000    0x24373
 .debug_info    0x00000000      0xd8f vblank.o
 .debug_info    0x00000d8f      0x89a ball.o
 .debug_info    0x00001629      0x503 barrier.o
 .debug_info    0x00001b2c      0xd09 capsule.o
 .debug_info    0x00002835      0x915 cd.o
 .debug_info    0x0000314a      0x716 circle.o
 .debug_info    0x00003860      0x9c5 crc.o
 .debug_info    0x00004225     0x163f cutscene.o
 .debug_info    0x00005864      0xcec devcart.o
 .debug_info    0x00006550      0xb3b explosion.o
 .debug_info    0x0000708b     0x37ba game.o
 .debug_info    0x0000a845      0xd6d graphics.o
 .debug_info    0x0000b5b2     0x3096 intro.o
 .debug_info    0x0000e648      0x3b6 laser.o
 .debug_info    0x0000e9fe     0x10ea level.o
 .debug_info    0x0000fae8     0x17d8 logo.o
 .debug_info    0x000112c0     0x2452 menu.o
 .debug_info    0x00013712     0x1d3f notice.o
 .debug_info    0x00015451      0x768 pcmsys.o
 .debug_info    0x00015bb9     0x150b print.o
 .debug_info    0x000170c4     0x2774 scroll.o
 .debug_info    0x00019838     0x1e14 soon.o
 .debug_info    0x0001b64c      0x5be sound.o
 .debug_info    0x0001bc0a     0x25c5 sprite.o
 .debug_info    0x0001e1cf     0x215b main.o
 .debug_info    0x0002032a      0x6e9 c:/saturn/gcc84/bin/../lib/gcc/sh-elf/8.4.0\libgcc.a(_mul_df.o)
 .debug_info    0x00020a13      0x494 c:/saturn/gcc84/bin/../lib/gcc/sh-elf/8.4.0\libgcc.a(_si_to_df.o)
 .debug_info    0x00020ea7      0x4ce c:/saturn/gcc84/bin/../lib/gcc/sh-elf/8.4.0\libgcc.a(_df_to_si.o)
 .debug_info    0x00021375      0x391 c:/saturn/gcc84/bin/../lib/gcc/sh-elf/8.4.0\libgcc.a(_thenan_df.o)
 .debug_info    0x00021706      0x3da c:/saturn/gcc84/bin/../lib/gcc/sh-elf/8.4.0\libgcc.a(_clzsi2.o)
 .debug_info    0x00021ae0      0x4d4 c:/saturn/gcc84/bin/../lib/gcc/sh-elf/8.4.0\libgcc.a(_pack_df.o)
 .debug_info    0x00021fb4      0x45d c:/saturn/gcc84/bin/../lib/gcc/sh-elf/8.4.0\libgcc.a(_unpack_df.o)
 .debug_info    0x00022411      0x371 c:/saturn/gcc84/bin/../lib/gcc/sh-elf/8.4.0\libgcc.a(_clz.o)
 .debug_info    0x00022782      0x95d c:/saturn/gcc84/bin/../lib/gcc/sh-elf/8.4.0/../../../../sh-elf/lib\libc.a(lib_a-memcmp.o)
 .debug_info    0x000230df      0x934 c:/saturn/gcc84/bin/../lib/gcc/sh-elf/8.4.0/../../../../sh-elf/lib\libc.a(lib_a-strncmp.o)
 .debug_info    0x00023a13      0x960 c:/saturn/gcc84/bin/../lib/gcc/sh-elf/8.4.0/../../../../sh-elf/lib\libc.a(lib_a-strncpy.o)

.debug_abbrev   0x00000000     0x5591
 .debug_abbrev  0x00000000      0x1f7 vblank.o
 .debug_abbrev  0x000001f7      0x2b9 ball.o
 .debug_abbrev  0x000004b0      0x1a1 barrier.o
 .debug_abbrev  0x00000651      0x20a capsule.o
 .debug_abbrev  0x0000085b      0x240 cd.o
 .debug_abbrev  0x00000a9b      0x283 circle.o
 .debug_abbrev  0x00000d1e      0x217 crc.o
 .debug_abbrev  0x00000f35      0x29d cutscene.o
 .debug_abbrev  0x000011d2      0x3bf devcart.o
 .debug_abbrev  0x00001591      0x19b explosion.o
 .debug_abbrev  0x0000172c      0x41c game.o
 .debug_abbrev  0x00001b48       0x5a graphics.o
 .debug_abbrev  0x00001ba2      0x45b intro.o
 .debug_abbrev  0x00001ffd      0x185 laser.o
 .debug_abbrev  0x00002182      0x372 level.o
 .debug_abbrev  0x000024f4      0x29d logo.o
 .debug_abbrev  0x00002791      0x3d8 menu.o
 .debug_abbrev  0x00002b69      0x33f notice.o
 .debug_abbrev  0x00002ea8      0x2f4 pcmsys.o
 .debug_abbrev  0x0000319c      0x21b print.o
 .debug_abbrev  0x000033b7      0x33f scroll.o
 .debug_abbrev  0x000036f6      0x35a soon.o
 .debug_abbrev  0x00003a50      0x227 sound.o
 .debug_abbrev  0x00003c77      0x3f9 sprite.o
 .debug_abbrev  0x00004070      0x2e8 main.o
 .debug_abbrev  0x00004358      0x27c c:/saturn/gcc84/bin/../lib/gcc/sh-elf/8.4.0\libgcc.a(_mul_df.o)
 .debug_abbrev  0x000045d4      0x1fb c:/saturn/gcc84/bin/../lib/gcc/sh-elf/8.4.0\libgcc.a(_si_to_df.o)
 .debug_abbrev  0x000047cf      0x1bb c:/saturn/gcc84/bin/../lib/gcc/sh-elf/8.4.0\libgcc.a(_df_to_si.o)
 .debug_abbrev  0x0000498a      0x11c c:/saturn/gcc84/bin/../lib/gcc/sh-elf/8.4.0\libgcc.a(_thenan_df.o)
 .debug_abbrev  0x00004aa6      0x118 c:/saturn/gcc84/bin/../lib/gcc/sh-elf/8.4.0\libgcc.a(_clzsi2.o)
 .debug_abbrev  0x00004bbe      0x1cb c:/saturn/gcc84/bin/../lib/gcc/sh-elf/8.4.0\libgcc.a(_pack_df.o)
 .debug_abbrev  0x00004d89      0x18b c:/saturn/gcc84/bin/../lib/gcc/sh-elf/8.4.0\libgcc.a(_unpack_df.o)
 .debug_abbrev  0x00004f14       0xcf c:/saturn/gcc84/bin/../lib/gcc/sh-elf/8.4.0\libgcc.a(_clz.o)
 .debug_abbrev  0x00004fe3      0x1e7 c:/saturn/gcc84/bin/../lib/gcc/sh-elf/8.4.0/../../../../sh-elf/lib\libc.a(lib_a-memcmp.o)
 .debug_abbrev  0x000051ca      0x1cf c:/saturn/gcc84/bin/../lib/gcc/sh-elf/8.4.0/../../../../sh-elf/lib\libc.a(lib_a-strncmp.o)
 .debug_abbrev  0x00005399      0x1f8 c:/saturn/gcc84/bin/../lib/gcc/sh-elf/8.4.0/../../../../sh-elf/lib\libc.a(lib_a-strncpy.o)

.debug_aranges  0x00000000      0x468
 .debug_aranges
                0x00000000       0x20 vblank.o
 .debug_aranges
                0x00000020       0x20 ball.o
 .debug_aranges
                0x00000040       0x20 barrier.o
 .debug_aranges
                0x00000060       0x20 capsule.o
 .debug_aranges
                0x00000080       0x20 cd.o
 .debug_aranges
                0x000000a0       0x20 circle.o
 .debug_aranges
                0x000000c0       0x20 crc.o
 .debug_aranges
                0x000000e0       0x20 cutscene.o
 .debug_aranges
                0x00000100       0x20 devcart.o
 .debug_aranges
                0x00000120       0x20 explosion.o
 .debug_aranges
                0x00000140       0x20 game.o
 .debug_aranges
                0x00000160       0x18 graphics.o
 .debug_aranges
                0x00000178       0x20 intro.o
 .debug_aranges
                0x00000198       0x20 laser.o
 .debug_aranges
                0x000001b8       0x20 level.o
 .debug_aranges
                0x000001d8       0x20 logo.o
 .debug_aranges
                0x000001f8       0x20 menu.o
 .debug_aranges
                0x00000218       0x20 notice.o
 .debug_aranges
                0x00000238       0x20 pcmsys.o
 .debug_aranges
                0x00000258       0x20 print.o
 .debug_aranges
                0x00000278       0x20 scroll.o
 .debug_aranges
                0x00000298       0x20 soon.o
 .debug_aranges
                0x000002b8       0x20 sound.o
 .debug_aranges
                0x000002d8       0x20 sprite.o
 .debug_aranges
                0x000002f8       0x20 main.o
 .debug_aranges
                0x00000318       0x20 c:/saturn/gcc84/bin/../lib/gcc/sh-elf/8.4.0\libgcc.a(_mul_df.o)
 .debug_aranges
                0x00000338       0x20 c:/saturn/gcc84/bin/../lib/gcc/sh-elf/8.4.0\libgcc.a(_si_to_df.o)
 .debug_aranges
                0x00000358       0x20 c:/saturn/gcc84/bin/../lib/gcc/sh-elf/8.4.0\libgcc.a(_df_to_si.o)
 .debug_aranges
                0x00000378       0x18 c:/saturn/gcc84/bin/../lib/gcc/sh-elf/8.4.0\libgcc.a(_thenan_df.o)
 .debug_aranges
                0x00000390       0x20 c:/saturn/gcc84/bin/../lib/gcc/sh-elf/8.4.0\libgcc.a(_clzsi2.o)
 .debug_aranges
                0x000003b0       0x20 c:/saturn/gcc84/bin/../lib/gcc/sh-elf/8.4.0\libgcc.a(_pack_df.o)
 .debug_aranges
                0x000003d0       0x20 c:/saturn/gcc84/bin/../lib/gcc/sh-elf/8.4.0\libgcc.a(_unpack_df.o)
 .debug_aranges
                0x000003f0       0x18 c:/saturn/gcc84/bin/../lib/gcc/sh-elf/8.4.0\libgcc.a(_clz.o)
 .debug_aranges
                0x00000408       0x20 c:/saturn/gcc84/bin/../lib/gcc/sh-elf/8.4.0/../../../../sh-elf/lib\libc.a(lib_a-memcmp.o)
 .debug_aranges
                0x00000428       0x20 c:/saturn/gcc84/bin/../lib/gcc/sh-elf/8.4.0/../../../../sh-elf/lib\libc.a(lib_a-strncmp.o)
 .debug_aranges
                0x00000448       0x20 c:/saturn/gcc84/bin/../lib/gcc/sh-elf/8.4.0/../../../../sh-elf/lib\libc.a(lib_a-strncpy.o)

.debug_line     0x00000000     0x92fa
 .debug_line    0x00000000      0x185 vblank.o
 .debug_line    0x00000185      0x542 ball.o
 .debug_line    0x000006c7      0x233 barrier.o
 .debug_line    0x000008fa      0x2b3 capsule.o
 .debug_line    0x00000bad      0x141 cd.o
 .debug_line    0x00000cee      0x470 circle.o
 .debug_line    0x0000115e      0x111 crc.o
 .debug_line    0x0000126f      0x29b cutscene.o
 .debug_line    0x0000150a      0x3c3 devcart.o
 .debug_line    0x000018cd      0x10f explosion.o
 .debug_line    0x000019dc     0x186c game.o
 .debug_line    0x00003248      0x288 graphics.o
 .debug_line    0x000034d0      0xed4 intro.o
 .debug_line    0x000043a4      0x1c0 laser.o
 .debug_line    0x00004564      0xa5d level.o
 .debug_line    0x00004fc1      0x47e logo.o
 .debug_line    0x0000543f      0xadc menu.o
 .debug_line    0x00005f1b      0x2ab notice.o
 .debug_line    0x000061c6      0x6d9 pcmsys.o
 .debug_line    0x0000689f      0x2f4 print.o
 .debug_line    0x00006b93      0x5ff scroll.o
 .debug_line    0x00007192      0x246 soon.o
 .debug_line    0x000073d8      0x248 sound.o
 .debug_line    0x00007620      0x70d sprite.o
 .debug_line    0x00007d2d      0x332 main.o
 .debug_line    0x0000805f      0x358 c:/saturn/gcc84/bin/../lib/gcc/sh-elf/8.4.0\libgcc.a(_mul_df.o)
 .debug_line    0x000083b7      0x1a1 c:/saturn/gcc84/bin/../lib/gcc/sh-elf/8.4.0\libgcc.a(_si_to_df.o)
 .debug_line    0x00008558      0x159 c:/saturn/gcc84/bin/../lib/gcc/sh-elf/8.4.0\libgcc.a(_df_to_si.o)
 .debug_line    0x000086b1       0xb6 c:/saturn/gcc84/bin/../lib/gcc/sh-elf/8.4.0\libgcc.a(_thenan_df.o)
 .debug_line    0x00008767      0x14e c:/saturn/gcc84/bin/../lib/gcc/sh-elf/8.4.0\libgcc.a(_clzsi2.o)
 .debug_line    0x000088b5      0x29e c:/saturn/gcc84/bin/../lib/gcc/sh-elf/8.4.0\libgcc.a(_pack_df.o)
 .debug_line    0x00008b53      0x1ad c:/saturn/gcc84/bin/../lib/gcc/sh-elf/8.4.0\libgcc.a(_unpack_df.o)
 .debug_line    0x00008d00       0xf4 c:/saturn/gcc84/bin/../lib/gcc/sh-elf/8.4.0\libgcc.a(_clz.o)
 .debug_line    0x00008df4      0x1a0 c:/saturn/gcc84/bin/../lib/gcc/sh-elf/8.4.0/../../../../sh-elf/lib\libc.a(lib_a-memcmp.o)
 .debug_line    0x00008f94      0x1ae c:/saturn/gcc84/bin/../lib/gcc/sh-elf/8.4.0/../../../../sh-elf/lib\libc.a(lib_a-strncmp.o)
 .debug_line    0x00009142      0x1b8 c:/saturn/gcc84/bin/../lib/gcc/sh-elf/8.4.0/../../../../sh-elf/lib\libc.a(lib_a-strncpy.o)

.debug_str      0x00000000     0x3d87
 .debug_str     0x00000000      0x8f6 vblank.o
                                0x96d (size before relaxing)
 .debug_str     0x000008f6      0x2c4 ball.o
                                0x44d (size before relaxing)
 .debug_str     0x00000bba       0x81 barrier.o
                                0x319 (size before relaxing)
 .debug_str     0x00000c3b      0x91a capsule.o
                                0xb24 (size before relaxing)
 .debug_str     0x00001555      0x262 cd.o
                                0x34f (size before relaxing)
 .debug_str     0x000017b7       0xb9 circle.o
                                0x353 (size before relaxing)
 .debug_str     0x00001870      0x417 crc.o
                                0x4ed (size before relaxing)
 .debug_str     0x00001c87      0x17c cutscene.o
                               0x11d5 (size before relaxing)
 .debug_str     0x00001e03       0xf5 devcart.o
                                0x658 (size before relaxing)
 .debug_str     0x00001ef8       0x4e explosion.o
                                0xa75 (size before relaxing)
 .debug_str     0x00001f46      0x62c game.o
                               0x1b4c (size before relaxing)
 .debug_str     0x00002572        0xb graphics.o
                                0x979 (size before relaxing)
 .debug_str     0x0000257d      0x37b intro.o
                               0x1b37 (size before relaxing)
 .debug_str     0x000028f8       0x22 laser.o
                                0x201 (size before relaxing)
 .debug_str     0x0000291a      0x1a9 level.o
                                0x560 (size before relaxing)
 .debug_str     0x00002ac3       0x9f logo.o
                               0x12d6 (size before relaxing)
 .debug_str     0x00002b62      0x1d2 menu.o
                               0x1697 (size before relaxing)
 .debug_str     0x00002d34       0x65 notice.o
                               0x151d (size before relaxing)
 .debug_str     0x00002d99      0x13e pcmsys.o
                                0x2f7 (size before relaxing)
 .debug_str     0x00002ed7       0x3e print.o
                               0x1163 (size before relaxing)
 .debug_str     0x00002f15      0x20a scroll.o
                               0x17cd (size before relaxing)
 .debug_str     0x0000311f       0x72 soon.o
                               0x15cb (size before relaxing)
 .debug_str     0x00003191       0xd4 sound.o
                                0x299 (size before relaxing)
 .debug_str     0x00003265      0x1ce sprite.o
                               0x182f (size before relaxing)
 .debug_str     0x00003433      0x192 main.o
                               0x1863 (size before relaxing)
 .debug_str     0x000035c5      0x547 c:/saturn/gcc84/bin/../lib/gcc/sh-elf/8.4.0\libgcc.a(_mul_df.o)
                                0x5fa (size before relaxing)
 .debug_str     0x00003b0c       0x27 c:/saturn/gcc84/bin/../lib/gcc/sh-elf/8.4.0\libgcc.a(_si_to_df.o)
                                0x592 (size before relaxing)
 .debug_str     0x00003b33        0xa c:/saturn/gcc84/bin/../lib/gcc/sh-elf/8.4.0\libgcc.a(_df_to_si.o)
                                0x5af (size before relaxing)
 .debug_str     0x00003b3d      0x545 c:/saturn/gcc84/bin/../lib/gcc/sh-elf/8.4.0\libgcc.a(_thenan_df.o)
 .debug_str     0x00003b3d       0xbb c:/saturn/gcc84/bin/../lib/gcc/sh-elf/8.4.0\libgcc.a(_clzsi2.o)
                                0x555 (size before relaxing)
 .debug_str     0x00003bf8        0x7 c:/saturn/gcc84/bin/../lib/gcc/sh-elf/8.4.0\libgcc.a(_pack_df.o)
                                0x5a3 (size before relaxing)