Archive member included because of file (symbol)

../sbl6/segalib/lib/sega_int.a(int.o)
                              vblank.o (INT_SetScuFunc)
../sbl6/segalib/lib/sega_int.a(int_trmp.o)
                              ../sbl6/segalib/lib/sega_int.a(int.o) (__interrupt_handler0)
../sbl6/segalib/lib/sega_spr.a(spr_2c.o)
                              sprite.o (SPR_2Initial)
../sbl6/segalib/lib/sega_spr.a(spr_slv.o)
                              ../sbl6/segalib/lib/sega_spr.a(spr_2c.o) (SPR_InitSlaveSH)
../sbl6/segalib/lib/sega_spr.a(spr_1c.o)
                              ../sbl6/segalib/lib/sega_spr.a(spr_2c.o) (SPR_Initial)
../sbl6/segalib/lib/sega_spr.a(spr_2a.o)
                              ../sbl6/segalib/lib/sega_spr.a(spr_2c.o) (SPR_2SetDrawPrty)
../sbl6/segalib/lib/sega_scl.a(scl_vblv.o)
                              ../sbl6/segalib/lib/sega_spr.a(spr_1c.o) (SpFrameChgMode)
../sbl6/segalib/lib/sega_scl.a(scl_pri.o)
                              intro.o (SCL_SetColMixRate)
../sbl6/segalib/lib/sega_scl.a(scl_pr02.o)
                              intro.o (SCL_SetColRam)
../sbl6/segalib/lib/sega_scl.a(scl_pr10.o)
                              intro.o (SCL_SetAutoColMix)
../sbl6/segalib/lib/sega_scl.a(scl_pr12.o)
                              logo.o (SCL_SetColOffset)
../sbl6/segalib/lib/sega_scl.a(scl_pr11.o)
                              logo.o (SCL_SetAutoColOffset)
../sbl6/segalib/lib/sega_scl.a(scl_fu01.o)
                              scroll.o (SCL_SetDisplayMode)
../sbl6/segalib/lib/sega_scl.a(scl_fu04.o)
                              scroll.o (SCL_SetCycleTable)
../sbl6/segalib/lib/sega_scl.a(scl_func.o)
                              ../sbl6/segalib/lib/sega_scl.a(scl_fu01.o) (SclProcess)
../sbl6/segalib/lib/sega_scl.a(scl_pr03.o)
                              scroll.o (SCL_AllocColRam)
../sbl6/segalib/lib/sega_scl.a(scl_back.o)
                              scroll.o (SCL_SetBack)
../sbl6/segalib/lib/sega_scl.a(scl_fu03.o)
                              scroll.o (SCL_InitConfigTb)
../sbl6/segalib/lib/sega_scl.a(scl_fu02.o)
                              scroll.o (SCL_InitVramConfigTb)
../sbl6/segalib/lib/sega_scl.a(scl_pr07.o)
                              scroll.o (SCL_SetPriority)
../sbl6/segalib/lib/sega_scl.a(scl_pr01.o)
                              main.o (SCL_SetSpriteMode)
../sbl6/segalib/lib/sega_scl.a(scl_pr05.o)
                              ../sbl6/segalib/lib/sega_scl.a(scl_pr02.o) (SCL_GetColRamOffset)
../sbl6/segalib/lib/sega_scl.a(scl_ro00.o)
                              ../sbl6/segalib/lib/sega_scl.a(scl_func.o) (SCL_Rotate)
../sbl6/segalib/lib/sega_scl.a(scl_pr06.o)
                              ../sbl6/segalib/lib/sega_scl.a(scl_pr03.o) (SCL_SetColRamOffset)
../sbl6/segalib/lib/sega_mth.a(mth_tri.o)
                              intro.o (MTH_Sin)
../sbl6/segalib/lib/sega_mth.a(mth_fixd.o)
                              intro.o (MTH_Mul)
../sbl6/segalib/lib/sega_cdc.a(cdc_drv.o)
                              sound.o (CDC_CdPlay)
../sbl6/segalib/lib/sega_cdc.a(cdc_cmn.o)
                              main.o (CDC_GetPeriStat)
../sbl6/segalib/lib/sega_cdc.a(cdc_sub.o)
                              ../sbl6/segalib/lib/sega_cdc.a(cdc_cmn.o) (CDSUB_UpdStatus)
../sbl6/segalib/lib/sega_cdc.a(cdc_reg.o)
                              ../sbl6/segalib/lib/sega_cdc.a(cdc_cmn.o) (CDREG_ClrHirqReq)
../sbl6/segalib/lib/sega_per.a(per_prt.o)
                              ../sbl6/segasmp/per/smpclib/per_x2.o (PER_LInit)
../sbl6/segalib/lib/sega_sat.a(gfs.o)
                              cd.o (GFS_Init)
../sbl6/segalib/lib/sega_sat.a(DMA_CPU1.o)
                              intro.o (DMA_CpuMemCopy1)
../sbl6/segalib/lib/sega_sat.a(DMA_CPU2.o)
                              intro.o (DMA_CpuMemCopy2)
../sbl6/segalib/lib/sega_sat.a(DMA_CPU5.o)
                              pcmsys.o (DMA_CpuResult)
../sbl6/segalib/lib/sega_sat.a(DMA_SCU1.o)
                              ../sbl6/segalib/lib/sega_spr.a(spr_2c.o) (DMA_ScuMemCopy)
../sbl6/segalib/lib/sega_sat.a(gfs_cdf.o)
                              ../sbl6/segalib/lib/sega_sat.a(gfs.o) (GFCF_Init)
../sbl6/segalib/lib/sega_sat.a(gfs_dir.o)
                              ../sbl6/segalib/lib/sega_sat.a(gfs.o) (GFDR_SetupDirTbl)
../sbl6/segalib/lib/sega_sat.a(gfs_trn.o)
                              ../sbl6/segalib/lib/sega_sat.a(gfs.o) (GFTR_Setup)
../sbl6/segalib/lib/sega_sat.a(gfs_buf.o)
                              ../sbl6/segalib/lib/sega_sat.a(gfs.o) (GFBF_GetNumData)
../sbl6/segalib/lib/sega_sat.a(gfs_cdb.o)
                              ../sbl6/segalib/lib/sega_sat.a(gfs_cdf.o) (GFCB_Setup)
../sbl6/segalib/lib/sega_sat.a(gfs_cdc.o)
                              ../sbl6/segalib/lib/sega_sat.a(gfs.o) (GFCD_SetCdbfs)
../sbl6/segalib/lib/sega_sat.a(DMA_CPU0.o)
                              ../sbl6/segalib/lib/sega_sat.a(DMA_CPU1.o) (DMA_CpuSetComPrm)
../sbl6/segalib/lib/sega_sat.a(csh_main.o)
[...]
Memory Configuration

Name             Origin             Length             Attributes
*default*        0x00000000         0xffffffff

Linker script and memory map

LOAD ../sbl6/segasmp/lib/strt1_g.o
LOAD ../sbl6/segasmp/lib/strt2_g.o
LOAD vblank.o
LOAD ../sbl6/segasmp/per/smpclib/per_x1.o
LOAD ../sbl6/segasmp/per/smpclib/per_x2.o
LOAD ../sbl6/segasmp/per/smpclib/per_x3.o
LOAD cd.o
LOAD graphics.o
LOAD intro.o
LOAD logo.o
LOAD pcmsys.o
LOAD print.o
LOAD scroll.o
LOAD sound.o
LOAD sprite.o
LOAD main.o
LOAD ../sbl6/segalib/lib/sega_int.a
LOAD ../sbl6/segalib/lib/sega_spr.a
LOAD ../sbl6/segalib/lib/sega_scl.a
LOAD ../sbl6/segalib/lib/sega_mth.a
LOAD ../sbl6/segalib/lib/sega_cdc.a
LOAD ../sbl6/segalib/lib/sega_adp.a
LOAD ../sbl6/segalib/lib/sega_per.a
LOAD ../sbl6/segalib/lib/sega_sat.a
LOAD c:/saturn/SH_COFF/sh-coff/bin/../lib/gcc/sh-coff/3.4-GNUSH_v0501\libgcc.a
LOAD c:/saturn/SH_COFF/sh-coff/bin/../lib/gcc/sh-coff/3.4-GNUSH_v0501/../../../../sh-coff/lib\libc.a
LOAD c:/saturn/SH_COFF/sh-coff/bin/../lib/gcc/sh-coff/3.4-GNUSH_v0501\libgcc.a

.text           0x06010000    0x14450
 *(.text)
 .text          0x06010000       0x30 ../sbl6/segasmp/lib/strt1_g.o
                0x06010024                _D_END
                0x06010020                _D_BGN
                0x0601002c                _B_END
                0x06010028                _B_BGN
                0x06010000                START
 .text          0x06010030       0x60 ../sbl6/segasmp/lib/strt2_g.o
                0x06010050                _INITSCT
                0x06010030                _INIT
 .text          0x06010090      0x180 vblank.o
                0x06010090                SetVblank
                0x06010110                UsrVblankOut
                0x060100f0                UsrVblankIn
 .text          0x06010210      0x430 ../sbl6/segasmp/per/smpclib/per_x1.o
                0x060105a4                PER_GetAnalogXYZ
                0x06010234                PER_GetTriggerHandler
                0x060104ce                PER_GetEdge
                0x0601044c                PER_GetTrigger
                0x060104f8                PER_GetPressEdge
                0x0601054c                PER_GetReleaseEdge
                0x06010210                PER_SetTriggerHandler
 .text          0x06010640      0x200 ../sbl6/segasmp/per/smpclib/per_x2.o
                0x06010744                PER_GetDeviceA
                0x06010640                PER_OpenPort
                0x06010678                PER_GetPort
                0x060107be                PER_GetDeviceR
 .text          0x06010840       0x20 ../sbl6/segasmp/per/smpclib/per_x3.o
                0x06010840                PER_DisguiseTrigger
 .text          0x06010860      0x120 cd.o
                0x06010900                cd_load_nosize
                0x06010860                cd_init
                0x06010890                cd_load
 .text          0x06010980      0x540 intro.o
                0x06010980                intro_run
 .text          0x06010ec0      0x2e0 logo.o
                0x06010f20                logo_run
                0x06010ec0                logo_loadframe
 .text          0x060111a0      0x8a0 pcmsys.o
                0x06011850                load_8bit_pcm
                0x060115c0                smpc_issue_command
                0x06011670                load_drv
                0x060119d0                pcm_parameter_change
                0x060115a0                smpc_wait_till_ready
                0x060115e0                load_driver_binary
                0x06011990                pcm_play
                0x06011a00                pcm_cease
                0x060116c0                calculate_bytes_per_blank
                0x06011700                load_16bit_pcm
 .text          0x06011a40      0x180 print.o
                0x06011b20                print_display
                0x06011a70                print_num
                0x06011a40                print_init
                0x06011ac0                print_string
 .text          0x06011bc0      0x420 scroll.o
                0x06011bc0                scroll_lores
                0x06011f90                scroll_set
                0x06011c20                scroll_hires
                0x06011d70                scroll_init
                0x06011c90                scroll_scale
 .text          0x06011fe0      0x160 sound.o
                0x06012120                sound_play
                0x06011ff0                sound_init
                0x060120c0                sound_cdda
 .text          0x06012140      0x670 sprite.o
                0x06012170                sprite_init
                0x060125e0                sprite_make
                0x06012720                sprite_next
                0x060122b0                sprite_erase
                0x06012780                sprite_delete
                0x06012630                sprite_draw_all
                0x06012140                sprite_deleteall
                0x06012310                sprite_startdraw
                0x06012390                sprite_draw
 .text          0x060127b0      0x170 main.o
                0x060127b0                main
 .text          0x06012920       0x40 ../sbl6/segalib/lib/sega_int.a(int.o)
                0x0601294c                INT_GetScuFunc
                0x06012920                INT_SetScuFunc
 .text          0x06012960      0x624 ../sbl6/segalib/lib/sega_int.a(int_trmp.o)
                0x06012ac8                __interrupt_handler60
                0x06012c78                __interrupt_handler132
                0x06012e2e                __interrupt_handler205
                0x06012c96                __interrupt_handler137
                0x06012bc4                __interrupt_handler102
                0x06012a02                __interrupt_handler27
                0x06012e04                __interrupt_handler198
                0x06012cf6                __interrupt_handler153
                0x060129de                __interrupt_handler21
                0x06012aec                __interrupt_handler66
                0x06012bdc                __interrupt_handler106
                0x06012d26                __interrupt_handler161
                0x06012b70                __interrupt_handler88
                0x06012d3e                __interrupt_handler165
                0x06012c4e                __interrupt_handler125
                0x06012984                __interrupt_handler6
                0x06012a20                __interrupt_handler32
                0x06012dda                __interrupt_handler191
                0x06012ef4                __interrupt_handler238
                0x06012f0c                __interrupt_handler242
                0x06012d14                __interrupt_handler158
                0x06012b7c                __interrupt_handler90
                0x06012d38                __interrupt_handler164
                0x06012a5c                __interrupt_handler42
                0x06012d9e                __interrupt_handler181
                0x06012ea6                __interrupt_handler225
                0x06012f4e                __interrupt_handler253
                0x06012d62                __interrupt_handler171
                0x06012b1c                __interrupt_handler74
                0x06012972                __interrupt_handler3
                0x06012ab6                __interrupt_handler57
                0x060129b4                __interrupt_handler14
                0x06012e4c                __interrupt_handler210
                0x06012e7c                __interrupt_handler218
                0x06012e40                __interrupt_handler208
                0x06012a44                __interrupt_handler38
                0x06012960                __interrupt_handler0
                0x06012bd0                __interrupt_handler104
                0x06012d0e                __interrupt_handler157
                0x06012e5e                __interrupt_handler213
                0x06012d50                __interrupt_handler168
                0x06012b5e                __interrupt_handler85
                0x06012bfa                __interrupt_handler111
                0x06012c0c                __interrupt_handler114
                0x06012a7a                __interrupt_handler47
                0x06012ed0                __interrupt_handler232
                0x06012e9a                __interrupt_handler223
                0x06012eee                __interrupt_handler237
                0x06012ada                __interrupt_handler63
                0x06012a68                __interrupt_handler44
                0x06012d7a                __interrupt_handler175
                0x06012da4                __interrupt_handler182
                0x06012dbc                __interrupt_handler186
                0x06012cba                __interrupt_handler143
                0x06012be2                __interrupt_handler107
                0x06012c48                __interrupt_handler124
                0x06012d68                __interrupt_handler172
                0x06012f1e                __interrupt_handler245
                0x06012b9a                __interrupt_handler95
                0x06012c72                __interrupt_handler131
                0x06012c84                __interrupt_handler134
                0x06012ca2                __interrupt_handler139
                0x06012b10                __interrupt_handler72
                0x06012eca                __interrupt_handler231
                0x06012d20                __interrupt_handler160
                0x06012c66                __interrupt_handler129
                0x060129d8                __interrupt_handler20
                0x06012ae6                __interrupt_handler65
                0x06012ab0                __interrupt_handler56
                0x060129ae                __interrupt_handler13
                0x06012e46                __interrupt_handler209
                0x06012c00                __interrupt_handler112
                0x060129d2                __interrupt_handler19
                0x06012b8e                __interrupt_handler93
                0x06012df8                __interrupt_handler196
                0x06012cea                __interrupt_handler151
                0x06012d4a                __interrupt_handler167
                0x06012f60                __trampoline
                0x060129c6                __interrupt_handler17
                0x06012eb8                __interrupt_handler228
                0x06012f5a                __interrupt_handler255
                0x06012f18                __interrupt_handler244
                0x06012bb2                __interrupt_handler99
                0x06012daa                __interrupt_handler183
                0x06012ca8                __interrupt_handler140
                0x06012dce                __interrupt_handler189
                0x06012ccc                __interrupt_handler146
                0x06012e94                __interrupt_handler222
                0x06012d08                __interrupt_handler156
                0x06012c3c                __interrupt_handler122
                0x06012f30                __interrupt_handler248
                0x06012a80                __interrupt_handler48
                0x06012afe                __interrupt_handler69
                0x060129f0                __interrupt_handler24
                0x06012b76                __interrupt_handler89
                0x06012e6a                __interrupt_handler215
                0x06012f54                __interrupt_handler254
                0x06012b6a                __interrupt_handler87
                0x06012ace                __interrupt_handler61
                0x06012df2                __interrupt_handler195
                0x06012ce4                __interrupt_handler150
                0x06012a56                __interrupt_handler41
                0x06012bf4                __interrupt_handler110
                0x06012c5a                __interrupt_handler127
                0x06012be8                __interrupt_handler108
                0x06012c06                __interrupt_handler113
                0x06012c18                __interrupt_handler116
                0x06012c36                __interrupt_handler121
                0x06012b2e                __interrupt_handler77
                0x06012a4a                __interrupt_handler39
                0x06012a62                __interrupt_handler43
                0x06012f36                __interrupt_handler249
                0x06012d74                __interrupt_handler174
                0x06012c90                __interrupt_handler136
                0x06012dc8                __interrupt_handler188
                0x06012cc6                __interrupt_handler145
                0x06012996                __interrupt_handler9
                0x06012b3a                __interrupt_handler79
                0x06012eb2                __interrupt_handler227
                0x06012a2c                __interrupt_handler34
                0x06012c6c                __interrupt_handler130
                0x06012f2a                __interrupt_handler247
                0x06012b22                __interrupt_handler75
                0x06012d6e                __interrupt_handler173
                0x06012a9e                __interrupt_handler53
                0x06012cde                __interrupt_handler149
                0x06012f42                __interrupt_handler251
                0x06012ed6                __interrupt_handler233
                0x0601299c                __interrupt_handler10
                0x06012e28                __interrupt_handler204
                0x06012b4c                __interrupt_handler82
                0x06012b52                __interrupt_handler83
                0x060129f6                __interrupt_handler25
                0x06012f12                __interrupt_handler243
                0x06012d2c                __interrupt_handler162
                0x06012a74                __interrupt_handler46
                0x06012d8c                __interrupt_handler178
                0x06012b40                __interrupt_handler80
                0x06012ad4                __interrupt_handler62
                0x0601296c                __interrupt_handler2
                0x06012a0e                __interrupt_handler29
                0x06012b04                __interrupt_handler70
                0x06012bee                __interrupt_handler109
                0x06012cd8                __interrupt_handler148
                0x06012b94                __interrupt_handler94
                0x06012ea0                __interrupt_handler224
                0x06012bca                __interrupt_handler103
                0x06012a38                __interrupt_handler36
                0x06012c54                __interrupt_handler126
                0x06012f24                __interrupt_handler246
                0x06012aaa                __interrupt_handler55
                0x060129a8                __interrupt_handler12
                0x06012a98                __interrupt_handler52
                0x06012dc2                __interrupt_handler187
                0x06012cc0                __interrupt_handler144
                0x06012c1e                __interrupt_handler117
                0x060129cc                __interrupt_handler18
                0x06012dfe                __interrupt_handler197
                0x06012cf0                __interrupt_handler152
                0x06012c24                __interrupt_handler118
                0x06012d5c                __interrupt_handler170
                0x06012e16                __interrupt_handler201
                0x06012ba6                __interrupt_handler97
                0x06012d32                __interrupt_handler163
                0x06012d98                __interrupt_handler180
                0x06012de0                __interrupt_handler192
                0x06012f00                __interrupt_handler240
                0x06012c42                __interrupt_handler123
                0x06012e64                __interrupt_handler214
                0x06012a1a                __interrupt_handler31
                0x06012a08                __interrupt_handler28
                0x06012af2                __interrupt_handler67
                0x06012af8                __interrupt_handler68
                0x060129e4                __interrupt_handler22
                0x060129ea                __interrupt_handler23
                0x06012d80                __interrupt_handler176
                0x0601298a                __interrupt_handler7
                0x06012e8e                __interrupt_handler221
                0x06012e76                __interrupt_handler217
                0x06012ebe                __interrupt_handler229
                0x06012a86                __interrupt_handler49
                0x06012978                __interrupt_handler4
                0x06012a50                __interrupt_handler40
                0x06012c12                __interrupt_handler115
                0x06012ee2                __interrupt_handler235
                0x06012b82                __interrupt_handler91
                0x06012e34                __interrupt_handler206
                0x06012d86                __interrupt_handler177
                0x06012cd2                __interrupt_handler147
                0x06012a3e                __interrupt_handler37
                0x06012f3c                __interrupt_handler250
                0x06012966                __interrupt_handler1
                0x06012e82                __interrupt_handler219
                0x06012b28                __interrupt_handler76
                0x06012bb8                __interrupt_handler100
                0x06012abc                __interrupt_handler58
                0x060129ba                __interrupt_handler15
                0x06012e58                __interrupt_handler212
                0x06012f06                __interrupt_handler241
                0x06012e1c                __interrupt_handler202
                0x06012de6                __interrupt_handler193
                0x06012b34                __interrupt_handler78
                0x06012a8c                __interrupt_handler50
                0x06012a26                __interrupt_handler33
                0x06012d44                __interrupt_handler166
                0x06012c9c                __interrupt_handler138
                0x06012c8a                __interrupt_handler135
                0x06012a14                __interrupt_handler30
                0x06012db0                __interrupt_handler184
                0x06012cae                __interrupt_handler141
                0x06012ec4                __interrupt_handler230
                0x06012ee8                __interrupt_handler236
                0x06012c2a                __interrupt_handler119
                0x06012b64                __interrupt_handler86
                0x06012bd6                __interrupt_handler105
                0x06012b46                __interrupt_handler81
                0x06012c30                __interrupt_handler120
                0x06012c60                __interrupt_handler128
                0x06012aa4                __interrupt_handler54
                0x060129a2                __interrupt_handler11
                0x06012e0a                __interrupt_handler199
                0x06012cfc                __interrupt_handler154
                0x06012a6e                __interrupt_handler45
                0x06012e70                __interrupt_handler216
                0x06012e22                __interrupt_handler203
                0x06012bbe                __interrupt_handler101
                0x06012b58                __interrupt_handler84
                0x06012db6                __interrupt_handler185
                0x06012cb4                __interrupt_handler142
                0x060129fc                __interrupt_handler26
                0x06012ae0                __interrupt_handler64
                0x06012e10                __interrupt_handler200
                0x06012e3a                __interrupt_handler207
                0x06012dec                __interrupt_handler194
                0x06012b88                __interrupt_handler92
                0x06012d02                __interrupt_handler155
                0x06012e52                __interrupt_handler211
                0x06012c7e                __interrupt_handler133
                0x0601297e                __interrupt_handler5
                0x06012b16                __interrupt_handler73
                0x060129c0                __interrupt_handler16
                0x06012efa                __interrupt_handler239
                0x06012edc                __interrupt_handler234
                0x06012a32                __interrupt_handler35
                0x06012ac2                __interrupt_handler59
                0x06012d56                __interrupt_handler169
                0x06012bac                __interrupt_handler98
                0x06012b0a                __interrupt_handler71
                0x06012a92                __interrupt_handler51
                0x06012d1a                __interrupt_handler159
                0x06012eac                __interrupt_handler226
                0x06012ba0                __interrupt_handler96
                0x06012dd4                __interrupt_handler190
                0x06012e88                __interrupt_handler220
                0x06012990                __interrupt_handler8
                0x06012d92                __interrupt_handler179
                0x06012f48                __interrupt_handler252
 *fill*         0x06012f84        0xc 00
 .text          0x06012f90     0x12a0 ../sbl6/segalib/lib/sega_spr.a(spr_2c.o)
                0x060141f0                SlaveFlushDrawPrtyBlock
                0x06012f90                SPR_2Initial
                0x060137d4                SPR_2SysClip
                0x06013774                SPR_2LocalCoord
                0x0601406c                SPR_2FlushDrawPrtyBlock
                0x06013d58                SPR_2DistSpr
                0x0601375c                SPR_2FlushDrawPrty
                0x06013e7c                SPR_2Cmd
                0x06013458                SPR_2GourTblNoToVram
                0x060134b8                SPR_2GetAreaSizeInfo
                0x06013220                SPR_2SetGourTbl
                0x06013a0c                SPR_2Polygon
                0x06013494                SPR_2CharNoToVram
                0x060131a0                SPR_2SetTvMode
                0x060135fc                SPR_2CloseCommand
                0x060131dc                SPR_2FrameEraseData
                0x06012fb8                SPR_2Initial2
                0x06013bec                SPR_2ScaleSpr
                0x0601387c                SPR_2Line
                0x06013548                SPR_2OpenCommand
                0x060131bc                SPR_2FrameChgIntr
                0x06013ac8                SPR_2NormSpr
                0x06013250                SPR_2SetLookupTbl
                0x06013284                SPR_2SetChar
                0x0601347c                SPR_2LookupTblNoToVram
                0x06013950                SPR_2PolyLine
                0x060133f0                SPR_2ClrAllChar
                0x060133a4                SPR_2ClrChar
                0x06013820                SPR_2UserClip
 .text          0x06014230      0x1e6 ../sbl6/segalib/lib/sega_spr.a(spr_slv.o)
                0x06014394                SPR_WaitEndSlaveSH
                0x06014230                SPR_SMPC_SSHON
                0x06014370                SPR_RunSlaveSH
                0x06014234                SPR_InitSlaveSH
                0x060142fc                SPR_SlaveSHmain
                0x06014231                SPR_SMPC_SSHOFF
 *fill*         0x06014416        0xa 00
 .text          0x06014420      0x36a ../sbl6/segalib/lib/sega_spr.a(spr_1c.o)
                0x060146d4                SPR_WaitDrawEnd
                0x060146ec                SPR_SetEosMode
                0x06014604                SPR_SetEraseData
                0x06014420                SPR_Initial
                0x060144f8                SPR_SetTvMode
                0x06014590                SPR_GetStatus
 *fill*         0x0601478a        0x6 00
 .text          0x06014790      0x244 ../sbl6/segalib/lib/sega_spr.a(spr_2a.o)
                0x060147a2                sprMemCpyW
                0x06014800                flushDrawPrtyBlock
                0x06014790                sprMemCpyL
                0x060147b4                SPR_2SetDrawPrty
 *fill*         0x060149d4        0xc 00
 .text          0x060149e0      0x2fc ../sbl6/segalib/lib/sega_scl.a(scl_vblv.o)
                0x06014a9c                SCL_DisplayFrame
                0x060149e0                SCL_SetFrameInterval
                0x06014ad0                SCL_VblInit
                0x06014b20                SCL_VblankStart
                0x06014b64                SCL_VblankEnd
 *fill*         0x06014cdc        0x4 00
 .text          0x06014ce0     0x10a4 ../sbl6/segalib/lib/sega_scl.a(scl_pri.o)
                0x06014d74                SCL_AbortAutoVe
                0x06015c24                SCL_SetShadowBit
                0x060151ec                SCL_AutoExec
                0x06014ce0                SCL_PriorityInit
                0x06015700                SCL_IncColOffset
                0x06014d88                SCL_SetColMixRate
                0x06014d58                SCL_GetColRamMode
 *fill*         0x06015d84        0xc 00
 .text          0x06015d90       0x9c ../sbl6/segalib/lib/sega_scl.a(scl_pr02.o)
                0x06015d90                SCL_SetColRam
 *fill*         0x06015e2c        0x4 00
 .text          0x06015e30       0x98 ../sbl6/segalib/lib/sega_scl.a(scl_pr10.o)
                0x06015e30                SCL_SetAutoColMix
 *fill*         0x06015ec8        0x8 00
 .text          0x06015ed0      0x1f4 ../sbl6/segalib/lib/sega_scl.a(scl_pr12.o)
                0x06015ed0                SCL_SetColOffset
 *fill*         0x060160c4        0xc 00
 .text          0x060160d0      0x180 ../sbl6/segalib/lib/sega_scl.a(scl_pr11.o)
                0x060160d0                SCL_SetAutoColOffset
 .text          0x06016250      0x1ec ../sbl6/segalib/lib/sega_scl.a(scl_fu01.o)
                0x06016250                SCL_SetDisplayMode
 *fill*         0x0601643c        0x4 00
 .text          0x06016440       0x28 ../sbl6/segalib/lib/sega_scl.a(scl_fu04.o)
                0x06016440                SCL_SetCycleTable
 *fill*         0x06016468        0x8 00
 .text          0x06016470      0xb9c ../sbl6/segalib/lib/sega_scl.a(scl_func.o)
                0x06016e4c                SCL_Vdp2_SGLInit
                0x06016d5c                SCL_PriIntProc
                0x06016cd4                SCL_Memcpyw
                0x06016fec                SCL_SglOff
                0x06016fcc                SCL_SglOn
                0x06016c40                SCL_ScrollShow
                0x060166e8                SCL_Close
                0x060169e0                SCL_Scale
                0x06016470                SCL_Vdp2Init
                0x06016854                SCL_Move
                0x06016b1c                SCL_CopyReg
                0x060166c4                SCL_Open
                0x060164f4                SCL_ParametersInit
                0x06016704                SCL_MoveTo
                0x06016cfc                SCL_SetColRamMode
 *fill*         0x0601700c        0x4 00
 .text          0x06017010      0x138 ../sbl6/segalib/lib/sega_scl.a(scl_pr03.o)
                0x06017010                SCL_FreeColRam
                0x06017048                SCL_AllocColRam
 *fill*         0x06017148        0x8 00
 .text          0x06017150       0x84 ../sbl6/segalib/lib/sega_scl.a(scl_back.o)
                0x06017150                SCL_SetBack
 *fill*         0x060171d4        0xc 00
 .text          0x060171e0      0x94c ../sbl6/segalib/lib/sega_scl.a(scl_fu03.o)
                0x0601723c                SCL_SetConfig
                0x060171e0                SCL_InitConfigTb
 *fill*         0x06017b2c        0x4 00
 .text          0x06017b30      0x4f4 ../sbl6/segalib/lib/sega_scl.a(scl_fu02.o)
                0x06017b68                SCL_SetVramConfig
                0x06017b30                SCL_InitVramConfigTb
 *fill*         0x06018024        0xc 00
 .text          0x06018030      0x214 ../sbl6/segalib/lib/sega_scl.a(scl_pr07.o)
                0x06018030                SCL_SetPriority
 *fill*         0x06018244        0xc 00
 .text          0x06018250       0x58 ../sbl6/segalib/lib/sega_scl.a(scl_pr01.o)
                0x06018250                SCL_SetSpriteMode
 *fill*         0x060182a8        0x8 00
 .text          0x060182b0       0xac ../sbl6/segalib/lib/sega_scl.a(scl_pr05.o)
                0x060182b0                SCL_GetColRamOffset
 *fill*         0x0601835c        0x4 00
 .text          0x06018360     0x1394 ../sbl6/segalib/lib/sega_scl.a(scl_ro00.o)
                0x0601954c                SCL_RotateZD
                0x06018814                SCL_Rotate
                0x060184e8                SCL_InitRotateTable
 *fill*         0x060196f4        0xc 00
 .text          0x06019700      0x1b4 ../sbl6/segalib/lib/sega_scl.a(scl_pr06.o)
                0x06019700                SCL_SetColRamOffset
 *fill*         0x060198b4        0xc 00
 .text          0x060198c0      0x600 ../sbl6/segalib/lib/sega_mth.a(mth_tri.o)
                0x0601995c                fcos
                0x06019962                fsin
                0x0601990c                MTH_Cos
                0x060198c0                MTH_Sin
                0x06019b00                MTH_Atan
 .text          0x06019ec0       0xa4 ../sbl6/segalib/lib/sega_mth.a(mth_fixd.o)
                0x06019f10                MTH_FixedToInt
                0x06019f00                MTH_IntToFixed
                0x06019ec0                MTH_Mul
                0x06019f20                MTH_Product
                0x06019ee0                MTH_Div
 *fill*         0x06019f64        0xc 00
 .text          0x06019f70      0x130 ../sbl6/segalib/lib/sega_cdc.a(cdc_drv.o)
                0x06019f70                CDC_CdPlay
                0x0601a03c                CDC_CdSeek
                0x0601a070                CDC_CdScan
 .text          0x0601a0a0      0x3a0 ../sbl6/segalib/lib/sega_cdc.a(cdc_cmn.o)
                0x0601a244                CDC_TgetToc
                0x0601a3e8                CDC_DataEnd
                0x0601a108                CDC_GetPeriStat
                0x0601a37c                CDC_DataReady
                0x0601a354                CDC_CdOpen
                0x0601a2d0                CDC_CdInit
                0x0601a294                CDC_GetSes
                0x0601a0f0                CDC_GetLastStat
                0x0601a0a0                CDC_GetCurStat
                0x0601a1dc                CDC_GetHwInfo
 .text          0x0601a440      0x152 ../sbl6/segalib/lib/sega_cdc.a(cdc_sub.o)
                0x0601a4e8                CDSUB_GetCdstat
                0x0601a458                CDSUB_UpdCdstat
                0x0601a528                CDSUB_RspToCdstat
                0x0601a570                CDSUB_SoftTimer
                0x0601a440                CDSUB_UpdStatus
                0x0601a478                CDSUB_CdCmd
 *fill*         0x0601a592        0xe 00
 .text          0x0601a5a0      0x2dc ../sbl6/segalib/lib/sega_cdc.a(cdc_reg.o)
                0x0601a5f4                CDREG_ClrHirqReq
                0x0601a5c4                CDC_ClrHirqReq
                0x0601a674                CDREG_TgetData
                0x0601a664                CDC_GetMpegPtr
                0x0601a640                CDC_GetHirqMsk
                0x0601a5a0                CDC_GetDataPtr
                0x0601a5b0                CDC_GetHirqReq
                0x0601a7d0                CDREG_WaitHirq
                0x0601a654                CDC_SetHirqMsk
                0x0601a6d0                CDREG_CmdRsp
                0x0601a604                CDREG_InitHirqReq
                0x0601a62c                CDREG_SetHirqFlag
                0x0601a840                CDREG_ReadRsp
 *fill*         0x0601a87c        0x4 00
 .text          0x0601a880      0xf50 ../sbl6/segalib/lib/sega_per.a(per_prt.o)
                0x0601aca0                PER_IntFunc
                0x0601aa98                PER_LGetPer
                0x0601a880                PER_LInit
 .text          0x0601b7d0     0x1b04 ../sbl6/segalib/lib/sega_sat.a(gfs.o)
                0x0601b7d0                gfs_version
                0x0601ca44                gfs_mngGetNumFile
                0x0601d1c4                gfs_closeSub
                0x0601c560                GFS_SetGmode
                0x0601c81c                GFS_SetErrFunc
                0x0601c96c                gfs_mngSetupFuncTbl
                0x0601bb28                GFS_Reset
                0x0601c894                gfs_chgRoot
                0x0601c960                gfs_aborttrans
                0x0601cc44                gfs_svrAddHndl
                0x0601caf4                gfs_mngFreeGrp
                0x0601c86c                GFS_ConvTno
                0x0601cdf8                gfs_getRootDir
                0x0601c848                GFS_GetErrStat
                0x0601bc98                GFS_Seek
                0x0601c304                GFS_NwStop
                0x0601cb00                gfs_mngTermAccess
                0x0601bbac                GFS_Open
                0x0601caac                GFS_mngAllocGrp
                0x0601d20c                gfs_isTaskDone
                0x0601c004                GFS_Fread
                0x0601c764                GFS_StartTrans
                0x0601d160                gfs_GetFinfo
                0x0601c9a0                gfs_mngInitWork
                0x0601bdf0                GFS_ByteToSct
                0x0601cc04                gfs_svrSearchHndl
                0x0601cef4                gfs_loadRootDir
                0x0601ba4c                GFS_IdToName
                0x0601c148                GFS_NwFread
                0x0601c694                GFS_SetTransPara
                0x0601c254                GFS_NwCdRead
                0x0601cd34                gfs_loadVol
                0x0601c630                GFS_SetReadPara
                0x0601bd4c                GFS_Tell
                0x0601c5c4                GFS_SetTmode
                0x0601d0c8                GFS_GetFad
                0x0601c700                GFS_SetTrFunc
                0x0601c7b0                GFS_CdMovePickup
                0x0601b9e8                GFS_NameToId
                0x0601c41c                GFS_NwExecOne
                0x0601cf7c                gfs_flowIn
                0x0601bea4                GFS_GetFileInfo
                0x0601d024                gfs_transData
                0x0601cc80                gfs_svrRemoveHndl
                0x0601c2cc                GFS_NwIsComplete
                0x0601d200                gfs_getGmode
                0x0601c370                GFS_NwGetStat
                0x0601ccdc                GFS_OpenSub
                0x0601b980                GFS_SetDir
                0x0601be4c                GFS_GetFileSize
                0x0601bf18                GFS_GetNumCdbuf
                0x0601d260                gfs_convFinStat
                0x0601bf40                GFS_Load
                0x0601c0a0                gfs_waitRead
                0x0601b8d8                GFS_LoadDir
                0x0601bab8                GFS_GetDirInfo
                0x0601bc60                GFS_Close
                0x0601b7f0                GFS_Init
                0x0601c3ec                gfs_recovRdErr
                0x0601cb84                gfs_mngSetErrCode
                0x0601c4dc                GFS_NwExecServer
                0x0601bd9c                GFS_IsEof
                0x0601d120                gfs_SetSct
 *fill*         0x0601d2d4        0xc 00
 .text          0x0601d2e0       0x90 ../sbl6/segalib/lib/sega_sat.a(DMA_CPU1.o)
                0x0601d2e0                DMA_CpuMemCopy1
 .text          0x0601d370       0x94 ../sbl6/segalib/lib/sega_sat.a(DMA_CPU2.o)
                0x0601d370                DMA_CpuMemCopy2
 *fill*         0x0601d404        0xc 00
 .text          0x0601d410       0x50 ../sbl6/segalib/lib/sega_sat.a(DMA_CPU5.o)
                0x0601d410                DMA_CpuResult
 .text          0x0601d460      0x1f4 ../sbl6/segalib/lib/sega_sat.a(DMA_SCU1.o)
                0x0601d5bc                DMA_ScuResult
                0x0601d460                DMA_ScuInit
                0x0601d4b0                DMA_ScuMemCopy
 *fill*         0x0601d654        0xc 00
 .text          0x0601d660      0x8d4 ../sbl6/segalib/lib/sega_sat.a(gfs_cdf.o)
                0x0601db54                GFCF_Seek
                0x0601dc5c                GFCF_GetStat
                0x0601db3c                GFCF_Tell
                0x0601d700                GFCF_Setup
                0x0601dc08                GFCF_cnvIntlvOfs
                0x0601d660                GFCF_Init
                0x0601daf4                GFCF_Recover
                0x0601d848                GFCF_SetSct
                0x0601db6c                GFCF_MovePickup
                0x0601dd30                gfcf_isCdOk
                0x0601d900                GFCF_FlowInBuf
                0x0601d88c                GFCF_GetFileInfo
                0x0601da54                GFCF_StopInBuf
                0x0601dcf4                gfcf_getSctSize
                0x0601ddf0                gfcf_getPlayRange
 *fill*         0x0601df34        0xc 00
 .text          0x0601df40      0x928 ../sbl6/segalib/lib/sega_sat.a(gfs_dir.o)
                0x0601e430                gfdr_setNextRec
                0x0601e82c                gfdr_setDirrecCd
                0x0601e228                gfdr_open
                0x0601e03c                GFDR_GetAtrDirId
                0x0601e310                gfdr_readByte
                0x0601df40                GFDR_SetupDirTbl
                0x0601e408                gfdr_readLongNM
                0x0601e4b4                gfdr_readDirEnt
                0x0601e06c                GFDR_ChgRoot
                0x0601dfb4                GFDR_NameToId
                0x0601e0f8                gfdr_setupDirIdTbl
                0x0601e054                GFDR_GetAtrDirName
                0x0601e014                GFDR_GetInfoDirId
                0x0601e3bc                gfdr_readLongNB
                0x0601e250                gfdr_read
                0x0601e33c                gfdr_readWord
                0x0601e17c                gfdr_setupDirNameTbl
                0x0601e028                GFDR_GetInfoDirName
                0x0601e084                GFDR_ChgDir
                0x0601e368                gfdr_readWordNB
 *fill*         0x0601e868        0x8 00
 .text          0x0601e870      0xa46 ../sbl6/segalib/lib/sega_sat.a(gfs_trn.o)
                0x0601e950                GFTR_SetTransMax
                0x0601ed20                gftr_execScu
                0x0601f2a4                GFTR_SetTransFunc
                0x0601f16c                gftr_remTrn
                0x0601f290                GFTR_SetData
                0x0601ef90                gftr_execSdma1
                0x0601f1e0                gftr_copyFrac
                0x0601e944                GFTR_GetNumTrans
                0x0601e8e4                GFTR_SetMode
                0x0601ef60                gftr_remDma0
                0x0601f208                GFTR_GetLenData
                0x0601ed14                gftr_reqScu
                0x0601ef78                gftr_reqDma1
                0x0601ec30                gftr_getSrcPack
                0x0601f260                GFTR_RtnDstPk
                0x0601edfc                gfdma_exec
                0x0601f094                gftr_execTrn
                0x0601eb28                GFTR_ExecSvr
                0x0601f024                gftr_reqTrn
                0x0601eeec                gfdma_getBytecnt
                0x0601efcc                gftr_reqCpu
                0x0601f22c                GFTR_GetDstPack
                0x0601ef24                gftr_reqDma0
                0x0601eab0                GFTR_Idle
                0x0601e968                GFTR_Pause
                0x0601e938                GFTR_GetTransPara
                0x0601f018                gftr_remCpu
                0x0601e904                GFTR_SetTransPara
                0x0601efb4                gftr_remDma1
                0x0601e974                GFTR_Stop
                0x0601ef3c                gftr_execSdma0
                0x0601e8a0                GFTR_Setup
                0x0601edbc                gftr_remScu
                0x0601ecb8                gftr_getDstPack
                0x0601edf0                gfdma_canUse
                0x0601ea2c                GFTR_Exec
                0x0601f27c                GFTR_GetData
                0x0601e95c                GFTR_Start
                0x0601e8f8                GFTR_SetUnit
                0x0601efd8                gftr_execCpu
                0x0601f214                GFTR_GetLenRoom
 *fill*         0x0601f2b6        0xa 00
 .text          0x0601f2c0      0x106 ../sbl6/segalib/lib/sega_sat.a(gfs_buf.o)
                0x0601f318                GFBF_GetNumData
                0x0601f394                GFBF_RtnPk
                0x0601f348                GFBF_GetSrcPk
                0x0601f3bc                gfbf_getSctDt
                0x0601f2f0                GFBF_GetTranData
                0x0601f370                GFBF_GetSctData
 *fill*         0x0601f3c6        0xa 00
 .text          0x0601f3d0      0x600 ../sbl6/segalib/lib/sega_sat.a(gfs_cdb.o)
                0x0601f978                GFCB_GetPickup
                0x0601f4f0                GFCB_Close
                0x0601f7bc                GFCB_GetSrcPack
                0x0601f944                GFCB_SetCon
                0x0601f5c4                GFCB_GetLenRoom
                0x0601f928                GFCB_MovePickup
                0x0601f89c                GFCB_GetSctData
                0x0601f5d0                GFCB_SetFilt
                0x0601f518                GFCB_GetLenData
                0x0601f9b8                GFCB_UngetPickup
                0x0601f3d0                GFCB_Setup
                0x0601f660                GFCB_Tell
                0x0601f9a0                GFCB_IsPuOwner
                0x0601f6c0                GFCB_Seek
                0x0601f638                GFCB_DeleteAllData
                0x0601f8d4                GFCB_GetDstPack
                0x0601f670                gfcb_getSctNum
                0x0601f8e0                GFCB_RtnPk
 .text          0x0601f9d0     0x1a04 ../sbl6/segalib/lib/sega_sat.a(gfs_cdc.o)
                0x0601fc6c                GFCD_AllocBuf
                0x06020a48                gfcd_doGetLenDataTsk
                0x060212e4                GFCD_SetCsctFunc
                0x0601fd44                GFCD_GetBaseFad
                0x0601fec0                GFCD_GetFilt
                0x06020ed4                gfcd_doChgDirTsk
                0x06021214                gfcd_checkEflag
                0x06020208                GFCD_MovePickup
                0x060202ec                GFCD_GetSctInfo
                0x06020b9c                gfcd_doReqDataTsk
                0x06020334                GFCD_ChgDir
                0x06020028                GFCD_ReqData
                0x06021300                GFCD_ChkScdqFlag
                0x060207b8                GFCD_WaitServer
                0x060200cc                GFCD_DelSctData
                0x060205a4                GFCD_ExecServer
                0x060209b8                gfcd_doSetConTsk
                0x0601fc00                GFCD_AllocFilt
                0x0601fdfc                GFCD_SetFilt
                0x060207f4                gfcd_doSetFiltTsk
                0x06021324                GFCD_ClrScdqFlag
                0x06020c3c                gfcd_doDelSctDataTsk
                0x06020700                gfcd_doTask
                0x0601fd78                GFCD_GetPickup
                0x060202c8                GFCD_CheckMove
                0x06021340                GFCD_WaitScdqFlag
                0x0601ff60                GFCD_Play
                0x06020d70                gfcd_doMoveSctTsk
                0x0601ff08                GFCD_SetCon
                0x060203a8                GFCD_SetFiltCon
                0x06021384                GFCD_WaitPause
                0x0602056c                GFCD_GetBufSiz
                0x0601fdac                GFCD_UngetPickup
                0x06020490                GFCD_GetFileInfo
                0x06020084                GFCD_EndData
                0x0601fca0                GFCD_FreeBuf
                0x0601ffc0                GFCD_GetLenData
                0x0601fc3c                GFCD_FreeFilt
                0x06020678                gfcd_isIdleTask
                0x0601f9fc                GFCD_Init
                0x060210d0                gfcd_doSetFiltConTsk
                0x06020154                GFCD_GetStat
                0x06020254                GFCD_MoveSctData
                0x0601fdd8                GFCD_IsPuOwner
                0x06021238                gfcd_initCdbMng
                0x0601f9d0                GFCD_SetCdbfs
                0x060207a4                GFCD_SetTimer
                0x060212b8                gfcd_setStat
                0x06020124                GFCD_CheckDelSctData
 *fill*         0x060213d4        0xc 00
 .text          0x060213e0      0x1b6 ../sbl6/segalib/lib/sega_sat.a(DMA_CPU0.o)
                0x06021428                DMA_CpuSetPrm
                0x0602152c                DMA_CpuStart
                0x06021584                DMA_CpuGetStatus
                0x06021558                DMA_CpuAllStop
                0x0602156c                DMA_CpuGetComStatus
                0x060213e0                DMA_CpuSetComPrm
                0x06021540                DMA_CpuStop
 *fill*         0x06021596        0xa 00
 .text          0x060215a0       0xe8 ../sbl6/segalib/lib/sega_sat.a(csh_main.o)
                0x060215a0                CSH_Init
                0x06021608                CSH_AllClr
                0x06021654                CSH_Purge
 *fill*         0x06021688        0x8 00
 .text          0x06021690      0x308 ../sbl6/segalib/lib/sega_sat.a(DMA_SCU0.o)
                0x06021714                DMA_ScuStart
                0x06021848                DMA_ScuIntFunc0
                0x060218b8                DMA_ScuIntFunc1
                0x06021928                DMA_ScuIntFunc2
                0x06021808                DMA_ScuGetStatus
                0x06021690                DMA_ScuSetPrm
 *fill*         0x06021998        0x8 00
 .text          0x060219a0      0x194 ../sbl6/segalib/lib/sega_sat.a(cdc_cfs.o)
                0x060219a0                CDC_ChgDir
                0x060219d4                CDC_ReadDir
                0x06021af8                CDC_AbortFile
                0x06021a08                CDC_GetFileScope
                0x06021a68                CDC_TgetFileInfo
                0x06021ac4                CDC_ReadFile
 *fill*         0x06021b34        0xc 00
 .text          0x06021b40      0x1e4 ../sbl6/segalib/lib/sega_sat.a(cdc_bio.o)
                0x06021bec                CDC_GetdelSctData
                0x06021b74                CDC_GetSctData
                0x06021c28                CDC_PutSctData
                0x06021ca4                CDC_MoveSctData
                0x06021ce8                CDC_GetCopyErr
                0x06021bb0                CDC_DelSctData
                0x06021b40                CDC_SetSctLen
                0x06021c60                CDC_CopySctData
 *fill*         0x06021d24        0xc 00
 .text          0x06021d30      0x2b8 ../sbl6/segalib/lib/sega_sat.a(cdc_sel.o)
                0x06021f60                CDC_GetFiltCon
                0x06021edc                CDC_GetFiltMode
                0x06021fb4                CDC_ResetSelector
                0x06021d30                CDC_SetFiltRange
                0x06021dbc                CDC_SetFiltSubh
                0x06021e2c                CDC_GetFiltSubh
                0x06021d64                CDC_GetFiltRange
                0x06021ea8                CDC_SetFiltMode
                0x06021f20                CDC_SetFiltCon
 *fill*         0x06021fe8        0x8 00
 .text          0x06021ff0      0x270 ../sbl6/segalib/lib/sega_sat.a(cdc_bif.o)
                0x0602204c                CDC_GetSctNum
                0x060221cc                CDC_ExeFadSearch
                0x0602214c                CDC_GetSctInfo
                0x06022090                CDC_CalActSiz
                0x06021ff0                CDC_GetBufSiz
                0x060220cc                CDC_GetActSiz
                0x06022204                CDC_GetFadSearch
 .text          0x06022260       0xa8 ../sbl6/segalib/lib/sega_sat.a(cdc_dev.o)
                0x060222cc                CDC_CdGetLastBuf
                0x06022260                CDC_CdSetCon
                0x06022290                CDC_CdGetCon
 *fill*         0x06022308        0x8 00
 .text          0x06022310       0x60 c:/saturn/SH_COFF/sh-coff/bin/../lib/gcc/sh-coff/3.4-GNUSH_v0501\libgcc.a(_ashiftrt.o)
                0x0602231c                __ashiftrt_r4_27
                0x06022350                __ashiftrt_r4_6
                0x06022340                __ashiftrt_r4_14
                0x06022332                __ashiftrt_r4_19
                0x0602234a                __ashiftrt_r4_9
                0x0602235e                __ashiftrt_r4_0
                0x06022310                __ashiftrt_r4_31
                0x0602231e                __ashiftrt_r4_26
                0x0602232c                __ashiftrt_r4_22
                0x06022338                __ashiftrt_r4_16
                0x06022344                __ashiftrt_r4_12
                0x06022318                __ashiftrt_r4_29
                0x06022336                __ashiftrt_r4_17
                0x06022316                __ashiftrt_r4_30
                0x06022352                __ashiftrt_r4_5
                0x0602234c                __ashiftrt_r4_8
                0x06022310                __ashiftrt_r4_32
                0x06022320                __ashiftrt_r4_25
                0x06022358                __ashiftrt_r4_2
                0x06022322                __ashiftrt_r4_24
                0x0602233e                __ashiftrt_r4_15
                0x06022348                __ashiftrt_r4_10
                0x0602235a                __ashiftrt_r4_1
                0x0602231a                __ashiftrt_r4_28
                0x06022330                __ashiftrt_r4_20
                0x0602234e                __ashiftrt_r4_7
                0x06022342                __ashiftrt_r4_13
                0x06022346                __ashiftrt_r4_11
                0x06022354                __ashiftrt_r4_4
                0x0602232a                __ashiftrt_r4_23
                0x06022334                __ashiftrt_r4_18
                0x0602232e                __ashiftrt_r4_21
                0x06022356                __ashiftrt_r4_3
 .text          0x06022370       0xa0 c:/saturn/SH_COFF/sh-coff/bin/../lib/gcc/sh-coff/3.4-GNUSH_v0501\libgcc.a(_sdivsi3.o)
                0x06022370                __sdivsi3
 .text          0x06022410       0x90 c:/saturn/SH_COFF/sh-coff/bin/../lib/gcc/sh-coff/3.4-GNUSH_v0501\libgcc.a(_ashiftrt_n.o)
                0x06022410                __ashrsi3
 .text          0x060224a0       0x90 c:/saturn/SH_COFF/sh-coff/bin/../lib/gcc/sh-coff/3.4-GNUSH_v0501\libgcc.a(_ashiftlt.o)
                0x060224a0                __ashlsi3
 .text          0x06022530       0xb0 c:/saturn/SH_COFF/sh-coff/bin/../lib/gcc/sh-coff/3.4-GNUSH_v0501\libgcc.a(_movstr.o)
                0x06022570                __movstrSI16
                0x06022544                __movstrSI60
                0x06022550                __movstrSI48
                0x0602254c                __movstrSI52
                0x06022540                __movstrSI64
                0x06022554                __movstrSI44
                0x06022558                __movstrSI40
                0x0602255c                __movstrSI36
                0x06022590                __movstr
                0x06022548                __movstrSI56
                0x06022564                __movstrSI28
                0x06022560                __movstrSI32
                0x06022574                __movstrSI12
                0x06022578                __movstrSI8
                0x06022580                __movstrSI0
                0x06022568                __movstrSI24
                0x0602256c                __movstrSI20
                0x0602257c                __movstrSI4
 .text          0x060225e0       0xa0 c:/saturn/SH_COFF/sh-coff/bin/../lib/gcc/sh-coff/3.4-GNUSH_v0501\libgcc.a(__main.o)
                0x06022654                __main
                0x060225e0                __do_global_dtors
                0x06022614                __do_global_ctors
 .text          0x06022680       0x70 c:/saturn/SH_COFF/sh-coff/bin/../lib/gcc/sh-coff/3.4-GNUSH_v0501\libgcc.a(_udivsi3.o)
                0x060226a2                __udivsi3
 .text          0x060226f0       0xb0 c:/saturn/SH_COFF/sh-coff/bin/../lib/gcc/sh-coff/3.4-GNUSH_v0501\libgcc.a(_si_to_df.o)
                0x060226f0                __floatsidf
 .text          0x060227a0      0x2e0 c:/saturn/SH_COFF/sh-coff/bin/../lib/gcc/sh-coff/3.4-GNUSH_v0501\libgcc.a(_mul_df.o)
                0x060227b0                __muldf3
 .text          0x06022a80       0x80 c:/saturn/SH_COFF/sh-coff/bin/../lib/gcc/sh-coff/3.4-GNUSH_v0501\libgcc.a(_df_to_si.o)
                0x06022a80                __fixdfsi
 .text          0x06022b00      0x220 c:/saturn/SH_COFF/sh-coff/bin/../lib/gcc/sh-coff/3.4-GNUSH_v0501\libgcc.a(_pack_df.o)
                0x06022b10                __pack_d
 .text          0x06022d20      0x120 c:/saturn/SH_COFF/sh-coff/bin/../lib/gcc/sh-coff/3.4-GNUSH_v0501\libgcc.a(_unpack_df.o)
                0x06022d30                __unpack_d
 .text          0x06022e40       0x20 c:/saturn/SH_COFF/sh-coff/bin/../lib/gcc/sh-coff/3.4-GNUSH_v0501\libgcc.a(_thenan_df.o)
                0x06022e40                __thenan_df
 .text          0x06022e60       0xd0 c:/saturn/SH_COFF/sh-coff/bin/../lib/gcc/sh-coff/3.4-GNUSH_v0501\libgcc.a(_muldi3.o)
                0x06022e60                __muldi3
 .text          0x06022f30       0x80 c:/saturn/SH_COFF/sh-coff/bin/../lib/gcc/sh-coff/3.4-GNUSH_v0501\libgcc.a(_lshrdi3.o)
                0x06022f30                __lshrdi3
 .text          0x06022fb0       0x80 c:/saturn/SH_COFF/sh-coff/bin/../lib/gcc/sh-coff/3.4-GNUSH_v0501\libgcc.a(_ashldi3.o)
                0x06022fb0                __ashldi3
 .text          0x06023030       0x30 c:/saturn/SH_COFF/sh-coff/bin/../lib/gcc/sh-coff/3.4-GNUSH_v0501\libgcc.a(_mulsi3.o)
                0x06023030                __mulsi3
 .text          0x06023060       0x90 c:/saturn/SH_COFF/sh-coff/bin/../lib/gcc/sh-coff/3.4-GNUSH_v0501\libgcc.a(_lshiftrt.o)
                0x06023060                __lshrsi3
 .text          0x060230f0       0x40 c:/saturn/SH_COFF/sh-coff/bin/../lib/gcc/sh-coff/3.4-GNUSH_v0501/../../../../sh-coff/lib\libc.a(memset.o)
                0x060230f0                memset
 .text          0x06023130       0x60 c:/saturn/SH_COFF/sh-coff/bin/../lib/gcc/sh-coff/3.4-GNUSH_v0501/../../../../sh-coff/lib\libc.a(memcmp.o)
                0x06023130                memcmp
 .text          0x06023190       0xa0 c:/saturn/SH_COFF/sh-coff/bin/../lib/gcc/sh-coff/3.4-GNUSH_v0501/../../../../sh-coff/lib\libc.a(memcpy.o)
                0x06023190                memcpy
 .text          0x06023230       0xb0 c:/saturn/SH_COFF/sh-coff/bin/../lib/gcc/sh-coff/3.4-GNUSH_v0501/../../../../sh-coff/lib\libc.a(strncmp.o)
                0x06023230                strncmp
 .text          0x060232e0       0xa0 c:/saturn/SH_COFF/sh-coff/bin/../lib/gcc/sh-coff/3.4-GNUSH_v0501/../../../../sh-coff/lib\libc.a(strncpy.o)
                0x060232e0                strncpy
 .text          0x06023380       0x90 c:/saturn/SH_COFF/sh-coff/bin/../lib/gcc/sh-coff/3.4-GNUSH_v0501/../../../../sh-coff/lib\libc.a(atexit.o)
                0x06023380                atexit
 .text          0x06023410       0x10 c:/saturn/SH_COFF/sh-coff/bin/../lib/gcc/sh-coff/3.4-GNUSH_v0501/../../../../sh-coff/lib\libc.a(impure.o)
                0x06023410                _global_impure_ptr
 .text          0x06023420       0x40 c:/saturn/SH_COFF/sh-coff/bin/../lib/gcc/sh-coff/3.4-GNUSH_v0501/../../../../sh-coff/lib\libc.a(malloc.o)
                0x0602343c                free
                0x06023420                malloc
 .text          0x06023460      0x5b0 c:/saturn/SH_COFF/sh-coff/bin/../lib/gcc/sh-coff/3.4-GNUSH_v0501/../../../../sh-coff/lib\libc.a(mallocr.o)
                0x06023460                _malloc_r
 .text          0x06023a10      0x340 c:/saturn/SH_COFF/sh-coff/bin/../lib/gcc/sh-coff/3.4-GNUSH_v0501/../../../../sh-coff/lib\libc.a(freer.o)
                0x06023a10                _malloc_trim_r
                0x06023b04                _free_r
 .text          0x06023d50       0x20 c:/saturn/SH_COFF/sh-coff/bin/../lib/gcc/sh-coff/3.4-GNUSH_v0501/../../../../sh-coff/lib\libc.a(mlock.o)
                0x06023d50                __malloc_lock
                0x06023d5c                __malloc_unlock
 .text          0x06023d70       0x50 c:/saturn/SH_COFF/sh-coff/bin/../lib/gcc/sh-coff/3.4-GNUSH_v0501/../../../../sh-coff/lib\libc.a(sbrkr.o)
                0x06023d70                _sbrk_r
 .text          0x06023dc0      0x380 c:/saturn/SH_COFF/sh-coff/bin/../lib/gcc/sh-coff/3.4-GNUSH_v0501/../../../../sh-coff/lib\libc.a(syscalls.o)
                0x06023f2c                _exit
                0x06023f60                _getpid
                0x06023fc8                _utime
                0x06023df8                _write
                0x06023dc0                _read
                0x06023f14                _unlink
                0x06023edc                _open
                0x06023f78                _stat
                0x06023f20                isatty
                0x06023ff8                _wait
                0x06023f44                _kill
                0x06023f94                _chmod
                0x06024028                _execv
                0x0602400c                _execve
                0x06024104                __setup_argv_and_call_main
                0x06024060                _gettimeofday
                0x06023e2c                _link
                0x06023f6c                _raise
                0x06023ef8                _creat
                0x06024040                _pipe
                0x06023fac                _chown
                0x06023ddc                _lseek
                0x06023e14                _close
                0x06024054                _times
                0x06023ec8                _fstat
                0x06023fe4                _fork
                0x06023e54                _sbrk
 .text          0x06024140       0x20 c:/saturn/SH_COFF/sh-coff/bin/../lib/gcc/sh-coff/3.4-GNUSH_v0501/../../../../sh-coff/lib\libc.a(trap.o)
                0x06024140                __trap34
 .text          0x06024160       0x20 c:/saturn/SH_COFF/sh-coff/bin/../lib/gcc/sh-coff/3.4-GNUSH_v0501/../../../../sh-coff/lib\libc.a(abort.o)
                0x06024160                abort
 .text          0x06024180      0x270 c:/saturn/SH_COFF/sh-coff/bin/../lib/gcc/sh-coff/3.4-GNUSH_v0501/../../../../sh-coff/lib\libc.a(signal.o)
                0x06024240                _raise_r
                0x060243c8                __sigtramp
                0x06024374                raise
                0x060243b0                _init_signal
                0x06024300                __sigtramp_r
                0x06024390                signal
                0x060241cc                _signal_r
                0x06024180                _init_signal_r
 .text          0x060243f0       0x60 c:/saturn/SH_COFF/sh-coff/bin/../lib/gcc/sh-coff/3.4-GNUSH_v0501/../../../../sh-coff/lib\libc.a(signalr.o)
                0x06024438                _getpid_r
                0x060243f0                _kill_r
 *(.strings)

.tors           0x06024450        0x0
                0x06024450                ___ctors = .
 *(.ctors)
                0x06024450                ___ctors_end = .
                0x06024450                ___dtors = .
 *(.dtors)
                0x06024450                ___dtors_end = .

.data           0x06024450     0x2fe0
                0x06024450                STARTOF_R = .
 *(.data)
 .data          0x06024450      0x400 ../sbl6/segasmp/per/smpclib/per_x1.o
 .data          0x06024850     0x1d30 graphics.o
                0x06025952                girl2_num
                0x06025546                girl3_num
                0x06025d5e                girl1_num
                0x06025d60                roarframes_pal
                0x060248c4                starnear_name
                0x06026170                roarbg_pal
                0x06026570                roarbg_name
                0x06025d54                girl1_name
                0x0602489a                font_height
                0x06026160                roarframes_name
                0x0602553c                girl3_name
                0x06025954                girl1_pal
                0x0602513c                girl3_pal
                0x06024d2e                girl5_num
                0x06024890                font_name
                0x0602657c                roarbg_num
                0x06024924                girl5_pal
                0x0602489c                font_width
                0x06024922                stars_num
                0x060248a4                starfar_name
                0x06024918                stars_name
                0x060248a0                font_num
                0x06024850                font_pal
                0x060248c2                starmid_width
                0x060248d4                starnear_width
                0x060248b0                starfar_height
                0x0602513a                girl4_num
                0x0602489e                font_size
                0x0602616e                roarframes_num
                0x060248d2                starnear_height
                0x060248b4                starmid_name
                0x06024d24                girl5_name
                0x06024d30                girl4_pal
                0x060248c0                starmid_height
                0x060248d8                stars_pal
                0x06025130                girl4_name
                0x06025548                girl2_pal
                0x060248b2                starfar_width
                0x06025948                girl2_name
 .data          0x06026580      0x190 intro.o
 .data          0x06026710       0x40 logo.o
 .data          0x06026750       0x10 pcmsys.o
                0x06026754                scsp_load
                0x06026758                m68k_com
                0x06026750                master_volume
 .data          0x06026760       0x30 scroll.o
                0x06026770                CycleTbLoRes
                0x06026780                vram
                0x06026760                CycleTbHiRes
 .data          0x06026790       0x30 sprite.o
 .data          0x060267c0      0x400 ../sbl6/segalib/lib/sega_int.a(int.o)
 .data          0x06026bc0       0x1c ../sbl6/segalib/lib/sega_spr.a(spr_slv.o)
                0x06026bc8                SPR_SlaveParam
                0x06026bd8                SPR_SMPC_SF
                0x06026bd0                SPR_SMPC_COM
                0x06026bcc                SPR_SlaveSHEntry
                0x06026bc4                SPR_SlaveState
                0x06026bc0                SPR_SlaveCommand
                0x06026bd4                SPR_SMPC_RET
 *fill*         0x06026bdc        0x4 00
 .data          0x06026be0       0x34 ../sbl6/segalib/lib/sega_spr.a(spr_1c.o)
                0x06026be0                SpInitialFlag
 *fill*         0x06026c14        0xc 00
 .data          0x06026c20       0x1c ../sbl6/segalib/lib/sega_scl.a(scl_vblv.o)
                0x06026c28                VBInterval
                0x06026c30                ReqDisplayFlag
                0x06026c20                SpFrameChgMode
                0x06026c2c                VBIntervalCounter
                0x06026c24                SpFrameEraseMode
 *fill*         0x06026c3c        0x4 00
 .data          0x06026c40       0x18 ../sbl6/segalib/lib/sega_scl.a(scl_pri.o)
                0x06026c44                SclRealSpPriNum
                0x06026c54                SclRealColOffset
                0x06026c50                SclRealBgColMix
                0x06026c4c                SclRealSpColMix
                0x06026c48                SclRealBgPriNum
                0x06026c40                SclRealOtherPri
 *fill*         0x06026c58        0x8 00
 .data          0x06026c60       0x36 ../sbl6/segalib/lib/sega_scl.a(scl_func.o)
                0x06026c70                SclRotregBuff
                0x06026c6c                SclDisplayY
                0x06026c74                SclRotateTableMode
                0x06026c68                SclProcess
                0x06026c64                SclCurSclNum
                0x06026c60                SclLengthLsTbl
                0x06026c6a                SclDisplayX
                0x06026c62                SclLengthCsTbl
 *fill*         0x06026c96        0xa 00
 .data          0x06026ca0      0x380 c:/saturn/SH_COFF/sh-coff/bin/../lib/gcc/sh-coff/3.4-GNUSH_v0501/../../../../sh-coff/lib\libc.a(impure.o)
                0x0602701c                _impure_ptr
 .data          0x06027020      0x410 c:/saturn/SH_COFF/sh-coff/bin/../lib/gcc/sh-coff/3.4-GNUSH_v0501/../../../../sh-coff/lib\libc.a(mallocr.o)
                0x06027028                __malloc_av_
                0x06027024                __malloc_trim_threshold
                0x06027020                __malloc_sbrk_base
                0x06027430                SIZEOF_R = (. - STARTOF_R)
                0x06027430                ENDOF_R = .

.bss            0x06027430     0x98a4
                0x06027430                STARTOF_B = .
 *(.bss)
 .bss           0x06027430       0x10 vblank.o
                0x06027434                PadData2E
                0x0602743a                PadData1
                0x06027436                PadData2
                0x06027438                PadData1E
                0x06027430                __port
 .bss           0x06027440       0xd0 ../sbl6/segasmp/per/smpclib/per_x2.o
 .bss           0x06027510       0x50 intro.o
 .bss           0x06027560       0x20 logo.o
 .bss           0x06027580       0x10 pcmsys.o
                0x06027580                numberPCMs
 .bss           0x06027590       0x10 scroll.o
                0x06027590                scroll_res
 .bss           0x060275a0     0x3800 sprite.o
                0x060275a0                num_sprites
 .bss           0x0602ada0       0x10 main.o
                0x0602ada0                frame
 .bss           0x0602adb0       0x6e ../sbl6/segalib/lib/sega_spr.a(spr_2c.o)
 *fill*         0x0602ae1e        0x2 00
 .bss           0x0602ae20        0x4 ../sbl6/segalib/lib/sega_scl.a(scl_vblv.o)
 *fill*         0x0602ae24        0xc 00
 .bss           0x0602ae30        0x4 ../sbl6/segalib/lib/sega_scl.a(scl_func.o)
 *fill*         0x0602ae34        0xc 00
 .bss           0x0602ae40       0x48 ../sbl6/segalib/lib/sega_scl.a(scl_ro00.o)
 *fill*         0x0602ae88        0x8 00
 .bss           0x0602ae90        0xc ../sbl6/segalib/lib/sega_cdc.a(cdc_sub.o)
 *fill*         0x0602ae9c        0x4 00
 .bss           0x0602aea0        0x2 ../sbl6/segalib/lib/sega_cdc.a(cdc_reg.o)
 *fill*         0x0602aea2        0xe 00
 .bss           0x0602aeb0       0x9c ../sbl6/segalib/lib/sega_per.a(per_prt.o)
 *fill*         0x0602af4c        0x4 00
 .bss           0x0602af50        0xc ../sbl6/segalib/lib/sega_sat.a(DMA_SCU1.o)
 *fill*         0x0602af5c        0x4 00
 .bss           0x0602af60        0xc ../sbl6/segalib/lib/sega_sat.a(gfs_trn.o)
 *fill*         0x0602af6c        0x4 00
 .bss           0x0602af70       0x20 ../sbl6/segalib/lib/sega_sat.a(DMA_SCU0.o)
 .bss           0x0602af90       0x10 c:/saturn/SH_COFF/sh-coff/bin/../lib/gcc/sh-coff/3.4-GNUSH_v0501\libgcc.a(__main.o)
 .bss           0x0602afa0       0x10 c:/saturn/SH_COFF/sh-coff/bin/../lib/gcc/sh-coff/3.4-GNUSH_v0501/../../../../sh-coff/lib\libc.a(atexit.o)
 .bss           0x0602afb0       0x40 c:/saturn/SH_COFF/sh-coff/bin/../lib/gcc/sh-coff/3.4-GNUSH_v0501/../../../../sh-coff/lib\libc.a(mallocr.o)
                0x0602afe0                __malloc_top_pad
                0x0602afb0                __malloc_current_mallinfo
                0x0602afdc                __malloc_max_sbrked_mem
                0x0602afd8                __malloc_max_total_mem
 .bss           0x0602aff0       0x10 c:/saturn/SH_COFF/sh-coff/bin/../lib/gcc/sh-coff/3.4-GNUSH_v0501/../../../../sh-coff/lib\libc.a(syscalls.o)
 *(COMMON)
 COMMON         0x0602b000     0x1674 cd.o
                                  0x0 (size before relaxing)
                0x0602b000                dirname
                0x0602b960                lib_work
                0x0602c668                directory_table
 *fill*         0x0602c674        0xc 00
 COMMON         0x0602c680     0x14a0 print.o
                                  0x0 (size before relaxing)
                0x0602c680                text
 COMMON         0x0602db20      0x23c scroll.o
                                  0x0 (size before relaxing)
                0x0602db20                scfg3
                0x0602dbb0                scfg0
                0x0602dc40                scfg2
                0x0602dcd0                scfg1
 *fill*         0x0602dd5c        0x4 00
 COMMON         0x0602dd60     0x1460 sprite.o
                                  0x0 (size before relaxing)
                0x0602dd60                sprites
                0x0602e1c0                image_buf
 COMMON         0x0602f1c0       0x8c main.o
                                  0x0 (size before relaxing)
                0x0602f1c0                off_config
 *fill*         0x0602f24c        0x4 00
 COMMON         0x0602f250      0x400 ../sbl6/segalib/lib/sega_int.a(int.o)
                                  0x0 (size before relaxing)
                0x0602f250                __interrupt_vector
 COMMON         0x0602f650       0x50 ../sbl6/segalib/lib/sega_spr.a(spr_2c.o)
                                  0x0 (size before relaxing)
                0x0602f650                SpMstCmd
                0x0602f654                Sp2OpenFlag
                0x0602f658                SpGourTblMax
                0x0602f65c                SpDrawPrtyBlk
                0x0602f660                SpLCoordX
                0x0602f664                SpMstDrawPrtyBlk
                0x0602f668                SpGourTbl
                0x0602f66c                SpLookupTblR
                0x0602f670                SpCmdTbl
                0x0602f674                SpCharMax
                0x0602f678                SpDrawPrtyProcFlag
                0x0602f67c                SpCmdNo
                0x0602f680                SpDrawPrtyBlkMax
                0x0602f684                SpSlvCmdPos
                0x0602f688                SpSlvDrawPrtyBlk
                0x0602f68c                SpCharTbl
                0x0602f690                SpCmdTblR
                0x0602f694                SpMstCmdPos
                0x0602f698                SpSlvCmd
                0x0602f69c                SpLCoordY
 COMMON         0x0602f6a0       0x10 ../sbl6/segalib/lib/sega_spr.a(spr_1c.o)
                                  0x0 (size before relaxing)
                0x0602f6a0                SpScreenY
                0x0602f6a4                SpFbcrMode
                0x0602f6a6                SpDil
                0x0602f6a8                SpDie
                0x0602f6aa                SpTvMode
                0x0602f6ac                SpScreenX
 COMMON         0x0602f6b0      0x6b0 ../sbl6/segalib/lib/sega_scl.a(scl_pri.o)
                                  0x0 (size before relaxing)
                0x0602f6b0                SclAutoEndBlue2
                0x0602f6c0                SclColOffset
                0x0602f6d0                SclPriBuffDirty
                0x0602f6d2                SclAutoEndRed
                0x0602f6d4                SclAutoSurface
                0x0602f6d8                SclAutoGreen
                0x0602f6da                SclAutoEndGreen
                0x0602f6dc                SclAutoCount
                0x0602f6e0                SclColRamAlloc256
                0x0602f700                SclAutoCurRate
                0x0602f701                SclAutoPlusFlag
                0x0602f708                SclSpColMix
                0x0602f710                SclAutoMax
                0x0602f714                SclLineColRamOffset
                0x0602f718                SclColRamAlloc2048
                0x0602f71c                SclBgPriNum
                0x0602f722                SclAutoEndBlue
                0x0602f724                SclAutoEndGreen2
                0x0602f726                SclAutoVeFlag
                0x0602f728                SclBgColMix
                0x0602f730                SclAutoIndex
                0x0602f734                SclAutoEndRate
                0x0602f736                SclAutoBlue
                0x0602f738                SclAutoRed
                0x0602f73c                SclAutoInterval
                0x0602f740                SclOtherPri
                0x0602f750                SclAutoRGB
                0x0602fd50                SclAutoEndRed2
                0x0602fd58                SclSpPriNum
 COMMON         0x0602fd60      0xf00 ../sbl6/segalib/lib/sega_scl.a(scl_func.o)
                                  0x0 (size before relaxing)
                0x0602fd60                SclRbgKtbAddr
                0x0602fd68                SclRb
                0x0602fd6a                Scl_flag
                0x0602fd70                SclK_TableBuff
                0x06030a40                SclAddrCsTbl
                0x06030a50                Scl_s_reg
                0x06030a78                SclRotateXy
                0x06030a80                Scl_d_reg
                0x06030ac8                SclRotateDisp
                0x06030ad0                SclRotateMoveZ
                0x06030ad8                SclRotXySw
                0x06030ae0                Scl_r_reg
                0x06030af0                SclRPMD
                0x06030af8                SclRbgKtbOffset
                0x06030b00                _SclRotregBuff
                0x06030bd0                SclRa
                0x06030bd8                SclRotateZ
                0x06030be0                SclAddrLsTbl
                0x06030be8                SclK_TableNum
                0x06030bf0                SclRotateTableAddress
                0x06030bf4                SclK_TableFlag
                0x06030c00                Scl_w_reg
                0x06030c20                Scl_n_reg
 COMMON         0x06030c60       0x10 ../sbl6/segalib/lib/sega_scl.a(scl_ro00.o)
                                  0x0 (size before relaxing)
                0x06030c60                SclCsx
                0x06030c68                SclCsy
 COMMON         0x06030c70       0x15 ../sbl6/segalib/lib/sega_per.a(per_prt.o)
                                  0x0 (size before relaxing)
                0x06030c70                per_get_time_flg
                0x06030c71                per_hot_res
                0x06030c72                per_set_sys_flg
                0x06030c74                per_get_time_adr
                0x06030c78                per_get_sys_data
                0x06030c84                per_time_out_flg
 *fill*         0x06030c85        0xb 00
 COMMON         0x06030c90        0xc ../sbl6/segalib/lib/sega_sat.a(gfs.o)
                                  0x0 (size before relaxing)
                0x06030c90                GFMC_base
                0x06030c94                gfs_mng_ptr
                0x06030c98                gfs_use_scudma
 *fill*         0x06030c9c        0x4 00
 COMMON         0x06030ca0        0x8 ../sbl6/segalib/lib/sega_sat.a(DMA_CPU5.o)
                                  0x0 (size before relaxing)
                0x06030ca0                dma_cpu_cnt
                0x06030ca4                dma_cpu_dis_adr
 *fill*         0x06030ca8        0x8 00
 COMMON         0x06030cb0        0x8 ../sbl6/segalib/lib/sega_sat.a(gfs_cdf.o)
                                  0x0 (size before relaxing)
                0x06030cb0                gfcf_fad
                0x06030cb4                gfcf_stat
 *fill*         0x06030cb8        0x8 00
 COMMON         0x06030cc0        0xc ../sbl6/segalib/lib/sega_sat.a(gfs_cdc.o)
                                  0x0 (size before relaxing)
                0x06030cc0                gfcd_fatal_err
                0x06030cc4                gfcd_work
                0x06030cc8                gfcd_playflag
 *fill*         0x06030ccc        0x4 00
 COMMON         0x06030cd0        0x4 c:/saturn/SH_COFF/sh-coff/bin/../lib/gcc/sh-coff/3.4-GNUSH_v0501/../../../../sh-coff/lib\libc.a(syscalls.o)
                                  0x0 (size before relaxing)
                0x06030cd0                errno
                0x06030cd4                SIZEOF_B = (. - STARTOF_B)
                0x06030cd4                ENDOF_B = .
                0x06030cd4                _end = .
OUTPUT(main.cof coff-sh)

.comment        0x06030ce0      0x4c0
 .comment       0x06030ce0       0x20 ../sbl6/segasmp/lib/strt2_g.o
 .comment       0x06030d00       0x20 vblank.o
 .comment       0x06030d20       0x20 ../sbl6/segasmp/per/smpclib/per_x1.o
 .comment       0x06030d40       0x20 ../sbl6/segasmp/per/smpclib/per_x2.o
 .comment       0x06030d60       0x20 cd.o
 .comment       0x06030d80       0x20 graphics.o
 .comment       0x06030da0       0x20 intro.o
 .comment       0x06030dc0       0x20 logo.o
 .comment       0x06030de0       0x20 pcmsys.o
 .comment       0x06030e00       0x20 print.o
 .comment       0x06030e20       0x20 scroll.o
 .comment       0x06030e40       0x20 sound.o
 .comment       0x06030e60       0x20 sprite.o
 .comment       0x06030e80       0x20 main.o
 .comment       0x06030ea0       0x20 c:/saturn/SH_COFF/sh-coff/bin/../lib/gcc/sh-coff/3.4-GNUSH_v0501\libgcc.a(__main.o)
 .comment       0x06030ec0       0x20 c:/saturn/SH_COFF/sh-coff/bin/../lib/gcc/sh-coff/3.4-GNUSH_v0501\libgcc.a(_si_to_df.o)
 .comment       0x06030ee0       0x20 c:/saturn/SH_COFF/sh-coff/bin/../lib/gcc/sh-coff/3.4-GNUSH_v0501\libgcc.a(_mul_df.o)
 .comment       0x06030f00       0x20 c:/saturn/SH_COFF/sh-coff/bin/../lib/gcc/sh-coff/3.4-GNUSH_v0501\libgcc.a(_df_to_si.o)
 .comment       0x06030f20       0x20 c:/saturn/SH_COFF/sh-coff/bin/../lib/gcc/sh-coff/3.4-GNUSH_v0501\libgcc.a(_pack_df.o)
 .comment       0x06030f40       0x20 c:/saturn/SH_COFF/sh-coff/bin/../lib/gcc/sh-coff/3.4-GNUSH_v0501\libgcc.a(_unpack_df.o)
 .comment       0x06030f60       0x20 c:/saturn/SH_COFF/sh-coff/bin/../lib/gcc/sh-coff/3.4-GNUSH_v0501\libgcc.a(_thenan_df.o)
 .comment       0x06030f80       0x20 c:/saturn/SH_COFF/sh-coff/bin/../lib/gcc/sh-coff/3.4-GNUSH_v0501\libgcc.a(_muldi3.o)
 .comment       0x06030fa0       0x20 c:/saturn/SH_COFF/sh-coff/bin/../lib/gcc/sh-coff/3.4-GNUSH_v0501\libgcc.a(_lshrdi3.o)
 .comment       0x06030fc0       0x20 c:/saturn/SH_COFF/sh-coff/bin/../lib/gcc/sh-coff/3.4-GNUSH_v0501\libgcc.a(_ashldi3.o)
 .comment       0x06030fe0       0x20 c:/saturn/SH_COFF/sh-coff/bin/../lib/gcc/sh-coff/3.4-GNUSH_v0501/../../../../sh-coff/lib\libc.a(memcmp.o)
 .comment       0x06031000       0x20 c:/saturn/SH_COFF/sh-coff/bin/../lib/gcc/sh-coff/3.4-GNUSH_v0501/../../../../sh-coff/lib\libc.a(strncmp.o)
 .comment       0x06031020       0x20 c:/saturn/SH_COFF/sh-coff/bin/../lib/gcc/sh-coff/3.4-GNUSH_v0501/../../../../sh-coff/lib\libc.a(strncpy.o)
 .comment       0x06031040       0x20 c:/saturn/SH_COFF/sh-coff/bin/../lib/gcc/sh-coff/3.4-GNUSH_v0501/../../../../sh-coff/lib\libc.a(atexit.o)
 .comment       0x06031060       0x20 c:/saturn/SH_COFF/sh-coff/bin/../lib/gcc/sh-coff/3.4-GNUSH_v0501/../../../../sh-coff/lib\libc.a(impure.o)
 .comment       0x06031080       0x20 c:/saturn/SH_COFF/sh-coff/bin/../lib/gcc/sh-coff/3.4-GNUSH_v0501/../../../../sh-coff/lib\libc.a(malloc.o)
 .comment       0x060310a0       0x20 c:/saturn/SH_COFF/sh-coff/bin/../lib/gcc/sh-coff/3.4-GNUSH_v0501/../../../../sh-coff/lib\libc.a(mallocr.o)
 .comment       0x060310c0       0x20 c:/saturn/SH_COFF/sh-coff/bin/../lib/gcc/sh-coff/3.4-GNUSH_v0501/../../../../sh-coff/lib\libc.a(freer.o)
 .comment       0x060310e0       0x20 c:/saturn/SH_COFF/sh-coff/bin/../lib/gcc/sh-coff/3.4-GNUSH_v0501/../../../../sh-coff/lib\libc.a(mlock.o)
 .comment       0x06031100       0x20 c:/saturn/SH_COFF/sh-coff/bin/../lib/gcc/sh-coff/3.4-GNUSH_v0501/../../../../sh-coff/lib\libc.a(sbrkr.o)
 .comment       0x06031120       0x20 c:/saturn/SH_COFF/sh-coff/bin/../lib/gcc/sh-coff/3.4-GNUSH_v0501/../../../../sh-coff/lib\libc.a(syscalls.o)
 .comment       0x06031140       0x20 c:/saturn/SH_COFF/sh-coff/bin/../lib/gcc/sh-coff/3.4-GNUSH_v0501/../../../../sh-coff/lib\libc.a(abort.o)
 .comment       0x06031160       0x20 c:/saturn/SH_COFF/sh-coff/bin/../lib/gcc/sh-coff/3.4-GNUSH_v0501/../../../../sh-coff/lib\libc.a(signal.o)
 .comment       0x06031180       0x20 c:/saturn/SH_COFF/sh-coff/bin/../lib/gcc/sh-coff/3.4-GNUSH_v0501/../../../../sh-coff/lib\libc.a(signalr.o)
