Archive member included because of file (symbol)

../sbl6/segalib/lib/sega_int.a(int.o)
                              vblank.o (INT_SetScuFunc)
../sbl6/segalib/lib/sega_int.a(int_trmp.o)
                              ../sbl6/segalib/lib/sega_int.a(int.o) (__interrupt_handler0)
../sbl6/segalib/lib/sega_spr.a(spr_2c.o)
                              sprite.o (SPR_2Initial)
../sbl6/segalib/lib/sega_spr.a(spr_slv.o)
                              ../sbl6/segalib/lib/sega_spr.a(spr_2c.o) (SPR_InitSlaveSH)
../sbl6/segalib/lib/sega_spr.a(spr_1c.o)
                              ../sbl6/segalib/lib/sega_spr.a(spr_2c.o) (SPR_Initial)
../sbl6/segalib/lib/sega_spr.a(spr_2a.o)
                              ../sbl6/segalib/lib/sega_spr.a(spr_2c.o) (SPR_2SetDrawPrty)
../sbl6/segalib/lib/sega_scl.a(scl_vblv.o)
                              ../sbl6/segalib/lib/sega_spr.a(spr_1c.o) (SpFrameChgMode)
../sbl6/segalib/lib/sega_scl.a(scl_pr12.o)
                              game.o (SCL_SetColOffset)
../sbl6/segalib/lib/sega_scl.a(scl_pr07.o)
                              game.o (SCL_SetPriority)
../sbl6/segalib/lib/sega_scl.a(scl_pr02.o)
                              game.o (SCL_SetColRam)
../sbl6/segalib/lib/sega_scl.a(scl_pr11.o)
                              game.o (SCL_SetAutoColOffset)
../sbl6/segalib/lib/sega_scl.a(scl_pri.o)
                              ../sbl6/segalib/lib/sega_scl.a(scl_pr11.o) (SclAutoVeFlag)
../sbl6/segalib/lib/sega_scl.a(scl_pr10.o)
                              intro.o (SCL_SetAutoColMix)
../sbl6/segalib/lib/sega_scl.a(scl_fu05.o)
                              intro.o (SCL_InitLineParamTb)
../sbl6/segalib/lib/sega_scl.a(scl_func.o)
                              ../sbl6/segalib/lib/sega_scl.a(scl_fu05.o) (SclLengthLsTbl)
../sbl6/segalib/lib/sega_scl.a(scl_fu01.o)
                              scroll.o (SCL_SetDisplayMode)
../sbl6/segalib/lib/sega_scl.a(scl_fu04.o)
                              scroll.o (SCL_SetCycleTable)
../sbl6/segalib/lib/sega_scl.a(scl_pr03.o)
                              scroll.o (SCL_AllocColRam)
../sbl6/segalib/lib/sega_scl.a(scl_back.o)
                              scroll.o (SCL_SetBack)
../sbl6/segalib/lib/sega_scl.a(scl_fu03.o)
                              scroll.o (SCL_InitConfigTb)
../sbl6/segalib/lib/sega_scl.a(scl_fu02.o)
                              scroll.o (SCL_InitVramConfigTb)
../sbl6/segalib/lib/sega_scl.a(scl_pr01.o)
                              main.o (SCL_SetSpriteMode)
../sbl6/segalib/lib/sega_scl.a(scl_pr05.o)
                              ../sbl6/segalib/lib/sega_scl.a(scl_pr02.o) (SCL_GetColRamOffset)
../sbl6/segalib/lib/sega_scl.a(scl_ro00.o)
                              ../sbl6/segalib/lib/sega_scl.a(scl_func.o) (SCL_Rotate)
../sbl6/segalib/lib/sega_scl.a(scl_pr06.o)
                              ../sbl6/segalib/lib/sega_scl.a(scl_pr03.o) (SCL_SetColRamOffset)
../sbl6/segalib/lib/sega_mth.a(mth_rand.o)
                              main.o (MTH_InitialRand)
../sbl6/segalib/lib/sega_mth.a(mth_fixd.o)
                              game.o (MTH_Mul)
../sbl6/segalib/lib/sega_mth.a(mth_tri.o)
                              game.o (MTH_Sin)
../sbl6/segalib/lib/sega_cdc.a(cdc_drv.o)
                              sound.o (CDC_CdPlay)
../sbl6/segalib/lib/sega_cdc.a(cdc_cmn.o)
                              main.o (CDC_GetPeriStat)
../sbl6/segalib/lib/sega_cdc.a(cdc_sub.o)
                              ../sbl6/segalib/lib/sega_cdc.a(cdc_cmn.o) (CDSUB_UpdStatus)
../sbl6/segalib/lib/sega_cdc.a(cdc_reg.o)
                              ../sbl6/segalib/lib/sega_cdc.a(cdc_cmn.o) (CDREG_ClrHirqReq)
../sbl6/segalib/lib/sega_per.a(per_prt.o)
                              smpclib/per_x2.o (PER_LInit)
../sbl6/segalib/lib/sega_sat.a(gfs.o)
                              cd.o (GFS_Init)
../sbl6/segalib/lib/sega_sat.a(DMA_CPU1.o)
                              game.o (DMA_CpuMemCopy1)
../sbl6/segalib/lib/sega_sat.a(DMA_CPU2.o)
                              intro.o (DMA_CpuMemCopy2)
../sbl6/segalib/lib/sega_sat.a(DMA_SCU1.o)
                              ../sbl6/segalib/lib/sega_spr.a(spr_2c.o) (DMA_ScuMemCopy)
../sbl6/segalib/lib/sega_sat.a(gfs_cdf.o)
                              ../sbl6/segalib/lib/sega_sat.a(gfs.o) (GFCF_Init)
../sbl6/segalib/lib/sega_sat.a(gfs_dir.o)
                              ../sbl6/segalib/lib/sega_sat.a(gfs.o) (GFDR_SetupDirTbl)
../sbl6/segalib/lib/sega_sat.a(gfs_trn.o)
                              ../sbl6/segalib/lib/sega_sat.a(gfs.o) (GFTR_Setup)
../sbl6/segalib/lib/sega_sat.a(gfs_buf.o)
                              ../sbl6/segalib/lib/sega_sat.a(gfs.o) (GFBF_GetNumData)
../sbl6/segalib/lib/sega_sat.a(gfs_cdb.o)
                              ../sbl6/segalib/lib/sega_sat.a(gfs_cdf.o) (GFCB_Setup)
../sbl6/segalib/lib/sega_sat.a(gfs_cdc.o)
                              ../sbl6/segalib/lib/sega_sat.a(gfs.o) (GFCD_SetCdbfs)
../sbl6/segalib/lib/sega_sat.a(DMA_CPU0.o)
[...]
Memory Configuration

Name             Origin             Length             Attributes
*default*        0x00000000         0xffffffff

Linker script and memory map

LOAD ../sbl6/segasmp/lib/strt1_g.o
LOAD ../sbl6/segasmp/lib/strt2_g.o
LOAD vblank.o
LOAD smpclib/per_x1.o
LOAD smpclib/per_x2.o
LOAD smpclib/per_x3.o
LOAD spritecode/explosion.o
LOAD cd.o
LOAD crc.o
LOAD devcart.o
LOAD game.o
LOAD graphics.o
LOAD intro.o
LOAD logo.o
LOAD menu.o
LOAD pcmsys.o
LOAD print.o
LOAD scroll.o
LOAD sound.o
LOAD sprite.o
LOAD main.o
LOAD ../sbl6/segalib/lib/sega_int.a
LOAD ../sbl6/segalib/lib/sega_spr.a
LOAD ../sbl6/segalib/lib/sega_scl.a
LOAD ../sbl6/segalib/lib/sega_mth.a
LOAD ../sbl6/segalib/lib/sega_cdc.a
LOAD ../sbl6/segalib/lib/sega_adp.a
LOAD ../sbl6/segalib/lib/sega_per.a
LOAD ../sbl6/segalib/lib/sega_sat.a
LOAD C:/saturn/SH_COFF/sh-coff/bin/../lib/gcc/sh-coff/3.4-GNUSH_v0501\libgcc.a
LOAD C:/saturn/SH_COFF/sh-coff/bin/../lib/gcc/sh-coff/3.4-GNUSH_v0501/../../../../sh-coff/lib\libc.a
LOAD C:/saturn/SH_COFF/sh-coff/bin/../lib/gcc/sh-coff/3.4-GNUSH_v0501\libgcc.a

.text           0x06010000    0x16e30
 *(.text)
 .text          0x06010000       0x30 ../sbl6/segasmp/lib/strt1_g.o
                0x06010024                _D_END
                0x06010020                _D_BGN
                0x0601002c                _B_END
                0x06010028                _B_BGN
                0x06010000                START
 .text          0x06010030       0x60 ../sbl6/segasmp/lib/strt2_g.o
                0x06010050                _INITSCT
                0x06010030                _INIT
 .text          0x06010090      0x220 vblank.o
                0x06010090                SetVblank
                0x06010110                UsrVblankOut
                0x060100f0                UsrVblankIn
 .text          0x060102b0      0x240 smpclib/per_x1.o
                0x06010490                PER_GetAnalogXYZ
                0x060102d0                PER_GetTriggerHandler
                0x06010420                PER_GetEdge
                0x060103e0                PER_GetTrigger
                0x06010430                PER_GetPressEdge
                0x06010460                PER_GetReleaseEdge
                0x060102b0                PER_SetTriggerHandler
 .text          0x060104f0      0x180 smpclib/per_x2.o
                0x060105d0                PER_GetDeviceA
                0x060104f0                PER_OpenPort
                0x06010520                PER_GetPort
                0x06010610                PER_GetDeviceR
 .text          0x06010670       0x20 smpclib/per_x3.o
                0x06010670                PER_DisguiseTrigger
 .text          0x06010690       0xb0 spritecode/explosion.o
                0x060106f0                explosion_move
                0x06010690                explosion_make
 .text          0x06010740      0x120 cd.o
                0x060107e0                cd_load_nosize
                0x06010740                cd_init
                0x06010770                cd_load
 .text          0x06010860      0x140 crc.o
                0x06010960                crc_update
 .text          0x060109a0      0x1c0 devcart.o
                0x06010b20                devcart_reset
                0x06010a10                devcart_loadfile
                0x06010b10                devcart_printstr
 .text          0x06010b60      0xdc0 game.o
                0x06010c60                game_run
 .text          0x06011920      0xe00 intro.o
                0x06011920                intro_run
 .text          0x06012720      0x370 logo.o
                0x06012780                logo_run
                0x06012720                logo_loadframe
 .text          0x06012a90      0xbd0 menu.o
                0x06012dc0                menu_run
                0x06012c70                sqrt32
 .text          0x06013660      0x8c0 pcmsys.o
                0x06013d20                load_8bit_pcm
                0x06013a80                smpc_issue_command
                0x06013b20                load_drv
                0x06013eb0                pcm_parameter_change
                0x06013a60                smpc_wait_till_ready
                0x06013aa0                load_driver_binary
                0x06013e70                pcm_play
                0x06013ee0                pcm_cease
                0x06013b70                calculate_bytes_per_blank
                0x06013bc0                load_16bit_pcm
 .text          0x06013f20      0x230 print.o
                0x060140b0                print_display
                0x06014000                print_num
                0x06013f20                print_load
                0x06013fd0                print_init
                0x06014050                print_string
 .text          0x06014150      0x550 scroll.o
                0x06014150                scroll_lores
                0x06014560                scroll_move
                0x060145b0                scroll_clearmaps
                0x06014510                scroll_set
                0x06014600                scroll_charsize
                0x06014650                scroll_mapsize
                0x060141b0                scroll_hires
                0x060142f0                scroll_init
                0x06014210                scroll_scale
 .text          0x060146a0      0x1a0 sound.o
                0x06014820                sound_play
                0x060146d0                sound_init
                0x060147c0                sound_cdda
 .text          0x06014840      0x5f0 sprite.o
                0x06014870                sprite_init
                0x06014c60                sprite_make
                0x06014da0                sprite_next
                0x06014930                sprite_erase
                0x06014e00                sprite_delete
                0x06014cb0                sprite_draw_all
                0x06014840                sprite_deleteall
                0x06014990                sprite_startdraw
                0x06014a10                sprite_draw
 .text          0x06014e30      0x220 main.o
                0x06014e30                main
 .text          0x06015050       0x40 ../sbl6/segalib/lib/sega_int.a(int.o)
                0x0601507c                INT_GetScuFunc
                0x06015050                INT_SetScuFunc
 .text          0x06015090      0x624 ../sbl6/segalib/lib/sega_int.a(int_trmp.o)
                0x060151f8                __interrupt_handler60
                0x060153a8                __interrupt_handler132
                0x0601555e                __interrupt_handler205
                0x060153c6                __interrupt_handler137
                0x060152f4                __interrupt_handler102
                0x06015132                __interrupt_handler27
                0x06015534                __interrupt_handler198
                0x06015426                __interrupt_handler153
                0x0601510e                __interrupt_handler21
                0x0601521c                __interrupt_handler66
                0x0601530c                __interrupt_handler106
                0x06015456                __interrupt_handler161
                0x060152a0                __interrupt_handler88
                0x0601546e                __interrupt_handler165
                0x0601537e                __interrupt_handler125
                0x060150b4                __interrupt_handler6
                0x06015150                __interrupt_handler32
                0x0601550a                __interrupt_handler191
                0x06015624                __interrupt_handler238
                0x0601563c                __interrupt_handler242
                0x06015444                __interrupt_handler158
                0x060152ac                __interrupt_handler90
                0x06015468                __interrupt_handler164
                0x0601518c                __interrupt_handler42
                0x060154ce                __interrupt_handler181
                0x060155d6                __interrupt_handler225
                0x0601567e                __interrupt_handler253
                0x06015492                __interrupt_handler171
                0x0601524c                __interrupt_handler74
                0x060150a2                __interrupt_handler3
                0x060151e6                __interrupt_handler57
                0x060150e4                __interrupt_handler14
                0x0601557c                __interrupt_handler210
                0x060155ac                __interrupt_handler218
                0x06015570                __interrupt_handler208
                0x06015174                __interrupt_handler38
                0x06015090                __interrupt_handler0
                0x06015300                __interrupt_handler104
                0x0601543e                __interrupt_handler157
                0x0601558e                __interrupt_handler213
                0x06015480                __interrupt_handler168
                0x0601528e                __interrupt_handler85
                0x0601532a                __interrupt_handler111
                0x0601533c                __interrupt_handler114
                0x060151aa                __interrupt_handler47
                0x06015600                __interrupt_handler232
                0x060155ca                __interrupt_handler223
                0x0601561e                __interrupt_handler237
                0x0601520a                __interrupt_handler63
                0x06015198                __interrupt_handler44
                0x060154aa                __interrupt_handler175
                0x060154d4                __interrupt_handler182
                0x060154ec                __interrupt_handler186
                0x060153ea                __interrupt_handler143
                0x06015312                __interrupt_handler107
                0x06015378                __interrupt_handler124
                0x06015498                __interrupt_handler172
                0x0601564e                __interrupt_handler245
                0x060152ca                __interrupt_handler95
                0x060153a2                __interrupt_handler131
                0x060153b4                __interrupt_handler134
                0x060153d2                __interrupt_handler139
                0x06015240                __interrupt_handler72
                0x060155fa                __interrupt_handler231
                0x06015450                __interrupt_handler160
                0x06015396                __interrupt_handler129
                0x06015108                __interrupt_handler20
                0x06015216                __interrupt_handler65
                0x060151e0                __interrupt_handler56
                0x060150de                __interrupt_handler13
                0x06015576                __interrupt_handler209
                0x06015330                __interrupt_handler112
                0x06015102                __interrupt_handler19
                0x060152be                __interrupt_handler93
                0x06015528                __interrupt_handler196
                0x0601541a                __interrupt_handler151
                0x0601547a                __interrupt_handler167
                0x06015690                __trampoline
                0x060150f6                __interrupt_handler17
                0x060155e8                __interrupt_handler228
                0x0601568a                __interrupt_handler255
                0x06015648                __interrupt_handler244
                0x060152e2                __interrupt_handler99
                0x060154da                __interrupt_handler183
                0x060153d8                __interrupt_handler140
                0x060154fe                __interrupt_handler189
                0x060153fc                __interrupt_handler146
                0x060155c4                __interrupt_handler222
                0x06015438                __interrupt_handler156
                0x0601536c                __interrupt_handler122
                0x06015660                __interrupt_handler248
                0x060151b0                __interrupt_handler48
                0x0601522e                __interrupt_handler69
                0x06015120                __interrupt_handler24
                0x060152a6                __interrupt_handler89
                0x0601559a                __interrupt_handler215
                0x06015684                __interrupt_handler254
                0x0601529a                __interrupt_handler87
                0x060151fe                __interrupt_handler61
                0x06015522                __interrupt_handler195
                0x06015414                __interrupt_handler150
                0x06015186                __interrupt_handler41
                0x06015324                __interrupt_handler110
                0x0601538a                __interrupt_handler127
                0x06015318                __interrupt_handler108
                0x06015336                __interrupt_handler113
                0x06015348                __interrupt_handler116
                0x06015366                __interrupt_handler121
                0x0601525e                __interrupt_handler77
                0x0601517a                __interrupt_handler39
                0x06015192                __interrupt_handler43
                0x06015666                __interrupt_handler249
                0x060154a4                __interrupt_handler174
                0x060153c0                __interrupt_handler136
                0x060154f8                __interrupt_handler188
                0x060153f6                __interrupt_handler145
                0x060150c6                __interrupt_handler9
                0x0601526a                __interrupt_handler79
                0x060155e2                __interrupt_handler227
                0x0601515c                __interrupt_handler34
                0x0601539c                __interrupt_handler130
                0x0601565a                __interrupt_handler247
                0x06015252                __interrupt_handler75
                0x0601549e                __interrupt_handler173
                0x060151ce                __interrupt_handler53
                0x0601540e                __interrupt_handler149
                0x06015672                __interrupt_handler251
                0x06015606                __interrupt_handler233
                0x060150cc                __interrupt_handler10
                0x06015558                __interrupt_handler204
                0x0601527c                __interrupt_handler82
                0x06015282                __interrupt_handler83
                0x06015126                __interrupt_handler25
                0x06015642                __interrupt_handler243
                0x0601545c                __interrupt_handler162
                0x060151a4                __interrupt_handler46
                0x060154bc                __interrupt_handler178
                0x06015270                __interrupt_handler80
                0x06015204                __interrupt_handler62
                0x0601509c                __interrupt_handler2
                0x0601513e                __interrupt_handler29
                0x06015234                __interrupt_handler70
                0x0601531e                __interrupt_handler109
                0x06015408                __interrupt_handler148
                0x060152c4                __interrupt_handler94
                0x060155d0                __interrupt_handler224
                0x060152fa                __interrupt_handler103
                0x06015168                __interrupt_handler36
                0x06015384                __interrupt_handler126
                0x06015654                __interrupt_handler246
                0x060151da                __interrupt_handler55
                0x060150d8                __interrupt_handler12
                0x060151c8                __interrupt_handler52
                0x060154f2                __interrupt_handler187
                0x060153f0                __interrupt_handler144
                0x0601534e                __interrupt_handler117
                0x060150fc                __interrupt_handler18
                0x0601552e                __interrupt_handler197
                0x06015420                __interrupt_handler152
                0x06015354                __interrupt_handler118
                0x0601548c                __interrupt_handler170
                0x06015546                __interrupt_handler201
                0x060152d6                __interrupt_handler97
                0x06015462                __interrupt_handler163
                0x060154c8                __interrupt_handler180
                0x06015510                __interrupt_handler192
                0x06015630                __interrupt_handler240
                0x06015372                __interrupt_handler123
                0x06015594                __interrupt_handler214
                0x0601514a                __interrupt_handler31
                0x06015138                __interrupt_handler28
                0x06015222                __interrupt_handler67
                0x06015228                __interrupt_handler68
                0x06015114                __interrupt_handler22
                0x0601511a                __interrupt_handler23
                0x060154b0                __interrupt_handler176
                0x060150ba                __interrupt_handler7
                0x060155be                __interrupt_handler221
                0x060155a6                __interrupt_handler217
                0x060155ee                __interrupt_handler229
                0x060151b6                __interrupt_handler49
                0x060150a8                __interrupt_handler4
                0x06015180                __interrupt_handler40
                0x06015342                __interrupt_handler115
                0x06015612                __interrupt_handler235
                0x060152b2                __interrupt_handler91
                0x06015564                __interrupt_handler206
                0x060154b6                __interrupt_handler177
                0x06015402                __interrupt_handler147
                0x0601516e                __interrupt_handler37
                0x0601566c                __interrupt_handler250
                0x06015096                __interrupt_handler1
                0x060155b2                __interrupt_handler219
                0x06015258                __interrupt_handler76
                0x060152e8                __interrupt_handler100
                0x060151ec                __interrupt_handler58
                0x060150ea                __interrupt_handler15
                0x06015588                __interrupt_handler212
                0x06015636                __interrupt_handler241
                0x0601554c                __interrupt_handler202
                0x06015516                __interrupt_handler193
                0x06015264                __interrupt_handler78
                0x060151bc                __interrupt_handler50
                0x06015156                __interrupt_handler33
                0x06015474                __interrupt_handler166
                0x060153cc                __interrupt_handler138
                0x060153ba                __interrupt_handler135
                0x06015144                __interrupt_handler30
                0x060154e0                __interrupt_handler184
                0x060153de                __interrupt_handler141
                0x060155f4                __interrupt_handler230
                0x06015618                __interrupt_handler236
                0x0601535a                __interrupt_handler119
                0x06015294                __interrupt_handler86
                0x06015306                __interrupt_handler105
                0x06015276                __interrupt_handler81
                0x06015360                __interrupt_handler120
                0x06015390                __interrupt_handler128
                0x060151d4                __interrupt_handler54
                0x060150d2                __interrupt_handler11
                0x0601553a                __interrupt_handler199
                0x0601542c                __interrupt_handler154
                0x0601519e                __interrupt_handler45
                0x060155a0                __interrupt_handler216
                0x06015552                __interrupt_handler203
                0x060152ee                __interrupt_handler101
                0x06015288                __interrupt_handler84
                0x060154e6                __interrupt_handler185
                0x060153e4                __interrupt_handler142
                0x0601512c                __interrupt_handler26
                0x06015210                __interrupt_handler64
                0x06015540                __interrupt_handler200
                0x0601556a                __interrupt_handler207
                0x0601551c                __interrupt_handler194
                0x060152b8                __interrupt_handler92
                0x06015432                __interrupt_handler155
                0x06015582                __interrupt_handler211
                0x060153ae                __interrupt_handler133
                0x060150ae                __interrupt_handler5
                0x06015246                __interrupt_handler73
                0x060150f0                __interrupt_handler16
                0x0601562a                __interrupt_handler239
                0x0601560c                __interrupt_handler234
                0x06015162                __interrupt_handler35
                0x060151f2                __interrupt_handler59
                0x06015486                __interrupt_handler169
                0x060152dc                __interrupt_handler98
                0x0601523a                __interrupt_handler71
                0x060151c2                __interrupt_handler51
                0x0601544a                __interrupt_handler159
                0x060155dc                __interrupt_handler226
                0x060152d0                __interrupt_handler96
                0x06015504                __interrupt_handler190
                0x060155b8                __interrupt_handler220
                0x060150c0                __interrupt_handler8
                0x060154c2                __interrupt_handler179
                0x06015678                __interrupt_handler252
 *fill*         0x060156b4        0xc 00
 .text          0x060156c0     0x12a0 ../sbl6/segalib/lib/sega_spr.a(spr_2c.o)
                0x06016920                SlaveFlushDrawPrtyBlock
                0x060156c0                SPR_2Initial
                0x06015f04                SPR_2SysClip
                0x06015ea4                SPR_2LocalCoord
                0x0601679c                SPR_2FlushDrawPrtyBlock
                0x06016488                SPR_2DistSpr
                0x06015e8c                SPR_2FlushDrawPrty
                0x060165ac                SPR_2Cmd
                0x06015b88                SPR_2GourTblNoToVram
                0x06015be8                SPR_2GetAreaSizeInfo
                0x06015950                SPR_2SetGourTbl
                0x0601613c                SPR_2Polygon
                0x06015bc4                SPR_2CharNoToVram
                0x060158d0                SPR_2SetTvMode
                0x06015d2c                SPR_2CloseCommand
                0x0601590c                SPR_2FrameEraseData
                0x060156e8                SPR_2Initial2
                0x0601631c                SPR_2ScaleSpr
                0x06015fac                SPR_2Line
                0x06015c78                SPR_2OpenCommand
                0x060158ec                SPR_2FrameChgIntr
                0x060161f8                SPR_2NormSpr
                0x06015980                SPR_2SetLookupTbl
                0x060159b4                SPR_2SetChar
                0x06015bac                SPR_2LookupTblNoToVram
                0x06016080                SPR_2PolyLine
                0x06015b20                SPR_2ClrAllChar
                0x06015ad4                SPR_2ClrChar
                0x06015f50                SPR_2UserClip
 .text          0x06016960      0x1e6 ../sbl6/segalib/lib/sega_spr.a(spr_slv.o)
                0x06016ac4                SPR_WaitEndSlaveSH
                0x06016960                SPR_SMPC_SSHON
                0x06016aa0                SPR_RunSlaveSH
                0x06016964                SPR_InitSlaveSH
                0x06016a2c                SPR_SlaveSHmain
                0x06016961                SPR_SMPC_SSHOFF
 *fill*         0x06016b46        0xa 00
 .text          0x06016b50      0x36a ../sbl6/segalib/lib/sega_spr.a(spr_1c.o)
                0x06016e04                SPR_WaitDrawEnd
                0x06016e1c                SPR_SetEosMode
                0x06016d34                SPR_SetEraseData
                0x06016b50                SPR_Initial
                0x06016c28                SPR_SetTvMode
                0x06016cc0                SPR_GetStatus
 *fill*         0x06016eba        0x6 00
 .text          0x06016ec0      0x244 ../sbl6/segalib/lib/sega_spr.a(spr_2a.o)
                0x06016ed2                sprMemCpyW
                0x06016f30                flushDrawPrtyBlock
                0x06016ec0                sprMemCpyL
                0x06016ee4                SPR_2SetDrawPrty
 *fill*         0x06017104        0xc 00
 .text          0x06017110      0x2fc ../sbl6/segalib/lib/sega_scl.a(scl_vblv.o)
                0x060171cc                SCL_DisplayFrame
                0x06017110                SCL_SetFrameInterval
                0x06017200                SCL_VblInit
                0x06017250                SCL_VblankStart
                0x06017294                SCL_VblankEnd
 *fill*         0x0601740c        0x4 00
 .text          0x06017410      0x1f4 ../sbl6/segalib/lib/sega_scl.a(scl_pr12.o)
                0x06017410                SCL_SetColOffset
 *fill*         0x06017604        0xc 00
 .text          0x06017610      0x214 ../sbl6/segalib/lib/sega_scl.a(scl_pr07.o)
                0x06017610                SCL_SetPriority
 *fill*         0x06017824        0xc 00
 .text          0x06017830       0x9c ../sbl6/segalib/lib/sega_scl.a(scl_pr02.o)
                0x06017830                SCL_SetColRam
 *fill*         0x060178cc        0x4 00
 .text          0x060178d0      0x180 ../sbl6/segalib/lib/sega_scl.a(scl_pr11.o)
                0x060178d0                SCL_SetAutoColOffset
 .text          0x06017a50     0x10a4 ../sbl6/segalib/lib/sega_scl.a(scl_pri.o)
                0x06017ae4                SCL_AbortAutoVe
                0x06018994                SCL_SetShadowBit
                0x06017f5c                SCL_AutoExec
                0x06017a50                SCL_PriorityInit
                0x06018470                SCL_IncColOffset
                0x06017af8                SCL_SetColMixRate
                0x06017ac8                SCL_GetColRamMode
 *fill*         0x06018af4        0xc 00
 .text          0x06018b00       0x98 ../sbl6/segalib/lib/sega_scl.a(scl_pr10.o)
                0x06018b00                SCL_SetAutoColMix
 *fill*         0x06018b98        0x8 00
 .text          0x06018ba0      0x278 ../sbl6/segalib/lib/sega_scl.a(scl_fu05.o)
                0x06018c5c                SCL_SetLineParam
                0x06018ba8                SCL_InitLineParamTb
 *fill*         0x06018e18        0x8 00
 .text          0x06018e20      0xb9c ../sbl6/segalib/lib/sega_scl.a(scl_func.o)
                0x060197fc                SCL_Vdp2_SGLInit
                0x0601970c                SCL_PriIntProc
                0x06019684                SCL_Memcpyw
                0x0601999c                SCL_SglOff
                0x0601997c                SCL_SglOn
                0x060195f0                SCL_ScrollShow
                0x06019098                SCL_Close
                0x06019390                SCL_Scale
                0x06018e20                SCL_Vdp2Init
                0x06019204                SCL_Move
                0x060194cc                SCL_CopyReg
                0x06019074                SCL_Open
                0x06018ea4                SCL_ParametersInit
                0x060190b4                SCL_MoveTo
                0x060196ac                SCL_SetColRamMode
 *fill*         0x060199bc        0x4 00
 .text          0x060199c0      0x1ec ../sbl6/segalib/lib/sega_scl.a(scl_fu01.o)
                0x060199c0                SCL_SetDisplayMode
 *fill*         0x06019bac        0x4 00
 .text          0x06019bb0       0x28 ../sbl6/segalib/lib/sega_scl.a(scl_fu04.o)
                0x06019bb0                SCL_SetCycleTable
 *fill*         0x06019bd8        0x8 00
 .text          0x06019be0      0x138 ../sbl6/segalib/lib/sega_scl.a(scl_pr03.o)
                0x06019be0                SCL_FreeColRam
                0x06019c18                SCL_AllocColRam
 *fill*         0x06019d18        0x8 00
 .text          0x06019d20       0x84 ../sbl6/segalib/lib/sega_scl.a(scl_back.o)
                0x06019d20                SCL_SetBack
 *fill*         0x06019da4        0xc 00
 .text          0x06019db0      0x94c ../sbl6/segalib/lib/sega_scl.a(scl_fu03.o)
                0x06019e0c                SCL_SetConfig
                0x06019db0                SCL_InitConfigTb
 *fill*         0x0601a6fc        0x4 00
 .text          0x0601a700      0x4f4 ../sbl6/segalib/lib/sega_scl.a(scl_fu02.o)
                0x0601a738                SCL_SetVramConfig
                0x0601a700                SCL_InitVramConfigTb
 *fill*         0x0601abf4        0xc 00
 .text          0x0601ac00       0x58 ../sbl6/segalib/lib/sega_scl.a(scl_pr01.o)
                0x0601ac00                SCL_SetSpriteMode
 *fill*         0x0601ac58        0x8 00
 .text          0x0601ac60       0xac ../sbl6/segalib/lib/sega_scl.a(scl_pr05.o)
                0x0601ac60                SCL_GetColRamOffset
 *fill*         0x0601ad0c        0x4 00
 .text          0x0601ad10     0x1394 ../sbl6/segalib/lib/sega_scl.a(scl_ro00.o)
                0x0601befc                SCL_RotateZD
                0x0601b1c4                SCL_Rotate
                0x0601ae98                SCL_InitRotateTable
 *fill*         0x0601c0a4        0xc 00
 .text          0x0601c0b0      0x1b4 ../sbl6/segalib/lib/sega_scl.a(scl_pr06.o)
                0x0601c0b0                SCL_SetColRamOffset
 *fill*         0x0601c264        0xc 00
 .text          0x0601c270       0x30 ../sbl6/segalib/lib/sega_mth.a(mth_rand.o)
                0x0601c280                MTH_GetRand
                0x0601c270                MTH_InitialRand
 .text          0x0601c2a0       0xa4 ../sbl6/segalib/lib/sega_mth.a(mth_fixd.o)
                0x0601c2f0                MTH_FixedToInt
                0x0601c2e0                MTH_IntToFixed
                0x0601c2a0                MTH_Mul
                0x0601c300                MTH_Product
                0x0601c2c0                MTH_Div
 *fill*         0x0601c344        0xc 00
 .text          0x0601c350      0x600 ../sbl6/segalib/lib/sega_mth.a(mth_tri.o)
                0x0601c3ec                fcos
                0x0601c3f2                fsin
                0x0601c39c                MTH_Cos
                0x0601c350                MTH_Sin
                0x0601c590                MTH_Atan
 .text          0x0601c950      0x130 ../sbl6/segalib/lib/sega_cdc.a(cdc_drv.o)
                0x0601c950                CDC_CdPlay
                0x0601ca1c                CDC_CdSeek
                0x0601ca50                CDC_CdScan
 .text          0x0601ca80      0x3a0 ../sbl6/segalib/lib/sega_cdc.a(cdc_cmn.o)
                0x0601cc24                CDC_TgetToc
                0x0601cdc8                CDC_DataEnd
                0x0601cae8                CDC_GetPeriStat
                0x0601cd5c                CDC_DataReady
                0x0601cd34                CDC_CdOpen
                0x0601ccb0                CDC_CdInit
                0x0601cc74                CDC_GetSes
                0x0601cad0                CDC_GetLastStat
                0x0601ca80                CDC_GetCurStat
                0x0601cbbc                CDC_GetHwInfo
 .text          0x0601ce20      0x152 ../sbl6/segalib/lib/sega_cdc.a(cdc_sub.o)
                0x0601cec8                CDSUB_GetCdstat
                0x0601ce38                CDSUB_UpdCdstat
                0x0601cf08                CDSUB_RspToCdstat
                0x0601cf50                CDSUB_SoftTimer
                0x0601ce20                CDSUB_UpdStatus
                0x0601ce58                CDSUB_CdCmd
 *fill*         0x0601cf72        0xe 00
 .text          0x0601cf80      0x2dc ../sbl6/segalib/lib/sega_cdc.a(cdc_reg.o)
                0x0601cfd4                CDREG_ClrHirqReq
                0x0601cfa4                CDC_ClrHirqReq
                0x0601d054                CDREG_TgetData
                0x0601d044                CDC_GetMpegPtr
                0x0601d020                CDC_GetHirqMsk
                0x0601cf80                CDC_GetDataPtr
                0x0601cf90                CDC_GetHirqReq
                0x0601d1b0                CDREG_WaitHirq
                0x0601d034                CDC_SetHirqMsk
                0x0601d0b0                CDREG_CmdRsp
                0x0601cfe4                CDREG_InitHirqReq
                0x0601d00c                CDREG_SetHirqFlag
                0x0601d220                CDREG_ReadRsp
 *fill*         0x0601d25c        0x4 00
 .text          0x0601d260      0xf50 ../sbl6/segalib/lib/sega_per.a(per_prt.o)
                0x0601d680                PER_IntFunc
                0x0601d478                PER_LGetPer
                0x0601d260                PER_LInit
 .text          0x0601e1b0     0x1b04 ../sbl6/segalib/lib/sega_sat.a(gfs.o)
                0x0601e1b0                gfs_version
                0x0601f424                gfs_mngGetNumFile
                0x0601fba4                gfs_closeSub
                0x0601ef40                GFS_SetGmode
                0x0601f1fc                GFS_SetErrFunc
                0x0601f34c                gfs_mngSetupFuncTbl
                0x0601e508                GFS_Reset
                0x0601f274                gfs_chgRoot
                0x0601f340                gfs_aborttrans
                0x0601f624                gfs_svrAddHndl
                0x0601f4d4                gfs_mngFreeGrp
                0x0601f24c                GFS_ConvTno
                0x0601f7d8                gfs_getRootDir
                0x0601f228                GFS_GetErrStat
                0x0601e678                GFS_Seek
                0x0601ece4                GFS_NwStop
                0x0601f4e0                gfs_mngTermAccess
                0x0601e58c                GFS_Open
                0x0601f48c                GFS_mngAllocGrp
                0x0601fbec                gfs_isTaskDone
                0x0601e9e4                GFS_Fread
                0x0601f144                GFS_StartTrans
                0x0601fb40                gfs_GetFinfo
                0x0601f380                gfs_mngInitWork
                0x0601e7d0                GFS_ByteToSct
                0x0601f5e4                gfs_svrSearchHndl
                0x0601f8d4                gfs_loadRootDir
                0x0601e42c                GFS_IdToName
                0x0601eb28                GFS_NwFread
                0x0601f074                GFS_SetTransPara
                0x0601ec34                GFS_NwCdRead
                0x0601f714                gfs_loadVol
                0x0601f010                GFS_SetReadPara
                0x0601e72c                GFS_Tell
                0x0601efa4                GFS_SetTmode
                0x0601faa8                GFS_GetFad
                0x0601f0e0                GFS_SetTrFunc
                0x0601f190                GFS_CdMovePickup
                0x0601e3c8                GFS_NameToId
                0x0601edfc                GFS_NwExecOne
                0x0601f95c                gfs_flowIn
                0x0601e884                GFS_GetFileInfo
                0x0601fa04                gfs_transData
                0x0601f660                gfs_svrRemoveHndl
                0x0601ecac                GFS_NwIsComplete
                0x0601fbe0                gfs_getGmode
                0x0601ed50                GFS_NwGetStat
                0x0601f6bc                GFS_OpenSub
                0x0601e360                GFS_SetDir
                0x0601e82c                GFS_GetFileSize
                0x0601e8f8                GFS_GetNumCdbuf
                0x0601fc40                gfs_convFinStat
                0x0601e920                GFS_Load
                0x0601ea80                gfs_waitRead
                0x0601e2b8                GFS_LoadDir
                0x0601e498                GFS_GetDirInfo
                0x0601e640                GFS_Close
                0x0601e1d0                GFS_Init
                0x0601edcc                gfs_recovRdErr
                0x0601f564                gfs_mngSetErrCode
                0x0601eebc                GFS_NwExecServer
                0x0601e77c                GFS_IsEof
                0x0601fb00                gfs_SetSct
 *fill*         0x0601fcb4        0xc 00
 .text          0x0601fcc0       0x90 ../sbl6/segalib/lib/sega_sat.a(DMA_CPU1.o)
                0x0601fcc0                DMA_CpuMemCopy1
 .text          0x0601fd50       0x94 ../sbl6/segalib/lib/sega_sat.a(DMA_CPU2.o)
                0x0601fd50                DMA_CpuMemCopy2
 *fill*         0x0601fde4        0xc 00
 .text          0x0601fdf0      0x1f4 ../sbl6/segalib/lib/sega_sat.a(DMA_SCU1.o)
                0x0601ff4c                DMA_ScuResult
                0x0601fdf0                DMA_ScuInit
                0x0601fe40                DMA_ScuMemCopy
 *fill*         0x0601ffe4        0xc 00
 .text          0x0601fff0      0x8d4 ../sbl6/segalib/lib/sega_sat.a(gfs_cdf.o)
                0x060204e4                GFCF_Seek
                0x060205ec                GFCF_GetStat
                0x060204cc                GFCF_Tell
                0x06020090                GFCF_Setup
                0x06020598                GFCF_cnvIntlvOfs
                0x0601fff0                GFCF_Init
                0x06020484                GFCF_Recover
                0x060201d8                GFCF_SetSct
                0x060204fc                GFCF_MovePickup
                0x060206c0                gfcf_isCdOk
                0x06020290                GFCF_FlowInBuf
                0x0602021c                GFCF_GetFileInfo
                0x060203e4                GFCF_StopInBuf
                0x06020684                gfcf_getSctSize
                0x06020780                gfcf_getPlayRange
 *fill*         0x060208c4        0xc 00
 .text          0x060208d0      0x928 ../sbl6/segalib/lib/sega_sat.a(gfs_dir.o)
                0x06020dc0                gfdr_setNextRec
                0x060211bc                gfdr_setDirrecCd
                0x06020bb8                gfdr_open
                0x060209cc                GFDR_GetAtrDirId
                0x06020ca0                gfdr_readByte
                0x060208d0                GFDR_SetupDirTbl
                0x06020d98                gfdr_readLongNM
                0x06020e44                gfdr_readDirEnt
                0x060209fc                GFDR_ChgRoot
                0x06020944                GFDR_NameToId
                0x06020a88                gfdr_setupDirIdTbl
                0x060209e4                GFDR_GetAtrDirName
                0x060209a4                GFDR_GetInfoDirId
                0x06020d4c                gfdr_readLongNB
                0x06020be0                gfdr_read
                0x06020ccc                gfdr_readWord
                0x06020b0c                gfdr_setupDirNameTbl
                0x060209b8                GFDR_GetInfoDirName
                0x06020a14                GFDR_ChgDir
                0x06020cf8                gfdr_readWordNB
 *fill*         0x060211f8        0x8 00
 .text          0x06021200      0xa46 ../sbl6/segalib/lib/sega_sat.a(gfs_trn.o)
                0x060212e0                GFTR_SetTransMax
                0x060216b0                gftr_execScu
                0x06021c34                GFTR_SetTransFunc
                0x06021afc                gftr_remTrn
                0x06021c20                GFTR_SetData
                0x06021920                gftr_execSdma1
                0x06021b70                gftr_copyFrac
                0x060212d4                GFTR_GetNumTrans
                0x06021274                GFTR_SetMode
                0x060218f0                gftr_remDma0
                0x06021b98                GFTR_GetLenData
                0x060216a4                gftr_reqScu
                0x06021908                gftr_reqDma1
                0x060215c0                gftr_getSrcPack
                0x06021bf0                GFTR_RtnDstPk
                0x0602178c                gfdma_exec
                0x06021a24                gftr_execTrn
                0x060214b8                GFTR_ExecSvr
                0x060219b4                gftr_reqTrn
                0x0602187c                gfdma_getBytecnt
                0x0602195c                gftr_reqCpu
                0x06021bbc                GFTR_GetDstPack
                0x060218b4                gftr_reqDma0
                0x06021440                GFTR_Idle
                0x060212f8                GFTR_Pause
                0x060212c8                GFTR_GetTransPara
                0x060219a8                gftr_remCpu
                0x06021294                GFTR_SetTransPara
                0x06021944                gftr_remDma1
                0x06021304                GFTR_Stop
                0x060218cc                gftr_execSdma0
                0x06021230                GFTR_Setup
                0x0602174c                gftr_remScu
                0x06021648                gftr_getDstPack
                0x06021780                gfdma_canUse
                0x060213bc                GFTR_Exec
                0x06021c0c                GFTR_GetData
                0x060212ec                GFTR_Start
                0x06021288                GFTR_SetUnit
                0x06021968                gftr_execCpu
                0x06021ba4                GFTR_GetLenRoom
 *fill*         0x06021c46        0xa 00
 .text          0x06021c50      0x106 ../sbl6/segalib/lib/sega_sat.a(gfs_buf.o)
                0x06021ca8                GFBF_GetNumData
                0x06021d24                GFBF_RtnPk
                0x06021cd8                GFBF_GetSrcPk
                0x06021d4c                gfbf_getSctDt
                0x06021c80                GFBF_GetTranData
                0x06021d00                GFBF_GetSctData
 *fill*         0x06021d56        0xa 00
 .text          0x06021d60      0x600 ../sbl6/segalib/lib/sega_sat.a(gfs_cdb.o)
                0x06022308                GFCB_GetPickup
                0x06021e80                GFCB_Close
                0x0602214c                GFCB_GetSrcPack
                0x060222d4                GFCB_SetCon
                0x06021f54                GFCB_GetLenRoom
                0x060222b8                GFCB_MovePickup
                0x0602222c                GFCB_GetSctData
                0x06021f60                GFCB_SetFilt
                0x06021ea8                GFCB_GetLenData
                0x06022348                GFCB_UngetPickup
                0x06021d60                GFCB_Setup
                0x06021ff0                GFCB_Tell
                0x06022330                GFCB_IsPuOwner
                0x06022050                GFCB_Seek
                0x06021fc8                GFCB_DeleteAllData
                0x06022264                GFCB_GetDstPack
                0x06022000                gfcb_getSctNum
                0x06022270                GFCB_RtnPk
 .text          0x06022360     0x1a04 ../sbl6/segalib/lib/sega_sat.a(gfs_cdc.o)
                0x060225fc                GFCD_AllocBuf
                0x060233d8                gfcd_doGetLenDataTsk
                0x06023c74                GFCD_SetCsctFunc
                0x060226d4                GFCD_GetBaseFad
                0x06022850                GFCD_GetFilt
                0x06023864                gfcd_doChgDirTsk
                0x06023ba4                gfcd_checkEflag
                0x06022b98                GFCD_MovePickup
                0x06022c7c                GFCD_GetSctInfo
                0x0602352c                gfcd_doReqDataTsk
                0x06022cc4                GFCD_ChgDir
                0x060229b8                GFCD_ReqData
                0x06023c90                GFCD_ChkScdqFlag
                0x06023148                GFCD_WaitServer
                0x06022a5c                GFCD_DelSctData
                0x06022f34                GFCD_ExecServer
                0x06023348                gfcd_doSetConTsk
                0x06022590                GFCD_AllocFilt
                0x0602278c                GFCD_SetFilt
                0x06023184                gfcd_doSetFiltTsk
                0x06023cb4                GFCD_ClrScdqFlag
                0x060235cc                gfcd_doDelSctDataTsk
                0x06023090                gfcd_doTask
                0x06022708                GFCD_GetPickup
                0x06022c58                GFCD_CheckMove
                0x06023cd0                GFCD_WaitScdqFlag
                0x060228f0                GFCD_Play
                0x06023700                gfcd_doMoveSctTsk
                0x06022898                GFCD_SetCon
                0x06022d38                GFCD_SetFiltCon
                0x06023d14                GFCD_WaitPause
                0x06022efc                GFCD_GetBufSiz
                0x0602273c                GFCD_UngetPickup
                0x06022e20                GFCD_GetFileInfo
                0x06022a14                GFCD_EndData
                0x06022630                GFCD_FreeBuf
                0x06022950                GFCD_GetLenData
                0x060225cc                GFCD_FreeFilt
                0x06023008                gfcd_isIdleTask
                0x0602238c                GFCD_Init
                0x06023a60                gfcd_doSetFiltConTsk
                0x06022ae4                GFCD_GetStat
                0x06022be4                GFCD_MoveSctData
                0x06022768                GFCD_IsPuOwner
                0x06023bc8                gfcd_initCdbMng
                0x06022360                GFCD_SetCdbfs
                0x06023134                GFCD_SetTimer
                0x06023c48                gfcd_setStat
                0x06022ab4                GFCD_CheckDelSctData
 *fill*         0x06023d64        0xc 00
 .text          0x06023d70      0x1b6 ../sbl6/segalib/lib/sega_sat.a(DMA_CPU0.o)
                0x06023db8                DMA_CpuSetPrm
                0x06023ebc                DMA_CpuStart
                0x06023f14                DMA_CpuGetStatus
                0x06023ee8                DMA_CpuAllStop
                0x06023efc                DMA_CpuGetComStatus
                0x06023d70                DMA_CpuSetComPrm
                0x06023ed0                DMA_CpuStop
 *fill*         0x06023f26        0xa 00
 .text          0x06023f30       0x50 ../sbl6/segalib/lib/sega_sat.a(DMA_CPU5.o)
                0x06023f30                DMA_CpuResult
 .text          0x06023f80      0x308 ../sbl6/segalib/lib/sega_sat.a(DMA_SCU0.o)
                0x06024004                DMA_ScuStart
                0x06024138                DMA_ScuIntFunc0
                0x060241a8                DMA_ScuIntFunc1
                0x06024218                DMA_ScuIntFunc2
                0x060240f8                DMA_ScuGetStatus
                0x06023f80                DMA_ScuSetPrm
 *fill*         0x06024288        0x8 00
 .text          0x06024290       0xe8 ../sbl6/segalib/lib/sega_sat.a(csh_main.o)
                0x06024290                CSH_Init
                0x060242f8                CSH_AllClr
                0x06024344                CSH_Purge
 *fill*         0x06024378        0x8 00
 .text          0x06024380      0x194 ../sbl6/segalib/lib/sega_sat.a(cdc_cfs.o)
                0x06024380                CDC_ChgDir
                0x060243b4                CDC_ReadDir
                0x060244d8                CDC_AbortFile
                0x060243e8                CDC_GetFileScope
                0x06024448                CDC_TgetFileInfo
                0x060244a4                CDC_ReadFile
 *fill*         0x06024514        0xc 00
 .text          0x06024520      0x1e4 ../sbl6/segalib/lib/sega_sat.a(cdc_bio.o)
                0x060245cc                CDC_GetdelSctData
                0x06024554                CDC_GetSctData
                0x06024608                CDC_PutSctData
                0x06024684                CDC_MoveSctData
                0x060246c8                CDC_GetCopyErr
                0x06024590                CDC_DelSctData
                0x06024520                CDC_SetSctLen
                0x06024640                CDC_CopySctData
 *fill*         0x06024704        0xc 00
 .text          0x06024710      0x2b8 ../sbl6/segalib/lib/sega_sat.a(cdc_sel.o)
                0x06024940                CDC_GetFiltCon
                0x060248bc                CDC_GetFiltMode
                0x06024994                CDC_ResetSelector
                0x06024710                CDC_SetFiltRange
                0x0602479c                CDC_SetFiltSubh
                0x0602480c                CDC_GetFiltSubh
                0x06024744                CDC_GetFiltRange
                0x06024888                CDC_SetFiltMode
                0x06024900                CDC_SetFiltCon
 *fill*         0x060249c8        0x8 00
 .text          0x060249d0      0x270 ../sbl6/segalib/lib/sega_sat.a(cdc_bif.o)
                0x06024a2c                CDC_GetSctNum
                0x06024bac                CDC_ExeFadSearch
                0x06024b2c                CDC_GetSctInfo
                0x06024a70                CDC_CalActSiz
                0x060249d0                CDC_GetBufSiz
                0x06024aac                CDC_GetActSiz
                0x06024be4                CDC_GetFadSearch
 .text          0x06024c40       0xa8 ../sbl6/segalib/lib/sega_sat.a(cdc_dev.o)
                0x06024cac                CDC_CdGetLastBuf
                0x06024c40                CDC_CdSetCon
                0x06024c70                CDC_CdGetCon
 *fill*         0x06024ce8        0x8 00
 .text          0x06024cf0       0x60 C:/saturn/SH_COFF/sh-coff/bin/../lib/gcc/sh-coff/3.4-GNUSH_v0501\libgcc.a(_ashiftrt.o)
                0x06024cfc                __ashiftrt_r4_27
                0x06024d30                __ashiftrt_r4_6
                0x06024d20                __ashiftrt_r4_14
                0x06024d12                __ashiftrt_r4_19
                0x06024d2a                __ashiftrt_r4_9
                0x06024d3e                __ashiftrt_r4_0
                0x06024cf0                __ashiftrt_r4_31
                0x06024cfe                __ashiftrt_r4_26
                0x06024d0c                __ashiftrt_r4_22
                0x06024d18                __ashiftrt_r4_16
                0x06024d24                __ashiftrt_r4_12
                0x06024cf8                __ashiftrt_r4_29
                0x06024d16                __ashiftrt_r4_17
                0x06024cf6                __ashiftrt_r4_30
                0x06024d32                __ashiftrt_r4_5
                0x06024d2c                __ashiftrt_r4_8
                0x06024cf0                __ashiftrt_r4_32
                0x06024d00                __ashiftrt_r4_25
                0x06024d38                __ashiftrt_r4_2
                0x06024d02                __ashiftrt_r4_24
                0x06024d1e                __ashiftrt_r4_15
                0x06024d28                __ashiftrt_r4_10
                0x06024d3a                __ashiftrt_r4_1
                0x06024cfa                __ashiftrt_r4_28
                0x06024d10                __ashiftrt_r4_20
                0x06024d2e                __ashiftrt_r4_7
                0x06024d22                __ashiftrt_r4_13
                0x06024d26                __ashiftrt_r4_11
                0x06024d34                __ashiftrt_r4_4
                0x06024d0a                __ashiftrt_r4_23
                0x06024d14                __ashiftrt_r4_18
                0x06024d0e                __ashiftrt_r4_21
                0x06024d36                __ashiftrt_r4_3
 .text          0x06024d50       0xb0 C:/saturn/SH_COFF/sh-coff/bin/../lib/gcc/sh-coff/3.4-GNUSH_v0501\libgcc.a(_si_to_df.o)
                0x06024d50                __floatsidf
 .text          0x06024e00      0x2e0 C:/saturn/SH_COFF/sh-coff/bin/../lib/gcc/sh-coff/3.4-GNUSH_v0501\libgcc.a(_mul_df.o)
                0x06024e10                __muldf3
 .text          0x060250e0       0x80 C:/saturn/SH_COFF/sh-coff/bin/../lib/gcc/sh-coff/3.4-GNUSH_v0501\libgcc.a(_df_to_si.o)
                0x060250e0                __fixdfsi
 .text          0x06025160       0x70 C:/saturn/SH_COFF/sh-coff/bin/../lib/gcc/sh-coff/3.4-GNUSH_v0501\libgcc.a(_udivsi3.o)
                0x06025182                __udivsi3
 .text          0x060251d0       0xa0 C:/saturn/SH_COFF/sh-coff/bin/../lib/gcc/sh-coff/3.4-GNUSH_v0501\libgcc.a(_sdivsi3.o)
                0x060251d0                __sdivsi3
 .text          0x06025270       0x90 C:/saturn/SH_COFF/sh-coff/bin/../lib/gcc/sh-coff/3.4-GNUSH_v0501\libgcc.a(_ashiftrt_n.o)
                0x06025270                __ashrsi3
 .text          0x06025300       0x90 C:/saturn/SH_COFF/sh-coff/bin/../lib/gcc/sh-coff/3.4-GNUSH_v0501\libgcc.a(_ashiftlt.o)
                0x06025300                __ashlsi3
 .text          0x06025390       0xb0 C:/saturn/SH_COFF/sh-coff/bin/../lib/gcc/sh-coff/3.4-GNUSH_v0501\libgcc.a(_movstr.o)
                0x060253d0                __movstrSI16
                0x060253a4                __movstrSI60
                0x060253b0                __movstrSI48
                0x060253ac                __movstrSI52
                0x060253a0                __movstrSI64
                0x060253b4                __movstrSI44
                0x060253b8                __movstrSI40
                0x060253bc                __movstrSI36
                0x060253f0                __movstr
                0x060253a8                __movstrSI56
                0x060253c4                __movstrSI28
                0x060253c0                __movstrSI32
                0x060253d4                __movstrSI12
                0x060253d8                __movstrSI8
                0x060253e0                __movstrSI0
                0x060253c8                __movstrSI24
                0x060253cc                __movstrSI20
                0x060253dc                __movstrSI4
 .text          0x06025440       0xa0 C:/saturn/SH_COFF/sh-coff/bin/../lib/gcc/sh-coff/3.4-GNUSH_v0501\libgcc.a(__main.o)
                0x060254b4                __main
                0x06025440                __do_global_dtors
                0x06025474                __do_global_ctors
 .text          0x060254e0      0x220 C:/saturn/SH_COFF/sh-coff/bin/../lib/gcc/sh-coff/3.4-GNUSH_v0501\libgcc.a(_pack_df.o)
                0x060254f0                __pack_d
 .text          0x06025700      0x120 C:/saturn/SH_COFF/sh-coff/bin/../lib/gcc/sh-coff/3.4-GNUSH_v0501\libgcc.a(_unpack_df.o)
                0x06025710                __unpack_d
 .text          0x06025820       0x20 C:/saturn/SH_COFF/sh-coff/bin/../lib/gcc/sh-coff/3.4-GNUSH_v0501\libgcc.a(_thenan_df.o)
                0x06025820                __thenan_df
 .text          0x06025840       0xd0 C:/saturn/SH_COFF/sh-coff/bin/../lib/gcc/sh-coff/3.4-GNUSH_v0501\libgcc.a(_muldi3.o)
                0x06025840                __muldi3
 .text          0x06025910       0x80 C:/saturn/SH_COFF/sh-coff/bin/../lib/gcc/sh-coff/3.4-GNUSH_v0501\libgcc.a(_lshrdi3.o)
                0x06025910                __lshrdi3
 .text          0x06025990       0x80 C:/saturn/SH_COFF/sh-coff/bin/../lib/gcc/sh-coff/3.4-GNUSH_v0501\libgcc.a(_ashldi3.o)
                0x06025990                __ashldi3
 .text          0x06025a10       0x30 C:/saturn/SH_COFF/sh-coff/bin/../lib/gcc/sh-coff/3.4-GNUSH_v0501\libgcc.a(_mulsi3.o)
                0x06025a10                __mulsi3
 .text          0x06025a40       0x90 C:/saturn/SH_COFF/sh-coff/bin/../lib/gcc/sh-coff/3.4-GNUSH_v0501\libgcc.a(_lshiftrt.o)
                0x06025a40                __lshrsi3
 .text          0x06025ad0       0x40 C:/saturn/SH_COFF/sh-coff/bin/../lib/gcc/sh-coff/3.4-GNUSH_v0501/../../../../sh-coff/lib\libc.a(memset.o)
                0x06025ad0                memset
 .text          0x06025b10       0x60 C:/saturn/SH_COFF/sh-coff/bin/../lib/gcc/sh-coff/3.4-GNUSH_v0501/../../../../sh-coff/lib\libc.a(memcmp.o)
                0x06025b10                memcmp
 .text          0x06025b70       0xa0 C:/saturn/SH_COFF/sh-coff/bin/../lib/gcc/sh-coff/3.4-GNUSH_v0501/../../../../sh-coff/lib\libc.a(memcpy.o)
                0x06025b70                memcpy
 .text          0x06025c10       0xb0 C:/saturn/SH_COFF/sh-coff/bin/../lib/gcc/sh-coff/3.4-GNUSH_v0501/../../../../sh-coff/lib\libc.a(strncmp.o)
                0x06025c10                strncmp
 .text          0x06025cc0       0xa0 C:/saturn/SH_COFF/sh-coff/bin/../lib/gcc/sh-coff/3.4-GNUSH_v0501/../../../../sh-coff/lib\libc.a(strncpy.o)
                0x06025cc0                strncpy
 .text          0x06025d60       0x90 C:/saturn/SH_COFF/sh-coff/bin/../lib/gcc/sh-coff/3.4-GNUSH_v0501/../../../../sh-coff/lib\libc.a(atexit.o)
                0x06025d60                atexit
 .text          0x06025df0       0x10 C:/saturn/SH_COFF/sh-coff/bin/../lib/gcc/sh-coff/3.4-GNUSH_v0501/../../../../sh-coff/lib\libc.a(impure.o)
                0x06025df0                _global_impure_ptr
 .text          0x06025e00       0x40 C:/saturn/SH_COFF/sh-coff/bin/../lib/gcc/sh-coff/3.4-GNUSH_v0501/../../../../sh-coff/lib\libc.a(malloc.o)
                0x06025e1c                free
                0x06025e00                malloc
 .text          0x06025e40      0x5b0 C:/saturn/SH_COFF/sh-coff/bin/../lib/gcc/sh-coff/3.4-GNUSH_v0501/../../../../sh-coff/lib\libc.a(mallocr.o)
                0x06025e40                _malloc_r
 .text          0x060263f0      0x340 C:/saturn/SH_COFF/sh-coff/bin/../lib/gcc/sh-coff/3.4-GNUSH_v0501/../../../../sh-coff/lib\libc.a(freer.o)
                0x060263f0                _malloc_trim_r
                0x060264e4                _free_r
 .text          0x06026730       0x20 C:/saturn/SH_COFF/sh-coff/bin/../lib/gcc/sh-coff/3.4-GNUSH_v0501/../../../../sh-coff/lib\libc.a(mlock.o)
                0x06026730                __malloc_lock
                0x0602673c                __malloc_unlock
 .text          0x06026750       0x50 C:/saturn/SH_COFF/sh-coff/bin/../lib/gcc/sh-coff/3.4-GNUSH_v0501/../../../../sh-coff/lib\libc.a(sbrkr.o)
                0x06026750                _sbrk_r
 .text          0x060267a0      0x380 C:/saturn/SH_COFF/sh-coff/bin/../lib/gcc/sh-coff/3.4-GNUSH_v0501/../../../../sh-coff/lib\libc.a(syscalls.o)
                0x0602690c                _exit
                0x06026940                _getpid
                0x060269a8                _utime
                0x060267d8                _write
                0x060267a0                _read
                0x060268f4                _unlink
                0x060268bc                _open
                0x06026958                _stat
                0x06026900                isatty
                0x060269d8                _wait
                0x06026924                _kill
                0x06026974                _chmod
                0x06026a08                _execv
                0x060269ec                _execve
                0x06026ae4                __setup_argv_and_call_main
                0x06026a40                _gettimeofday
                0x0602680c                _link
                0x0602694c                _raise
                0x060268d8                _creat
                0x06026a20                _pipe
                0x0602698c                _chown
                0x060267bc                _lseek
                0x060267f4                _close
                0x06026a34                _times
                0x060268a8                _fstat
                0x060269c4                _fork
                0x06026834                _sbrk
 .text          0x06026b20       0x20 C:/saturn/SH_COFF/sh-coff/bin/../lib/gcc/sh-coff/3.4-GNUSH_v0501/../../../../sh-coff/lib\libc.a(trap.o)
                0x06026b20                __trap34
 .text          0x06026b40       0x20 C:/saturn/SH_COFF/sh-coff/bin/../lib/gcc/sh-coff/3.4-GNUSH_v0501/../../../../sh-coff/lib\libc.a(abort.o)
                0x06026b40                abort
 .text          0x06026b60      0x270 C:/saturn/SH_COFF/sh-coff/bin/../lib/gcc/sh-coff/3.4-GNUSH_v0501/../../../../sh-coff/lib\libc.a(signal.o)
                0x06026c20                _raise_r
                0x06026da8                __sigtramp
                0x06026d54                raise
                0x06026d90                _init_signal
                0x06026ce0                __sigtramp_r
                0x06026d70                signal
                0x06026bac                _signal_r
                0x06026b60                _init_signal_r
 .text          0x06026dd0       0x60 C:/saturn/SH_COFF/sh-coff/bin/../lib/gcc/sh-coff/3.4-GNUSH_v0501/../../../../sh-coff/lib\libc.a(signalr.o)
                0x06026e18                _getpid_r
                0x06026dd0                _kill_r
 *(.strings)

.tors           0x06026e30        0x0
                0x06026e30                ___ctors = .
 *(.ctors)
                0x06026e30                ___ctors_end = .
                0x06026e30                ___dtors = .
 *(.dtors)
                0x06026e30                ___dtors_end = .

.data           0x06026e30     0x4420
                0x06026e30                STARTOF_R = .
 *(.data)
 .data          0x06026e30      0x400 smpclib/per_x1.o
 .data          0x06027230       0x70 game.o
 .data          0x060272a0     0x3050 graphics.o
                0x060281d0                cyberblock_name
                0x060296b6                girl2_num
                0x06028220                metalorange_name
                0x06027346                ship_size
                0x0602822e                metalorange_num
                0x06027510                chipgame_pal
                0x060292aa                girl3_num
                0x0602747c                game_name
                0x06027d30                menufont_pal
                0x06027d7e                menufont_num
                0x06029ac2                girl1_num
                0x060281e0                metalorange_pal
                0x06029ac4                roarframes_pal
                0x06027500                gamestar_name
                0x060274ac                starnear_name
                0x06027454                gamefar_height
                0x06027348                ship_num
                0x06029ed4                roarbg_pal
                0x0602a2d4                roarbg_name
                0x060272a0                explosion_pal
                0x060274c0                gamestar_pal
                0x06027478                gamenear_width
                0x060272e0                explosion_name
                0x0602739e                starspr_num
                0x06029ab8                girl1_name
                0x06027920                game_tiles_pal
                0x06028230                title_pal
                0x060273ea                font_height
                0x06029ec4                roarframes_name
                0x060292a0                girl3_name
                0x06027456                gamefar_width
                0x060296b8                girl1_pal
                0x06027d70                menufont_name
                0x0602818e                chipframes_num
                0x060273f4                ball_pal
                0x06028ea0                girl3_pal
                0x0602791e                chipgame_num
                0x0602739c                starspr_size
                0x06027468                gamenear_name
                0x060272f0                explosion_width
                0x06028a92                girl5_num
                0x06027444                ball_num
                0x0602863a                title_num
                0x060273e0                font_name
                0x0602734c                starspr_pal
                0x0602a2e0                roarbg_num
                0x06027440                ball_width
                0x060281de                cyberblock_num
                0x06028688                girl5_pal
                0x06027342                ship_height
                0x06027d2e                game_tiles_num
                0x0602743e                ball_height
                0x06027476                gamenear_height
                0x060273ec                font_width
                0x06028686                stars_num
                0x06027442                ball_size
                0x06027344                ship_width
                0x06028630                title_name
                0x06028180                chipframes_name
                0x0602748c                starfar_name
                0x0602867c                stars_name
                0x0602750e                gamestar_num
                0x06027464                gamemid_height
                0x060272f8                ship_pal
                0x06027434                ball_name
                0x060273f0                font_num
                0x060273a0                font_pal
                0x060274aa                starmid_width
                0x060274bc                starnear_width
                0x06027458                gamemid_name
                0x0602739a                starspr_width
                0x06027d80                chipframes_pal
                0x06027486                game_height
                0x06027498                starfar_height
                0x060272f4                explosion_num
                0x06028e9e                girl4_num
                0x06027466                gamemid_width
                0x060273ee                font_size
                0x0602738c                starspr_name
                0x06029ed2                roarframes_num
                0x06028190                cyberblock_pal
                0x060274ba                starnear_height
                0x0602749c                starmid_name
                0x06027338                ship_name
                0x06028a88                girl5_name
                0x06028a94                girl4_pal
                0x060274a8                starmid_height
                0x0602863c                stars_pal
                0x06027448                gamefar_name
                0x06027d20                game_tiles_name
                0x06027398                starspr_height
                0x06028e94                girl4_name
                0x06027488                game_width
                0x060292ac                girl2_pal
                0x0602749a                starfar_width
                0x060272f2                explosion_size
                0x060272ee                explosion_height
                0x06027910                chipgame_name
                0x060296ac                girl2_name
 .data          0x0602a2f0      0x1a0 intro.o
 .data          0x0602a490       0x40 logo.o
 .data          0x0602a4d0       0x80 menu.o
                0x0602a4d0                cutscene
 .data          0x0602a550       0x10 pcmsys.o
                0x0602a554                scsp_load
                0x0602a558                m68k_com
                0x0602a550                master_volume
 .data          0x0602a560       0x40 scroll.o
                0x0602a570                CycleTbLoRes
                0x0602a590                vram
                0x0602a580                char_offsets
                0x0602a560                CycleTbHiRes
 .data          0x0602a5a0       0x30 sprite.o
 .data          0x0602a5d0      0x400 ../sbl6/segalib/lib/sega_int.a(int.o)
 .data          0x0602a9d0       0x1c ../sbl6/segalib/lib/sega_spr.a(spr_slv.o)
                0x0602a9d8                SPR_SlaveParam
                0x0602a9e8                SPR_SMPC_SF
                0x0602a9e0                SPR_SMPC_COM
                0x0602a9dc                SPR_SlaveSHEntry
                0x0602a9d4                SPR_SlaveState
                0x0602a9d0                SPR_SlaveCommand
                0x0602a9e4                SPR_SMPC_RET
 *fill*         0x0602a9ec        0x4 00
 .data          0x0602a9f0       0x34 ../sbl6/segalib/lib/sega_spr.a(spr_1c.o)
                0x0602a9f0                SpInitialFlag
 *fill*         0x0602aa24        0xc 00
 .data          0x0602aa30       0x1c ../sbl6/segalib/lib/sega_scl.a(scl_vblv.o)
                0x0602aa38                VBInterval
                0x0602aa40                ReqDisplayFlag
                0x0602aa30                SpFrameChgMode
                0x0602aa3c                VBIntervalCounter
                0x0602aa34                SpFrameEraseMode
 *fill*         0x0602aa4c        0x4 00
 .data          0x0602aa50       0x18 ../sbl6/segalib/lib/sega_scl.a(scl_pri.o)
                0x0602aa54                SclRealSpPriNum
                0x0602aa64                SclRealColOffset
                0x0602aa60                SclRealBgColMix
                0x0602aa5c                SclRealSpColMix
                0x0602aa58                SclRealBgPriNum
                0x0602aa50                SclRealOtherPri
 *fill*         0x0602aa68        0x8 00
 .data          0x0602aa70       0x36 ../sbl6/segalib/lib/sega_scl.a(scl_func.o)
                0x0602aa80                SclRotregBuff
                0x0602aa7c                SclDisplayY
                0x0602aa84                SclRotateTableMode
                0x0602aa78                SclProcess
                0x0602aa74                SclCurSclNum
                0x0602aa70                SclLengthLsTbl
                0x0602aa7a                SclDisplayX
                0x0602aa72                SclLengthCsTbl
 *fill*         0x0602aaa6        0xa 00
 .data          0x0602aab0        0x4 ../sbl6/segalib/lib/sega_mth.a(mth_rand.o)
 *fill*         0x0602aab4        0xc 00
 .data          0x0602aac0      0x380 C:/saturn/SH_COFF/sh-coff/bin/../lib/gcc/sh-coff/3.4-GNUSH_v0501/../../../../sh-coff/lib\libc.a(impure.o)
                0x0602ae3c                _impure_ptr
 .data          0x0602ae40      0x410 C:/saturn/SH_COFF/sh-coff/bin/../lib/gcc/sh-coff/3.4-GNUSH_v0501/../../../../sh-coff/lib\libc.a(mallocr.o)
                0x0602ae48                __malloc_av_
                0x0602ae44                __malloc_trim_threshold
                0x0602ae40                __malloc_sbrk_base
                0x0602b250                SIZEOF_R = (. - STARTOF_R)
                0x0602b250                ENDOF_R = .

.bss            0x0602b250     0xed24
                0x0602b250                STARTOF_B = .
 *(.bss)
 .bss           0x0602b250       0x10 vblank.o
                0x0602b254                PadData2E
                0x0602b25a                PadData1
                0x0602b256                PadData2
                0x0602b258                PadData1E
                0x0602b250                __port
 .bss           0x0602b260       0xe0 smpclib/per_x2.o
 .bss           0x0602b340       0x80 game.o
 .bss           0x0602b3c0     0x1970 intro.o
 .bss           0x0602cd30       0x10 logo.o
 .bss           0x0602cd40       0x60 menu.o
 .bss           0x0602cda0       0x10 pcmsys.o
                0x0602cda0                numberPCMs
 .bss           0x0602cdb0       0x10 scroll.o
                0x0602cdb0                scroll_res
 .bss           0x0602cdc0     0x3800 sprite.o
                0x0602cdc0                num_sprites
 .bss           0x060305c0       0x10 main.o
                0x060305c0                frame
 .bss           0x060305d0       0x6e ../sbl6/segalib/lib/sega_spr.a(spr_2c.o)
 *fill*         0x0603063e        0x2 00
 .bss           0x06030640        0x4 ../sbl6/segalib/lib/sega_scl.a(scl_vblv.o)
 *fill*         0x06030644        0xc 00
 .bss           0x06030650     0x1900 ../sbl6/segalib/lib/sega_scl.a(scl_fu05.o)
 .bss           0x06031f50        0x4 ../sbl6/segalib/lib/sega_scl.a(scl_func.o)
 *fill*         0x06031f54        0xc 00
 .bss           0x06031f60       0x48 ../sbl6/segalib/lib/sega_scl.a(scl_ro00.o)
 *fill*         0x06031fa8        0x8 00
 .bss           0x06031fb0        0xc ../sbl6/segalib/lib/sega_cdc.a(cdc_sub.o)
 *fill*         0x06031fbc        0x4 00
 .bss           0x06031fc0        0x2 ../sbl6/segalib/lib/sega_cdc.a(cdc_reg.o)
 *fill*         0x06031fc2        0xe 00
 .bss           0x06031fd0       0x9c ../sbl6/segalib/lib/sega_per.a(per_prt.o)
 *fill*         0x0603206c        0x4 00
 .bss           0x06032070        0xc ../sbl6/segalib/lib/sega_sat.a(DMA_SCU1.o)
 *fill*         0x0603207c        0x4 00
 .bss           0x06032080        0xc ../sbl6/segalib/lib/sega_sat.a(gfs_trn.o)
 *fill*         0x0603208c        0x4 00
 .bss           0x06032090       0x20 ../sbl6/segalib/lib/sega_sat.a(DMA_SCU0.o)
 .bss           0x060320b0       0x10 C:/saturn/SH_COFF/sh-coff/bin/../lib/gcc/sh-coff/3.4-GNUSH_v0501\libgcc.a(__main.o)
 .bss           0x060320c0       0x10 C:/saturn/SH_COFF/sh-coff/bin/../lib/gcc/sh-coff/3.4-GNUSH_v0501/../../../../sh-coff/lib\libc.a(atexit.o)
 .bss           0x060320d0       0x40 C:/saturn/SH_COFF/sh-coff/bin/../lib/gcc/sh-coff/3.4-GNUSH_v0501/../../../../sh-coff/lib\libc.a(mallocr.o)
                0x06032100                __malloc_top_pad
                0x060320d0                __malloc_current_mallinfo
                0x060320fc                __malloc_max_sbrked_mem
                0x060320f8                __malloc_max_total_mem
 .bss           0x06032110       0x10 C:/saturn/SH_COFF/sh-coff/bin/../lib/gcc/sh-coff/3.4-GNUSH_v0501/../../../../sh-coff/lib\libc.a(syscalls.o)
 *(COMMON)
 COMMON         0x06032120        0x8 vblank.o
                                  0x0 (size before relaxing)
                0x06032120                PadAnalogR1
                0x06032121                PadAnalogL1
                0x06032122                PadAnalogY1
                0x06032123                PadAnalogX1
                0x06032124                PadID1
 *fill*         0x06032128        0x8 00
 COMMON         0x06032130     0x1674 cd.o
                                  0x0 (size before relaxing)
                0x06032130                dirname
                0x06032a90                lib_work
                0x06033798                directory_table
 *fill*         0x060337a4        0xc 00
 COMMON         0x060337b0     0x14a0 print.o
                                  0x0 (size before relaxing)
                0x060337b0                text
 COMMON         0x06034c50      0x230 scroll.o
                                  0x0 (size before relaxing)
                0x06034c50                scfg
 COMMON         0x06034e80     0x35e0 sprite.o
                                  0x0 (size before relaxing)
                0x06034e80                sprites
                0x06036460                sprite_buf
 COMMON         0x06038460       0x8c main.o
                                  0x0 (size before relaxing)
                0x06038460                off_config
 *fill*         0x060384ec        0x4 00
 COMMON         0x060384f0      0x400 ../sbl6/segalib/lib/sega_int.a(int.o)
                                  0x0 (size before relaxing)
                0x060384f0                __interrupt_vector
 COMMON         0x060388f0       0x50 ../sbl6/segalib/lib/sega_spr.a(spr_2c.o)
                                  0x0 (size before relaxing)
                0x060388f0                SpMstCmd
                0x060388f4                Sp2OpenFlag
                0x060388f8                SpGourTblMax
                0x060388fc                SpDrawPrtyBlk
                0x06038900                SpLCoordX
                0x06038904                SpMstDrawPrtyBlk
                0x06038908                SpGourTbl
                0x0603890c                SpLookupTblR
                0x06038910                SpCmdTbl
                0x06038914                SpCharMax
                0x06038918                SpDrawPrtyProcFlag
                0x0603891c                SpCmdNo
                0x06038920                SpDrawPrtyBlkMax
                0x06038924                SpSlvCmdPos
                0x06038928                SpSlvDrawPrtyBlk
                0x0603892c                SpCharTbl
                0x06038930                SpCmdTblR
                0x06038934                SpMstCmdPos
                0x06038938                SpSlvCmd
                0x0603893c                SpLCoordY
 COMMON         0x06038940       0x10 ../sbl6/segalib/lib/sega_spr.a(spr_1c.o)
                                  0x0 (size before relaxing)
                0x06038940                SpScreenY
                0x06038944                SpFbcrMode
                0x06038946                SpDil
                0x06038948                SpDie
                0x0603894a                SpTvMode
                0x0603894c                SpScreenX
 COMMON         0x06038950      0x6b0 ../sbl6/segalib/lib/sega_scl.a(scl_pri.o)
                                  0x0 (size before relaxing)
                0x06038950                SclAutoEndBlue2
                0x06038960                SclColOffset
                0x06038970                SclPriBuffDirty
                0x06038972                SclAutoEndRed
                0x06038974                SclAutoSurface
                0x06038978                SclAutoGreen
                0x0603897a                SclAutoEndGreen
                0x0603897c                SclAutoCount
                0x06038980                SclColRamAlloc256
                0x060389a0                SclAutoCurRate
                0x060389a1                SclAutoPlusFlag
                0x060389a8                SclSpColMix
                0x060389b0                SclAutoMax
                0x060389b4                SclLineColRamOffset
                0x060389b8                SclColRamAlloc2048
                0x060389bc                SclBgPriNum
                0x060389c2                SclAutoEndBlue
                0x060389c4                SclAutoEndGreen2
                0x060389c6                SclAutoVeFlag
                0x060389c8                SclBgColMix
                0x060389d0                SclAutoIndex
                0x060389d4                SclAutoEndRate
                0x060389d6                SclAutoBlue
                0x060389d8                SclAutoRed
                0x060389dc                SclAutoInterval
                0x060389e0                SclOtherPri
                0x060389f0                SclAutoRGB
                0x06038ff0                SclAutoEndRed2
                0x06038ff8                SclSpPriNum
 COMMON         0x06039000      0xf00 ../sbl6/segalib/lib/sega_scl.a(scl_func.o)
                                  0x0 (size before relaxing)
                0x06039000                SclRbgKtbAddr
                0x06039008                SclRb
                0x0603900a                Scl_flag
                0x06039010                SclK_TableBuff
                0x06039ce0                SclAddrCsTbl
                0x06039cf0                Scl_s_reg
                0x06039d18                SclRotateXy
                0x06039d20                Scl_d_reg
                0x06039d68                SclRotateDisp
                0x06039d70                SclRotateMoveZ
                0x06039d78                SclRotXySw
                0x06039d80                Scl_r_reg
                0x06039d90                SclRPMD
                0x06039d98                SclRbgKtbOffset
                0x06039da0                _SclRotregBuff
                0x06039e70                SclRa
                0x06039e78                SclRotateZ
                0x06039e80                SclAddrLsTbl
                0x06039e88                SclK_TableNum
                0x06039e90                SclRotateTableAddress
                0x06039e94                SclK_TableFlag
                0x06039ea0                Scl_w_reg
                0x06039ec0                Scl_n_reg
 COMMON         0x06039f00       0x10 ../sbl6/segalib/lib/sega_scl.a(scl_ro00.o)
                                  0x0 (size before relaxing)
                0x06039f00                SclCsx
                0x06039f08                SclCsy
 COMMON         0x06039f10       0x15 ../sbl6/segalib/lib/sega_per.a(per_prt.o)
                                  0x0 (size before relaxing)
                0x06039f10                per_get_time_flg
                0x06039f11                per_hot_res
                0x06039f12                per_set_sys_flg
                0x06039f14                per_get_time_adr
                0x06039f18                per_get_sys_data
                0x06039f24                per_time_out_flg
 *fill*         0x06039f25        0xb 00
 COMMON         0x06039f30        0xc ../sbl6/segalib/lib/sega_sat.a(gfs.o)
                                  0x0 (size before relaxing)
                0x06039f30                GFMC_base
                0x06039f34                gfs_mng_ptr
                0x06039f38                gfs_use_scudma
 *fill*         0x06039f3c        0x4 00
 COMMON         0x06039f40        0x8 ../sbl6/segalib/lib/sega_sat.a(gfs_cdf.o)
                                  0x0 (size before relaxing)
                0x06039f40                gfcf_fad
                0x06039f44                gfcf_stat
 *fill*         0x06039f48        0x8 00
 COMMON         0x06039f50        0xc ../sbl6/segalib/lib/sega_sat.a(gfs_cdc.o)
                                  0x0 (size before relaxing)
                0x06039f50                gfcd_fatal_err
                0x06039f54                gfcd_work
                0x06039f58                gfcd_playflag
 *fill*         0x06039f5c        0x4 00
 COMMON         0x06039f60        0x8 ../sbl6/segalib/lib/sega_sat.a(DMA_CPU5.o)
                                  0x0 (size before relaxing)
                0x06039f60                dma_cpu_cnt
                0x06039f64                dma_cpu_dis_adr
 *fill*         0x06039f68        0x8 00
 COMMON         0x06039f70        0x4 C:/saturn/SH_COFF/sh-coff/bin/../lib/gcc/sh-coff/3.4-GNUSH_v0501/../../../../sh-coff/lib\libc.a(syscalls.o)
                                  0x0 (size before relaxing)
                0x06039f70                errno
                0x06039f74                SIZEOF_B = (. - STARTOF_B)
                0x06039f74                ENDOF_B = .
                0x06039f74                _end = .
OUTPUT(main.cof coff-sh)

.comment        0x06039f80      0x560
 .comment       0x06039f80       0x20 ../sbl6/segasmp/lib/strt2_g.o
 .comment       0x06039fa0       0x20 vblank.o
 .comment       0x06039fc0       0x20 smpclib/per_x1.o
 .comment       0x06039fe0       0x20 smpclib/per_x2.o
 .comment       0x0603a000       0x20 spritecode/explosion.o
 .comment       0x0603a020       0x20 cd.o
 .comment       0x0603a040       0x20 crc.o
 .comment       0x0603a060       0x20 devcart.o
 .comment       0x0603a080       0x20 game.o
 .comment       0x0603a0a0       0x20 graphics.o
 .comment       0x0603a0c0       0x20 intro.o
 .comment       0x0603a0e0       0x20 logo.o
 .comment       0x0603a100       0x20 menu.o
 .comment       0x0603a120       0x20 pcmsys.o
 .comment       0x0603a140       0x20 print.o
 .comment       0x0603a160       0x20 scroll.o
 .comment       0x0603a180       0x20 sound.o
 .comment       0x0603a1a0       0x20 sprite.o
 .comment       0x0603a1c0       0x20 main.o
 .comment       0x0603a1e0       0x20 C:/saturn/SH_COFF/sh-coff/bin/../lib/gcc/sh-coff/3.4-GNUSH_v0501\libgcc.a(_si_to_df.o)
 .comment       0x0603a200       0x20 C:/saturn/SH_COFF/sh-coff/bin/../lib/gcc/sh-coff/3.4-GNUSH_v0501\libgcc.a(_mul_df.o)
 .comment       0x0603a220       0x20 C:/saturn/SH_COFF/sh-coff/bin/../lib/gcc/sh-coff/3.4-GNUSH_v0501\libgcc.a(_df_to_si.o)
 .comment       0x0603a240       0x20 C:/saturn/SH_COFF/sh-coff/bin/../lib/gcc/sh-coff/3.4-GNUSH_v0501\libgcc.a(__main.o)
 .comment       0x0603a260       0x20 C:/saturn/SH_COFF/sh-coff/bin/../lib/gcc/sh-coff/3.4-GNUSH_v0501\libgcc.a(_pack_df.o)
 .comment       0x0603a280       0x20 C:/saturn/SH_COFF/sh-coff/bin/../lib/gcc/sh-coff/3.4-GNUSH_v0501\libgcc.a(_unpack_df.o)
 .comment       0x0603a2a0       0x20 C:/saturn/SH_COFF/sh-coff/bin/../lib/gcc/sh-coff/3.4-GNUSH_v0501\libgcc.a(_thenan_df.o)
 .comment       0x0603a2c0       0x20 C:/saturn/SH_COFF/sh-coff/bin/../lib/gcc/sh-coff/3.4-GNUSH_v0501\libgcc.a(_muldi3.o)
 .comment       0x0603a2e0       0x20 C:/saturn/SH_COFF/sh-coff/bin/../lib/gcc/sh-coff/3.4-GNUSH_v0501\libgcc.a(_lshrdi3.o)
 .comment       0x0603a300       0x20 C:/saturn/SH_COFF/sh-coff/bin/../lib/gcc/sh-coff/3.4-GNUSH_v0501\libgcc.a(_ashldi3.o)
 .comment       0x0603a320       0x20 C:/saturn/SH_COFF/sh-coff/bin/../lib/gcc/sh-coff/3.4-GNUSH_v0501/../../../../sh-coff/lib\libc.a(memcmp.o)
 .comment       0x0603a340       0x20 C:/saturn/SH_COFF/sh-coff/bin/../lib/gcc/sh-coff/3.4-GNUSH_v0501/../../../../sh-coff/lib\libc.a(strncmp.o)
 .comment       0x0603a360       0x20 C:/saturn/SH_COFF/sh-coff/bin/../lib/gcc/sh-coff/3.4-GNUSH_v0501/../../../../sh-coff/lib\libc.a(strncpy.o)
 .comment       0x0603a380       0x20 C:/saturn/SH_COFF/sh-coff/bin/../lib/gcc/sh-coff/3.4-GNUSH_v0501/../../../../sh-coff/lib\libc.a(atexit.o)
 .comment       0x0603a3a0       0x20 C:/saturn/SH_COFF/sh-coff/bin/../lib/gcc/sh-coff/3.4-GNUSH_v0501/../../../../sh-coff/lib\libc.a(impure.o)
 .comment       0x0603a3c0       0x20 C:/saturn/SH_COFF/sh-coff/bin/../lib/gcc/sh-coff/3.4-GNUSH_v0501/../../../../sh-coff/lib\libc.a(malloc.o)
 .comment       0x0603a3e0       0x20 C:/saturn/SH_COFF/sh-coff/bin/../lib/gcc/sh-coff/3.4-GNUSH_v0501/../../../../sh-coff/lib\libc.a(mallocr.o)
 .comment       0x0603a400       0x20 C:/saturn/SH_COFF/sh-coff/bin/../lib/gcc/sh-coff/3.4-GNUSH_v0501/../../../../sh-coff/lib\libc.a(freer.o)
 .comment       0x0603a420       0x20 C:/saturn/SH_COFF/sh-coff/bin/../lib/gcc/sh-coff/3.4-GNUSH_v0501/../../../../sh-coff/lib\libc.a(mlock.o)
 .comment       0x0603a440       0x20 C:/saturn/SH_COFF/sh-coff/bin/../lib/gcc/sh-coff/3.4-GNUSH_v0501/../../../../sh-coff/lib\libc.a(sbrkr.o)
 .comment       0x0603a460       0x20 C:/saturn/SH_COFF/sh-coff/bin/../lib/gcc/sh-coff/3.4-GNUSH_v0501/../../../../sh-coff/lib\libc.a(syscalls.o)
 .comment       0x0603a480       0x20 C:/saturn/SH_COFF/sh-coff/bin/../lib/gcc/sh-coff/3.4-GNUSH_v0501/../../../../sh-coff/lib\libc.a(abort.o)
 .comment       0x0603a4a0       0x20 C:/saturn/SH_COFF/sh-coff/bin/../lib/gcc/sh-coff/3.4-GNUSH_v0501/../../../../sh-coff/lib\libc.a(signal.o)
 .comment       0x0603a4c0       0x20 C:/saturn/SH_COFF/sh-coff/bin/../lib/gcc/sh-coff/3.4-GNUSH_v0501/../../../../sh-coff/lib\libc.a(signalr.o)
