Archive member included because of file (symbol)

c:/saturn/sbl6/segalib/lib/sega_int.a(int.o)
                              vblank.o (INT_SetScuFunc)
c:/saturn/sbl6/segalib/lib/sega_int.a(int_trmp.o)
                              c:/saturn/sbl6/segalib/lib/sega_int.a(int.o) (__interrupt_handler0)
c:/saturn/sbl6/segalib/lib/sega_spr.a(spr_2c.o)
                              sprite.o (SPR_2Initial)
c:/saturn/sbl6/segalib/lib/sega_spr.a(spr_slv.o)
                              c:/saturn/sbl6/segalib/lib/sega_spr.a(spr_2c.o) (SPR_InitSlaveSH)
c:/saturn/sbl6/segalib/lib/sega_spr.a(spr_1c.o)
                              c:/saturn/sbl6/segalib/lib/sega_spr.a(spr_2c.o) (SPR_Initial)
c:/saturn/sbl6/segalib/lib/sega_spr.a(spr_2a.o)
                              c:/saturn/sbl6/segalib/lib/sega_spr.a(spr_2c.o) (SPR_2SetDrawPrty)
c:/saturn/sbl6/segalib/lib/sega_scl.a(scl_vblv.o)
                              c:/saturn/sbl6/segalib/lib/sega_spr.a(spr_1c.o) (SpFrameChgMode)
c:/saturn/sbl6/segalib/lib/sega_scl.a(scl_pr12.o)
                              cutscene.o (SCL_SetColOffset)
c:/saturn/sbl6/segalib/lib/sega_scl.a(scl_pr02.o)
                              cutscene.o (SCL_SetColRam)
c:/saturn/sbl6/segalib/lib/sega_scl.a(scl_pr11.o)
                              cutscene.o (SCL_SetAutoColOffset)
c:/saturn/sbl6/segalib/lib/sega_scl.a(scl_fu05.o)
                              game.o (SCL_InitLineParamTb)
c:/saturn/sbl6/segalib/lib/sega_scl.a(scl_pr07.o)
                              game.o (SCL_SetPriority)
c:/saturn/sbl6/segalib/lib/sega_scl.a(scl_func.o)
                              c:/saturn/sbl6/segalib/lib/sega_scl.a(scl_fu05.o) (SclLengthLsTbl)
c:/saturn/sbl6/segalib/lib/sega_scl.a(scl_pri.o)
                              c:/saturn/sbl6/segalib/lib/sega_scl.a(scl_func.o) (SclRealOtherPri)
c:/saturn/sbl6/segalib/lib/sega_scl.a(scl_pr10.o)
                              intro.o (SCL_SetAutoColMix)
c:/saturn/sbl6/segalib/lib/sega_scl.a(scl_pr01.o)
                              scroll.o (SCL_SetSpriteMode)
c:/saturn/sbl6/segalib/lib/sega_scl.a(scl_fu01.o)
                              scroll.o (SCL_SetDisplayMode)
c:/saturn/sbl6/segalib/lib/sega_scl.a(scl_fu04.o)
                              scroll.o (SCL_SetCycleTable)
c:/saturn/sbl6/segalib/lib/sega_scl.a(scl_pr03.o)
                              scroll.o (SCL_AllocColRam)
c:/saturn/sbl6/segalib/lib/sega_scl.a(scl_back.o)
                              scroll.o (SCL_SetBack)
c:/saturn/sbl6/segalib/lib/sega_scl.a(scl_fu03.o)
                              scroll.o (SCL_InitConfigTb)
c:/saturn/sbl6/segalib/lib/sega_scl.a(scl_fu02.o)
                              scroll.o (SCL_InitVramConfigTb)
c:/saturn/sbl6/segalib/lib/sega_scl.a(scl_pr09.o)
                              scroll.o (SCL_SetColMixMode)
c:/saturn/sbl6/segalib/lib/sega_scl.a(scl_pr05.o)
                              c:/saturn/sbl6/segalib/lib/sega_scl.a(scl_pr02.o) (SCL_GetColRamOffset)
c:/saturn/sbl6/segalib/lib/sega_scl.a(scl_ro00.o)
                              c:/saturn/sbl6/segalib/lib/sega_scl.a(scl_func.o) (SCL_Rotate)
c:/saturn/sbl6/segalib/lib/sega_scl.a(scl_pr06.o)
                              c:/saturn/sbl6/segalib/lib/sega_scl.a(scl_pr03.o) (SCL_SetColRamOffset)
c:/saturn/sbl6/segalib/lib/sega_mth.a(mth_tri.o)
                              ball.o (MTH_Sin)
c:/saturn/sbl6/segalib/lib/sega_mth.a(mth_fixd.o)
                              ball.o (MTH_Mul)
c:/saturn/sbl6/segalib/lib/sega_mth.a(mth_rand.o)
                              main.o (MTH_InitialRand)
c:/saturn/sbl6/segalib/lib/sega_cdc.a(cdc_drv.o)
                              sound.o (CDC_CdPlay)
c:/saturn/sbl6/segalib/lib/sega_cdc.a(cdc_cmn.o)
                              main.o (CDC_GetPeriStat)
c:/saturn/sbl6/segalib/lib/sega_cdc.a(cdc_sub.o)
                              c:/saturn/sbl6/segalib/lib/sega_cdc.a(cdc_cmn.o) (CDSUB_UpdStatus)
c:/saturn/sbl6/segalib/lib/sega_cdc.a(cdc_reg.o)
                              c:/saturn/sbl6/segalib/lib/sega_cdc.a(cdc_cmn.o) (CDREG_ClrHirqReq)
c:/saturn/sbl6/segalib/lib/sega_per.a(per_prt.o)
                              smpclib/per_x2.o (PER_LInit)
c:/saturn/sbl6/segalib/lib/sega_sat.a(gfs.o)
                              cd.o (GFS_Init)
c:/saturn/sbl6/segalib/lib/sega_sat.a(DMA_CPU1.o)
                              game.o (DMA_CpuMemCopy1)
c:/saturn/sbl6/segalib/lib/sega_sat.a(DMA_CPU2.o)
                              intro.o (DMA_CpuMemCopy2)
c:/saturn/sbl6/segalib/lib/sega_sat.a(DMA_SCU1.o)
                              c:/saturn/sbl6/segalib/lib/sega_spr.a(spr_2c.o) (DMA_ScuMemCopy)
c:/saturn/sbl6/segalib/lib/sega_sat.a(gfs_cdf.o)
                              c:/saturn/sbl6/segalib/lib/sega_sat.a(gfs.o) (GFCF_Init)
c:/saturn/sbl6/segalib/lib/sega_sat.a(gfs_dir.o)
                              c:/saturn/sbl6/segalib/lib/sega_sat.a(gfs.o) (GFDR_SetupDirTbl)
c:/saturn/sbl6/segalib/lib/sega_sat.a(gfs_trn.o)
[...]
Memory Configuration

Name             Origin             Length             Attributes
*default*        0x00000000         0xffffffff

Linker script and memory map

LOAD c:/saturn/sbl6/segasmp/lib/strt1_g.o
LOAD c:/saturn/sbl6/segasmp/lib/strt2_g.o
LOAD vblank.o
LOAD smpclib/per_x1.o
LOAD smpclib/per_x2.o
LOAD smpclib/per_x3.o
LOAD spritecode/explosion.o
LOAD ball.o
LOAD barrier.o
LOAD capsule.o
LOAD cutscene.o
LOAD cd.o
LOAD crc.o
LOAD devcart.o
LOAD game.o
LOAD graphics.o
LOAD intro.o
LOAD laser.o
LOAD level.o
LOAD logo.o
LOAD menu.o
LOAD notice.o
LOAD pcmsys.o
LOAD print.o
LOAD scroll.o
LOAD soon.o
LOAD sound.o
LOAD sprite.o
LOAD main.o
LOAD c:/saturn/sbl6/segalib/lib/sega_int.a
LOAD c:/saturn/sbl6/segalib/lib/sega_spr.a
LOAD c:/saturn/sbl6/segalib/lib/sega_scl.a
LOAD c:/saturn/sbl6/segalib/lib/sega_mth.a
LOAD c:/saturn/sbl6/segalib/lib/sega_cdc.a
LOAD c:/saturn/sbl6/segalib/lib/sega_adp.a
LOAD c:/saturn/sbl6/segalib/lib/sega_per.a
LOAD c:/saturn/sbl6/segalib/lib/sega_sat.a
LOAD c:/saturn/SH_COFF/sh-coff/bin/../lib/gcc/sh-coff/3.4-GNUSH_v0501\libgcc.a
LOAD c:/saturn/SH_COFF/sh-coff/bin/../lib/gcc/sh-coff/3.4-GNUSH_v0501/../../../../sh-coff/lib\libc.a
LOAD c:/saturn/SH_COFF/sh-coff/bin/../lib/gcc/sh-coff/3.4-GNUSH_v0501\libgcc.a

.text           0x06010000    0x19d20
 *(.text)
 .text          0x06010000       0x30 c:/saturn/sbl6/segasmp/lib/strt1_g.o
                0x06010024                _D_END
                0x06010020                _D_BGN
                0x0601002c                _B_END
                0x06010028                _B_BGN
                0x06010000                START
 .text          0x06010030       0x60 c:/saturn/sbl6/segasmp/lib/strt2_g.o
                0x06010050                _INITSCT
                0x06010030                _INIT
 .text          0x06010090      0x1d0 vblank.o
                0x06010090                SetVblank
                0x06010110                UsrVblankOut
                0x060100f0                UsrVblankIn
 .text          0x06010260      0x240 smpclib/per_x1.o
                0x06010440                PER_GetAnalogXYZ
                0x06010280                PER_GetTriggerHandler
                0x060103d0                PER_GetEdge
                0x06010390                PER_GetTrigger
                0x060103e0                PER_GetPressEdge
                0x06010410                PER_GetReleaseEdge
                0x06010260                PER_SetTriggerHandler
 .text          0x060104a0      0x180 smpclib/per_x2.o
                0x06010580                PER_GetDeviceA
                0x060104a0                PER_OpenPort
                0x060104d0                PER_GetPort
                0x060105c0                PER_GetDeviceR
 .text          0x06010620       0x20 smpclib/per_x3.o
                0x06010620                PER_DisguiseTrigger
 .text          0x06010640       0xb0 spritecode/explosion.o
                0x060106a0                explosion_move
                0x06010640                explosion_make
 .text          0x060106f0      0x4b0 ball.o
                0x060108a0                ball_move
                0x06010790                ball_remove
                0x06010710                ball_add
                0x060107e0                ball_bounce
                0x060106f0                ball_init
                0x06010b20                ball_draw
 .text          0x06010ba0      0x1d0 barrier.o
                0x06010bd0                barrier_move
                0x06010ba0                barrier_init
                0x06010cb0                barrier_draw
 .text          0x06010d70      0x230 capsule.o
                0x06010e20                capsule_run
                0x06010d90                capsule_add
                0x06010f40                capsule_draw
                0x06010dd0                capsule_remove
                0x06010d70                capsule_init
 .text          0x06010fa0      0x260 cutscene.o
                0x06010fa0                cutscene_run
 .text          0x06011200      0x120 cd.o
                0x060112a0                cd_load_nosize
                0x06011200                cd_init
                0x06011230                cd_load
 .text          0x06011320      0x140 crc.o
                0x06011420                crc_update
 .text          0x06011460      0x1d0 devcart.o
                0x060115e0                devcart_reset
                0x060114d0                devcart_loadfile
                0x060115d0                devcart_printstr
 .text          0x06011630     0x1ce0 game.o
                0x06011750                game_incpowerup
                0x060118f0                game_run
                0x06011850                game_loss
                0x060117a0                game_powerupreset
 .text          0x06013310     0x1000 intro.o
                0x06013310                intro_run
 .text          0x06014310      0x180 laser.o
                0x06014330                laser_add
                0x06014370                laser_remove
                0x06014420                laser_draw
                0x06014310                laser_init
                0x060143b0                laser_move
 .text          0x06014490      0x7c0 level.o
                0x060147f0                level_disp
                0x06014490                level_load
 .text          0x06014c50      0x3b0 logo.o
                0x06014cb0                logo_run
                0x06014c50                logo_loadframe
 .text          0x06015000      0xbc0 menu.o
                0x06015320                menu_run
                0x060151e0                sqrt32
 .text          0x06015bc0      0x430 notice.o
                0x06015e60                notice_print
                0x06015ec0                notice_run
 .text          0x06015ff0      0x8c0 pcmsys.o
                0x060166b0                load_8bit_pcm
                0x06016410                smpc_issue_command
                0x060164b0                load_drv
                0x06016840                pcm_parameter_change
                0x060163f0                smpc_wait_till_ready
                0x06016430                load_driver_binary
                0x06016800                pcm_play
                0x06016870                pcm_cease
                0x06016500                calculate_bytes_per_blank
                0x06016550                load_16bit_pcm
 .text          0x060168b0      0x230 print.o
                0x06016a40                print_display
                0x06016990                print_num
                0x060168b0                print_load
                0x06016960                print_init
                0x060169e0                print_string
 .text          0x06016ae0      0x6d0 scroll.o
                0x06016ae0                scroll_lores
                0x06016f20                scroll_move
                0x06016f70                scroll_clearmaps
                0x06016ed0                scroll_set
                0x06017010                scroll_enable
                0x06016fc0                scroll_charsize
                0x06017050                scroll_mapsize
                0x06016b50                scroll_hires
                0x060170a0                scroll_bitmapon
                0x06017120                scroll_bitmapoff
                0x06016ca0                scroll_init
                0x06016bc0                scroll_scale
 .text          0x060171b0      0x280 soon.o
                0x060172b0                soon_clearcol
                0x06017280                soon_loadcol
                0x060171b0                soon_init
                0x060172e0                soon_run
 .text          0x06017430      0x260 sound.o
                0x06017670                sound_play
                0x060174c0                sound_init
                0x06017610                sound_cdda
 .text          0x06017690      0x5f0 sprite.o
                0x060176c0                sprite_init
                0x06017ab0                sprite_make
                0x06017bf0                sprite_next
                0x06017770                sprite_erase
                0x06017c50                sprite_delete
                0x06017b00                sprite_draw_all
                0x06017690                sprite_deleteall
                0x060177d0                sprite_startdraw
                0x06017850                sprite_draw
 .text          0x06017c80      0x280 main.o
                0x06017c80                main
 .text          0x06017f00       0x40 c:/saturn/sbl6/segalib/lib/sega_int.a(int.o)
                0x06017f2c                INT_GetScuFunc
                0x06017f00                INT_SetScuFunc
 .text          0x06017f40      0x624 c:/saturn/sbl6/segalib/lib/sega_int.a(int_trmp.o)
                0x060180a8                __interrupt_handler60
                0x06018258                __interrupt_handler132
                0x0601840e                __interrupt_handler205
                0x06018276                __interrupt_handler137
                0x060181a4                __interrupt_handler102
                0x06017fe2                __interrupt_handler27
                0x060183e4                __interrupt_handler198
                0x060182d6                __interrupt_handler153
                0x06017fbe                __interrupt_handler21
                0x060180cc                __interrupt_handler66
                0x060181bc                __interrupt_handler106
                0x06018306                __interrupt_handler161
                0x06018150                __interrupt_handler88
                0x0601831e                __interrupt_handler165
                0x0601822e                __interrupt_handler125
                0x06017f64                __interrupt_handler6
                0x06018000                __interrupt_handler32
                0x060183ba                __interrupt_handler191
                0x060184d4                __interrupt_handler238
                0x060184ec                __interrupt_handler242
                0x060182f4                __interrupt_handler158
                0x0601815c                __interrupt_handler90
                0x06018318                __interrupt_handler164
                0x0601803c                __interrupt_handler42
                0x0601837e                __interrupt_handler181
                0x06018486                __interrupt_handler225
                0x0601852e                __interrupt_handler253
                0x06018342                __interrupt_handler171
                0x060180fc                __interrupt_handler74
                0x06017f52                __interrupt_handler3
                0x06018096                __interrupt_handler57
                0x06017f94                __interrupt_handler14
                0x0601842c                __interrupt_handler210
                0x0601845c                __interrupt_handler218
                0x06018420                __interrupt_handler208
                0x06018024                __interrupt_handler38
                0x06017f40                __interrupt_handler0
                0x060181b0                __interrupt_handler104
                0x060182ee                __interrupt_handler157
                0x0601843e                __interrupt_handler213
                0x06018330                __interrupt_handler168
                0x0601813e                __interrupt_handler85
                0x060181da                __interrupt_handler111
                0x060181ec                __interrupt_handler114
                0x0601805a                __interrupt_handler47
                0x060184b0                __interrupt_handler232
                0x0601847a                __interrupt_handler223
                0x060184ce                __interrupt_handler237
                0x060180ba                __interrupt_handler63
                0x06018048                __interrupt_handler44
                0x0601835a                __interrupt_handler175
                0x06018384                __interrupt_handler182
                0x0601839c                __interrupt_handler186
                0x0601829a                __interrupt_handler143
                0x060181c2                __interrupt_handler107
                0x06018228                __interrupt_handler124
                0x06018348                __interrupt_handler172
                0x060184fe                __interrupt_handler245
                0x0601817a                __interrupt_handler95
                0x06018252                __interrupt_handler131
                0x06018264                __interrupt_handler134
                0x06018282                __interrupt_handler139
                0x060180f0                __interrupt_handler72
                0x060184aa                __interrupt_handler231
                0x06018300                __interrupt_handler160
                0x06018246                __interrupt_handler129
                0x06017fb8                __interrupt_handler20
                0x060180c6                __interrupt_handler65
                0x06018090                __interrupt_handler56
                0x06017f8e                __interrupt_handler13
                0x06018426                __interrupt_handler209
                0x060181e0                __interrupt_handler112
                0x06017fb2                __interrupt_handler19
                0x0601816e                __interrupt_handler93
                0x060183d8                __interrupt_handler196
                0x060182ca                __interrupt_handler151
                0x0601832a                __interrupt_handler167
                0x06018540                __trampoline
                0x06017fa6                __interrupt_handler17
                0x06018498                __interrupt_handler228
                0x0601853a                __interrupt_handler255
                0x060184f8                __interrupt_handler244
                0x06018192                __interrupt_handler99
                0x0601838a                __interrupt_handler183
                0x06018288                __interrupt_handler140
                0x060183ae                __interrupt_handler189
                0x060182ac                __interrupt_handler146
                0x06018474                __interrupt_handler222
                0x060182e8                __interrupt_handler156
                0x0601821c                __interrupt_handler122
                0x06018510                __interrupt_handler248
                0x06018060                __interrupt_handler48
                0x060180de                __interrupt_handler69
                0x06017fd0                __interrupt_handler24
                0x06018156                __interrupt_handler89
                0x0601844a                __interrupt_handler215
                0x06018534                __interrupt_handler254
                0x0601814a                __interrupt_handler87
                0x060180ae                __interrupt_handler61
                0x060183d2                __interrupt_handler195
                0x060182c4                __interrupt_handler150
                0x06018036                __interrupt_handler41
                0x060181d4                __interrupt_handler110
                0x0601823a                __interrupt_handler127
                0x060181c8                __interrupt_handler108
                0x060181e6                __interrupt_handler113
                0x060181f8                __interrupt_handler116
                0x06018216                __interrupt_handler121
                0x0601810e                __interrupt_handler77
                0x0601802a                __interrupt_handler39
                0x06018042                __interrupt_handler43
                0x06018516                __interrupt_handler249
                0x06018354                __interrupt_handler174
                0x06018270                __interrupt_handler136
                0x060183a8                __interrupt_handler188
                0x060182a6                __interrupt_handler145
                0x06017f76                __interrupt_handler9
                0x0601811a                __interrupt_handler79
                0x06018492                __interrupt_handler227
                0x0601800c                __interrupt_handler34
                0x0601824c                __interrupt_handler130
                0x0601850a                __interrupt_handler247
                0x06018102                __interrupt_handler75
                0x0601834e                __interrupt_handler173
                0x0601807e                __interrupt_handler53
                0x060182be                __interrupt_handler149
                0x06018522                __interrupt_handler251
                0x060184b6                __interrupt_handler233
                0x06017f7c                __interrupt_handler10
                0x06018408                __interrupt_handler204
                0x0601812c                __interrupt_handler82
                0x06018132                __interrupt_handler83
                0x06017fd6                __interrupt_handler25
                0x060184f2                __interrupt_handler243
                0x0601830c                __interrupt_handler162
                0x06018054                __interrupt_handler46
                0x0601836c                __interrupt_handler178
                0x06018120                __interrupt_handler80
                0x060180b4                __interrupt_handler62
                0x06017f4c                __interrupt_handler2
                0x06017fee                __interrupt_handler29
                0x060180e4                __interrupt_handler70
                0x060181ce                __interrupt_handler109
                0x060182b8                __interrupt_handler148
                0x06018174                __interrupt_handler94
                0x06018480                __interrupt_handler224
                0x060181aa                __interrupt_handler103
                0x06018018                __interrupt_handler36
                0x06018234                __interrupt_handler126
                0x06018504                __interrupt_handler246
                0x0601808a                __interrupt_handler55
                0x06017f88                __interrupt_handler12
                0x06018078                __interrupt_handler52
                0x060183a2                __interrupt_handler187
                0x060182a0                __interrupt_handler144
                0x060181fe                __interrupt_handler117
                0x06017fac                __interrupt_handler18
                0x060183de                __interrupt_handler197
                0x060182d0                __interrupt_handler152
                0x06018204                __interrupt_handler118
                0x0601833c                __interrupt_handler170
                0x060183f6                __interrupt_handler201
                0x06018186                __interrupt_handler97
                0x06018312                __interrupt_handler163
                0x06018378                __interrupt_handler180
                0x060183c0                __interrupt_handler192
                0x060184e0                __interrupt_handler240
                0x06018222                __interrupt_handler123
                0x06018444                __interrupt_handler214
                0x06017ffa                __interrupt_handler31
                0x06017fe8                __interrupt_handler28
                0x060180d2                __interrupt_handler67
                0x060180d8                __interrupt_handler68
                0x06017fc4                __interrupt_handler22
                0x06017fca                __interrupt_handler23
                0x06018360                __interrupt_handler176
                0x06017f6a                __interrupt_handler7
                0x0601846e                __interrupt_handler221
                0x06018456                __interrupt_handler217
                0x0601849e                __interrupt_handler229
                0x06018066                __interrupt_handler49
                0x06017f58                __interrupt_handler4
                0x06018030                __interrupt_handler40
                0x060181f2                __interrupt_handler115
                0x060184c2                __interrupt_handler235
                0x06018162                __interrupt_handler91
                0x06018414                __interrupt_handler206
                0x06018366                __interrupt_handler177
                0x060182b2                __interrupt_handler147
                0x0601801e                __interrupt_handler37
                0x0601851c                __interrupt_handler250
                0x06017f46                __interrupt_handler1
                0x06018462                __interrupt_handler219
                0x06018108                __interrupt_handler76
                0x06018198                __interrupt_handler100
                0x0601809c                __interrupt_handler58
                0x06017f9a                __interrupt_handler15
                0x06018438                __interrupt_handler212
                0x060184e6                __interrupt_handler241
                0x060183fc                __interrupt_handler202
                0x060183c6                __interrupt_handler193
                0x06018114                __interrupt_handler78
                0x0601806c                __interrupt_handler50
                0x06018006                __interrupt_handler33
                0x06018324                __interrupt_handler166
                0x0601827c                __interrupt_handler138
                0x0601826a                __interrupt_handler135
                0x06017ff4                __interrupt_handler30
                0x06018390                __interrupt_handler184
                0x0601828e                __interrupt_handler141
                0x060184a4                __interrupt_handler230
                0x060184c8                __interrupt_handler236
                0x0601820a                __interrupt_handler119
                0x06018144                __interrupt_handler86
                0x060181b6                __interrupt_handler105
                0x06018126                __interrupt_handler81
                0x06018210                __interrupt_handler120
                0x06018240                __interrupt_handler128
                0x06018084                __interrupt_handler54
                0x06017f82                __interrupt_handler11
                0x060183ea                __interrupt_handler199
                0x060182dc                __interrupt_handler154
                0x0601804e                __interrupt_handler45
                0x06018450                __interrupt_handler216
                0x06018402                __interrupt_handler203
                0x0601819e                __interrupt_handler101
                0x06018138                __interrupt_handler84
                0x06018396                __interrupt_handler185
                0x06018294                __interrupt_handler142
                0x06017fdc                __interrupt_handler26
                0x060180c0                __interrupt_handler64
                0x060183f0                __interrupt_handler200
                0x0601841a                __interrupt_handler207
                0x060183cc                __interrupt_handler194
                0x06018168                __interrupt_handler92
                0x060182e2                __interrupt_handler155
                0x06018432                __interrupt_handler211
                0x0601825e                __interrupt_handler133
                0x06017f5e                __interrupt_handler5
                0x060180f6                __interrupt_handler73
                0x06017fa0                __interrupt_handler16
                0x060184da                __interrupt_handler239
                0x060184bc                __interrupt_handler234
                0x06018012                __interrupt_handler35
                0x060180a2                __interrupt_handler59
                0x06018336                __interrupt_handler169
                0x0601818c                __interrupt_handler98
                0x060180ea                __interrupt_handler71
                0x06018072                __interrupt_handler51
                0x060182fa                __interrupt_handler159
                0x0601848c                __interrupt_handler226
                0x06018180                __interrupt_handler96
                0x060183b4                __interrupt_handler190
                0x06018468                __interrupt_handler220
                0x06017f70                __interrupt_handler8
                0x06018372                __interrupt_handler179
                0x06018528                __interrupt_handler252
 *fill*         0x06018564        0xc 00
 .text          0x06018570     0x12a0 c:/saturn/sbl6/segalib/lib/sega_spr.a(spr_2c.o)
                0x060197d0                SlaveFlushDrawPrtyBlock
                0x06018570                SPR_2Initial
                0x06018db4                SPR_2SysClip
                0x06018d54                SPR_2LocalCoord
                0x0601964c                SPR_2FlushDrawPrtyBlock
                0x06019338                SPR_2DistSpr
                0x06018d3c                SPR_2FlushDrawPrty
                0x0601945c                SPR_2Cmd
                0x06018a38                SPR_2GourTblNoToVram
                0x06018a98                SPR_2GetAreaSizeInfo
                0x06018800                SPR_2SetGourTbl
                0x06018fec                SPR_2Polygon
                0x06018a74                SPR_2CharNoToVram
                0x06018780                SPR_2SetTvMode
                0x06018bdc                SPR_2CloseCommand
                0x060187bc                SPR_2FrameEraseData
                0x06018598                SPR_2Initial2
                0x060191cc                SPR_2ScaleSpr
                0x06018e5c                SPR_2Line
                0x06018b28                SPR_2OpenCommand
                0x0601879c                SPR_2FrameChgIntr
                0x060190a8                SPR_2NormSpr
                0x06018830                SPR_2SetLookupTbl
                0x06018864                SPR_2SetChar
                0x06018a5c                SPR_2LookupTblNoToVram
                0x06018f30                SPR_2PolyLine
                0x060189d0                SPR_2ClrAllChar
                0x06018984                SPR_2ClrChar
                0x06018e00                SPR_2UserClip
 .text          0x06019810      0x1e6 c:/saturn/sbl6/segalib/lib/sega_spr.a(spr_slv.o)
                0x06019974                SPR_WaitEndSlaveSH
                0x06019810                SPR_SMPC_SSHON
                0x06019950                SPR_RunSlaveSH
                0x06019814                SPR_InitSlaveSH
                0x060198dc                SPR_SlaveSHmain
                0x06019811                SPR_SMPC_SSHOFF
 *fill*         0x060199f6        0xa 00
 .text          0x06019a00      0x36a c:/saturn/sbl6/segalib/lib/sega_spr.a(spr_1c.o)
                0x06019cb4                SPR_WaitDrawEnd
                0x06019ccc                SPR_SetEosMode
                0x06019be4                SPR_SetEraseData
                0x06019a00                SPR_Initial
                0x06019ad8                SPR_SetTvMode
                0x06019b70                SPR_GetStatus
 *fill*         0x06019d6a        0x6 00
 .text          0x06019d70      0x244 c:/saturn/sbl6/segalib/lib/sega_spr.a(spr_2a.o)
                0x06019d82                sprMemCpyW
                0x06019de0                flushDrawPrtyBlock
                0x06019d70                sprMemCpyL
                0x06019d94                SPR_2SetDrawPrty
 *fill*         0x06019fb4        0xc 00
 .text          0x06019fc0      0x2fc c:/saturn/sbl6/segalib/lib/sega_scl.a(scl_vblv.o)
                0x0601a07c                SCL_DisplayFrame
                0x06019fc0                SCL_SetFrameInterval
                0x0601a0b0                SCL_VblInit
                0x0601a100                SCL_VblankStart
                0x0601a144                SCL_VblankEnd
 *fill*         0x0601a2bc        0x4 00
 .text          0x0601a2c0      0x1f4 c:/saturn/sbl6/segalib/lib/sega_scl.a(scl_pr12.o)
                0x0601a2c0                SCL_SetColOffset
 *fill*         0x0601a4b4        0xc 00
 .text          0x0601a4c0       0x9c c:/saturn/sbl6/segalib/lib/sega_scl.a(scl_pr02.o)
                0x0601a4c0                SCL_SetColRam
 *fill*         0x0601a55c        0x4 00
 .text          0x0601a560      0x180 c:/saturn/sbl6/segalib/lib/sega_scl.a(scl_pr11.o)
                0x0601a560                SCL_SetAutoColOffset
 .text          0x0601a6e0      0x278 c:/saturn/sbl6/segalib/lib/sega_scl.a(scl_fu05.o)
                0x0601a79c                SCL_SetLineParam
                0x0601a6e8                SCL_InitLineParamTb
 *fill*         0x0601a958        0x8 00
 .text          0x0601a960      0x214 c:/saturn/sbl6/segalib/lib/sega_scl.a(scl_pr07.o)
                0x0601a960                SCL_SetPriority
 *fill*         0x0601ab74        0xc 00
 .text          0x0601ab80      0xb9c c:/saturn/sbl6/segalib/lib/sega_scl.a(scl_func.o)
                0x0601b55c                SCL_Vdp2_SGLInit
                0x0601b46c                SCL_PriIntProc
                0x0601b3e4                SCL_Memcpyw
                0x0601b6fc                SCL_SglOff
                0x0601b6dc                SCL_SglOn
                0x0601b350                SCL_ScrollShow
                0x0601adf8                SCL_Close
                0x0601b0f0                SCL_Scale
                0x0601ab80                SCL_Vdp2Init
                0x0601af64                SCL_Move
                0x0601b22c                SCL_CopyReg
                0x0601add4                SCL_Open
                0x0601ac04                SCL_ParametersInit
                0x0601ae14                SCL_MoveTo
                0x0601b40c                SCL_SetColRamMode
 *fill*         0x0601b71c        0x4 00
 .text          0x0601b720     0x10a4 c:/saturn/sbl6/segalib/lib/sega_scl.a(scl_pri.o)
                0x0601b7b4                SCL_AbortAutoVe
                0x0601c664                SCL_SetShadowBit
                0x0601bc2c                SCL_AutoExec
                0x0601b720                SCL_PriorityInit
                0x0601c140                SCL_IncColOffset
                0x0601b7c8                SCL_SetColMixRate
                0x0601b798                SCL_GetColRamMode
 *fill*         0x0601c7c4        0xc 00
 .text          0x0601c7d0       0x98 c:/saturn/sbl6/segalib/lib/sega_scl.a(scl_pr10.o)
                0x0601c7d0                SCL_SetAutoColMix
 *fill*         0x0601c868        0x8 00
 .text          0x0601c870       0x58 c:/saturn/sbl6/segalib/lib/sega_scl.a(scl_pr01.o)
                0x0601c870                SCL_SetSpriteMode
 *fill*         0x0601c8c8        0x8 00
 .text          0x0601c8d0      0x1ec c:/saturn/sbl6/segalib/lib/sega_scl.a(scl_fu01.o)
                0x0601c8d0                SCL_SetDisplayMode
 *fill*         0x0601cabc        0x4 00
 .text          0x0601cac0       0x28 c:/saturn/sbl6/segalib/lib/sega_scl.a(scl_fu04.o)
                0x0601cac0                SCL_SetCycleTable
 *fill*         0x0601cae8        0x8 00
 .text          0x0601caf0      0x138 c:/saturn/sbl6/segalib/lib/sega_scl.a(scl_pr03.o)
                0x0601caf0                SCL_FreeColRam
                0x0601cb28                SCL_AllocColRam
 *fill*         0x0601cc28        0x8 00
 .text          0x0601cc30       0x84 c:/saturn/sbl6/segalib/lib/sega_scl.a(scl_back.o)
                0x0601cc30                SCL_SetBack
 *fill*         0x0601ccb4        0xc 00
 .text          0x0601ccc0      0x94c c:/saturn/sbl6/segalib/lib/sega_scl.a(scl_fu03.o)
                0x0601cd1c                SCL_SetConfig
                0x0601ccc0                SCL_InitConfigTb
 *fill*         0x0601d60c        0x4 00
 .text          0x0601d610      0x4f4 c:/saturn/sbl6/segalib/lib/sega_scl.a(scl_fu02.o)
                0x0601d648                SCL_SetVramConfig
                0x0601d610                SCL_InitVramConfigTb
 *fill*         0x0601db04        0xc 00
 .text          0x0601db10       0x40 c:/saturn/sbl6/segalib/lib/sega_scl.a(scl_pr09.o)
                0x0601db10                SCL_SetColMixMode
 .text          0x0601db50       0xac c:/saturn/sbl6/segalib/lib/sega_scl.a(scl_pr05.o)
                0x0601db50                SCL_GetColRamOffset
 *fill*         0x0601dbfc        0x4 00
 .text          0x0601dc00     0x1394 c:/saturn/sbl6/segalib/lib/sega_scl.a(scl_ro00.o)
                0x0601edec                SCL_RotateZD
                0x0601e0b4                SCL_Rotate
                0x0601dd88                SCL_InitRotateTable
 *fill*         0x0601ef94        0xc 00
 .text          0x0601efa0      0x1b4 c:/saturn/sbl6/segalib/lib/sega_scl.a(scl_pr06.o)
                0x0601efa0                SCL_SetColRamOffset
 *fill*         0x0601f154        0xc 00
 .text          0x0601f160      0x600 c:/saturn/sbl6/segalib/lib/sega_mth.a(mth_tri.o)
                0x0601f1fc                fcos
                0x0601f202                fsin
                0x0601f1ac                MTH_Cos
                0x0601f160                MTH_Sin
                0x0601f3a0                MTH_Atan
 .text          0x0601f760       0xa4 c:/saturn/sbl6/segalib/lib/sega_mth.a(mth_fixd.o)
                0x0601f7b0                MTH_FixedToInt
                0x0601f7a0                MTH_IntToFixed
                0x0601f760                MTH_Mul
                0x0601f7c0                MTH_Product
                0x0601f780                MTH_Div
 *fill*         0x0601f804        0xc 00
 .text          0x0601f810       0x30 c:/saturn/sbl6/segalib/lib/sega_mth.a(mth_rand.o)
                0x0601f820                MTH_GetRand
                0x0601f810                MTH_InitialRand
 .text          0x0601f840      0x130 c:/saturn/sbl6/segalib/lib/sega_cdc.a(cdc_drv.o)
                0x0601f840                CDC_CdPlay
                0x0601f90c                CDC_CdSeek
                0x0601f940                CDC_CdScan
 .text          0x0601f970      0x3a0 c:/saturn/sbl6/segalib/lib/sega_cdc.a(cdc_cmn.o)
                0x0601fb14                CDC_TgetToc
                0x0601fcb8                CDC_DataEnd
                0x0601f9d8                CDC_GetPeriStat
                0x0601fc4c                CDC_DataReady
                0x0601fc24                CDC_CdOpen
                0x0601fba0                CDC_CdInit
                0x0601fb64                CDC_GetSes
                0x0601f9c0                CDC_GetLastStat
                0x0601f970                CDC_GetCurStat
                0x0601faac                CDC_GetHwInfo
 .text          0x0601fd10      0x152 c:/saturn/sbl6/segalib/lib/sega_cdc.a(cdc_sub.o)
                0x0601fdb8                CDSUB_GetCdstat
                0x0601fd28                CDSUB_UpdCdstat
                0x0601fdf8                CDSUB_RspToCdstat
                0x0601fe40                CDSUB_SoftTimer
                0x0601fd10                CDSUB_UpdStatus
                0x0601fd48                CDSUB_CdCmd
 *fill*         0x0601fe62        0xe 00
 .text          0x0601fe70      0x2dc c:/saturn/sbl6/segalib/lib/sega_cdc.a(cdc_reg.o)
                0x0601fec4                CDREG_ClrHirqReq
                0x0601fe94                CDC_ClrHirqReq
                0x0601ff44                CDREG_TgetData
                0x0601ff34                CDC_GetMpegPtr
                0x0601ff10                CDC_GetHirqMsk
                0x0601fe70                CDC_GetDataPtr
                0x0601fe80                CDC_GetHirqReq
                0x060200a0                CDREG_WaitHirq
                0x0601ff24                CDC_SetHirqMsk
                0x0601ffa0                CDREG_CmdRsp
                0x0601fed4                CDREG_InitHirqReq
                0x0601fefc                CDREG_SetHirqFlag
                0x06020110                CDREG_ReadRsp
 *fill*         0x0602014c        0x4 00
 .text          0x06020150      0xf50 c:/saturn/sbl6/segalib/lib/sega_per.a(per_prt.o)
                0x06020570                PER_IntFunc
                0x06020368                PER_LGetPer
                0x06020150                PER_LInit
 .text          0x060210a0     0x1b04 c:/saturn/sbl6/segalib/lib/sega_sat.a(gfs.o)
                0x060210a0                gfs_version
                0x06022314                gfs_mngGetNumFile
                0x06022a94                gfs_closeSub
                0x06021e30                GFS_SetGmode
                0x060220ec                GFS_SetErrFunc
                0x0602223c                gfs_mngSetupFuncTbl
                0x060213f8                GFS_Reset
                0x06022164                gfs_chgRoot
                0x06022230                gfs_aborttrans
                0x06022514                gfs_svrAddHndl
                0x060223c4                gfs_mngFreeGrp
                0x0602213c                GFS_ConvTno
                0x060226c8                gfs_getRootDir
                0x06022118                GFS_GetErrStat
                0x06021568                GFS_Seek
                0x06021bd4                GFS_NwStop
                0x060223d0                gfs_mngTermAccess
                0x0602147c                GFS_Open
                0x0602237c                GFS_mngAllocGrp
                0x06022adc                gfs_isTaskDone
                0x060218d4                GFS_Fread
                0x06022034                GFS_StartTrans
                0x06022a30                gfs_GetFinfo
                0x06022270                gfs_mngInitWork
                0x060216c0                GFS_ByteToSct
                0x060224d4                gfs_svrSearchHndl
                0x060227c4                gfs_loadRootDir
                0x0602131c                GFS_IdToName
                0x06021a18                GFS_NwFread
                0x06021f64                GFS_SetTransPara
                0x06021b24                GFS_NwCdRead
                0x06022604                gfs_loadVol
                0x06021f00                GFS_SetReadPara
                0x0602161c                GFS_Tell
                0x06021e94                GFS_SetTmode
                0x06022998                GFS_GetFad
                0x06021fd0                GFS_SetTrFunc
                0x06022080                GFS_CdMovePickup
                0x060212b8                GFS_NameToId
                0x06021cec                GFS_NwExecOne
                0x0602284c                gfs_flowIn
                0x06021774                GFS_GetFileInfo
                0x060228f4                gfs_transData
                0x06022550                gfs_svrRemoveHndl
                0x06021b9c                GFS_NwIsComplete
                0x06022ad0                gfs_getGmode
                0x06021c40                GFS_NwGetStat
                0x060225ac                GFS_OpenSub
                0x06021250                GFS_SetDir
                0x0602171c                GFS_GetFileSize
                0x060217e8                GFS_GetNumCdbuf
                0x06022b30                gfs_convFinStat
                0x06021810                GFS_Load
                0x06021970                gfs_waitRead
                0x060211a8                GFS_LoadDir
                0x06021388                GFS_GetDirInfo
                0x06021530                GFS_Close
                0x060210c0                GFS_Init
                0x06021cbc                gfs_recovRdErr
                0x06022454                gfs_mngSetErrCode
                0x06021dac                GFS_NwExecServer
                0x0602166c                GFS_IsEof
                0x060229f0                gfs_SetSct
 *fill*         0x06022ba4        0xc 00
 .text          0x06022bb0       0x90 c:/saturn/sbl6/segalib/lib/sega_sat.a(DMA_CPU1.o)
                0x06022bb0                DMA_CpuMemCopy1
 .text          0x06022c40       0x94 c:/saturn/sbl6/segalib/lib/sega_sat.a(DMA_CPU2.o)
                0x06022c40                DMA_CpuMemCopy2
 *fill*         0x06022cd4        0xc 00
 .text          0x06022ce0      0x1f4 c:/saturn/sbl6/segalib/lib/sega_sat.a(DMA_SCU1.o)
                0x06022e3c                DMA_ScuResult
                0x06022ce0                DMA_ScuInit
                0x06022d30                DMA_ScuMemCopy
 *fill*         0x06022ed4        0xc 00
 .text          0x06022ee0      0x8d4 c:/saturn/sbl6/segalib/lib/sega_sat.a(gfs_cdf.o)
                0x060233d4                GFCF_Seek
                0x060234dc                GFCF_GetStat
                0x060233bc                GFCF_Tell
                0x06022f80                GFCF_Setup
                0x06023488                GFCF_cnvIntlvOfs
                0x06022ee0                GFCF_Init
                0x06023374                GFCF_Recover
                0x060230c8                GFCF_SetSct
                0x060233ec                GFCF_MovePickup
                0x060235b0                gfcf_isCdOk
                0x06023180                GFCF_FlowInBuf
                0x0602310c                GFCF_GetFileInfo
                0x060232d4                GFCF_StopInBuf
                0x06023574                gfcf_getSctSize
                0x06023670                gfcf_getPlayRange
 *fill*         0x060237b4        0xc 00
 .text          0x060237c0      0x928 c:/saturn/sbl6/segalib/lib/sega_sat.a(gfs_dir.o)
                0x06023cb0                gfdr_setNextRec
                0x060240ac                gfdr_setDirrecCd
                0x06023aa8                gfdr_open
                0x060238bc                GFDR_GetAtrDirId
                0x06023b90                gfdr_readByte
                0x060237c0                GFDR_SetupDirTbl
                0x06023c88                gfdr_readLongNM
                0x06023d34                gfdr_readDirEnt
                0x060238ec                GFDR_ChgRoot
                0x06023834                GFDR_NameToId
                0x06023978                gfdr_setupDirIdTbl
                0x060238d4                GFDR_GetAtrDirName
                0x06023894                GFDR_GetInfoDirId
                0x06023c3c                gfdr_readLongNB
                0x06023ad0                gfdr_read
                0x06023bbc                gfdr_readWord
                0x060239fc                gfdr_setupDirNameTbl
                0x060238a8                GFDR_GetInfoDirName
                0x06023904                GFDR_ChgDir
                0x06023be8                gfdr_readWordNB
 *fill*         0x060240e8        0x8 00
 .text          0x060240f0      0xa46 c:/saturn/sbl6/segalib/lib/sega_sat.a(gfs_trn.o)
                0x060241d0                GFTR_SetTransMax
                0x060245a0                gftr_execScu
                0x06024b24                GFTR_SetTransFunc
                0x060249ec                gftr_remTrn
                0x06024b10                GFTR_SetData
                0x06024810                gftr_execSdma1
                0x06024a60                gftr_copyFrac
                0x060241c4                GFTR_GetNumTrans
                0x06024164                GFTR_SetMode
                0x060247e0                gftr_remDma0
                0x06024a88                GFTR_GetLenData
                0x06024594                gftr_reqScu
                0x060247f8                gftr_reqDma1
                0x060244b0                gftr_getSrcPack
                0x06024ae0                GFTR_RtnDstPk
                0x0602467c                gfdma_exec
                0x06024914                gftr_execTrn
                0x060243a8                GFTR_ExecSvr
                0x060248a4                gftr_reqTrn
                0x0602476c                gfdma_getBytecnt
                0x0602484c                gftr_reqCpu
                0x06024aac                GFTR_GetDstPack
                0x060247a4                gftr_reqDma0
                0x06024330                GFTR_Idle
                0x060241e8                GFTR_Pause
                0x060241b8                GFTR_GetTransPara
                0x06024898                gftr_remCpu
                0x06024184                GFTR_SetTransPara
                0x06024834                gftr_remDma1
                0x060241f4                GFTR_Stop
                0x060247bc                gftr_execSdma0
                0x06024120                GFTR_Setup
                0x0602463c                gftr_remScu
                0x06024538                gftr_getDstPack
                0x06024670                gfdma_canUse
                0x060242ac                GFTR_Exec
                0x06024afc                GFTR_GetData
                0x060241dc                GFTR_Start
                0x06024178                GFTR_SetUnit
                0x06024858                gftr_execCpu
                0x06024a94                GFTR_GetLenRoom
 *fill*         0x06024b36        0xa 00
 .text          0x06024b40      0x106 c:/saturn/sbl6/segalib/lib/sega_sat.a(gfs_buf.o)
                0x06024b98                GFBF_GetNumData
                0x06024c14                GFBF_RtnPk
                0x06024bc8                GFBF_GetSrcPk
                0x06024c3c                gfbf_getSctDt
                0x06024b70                GFBF_GetTranData
                0x06024bf0                GFBF_GetSctData
 *fill*         0x06024c46        0xa 00
 .text          0x06024c50      0x600 c:/saturn/sbl6/segalib/lib/sega_sat.a(gfs_cdb.o)
                0x060251f8                GFCB_GetPickup
                0x06024d70                GFCB_Close
                0x0602503c                GFCB_GetSrcPack
                0x060251c4                GFCB_SetCon
                0x06024e44                GFCB_GetLenRoom
                0x060251a8                GFCB_MovePickup
                0x0602511c                GFCB_GetSctData
                0x06024e50                GFCB_SetFilt
                0x06024d98                GFCB_GetLenData
                0x06025238                GFCB_UngetPickup
                0x06024c50                GFCB_Setup
                0x06024ee0                GFCB_Tell
                0x06025220                GFCB_IsPuOwner
                0x06024f40                GFCB_Seek
                0x06024eb8                GFCB_DeleteAllData
                0x06025154                GFCB_GetDstPack
                0x06024ef0                gfcb_getSctNum
                0x06025160                GFCB_RtnPk
 .text          0x06025250     0x1a04 c:/saturn/sbl6/segalib/lib/sega_sat.a(gfs_cdc.o)
                0x060254ec                GFCD_AllocBuf
                0x060262c8                gfcd_doGetLenDataTsk
                0x06026b64                GFCD_SetCsctFunc
                0x060255c4                GFCD_GetBaseFad
                0x06025740                GFCD_GetFilt
                0x06026754                gfcd_doChgDirTsk
                0x06026a94                gfcd_checkEflag
                0x06025a88                GFCD_MovePickup
                0x06025b6c                GFCD_GetSctInfo
                0x0602641c                gfcd_doReqDataTsk
                0x06025bb4                GFCD_ChgDir
                0x060258a8                GFCD_ReqData
                0x06026b80                GFCD_ChkScdqFlag
                0x06026038                GFCD_WaitServer
                0x0602594c                GFCD_DelSctData
                0x06025e24                GFCD_ExecServer
                0x06026238                gfcd_doSetConTsk
                0x06025480                GFCD_AllocFilt
                0x0602567c                GFCD_SetFilt
                0x06026074                gfcd_doSetFiltTsk
                0x06026ba4                GFCD_ClrScdqFlag
                0x060264bc                gfcd_doDelSctDataTsk
                0x06025f80                gfcd_doTask
                0x060255f8                GFCD_GetPickup
                0x06025b48                GFCD_CheckMove
                0x06026bc0                GFCD_WaitScdqFlag
                0x060257e0                GFCD_Play
                0x060265f0                gfcd_doMoveSctTsk
                0x06025788                GFCD_SetCon
                0x06025c28                GFCD_SetFiltCon
                0x06026c04                GFCD_WaitPause
                0x06025dec                GFCD_GetBufSiz
                0x0602562c                GFCD_UngetPickup
                0x06025d10                GFCD_GetFileInfo
                0x06025904                GFCD_EndData
                0x06025520                GFCD_FreeBuf
                0x06025840                GFCD_GetLenData
                0x060254bc                GFCD_FreeFilt
                0x06025ef8                gfcd_isIdleTask
                0x0602527c                GFCD_Init
                0x06026950                gfcd_doSetFiltConTsk
                0x060259d4                GFCD_GetStat
                0x06025ad4                GFCD_MoveSctData
                0x06025658                GFCD_IsPuOwner
                0x06026ab8                gfcd_initCdbMng
                0x06025250                GFCD_SetCdbfs
                0x06026024                GFCD_SetTimer
                0x06026b38                gfcd_setStat
                0x060259a4                GFCD_CheckDelSctData
 *fill*         0x06026c54        0xc 00
 .text          0x06026c60      0x1b6 c:/saturn/sbl6/segalib/lib/sega_sat.a(DMA_CPU0.o)
                0x06026ca8                DMA_CpuSetPrm
                0x06026dac                DMA_CpuStart
                0x06026e04                DMA_CpuGetStatus
                0x06026dd8                DMA_CpuAllStop
                0x06026dec                DMA_CpuGetComStatus
                0x06026c60                DMA_CpuSetComPrm
                0x06026dc0                DMA_CpuStop
 *fill*         0x06026e16        0xa 00
 .text          0x06026e20       0x50 c:/saturn/sbl6/segalib/lib/sega_sat.a(DMA_CPU5.o)
                0x06026e20                DMA_CpuResult
 .text          0x06026e70      0x308 c:/saturn/sbl6/segalib/lib/sega_sat.a(DMA_SCU0.o)
                0x06026ef4                DMA_ScuStart
                0x06027028                DMA_ScuIntFunc0
                0x06027098                DMA_ScuIntFunc1
                0x06027108                DMA_ScuIntFunc2
                0x06026fe8                DMA_ScuGetStatus
                0x06026e70                DMA_ScuSetPrm
 *fill*         0x06027178        0x8 00
 .text          0x06027180       0xe8 c:/saturn/sbl6/segalib/lib/sega_sat.a(csh_main.o)
                0x06027180                CSH_Init
                0x060271e8                CSH_AllClr
                0x06027234                CSH_Purge
 *fill*         0x06027268        0x8 00
 .text          0x06027270      0x194 c:/saturn/sbl6/segalib/lib/sega_sat.a(cdc_cfs.o)
                0x06027270                CDC_ChgDir
                0x060272a4                CDC_ReadDir
                0x060273c8                CDC_AbortFile
                0x060272d8                CDC_GetFileScope
                0x06027338                CDC_TgetFileInfo
                0x06027394                CDC_ReadFile
 *fill*         0x06027404        0xc 00
 .text          0x06027410      0x1e4 c:/saturn/sbl6/segalib/lib/sega_sat.a(cdc_bio.o)
                0x060274bc                CDC_GetdelSctData
                0x06027444                CDC_GetSctData
                0x060274f8                CDC_PutSctData
                0x06027574                CDC_MoveSctData
                0x060275b8                CDC_GetCopyErr
                0x06027480                CDC_DelSctData
                0x06027410                CDC_SetSctLen
                0x06027530                CDC_CopySctData
 *fill*         0x060275f4        0xc 00
 .text          0x06027600      0x2b8 c:/saturn/sbl6/segalib/lib/sega_sat.a(cdc_sel.o)
                0x06027830                CDC_GetFiltCon
                0x060277ac                CDC_GetFiltMode
                0x06027884                CDC_ResetSelector
                0x06027600                CDC_SetFiltRange
                0x0602768c                CDC_SetFiltSubh
                0x060276fc                CDC_GetFiltSubh
                0x06027634                CDC_GetFiltRange
                0x06027778                CDC_SetFiltMode
                0x060277f0                CDC_SetFiltCon
 *fill*         0x060278b8        0x8 00
 .text          0x060278c0      0x270 c:/saturn/sbl6/segalib/lib/sega_sat.a(cdc_bif.o)
                0x0602791c                CDC_GetSctNum
                0x06027a9c                CDC_ExeFadSearch
                0x06027a1c                CDC_GetSctInfo
                0x06027960                CDC_CalActSiz
                0x060278c0                CDC_GetBufSiz
                0x0602799c                CDC_GetActSiz
                0x06027ad4                CDC_GetFadSearch
 .text          0x06027b30       0xa8 c:/saturn/sbl6/segalib/lib/sega_sat.a(cdc_dev.o)
                0x06027b9c                CDC_CdGetLastBuf
                0x06027b30                CDC_CdSetCon
                0x06027b60                CDC_CdGetCon
 *fill*         0x06027bd8        0x8 00
 .text          0x06027be0       0x60 c:/saturn/SH_COFF/sh-coff/bin/../lib/gcc/sh-coff/3.4-GNUSH_v0501\libgcc.a(_ashiftrt.o)
                0x06027bec                __ashiftrt_r4_27
                0x06027c20                __ashiftrt_r4_6
                0x06027c10                __ashiftrt_r4_14
                0x06027c02                __ashiftrt_r4_19
                0x06027c1a                __ashiftrt_r4_9
                0x06027c2e                __ashiftrt_r4_0
                0x06027be0                __ashiftrt_r4_31
                0x06027bee                __ashiftrt_r4_26
                0x06027bfc                __ashiftrt_r4_22
                0x06027c08                __ashiftrt_r4_16
                0x06027c14                __ashiftrt_r4_12
                0x06027be8                __ashiftrt_r4_29
                0x06027c06                __ashiftrt_r4_17
                0x06027be6                __ashiftrt_r4_30
                0x06027c22                __ashiftrt_r4_5
                0x06027c1c                __ashiftrt_r4_8
                0x06027be0                __ashiftrt_r4_32
                0x06027bf0                __ashiftrt_r4_25
                0x06027c28                __ashiftrt_r4_2
                0x06027bf2                __ashiftrt_r4_24
                0x06027c0e                __ashiftrt_r4_15
                0x06027c18                __ashiftrt_r4_10
                0x06027c2a                __ashiftrt_r4_1
                0x06027bea                __ashiftrt_r4_28
                0x06027c00                __ashiftrt_r4_20
                0x06027c1e                __ashiftrt_r4_7
                0x06027c12                __ashiftrt_r4_13
                0x06027c16                __ashiftrt_r4_11
                0x06027c24                __ashiftrt_r4_4
                0x06027bfa                __ashiftrt_r4_23
                0x06027c04                __ashiftrt_r4_18
                0x06027bfe                __ashiftrt_r4_21
                0x06027c26                __ashiftrt_r4_3
 .text          0x06027c40       0xb0 c:/saturn/SH_COFF/sh-coff/bin/../lib/gcc/sh-coff/3.4-GNUSH_v0501\libgcc.a(_si_to_df.o)
                0x06027c40                __floatsidf
 .text          0x06027cf0      0x2e0 c:/saturn/SH_COFF/sh-coff/bin/../lib/gcc/sh-coff/3.4-GNUSH_v0501\libgcc.a(_mul_df.o)
                0x06027d00                __muldf3
 .text          0x06027fd0       0x80 c:/saturn/SH_COFF/sh-coff/bin/../lib/gcc/sh-coff/3.4-GNUSH_v0501\libgcc.a(_df_to_si.o)
                0x06027fd0                __fixdfsi
 .text          0x06028050       0x70 c:/saturn/SH_COFF/sh-coff/bin/../lib/gcc/sh-coff/3.4-GNUSH_v0501\libgcc.a(_udivsi3.o)
                0x06028072                __udivsi3
 .text          0x060280c0       0xa0 c:/saturn/SH_COFF/sh-coff/bin/../lib/gcc/sh-coff/3.4-GNUSH_v0501\libgcc.a(_sdivsi3.o)
                0x060280c0                __sdivsi3
 .text          0x06028160       0x90 c:/saturn/SH_COFF/sh-coff/bin/../lib/gcc/sh-coff/3.4-GNUSH_v0501\libgcc.a(_ashiftrt_n.o)
                0x06028160                __ashrsi3
 .text          0x060281f0       0x90 c:/saturn/SH_COFF/sh-coff/bin/../lib/gcc/sh-coff/3.4-GNUSH_v0501\libgcc.a(_ashiftlt.o)
                0x060281f0                __ashlsi3
 .text          0x06028280       0xb0 c:/saturn/SH_COFF/sh-coff/bin/../lib/gcc/sh-coff/3.4-GNUSH_v0501\libgcc.a(_movstr.o)
                0x060282c0                __movstrSI16
                0x06028294                __movstrSI60
                0x060282a0                __movstrSI48
                0x0602829c                __movstrSI52
                0x06028290                __movstrSI64
                0x060282a4                __movstrSI44
                0x060282a8                __movstrSI40
                0x060282ac                __movstrSI36
                0x060282e0                __movstr
                0x06028298                __movstrSI56
                0x060282b4                __movstrSI28
                0x060282b0                __movstrSI32
                0x060282c4                __movstrSI12
                0x060282c8                __movstrSI8
                0x060282d0                __movstrSI0
                0x060282b8                __movstrSI24
                0x060282bc                __movstrSI20
                0x060282cc                __movstrSI4
 .text          0x06028330       0xa0 c:/saturn/SH_COFF/sh-coff/bin/../lib/gcc/sh-coff/3.4-GNUSH_v0501\libgcc.a(__main.o)
                0x060283a4                __main
                0x06028330                __do_global_dtors
                0x06028364                __do_global_ctors
 .text          0x060283d0      0x220 c:/saturn/SH_COFF/sh-coff/bin/../lib/gcc/sh-coff/3.4-GNUSH_v0501\libgcc.a(_pack_df.o)
                0x060283e0                __pack_d
 .text          0x060285f0      0x120 c:/saturn/SH_COFF/sh-coff/bin/../lib/gcc/sh-coff/3.4-GNUSH_v0501\libgcc.a(_unpack_df.o)
                0x06028600                __unpack_d
 .text          0x06028710       0x20 c:/saturn/SH_COFF/sh-coff/bin/../lib/gcc/sh-coff/3.4-GNUSH_v0501\libgcc.a(_thenan_df.o)
                0x06028710                __thenan_df
 .text          0x06028730       0xd0 c:/saturn/SH_COFF/sh-coff/bin/../lib/gcc/sh-coff/3.4-GNUSH_v0501\libgcc.a(_muldi3.o)
                0x06028730                __muldi3
 .text          0x06028800       0x80 c:/saturn/SH_COFF/sh-coff/bin/../lib/gcc/sh-coff/3.4-GNUSH_v0501\libgcc.a(_lshrdi3.o)
                0x06028800                __lshrdi3
 .text          0x06028880       0x80 c:/saturn/SH_COFF/sh-coff/bin/../lib/gcc/sh-coff/3.4-GNUSH_v0501\libgcc.a(_ashldi3.o)
                0x06028880                __ashldi3
 .text          0x06028900       0x30 c:/saturn/SH_COFF/sh-coff/bin/../lib/gcc/sh-coff/3.4-GNUSH_v0501\libgcc.a(_mulsi3.o)
                0x06028900                __mulsi3
 .text          0x06028930       0x90 c:/saturn/SH_COFF/sh-coff/bin/../lib/gcc/sh-coff/3.4-GNUSH_v0501\libgcc.a(_lshiftrt.o)
                0x06028930                __lshrsi3
 .text          0x060289c0       0x40 c:/saturn/SH_COFF/sh-coff/bin/../lib/gcc/sh-coff/3.4-GNUSH_v0501/../../../../sh-coff/lib\libc.a(memset.o)
                0x060289c0                memset
 .text          0x06028a00       0x60 c:/saturn/SH_COFF/sh-coff/bin/../lib/gcc/sh-coff/3.4-GNUSH_v0501/../../../../sh-coff/lib\libc.a(memcmp.o)
                0x06028a00                memcmp
 .text          0x06028a60       0xa0 c:/saturn/SH_COFF/sh-coff/bin/../lib/gcc/sh-coff/3.4-GNUSH_v0501/../../../../sh-coff/lib\libc.a(memcpy.o)
                0x06028a60                memcpy
 .text          0x06028b00       0xb0 c:/saturn/SH_COFF/sh-coff/bin/../lib/gcc/sh-coff/3.4-GNUSH_v0501/../../../../sh-coff/lib\libc.a(strncmp.o)
                0x06028b00                strncmp
 .text          0x06028bb0       0xa0 c:/saturn/SH_COFF/sh-coff/bin/../lib/gcc/sh-coff/3.4-GNUSH_v0501/../../../../sh-coff/lib\libc.a(strncpy.o)
                0x06028bb0                strncpy
 .text          0x06028c50       0x90 c:/saturn/SH_COFF/sh-coff/bin/../lib/gcc/sh-coff/3.4-GNUSH_v0501/../../../../sh-coff/lib\libc.a(atexit.o)
                0x06028c50                atexit
 .text          0x06028ce0       0x10 c:/saturn/SH_COFF/sh-coff/bin/../lib/gcc/sh-coff/3.4-GNUSH_v0501/../../../../sh-coff/lib\libc.a(impure.o)
                0x06028ce0                _global_impure_ptr
 .text          0x06028cf0       0x40 c:/saturn/SH_COFF/sh-coff/bin/../lib/gcc/sh-coff/3.4-GNUSH_v0501/../../../../sh-coff/lib\libc.a(malloc.o)
                0x06028d0c                free
                0x06028cf0                malloc
 .text          0x06028d30      0x5b0 c:/saturn/SH_COFF/sh-coff/bin/../lib/gcc/sh-coff/3.4-GNUSH_v0501/../../../../sh-coff/lib\libc.a(mallocr.o)
                0x06028d30                _malloc_r
 .text          0x060292e0      0x340 c:/saturn/SH_COFF/sh-coff/bin/../lib/gcc/sh-coff/3.4-GNUSH_v0501/../../../../sh-coff/lib\libc.a(freer.o)
                0x060292e0                _malloc_trim_r
                0x060293d4                _free_r
 .text          0x06029620       0x20 c:/saturn/SH_COFF/sh-coff/bin/../lib/gcc/sh-coff/3.4-GNUSH_v0501/../../../../sh-coff/lib\libc.a(mlock.o)
                0x06029620                __malloc_lock
                0x0602962c                __malloc_unlock
 .text          0x06029640       0x50 c:/saturn/SH_COFF/sh-coff/bin/../lib/gcc/sh-coff/3.4-GNUSH_v0501/../../../../sh-coff/lib\libc.a(sbrkr.o)
                0x06029640                _sbrk_r
 .text          0x06029690      0x380 c:/saturn/SH_COFF/sh-coff/bin/../lib/gcc/sh-coff/3.4-GNUSH_v0501/../../../../sh-coff/lib\libc.a(syscalls.o)
                0x060297fc                _exit
                0x06029830                _getpid
                0x06029898                _utime
                0x060296c8                _write
                0x06029690                _read
                0x060297e4                _unlink
                0x060297ac                _open
                0x06029848                _stat
                0x060297f0                isatty
                0x060298c8                _wait
                0x06029814                _kill
                0x06029864                _chmod
                0x060298f8                _execv
                0x060298dc                _execve
                0x060299d4                __setup_argv_and_call_main
                0x06029930                _gettimeofday
                0x060296fc                _link
                0x0602983c                _raise
                0x060297c8                _creat
                0x06029910                _pipe
                0x0602987c                _chown
                0x060296ac                _lseek
                0x060296e4                _close
                0x06029924                _times
                0x06029798                _fstat
                0x060298b4                _fork
                0x06029724                _sbrk
 .text          0x06029a10       0x20 c:/saturn/SH_COFF/sh-coff/bin/../lib/gcc/sh-coff/3.4-GNUSH_v0501/../../../../sh-coff/lib\libc.a(trap.o)
                0x06029a10                __trap34
 .text          0x06029a30       0x20 c:/saturn/SH_COFF/sh-coff/bin/../lib/gcc/sh-coff/3.4-GNUSH_v0501/../../../../sh-coff/lib\libc.a(abort.o)
                0x06029a30                abort
 .text          0x06029a50      0x270 c:/saturn/SH_COFF/sh-coff/bin/../lib/gcc/sh-coff/3.4-GNUSH_v0501/../../../../sh-coff/lib\libc.a(signal.o)
                0x06029b10                _raise_r
                0x06029c98                __sigtramp
                0x06029c44                raise
                0x06029c80                _init_signal
                0x06029bd0                __sigtramp_r
                0x06029c60                signal
                0x06029a9c                _signal_r
                0x06029a50                _init_signal_r
 .text          0x06029cc0       0x60 c:/saturn/SH_COFF/sh-coff/bin/../lib/gcc/sh-coff/3.4-GNUSH_v0501/../../../../sh-coff/lib\libc.a(signalr.o)
                0x06029d08                _getpid_r
                0x06029cc0                _kill_r
 *(.strings)

.tors           0x06029d20        0x0
                0x06029d20                ___ctors = .
 *(.ctors)
                0x06029d20                ___ctors_end = .
                0x06029d20                ___dtors = .
 *(.dtors)
                0x06029d20                ___dtors_end = .

.data           0x06029d20     0x5720
                0x06029d20                STARTOF_R = .
 *(.data)
 .data          0x06029d20      0x400 smpclib/per_x1.o
 .data          0x0602a120       0x60 cutscene.o
                0x0602a120                tomo_text
 .data          0x0602a180       0xd0 game.o
                0x0602a180                powerup_names
 .data          0x0602a250     0x4060 graphics.o
                0x0602c190                cyberblock_name
                0x0602a7a8                noticefont_name
                0x0602a39e                bit_num
                0x0602d676                girl2_num
                0x0602b474                soon_name
                0x0602a3f4                blockcrack_pal
                0x0602c1e0                metalorange_name
                0x0602a5ee                ship_size
                0x0602c1ee                metalorange_num
                0x0602b4d0                chipgame_pal
                0x0602d26a                girl3_num
                0x0602abc6                chipover_num
                0x0602a724                game_name
                0x0602bcf0                menufont_pal
                0x0602a3f2                capsule_num
                0x0602a446                blockcrack_size
                0x0602bd3e                menufont_num
                0x0602a544                beffect_size
                0x0602b47e                soon_num
                0x0602da82                girl1_num
                0x0602c1a0                metalorange_pal
                0x0602da84                roarframes_pal
                0x0602b4c0                gamestar_name
                0x0602a49c                blocks2_size
                0x0602a2a8                barrier_pal
                0x0602a754                starnear_name
                0x0602a6fc                gamefar_height
                0x0602a5f0                ship_num
                0x0602de94                roarbg_pal
                0x0602a540                beffect_height
                0x0602e294                roarbg_name
                0x0602a434                blockcrack_name
                0x0602a548                explosion_pal
                0x0602b480                gamestar_pal
                0x0602a442                blockcrack_height
                0x0602a720                gamenear_width
                0x0602abc8                gameover_pal
                0x0602a588                explosion_name
                0x0602a4f2                blocks1_num
                0x0602a3ee                capsule_width
                0x0602a3ec                capsule_height
                0x0602a2f8                barrier_size
                0x0602a646                starspr_num
                0x0602a2f6                barrier_width
                0x0602da78                girl1_name
                0x0602b8e0                game_tiles_pal
                0x0602a49e                blocks2_num
                0x0602c1f0                title_pal
                0x0602a444                blockcrack_width
                0x0602a4e0                blocks1_name
                0x0602a692                font_height
                0x0602de84                roarframes_name
                0x0602a2a0                introfont_width
                0x0602d260                girl3_name
                0x0602a6fe                gamefar_width
                0x0602d678                girl1_pal
                0x0602bd30                menufont_name
                0x0602b434                soon_pal
                0x0602c14e                chipframes_num
                0x0602a69c                ball_pal
                0x0602ce60                girl3_pal
                0x0602b8de                chipgame_num
                0x0602a3f0                capsule_size
                0x0602a644                starspr_size
                0x0602b018                cutscfont_name
                0x0602a4a0                blocks1_pal
                0x0602a710                gamenear_name
                0x0602a598                explosion_width
                0x0602ca52                girl5_num
                0x0602a6ec                ball_num
                0x0602c5fa                title_num
                0x0602a688                font_name
                0x0602a542                beffect_width
                0x0602a448                blockcrack_num
                0x0602a34c                laser_num
                0x0602a5f4                starspr_pal
                0x0602ac18                cutscfont_pal
                0x0602e2a0                roarbg_num
                0x0602a6e8                ball_width
                0x0602c19e                cyberblock_num
                0x0602b428                tomo_name
                0x0602c648                girl5_pal
                0x0602a5ea                ship_height
                0x0602bcee                game_tiles_num
                0x0602a6e6                ball_height
                0x0602a71e                gamenear_height
                0x0602a694                font_width
                0x0602c646                stars_num
                0x0602ac16                gameover_num
                0x0602a6ea                ball_size
                0x0602abb8                chipover_name
                0x0602a33c                laser_name
                0x0602a39c                bit_size
                0x0602a5ec                ship_width
                0x0602a2fa                barrier_num
                0x0602c5f0                title_name
                0x0602c140                chipframes_name
                0x0602a734                starfar_name
                0x0602a4ec                blocks1_height
                0x0602a348                laser_width
                0x0602a2a2                introfont_size
                0x0602c63c                stars_name
                0x0602a390                bit_name
                0x0602b4ce                gamestar_num
                0x0602a70c                gamemid_height
                0x0602ac08                gameover_name
                0x0602a5a0                ship_pal
                0x0602a6dc                ball_name
                0x0602a698                font_num
                0x0602a648                font_pal
                0x0602a752                starmid_width
                0x0602a764                starnear_width
                0x0602a700                gamemid_name
                0x0602a2f4                barrier_height
                0x0602a350                bit_pal
                0x0602a49a                blocks2_width
                0x0602a4f0                blocks1_size
                0x0602a642                starspr_width
                0x0602bd40                chipframes_pal
                0x0602a72e                game_height
                0x0602a740                starfar_height
                0x0602a59c                explosion_num
                0x0602ce5e                girl4_num
                0x0602b028                tomo_pal
                0x0602a3e0                capsule_name
                0x0602a70e                gamemid_width
                0x0602a29e                introfont_height
                0x0602a768                noticefont_pal
                0x0602a498                blocks2_height
                0x0602a534                beffect_name
                0x0602a4ee                blocks1_width
                0x0602a696                font_size
                0x0602a48c                blocks2_name
                0x0602a398                bit_height
                0x0602a346                laser_height
                0x0602a634                starspr_name
                0x0602de92                roarframes_num
                0x0602c150                cyberblock_pal
                0x0602a762                starnear_height
                0x0602a744                starmid_name
                0x0602a5e0                ship_name
                0x0602ca48                girl5_name
                0x0602a2a4                introfont_num
                0x0602ca54                girl4_pal
                0x0602a44c                blocks2_pal
                0x0602a39a                bit_width
                0x0602a750                starmid_height
                0x0602c5fc                stars_pal
                0x0602a6f0                gamefar_name
                0x0602a3a0                capsule_pal
                0x0602a2fc                laser_pal
                0x0602bce0                game_tiles_name
                0x0602a546                beffect_num
                0x0602a640                starspr_height
                0x0602a4f4                beffect_pal
                0x0602ce54                girl4_name
                0x0602a7b8                chipover_pal
                0x0602a730                game_width
                0x0602d26c                girl2_pal
                0x0602a34a                laser_size
                0x0602a2e8                barrier_name
                0x0602a742                starfar_width
                0x0602a7b6                noticefont_num
                0x0602a59a                explosion_size
                0x0602a290                introfont_name
                0x0602a250                introfont_pal
                0x0602a596                explosion_height
                0x0602b8d0                chipgame_name
                0x0602d66c                girl2_name
 .data          0x0602e2b0      0x290 intro.o
 .data          0x0602e540      0x120 level.o
                0x0602e548                level_blocks
                0x0602e540                level_lengths
                0x0602e550                level1_blocks
                0x0602e5d4                level0_blocks
 .data          0x0602e660       0x40 logo.o
 .data          0x0602e6a0       0x80 menu.o
                0x0602e6a0                cutscene
 .data          0x0602e720       0x10 notice.o
                0x0602e720                notice_text
 .data          0x0602e730       0x10 pcmsys.o
                0x0602e734                scsp_load
                0x0602e738                m68k_com
                0x0602e730                master_volume
 .data          0x0602e740       0x50 scroll.o
                0x0602e760                CycleTbLoRes
                0x0602e780                vram
                0x0602e740                CycleTbBitmap
                0x0602e770                char_offsets
                0x0602e750                CycleTbHiRes
 .data          0x0602e790       0x30 sprite.o
 .data          0x0602e7c0      0x400 c:/saturn/sbl6/segalib/lib/sega_int.a(int.o)
 .data          0x0602ebc0       0x1c c:/saturn/sbl6/segalib/lib/sega_spr.a(spr_slv.o)
                0x0602ebc8                SPR_SlaveParam
                0x0602ebd8                SPR_SMPC_SF
                0x0602ebd0                SPR_SMPC_COM
                0x0602ebcc                SPR_SlaveSHEntry
                0x0602ebc4                SPR_SlaveState
                0x0602ebc0                SPR_SlaveCommand
                0x0602ebd4                SPR_SMPC_RET
 *fill*         0x0602ebdc        0x4 00
 .data          0x0602ebe0       0x34 c:/saturn/sbl6/segalib/lib/sega_spr.a(spr_1c.o)
                0x0602ebe0                SpInitialFlag
 *fill*         0x0602ec14        0xc 00
 .data          0x0602ec20       0x1c c:/saturn/sbl6/segalib/lib/sega_scl.a(scl_vblv.o)
                0x0602ec28                VBInterval
                0x0602ec30                ReqDisplayFlag
                0x0602ec20                SpFrameChgMode
                0x0602ec2c                VBIntervalCounter
                0x0602ec24                SpFrameEraseMode
 *fill*         0x0602ec3c        0x4 00
 .data          0x0602ec40       0x36 c:/saturn/sbl6/segalib/lib/sega_scl.a(scl_func.o)
                0x0602ec50                SclRotregBuff
                0x0602ec4c                SclDisplayY
                0x0602ec54                SclRotateTableMode
                0x0602ec48                SclProcess
                0x0602ec44                SclCurSclNum
                0x0602ec40                SclLengthLsTbl
                0x0602ec4a                SclDisplayX
                0x0602ec42                SclLengthCsTbl
 *fill*         0x0602ec76        0xa 00
 .data          0x0602ec80       0x18 c:/saturn/sbl6/segalib/lib/sega_scl.a(scl_pri.o)
                0x0602ec84                SclRealSpPriNum
                0x0602ec94                SclRealColOffset
                0x0602ec90                SclRealBgColMix
                0x0602ec8c                SclRealSpColMix
                0x0602ec88                SclRealBgPriNum
                0x0602ec80                SclRealOtherPri
 *fill*         0x0602ec98        0x8 00
 .data          0x0602eca0        0x4 c:/saturn/sbl6/segalib/lib/sega_mth.a(mth_rand.o)
 *fill*         0x0602eca4        0xc 00
 .data          0x0602ecb0      0x380 c:/saturn/SH_COFF/sh-coff/bin/../lib/gcc/sh-coff/3.4-GNUSH_v0501/../../../../sh-coff/lib\libc.a(impure.o)
                0x0602f02c                _impure_ptr
 .data          0x0602f030      0x410 c:/saturn/SH_COFF/sh-coff/bin/../lib/gcc/sh-coff/3.4-GNUSH_v0501/../../../../sh-coff/lib\libc.a(mallocr.o)
                0x0602f038                __malloc_av_
                0x0602f034                __malloc_trim_threshold
                0x0602f030                __malloc_sbrk_base
                0x0602f440                SIZEOF_R = (. - STARTOF_R)
                0x0602f440                ENDOF_R = .

.bss            0x0602f440    0x11f44
                0x0602f440                STARTOF_B = .
 *(.bss)
 .bss           0x0602f440       0x10 vblank.o
                0x0602f444                PadData2E
                0x0602f44a                PadData1
                0x0602f446                PadData2
                0x0602f448                PadData1E
                0x0602f440                __port
 .bss           0x0602f450       0xe0 smpclib/per_x2.o
 .bss           0x0602f530       0x10 ball.o
 .bss           0x0602f540       0x10 barrier.o
 .bss           0x0602f550       0x10 capsule.o
 .bss           0x0602f560       0x10 cutscene.o
 .bss           0x0602f570       0x50 game.o
                0x0602f584                bit_left
                0x0602f574                illusion_charno
                0x0602f57c                laser_max
                0x0602f580                bit_right
                0x0602f588                bit_ship
                0x0602f58c                turbo
                0x0602f594                score
                0x0602f578                illusion
                0x0602f590                powerup_cursor
                0x0602f570                illusion_cursor
 .bss           0x0602f5c0     0x19b0 intro.o
 .bss           0x06030f70       0x10 laser.o
 .bss           0x06030f80     0x13a0 level.o
 .bss           0x06032320       0x10 logo.o
 .bss           0x06032330       0x60 menu.o
 .bss           0x06032390       0x10 notice.o
                0x06032390                notice_displayed
 .bss           0x060323a0       0x10 pcmsys.o
                0x060323a0                numberPCMs
 .bss           0x060323b0       0x10 scroll.o
                0x060323b0                bitmap
                0x060323b4                scroll_res
 .bss           0x060323c0       0x10 soon.o
                0x060323c0                soon_state
 .bss           0x060323d0     0x3d00 sprite.o
                0x060323d0                num_sprites
 .bss           0x060360d0       0x10 main.o
                0x060360d0                frame
 .bss           0x060360e0       0x6e c:/saturn/sbl6/segalib/lib/sega_spr.a(spr_2c.o)
 *fill*         0x0603614e        0x2 00
 .bss           0x06036150        0x4 c:/saturn/sbl6/segalib/lib/sega_scl.a(scl_vblv.o)
 *fill*         0x06036154        0xc 00
 .bss           0x06036160     0x1900 c:/saturn/sbl6/segalib/lib/sega_scl.a(scl_fu05.o)
 .bss           0x06037a60        0x4 c:/saturn/sbl6/segalib/lib/sega_scl.a(scl_func.o)
 *fill*         0x06037a64        0xc 00
 .bss           0x06037a70       0x48 c:/saturn/sbl6/segalib/lib/sega_scl.a(scl_ro00.o)
 *fill*         0x06037ab8        0x8 00
 .bss           0x06037ac0        0xc c:/saturn/sbl6/segalib/lib/sega_cdc.a(cdc_sub.o)
 *fill*         0x06037acc        0x4 00
 .bss           0x06037ad0        0x2 c:/saturn/sbl6/segalib/lib/sega_cdc.a(cdc_reg.o)
 *fill*         0x06037ad2        0xe 00
 .bss           0x06037ae0       0x9c c:/saturn/sbl6/segalib/lib/sega_per.a(per_prt.o)
 *fill*         0x06037b7c        0x4 00
 .bss           0x06037b80        0xc c:/saturn/sbl6/segalib/lib/sega_sat.a(DMA_SCU1.o)
 *fill*         0x06037b8c        0x4 00
 .bss           0x06037b90        0xc c:/saturn/sbl6/segalib/lib/sega_sat.a(gfs_trn.o)
 *fill*         0x06037b9c        0x4 00
 .bss           0x06037ba0       0x20 c:/saturn/sbl6/segalib/lib/sega_sat.a(DMA_SCU0.o)
 .bss           0x06037bc0       0x10 c:/saturn/SH_COFF/sh-coff/bin/../lib/gcc/sh-coff/3.4-GNUSH_v0501\libgcc.a(__main.o)
 .bss           0x06037bd0       0x10 c:/saturn/SH_COFF/sh-coff/bin/../lib/gcc/sh-coff/3.4-GNUSH_v0501/../../../../sh-coff/lib\libc.a(atexit.o)
 .bss           0x06037be0       0x40 c:/saturn/SH_COFF/sh-coff/bin/../lib/gcc/sh-coff/3.4-GNUSH_v0501/../../../../sh-coff/lib\libc.a(mallocr.o)
                0x06037c10                __malloc_top_pad
                0x06037be0                __malloc_current_mallinfo
                0x06037c0c                __malloc_max_sbrked_mem
                0x06037c08                __malloc_max_total_mem
 .bss           0x06037c20       0x10 c:/saturn/SH_COFF/sh-coff/bin/../lib/gcc/sh-coff/3.4-GNUSH_v0501/../../../../sh-coff/lib\libc.a(syscalls.o)
 *(COMMON)
 COMMON         0x06037c30        0x8 vblank.o
                                  0x0 (size before relaxing)
                0x06037c30                PadAnalogR1
                0x06037c31                PadAnalogL1
                0x06037c32                PadAnalogY1
                0x06037c33                PadAnalogX1
                0x06037c34                PadID1
 *fill*         0x06037c38        0x8 00
 COMMON         0x06037c40      0x1e8 ball.o
                                  0x0 (size before relaxing)
                0x06037c40                ball_sprites
                0x06037e20                ball_count
                0x06037e24                ball_mode
 *fill*         0x06037e28        0x8 00
 COMMON         0x06037e30        0x4 barrier.o
                                  0x0 (size before relaxing)
                0x06037e30                barrier_life
 *fill*         0x06037e34        0xc 00
 COMMON         0x06037e40       0xa0 capsule.o
                                  0x0 (size before relaxing)
                0x06037e40                capsules
 COMMON         0x06037ee0     0x1674 cd.o
                                  0x0 (size before relaxing)
                0x06037ee0                dirname
                0x06038840                lib_work
                0x06039548                directory_table
 *fill*         0x06039554        0xc 00
 COMMON         0x06039560     0x19c8 game.o
                                  0x0 (size before relaxing)
                0x06039560                laser_charno
                0x06039570                ship_sprite
                0x06039588                explosion_charno
                0x06039590                gameover_line
                0x0603aea0                capsule_charno
                0x0603aea4                bit_charno
                0x0603aea8                block_charno
                0x0603aeac                ship_left
                0x0603aeb0                ship_right
                0x0603aeb4                ball_charno
                0x0603aec0                illusion_arr
                0x0603af20                barrier_charno
                0x0603af24                gameover_angle
 *fill*         0x0603af28        0x8 00
 COMMON         0x0603af30       0xd0 laser.o
                                  0x0 (size before relaxing)
                0x0603af30                laser_count
                0x0603af40                laser_sprites
 COMMON         0x0603b000        0x4 level.o
                                  0x0 (size before relaxing)
                0x0603b000                level_blocksleft
 *fill*         0x0603b004        0xc 00
 COMMON         0x0603b010     0x14a0 print.o
                                  0x0 (size before relaxing)
                0x0603b010                text
 COMMON         0x0603c4b0      0x230 scroll.o
                                  0x0 (size before relaxing)
                0x0603c4b0                scfg
 COMMON         0x0603c6e0        0x4 soon.o
                                  0x0 (size before relaxing)
                0x0603c6e0                soon_scroll
 *fill*         0x0603c6e4        0xc 00
 COMMON         0x0603c6f0     0x3180 sprite.o
                                  0x0 (size before relaxing)
                0x0603c6f0                sprites
                0x0603d870                sprite_buf
 COMMON         0x0603f870       0x8c main.o
                                  0x0 (size before relaxing)
                0x0603f870                off_config
 *fill*         0x0603f8fc        0x4 00
 COMMON         0x0603f900      0x400 c:/saturn/sbl6/segalib/lib/sega_int.a(int.o)
                                  0x0 (size before relaxing)
                0x0603f900                __interrupt_vector
 COMMON         0x0603fd00       0x50 c:/saturn/sbl6/segalib/lib/sega_spr.a(spr_2c.o)
                                  0x0 (size before relaxing)
                0x0603fd00                SpMstCmd
                0x0603fd04                Sp2OpenFlag
                0x0603fd08                SpGourTblMax
                0x0603fd0c                SpDrawPrtyBlk
                0x0603fd10                SpLCoordX
                0x0603fd14                SpMstDrawPrtyBlk
                0x0603fd18                SpGourTbl
                0x0603fd1c                SpLookupTblR
                0x0603fd20                SpCmdTbl
                0x0603fd24                SpCharMax
                0x0603fd28                SpDrawPrtyProcFlag
                0x0603fd2c                SpCmdNo
                0x0603fd30                SpDrawPrtyBlkMax
                0x0603fd34                SpSlvCmdPos
                0x0603fd38                SpSlvDrawPrtyBlk
                0x0603fd3c                SpCharTbl
                0x0603fd40                SpCmdTblR
                0x0603fd44                SpMstCmdPos
                0x0603fd48                SpSlvCmd
                0x0603fd4c                SpLCoordY
 COMMON         0x0603fd50       0x10 c:/saturn/sbl6/segalib/lib/sega_spr.a(spr_1c.o)
                                  0x0 (size before relaxing)
                0x0603fd50                SpScreenY
                0x0603fd54                SpFbcrMode
                0x0603fd56                SpDil
                0x0603fd58                SpDie
                0x0603fd5a                SpTvMode
                0x0603fd5c                SpScreenX
 COMMON         0x0603fd60      0xf00 c:/saturn/sbl6/segalib/lib/sega_scl.a(scl_func.o)
                                  0x0 (size before relaxing)
                0x0603fd60                SclRbgKtbAddr
                0x0603fd68                SclRb
                0x0603fd6a                Scl_flag
                0x0603fd70                SclK_TableBuff
                0x06040a40                SclAddrCsTbl
                0x06040a50                Scl_s_reg
                0x06040a78                SclRotateXy
                0x06040a80                Scl_d_reg
                0x06040ac8                SclRotateDisp
                0x06040ad0                SclRotateMoveZ
                0x06040ad8                SclRotXySw
                0x06040ae0                Scl_r_reg
                0x06040af0                SclRPMD
                0x06040af8                SclRbgKtbOffset
                0x06040b00                _SclRotregBuff
                0x06040bd0                SclRa
                0x06040bd8                SclRotateZ
                0x06040be0                SclAddrLsTbl
                0x06040be8                SclK_TableNum
                0x06040bf0                SclRotateTableAddress
                0x06040bf4                SclK_TableFlag
                0x06040c00                Scl_w_reg
                0x06040c20                Scl_n_reg
 COMMON         0x06040c60      0x6b0 c:/saturn/sbl6/segalib/lib/sega_scl.a(scl_pri.o)
                                  0x0 (size before relaxing)
                0x06040c60                SclAutoEndBlue2
                0x06040c70                SclColOffset
                0x06040c80                SclPriBuffDirty
                0x06040c82                SclAutoEndRed
                0x06040c84                SclAutoSurface
                0x06040c88                SclAutoGreen
                0x06040c8a                SclAutoEndGreen
                0x06040c8c                SclAutoCount
                0x06040c90                SclColRamAlloc256
                0x06040cb0                SclAutoCurRate
                0x06040cb1                SclAutoPlusFlag
                0x06040cb8                SclSpColMix
                0x06040cc0                SclAutoMax
                0x06040cc4                SclLineColRamOffset
                0x06040cc8                SclColRamAlloc2048
                0x06040ccc                SclBgPriNum
                0x06040cd2                SclAutoEndBlue
                0x06040cd4                SclAutoEndGreen2
                0x06040cd6                SclAutoVeFlag
                0x06040cd8                SclBgColMix
                0x06040ce0                SclAutoIndex
                0x06040ce4                SclAutoEndRate
                0x06040ce6                SclAutoBlue
                0x06040ce8                SclAutoRed
                0x06040cec                SclAutoInterval
                0x06040cf0                SclOtherPri
                0x06040d00                SclAutoRGB
                0x06041300                SclAutoEndRed2
                0x06041308                SclSpPriNum
 COMMON         0x06041310       0x10 c:/saturn/sbl6/segalib/lib/sega_scl.a(scl_ro00.o)
                                  0x0 (size before relaxing)
                0x06041310                SclCsx
                0x06041318                SclCsy
 COMMON         0x06041320       0x15 c:/saturn/sbl6/segalib/lib/sega_per.a(per_prt.o)
                                  0x0 (size before relaxing)
                0x06041320                per_get_time_flg
                0x06041321                per_hot_res
                0x06041322                per_set_sys_flg
                0x06041324                per_get_time_adr
                0x06041328                per_get_sys_data
                0x06041334                per_time_out_flg
 *fill*         0x06041335        0xb 00
 COMMON         0x06041340        0xc c:/saturn/sbl6/segalib/lib/sega_sat.a(gfs.o)
                                  0x0 (size before relaxing)
                0x06041340                GFMC_base
                0x06041344                gfs_mng_ptr
                0x06041348                gfs_use_scudma
 *fill*         0x0604134c        0x4 00
 COMMON         0x06041350        0x8 c:/saturn/sbl6/segalib/lib/sega_sat.a(gfs_cdf.o)
                                  0x0 (size before relaxing)
                0x06041350                gfcf_fad
                0x06041354                gfcf_stat
 *fill*         0x06041358        0x8 00
 COMMON         0x06041360        0xc c:/saturn/sbl6/segalib/lib/sega_sat.a(gfs_cdc.o)
                                  0x0 (size before relaxing)
                0x06041360                gfcd_fatal_err
                0x06041364                gfcd_work
                0x06041368                gfcd_playflag
 *fill*         0x0604136c        0x4 00
 COMMON         0x06041370        0x8 c:/saturn/sbl6/segalib/lib/sega_sat.a(DMA_CPU5.o)
                                  0x0 (size before relaxing)