Archive member included because of file (symbol)

c:/saturn/sbl6/segalib/lib/sega_int.a(int.o)
                              vblank.o (INT_SetScuFunc)
c:/saturn/sbl6/segalib/lib/sega_int.a(int_trmp.o)
                              c:/saturn/sbl6/segalib/lib/sega_int.a(int.o) (__interrupt_handler0)
c:/saturn/sbl6/segalib/lib/sega_spr.a(spr_2c.o)
                              sprite.o (SPR_2Initial)
c:/saturn/sbl6/segalib/lib/sega_spr.a(spr_slv.o)
                              c:/saturn/sbl6/segalib/lib/sega_spr.a(spr_2c.o) (SPR_InitSlaveSH)
c:/saturn/sbl6/segalib/lib/sega_spr.a(spr_1c.o)
                              c:/saturn/sbl6/segalib/lib/sega_spr.a(spr_2c.o) (SPR_Initial)
c:/saturn/sbl6/segalib/lib/sega_spr.a(spr_2a.o)
                              c:/saturn/sbl6/segalib/lib/sega_spr.a(spr_2c.o) (SPR_2SetDrawPrty)
c:/saturn/sbl6/segalib/lib/sega_scl.a(scl_vblv.o)
                              c:/saturn/sbl6/segalib/lib/sega_spr.a(spr_1c.o) (SpFrameChgMode)
c:/saturn/sbl6/segalib/lib/sega_scl.a(scl_pr12.o)
                              cutscene.o (SCL_SetColOffset)
c:/saturn/sbl6/segalib/lib/sega_scl.a(scl_pr02.o)
                              cutscene.o (SCL_SetColRam)
c:/saturn/sbl6/segalib/lib/sega_scl.a(scl_pr11.o)
                              cutscene.o (SCL_SetAutoColOffset)
c:/saturn/sbl6/segalib/lib/sega_scl.a(scl_fu05.o)
                              game.o (SCL_InitLineParamTb)
c:/saturn/sbl6/segalib/lib/sega_scl.a(scl_pr07.o)
                              game.o (SCL_SetPriority)
c:/saturn/sbl6/segalib/lib/sega_scl.a(scl_func.o)
                              c:/saturn/sbl6/segalib/lib/sega_scl.a(scl_fu05.o) (SclLengthLsTbl)
c:/saturn/sbl6/segalib/lib/sega_scl.a(scl_pri.o)
                              c:/saturn/sbl6/segalib/lib/sega_scl.a(scl_func.o) (SclRealOtherPri)
c:/saturn/sbl6/segalib/lib/sega_scl.a(scl_pr10.o)
                              intro.o (SCL_SetAutoColMix)
c:/saturn/sbl6/segalib/lib/sega_scl.a(scl_pr01.o)
                              scroll.o (SCL_SetSpriteMode)
c:/saturn/sbl6/segalib/lib/sega_scl.a(scl_fu01.o)
                              scroll.o (SCL_SetDisplayMode)
c:/saturn/sbl6/segalib/lib/sega_scl.a(scl_fu04.o)
                              scroll.o (SCL_SetCycleTable)
c:/saturn/sbl6/segalib/lib/sega_scl.a(scl_pr03.o)
                              scroll.o (SCL_AllocColRam)
c:/saturn/sbl6/segalib/lib/sega_scl.a(scl_back.o)
                              scroll.o (SCL_SetBack)
c:/saturn/sbl6/segalib/lib/sega_scl.a(scl_fu03.o)
                              scroll.o (SCL_InitConfigTb)
c:/saturn/sbl6/segalib/lib/sega_scl.a(scl_fu02.o)
                              scroll.o (SCL_InitVramConfigTb)
c:/saturn/sbl6/segalib/lib/sega_scl.a(scl_pr09.o)
                              scroll.o (SCL_SetColMixMode)
c:/saturn/sbl6/segalib/lib/sega_scl.a(scl_pr05.o)
                              c:/saturn/sbl6/segalib/lib/sega_scl.a(scl_pr02.o) (SCL_GetColRamOffset)
c:/saturn/sbl6/segalib/lib/sega_scl.a(scl_ro00.o)
                              c:/saturn/sbl6/segalib/lib/sega_scl.a(scl_func.o) (SCL_Rotate)
c:/saturn/sbl6/segalib/lib/sega_scl.a(scl_pr06.o)
                              c:/saturn/sbl6/segalib/lib/sega_scl.a(scl_pr03.o) (SCL_SetColRamOffset)
c:/saturn/sbl6/segalib/lib/sega_mth.a(mth_tri.o)
                              ball.o (MTH_Sin)
c:/saturn/sbl6/segalib/lib/sega_mth.a(mth_fixd.o)
                              ball.o (MTH_Mul)
c:/saturn/sbl6/segalib/lib/sega_mth.a(mth_rand.o)
                              main.o (MTH_InitialRand)
c:/saturn/sbl6/segalib/lib/sega_cdc.a(cdc_drv.o)
                              sound.o (CDC_CdPlay)
c:/saturn/sbl6/segalib/lib/sega_cdc.a(cdc_cmn.o)
                              main.o (CDC_GetPeriStat)
c:/saturn/sbl6/segalib/lib/sega_cdc.a(cdc_sub.o)
                              c:/saturn/sbl6/segalib/lib/sega_cdc.a(cdc_cmn.o) (CDSUB_UpdStatus)
c:/saturn/sbl6/segalib/lib/sega_cdc.a(cdc_reg.o)
                              c:/saturn/sbl6/segalib/lib/sega_cdc.a(cdc_cmn.o) (CDREG_ClrHirqReq)
c:/saturn/sbl6/segalib/lib/sega_per.a(per_prt.o)
                              smpclib/per_x2.o (PER_LInit)
c:/saturn/sbl6/segalib/lib/sega_sat.a(gfs.o)
                              cd.o (GFS_Init)
c:/saturn/sbl6/segalib/lib/sega_sat.a(DMA_CPU1.o)
                              game.o (DMA_CpuMemCopy1)
c:/saturn/sbl6/segalib/lib/sega_sat.a(DMA_CPU2.o)
                              intro.o (DMA_CpuMemCopy2)
c:/saturn/sbl6/segalib/lib/sega_sat.a(DMA_SCU1.o)
                              c:/saturn/sbl6/segalib/lib/sega_spr.a(spr_2c.o) (DMA_ScuMemCopy)
c:/saturn/sbl6/segalib/lib/sega_sat.a(gfs_cdf.o)
                              c:/saturn/sbl6/segalib/lib/sega_sat.a(gfs.o) (GFCF_Init)
c:/saturn/sbl6/segalib/lib/sega_sat.a(gfs_dir.o)
                              c:/saturn/sbl6/segalib/lib/sega_sat.a(gfs.o) (GFDR_SetupDirTbl)
c:/saturn/sbl6/segalib/lib/sega_sat.a(gfs_trn.o)
[...]
Memory Configuration

Name             Origin             Length             Attributes
*default*        0x00000000         0xffffffff

Linker script and memory map

LOAD c:/saturn/sbl6/segasmp/lib/strt1_g.o
LOAD c:/saturn/sbl6/segasmp/lib/strt2_g.o
LOAD vblank.o
LOAD smpclib/per_x1.o
LOAD smpclib/per_x2.o
LOAD smpclib/per_x3.o
LOAD spritecode/explosion.o
LOAD ball.o
LOAD barrier.o
LOAD capsule.o
LOAD cutscene.o
LOAD cd.o
LOAD crc.o
LOAD devcart.o
LOAD game.o
LOAD graphics.o
LOAD intro.o
LOAD laser.o
LOAD level.o
LOAD logo.o
LOAD menu.o
LOAD pcmsys.o
LOAD print.o
LOAD scroll.o
LOAD soon.o
LOAD sound.o
LOAD sprite.o
LOAD main.o
LOAD c:/saturn/sbl6/segalib/lib/sega_int.a
LOAD c:/saturn/sbl6/segalib/lib/sega_spr.a
LOAD c:/saturn/sbl6/segalib/lib/sega_scl.a
LOAD c:/saturn/sbl6/segalib/lib/sega_mth.a
LOAD c:/saturn/sbl6/segalib/lib/sega_cdc.a
LOAD c:/saturn/sbl6/segalib/lib/sega_adp.a
LOAD c:/saturn/sbl6/segalib/lib/sega_per.a
LOAD c:/saturn/sbl6/segalib/lib/sega_sat.a
LOAD c:/saturn/SH_COFF/sh-coff/bin/../lib/gcc/sh-coff/3.4-GNUSH_v0501\libgcc.a
LOAD c:/saturn/SH_COFF/sh-coff/bin/../lib/gcc/sh-coff/3.4-GNUSH_v0501/../../../../sh-coff/lib\libc.a
LOAD c:/saturn/SH_COFF/sh-coff/bin/../lib/gcc/sh-coff/3.4-GNUSH_v0501\libgcc.a

.text           0x06010000    0x19650
 *(.text)
 .text          0x06010000       0x30 c:/saturn/sbl6/segasmp/lib/strt1_g.o
                0x06010024                _D_END
                0x06010020                _D_BGN
                0x0601002c                _B_END
                0x06010028                _B_BGN
                0x06010000                START
 .text          0x06010030       0x60 c:/saturn/sbl6/segasmp/lib/strt2_g.o
                0x06010050                _INITSCT
                0x06010030                _INIT
 .text          0x06010090      0x1d0 vblank.o
                0x06010090                SetVblank
                0x06010110                UsrVblankOut
                0x060100f0                UsrVblankIn
 .text          0x06010260      0x240 smpclib/per_x1.o
                0x06010440                PER_GetAnalogXYZ
                0x06010280                PER_GetTriggerHandler
                0x060103d0                PER_GetEdge
                0x06010390                PER_GetTrigger
                0x060103e0                PER_GetPressEdge
                0x06010410                PER_GetReleaseEdge
                0x06010260                PER_SetTriggerHandler
 .text          0x060104a0      0x180 smpclib/per_x2.o
                0x06010580                PER_GetDeviceA
                0x060104a0                PER_OpenPort
                0x060104d0                PER_GetPort
                0x060105c0                PER_GetDeviceR
 .text          0x06010620       0x20 smpclib/per_x3.o
                0x06010620                PER_DisguiseTrigger
 .text          0x06010640       0xb0 spritecode/explosion.o
                0x060106a0                explosion_move
                0x06010640                explosion_make
 .text          0x060106f0      0x4e0 ball.o
                0x06010910                ball_move
                0x06010820                ball_remove
                0x06010710                ball_add
                0x06010870                ball_bounce
                0x060106f0                ball_init
                0x06010b50                ball_draw
 .text          0x06010bd0      0x1d0 barrier.o
                0x06010c00                barrier_move
                0x06010bd0                barrier_init
                0x06010ce0                barrier_draw
 .text          0x06010da0      0x230 capsule.o
                0x06010e50                capsule_run
                0x06010dc0                capsule_add
                0x06010f70                capsule_draw
                0x06010e00                capsule_remove
                0x06010da0                capsule_init
 .text          0x06010fd0      0x260 cutscene.o
                0x06010fd0                cutscene_run
 .text          0x06011230      0x120 cd.o
                0x060112d0                cd_load_nosize
                0x06011230                cd_init
                0x06011260                cd_load
 .text          0x06011350      0x140 crc.o
                0x06011450                crc_update
 .text          0x06011490      0x1c0 devcart.o
                0x06011610                devcart_reset
                0x06011500                devcart_loadfile
                0x06011600                devcart_printstr
 .text          0x06011650     0x1c30 game.o
                0x06011770                game_incpowerup
                0x06011910                game_run
                0x06011870                game_loss
                0x060117c0                game_powerupreset
 .text          0x06013280      0xe90 intro.o
                0x06013280                intro_run
 .text          0x06014110      0x180 laser.o
                0x06014130                laser_add
                0x06014170                laser_remove
                0x06014220                laser_draw
                0x06014110                laser_init
                0x060141b0                laser_move
 .text          0x06014290      0x740 level.o
                0x060145c0                level_disp
                0x06014290                level_load
 .text          0x060149d0      0x3b0 logo.o
                0x06014a30                logo_run
                0x060149d0                logo_loadframe
 .text          0x06014d80      0xc10 menu.o
                0x060150b0                menu_run
                0x06014f60                sqrt32
 .text          0x06015990      0x8c0 pcmsys.o
                0x06016050                load_8bit_pcm
                0x06015db0                smpc_issue_command
                0x06015e50                load_drv
                0x060161e0                pcm_parameter_change
                0x06015d90                smpc_wait_till_ready
                0x06015dd0                load_driver_binary
                0x060161a0                pcm_play
                0x06016210                pcm_cease
                0x06015ea0                calculate_bytes_per_blank
                0x06015ef0                load_16bit_pcm
 .text          0x06016250      0x230 print.o
                0x060163e0                print_display
                0x06016330                print_num
                0x06016250                print_load
                0x06016300                print_init
                0x06016380                print_string
 .text          0x06016480      0x690 scroll.o
                0x06016480                scroll_lores
                0x060168c0                scroll_move
                0x06016910                scroll_clearmaps
                0x06016870                scroll_set
                0x06016960                scroll_charsize
                0x060169b0                scroll_mapsize
                0x060164f0                scroll_hires
                0x06016a00                scroll_bitmapon
                0x06016a80                scroll_bitmapoff
                0x06016640                scroll_init
                0x06016560                scroll_scale
 .text          0x06016b10      0x270 soon.o
                0x06016c00                soon_clearcol
                0x06016bd0                soon_loadcol
                0x06016b10                soon_init
                0x06016c30                soon_run
 .text          0x06016d80      0x250 sound.o
                0x06016fb0                sound_play
                0x06016e10                sound_init
                0x06016f50                sound_cdda
 .text          0x06016fd0      0x5f0 sprite.o
                0x06017000                sprite_init
                0x060173f0                sprite_make
                0x06017530                sprite_next
                0x060170b0                sprite_erase
                0x06017590                sprite_delete
                0x06017440                sprite_draw_all
                0x06016fd0                sprite_deleteall
                0x06017110                sprite_startdraw
                0x06017190                sprite_draw
 .text          0x060175c0      0x270 main.o
                0x060175c0                main
 .text          0x06017830       0x40 c:/saturn/sbl6/segalib/lib/sega_int.a(int.o)
                0x0601785c                INT_GetScuFunc
                0x06017830                INT_SetScuFunc
 .text          0x06017870      0x624 c:/saturn/sbl6/segalib/lib/sega_int.a(int_trmp.o)
                0x060179d8                __interrupt_handler60
                0x06017b88                __interrupt_handler132
                0x06017d3e                __interrupt_handler205
                0x06017ba6                __interrupt_handler137
                0x06017ad4                __interrupt_handler102
                0x06017912                __interrupt_handler27
                0x06017d14                __interrupt_handler198
                0x06017c06                __interrupt_handler153
                0x060178ee                __interrupt_handler21
                0x060179fc                __interrupt_handler66
                0x06017aec                __interrupt_handler106
                0x06017c36                __interrupt_handler161
                0x06017a80                __interrupt_handler88
                0x06017c4e                __interrupt_handler165
                0x06017b5e                __interrupt_handler125
                0x06017894                __interrupt_handler6
                0x06017930                __interrupt_handler32
                0x06017cea                __interrupt_handler191
                0x06017e04                __interrupt_handler238
                0x06017e1c                __interrupt_handler242
                0x06017c24                __interrupt_handler158
                0x06017a8c                __interrupt_handler90
                0x06017c48                __interrupt_handler164
                0x0601796c                __interrupt_handler42
                0x06017cae                __interrupt_handler181
                0x06017db6                __interrupt_handler225
                0x06017e5e                __interrupt_handler253
                0x06017c72                __interrupt_handler171
                0x06017a2c                __interrupt_handler74
                0x06017882                __interrupt_handler3
                0x060179c6                __interrupt_handler57
                0x060178c4                __interrupt_handler14
                0x06017d5c                __interrupt_handler210
                0x06017d8c                __interrupt_handler218
                0x06017d50                __interrupt_handler208
                0x06017954                __interrupt_handler38
                0x06017870                __interrupt_handler0
                0x06017ae0                __interrupt_handler104
                0x06017c1e                __interrupt_handler157
                0x06017d6e                __interrupt_handler213
                0x06017c60                __interrupt_handler168
                0x06017a6e                __interrupt_handler85
                0x06017b0a                __interrupt_handler111
                0x06017b1c                __interrupt_handler114
                0x0601798a                __interrupt_handler47
                0x06017de0                __interrupt_handler232
                0x06017daa                __interrupt_handler223
                0x06017dfe                __interrupt_handler237
                0x060179ea                __interrupt_handler63
                0x06017978                __interrupt_handler44
                0x06017c8a                __interrupt_handler175
                0x06017cb4                __interrupt_handler182
                0x06017ccc                __interrupt_handler186
                0x06017bca                __interrupt_handler143
                0x06017af2                __interrupt_handler107
                0x06017b58                __interrupt_handler124
                0x06017c78                __interrupt_handler172
                0x06017e2e                __interrupt_handler245
                0x06017aaa                __interrupt_handler95
                0x06017b82                __interrupt_handler131
                0x06017b94                __interrupt_handler134
                0x06017bb2                __interrupt_handler139
                0x06017a20                __interrupt_handler72
                0x06017dda                __interrupt_handler231
                0x06017c30                __interrupt_handler160
                0x06017b76                __interrupt_handler129
                0x060178e8                __interrupt_handler20
                0x060179f6                __interrupt_handler65
                0x060179c0                __interrupt_handler56
                0x060178be                __interrupt_handler13
                0x06017d56                __interrupt_handler209
                0x06017b10                __interrupt_handler112
                0x060178e2                __interrupt_handler19
                0x06017a9e                __interrupt_handler93
                0x06017d08                __interrupt_handler196
                0x06017bfa                __interrupt_handler151
                0x06017c5a                __interrupt_handler167
                0x06017e70                __trampoline
                0x060178d6                __interrupt_handler17
                0x06017dc8                __interrupt_handler228
                0x06017e6a                __interrupt_handler255
                0x06017e28                __interrupt_handler244
                0x06017ac2                __interrupt_handler99
                0x06017cba                __interrupt_handler183
                0x06017bb8                __interrupt_handler140
                0x06017cde                __interrupt_handler189
                0x06017bdc                __interrupt_handler146
                0x06017da4                __interrupt_handler222
                0x06017c18                __interrupt_handler156
                0x06017b4c                __interrupt_handler122
                0x06017e40                __interrupt_handler248
                0x06017990                __interrupt_handler48
                0x06017a0e                __interrupt_handler69
                0x06017900                __interrupt_handler24
                0x06017a86                __interrupt_handler89
                0x06017d7a                __interrupt_handler215
                0x06017e64                __interrupt_handler254
                0x06017a7a                __interrupt_handler87
                0x060179de                __interrupt_handler61
                0x06017d02                __interrupt_handler195
                0x06017bf4                __interrupt_handler150
                0x06017966                __interrupt_handler41
                0x06017b04                __interrupt_handler110
                0x06017b6a                __interrupt_handler127
                0x06017af8                __interrupt_handler108
                0x06017b16                __interrupt_handler113
                0x06017b28                __interrupt_handler116
                0x06017b46                __interrupt_handler121
                0x06017a3e                __interrupt_handler77
                0x0601795a                __interrupt_handler39
                0x06017972                __interrupt_handler43
                0x06017e46                __interrupt_handler249
                0x06017c84                __interrupt_handler174
                0x06017ba0                __interrupt_handler136
                0x06017cd8                __interrupt_handler188
                0x06017bd6                __interrupt_handler145
                0x060178a6                __interrupt_handler9
                0x06017a4a                __interrupt_handler79
                0x06017dc2                __interrupt_handler227
                0x0601793c                __interrupt_handler34
                0x06017b7c                __interrupt_handler130
                0x06017e3a                __interrupt_handler247
                0x06017a32                __interrupt_handler75
                0x06017c7e                __interrupt_handler173
                0x060179ae                __interrupt_handler53
                0x06017bee                __interrupt_handler149
                0x06017e52                __interrupt_handler251
                0x06017de6                __interrupt_handler233
                0x060178ac                __interrupt_handler10
                0x06017d38                __interrupt_handler204
                0x06017a5c                __interrupt_handler82
                0x06017a62                __interrupt_handler83
                0x06017906                __interrupt_handler25
                0x06017e22                __interrupt_handler243
                0x06017c3c                __interrupt_handler162
                0x06017984                __interrupt_handler46
                0x06017c9c                __interrupt_handler178
                0x06017a50                __interrupt_handler80
                0x060179e4                __interrupt_handler62
                0x0601787c                __interrupt_handler2
                0x0601791e                __interrupt_handler29
                0x06017a14                __interrupt_handler70
                0x06017afe                __interrupt_handler109
                0x06017be8                __interrupt_handler148
                0x06017aa4                __interrupt_handler94
                0x06017db0                __interrupt_handler224
                0x06017ada                __interrupt_handler103
                0x06017948                __interrupt_handler36
                0x06017b64                __interrupt_handler126
                0x06017e34                __interrupt_handler246
                0x060179ba                __interrupt_handler55
                0x060178b8                __interrupt_handler12
                0x060179a8                __interrupt_handler52
                0x06017cd2                __interrupt_handler187
                0x06017bd0                __interrupt_handler144
                0x06017b2e                __interrupt_handler117
                0x060178dc                __interrupt_handler18
                0x06017d0e                __interrupt_handler197
                0x06017c00                __interrupt_handler152
                0x06017b34                __interrupt_handler118
                0x06017c6c                __interrupt_handler170
                0x06017d26                __interrupt_handler201
                0x06017ab6                __interrupt_handler97
                0x06017c42                __interrupt_handler163
                0x06017ca8                __interrupt_handler180
                0x06017cf0                __interrupt_handler192
                0x06017e10                __interrupt_handler240
                0x06017b52                __interrupt_handler123
                0x06017d74                __interrupt_handler214
                0x0601792a                __interrupt_handler31
                0x06017918                __interrupt_handler28
                0x06017a02                __interrupt_handler67
                0x06017a08                __interrupt_handler68
                0x060178f4                __interrupt_handler22
                0x060178fa                __interrupt_handler23
                0x06017c90                __interrupt_handler176
                0x0601789a                __interrupt_handler7
                0x06017d9e                __interrupt_handler221
                0x06017d86                __interrupt_handler217
                0x06017dce                __interrupt_handler229
                0x06017996                __interrupt_handler49
                0x06017888                __interrupt_handler4
                0x06017960                __interrupt_handler40
                0x06017b22                __interrupt_handler115
                0x06017df2                __interrupt_handler235
                0x06017a92                __interrupt_handler91
                0x06017d44                __interrupt_handler206
                0x06017c96                __interrupt_handler177
                0x06017be2                __interrupt_handler147
                0x0601794e                __interrupt_handler37
                0x06017e4c                __interrupt_handler250
                0x06017876                __interrupt_handler1
                0x06017d92                __interrupt_handler219
                0x06017a38                __interrupt_handler76
                0x06017ac8                __interrupt_handler100
                0x060179cc                __interrupt_handler58
                0x060178ca                __interrupt_handler15
                0x06017d68                __interrupt_handler212
                0x06017e16                __interrupt_handler241
                0x06017d2c                __interrupt_handler202
                0x06017cf6                __interrupt_handler193
                0x06017a44                __interrupt_handler78
                0x0601799c                __interrupt_handler50
                0x06017936                __interrupt_handler33
                0x06017c54                __interrupt_handler166
                0x06017bac                __interrupt_handler138
                0x06017b9a                __interrupt_handler135
                0x06017924                __interrupt_handler30
                0x06017cc0                __interrupt_handler184
                0x06017bbe                __interrupt_handler141
                0x06017dd4                __interrupt_handler230
                0x06017df8                __interrupt_handler236
                0x06017b3a                __interrupt_handler119
                0x06017a74                __interrupt_handler86
                0x06017ae6                __interrupt_handler105
                0x06017a56                __interrupt_handler81
                0x06017b40                __interrupt_handler120
                0x06017b70                __interrupt_handler128
                0x060179b4                __interrupt_handler54
                0x060178b2                __interrupt_handler11
                0x06017d1a                __interrupt_handler199
                0x06017c0c                __interrupt_handler154
                0x0601797e                __interrupt_handler45
                0x06017d80                __interrupt_handler216
                0x06017d32                __interrupt_handler203
                0x06017ace                __interrupt_handler101
                0x06017a68                __interrupt_handler84
                0x06017cc6                __interrupt_handler185
                0x06017bc4                __interrupt_handler142
                0x0601790c                __interrupt_handler26
                0x060179f0                __interrupt_handler64
                0x06017d20                __interrupt_handler200
                0x06017d4a                __interrupt_handler207
                0x06017cfc                __interrupt_handler194
                0x06017a98                __interrupt_handler92
                0x06017c12                __interrupt_handler155
                0x06017d62                __interrupt_handler211
                0x06017b8e                __interrupt_handler133
                0x0601788e                __interrupt_handler5
                0x06017a26                __interrupt_handler73
                0x060178d0                __interrupt_handler16
                0x06017e0a                __interrupt_handler239
                0x06017dec                __interrupt_handler234
                0x06017942                __interrupt_handler35
                0x060179d2                __interrupt_handler59
                0x06017c66                __interrupt_handler169
                0x06017abc                __interrupt_handler98
                0x06017a1a                __interrupt_handler71
                0x060179a2                __interrupt_handler51
                0x06017c2a                __interrupt_handler159
                0x06017dbc                __interrupt_handler226
                0x06017ab0                __interrupt_handler96
                0x06017ce4                __interrupt_handler190
                0x06017d98                __interrupt_handler220
                0x060178a0                __interrupt_handler8
                0x06017ca2                __interrupt_handler179
                0x06017e58                __interrupt_handler252
 *fill*         0x06017e94        0xc 00
 .text          0x06017ea0     0x12a0 c:/saturn/sbl6/segalib/lib/sega_spr.a(spr_2c.o)
                0x06019100                SlaveFlushDrawPrtyBlock
                0x06017ea0                SPR_2Initial
                0x060186e4                SPR_2SysClip
                0x06018684                SPR_2LocalCoord
                0x06018f7c                SPR_2FlushDrawPrtyBlock
                0x06018c68                SPR_2DistSpr
                0x0601866c                SPR_2FlushDrawPrty
                0x06018d8c                SPR_2Cmd
                0x06018368                SPR_2GourTblNoToVram
                0x060183c8                SPR_2GetAreaSizeInfo
                0x06018130                SPR_2SetGourTbl
                0x0601891c                SPR_2Polygon
                0x060183a4                SPR_2CharNoToVram
                0x060180b0                SPR_2SetTvMode
                0x0601850c                SPR_2CloseCommand
                0x060180ec                SPR_2FrameEraseData
                0x06017ec8                SPR_2Initial2
                0x06018afc                SPR_2ScaleSpr
                0x0601878c                SPR_2Line
                0x06018458                SPR_2OpenCommand
                0x060180cc                SPR_2FrameChgIntr
                0x060189d8                SPR_2NormSpr
                0x06018160                SPR_2SetLookupTbl
                0x06018194                SPR_2SetChar
                0x0601838c                SPR_2LookupTblNoToVram
                0x06018860                SPR_2PolyLine
                0x06018300                SPR_2ClrAllChar
                0x060182b4                SPR_2ClrChar
                0x06018730                SPR_2UserClip
 .text          0x06019140      0x1e6 c:/saturn/sbl6/segalib/lib/sega_spr.a(spr_slv.o)
                0x060192a4                SPR_WaitEndSlaveSH
                0x06019140                SPR_SMPC_SSHON
                0x06019280                SPR_RunSlaveSH
                0x06019144                SPR_InitSlaveSH
                0x0601920c                SPR_SlaveSHmain
                0x06019141                SPR_SMPC_SSHOFF
 *fill*         0x06019326        0xa 00
 .text          0x06019330      0x36a c:/saturn/sbl6/segalib/lib/sega_spr.a(spr_1c.o)
                0x060195e4                SPR_WaitDrawEnd
                0x060195fc                SPR_SetEosMode
                0x06019514                SPR_SetEraseData
                0x06019330                SPR_Initial
                0x06019408                SPR_SetTvMode
                0x060194a0                SPR_GetStatus
 *fill*         0x0601969a        0x6 00
 .text          0x060196a0      0x244 c:/saturn/sbl6/segalib/lib/sega_spr.a(spr_2a.o)
                0x060196b2                sprMemCpyW
                0x06019710                flushDrawPrtyBlock
                0x060196a0                sprMemCpyL
                0x060196c4                SPR_2SetDrawPrty
 *fill*         0x060198e4        0xc 00
 .text          0x060198f0      0x2fc c:/saturn/sbl6/segalib/lib/sega_scl.a(scl_vblv.o)
                0x060199ac                SCL_DisplayFrame
                0x060198f0                SCL_SetFrameInterval
                0x060199e0                SCL_VblInit
                0x06019a30                SCL_VblankStart
                0x06019a74                SCL_VblankEnd
 *fill*         0x06019bec        0x4 00
 .text          0x06019bf0      0x1f4 c:/saturn/sbl6/segalib/lib/sega_scl.a(scl_pr12.o)
                0x06019bf0                SCL_SetColOffset
 *fill*         0x06019de4        0xc 00
 .text          0x06019df0       0x9c c:/saturn/sbl6/segalib/lib/sega_scl.a(scl_pr02.o)
                0x06019df0                SCL_SetColRam
 *fill*         0x06019e8c        0x4 00
 .text          0x06019e90      0x180 c:/saturn/sbl6/segalib/lib/sega_scl.a(scl_pr11.o)
                0x06019e90                SCL_SetAutoColOffset
 .text          0x0601a010      0x278 c:/saturn/sbl6/segalib/lib/sega_scl.a(scl_fu05.o)
                0x0601a0cc                SCL_SetLineParam
                0x0601a018                SCL_InitLineParamTb
 *fill*         0x0601a288        0x8 00
 .text          0x0601a290      0x214 c:/saturn/sbl6/segalib/lib/sega_scl.a(scl_pr07.o)
                0x0601a290                SCL_SetPriority
 *fill*         0x0601a4a4        0xc 00
 .text          0x0601a4b0      0xb9c c:/saturn/sbl6/segalib/lib/sega_scl.a(scl_func.o)
                0x0601ae8c                SCL_Vdp2_SGLInit
                0x0601ad9c                SCL_PriIntProc
                0x0601ad14                SCL_Memcpyw
                0x0601b02c                SCL_SglOff
                0x0601b00c                SCL_SglOn
                0x0601ac80                SCL_ScrollShow
                0x0601a728                SCL_Close
                0x0601aa20                SCL_Scale
                0x0601a4b0                SCL_Vdp2Init
                0x0601a894                SCL_Move
                0x0601ab5c                SCL_CopyReg
                0x0601a704                SCL_Open
                0x0601a534                SCL_ParametersInit
                0x0601a744                SCL_MoveTo
                0x0601ad3c                SCL_SetColRamMode
 *fill*         0x0601b04c        0x4 00
 .text          0x0601b050     0x10a4 c:/saturn/sbl6/segalib/lib/sega_scl.a(scl_pri.o)
                0x0601b0e4                SCL_AbortAutoVe
                0x0601bf94                SCL_SetShadowBit
                0x0601b55c                SCL_AutoExec
                0x0601b050                SCL_PriorityInit
                0x0601ba70                SCL_IncColOffset
                0x0601b0f8                SCL_SetColMixRate
                0x0601b0c8                SCL_GetColRamMode
 *fill*         0x0601c0f4        0xc 00
 .text          0x0601c100       0x98 c:/saturn/sbl6/segalib/lib/sega_scl.a(scl_pr10.o)
                0x0601c100                SCL_SetAutoColMix
 *fill*         0x0601c198        0x8 00
 .text          0x0601c1a0       0x58 c:/saturn/sbl6/segalib/lib/sega_scl.a(scl_pr01.o)
                0x0601c1a0                SCL_SetSpriteMode
 *fill*         0x0601c1f8        0x8 00
 .text          0x0601c200      0x1ec c:/saturn/sbl6/segalib/lib/sega_scl.a(scl_fu01.o)
                0x0601c200                SCL_SetDisplayMode
 *fill*         0x0601c3ec        0x4 00
 .text          0x0601c3f0       0x28 c:/saturn/sbl6/segalib/lib/sega_scl.a(scl_fu04.o)
                0x0601c3f0                SCL_SetCycleTable
 *fill*         0x0601c418        0x8 00
 .text          0x0601c420      0x138 c:/saturn/sbl6/segalib/lib/sega_scl.a(scl_pr03.o)
                0x0601c420                SCL_FreeColRam
                0x0601c458                SCL_AllocColRam
 *fill*         0x0601c558        0x8 00
 .text          0x0601c560       0x84 c:/saturn/sbl6/segalib/lib/sega_scl.a(scl_back.o)
                0x0601c560                SCL_SetBack
 *fill*         0x0601c5e4        0xc 00
 .text          0x0601c5f0      0x94c c:/saturn/sbl6/segalib/lib/sega_scl.a(scl_fu03.o)
                0x0601c64c                SCL_SetConfig
                0x0601c5f0                SCL_InitConfigTb
 *fill*         0x0601cf3c        0x4 00
 .text          0x0601cf40      0x4f4 c:/saturn/sbl6/segalib/lib/sega_scl.a(scl_fu02.o)
                0x0601cf78                SCL_SetVramConfig
                0x0601cf40                SCL_InitVramConfigTb
 *fill*         0x0601d434        0xc 00
 .text          0x0601d440       0x40 c:/saturn/sbl6/segalib/lib/sega_scl.a(scl_pr09.o)
                0x0601d440                SCL_SetColMixMode
 .text          0x0601d480       0xac c:/saturn/sbl6/segalib/lib/sega_scl.a(scl_pr05.o)
                0x0601d480                SCL_GetColRamOffset
 *fill*         0x0601d52c        0x4 00
 .text          0x0601d530     0x1394 c:/saturn/sbl6/segalib/lib/sega_scl.a(scl_ro00.o)
                0x0601e71c                SCL_RotateZD
                0x0601d9e4                SCL_Rotate
                0x0601d6b8                SCL_InitRotateTable
 *fill*         0x0601e8c4        0xc 00
 .text          0x0601e8d0      0x1b4 c:/saturn/sbl6/segalib/lib/sega_scl.a(scl_pr06.o)
                0x0601e8d0                SCL_SetColRamOffset
 *fill*         0x0601ea84        0xc 00
 .text          0x0601ea90      0x600 c:/saturn/sbl6/segalib/lib/sega_mth.a(mth_tri.o)
                0x0601eb2c                fcos
                0x0601eb32                fsin
                0x0601eadc                MTH_Cos
                0x0601ea90                MTH_Sin
                0x0601ecd0                MTH_Atan
 .text          0x0601f090       0xa4 c:/saturn/sbl6/segalib/lib/sega_mth.a(mth_fixd.o)
                0x0601f0e0                MTH_FixedToInt
                0x0601f0d0                MTH_IntToFixed
                0x0601f090                MTH_Mul
                0x0601f0f0                MTH_Product
                0x0601f0b0                MTH_Div
 *fill*         0x0601f134        0xc 00
 .text          0x0601f140       0x30 c:/saturn/sbl6/segalib/lib/sega_mth.a(mth_rand.o)
                0x0601f150                MTH_GetRand
                0x0601f140                MTH_InitialRand
 .text          0x0601f170      0x130 c:/saturn/sbl6/segalib/lib/sega_cdc.a(cdc_drv.o)
                0x0601f170                CDC_CdPlay
                0x0601f23c                CDC_CdSeek
                0x0601f270                CDC_CdScan
 .text          0x0601f2a0      0x3a0 c:/saturn/sbl6/segalib/lib/sega_cdc.a(cdc_cmn.o)
                0x0601f444                CDC_TgetToc
                0x0601f5e8                CDC_DataEnd
                0x0601f308                CDC_GetPeriStat
                0x0601f57c                CDC_DataReady
                0x0601f554                CDC_CdOpen
                0x0601f4d0                CDC_CdInit
                0x0601f494                CDC_GetSes
                0x0601f2f0                CDC_GetLastStat
                0x0601f2a0                CDC_GetCurStat
                0x0601f3dc                CDC_GetHwInfo
 .text          0x0601f640      0x152 c:/saturn/sbl6/segalib/lib/sega_cdc.a(cdc_sub.o)
                0x0601f6e8                CDSUB_GetCdstat
                0x0601f658                CDSUB_UpdCdstat
                0x0601f728                CDSUB_RspToCdstat
                0x0601f770                CDSUB_SoftTimer
                0x0601f640                CDSUB_UpdStatus
                0x0601f678                CDSUB_CdCmd
 *fill*         0x0601f792        0xe 00
 .text          0x0601f7a0      0x2dc c:/saturn/sbl6/segalib/lib/sega_cdc.a(cdc_reg.o)
                0x0601f7f4                CDREG_ClrHirqReq
                0x0601f7c4                CDC_ClrHirqReq
                0x0601f874                CDREG_TgetData
                0x0601f864                CDC_GetMpegPtr
                0x0601f840                CDC_GetHirqMsk
                0x0601f7a0                CDC_GetDataPtr
                0x0601f7b0                CDC_GetHirqReq
                0x0601f9d0                CDREG_WaitHirq
                0x0601f854                CDC_SetHirqMsk
                0x0601f8d0                CDREG_CmdRsp
                0x0601f804                CDREG_InitHirqReq
                0x0601f82c                CDREG_SetHirqFlag
                0x0601fa40                CDREG_ReadRsp
 *fill*         0x0601fa7c        0x4 00
 .text          0x0601fa80      0xf50 c:/saturn/sbl6/segalib/lib/sega_per.a(per_prt.o)
                0x0601fea0                PER_IntFunc
                0x0601fc98                PER_LGetPer
                0x0601fa80                PER_LInit
 .text          0x060209d0     0x1b04 c:/saturn/sbl6/segalib/lib/sega_sat.a(gfs.o)
                0x060209d0                gfs_version
                0x06021c44                gfs_mngGetNumFile
                0x060223c4                gfs_closeSub
                0x06021760                GFS_SetGmode
                0x06021a1c                GFS_SetErrFunc
                0x06021b6c                gfs_mngSetupFuncTbl
                0x06020d28                GFS_Reset
                0x06021a94                gfs_chgRoot
                0x06021b60                gfs_aborttrans
                0x06021e44                gfs_svrAddHndl
                0x06021cf4                gfs_mngFreeGrp
                0x06021a6c                GFS_ConvTno
                0x06021ff8                gfs_getRootDir
                0x06021a48                GFS_GetErrStat
                0x06020e98                GFS_Seek
                0x06021504                GFS_NwStop
                0x06021d00                gfs_mngTermAccess
                0x06020dac                GFS_Open
                0x06021cac                GFS_mngAllocGrp
                0x0602240c                gfs_isTaskDone
                0x06021204                GFS_Fread
                0x06021964                GFS_StartTrans
                0x06022360                gfs_GetFinfo
                0x06021ba0                gfs_mngInitWork
                0x06020ff0                GFS_ByteToSct
                0x06021e04                gfs_svrSearchHndl
                0x060220f4                gfs_loadRootDir
                0x06020c4c                GFS_IdToName
                0x06021348                GFS_NwFread
                0x06021894                GFS_SetTransPara
                0x06021454                GFS_NwCdRead
                0x06021f34                gfs_loadVol
                0x06021830                GFS_SetReadPara
                0x06020f4c                GFS_Tell
                0x060217c4                GFS_SetTmode
                0x060222c8                GFS_GetFad
                0x06021900                GFS_SetTrFunc
                0x060219b0                GFS_CdMovePickup
                0x06020be8                GFS_NameToId
                0x0602161c                GFS_NwExecOne
                0x0602217c                gfs_flowIn
                0x060210a4                GFS_GetFileInfo
                0x06022224                gfs_transData
                0x06021e80                gfs_svrRemoveHndl
                0x060214cc                GFS_NwIsComplete
                0x06022400                gfs_getGmode
                0x06021570                GFS_NwGetStat
                0x06021edc                GFS_OpenSub
                0x06020b80                GFS_SetDir
                0x0602104c                GFS_GetFileSize
                0x06021118                GFS_GetNumCdbuf
                0x06022460                gfs_convFinStat
                0x06021140                GFS_Load
                0x060212a0                gfs_waitRead
                0x06020ad8                GFS_LoadDir
                0x06020cb8                GFS_GetDirInfo
                0x06020e60                GFS_Close
                0x060209f0                GFS_Init
                0x060215ec                gfs_recovRdErr
                0x06021d84                gfs_mngSetErrCode
                0x060216dc                GFS_NwExecServer
                0x06020f9c                GFS_IsEof
                0x06022320                gfs_SetSct
 *fill*         0x060224d4        0xc 00
 .text          0x060224e0       0x90 c:/saturn/sbl6/segalib/lib/sega_sat.a(DMA_CPU1.o)
                0x060224e0                DMA_CpuMemCopy1
 .text          0x06022570       0x94 c:/saturn/sbl6/segalib/lib/sega_sat.a(DMA_CPU2.o)
                0x06022570                DMA_CpuMemCopy2
 *fill*         0x06022604        0xc 00
 .text          0x06022610      0x1f4 c:/saturn/sbl6/segalib/lib/sega_sat.a(DMA_SCU1.o)
                0x0602276c                DMA_ScuResult
                0x06022610                DMA_ScuInit
                0x06022660                DMA_ScuMemCopy
 *fill*         0x06022804        0xc 00
 .text          0x06022810      0x8d4 c:/saturn/sbl6/segalib/lib/sega_sat.a(gfs_cdf.o)
                0x06022d04                GFCF_Seek
                0x06022e0c                GFCF_GetStat
                0x06022cec                GFCF_Tell
                0x060228b0                GFCF_Setup
                0x06022db8                GFCF_cnvIntlvOfs
                0x06022810                GFCF_Init
                0x06022ca4                GFCF_Recover
                0x060229f8                GFCF_SetSct
                0x06022d1c                GFCF_MovePickup
                0x06022ee0                gfcf_isCdOk
                0x06022ab0                GFCF_FlowInBuf
                0x06022a3c                GFCF_GetFileInfo
                0x06022c04                GFCF_StopInBuf
                0x06022ea4                gfcf_getSctSize
                0x06022fa0                gfcf_getPlayRange
 *fill*         0x060230e4        0xc 00
 .text          0x060230f0      0x928 c:/saturn/sbl6/segalib/lib/sega_sat.a(gfs_dir.o)
                0x060235e0                gfdr_setNextRec
                0x060239dc                gfdr_setDirrecCd
                0x060233d8                gfdr_open
                0x060231ec                GFDR_GetAtrDirId
                0x060234c0                gfdr_readByte
                0x060230f0                GFDR_SetupDirTbl
                0x060235b8                gfdr_readLongNM
                0x06023664                gfdr_readDirEnt
                0x0602321c                GFDR_ChgRoot
                0x06023164                GFDR_NameToId
                0x060232a8                gfdr_setupDirIdTbl
                0x06023204                GFDR_GetAtrDirName
                0x060231c4                GFDR_GetInfoDirId
                0x0602356c                gfdr_readLongNB
                0x06023400                gfdr_read
                0x060234ec                gfdr_readWord
                0x0602332c                gfdr_setupDirNameTbl
                0x060231d8                GFDR_GetInfoDirName
                0x06023234                GFDR_ChgDir
                0x06023518                gfdr_readWordNB
 *fill*         0x06023a18        0x8 00
 .text          0x06023a20      0xa46 c:/saturn/sbl6/segalib/lib/sega_sat.a(gfs_trn.o)
                0x06023b00                GFTR_SetTransMax
                0x06023ed0                gftr_execScu
                0x06024454                GFTR_SetTransFunc
                0x0602431c                gftr_remTrn
                0x06024440                GFTR_SetData
                0x06024140                gftr_execSdma1
                0x06024390                gftr_copyFrac
                0x06023af4                GFTR_GetNumTrans
                0x06023a94                GFTR_SetMode
                0x06024110                gftr_remDma0
                0x060243b8                GFTR_GetLenData
                0x06023ec4                gftr_reqScu
                0x06024128                gftr_reqDma1
                0x06023de0                gftr_getSrcPack
                0x06024410                GFTR_RtnDstPk
                0x06023fac                gfdma_exec
                0x06024244                gftr_execTrn
                0x06023cd8                GFTR_ExecSvr
                0x060241d4                gftr_reqTrn
                0x0602409c                gfdma_getBytecnt
                0x0602417c                gftr_reqCpu
                0x060243dc                GFTR_GetDstPack
                0x060240d4                gftr_reqDma0
                0x06023c60                GFTR_Idle
                0x06023b18                GFTR_Pause
                0x06023ae8                GFTR_GetTransPara
                0x060241c8                gftr_remCpu
                0x06023ab4                GFTR_SetTransPara
                0x06024164                gftr_remDma1
                0x06023b24                GFTR_Stop
                0x060240ec                gftr_execSdma0
                0x06023a50                GFTR_Setup
                0x06023f6c                gftr_remScu
                0x06023e68                gftr_getDstPack
                0x06023fa0                gfdma_canUse
                0x06023bdc                GFTR_Exec
                0x0602442c                GFTR_GetData
                0x06023b0c                GFTR_Start
                0x06023aa8                GFTR_SetUnit
                0x06024188                gftr_execCpu
                0x060243c4                GFTR_GetLenRoom
 *fill*         0x06024466        0xa 00
 .text          0x06024470      0x106 c:/saturn/sbl6/segalib/lib/sega_sat.a(gfs_buf.o)
                0x060244c8                GFBF_GetNumData
                0x06024544                GFBF_RtnPk
                0x060244f8                GFBF_GetSrcPk
                0x0602456c                gfbf_getSctDt
                0x060244a0                GFBF_GetTranData
                0x06024520                GFBF_GetSctData
 *fill*         0x06024576        0xa 00
 .text          0x06024580      0x600 c:/saturn/sbl6/segalib/lib/sega_sat.a(gfs_cdb.o)
                0x06024b28                GFCB_GetPickup
                0x060246a0                GFCB_Close
                0x0602496c                GFCB_GetSrcPack
                0x06024af4                GFCB_SetCon
                0x06024774                GFCB_GetLenRoom
                0x06024ad8                GFCB_MovePickup
                0x06024a4c                GFCB_GetSctData
                0x06024780                GFCB_SetFilt
                0x060246c8                GFCB_GetLenData
                0x06024b68                GFCB_UngetPickup
                0x06024580                GFCB_Setup
                0x06024810                GFCB_Tell
                0x06024b50                GFCB_IsPuOwner
                0x06024870                GFCB_Seek
                0x060247e8                GFCB_DeleteAllData
                0x06024a84                GFCB_GetDstPack
                0x06024820                gfcb_getSctNum
                0x06024a90                GFCB_RtnPk
 .text          0x06024b80     0x1a04 c:/saturn/sbl6/segalib/lib/sega_sat.a(gfs_cdc.o)
                0x06024e1c                GFCD_AllocBuf
                0x06025bf8                gfcd_doGetLenDataTsk
                0x06026494                GFCD_SetCsctFunc
                0x06024ef4                GFCD_GetBaseFad
                0x06025070                GFCD_GetFilt
                0x06026084                gfcd_doChgDirTsk
                0x060263c4                gfcd_checkEflag
                0x060253b8                GFCD_MovePickup
                0x0602549c                GFCD_GetSctInfo
                0x06025d4c                gfcd_doReqDataTsk
                0x060254e4                GFCD_ChgDir
                0x060251d8                GFCD_ReqData
                0x060264b0                GFCD_ChkScdqFlag
                0x06025968                GFCD_WaitServer
                0x0602527c                GFCD_DelSctData
                0x06025754                GFCD_ExecServer
                0x06025b68                gfcd_doSetConTsk
                0x06024db0                GFCD_AllocFilt
                0x06024fac                GFCD_SetFilt
                0x060259a4                gfcd_doSetFiltTsk
                0x060264d4                GFCD_ClrScdqFlag
                0x06025dec                gfcd_doDelSctDataTsk
                0x060258b0                gfcd_doTask
                0x06024f28                GFCD_GetPickup
                0x06025478                GFCD_CheckMove
                0x060264f0                GFCD_WaitScdqFlag
                0x06025110                GFCD_Play
                0x06025f20                gfcd_doMoveSctTsk
                0x060250b8                GFCD_SetCon
                0x06025558                GFCD_SetFiltCon
                0x06026534                GFCD_WaitPause
                0x0602571c                GFCD_GetBufSiz
                0x06024f5c                GFCD_UngetPickup
                0x06025640                GFCD_GetFileInfo
                0x06025234                GFCD_EndData
                0x06024e50                GFCD_FreeBuf
                0x06025170                GFCD_GetLenData
                0x06024dec                GFCD_FreeFilt
                0x06025828                gfcd_isIdleTask
                0x06024bac                GFCD_Init
                0x06026280                gfcd_doSetFiltConTsk
                0x06025304                GFCD_GetStat
                0x06025404                GFCD_MoveSctData
                0x06024f88                GFCD_IsPuOwner
                0x060263e8                gfcd_initCdbMng
                0x06024b80                GFCD_SetCdbfs
                0x06025954                GFCD_SetTimer
                0x06026468                gfcd_setStat
                0x060252d4                GFCD_CheckDelSctData
 *fill*         0x06026584        0xc 00
 .text          0x06026590      0x1b6 c:/saturn/sbl6/segalib/lib/sega_sat.a(DMA_CPU0.o)
                0x060265d8                DMA_CpuSetPrm
                0x060266dc                DMA_CpuStart
                0x06026734                DMA_CpuGetStatus
                0x06026708                DMA_CpuAllStop
                0x0602671c                DMA_CpuGetComStatus
                0x06026590                DMA_CpuSetComPrm
                0x060266f0                DMA_CpuStop
 *fill*         0x06026746        0xa 00
 .text          0x06026750       0x50 c:/saturn/sbl6/segalib/lib/sega_sat.a(DMA_CPU5.o)
                0x06026750                DMA_CpuResult
 .text          0x060267a0      0x308 c:/saturn/sbl6/segalib/lib/sega_sat.a(DMA_SCU0.o)
                0x06026824                DMA_ScuStart
                0x06026958                DMA_ScuIntFunc0
                0x060269c8                DMA_ScuIntFunc1
                0x06026a38                DMA_ScuIntFunc2
                0x06026918                DMA_ScuGetStatus
                0x060267a0                DMA_ScuSetPrm
 *fill*         0x06026aa8        0x8 00
 .text          0x06026ab0       0xe8 c:/saturn/sbl6/segalib/lib/sega_sat.a(csh_main.o)
                0x06026ab0                CSH_Init
                0x06026b18                CSH_AllClr
                0x06026b64                CSH_Purge
 *fill*         0x06026b98        0x8 00
 .text          0x06026ba0      0x194 c:/saturn/sbl6/segalib/lib/sega_sat.a(cdc_cfs.o)
                0x06026ba0                CDC_ChgDir
                0x06026bd4                CDC_ReadDir
                0x06026cf8                CDC_AbortFile
                0x06026c08                CDC_GetFileScope
                0x06026c68                CDC_TgetFileInfo
                0x06026cc4                CDC_ReadFile
 *fill*         0x06026d34        0xc 00
 .text          0x06026d40      0x1e4 c:/saturn/sbl6/segalib/lib/sega_sat.a(cdc_bio.o)
                0x06026dec                CDC_GetdelSctData
                0x06026d74                CDC_GetSctData
                0x06026e28                CDC_PutSctData
                0x06026ea4                CDC_MoveSctData
                0x06026ee8                CDC_GetCopyErr
                0x06026db0                CDC_DelSctData
                0x06026d40                CDC_SetSctLen
                0x06026e60                CDC_CopySctData
 *fill*         0x06026f24        0xc 00
 .text          0x06026f30      0x2b8 c:/saturn/sbl6/segalib/lib/sega_sat.a(cdc_sel.o)
                0x06027160                CDC_GetFiltCon
                0x060270dc                CDC_GetFiltMode
                0x060271b4                CDC_ResetSelector
                0x06026f30                CDC_SetFiltRange
                0x06026fbc                CDC_SetFiltSubh
                0x0602702c                CDC_GetFiltSubh
                0x06026f64                CDC_GetFiltRange
                0x060270a8                CDC_SetFiltMode
                0x06027120                CDC_SetFiltCon
 *fill*         0x060271e8        0x8 00
 .text          0x060271f0      0x270 c:/saturn/sbl6/segalib/lib/sega_sat.a(cdc_bif.o)
                0x0602724c                CDC_GetSctNum
                0x060273cc                CDC_ExeFadSearch
                0x0602734c                CDC_GetSctInfo
                0x06027290                CDC_CalActSiz
                0x060271f0                CDC_GetBufSiz
                0x060272cc                CDC_GetActSiz
                0x06027404                CDC_GetFadSearch
 .text          0x06027460       0xa8 c:/saturn/sbl6/segalib/lib/sega_sat.a(cdc_dev.o)
                0x060274cc                CDC_CdGetLastBuf
                0x06027460                CDC_CdSetCon
                0x06027490                CDC_CdGetCon
 *fill*         0x06027508        0x8 00
 .text          0x06027510       0x60 c:/saturn/SH_COFF/sh-coff/bin/../lib/gcc/sh-coff/3.4-GNUSH_v0501\libgcc.a(_ashiftrt.o)
                0x0602751c                __ashiftrt_r4_27
                0x06027550                __ashiftrt_r4_6
                0x06027540                __ashiftrt_r4_14
                0x06027532                __ashiftrt_r4_19
                0x0602754a                __ashiftrt_r4_9
                0x0602755e                __ashiftrt_r4_0
                0x06027510                __ashiftrt_r4_31
                0x0602751e                __ashiftrt_r4_26
                0x0602752c                __ashiftrt_r4_22
                0x06027538                __ashiftrt_r4_16
                0x06027544                __ashiftrt_r4_12
                0x06027518                __ashiftrt_r4_29
                0x06027536                __ashiftrt_r4_17
                0x06027516                __ashiftrt_r4_30
                0x06027552                __ashiftrt_r4_5
                0x0602754c                __ashiftrt_r4_8
                0x06027510                __ashiftrt_r4_32
                0x06027520                __ashiftrt_r4_25
                0x06027558                __ashiftrt_r4_2
                0x06027522                __ashiftrt_r4_24
                0x0602753e                __ashiftrt_r4_15
                0x06027548                __ashiftrt_r4_10
                0x0602755a                __ashiftrt_r4_1
                0x0602751a                __ashiftrt_r4_28
                0x06027530                __ashiftrt_r4_20
                0x0602754e                __ashiftrt_r4_7
                0x06027542                __ashiftrt_r4_13
                0x06027546                __ashiftrt_r4_11
                0x06027554                __ashiftrt_r4_4
                0x0602752a                __ashiftrt_r4_23
                0x06027534                __ashiftrt_r4_18
                0x0602752e                __ashiftrt_r4_21
                0x06027556                __ashiftrt_r4_3
 .text          0x06027570       0xb0 c:/saturn/SH_COFF/sh-coff/bin/../lib/gcc/sh-coff/3.4-GNUSH_v0501\libgcc.a(_si_to_df.o)
                0x06027570                __floatsidf
 .text          0x06027620      0x2e0 c:/saturn/SH_COFF/sh-coff/bin/../lib/gcc/sh-coff/3.4-GNUSH_v0501\libgcc.a(_mul_df.o)
                0x06027630                __muldf3
 .text          0x06027900       0x80 c:/saturn/SH_COFF/sh-coff/bin/../lib/gcc/sh-coff/3.4-GNUSH_v0501\libgcc.a(_df_to_si.o)
                0x06027900                __fixdfsi
 .text          0x06027980       0x70 c:/saturn/SH_COFF/sh-coff/bin/../lib/gcc/sh-coff/3.4-GNUSH_v0501\libgcc.a(_udivsi3.o)
                0x060279a2                __udivsi3
 .text          0x060279f0       0xa0 c:/saturn/SH_COFF/sh-coff/bin/../lib/gcc/sh-coff/3.4-GNUSH_v0501\libgcc.a(_sdivsi3.o)
                0x060279f0                __sdivsi3
 .text          0x06027a90       0x90 c:/saturn/SH_COFF/sh-coff/bin/../lib/gcc/sh-coff/3.4-GNUSH_v0501\libgcc.a(_ashiftrt_n.o)
                0x06027a90                __ashrsi3
 .text          0x06027b20       0x90 c:/saturn/SH_COFF/sh-coff/bin/../lib/gcc/sh-coff/3.4-GNUSH_v0501\libgcc.a(_ashiftlt.o)
                0x06027b20                __ashlsi3
 .text          0x06027bb0       0xb0 c:/saturn/SH_COFF/sh-coff/bin/../lib/gcc/sh-coff/3.4-GNUSH_v0501\libgcc.a(_movstr.o)
                0x06027bf0                __movstrSI16
                0x06027bc4                __movstrSI60
                0x06027bd0                __movstrSI48
                0x06027bcc                __movstrSI52
                0x06027bc0                __movstrSI64
                0x06027bd4                __movstrSI44
                0x06027bd8                __movstrSI40
                0x06027bdc                __movstrSI36
                0x06027c10                __movstr
                0x06027bc8                __movstrSI56
                0x06027be4                __movstrSI28
                0x06027be0                __movstrSI32
                0x06027bf4                __movstrSI12
                0x06027bf8                __movstrSI8
                0x06027c00                __movstrSI0
                0x06027be8                __movstrSI24
                0x06027bec                __movstrSI20
                0x06027bfc                __movstrSI4
 .text          0x06027c60       0xa0 c:/saturn/SH_COFF/sh-coff/bin/../lib/gcc/sh-coff/3.4-GNUSH_v0501\libgcc.a(__main.o)
                0x06027cd4                __main
                0x06027c60                __do_global_dtors
                0x06027c94                __do_global_ctors
 .text          0x06027d00      0x220 c:/saturn/SH_COFF/sh-coff/bin/../lib/gcc/sh-coff/3.4-GNUSH_v0501\libgcc.a(_pack_df.o)
                0x06027d10                __pack_d
 .text          0x06027f20      0x120 c:/saturn/SH_COFF/sh-coff/bin/../lib/gcc/sh-coff/3.4-GNUSH_v0501\libgcc.a(_unpack_df.o)
                0x06027f30                __unpack_d
 .text          0x06028040       0x20 c:/saturn/SH_COFF/sh-coff/bin/../lib/gcc/sh-coff/3.4-GNUSH_v0501\libgcc.a(_thenan_df.o)
                0x06028040                __thenan_df
 .text          0x06028060       0xd0 c:/saturn/SH_COFF/sh-coff/bin/../lib/gcc/sh-coff/3.4-GNUSH_v0501\libgcc.a(_muldi3.o)
                0x06028060                __muldi3
 .text          0x06028130       0x80 c:/saturn/SH_COFF/sh-coff/bin/../lib/gcc/sh-coff/3.4-GNUSH_v0501\libgcc.a(_lshrdi3.o)
                0x06028130                __lshrdi3
 .text          0x060281b0       0x80 c:/saturn/SH_COFF/sh-coff/bin/../lib/gcc/sh-coff/3.4-GNUSH_v0501\libgcc.a(_ashldi3.o)
                0x060281b0                __ashldi3
 .text          0x06028230       0x30 c:/saturn/SH_COFF/sh-coff/bin/../lib/gcc/sh-coff/3.4-GNUSH_v0501\libgcc.a(_mulsi3.o)
                0x06028230                __mulsi3
 .text          0x06028260       0x90 c:/saturn/SH_COFF/sh-coff/bin/../lib/gcc/sh-coff/3.4-GNUSH_v0501\libgcc.a(_lshiftrt.o)
                0x06028260                __lshrsi3
 .text          0x060282f0       0x40 c:/saturn/SH_COFF/sh-coff/bin/../lib/gcc/sh-coff/3.4-GNUSH_v0501/../../../../sh-coff/lib\libc.a(memset.o)
                0x060282f0                memset
 .text          0x06028330       0x60 c:/saturn/SH_COFF/sh-coff/bin/../lib/gcc/sh-coff/3.4-GNUSH_v0501/../../../../sh-coff/lib\libc.a(memcmp.o)
                0x06028330                memcmp
 .text          0x06028390       0xa0 c:/saturn/SH_COFF/sh-coff/bin/../lib/gcc/sh-coff/3.4-GNUSH_v0501/../../../../sh-coff/lib\libc.a(memcpy.o)
                0x06028390                memcpy
 .text          0x06028430       0xb0 c:/saturn/SH_COFF/sh-coff/bin/../lib/gcc/sh-coff/3.4-GNUSH_v0501/../../../../sh-coff/lib\libc.a(strncmp.o)
                0x06028430                strncmp
 .text          0x060284e0       0xa0 c:/saturn/SH_COFF/sh-coff/bin/../lib/gcc/sh-coff/3.4-GNUSH_v0501/../../../../sh-coff/lib\libc.a(strncpy.o)
                0x060284e0                strncpy
 .text          0x06028580       0x90 c:/saturn/SH_COFF/sh-coff/bin/../lib/gcc/sh-coff/3.4-GNUSH_v0501/../../../../sh-coff/lib\libc.a(atexit.o)
                0x06028580                atexit
 .text          0x06028610       0x10 c:/saturn/SH_COFF/sh-coff/bin/../lib/gcc/sh-coff/3.4-GNUSH_v0501/../../../../sh-coff/lib\libc.a(impure.o)
                0x06028610                _global_impure_ptr
 .text          0x06028620       0x40 c:/saturn/SH_COFF/sh-coff/bin/../lib/gcc/sh-coff/3.4-GNUSH_v0501/../../../../sh-coff/lib\libc.a(malloc.o)
                0x0602863c                free
                0x06028620                malloc
 .text          0x06028660      0x5b0 c:/saturn/SH_COFF/sh-coff/bin/../lib/gcc/sh-coff/3.4-GNUSH_v0501/../../../../sh-coff/lib\libc.a(mallocr.o)
                0x06028660                _malloc_r
 .text          0x06028c10      0x340 c:/saturn/SH_COFF/sh-coff/bin/../lib/gcc/sh-coff/3.4-GNUSH_v0501/../../../../sh-coff/lib\libc.a(freer.o)
                0x06028c10                _malloc_trim_r
                0x06028d04                _free_r
 .text          0x06028f50       0x20 c:/saturn/SH_COFF/sh-coff/bin/../lib/gcc/sh-coff/3.4-GNUSH_v0501/../../../../sh-coff/lib\libc.a(mlock.o)
                0x06028f50                __malloc_lock
                0x06028f5c                __malloc_unlock
 .text          0x06028f70       0x50 c:/saturn/SH_COFF/sh-coff/bin/../lib/gcc/sh-coff/3.4-GNUSH_v0501/../../../../sh-coff/lib\libc.a(sbrkr.o)
                0x06028f70                _sbrk_r
 .text          0x06028fc0      0x380 c:/saturn/SH_COFF/sh-coff/bin/../lib/gcc/sh-coff/3.4-GNUSH_v0501/../../../../sh-coff/lib\libc.a(syscalls.o)
                0x0602912c                _exit
                0x06029160                _getpid
                0x060291c8                _utime
                0x06028ff8                _write
                0x06028fc0                _read
                0x06029114                _unlink
                0x060290dc                _open
                0x06029178                _stat
                0x06029120                isatty
                0x060291f8                _wait
                0x06029144                _kill
                0x06029194                _chmod
                0x06029228                _execv
                0x0602920c                _execve
                0x06029304                __setup_argv_and_call_main
                0x06029260                _gettimeofday
                0x0602902c                _link
                0x0602916c                _raise
                0x060290f8                _creat
                0x06029240                _pipe
                0x060291ac                _chown
                0x06028fdc                _lseek
                0x06029014                _close
                0x06029254                _times
                0x060290c8                _fstat
                0x060291e4                _fork
                0x06029054                _sbrk
 .text          0x06029340       0x20 c:/saturn/SH_COFF/sh-coff/bin/../lib/gcc/sh-coff/3.4-GNUSH_v0501/../../../../sh-coff/lib\libc.a(trap.o)
                0x06029340                __trap34
 .text          0x06029360       0x20 c:/saturn/SH_COFF/sh-coff/bin/../lib/gcc/sh-coff/3.4-GNUSH_v0501/../../../../sh-coff/lib\libc.a(abort.o)
                0x06029360                abort
 .text          0x06029380      0x270 c:/saturn/SH_COFF/sh-coff/bin/../lib/gcc/sh-coff/3.4-GNUSH_v0501/../../../../sh-coff/lib\libc.a(signal.o)
                0x06029440                _raise_r
                0x060295c8                __sigtramp
                0x06029574                raise
                0x060295b0                _init_signal
                0x06029500                __sigtramp_r
                0x06029590                signal
                0x060293cc                _signal_r
                0x06029380                _init_signal_r
 .text          0x060295f0       0x60 c:/saturn/SH_COFF/sh-coff/bin/../lib/gcc/sh-coff/3.4-GNUSH_v0501/../../../../sh-coff/lib\libc.a(signalr.o)
                0x06029638                _getpid_r
                0x060295f0                _kill_r
 *(.strings)

.tors           0x06029650        0x0
                0x06029650                ___ctors = .
 *(.ctors)
                0x06029650                ___ctors_end = .
                0x06029650                ___dtors = .
 *(.dtors)
                0x06029650                ___dtors_end = .

.data           0x06029650     0x5480
                0x06029650                STARTOF_R = .
 *(.data)
 .data          0x06029650      0x400 smpclib/per_x1.o
 .data          0x06029a50       0x60 cutscene.o
                0x06029a50                tomo_text
 .data          0x06029ab0       0xd0 game.o
                0x06029ab0                powerup_names
 .data          0x06029b80     0x3f60 graphics.o
                0x0602b9c0                cyberblock_name
                0x06029c76                bit_num
                0x0602cea6                girl2_num
                0x0602aca4                soon_name
                0x0602ba10                metalorange_name
                0x06029e6e                ship_size
                0x0602ba1e                metalorange_num
                0x0602ad00                chipgame_pal
                0x0602ca9a                girl3_num
                0x0602a3f6                chipover_num
                0x06029fa4                game_name
                0x0602b520                menufont_pal
                0x06029cca                capsule_num
                0x0602b56e                menufont_num
                0x06029dc4                beffect_size
                0x0602acae                soon_num
                0x0602d2b2                girl1_num
                0x0602b9d0                metalorange_pal
                0x0602d2b4                roarframes_pal
                0x0602acf0                gamestar_name
                0x06029d1c                blocks2_size
                0x06029b80                barrier_pal
                0x06029fd4                starnear_name
                0x06029f7c                gamefar_height
                0x06029e70                ship_num
                0x0602d6c4                roarbg_pal
                0x06029dc0                beffect_height
                0x0602dac4                roarbg_name
                0x06029dc8                explosion_pal
                0x0602acb0                gamestar_pal
                0x06029fa0                gamenear_width
                0x0602a3f8                gameover_pal
                0x06029e08                explosion_name
                0x06029d72                blocks1_num
                0x06029cc6                capsule_width
                0x06029cc4                capsule_height
                0x06029bd0                barrier_size
                0x06029ec6                starspr_num
                0x06029bce                barrier_width
                0x0602d2a8                girl1_name
                0x0602b110                game_tiles_pal
                0x06029d1e                blocks2_num
                0x0602ba20                title_pal
                0x06029d60                blocks1_name
                0x06029f12                font_height
                0x0602d6b4                roarframes_name
                0x0602ca90                girl3_name
                0x06029f7e                gamefar_width
                0x0602cea8                girl1_pal
                0x0602b560                menufont_name
                0x0602ac64                soon_pal
                0x0602b97e                chipframes_num
                0x06029f1c                ball_pal
                0x0602c690                girl3_pal
                0x0602b10e                chipgame_num
                0x06029cc8                capsule_size
                0x06029ec4                starspr_size
                0x0602a848                cutscfont_name
                0x06029d20                blocks1_pal
                0x06029f90                gamenear_name
                0x06029e18                explosion_width
                0x0602c282                girl5_num
                0x06029f6c                ball_num
                0x0602be2a                title_num
                0x06029f08                font_name
                0x06029dc2                beffect_width
                0x06029c24                laser_num
                0x06029e74                starspr_pal
                0x0602a448                cutscfont_pal
                0x0602dad0                roarbg_num
                0x06029f68                ball_width
                0x0602b9ce                cyberblock_num
                0x0602ac58                tomo_name
                0x0602be78                girl5_pal
                0x06029e6a                ship_height
                0x0602b51e                game_tiles_num
                0x06029f66                ball_height
                0x06029f9e                gamenear_height
                0x06029f14                font_width
                0x0602be76                stars_num
                0x0602a446                gameover_num
                0x06029f6a                ball_size
                0x0602a3e8                chipover_name
                0x06029c14                laser_name
                0x06029c74                bit_size
                0x06029e6c                ship_width
                0x06029bd2                barrier_num
                0x0602be20                title_name
                0x0602b970                chipframes_name
                0x06029fb4                starfar_name
                0x06029d6c                blocks1_height
                0x06029c20                laser_width
                0x0602be6c                stars_name
                0x06029c68                bit_name
                0x0602acfe                gamestar_num
                0x06029f8c                gamemid_height
                0x0602a438                gameover_name
                0x06029e20                ship_pal
                0x06029f5c                ball_name
                0x06029f18                font_num
                0x06029ec8                font_pal
                0x06029fd2                starmid_width
                0x06029fe4                starnear_width
                0x06029f80                gamemid_name
                0x06029bcc                barrier_height
                0x06029c28                bit_pal
                0x06029d1a                blocks2_width
                0x06029d70                blocks1_size
                0x06029ec2                starspr_width
                0x0602b570                chipframes_pal
                0x06029fae                game_height
                0x06029fc0                starfar_height
                0x06029e1c                explosion_num
                0x0602c68e                girl4_num
                0x0602a858                tomo_pal
                0x06029cb8                capsule_name
                0x06029f8e                gamemid_width
                0x06029d18                blocks2_height
                0x06029db4                beffect_name
                0x06029d6e                blocks1_width
                0x06029f16                font_size
                0x06029d0c                blocks2_name
                0x06029c70                bit_height
                0x06029c1e                laser_height
                0x06029eb4                starspr_name
                0x0602d6c2                roarframes_num
                0x0602b980                cyberblock_pal
                0x06029fe2                starnear_height
                0x06029fc4                starmid_name
                0x06029e60                ship_name
                0x0602c278                girl5_name
                0x0602c284                girl4_pal
                0x06029ccc                blocks2_pal
                0x06029c72                bit_width
                0x06029fd0                starmid_height
                0x0602be2c                stars_pal
                0x06029f70                gamefar_name
                0x06029c78                capsule_pal
                0x06029bd4                laser_pal
                0x0602b510                game_tiles_name
                0x06029dc6                beffect_num
                0x06029ec0                starspr_height
                0x06029d74                beffect_pal
                0x0602c684                girl4_name
                0x06029fe8                chipover_pal
                0x06029fb0                game_width
                0x0602ca9c                girl2_pal
                0x06029c22                laser_size
                0x06029bc0                barrier_name
                0x06029fc2                starfar_width
                0x06029e1a                explosion_size
                0x06029e16                explosion_height
                0x0602b100                chipgame_name
                0x0602ce9c                girl2_name
 .data          0x0602dae0      0x190 intro.o
 .data          0x0602dc70       0x90 level.o
                0x0602dc74                level_blocks
                0x0602dc70                level_lengths
                0x0602dc78                level0_blocks
 .data          0x0602dd00       0x40 logo.o
 .data          0x0602dd40       0x80 menu.o
                0x0602dd40                cutscene
 .data          0x0602ddc0       0x10 pcmsys.o
                0x0602ddc4                scsp_load
                0x0602ddc8                m68k_com
                0x0602ddc0                master_volume
 .data          0x0602ddd0       0x50 scroll.o
                0x0602ddf0                CycleTbLoRes
                0x0602de10                vram
                0x0602ddd0                CycleTbBitmap
                0x0602de00                char_offsets
                0x0602dde0                CycleTbHiRes
 .data          0x0602de20       0x30 sprite.o
 .data          0x0602de50      0x400 c:/saturn/sbl6/segalib/lib/sega_int.a(int.o)
 .data          0x0602e250       0x1c c:/saturn/sbl6/segalib/lib/sega_spr.a(spr_slv.o)
                0x0602e258                SPR_SlaveParam
                0x0602e268                SPR_SMPC_SF
                0x0602e260                SPR_SMPC_COM
                0x0602e25c                SPR_SlaveSHEntry
                0x0602e254                SPR_SlaveState
                0x0602e250                SPR_SlaveCommand
                0x0602e264                SPR_SMPC_RET
 *fill*         0x0602e26c        0x4 00
 .data          0x0602e270       0x34 c:/saturn/sbl6/segalib/lib/sega_spr.a(spr_1c.o)
                0x0602e270                SpInitialFlag
 *fill*         0x0602e2a4        0xc 00
 .data          0x0602e2b0       0x1c c:/saturn/sbl6/segalib/lib/sega_scl.a(scl_vblv.o)
                0x0602e2b8                VBInterval
                0x0602e2c0                ReqDisplayFlag
                0x0602e2b0                SpFrameChgMode
                0x0602e2bc                VBIntervalCounter
                0x0602e2b4                SpFrameEraseMode
 *fill*         0x0602e2cc        0x4 00
 .data          0x0602e2d0       0x36 c:/saturn/sbl6/segalib/lib/sega_scl.a(scl_func.o)
                0x0602e2e0                SclRotregBuff
                0x0602e2dc                SclDisplayY
                0x0602e2e4                SclRotateTableMode
                0x0602e2d8                SclProcess
                0x0602e2d4                SclCurSclNum
                0x0602e2d0                SclLengthLsTbl
                0x0602e2da                SclDisplayX
                0x0602e2d2                SclLengthCsTbl
 *fill*         0x0602e306        0xa 00
 .data          0x0602e310       0x18 c:/saturn/sbl6/segalib/lib/sega_scl.a(scl_pri.o)
                0x0602e314                SclRealSpPriNum
                0x0602e324                SclRealColOffset
                0x0602e320                SclRealBgColMix
                0x0602e31c                SclRealSpColMix
                0x0602e318                SclRealBgPriNum
                0x0602e310                SclRealOtherPri
 *fill*         0x0602e328        0x8 00
 .data          0x0602e330        0x4 c:/saturn/sbl6/segalib/lib/sega_mth.a(mth_rand.o)
 *fill*         0x0602e334        0xc 00
 .data          0x0602e340      0x380 c:/saturn/SH_COFF/sh-coff/bin/../lib/gcc/sh-coff/3.4-GNUSH_v0501/../../../../sh-coff/lib\libc.a(impure.o)
                0x0602e6bc                _impure_ptr
 .data          0x0602e6c0      0x410 c:/saturn/SH_COFF/sh-coff/bin/../lib/gcc/sh-coff/3.4-GNUSH_v0501/../../../../sh-coff/lib\libc.a(mallocr.o)
                0x0602e6c8                __malloc_av_
                0x0602e6c4                __malloc_trim_threshold
                0x0602e6c0                __malloc_sbrk_base
                0x0602ead0                SIZEOF_R = (. - STARTOF_R)
                0x0602ead0                ENDOF_R = .

.bss            0x0602ead0    0x11ee4
                0x0602ead0                STARTOF_B = .
 *(.bss)
 .bss           0x0602ead0       0x10 vblank.o
                0x0602ead4                PadData2E
                0x0602eada                PadData1
                0x0602ead6                PadData2
                0x0602ead8                PadData1E
                0x0602ead0                __port
 .bss           0x0602eae0       0xe0 smpclib/per_x2.o
 .bss           0x0602ebc0       0x10 ball.o
 .bss           0x0602ebd0       0x10 barrier.o
 .bss           0x0602ebe0       0x10 capsule.o
 .bss           0x0602ebf0       0x10 cutscene.o
 .bss           0x0602ec00       0x50 game.o
                0x0602ec14                bit_left
                0x0602ec04                illusion_charno
                0x0602ec0c                laser_max
                0x0602ec10                bit_right
                0x0602ec18                bit_ship
                0x0602ec1c                turbo
                0x0602ec24                score
                0x0602ec08                illusion
                0x0602ec20                powerup_cursor
                0x0602ec00                illusion_cursor
 .bss           0x0602ec50     0x1970 intro.o
 .bss           0x060305c0       0x10 laser.o
 .bss           0x060305d0     0x13a0 level.o
 .bss           0x06031970       0x10 logo.o
 .bss           0x06031980       0x60 menu.o
 .bss           0x060319e0       0x10 pcmsys.o
                0x060319e0                numberPCMs
 .bss           0x060319f0       0x10 scroll.o
                0x060319f0                bitmap
                0x060319f4                scroll_res
 .bss           0x06031a00       0x10 soon.o
                0x06031a00                soon_state
 .bss           0x06031a10     0x3d00 sprite.o
                0x06031a10                num_sprites
 .bss           0x06035710       0x10 main.o
                0x06035710                frame
 .bss           0x06035720       0x6e c:/saturn/sbl6/segalib/lib/sega_spr.a(spr_2c.o)
 *fill*         0x0603578e        0x2 00
 .bss           0x06035790        0x4 c:/saturn/sbl6/segalib/lib/sega_scl.a(scl_vblv.o)
 *fill*         0x06035794        0xc 00
 .bss           0x060357a0     0x1900 c:/saturn/sbl6/segalib/lib/sega_scl.a(scl_fu05.o)
 .bss           0x060370a0        0x4 c:/saturn/sbl6/segalib/lib/sega_scl.a(scl_func.o)
 *fill*         0x060370a4        0xc 00
 .bss           0x060370b0       0x48 c:/saturn/sbl6/segalib/lib/sega_scl.a(scl_ro00.o)
 *fill*         0x060370f8        0x8 00
 .bss           0x06037100        0xc c:/saturn/sbl6/segalib/lib/sega_cdc.a(cdc_sub.o)
 *fill*         0x0603710c        0x4 00
 .bss           0x06037110        0x2 c:/saturn/sbl6/segalib/lib/sega_cdc.a(cdc_reg.o)
 *fill*         0x06037112        0xe 00
 .bss           0x06037120       0x9c c:/saturn/sbl6/segalib/lib/sega_per.a(per_prt.o)
 *fill*         0x060371bc        0x4 00
 .bss           0x060371c0        0xc c:/saturn/sbl6/segalib/lib/sega_sat.a(DMA_SCU1.o)
 *fill*         0x060371cc        0x4 00
 .bss           0x060371d0        0xc c:/saturn/sbl6/segalib/lib/sega_sat.a(gfs_trn.o)
 *fill*         0x060371dc        0x4 00
 .bss           0x060371e0       0x20 c:/saturn/sbl6/segalib/lib/sega_sat.a(DMA_SCU0.o)
 .bss           0x06037200       0x10 c:/saturn/SH_COFF/sh-coff/bin/../lib/gcc/sh-coff/3.4-GNUSH_v0501\libgcc.a(__main.o)
 .bss           0x06037210       0x10 c:/saturn/SH_COFF/sh-coff/bin/../lib/gcc/sh-coff/3.4-GNUSH_v0501/../../../../sh-coff/lib\libc.a(atexit.o)
 .bss           0x06037220       0x40 c:/saturn/SH_COFF/sh-coff/bin/../lib/gcc/sh-coff/3.4-GNUSH_v0501/../../../../sh-coff/lib\libc.a(mallocr.o)
                0x06037250                __malloc_top_pad
                0x06037220                __malloc_current_mallinfo
                0x0603724c                __malloc_max_sbrked_mem
                0x06037248                __malloc_max_total_mem
 .bss           0x06037260       0x10 c:/saturn/SH_COFF/sh-coff/bin/../lib/gcc/sh-coff/3.4-GNUSH_v0501/../../../../sh-coff/lib\libc.a(syscalls.o)
 *(COMMON)
 COMMON         0x06037270        0x8 vblank.o
                                  0x0 (size before relaxing)
                0x06037270                PadAnalogR1
                0x06037271                PadAnalogL1
                0x06037272                PadAnalogY1
                0x06037273                PadAnalogX1
                0x06037274                PadID1
 *fill*         0x06037278        0x8 00
 COMMON         0x06037280      0x1e8 ball.o
                                  0x0 (size before relaxing)
                0x06037280                ball_sprites
                0x06037460                ball_count
                0x06037464                ball_mode
 *fill*         0x06037468        0x8 00
 COMMON         0x06037470        0x4 barrier.o
                                  0x0 (size before relaxing)
                0x06037470                barrier_life
 *fill*         0x06037474        0xc 00
 COMMON         0x06037480       0xa0 capsule.o
                                  0x0 (size before relaxing)
                0x06037480                capsules
 COMMON         0x06037520     0x1674 cd.o
                                  0x0 (size before relaxing)
                0x06037520                dirname
                0x06037e80                lib_work
                0x06038b88                directory_table
 *fill*         0x06038b94        0xc 00
 COMMON         0x06038ba0     0x19c8 game.o
                                  0x0 (size before relaxing)
                0x06038ba0                laser_charno
                0x06038bb0                ship_sprite
                0x06038bc8                explosion_charno
                0x06038bd0                gameover_line
                0x0603a4e0                capsule_charno
                0x0603a4e4                bit_charno
                0x0603a4e8                block_charno
                0x0603a4ec                ship_left
                0x0603a4f0                ship_right
                0x0603a4f4                ball_charno
                0x0603a500                illusion_arr
                0x0603a560                barrier_charno
                0x0603a564                gameover_angle
 *fill*         0x0603a568        0x8 00
 COMMON         0x0603a570       0xd0 laser.o
                                  0x0 (size before relaxing)
                0x0603a570                laser_count
                0x0603a580                laser_sprites
 COMMON         0x0603a640     0x14a0 print.o
                                  0x0 (size before relaxing)
                0x0603a640                text
 COMMON         0x0603bae0      0x230 scroll.o
                                  0x0 (size before relaxing)
                0x0603bae0                scfg
 COMMON         0x0603bd10        0x4 soon.o
                                  0x0 (size before relaxing)
                0x0603bd10                soon_scroll
 *fill*         0x0603bd14        0xc 00
 COMMON         0x0603bd20     0x3180 sprite.o
                                  0x0 (size before relaxing)
                0x0603bd20                sprites
                0x0603cea0                sprite_buf
 COMMON         0x0603eea0       0x8c main.o
                                  0x0 (size before relaxing)
                0x0603eea0                off_config
 *fill*         0x0603ef2c        0x4 00
 COMMON         0x0603ef30      0x400 c:/saturn/sbl6/segalib/lib/sega_int.a(int.o)
                                  0x0 (size before relaxing)
                0x0603ef30                __interrupt_vector
 COMMON         0x0603f330       0x50 c:/saturn/sbl6/segalib/lib/sega_spr.a(spr_2c.o)
                                  0x0 (size before relaxing)
                0x0603f330                SpMstCmd
                0x0603f334                Sp2OpenFlag
                0x0603f338                SpGourTblMax
                0x0603f33c                SpDrawPrtyBlk
                0x0603f340                SpLCoordX
                0x0603f344                SpMstDrawPrtyBlk
                0x0603f348                SpGourTbl
                0x0603f34c                SpLookupTblR
                0x0603f350                SpCmdTbl
                0x0603f354                SpCharMax
                0x0603f358                SpDrawPrtyProcFlag
                0x0603f35c                SpCmdNo
                0x0603f360                SpDrawPrtyBlkMax
                0x0603f364                SpSlvCmdPos
                0x0603f368                SpSlvDrawPrtyBlk
                0x0603f36c                SpCharTbl
                0x0603f370                SpCmdTblR
                0x0603f374                SpMstCmdPos
                0x0603f378                SpSlvCmd
                0x0603f37c                SpLCoordY
 COMMON         0x0603f380       0x10 c:/saturn/sbl6/segalib/lib/sega_spr.a(spr_1c.o)
                                  0x0 (size before relaxing)
                0x0603f380                SpScreenY
                0x0603f384                SpFbcrMode
                0x0603f386                SpDil
                0x0603f388                SpDie
                0x0603f38a                SpTvMode
                0x0603f38c                SpScreenX
 COMMON         0x0603f390      0xf00 c:/saturn/sbl6/segalib/lib/sega_scl.a(scl_func.o)
                                  0x0 (size before relaxing)
                0x0603f390                SclRbgKtbAddr
                0x0603f398                SclRb
                0x0603f39a                Scl_flag
                0x0603f3a0                SclK_TableBuff
                0x06040070                SclAddrCsTbl
                0x06040080                Scl_s_reg
                0x060400a8                SclRotateXy
                0x060400b0                Scl_d_reg
                0x060400f8                SclRotateDisp
                0x06040100                SclRotateMoveZ
                0x06040108                SclRotXySw
                0x06040110                Scl_r_reg
                0x06040120                SclRPMD
                0x06040128                SclRbgKtbOffset
                0x06040130                _SclRotregBuff
                0x06040200                SclRa
                0x06040208                SclRotateZ
                0x06040210                SclAddrLsTbl
                0x06040218                SclK_TableNum
                0x06040220                SclRotateTableAddress
                0x06040224                SclK_TableFlag
                0x06040230                Scl_w_reg
                0x06040250                Scl_n_reg
 COMMON         0x06040290      0x6b0 c:/saturn/sbl6/segalib/lib/sega_scl.a(scl_pri.o)
                                  0x0 (size before relaxing)
                0x06040290                SclAutoEndBlue2
                0x060402a0                SclColOffset
                0x060402b0                SclPriBuffDirty
                0x060402b2                SclAutoEndRed
                0x060402b4                SclAutoSurface
                0x060402b8                SclAutoGreen
                0x060402ba                SclAutoEndGreen
                0x060402bc                SclAutoCount
                0x060402c0                SclColRamAlloc256
                0x060402e0                SclAutoCurRate
                0x060402e1                SclAutoPlusFlag
                0x060402e8                SclSpColMix
                0x060402f0                SclAutoMax
                0x060402f4                SclLineColRamOffset
                0x060402f8                SclColRamAlloc2048
                0x060402fc                SclBgPriNum
                0x06040302                SclAutoEndBlue
                0x06040304                SclAutoEndGreen2
                0x06040306                SclAutoVeFlag
                0x06040308                SclBgColMix
                0x06040310                SclAutoIndex
                0x06040314                SclAutoEndRate
                0x06040316                SclAutoBlue
                0x06040318                SclAutoRed
                0x0604031c                SclAutoInterval
                0x06040320                SclOtherPri
                0x06040330                SclAutoRGB
                0x06040930                SclAutoEndRed2
                0x06040938                SclSpPriNum
 COMMON         0x06040940       0x10 c:/saturn/sbl6/segalib/lib/sega_scl.a(scl_ro00.o)
                                  0x0 (size before relaxing)
                0x06040940                SclCsx
                0x06040948                SclCsy
 COMMON         0x06040950       0x15 c:/saturn/sbl6/segalib/lib/sega_per.a(per_prt.o)
                                  0x0 (size before relaxing)
                0x06040950                per_get_time_flg
                0x06040951                per_hot_res
                0x06040952                per_set_sys_flg
                0x06040954                per_get_time_adr
                0x06040958                per_get_sys_data
                0x06040964                per_time_out_flg
 *fill*         0x06040965        0xb 00
 COMMON         0x06040970        0xc c:/saturn/sbl6/segalib/lib/sega_sat.a(gfs.o)
                                  0x0 (size before relaxing)
                0x06040970                GFMC_base
                0x06040974                gfs_mng_ptr
                0x06040978                gfs_use_scudma
 *fill*         0x0604097c        0x4 00
 COMMON         0x06040980        0x8 c:/saturn/sbl6/segalib/lib/sega_sat.a(gfs_cdf.o)
                                  0x0 (size before relaxing)
                0x06040980                gfcf_fad
                0x06040984                gfcf_stat
 *fill*         0x06040988        0x8 00
 COMMON         0x06040990        0xc c:/saturn/sbl6/segalib/lib/sega_sat.a(gfs_cdc.o)
                                  0x0 (size before relaxing)
                0x06040990                gfcd_fatal_err
                0x06040994                gfcd_work
                0x06040998                gfcd_playflag
 *fill*         0x0604099c        0x4 00
 COMMON         0x060409a0        0x8 c:/saturn/sbl6/segalib/lib/sega_sat.a(DMA_CPU5.o)
                                  0x0 (size before relaxing)
                0x060409a0                dma_cpu_cnt
                0x060409a4                dma_cpu_dis_adr
 *fill*         0x060409a8        0x8 00
 COMMON         0x060409b0        0x4 c:/saturn/SH_COFF/sh-coff/bin/../lib/gcc/sh-coff/3.4-GNUSH_v0501/../../../../sh-coff/lib\libc.a(syscalls.o)
                                  0x0 (size before relaxing)
                0x060409b0                errno
                0x060409b4                SIZEOF_B = (. - STARTOF_B)
                0x060409b4                ENDOF_B = .
                0x060409b4                _end = .
OUTPUT(main.cof coff-sh)

.comment        0x060409c0      0x640
 .comment       0x060409c0       0x20 c:/saturn/sbl6/segasmp/lib/strt2_g.o
 .comment       0x060409e0       0x20 vblank.o
 .comment       0x06040a00       0x20 smpclib/per_x1.o
 .comment       0x06040a20       0x20 smpclib/per_x2.o
 .comment       0x06040a40       0x20 spritecode/explosion.o
 .comment       0x06040a60       0x20 ball.o
 .comment       0x06040a80       0x20 barrier.o
 .comment       0x06040aa0       0x20 capsule.o
 .comment       0x06040ac0       0x20 cutscene.o
 .comment       0x06040ae0       0x20 cd.o
 .comment       0x06040b00       0x20 crc.o
 .comment       0x06040b20       0x20 devcart.o
 .comment       0x06040b40       0x20 game.o
 .comment       0x06040b60       0x20 graphics.o
 .comment       0x06040b80       0x20 intro.o
 .comment       0x06040ba0       0x20 laser.o
 .comment       0x06040bc0       0x20 level.o
 .comment       0x06040be0       0x20 logo.o