Archive member included to satisfy reference by file (symbol)

c:/saturn/sbl/segalib/lib/libsat.a(cdc_cmn.o)
                              main.o (CDC_GetPeriStat)
c:/saturn/sbl/segalib/lib/libsat.a(dma_cpu1.o)
                              game.o (DMA_CpuMemCopy1)
c:/saturn/sbl/segalib/lib/libsat.a(dma_cpu2.o)
                              intro.o (DMA_CpuMemCopy2)
c:/saturn/sbl/segalib/lib/libsat.a(dma_cpu5.o)
                              c:/saturn/sbl/segalib/lib/libsat.a(dma_cpu1.o) (dma_cpu_cnt)
c:/saturn/sbl/segalib/lib/libsat.a(mth_rand.o)
                              main.o (MTH_InitialRand)
c:/saturn/sbl/segalib/lib/libsat.a(mth_fixd.o)
                              ball.o (MTH_Mul)
c:/saturn/sbl/segalib/lib/libsat.a(mth_tri.o)
                              ball.o (MTH_Sin)
c:/saturn/sbl/segalib/lib/libsat.a(per_prt.o)
                              vblank.o (PER_Init)
c:/saturn/sbl/segalib/lib/libsat.a(spr_2c.o)
                              scroll.o (SPR_2SetTvMode)
c:/saturn/sbl/segalib/lib/libsat.a(scl_func.o)
                              scroll.o (Scl_n_reg)
c:/saturn/sbl/segalib/lib/libsat.a(scl_fu01.o)
                              scroll.o (SCL_SetDisplayMode)
c:/saturn/sbl/segalib/lib/libsat.a(scl_fu02.o)
                              scroll.o (SCL_InitVramConfigTb)
c:/saturn/sbl/segalib/lib/libsat.a(scl_fu03.o)
                              scroll.o (SCL_InitConfigTb)
c:/saturn/sbl/segalib/lib/libsat.a(scl_fu04.o)
                              scroll.o (SCL_SetCycleTable)
c:/saturn/sbl/segalib/lib/libsat.a(scl_fu05.o)
                              game.o (SCL_InitLineParamTb)
c:/saturn/sbl/segalib/lib/libsat.a(scl_pri.o)
                              c:/saturn/sbl/segalib/lib/libsat.a(scl_func.o) (SCL_PriorityInit)
c:/saturn/sbl/segalib/lib/libsat.a(scl_ro00.o)
                              c:/saturn/sbl/segalib/lib/libsat.a(scl_func.o) (SCL_Rotate)
c:/saturn/sbl/segalib/lib/libsat.a(scl_back.o)
                              scroll.o (SCL_SetBack)
c:/saturn/sbl/segalib/lib/libsat.a(scl_vblv.o)
                              c:/saturn/sbl/segalib/lib/libsat.a(spr_2c.o) (SCL_SetFrameInterval)
c:/saturn/sbl/segalib/lib/libsat.a(scl_pr01.o)
                              scroll.o (SCL_SetSpriteMode)
c:/saturn/sbl/segalib/lib/libsat.a(scl_pr02.o)
                              cutscene.o (SCL_SetColRam)
c:/saturn/sbl/segalib/lib/libsat.a(scl_pr03.o)
                              scroll.o (SCL_AllocColRam)
c:/saturn/sbl/segalib/lib/libsat.a(scl_pr05.o)
                              c:/saturn/sbl/segalib/lib/libsat.a(scl_pr02.o) (SCL_GetColRamOffset)
c:/saturn/sbl/segalib/lib/libsat.a(scl_pr06.o)
                              c:/saturn/sbl/segalib/lib/libsat.a(scl_pr03.o) (SCL_SetColRamOffset)
c:/saturn/sbl/segalib/lib/libsat.a(scl_pr07.o)
                              game.o (SCL_SetPriority)
c:/saturn/sbl/segalib/lib/libsat.a(scl_pr09.o)
                              scroll.o (SCL_SetColMixMode)
c:/saturn/sbl/segalib/lib/libsat.a(scl_pr10.o)
                              intro.o (SCL_SetAutoColMix)
c:/saturn/sbl/segalib/lib/libsat.a(scl_pr11.o)
                              cutscene.o (SCL_SetAutoColOffset)
c:/saturn/sbl/segalib/lib/libsat.a(scl_pr12.o)
                              cutscene.o (SCL_SetColOffset)
c:/saturn/sbl/segalib/lib/libsat.a(cdc_reg.o)
                              c:/saturn/sbl/segalib/lib/libsat.a(cdc_cmn.o) (CDREG_ClrHirqReq)
c:/saturn/sbl/segalib/lib/libsat.a(cdc_sub.o)
                              c:/saturn/sbl/segalib/lib/libsat.a(cdc_cmn.o) (CDSUB_GetCdstat)
c:/saturn/sbl/segalib/lib/libsat.a(csh_main.o)
                              c:/saturn/sbl/segalib/lib/libsat.a(dma_cpu5.o) (CSH_Purge)
c:/saturn/sbl/segalib/lib/libsat.a(dma_cpu0.o)
                              c:/saturn/sbl/segalib/lib/libsat.a(dma_cpu1.o) (DMA_CpuSetComPrm)
c:/saturn/sbl/segalib/lib/libsat.a(spr_1c.o)
                              c:/saturn/sbl/segalib/lib/libsat.a(spr_2c.o) (SPR_SetTvMode)
c:/saturn/sbl/segalib/lib/libsat.a(spr_2a.o)
                              c:/saturn/sbl/segalib/lib/libsat.a(spr_2c.o) (SPR_2SetDrawPrty)
c:/saturn/gcc84/bin/../lib/gcc/sh-elf/8.4.0\libgcc.a(_ashiftrt.o)
                              game.o (__ashiftrt_r4_24)
c:/saturn/gcc84/bin/../lib/gcc/sh-elf/8.4.0\libgcc.a(_ashiftrt_n.o)
                              pcmsys.o (__ashrsi3)
c:/saturn/gcc84/bin/../lib/gcc/sh-elf/8.4.0\libgcc.a(_ashiftlt.o)
                              scroll.o (__ashlsi3_r0)
c:/saturn/gcc84/bin/../lib/gcc/sh-elf/8.4.0\libgcc.a(_movmem.o)
                              scroll.o (__movmem)
c:/saturn/gcc84/bin/../lib/gcc/sh-elf/8.4.0\libgcc.a(_sdivsi3.o)
                              pcmsys.o (__sdivsi3)
c:/saturn/gcc84/bin/../lib/gcc/sh-elf/8.4.0\libgcc.a(_udivsi3.o)
                              menu.o (__udivsi3)
c:/saturn/gcc84/bin/../lib/gcc/sh-elf/8.4.0\libgcc.a(_mul_df.o)
                              level.o (__muldf3)
c:/saturn/gcc84/bin/../lib/gcc/sh-elf/8.4.0\libgcc.a(_si_to_df.o)
                              level.o (__floatsidf)
c:/saturn/gcc84/bin/../lib/gcc/sh-elf/8.4.0\libgcc.a(_df_to_si.o)
                              level.o (__fixdfsi)
c:/saturn/gcc84/bin/../lib/gcc/sh-elf/8.4.0\libgcc.a(_thenan_df.o)
                              c:/saturn/gcc84/bin/../lib/gcc/sh-elf/8.4.0\libgcc.a(_mul_df.o) (__thenan_df)
c:/saturn/gcc84/bin/../lib/gcc/sh-elf/8.4.0\libgcc.a(_lshiftrt.o)
                              c:/saturn/gcc84/bin/../lib/gcc/sh-elf/8.4.0\libgcc.a(_si_to_df.o) (__lshrsi3_r0)
c:/saturn/gcc84/bin/../lib/gcc/sh-elf/8.4.0\libgcc.a(_clzsi2.o)
                              c:/saturn/gcc84/bin/../lib/gcc/sh-elf/8.4.0\libgcc.a(_si_to_df.o) (__clzsi2)
c:/saturn/gcc84/bin/../lib/gcc/sh-elf/8.4.0\libgcc.a(_pack_df.o)
                              c:/saturn/gcc84/bin/../lib/gcc/sh-elf/8.4.0\libgcc.a(_mul_df.o) (__pack_d)
c:/saturn/gcc84/bin/../lib/gcc/sh-elf/8.4.0\libgcc.a(_unpack_df.o)
                              c:/saturn/gcc84/bin/../lib/gcc/sh-elf/8.4.0\libgcc.a(_mul_df.o) (__unpack_d)
c:/saturn/gcc84/bin/../lib/gcc/sh-elf/8.4.0\libgcc.a(_clz.o)
                              c:/saturn/gcc84/bin/../lib/gcc/sh-elf/8.4.0\libgcc.a(_clzsi2.o) (__clz_tab)
c:/saturn/gcc84/bin/../lib/gcc/sh-elf/8.4.0/../../../../sh-elf/lib\libc.a(lib_a-memcpy.o)
                              intro.o (memcpy)
c:/saturn/gcc84/bin/../lib/gcc/sh-elf/8.4.0/../../../../sh-elf/lib\libc.a(lib_a-memset.o)
                              notice.o (memset)

Allocating common symbols
Common symbol       size              file

SclRbgKtbAddr       0x8               c:/saturn/sbl/segalib/lib/libsat.a(scl_func.o)
laser_charno        0x4               game.o
sprites             0x1180            sprite.o
ship_sprite         0x18              game.o
SclRb               0x1               c:/saturn/sbl/segalib/lib/libsat.a(scl_func.o)
VblankFlg           0x4               vblank.o
laser_count         0x4               laser.o
explosion_charno    0x4               game.o
SpScreenY           0x4               c:/saturn/sbl/segalib/lib/libsat.a(spr_1c.o)
SclK_TableBuff      0xcd0             c:/saturn/sbl/segalib/lib/libsat.a(scl_func.o)
SpFbcrMode          0x2               c:/saturn/sbl/segalib/lib/libsat.a(spr_1c.o)
SclAutoEndBlue2     0x2               c:/saturn/sbl/segalib/lib/libsat.a(scl_pri.o)
gameover_line       0x1910            game.o
curr_level          0x4               game.o
capsule_charno      0x4               game.o
SpCmdChain          0x4               c:/saturn/sbl/segalib/lib/libsat.a(spr_2c.o)
barrier_life        0x4               barrier.o
Sp2OpenFlag         0x4               c:/saturn/sbl/segalib/lib/libsat.a(spr_2c.o)
bit_charno          0x4               game.o
SclRotregBuff       0x100             c:/saturn/sbl/segalib/lib/libsat.a(scl_func.o)
block_charno        0x4               game.o
SclColOffset        0x10              c:/saturn/sbl/segalib/lib/libsat.a(scl_pri.o)
SclAddrCsTbl        0x8               c:/saturn/sbl/segalib/lib/libsat.a(scl_func.o)
SclPriBuffDirty     0x4               c:/saturn/sbl/segalib/lib/libsat.a(scl_pri.o)
sprite_buf          0x2000            sprite.o
SclAutoEndRed       0x2               c:/saturn/sbl/segalib/lib/libsat.a(scl_pri.o)
PadWorkArea         0x1c              vblank.o
SclAutoSurface      0x4               c:/saturn/sbl/segalib/lib/libsat.a(scl_pri.o)
level_blocksleft    0x4               level.o
dirname             0x960             cd.o
SclCsx              0x8               c:/saturn/sbl/segalib/lib/libsat.a(scl_ro00.o)
Scl_s_reg           0x28              c:/saturn/sbl/segalib/lib/libsat.a(scl_func.o)
SclAutoGreen        0x2               c:/saturn/sbl/segalib/lib/libsat.a(scl_pri.o)
SclAutoEndGreen     0x2               c:/saturn/sbl/segalib/lib/libsat.a(scl_pri.o)
SclAutoCount        0x4               c:/saturn/sbl/segalib/lib/libsat.a(scl_pri.o)
SclColRamAlloc256   0x20              c:/saturn/sbl/segalib/lib/libsat.a(scl_pri.o)
SpCmdChainBlkNo     0x4               c:/saturn/sbl/segalib/lib/libsat.a(spr_2c.o)
SclRotateXy         0x8               c:/saturn/sbl/segalib/lib/libsat.a(scl_func.o)
SpDrawPrtyBlk       0x4               c:/saturn/sbl/segalib/lib/libsat.a(spr_2c.o)
ship_left           0x4               game.o
SclAutoCurRate      0x1               c:/saturn/sbl/segalib/lib/libsat.a(scl_pri.o)
ship_right          0x4               game.o
SpLCoordX           0x4               c:/saturn/sbl/segalib/lib/libsat.a(spr_2c.o)
SpCrCmdChain        0x4               c:/saturn/sbl/segalib/lib/libsat.a(spr_2c.o)
dma_cpu_cnt         0x4               c:/saturn/sbl/segalib/lib/libsat.a(dma_cpu5.o)
SclAutoPlusFlag     0x1               c:/saturn/sbl/segalib/lib/libsat.a(scl_pri.o)
circle_sprites      0x38              circle.o
per_set_sys_flg     0x1               c:/saturn/sbl/segalib/lib/libsat.a(per_prt.o)
Scl_d_reg           0x48              c:/saturn/sbl/segalib/lib/libsat.a(scl_func.o)
ball_charno         0x4               game.o
SclRotateDisp       0x8               c:/saturn/sbl/segalib/lib/libsat.a(scl_func.o)
SclSpColMix         0x8               c:/saturn/sbl/segalib/lib/libsat.a(scl_pri.o)
SpDil               0x2               c:/saturn/sbl/segalib/lib/libsat.a(spr_1c.o)
scfg                0x130             scroll.o
ball_sprites        0x1e0             ball.o
SclAutoMax          0x4               c:/saturn/sbl/segalib/lib/libsat.a(scl_pri.o)
soon_scroll         0x4               soon.o
SpCmdTbl            0x4               c:/saturn/sbl/segalib/lib/libsat.a(spr_2c.o)
dma_cpu_dis_adr     0x4               c:/saturn/sbl/segalib/lib/libsat.a(dma_cpu5.o)
SclRotateMoveZ      0x8               c:/saturn/sbl/segalib/lib/libsat.a(scl_func.o)
SclLineColRamOffset
                    0x4               c:/saturn/sbl/segalib/lib/libsat.a(scl_pri.o)
SclRotXySw          0x4               c:/saturn/sbl/segalib/lib/libsat.a(scl_func.o)
per_get_time_adr    0x4               c:/saturn/sbl/segalib/lib/libsat.a(per_prt.o)
SclColRamAlloc2048  0x4               c:/saturn/sbl/segalib/lib/libsat.a(scl_pri.o)
SclBgPriNum         0x6               c:/saturn/sbl/segalib/lib/libsat.a(scl_pri.o)
SpCharMax           0x4               c:/saturn/sbl/segalib/lib/libsat.a(spr_2c.o)
ball_count          0x4               ball.o
SpDrawPrtyProcFlag  0x4               c:/saturn/sbl/segalib/lib/libsat.a(spr_2c.o)
SclAutoEndBlue      0x2               c:/saturn/sbl/segalib/lib/libsat.a(scl_pri.o)
ball_mode           0x4               ball.o
SpCmdNo             0x4               c:/saturn/sbl/segalib/lib/libsat.a(spr_2c.o)
SclAutoEndGreen2    0x2               c:/saturn/sbl/segalib/lib/libsat.a(scl_pri.o)
frameChgFlag        0x4               c:/saturn/sbl/segalib/lib/libsat.a(scl_vblv.o)
Scl_r_reg           0x10              c:/saturn/sbl/segalib/lib/libsat.a(scl_func.o)
SclRPMD             0x2               c:/saturn/sbl/segalib/lib/libsat.a(scl_func.o)
SpDrawPrtyBlkMax    0x4               c:/saturn/sbl/segalib/lib/libsat.a(spr_2c.o)
SpDie               0x2               c:/saturn/sbl/segalib/lib/libsat.a(spr_1c.o)
SclAutoVeFlag       0x1               c:/saturn/sbl/segalib/lib/libsat.a(scl_pri.o)
SclBgColMix         0x8               c:/saturn/sbl/segalib/lib/libsat.a(scl_pri.o)
illusion_arr        0x60              game.o
text                0x14a0            print.o
circle_charno       0x4               circle.o
per_get_sys_data    0xc               c:/saturn/sbl/segalib/lib/libsat.a(per_prt.o)
barrier_charno      0x4               game.o
SclRbgKtbOffset     0x8               c:/saturn/sbl/segalib/lib/libsat.a(scl_func.o)
off_config          0x4c              main.o
SclAutoIndex        0x4               c:/saturn/sbl/segalib/lib/libsat.a(scl_pri.o)
SclAutoEndRate      0x1               c:/saturn/sbl/segalib/lib/libsat.a(scl_pri.o)
SclAutoBlue         0x2               c:/saturn/sbl/segalib/lib/libsat.a(scl_pri.o)
lib_work            0xd08             cd.o
SpTvMode            0x2               c:/saturn/sbl/segalib/lib/libsat.a(spr_1c.o)
SpScreenX           0x4               c:/saturn/sbl/segalib/lib/libsat.a(spr_1c.o)
SclRa               0x1               c:/saturn/sbl/segalib/lib/libsat.a(scl_func.o)
SclRotateZ          0x8               c:/saturn/sbl/segalib/lib/libsat.a(scl_func.o)
SpCharTbl           0x4               c:/saturn/sbl/segalib/lib/libsat.a(spr_2c.o)
SclAddrLsTbl        0x8               c:/saturn/sbl/segalib/lib/libsat.a(scl_func.o)
SclK_TableNum       0x8               c:/saturn/sbl/segalib/lib/libsat.a(scl_func.o)
SclAutoRed          0x2               c:/saturn/sbl/segalib/lib/libsat.a(scl_pri.o)
SpCmdTblR           0x2               c:/saturn/sbl/segalib/lib/libsat.a(spr_2c.o)
SclAutoInterval     0x4               c:/saturn/sbl/segalib/lib/libsat.a(scl_pri.o)
perFlag             0x4               vblank.o
SclOtherPri         0x10              c:/saturn/sbl/segalib/lib/libsat.a(scl_pri.o)
SclRotateTableAddress
                    0x4               c:/saturn/sbl/segalib/lib/libsat.a(scl_func.o)
SclAutoRGB          0x600             c:/saturn/sbl/segalib/lib/libsat.a(scl_pri.o)
laser_sprites       0xc0              laser.o
SclK_TableFlag      0x4               c:/saturn/sbl/segalib/lib/libsat.a(scl_func.o)
SclAutoEndRed2      0x2               c:/saturn/sbl/segalib/lib/libsat.a(scl_pri.o)
SclCsy              0x8               c:/saturn/sbl/segalib/lib/libsat.a(scl_ro00.o)
gameover_angle      0x4               game.o
SclSpPriNum         0x8               c:/saturn/sbl/segalib/lib/libsat.a(scl_pri.o)
Scl_w_reg           0x20              c:/saturn/sbl/segalib/lib/libsat.a(scl_func.o)
SpDrawPrtyTopCmdNo  0x4               c:/saturn/sbl/segalib/lib/libsat.a(spr_2c.o)
directory_table     0xc               cd.o
capsules            0xa0              capsule.o
cd_stat             0xc               c:/saturn/sbl/segalib/lib/libsat.a(cdc_sub.o)
SpLCoordY           0x4               c:/saturn/sbl/segalib/lib/libsat.a(spr_2c.o)
circle_cursor       0x4               circle.o
Scl_n_reg           0x40              c:/saturn/sbl/segalib/lib/libsat.a(scl_func.o)

Memory Configuration

Name             Origin             Length             Attributes
*default*        0x00000000         0xffffffff

Linker script and memory map

LOAD entry.o
LOAD stack.o
LOAD vblank.o
LOAD ball.o
LOAD barrier.o
LOAD capsule.o
LOAD cd.o
LOAD circle.o
LOAD crc.o
LOAD cutscene.o
LOAD devcart.o
LOAD explosion.o
LOAD game.o
LOAD graphics.o
LOAD intro.o
LOAD laser.o
LOAD level.o
LOAD logo.o
LOAD menu.o
LOAD notice.o
LOAD pcmsys.o
LOAD print.o
LOAD scroll.o
LOAD soon.o
LOAD sound.o
LOAD sprite.o
LOAD main.o
LOAD c:/saturn/sbl/segalib/lib/libsat.a
LOAD c:/saturn/gcc84/bin/../lib/gcc/sh-elf/8.4.0\libgcc.a
LOAD c:/saturn/gcc84/bin/../lib/gcc/sh-elf/8.4.0\libgcc-Os-4-200.a
LOAD c:/saturn/gcc84/bin/../lib/gcc/sh-elf/8.4.0/../../../../sh-elf/lib\libc.a
LOAD c:/saturn/gcc84/bin/../lib/gcc/sh-elf/8.4.0\libgcc.a
LOAD c:/saturn/gcc84/bin/../lib/gcc/sh-elf/8.4.0\libgcc-Os-4-200.a

.entry          0x06010000       0x60
 *(.entry)
 .entry         0x06010000       0x50 entry.o
                0x06010000                entry
                0x06010060                . = ALIGN (0x20)
 *fill*         0x06010050       0x10 
                0x06010060                _eentry = ABSOLUTE (.)

.text           0x06010060     0xf0d0
 *(.text*)
 .text          0x06010060        0x0 entry.o
 .text          0x06010060        0x0 stack.o
 .text          0x06010060      0x13c vblank.o
                0x06010060                CheckVblankEnd
                0x06010070                UsrVblankIn
                0x06010088                UsrVblankOut
                0x0601010c                SetVblank
 .text          0x0601019c      0x4b8 ball.o
                0x060101cc                ball_init
                0x060101e0                ball_add
                0x06010240                ball_remove
                0x06010288                ball_bounce
                0x06010300                ball_move
                0x060105e4                ball_draw
 .text          0x06010654      0x18c barrier.o
                0x06010654                barrier_init
                0x06010678                barrier_move
                0x06010740                barrier_draw
 .text          0x060107e0      0x200 capsule.o
                0x060107e0                capsule_init
                0x060107f4                capsule_add
                0x0601082c                capsule_remove
                0x0601086c                capsule_run
                0x06010988                capsule_draw
 .text          0x060109e0       0x1c cd.o
                0x060109e0                cd_init
                0x060109e4                cd_load
                0x060109f0                cd_load_nosize
 .text          0x060109fc      0x3c8 circle.o
                0x06010a2c                circle_init
                0x06010a40                circle_add
                0x06010a80                circle_remove
                0x06010ad4                circle_explode
                0x06010afc                circle_bounce
                0x06010b60                circle_move
                0x06010d6c                circle_draw
 .text          0x06010dc4       0x20 crc.o
                0x06010dc4                crc_update
 .text          0x06010de4      0x204 cutscene.o
                0x06010de4                cutscene_run
 .text          0x06010fe8      0x1a0 devcart.o
                0x0601103c                devcart_loadfile
                0x0601110c                devcart_printstr
                0x06011144                devcart_reset
 .text          0x06011188       0x7c explosion.o
                0x06011188                explosion_move
                0x060111c0                explosion_make
 .text          0x06011204     0x1c98 game.o
                0x06011324                game_incpowerup
                0x0601134c                game_powerupreset
                0x060113c8                game_loss
                0x06011454                game_playing
                0x06011464                game_run
 .text          0x06012e9c        0x0 graphics.o
 .text          0x06012e9c      0xd44 intro.o
                0x06012e9c                intro_run
 .text          0x06013be0      0x148 laser.o
                0x06013be0                laser_init
                0x06013bf4                laser_add
                0x06013c24                laser_remove
                0x06013c64                laser_move
                0x06013cc4                laser_draw
 .text          0x06013d28      0x930 level.o
                0x060141b4                level_load
                0x06014230                level_doneload
                0x06014240                level_disp
 .text          0x06014658      0x364 logo.o
                0x06014658                logo_loadframe
                0x060146a4                logo_run
 .text          0x060149bc      0xa40 menu.o
                0x06014ba8                sqrt32
                0x06014bcc                menu_run
 .text          0x060153fc      0x194 notice.o
                0x060153fc                notice_print
                0x06015440                notice_run
 .text          0x06015590      0x3ac pcmsys.o
                0x06015590                smpc_wait_till_ready
                0x060155a4                smpc_issue_command
                0x060155b8                load_driver_binary
                0x0601562c                load_drv
                0x06015664                calculate_bytes_per_blank
                0x06015694                load_16bit_pcm
                0x060157b8                load_8bit_pcm
                0x060158d8                pcm_play
                0x060158fc                pcm_parameter_change
                0x06015918                pcm_cease
 .text          0x0601593c      0x204 print.o
                0x0601593c                print_load
                0x060159e4                print_init
                0x06015a10                print_num
                0x06015a54                print_string
                0x06015aac                print_display
 .text          0x06015b40      0x5f8 scroll.o
                0x06015b40                scroll_lores
                0x06015ba0                scroll_hires
                0x06015c00                scroll_scale
                0x06015cb0                scroll_init
                0x06015ec4                scroll_set
                0x06015f04                scroll_move
                0x06015f44                scroll_clearmaps
                0x06015f88                scroll_charsize
                0x06015fb8                scroll_enable
                0x06015fe8                scroll_mapsize
                0x06016018                scroll_bitmapon
                0x06016098                scroll_bitmapoff
 .text          0x06016138      0x1a8 soon.o
                0x06016138                soon_init
                0x060161f4                soon_run
 .text          0x060162e0       0xb8 sound.o
                0x060162e0                sound_init
                0x06016384                sound_cdda
                0x06016388                sound_play
 .text          0x06016398      0x4f4 sprite.o
                0x06016398                sprite_init
                0x06016450                sprite_erase
                0x0601649c                sprite_startdraw
                0x06016510                sprite_draw
                0x06016710                sprite_make
                0x06016738                sprite_draw_all
                0x06016810                sprite_next
                0x06016854                sprite_delete
                0x0601686c                sprite_deleteall
 .text          0x0601688c        0x0 main.o
 .text.startup  0x0601688c      0x1dc main.o
                0x0601688c                main
 .text          0x06016a68      0x358 c:/saturn/sbl/segalib/lib/libsat.a(cdc_cmn.o)
                0x06016a68                CDC_GetCurStat
                0x06016aac                CDC_GetLastStat
                0x06016ab8                getPeriRsp
                0x06016b40                CDC_GetPeriStat
                0x06016b84                CDC_GetHwInfo
                0x06016be0                CDC_TgetToc
                0x06016c38                CDC_GetSes
                0x06016c70                CDC_CdInit
                0x06016ce8                CDC_CdOpen
                0x06016d10                CDC_DataEnd
                0x06016d64                CDC_DataReady
 .text          0x06016dc0       0x88 c:/saturn/sbl/segalib/lib/libsat.a(dma_cpu1.o)
                0x06016dc0                DMA_CpuMemCopy1
 .text          0x06016e48       0x8c c:/saturn/sbl/segalib/lib/libsat.a(dma_cpu2.o)
                0x06016e48                DMA_CpuMemCopy2
 .text          0x06016ed4       0x4c c:/saturn/sbl/segalib/lib/libsat.a(dma_cpu5.o)
                0x06016ed4                DMA_CpuResult
 .text          0x06016f20       0x24 c:/saturn/sbl/segalib/lib/libsat.a(mth_rand.o)
                0x06016f20                MTH_InitialRand
                0x06016f2c                MTH_GetRand
 .text          0x06016f44       0x78 c:/saturn/sbl/segalib/lib/libsat.a(mth_fixd.o)
                0x06016f44                MTH_Mul
                0x06016f58                MTH_Div
                0x06016f6c                MTH_IntToFixed
                0x06016f74                MTH_FixedToInt
                0x06016f7c                MTH_Product
 .text          0x06016fbc      0x5d4 c:/saturn/sbl/segalib/lib/libsat.a(mth_tri.o)
                0x06016fbc                MTH_Sin
                0x06016ffc                MTH_Cos
                0x06017040                fcos
                0x06017046                fsin
                0x060171d8                MTH_Atan
 .text          0x06017590      0xee8 c:/saturn/sbl/segalib/lib/libsat.a(per_prt.o)
                0x06017940                PER_IntFunc
                0x060181c0                PER_Init
                0x06018374                PER_GetPer
 .text          0x06018478      0xcdc c:/saturn/sbl/segalib/lib/libsat.a(spr_2c.o)
                0x06018478                SPR_2SetTvMode
                0x06018488                SPR_2FrameChgIntr
                0x0601849c                SPR_2FrameEraseData
                0x060184dc                SPR_2SetGourTbl
                0x0601850c                SPR_2SetLookupTbl
                0x06018528                SPR_2SetChar
                0x06018654                SPR_2ClrChar
                0x0601876c                SPR_2ClrAllChar
                0x060187c0                SPR_2Initial
                0x0601891c                SPR_2GourTblNoToVram
                0x06018938                SPR_2LookupTblNoToVram
                0x06018948                SPR_2CharNoToVram
                0x0601895c                SPR_2GetAreaSizeInfo
                0x060189c0                SPR_2OpenCommand
                0x06018a58                SPR_2FlushDrawPrty
                0x06018a98                SPR_2CloseCommand
                0x06018bb8                SPR_2LocalCoord
                0x06018c10                SPR_2SysClip
                0x06018c58                SPR_2UserClip
                0x06018ca8                SPR_2Line
                0x06018d44                SPR_2PolyLine
                0x06018de4                SPR_2Polygon
                0x06018e84                SPR_2NormSpr
                0x06018f50                SPR_2ScaleSpr
                0x06019038                SPR_2DistSpr
                0x06019110                SPR_2Cmd
 .text          0x06019154      0x730 c:/saturn/sbl/segalib/lib/libsat.a(scl_func.o)
                0x06019154                SCL_ParametersInit
                0x06019248                SCL_Vdp2Init
                0x060192b0                SCL_Open
                0x060192cc                SCL_Close
                0x060192e0                SCL_MoveTo
                0x060193c4                SCL_Move
                0x060194e0                SCL_Scale
                0x060195d4                SCL_Memcpyw
                0x060195e8                SCL_CopyReg
                0x060196c8                SCL_SetColRamMode
                0x0601971c                SCL_PriIntProc
                0x06019818                SCL_ScrollShow
 .text          0x06019884      0x1b0 c:/saturn/sbl/segalib/lib/libsat.a(scl_fu01.o)
                0x06019884                SCL_SetDisplayMode
 .text          0x06019a34      0x384 c:/saturn/sbl/segalib/lib/libsat.a(scl_fu02.o)
                0x06019a34                SCL_InitVramConfigTb
                0x06019a42                SCL_SetVramConfig
 .text          0x06019db8      0x654 c:/saturn/sbl/segalib/lib/libsat.a(scl_fu03.o)
                0x06019db8                SCL_InitConfigTb
                0x06019dd4                SCL_SetConfig
 .text          0x0601a40c       0x18 c:/saturn/sbl/segalib/lib/libsat.a(scl_fu04.o)
                0x0601a40c                SCL_SetCycleTable
 .text          0x0601a424      0x220 c:/saturn/sbl/segalib/lib/libsat.a(scl_fu05.o)
                0x0601a424                SCL_InitLineParamTb
                0x0601a4b8                SCL_SetLineParam
 .text          0x0601a644      0xfb8 c:/saturn/sbl/segalib/lib/libsat.a(scl_pri.o)
                0x0601a644                SCL_PriorityInit
                0x0601abfc                SCL_GetColRamMode
                0x0601ac18                SCL_AbortAutoVe
                0x0601ac24                SCL_SetColMixRate
                0x0601af9c                SCL_IncColOffset
                0x0601b010                SCL_AutoExec
                0x0601b460                SCL_SetShadowBit
 .text          0x0601b5fc      0xe48 c:/saturn/sbl/segalib/lib/libsat.a(scl_ro00.o)
                0x0601b720                SCL_InitRotateTable
                0x0601b988                SCL_RotateZD
                0x0601bac0                SCL_Rotate
 .text          0x0601c444       0x74 c:/saturn/sbl/segalib/lib/libsat.a(scl_back.o)
                0x0601c444                SCL_SetBack
 .text          0x0601c4b8      0x26c c:/saturn/sbl/segalib/lib/libsat.a(scl_vblv.o)
                0x0601c4b8                SCL_SetFrameInterval
                0x0601c53c                SCL_DisplayFrame
                0x0601c568                SCL_VblInit
                0x0601c5b0                SCL_VblankStart
                0x0601c680                SCL_VblankEnd
 .text          0x0601c724       0x54 c:/saturn/sbl/segalib/lib/libsat.a(scl_pr01.o)
                0x0601c724                SCL_SetSpriteMode
 .text          0x0601c778       0x90 c:/saturn/sbl/segalib/lib/libsat.a(scl_pr02.o)
                0x0601c778                SCL_SetColRam
 .text          0x0601c808      0x10c c:/saturn/sbl/segalib/lib/libsat.a(scl_pr03.o)
                0x0601c808                SCL_FreeColRam
                0x0601c830                SCL_AllocColRam
 .text          0x0601c914       0x98 c:/saturn/sbl/segalib/lib/libsat.a(scl_pr05.o)
                0x0601c914                SCL_GetColRamOffset
 .text          0x0601c9ac      0x198 c:/saturn/sbl/segalib/lib/libsat.a(scl_pr06.o)
                0x0601c9ac                SCL_SetColRamOffset
 .text          0x0601cb44      0x200 c:/saturn/sbl/segalib/lib/libsat.a(scl_pr07.o)
                0x0601cb44                SCL_SetPriority
 .text          0x0601cd44       0x44 c:/saturn/sbl/segalib/lib/libsat.a(scl_pr09.o)
                0x0601cd44                SCL_SetColMixMode
 .text          0x0601cd88       0x7c c:/saturn/sbl/segalib/lib/libsat.a(scl_pr10.o)
                0x0601cd88                SCL_SetAutoColMix
 .text          0x0601ce04      0x144 c:/saturn/sbl/segalib/lib/libsat.a(scl_pr11.o)
                0x0601ce04                SCL_SetAutoColOffset
 .text          0x0601cf48      0x16c c:/saturn/sbl/segalib/lib/libsat.a(scl_pr12.o)
                0x0601cf48                SCL_SetColOffset
 .text          0x0601d0b4      0x21c c:/saturn/sbl/segalib/lib/libsat.a(cdc_reg.o)
                0x0601d0b4                CDC_GetDataPtr
                0x0601d0c0                CDC_GetHirqReq
                0x0601d0cc                CDC_ClrHirqReq
                0x0601d0ec                CDREG_ClrHirqReq
                0x0601d0f8                CDREG_InitHirqReq
                0x0601d110                CDREG_SetHirqFlag
                0x0601d120                CDC_GetHirqMsk
                0x0601d12c                CDC_SetHirqMsk
                0x0601d138                CDC_GetMpegPtr
                0x0601d144                CDREG_TgetData
                0x0601d1a0                CDREG_WaitHirq
                0x0601d1c4                writeCmd
                0x0601d1e4                CDREG_ReadRsp
                0x0601d208                doCmdRsp
                0x0601d2a0                CDREG_CmdRsp
 .text          0x0601d2d0      0x104 c:/saturn/sbl/segalib/lib/libsat.a(cdc_sub.o)
                0x0601d2d0                CDSUB_GetCdstat
                0x0601d304                CDSUB_RspToCdstat
                0x0601d338                CDSUB_CdCmd
                0x0601d3a8                CDSUB_UpdStatus
                0x0601d3b4                CDSUB_UpdCdstat
                0x0601d3d0                CDSUB_SoftTimer
 .text          0x0601d3d4       0xb4 c:/saturn/sbl/segalib/lib/libsat.a(csh_main.o)
                0x0601d3d4                CSH_Init
                0x0601d424                CSH_AllClr
                0x0601d464                CSH_Purge
 .text          0x0601d488      0x138 c:/saturn/sbl/segalib/lib/libsat.a(dma_cpu0.o)
                0x0601d488                DMA_CpuSetComPrm
                0x0601d4c0                DMA_CpuSetPrm
                0x0601d574                DMA_CpuStart
                0x0601d584                DMA_CpuStop
                0x0601d596                DMA_CpuAllStop
                0x0601d5a4                DMA_CpuGetComStatus
                0x0601d5b4                DMA_CpuGetStatus
 .text          0x0601d5c0      0x240 c:/saturn/sbl/segalib/lib/libsat.a(spr_1c.o)
                0x0601d5c0                SPR_SetTvMode
                0x0601d638                SPR_GetStatus
                0x0601d68c                SPR_SetEraseData
                0x0601d724                SPR_Initial
                0x0601d7dc                SPR_WaitDrawEnd
                0x0601d7ec                SPR_SetEosMode
 .text          0x0601d800      0x16c c:/saturn/sbl/segalib/lib/libsat.a(spr_2a.o)
                0x0601d800                SPR_2SetDrawPrty
                0x0601d870                SPR_2FlushDrawPrtyBlock
 .text          0x0601d96c       0x52 c:/saturn/gcc84/bin/../lib/gcc/sh-elf/8.4.0\libgcc.a(_ashiftrt.o)
                0x0601d96c                __ashiftrt_r4_31
                0x0601d96c                __ashiftrt_r4_32
                0x0601d972                __ashiftrt_r4_30
                0x0601d974                __ashiftrt_r4_29
                0x0601d976                __ashiftrt_r4_28
                0x0601d978                __ashiftrt_r4_27
                0x0601d97a                __ashiftrt_r4_26
                0x0601d97c                __ashiftrt_r4_25
                0x0601d97e                __ashiftrt_r4_24
                0x0601d986                __ashiftrt_r4_23
                0x0601d988                __ashiftrt_r4_22
                0x0601d98a                __ashiftrt_r4_21
                0x0601d98c                __ashiftrt_r4_20
                0x0601d98e                __ashiftrt_r4_19
                0x0601d990                __ashiftrt_r4_18
                0x0601d992                __ashiftrt_r4_17
                0x0601d994                __ashiftrt_r4_16
                0x0601d99a                __ashiftrt_r4_15
                0x0601d99c                __ashiftrt_r4_14
                0x0601d99e                __ashiftrt_r4_13
                0x0601d9a0                __ashiftrt_r4_12
                0x0601d9a2                __ashiftrt_r4_11
                0x0601d9a4                __ashiftrt_r4_10
                0x0601d9a6                __ashiftrt_r4_9
                0x0601d9a8                __ashiftrt_r4_8
                0x0601d9aa                __ashiftrt_r4_7
                0x0601d9ac                __ashiftrt_r4_6
                0x0601d9ae                __ashiftrt_r4_5
                0x0601d9b0                __ashiftrt_r4_4
                0x0601d9b2                __ashiftrt_r4_3
                0x0601d9b4                __ashiftrt_r4_2
                0x0601d9b6                __ashiftrt_r4_1
                0x0601d9ba                __ashiftrt_r4_0
 *fill*         0x0601d9be        0x2 
 .text          0x0601d9c0       0x80 c:/saturn/gcc84/bin/../lib/gcc/sh-elf/8.4.0\libgcc.a(_ashiftrt_n.o)
                0x0601d9c0                __ashrsi3
 .text          0x0601da40       0xbc c:/saturn/gcc84/bin/../lib/gcc/sh-elf/8.4.0\libgcc.a(_ashiftlt.o)
                0x0601da40                __ashlsi3
                0x0601da44                __ashlsi3_r0
 .text          0x0601dafc       0x78 c:/saturn/gcc84/bin/../lib/gcc/sh-elf/8.4.0\libgcc.a(_movmem.o)
                0x0601dafc                __movmem
                0x0601dafc                __movstr
                0x0601db30                __movstrSI64
                0x0601db30                __movmemSI64
                0x0601db34                __movstrSI60
                0x0601db34                __movmemSI60
                0x0601db38                __movstrSI56
                0x0601db38                __movmemSI56
                0x0601db3c                __movstrSI52
                0x0601db3c                __movmemSI52
                0x0601db40                __movstrSI48
                0x0601db40                __movmemSI48
                0x0601db44                __movmemSI44
                0x0601db44                __movstrSI44
                0x0601db48                __movstrSI40
                0x0601db48                __movmemSI40
                0x0601db4c                __movmemSI36
                0x0601db4c                __movstrSI36
                0x0601db50                __movmemSI32
                0x0601db50                __movstrSI32
                0x0601db54                __movstrSI28
                0x0601db54                __movmemSI28
                0x0601db58                __movmemSI24
                0x0601db58                __movstrSI24
                0x0601db5c                __movstrSI20
                0x0601db5c                __movmemSI20
                0x0601db60                __movstrSI16
                0x0601db60                __movmemSI16
                0x0601db64                __movstrSI12
                0x0601db64                __movmemSI12
                0x0601db68                __movmemSI8
                0x0601db68                __movstrSI8
                0x0601db6c                __movmemSI4
                0x0601db6c                __movstrSI4
 .text          0x0601db74       0xa0 c:/saturn/gcc84/bin/../lib/gcc/sh-elf/8.4.0\libgcc.a(_sdivsi3.o)
                0x0601db74                __sdivsi3
 .text          0x0601dc14       0x6c c:/saturn/gcc84/bin/../lib/gcc/sh-elf/8.4.0\libgcc.a(_udivsi3.o)
                0x0601dc36                __udivsi3
 .text          0x0601dc80      0x208 c:/saturn/gcc84/bin/../lib/gcc/sh-elf/8.4.0\libgcc.a(_mul_df.o)
                0x0601dc80                __muldf3
 .text          0x0601de88       0xa8 c:/saturn/gcc84/bin/../lib/gcc/sh-elf/8.4.0\libgcc.a(_si_to_df.o)
                0x0601de88                __floatsidf
 .text          0x0601df30       0xa4 c:/saturn/gcc84/bin/../lib/gcc/sh-elf/8.4.0\libgcc.a(_df_to_si.o)
                0x0601df30                __fixdfsi
 .text          0x0601dfd4        0x0 c:/saturn/gcc84/bin/../lib/gcc/sh-elf/8.4.0\libgcc.a(_thenan_df.o)
 .text          0x0601dfd4       0xbc c:/saturn/gcc84/bin/../lib/gcc/sh-elf/8.4.0\libgcc.a(_lshiftrt.o)
                0x0601dfd4                __lshrsi3
                0x0601dfd8                __lshrsi3_r0
 .text          0x0601e090       0x58 c:/saturn/gcc84/bin/../lib/gcc/sh-elf/8.4.0\libgcc.a(_clzsi2.o)
                0x0601e090                __clzsi2
 .text          0x0601e0e8      0x25c c:/saturn/gcc84/bin/../lib/gcc/sh-elf/8.4.0\libgcc.a(_pack_df.o)
                0x0601e0e8                __pack_d
 .text          0x0601e344       0xcc c:/saturn/gcc84/bin/../lib/gcc/sh-elf/8.4.0\libgcc.a(_unpack_df.o)
                0x0601e344                __unpack_d
 .text          0x0601e410        0x0 c:/saturn/gcc84/bin/../lib/gcc/sh-elf/8.4.0\libgcc.a(_clz.o)
 .text          0x0601e410       0x94 c:/saturn/gcc84/bin/../lib/gcc/sh-elf/8.4.0/../../../../sh-elf/lib\libc.a(lib_a-memcpy.o)
                0x0601e410                memcpy
 .text          0x0601e4a4       0x40 c:/saturn/gcc84/bin/../lib/gcc/sh-elf/8.4.0/../../../../sh-elf/lib\libc.a(lib_a-memset.o)
                0x0601e4a4                memset
 *(.rodata*)
 .rodata        0x0601e4e4      0x100 crc.o
 .rodata        0x0601e5e4       0xb0 game.o
 .rodata        0x0601e694      0x13c intro.o
 .rodata        0x0601e7d0       0x3c logo.o
 .rodata.str1.4
                0x0601e80c       0x2a menu.o
 *fill*         0x0601e836        0x2 
 .rodata        0x0601e838       0x68 menu.o
 .rodata.str1.4
                0x0601e8a0      0x29d notice.o
 *fill*         0x0601eb3d        0x3 
 .rodata.str1.4
                0x0601eb40       0x20 pcmsys.o
 .rodata        0x0601eb60      0x400 pcmsys.o
 .rodata.str1.4
                0x0601ef60       0x9b sound.o
 *fill*         0x0601effb        0x1 
 .rodata        0x0601effc       0x20 c:/saturn/sbl/segalib/lib/libsat.a(spr_1c.o)
 .rodata        0x0601f01c       0x14 c:/saturn/gcc84/bin/../lib/gcc/sh-elf/8.4.0\libgcc.a(_thenan_df.o)
                0x0601f01c                __thenan_df
 .rodata        0x0601f030      0x100 c:/saturn/gcc84/bin/../lib/gcc/sh-elf/8.4.0\libgcc.a(_clz.o)
                0x0601f030                __clz_tab
 *(.strings)
                0x0601f130                . = ALIGN (0x10)
                0x0601f130                _etext = ABSOLUTE (.)

.rela.dyn       0x0601f130        0x0
 .rela.text     0x0601f130        0x0 vblank.o
 .rela.text.startup
                0x0601f130        0x0 vblank.o

.tors           0x0601f130        0x0
                0x0601f130                ___ctors = .
 *(.ctors)
                0x0601f130                ___ctors_end = .
                0x0601f130                ___dtors = .
 *(.dtors)
                0x0601f130                ___dtors_end = .
                0x0601f130                . = ALIGN (0x10)
                0x0601f130                _etors = ABSOLUTE (.)

.data           0x0601f130     0x4440
 *(.data)
 .data          0x0601f130        0x0 entry.o
 .data          0x0601f130        0x0 stack.o
 .data          0x0601f130        0x0 vblank.o
 .data          0x0601f130        0x0 ball.o
 .data          0x0601f130        0x0 barrier.o
 .data          0x0601f130        0x0 capsule.o
 .data          0x0601f130        0x0 cd.o
 .data          0x0601f130        0x0 circle.o
 .data          0x0601f130        0x0 crc.o
 .data          0x0601f130       0x51 cutscene.o
                0x0601f130                tomo_text
 .data          0x0601f181        0x0 devcart.o
 .data          0x0601f181        0x0 explosion.o
 *fill*         0x0601f181        0x3 
 .data          0x0601f184       0x20 game.o
                0x0601f184                powerup_names
 .data          0x0601f1a4     0x40a6 graphics.o
                0x0601f1a4                circle_pal
                0x0601f1e4                circle_name
                0x0601f1f0                circle_height
                0x0601f1f2                circle_width
                0x0601f1f4                circle_size
                0x0601f1f6                circle_num
                0x0601f1f8                introfont_pal
                0x0601f238                introfont_name
                0x0601f246                introfont_height
                0x0601f248                introfont_width
                0x0601f24a                introfont_size
                0x0601f24c                introfont_num
                0x0601f250                barrier_pal
                0x0601f290                barrier_name
                0x0601f29c                barrier_height
                0x0601f29e                barrier_width
                0x0601f2a0                barrier_size
                0x0601f2a2                barrier_num
                0x0601f2a4                laser_pal
                0x0601f2e4                laser_name
                0x0601f2ee                laser_height
                0x0601f2f0                laser_width
                0x0601f2f2                laser_size
                0x0601f2f4                laser_num
                0x0601f2f8                bit_pal
                0x0601f338                bit_name
                0x0601f340                bit_height
                0x0601f342                bit_width
                0x0601f344                bit_size
                0x0601f346                bit_num
                0x0601f348                capsule_pal
                0x0601f388                capsule_name
                0x0601f394                capsule_height
                0x0601f396                capsule_width
                0x0601f398                capsule_size
                0x0601f39a                capsule_num
                0x0601f39c                blockcrack_pal
                0x0601f3dc                blockcrack_name
                0x0601f3ea                blockcrack_height
                0x0601f3ec                blockcrack_width
                0x0601f3ee                blockcrack_size
                0x0601f3f0                blockcrack_num
                0x0601f3f4                blocks2_pal
                0x0601f434                blocks2_name
                0x0601f440                blocks2_height
                0x0601f442                blocks2_width
                0x0601f444                blocks2_size
                0x0601f446                blocks2_num
                0x0601f448                blocks1_pal
                0x0601f488                blocks1_name
                0x0601f494                blocks1_height
                0x0601f496                blocks1_width
                0x0601f498                blocks1_size
                0x0601f49a                blocks1_num
                0x0601f49c                beffect_pal
                0x0601f4dc                beffect_name
                0x0601f4e8                beffect_height
                0x0601f4ea                beffect_width
                0x0601f4ec                beffect_size
                0x0601f4ee                beffect_num
                0x0601f4f0                explosion_pal
                0x0601f530                explosion_name
                0x0601f53e                explosion_height
                0x0601f540                explosion_width
                0x0601f542                explosion_size
                0x0601f544                explosion_num
                0x0601f548                ship_pal
                0x0601f588                ship_name
                0x0601f592                ship_height
                0x0601f594                ship_width
                0x0601f596                ship_size
                0x0601f598                ship_num
                0x0601f59c                starspr_pal
                0x0601f5dc                starspr_name
                0x0601f5e8                starspr_height
                0x0601f5ea                starspr_width
                0x0601f5ec                starspr_size
                0x0601f5ee                starspr_num
                0x0601f5f0                font_pal
                0x0601f630                font_name
                0x0601f63a                font_height
                0x0601f63c                font_width
                0x0601f63e                font_size
                0x0601f640                font_num
                0x0601f644                ball_pal
                0x0601f684                ball_name
                0x0601f68e                ball_height
                0x0601f690                ball_width
                0x0601f692                ball_size
                0x0601f694                ball_num
                0x0601f698                gamefar_name
                0x0601f6a4                gamefar_height
                0x0601f6a6                gamefar_width
                0x0601f6a8                gamemid_name
                0x0601f6b4                gamemid_height
                0x0601f6b6                gamemid_width
                0x0601f6b8                gamenear_name
                0x0601f6c6                gamenear_height
                0x0601f6c8                gamenear_width
                0x0601f6cc                game_name
                0x0601f6d6                game_height
                0x0601f6d8                game_width
                0x0601f6dc                starfar_name
                0x0601f6e8                starfar_height
                0x0601f6ea                starfar_width
                0x0601f6ec                starmid_name
                0x0601f6f8                starmid_height
                0x0601f6fa                starmid_width
                0x0601f6fc                starnear_name
                0x0601f70a                starnear_height
                0x0601f70c                starnear_width
                0x0601f710                noticefont_pal
                0x0601f750                noticefont_name
                0x0601f75e                noticefont_num
                0x0601f760                chipover_pal
                0x0601fb60                chipover_name
                0x0601fb6e                chipover_num
                0x0601fb70                gameover_pal
                0x0601fbb0                gameover_name
                0x0601fbbe                gameover_num
                0x0601fbc0                cutscfont_pal
                0x0601ffc0                cutscfont_name
                0x0601ffd0                tomo_pal
                0x060203d0                tomo_name
                0x060203dc                soon_pal
                0x0602041c                soon_name
                0x06020426                soon_num
                0x06020428                gamestar_pal
                0x06020468                gamestar_name
                0x06020476                gamestar_num
                0x06020478                chipgame_pal
                0x06020878                chipgame_name
                0x06020886                chipgame_num
                0x06020888                game_tiles_pal
                0x06020c88                game_tiles_name
                0x06020c96                game_tiles_num
                0x06020c98                menufont_pal
                0x06020cd8                menufont_name
                0x06020ce6                menufont_num
                0x06020ce8                chipframes_pal
                0x060210e8                chipframes_name
                0x060210f6                chipframes_num
                0x060210f8                cyberblock_pal
                0x06021138                cyberblock_name
                0x06021146                cyberblock_num
                0x06021148                metalorange_pal
                0x06021188                metalorange_name
                0x06021196                metalorange_num
                0x06021198                title_pal
                0x06021598                title_name
                0x060215a2                title_num
                0x060215a4                stars_pal
                0x060215e4                stars_name
                0x060215ee                stars_num
                0x060215f0                girl5_pal
                0x060219f0                girl5_name
                0x060219fa                girl5_num
                0x060219fc                girl4_pal
                0x06021dfc                girl4_name
                0x06021e06                girl4_num
                0x06021e08                girl3_pal
                0x06022208                girl3_name
                0x06022212                girl3_num
                0x06022214                girl2_pal
                0x06022614                girl2_name
                0x0602261e                girl2_num
                0x06022620                girl1_pal
                0x06022a20                girl1_name
                0x06022a2a                girl1_num
                0x06022a2c                roarframes_pal
                0x06022e2c                roarframes_name
                0x06022e3a                roarframes_num
                0x06022e3c                roarbg_pal
                0x0602323c                roarbg_name
                0x06023248                roarbg_num
 *fill*         0x0602324a        0x2 
 .data          0x0602324c      0x14f intro.o
 .data          0x0602339b        0x0 laser.o
 *fill*         0x0602339b        0x1 
 .data          0x0602339c      0x11a level.o
                0x0602339c                level_lengths
                0x060233a4                level_count
                0x060233a8                level_blocks
                0x060233b0                level1_blocks
                0x06023434                level0_blocks
 .data          0x060234b6        0x0 logo.o
 *fill*         0x060234b6        0x2 
 .data          0x060234b8        0x8 menu.o
                0x060234bc                cutscene
 .data          0x060234c0        0x4 notice.o
                0x060234c0                notice_text
 .data          0x060234c4        0xc pcmsys.o
                0x060234c4                master_volume
                0x060234c8                scsp_load
                0x060234cc                m68k_com
 .data          0x060234d0        0x0 print.o
 .data          0x060234d0       0x50 scroll.o
                0x060234d0                CycleTbBitmap
                0x060234e0                CycleTbHiRes
                0x060234f0                CycleTbLoRes
                0x06023500                char_offsets
                0x06023510                vram
 .data          0x06023520        0x0 soon.o
 .data          0x06023520        0x0 sound.o
 .data          0x06023520       0x18 sprite.o
 .data          0x06023538        0x0 main.o
 .data          0x06023538        0x0 c:/saturn/sbl/segalib/lib/libsat.a(cdc_cmn.o)
 .data          0x06023538        0x0 c:/saturn/sbl/segalib/lib/libsat.a(dma_cpu1.o)
 .data          0x06023538        0x0 c:/saturn/sbl/segalib/lib/libsat.a(dma_cpu2.o)
 .data          0x06023538        0x0 c:/saturn/sbl/segalib/lib/libsat.a(dma_cpu5.o)
 .data          0x06023538        0x0 c:/saturn/sbl/segalib/lib/libsat.a(mth_rand.o)
 .data          0x06023538        0x0 c:/saturn/sbl/segalib/lib/libsat.a(mth_fixd.o)
 .data          0x06023538        0x0 c:/saturn/sbl/segalib/lib/libsat.a(mth_tri.o)
 .data          0x06023538        0x3 c:/saturn/sbl/segalib/lib/libsat.a(per_prt.o)
 .data          0x0602353b        0x0 c:/saturn/sbl/segalib/lib/libsat.a(spr_2c.o)
 *fill*         0x0602353b        0x1 
 .data          0x0602353c        0x6 c:/saturn/sbl/segalib/lib/libsat.a(scl_func.o)
                0x0602353c                SclRotateTableMode
                0x0602353e                SclDisplayY
                0x06023540                SclDisplayX
 .data          0x06023542        0x0 c:/saturn/sbl/segalib/lib/libsat.a(scl_fu01.o)
 .data          0x06023542        0x0 c:/saturn/sbl/segalib/lib/libsat.a(scl_fu02.o)
 .data          0x06023542        0x0 c:/saturn/sbl/segalib/lib/libsat.a(scl_fu03.o)
 .data          0x06023542        0x0 c:/saturn/sbl/segalib/lib/libsat.a(scl_fu04.o)
 .data          0x06023542        0x0 c:/saturn/sbl/segalib/lib/libsat.a(scl_fu05.o)
 *fill*         0x06023542        0x2 
 .data          0x06023544       0x18 c:/saturn/sbl/segalib/lib/libsat.a(scl_pri.o)
                0x06023544                SclRealColOffset
                0x06023548                SclRealBgColMix
                0x0602354c                SclRealSpColMix
                0x06023550                SclRealBgPriNum
                0x06023554                SclRealSpPriNum
                0x06023558                SclRealOtherPri
 .data          0x0602355c        0x0 c:/saturn/sbl/segalib/lib/libsat.a(scl_ro00.o)
 .data          0x0602355c        0x0 c:/saturn/sbl/segalib/lib/libsat.a(scl_back.o)
 .data          0x0602355c        0x8 c:/saturn/sbl/segalib/lib/libsat.a(scl_vblv.o)
                0x0602355c                VBInterval
                0x06023560                SpFrameEraseMode
 .data          0x06023564        0x0 c:/saturn/sbl/segalib/lib/libsat.a(scl_pr01.o)
 .data          0x06023564        0x0 c:/saturn/sbl/segalib/lib/libsat.a(scl_pr02.o)
 .data          0x06023564        0x0 c:/saturn/sbl/segalib/lib/libsat.a(scl_pr03.o)
 .data          0x06023564        0x0 c:/saturn/sbl/segalib/lib/libsat.a(scl_pr05.o)
 .data          0x06023564        0x0 c:/saturn/sbl/segalib/lib/libsat.a(scl_pr06.o)
 .data          0x06023564        0x0 c:/saturn/sbl/segalib/lib/libsat.a(scl_pr07.o)
 .data          0x06023564        0x0 c:/saturn/sbl/segalib/lib/libsat.a(scl_pr09.o)
 .data          0x06023564        0x0 c:/saturn/sbl/segalib/lib/libsat.a(scl_pr10.o)
 .data          0x06023564        0x0 c:/saturn/sbl/segalib/lib/libsat.a(scl_pr11.o)
 .data          0x06023564        0x0 c:/saturn/sbl/segalib/lib/libsat.a(scl_pr12.o)
 .data          0x06023564        0x0 c:/saturn/sbl/segalib/lib/libsat.a(cdc_reg.o)
 .data          0x06023564        0x0 c:/saturn/sbl/segalib/lib/libsat.a(cdc_sub.o)
 .data          0x06023564        0x0 c:/saturn/sbl/segalib/lib/libsat.a(csh_main.o)
 .data          0x06023564        0x0 c:/saturn/sbl/segalib/lib/libsat.a(dma_cpu0.o)
 .data          0x06023564        0x0 c:/saturn/sbl/segalib/lib/libsat.a(spr_1c.o)
 .data          0x06023564        0x0 c:/saturn/sbl/segalib/lib/libsat.a(spr_2a.o)
 .data          0x06023564        0x0 c:/saturn/gcc84/bin/../lib/gcc/sh-elf/8.4.0\libgcc.a(_ashiftrt.o)
 .data          0x06023564        0x0 c:/saturn/gcc84/bin/../lib/gcc/sh-elf/8.4.0\libgcc.a(_ashiftrt_n.o)
 .data          0x06023564        0x0 c:/saturn/gcc84/bin/../lib/gcc/sh-elf/8.4.0\libgcc.a(_ashiftlt.o)
 .data          0x06023564        0x0 c:/saturn/gcc84/bin/../lib/gcc/sh-elf/8.4.0\libgcc.a(_movmem.o)
 .data          0x06023564        0x0 c:/saturn/gcc84/bin/../lib/gcc/sh-elf/8.4.0\libgcc.a(_sdivsi3.o)
 .data          0x06023564        0x0 c:/saturn/gcc84/bin/../lib/gcc/sh-elf/8.4.0\libgcc.a(_udivsi3.o)
 .data          0x06023564        0x0 c:/saturn/gcc84/bin/../lib/gcc/sh-elf/8.4.0\libgcc.a(_mul_df.o)
 .data          0x06023564        0x0 c:/saturn/gcc84/bin/../lib/gcc/sh-elf/8.4.0\libgcc.a(_si_to_df.o)
 .data          0x06023564        0x0 c:/saturn/gcc84/bin/../lib/gcc/sh-elf/8.4.0\libgcc.a(_df_to_si.o)
 .data          0x06023564        0x0 c:/saturn/gcc84/bin/../lib/gcc/sh-elf/8.4.0\libgcc.a(_thenan_df.o)
 .data          0x06023564        0x0 c:/saturn/gcc84/bin/../lib/gcc/sh-elf/8.4.0\libgcc.a(_lshiftrt.o)
 .data          0x06023564        0x0 c:/saturn/gcc84/bin/../lib/gcc/sh-elf/8.4.0\libgcc.a(_clzsi2.o)
 .data          0x06023564        0x0 c:/saturn/gcc84/bin/../lib/gcc/sh-elf/8.4.0\libgcc.a(_pack_df.o)
 .data          0x06023564        0x0 c:/saturn/gcc84/bin/../lib/gcc/sh-elf/8.4.0\libgcc.a(_unpack_df.o)
 .data          0x06023564        0x0 c:/saturn/gcc84/bin/../lib/gcc/sh-elf/8.4.0\libgcc.a(_clz.o)
 .data          0x06023564        0x0 c:/saturn/gcc84/bin/../lib/gcc/sh-elf/8.4.0/../../../../sh-elf/lib\libc.a(lib_a-memcpy.o)
 .data          0x06023564        0x0 c:/saturn/gcc84/bin/../lib/gcc/sh-elf/8.4.0/../../../../sh-elf/lib\libc.a(lib_a-memset.o)
                0x06023570                . = ALIGN (0x10)
 *fill*         0x06023564        0xc 
                0x06023570                _edata = ABSOLUTE (.)

.bss            0x06023570     0xecf0
                0x06023570                _bss_start = .
 *(.bss)
 .bss           0x06023570        0x0 entry.o
 .bss           0x06023570        0x0 stack.o
 .bss           0x06023570        0xc vblank.o
                0x06023570                PadData2E
                0x06023572                PadData2L
                0x06023574                PadData2
                0x06023576                PadData1E
                0x06023578                PadData1L
                0x0602357a                PadData1
 .bss           0x0602357c        0x4 ball.o
 .bss           0x06023580        0xc barrier.o
 .bss           0x0602358c        0x8 capsule.o
 .bss           0x06023594        0x0 cd.o
 .bss           0x06023594        0x0 circle.o
 .bss           0x06023594        0x0 crc.o
 .bss           0x06023594        0x8 cutscene.o
 .bss           0x0602359c        0x0 devcart.o
 .bss           0x0602359c        0x0 explosion.o
 .bss           0x0602359c       0x44 game.o
                0x0602359c                illusion_cursor
                0x060235a0                illusion_charno
                0x060235a4                illusion
                0x060235a8                laser_max
                0x060235ac                bit_right
                0x060235b0                bit_left
                0x060235b4                bit_ship
                0x060235b8                turbo
                0x060235bc                powerup_cursor
                0x060235c0                score
 .bss           0x060235e0        0x0 graphics.o
 .bss           0x060235e0     0x19a8 intro.o
 .bss           0x06024f88        0x4 laser.o
 .bss           0x06024f8c     0x13a0 level.o
 .bss           0x0602632c       0x10 logo.o
 .bss           0x0602633c       0x58 menu.o
 .bss           0x06026394        0x4 notice.o
                0x06026394                notice_displayed
 .bss           0x06026398        0x2 pcmsys.o
                0x06026398                numberPCMs
 .bss           0x0602639a        0x0 print.o
 *fill*         0x0602639a        0x2 
 .bss           0x0602639c        0x8 scroll.o
                0x0602639c                bitmap
                0x060263a0                scroll_res
 .bss           0x060263a4        0x4 soon.o
                0x060263a4                soon_state
 .bss           0x060263a8        0x0 sound.o
 .bss           0x060263a8     0x12b4 sprite.o
                0x060263a8                num_sprites
 .bss           0x0602765c        0x4 main.o
                0x0602765c                frame
 .bss           0x06027660        0x0 c:/saturn/sbl/segalib/lib/libsat.a(cdc_cmn.o)
 .bss           0x06027660        0x0 c:/saturn/sbl/segalib/lib/libsat.a(dma_cpu1.o)
 .bss           0x06027660        0x0 c:/saturn/sbl/segalib/lib/libsat.a(dma_cpu2.o)
 .bss           0x06027660        0x0 c:/saturn/sbl/segalib/lib/libsat.a(dma_cpu5.o)
 .bss           0x06027660        0x4 c:/saturn/sbl/segalib/lib/libsat.a(mth_rand.o)
 .bss           0x06027664        0x0 c:/saturn/sbl/segalib/lib/libsat.a(mth_fixd.o)
 .bss           0x06027664        0x0 c:/saturn/sbl/segalib/lib/libsat.a(mth_tri.o)
 .bss           0x06027664       0x6b c:/saturn/sbl/segalib/lib/libsat.a(per_prt.o)
                0x06027664                per_hot_res
                0x06027665                per_time_out_flg
 *fill*         0x060276cf        0x1 
 .bss           0x060276d0       0x58 c:/saturn/sbl/segalib/lib/libsat.a(spr_2c.o)
 .bss           0x06027728       0x10 c:/saturn/sbl/segalib/lib/libsat.a(scl_func.o)
                0x06027728                SclProcess
                0x0602772c                SclCurSclNum
                0x06027730                SclLengthCsTbl
                0x06027732                SclLengthLsTbl
 .bss           0x06027738        0x0 c:/saturn/sbl/segalib/lib/libsat.a(scl_fu01.o)
 .bss           0x06027738        0x0 c:/saturn/sbl/segalib/lib/libsat.a(scl_fu02.o)
 .bss           0x06027738        0x0 c:/saturn/sbl/segalib/lib/libsat.a(scl_fu03.o)
 .bss           0x06027738        0x0 c:/saturn/sbl/segalib/lib/libsat.a(scl_fu04.o)
 .bss           0x06027738     0x1900 c:/saturn/sbl/segalib/lib/libsat.a(scl_fu05.o)
 .bss           0x06029038        0x0 c:/saturn/sbl/segalib/lib/libsat.a(scl_pri.o)
 .bss           0x06029038       0x48 c:/saturn/sbl/segalib/lib/libsat.a(scl_ro00.o)
 .bss           0x06029080        0x0 c:/saturn/sbl/segalib/lib/libsat.a(scl_back.o)
 .bss           0x06029080       0x12 c:/saturn/sbl/segalib/lib/libsat.a(scl_vblv.o)
                0x06029080                VBIntrDisableDepth
                0x06029084                ReqDisplayFlag2
                0x06029088                ReqDisplayFlag1
                0x0602908c                VBIntervalCounter
                0x06029090                SpFrameChgMode
 .bss           0x06029092        0x0 c:/saturn/sbl/segalib/lib/libsat.a(scl_pr01.o)
 .bss           0x06029092        0x0 c:/saturn/sbl/segalib/lib/libsat.a(scl_pr02.o)
 .bss           0x06029092        0x0 c:/saturn/sbl/segalib/lib/libsat.a(scl_pr03.o)
 .bss           0x06029092        0x0 c:/saturn/sbl/segalib/lib/libsat.a(scl_pr05.o)
 .bss           0x06029092        0x0 c:/saturn/sbl/segalib/lib/libsat.a(scl_pr06.o)
 .bss           0x06029092        0x0 c:/saturn/sbl/segalib/lib/libsat.a(scl_pr07.o)
 .bss           0x06029092        0x0 c:/saturn/sbl/segalib/lib/libsat.a(scl_pr09.o)
 .bss           0x06029092        0x0 c:/saturn/sbl/segalib/lib/libsat.a(scl_pr10.o)
 .bss           0x06029092        0x0 c:/saturn/sbl/segalib/lib/libsat.a(scl_pr11.o)
 .bss           0x06029092        0x0 c:/saturn/sbl/segalib/lib/libsat.a(scl_pr12.o)
 .bss           0x06029092        0x2 c:/saturn/sbl/segalib/lib/libsat.a(cdc_reg.o)
                0x06029092                hirq_flag
 .bss           0x06029094        0x0 c:/saturn/sbl/segalib/lib/libsat.a(cdc_sub.o)
 .bss           0x06029094        0x0 c:/saturn/sbl/segalib/lib/libsat.a(csh_main.o)
 .bss           0x06029094        0x0 c:/saturn/sbl/segalib/lib/libsat.a(dma_cpu0.o)
 .bss           0x06029094       0x10 c:/saturn/sbl/segalib/lib/libsat.a(spr_1c.o)
                0x06029094                SpInitialFlag
 .bss           0x060290a4        0x0 c:/saturn/sbl/segalib/lib/libsat.a(spr_2a.o)
 .bss           0x060290a4        0x0 c:/saturn/gcc84/bin/../lib/gcc/sh-elf/8.4.0\libgcc.a(_ashiftrt.o)
 .bss           0x060290a4        0x0 c:/saturn/gcc84/bin/../lib/gcc/sh-elf/8.4.0\libgcc.a(_ashiftrt_n.o)
 .bss           0x060290a4        0x0 c:/saturn/gcc84/bin/../lib/gcc/sh-elf/8.4.0\libgcc.a(_ashiftlt.o)
 .bss           0x060290a4        0x0 c:/saturn/gcc84/bin/../lib/gcc/sh-elf/8.4.0\libgcc.a(_movmem.o)
 .bss           0x060290a4        0x0 c:/saturn/gcc84/bin/../lib/gcc/sh-elf/8.4.0\libgcc.a(_sdivsi3.o)
 .bss           0x060290a4        0x0 c:/saturn/gcc84/bin/../lib/gcc/sh-elf/8.4.0\libgcc.a(_udivsi3.o)
 .bss           0x060290a4        0x0 c:/saturn/gcc84/bin/../lib/gcc/sh-elf/8.4.0\libgcc.a(_mul_df.o)
 .bss           0x060290a4        0x0 c:/saturn/gcc84/bin/../lib/gcc/sh-elf/8.4.0\libgcc.a(_si_to_df.o)
 .bss           0x060290a4        0x0 c:/saturn/gcc84/bin/../lib/gcc/sh-elf/8.4.0\libgcc.a(_df_to_si.o)
 .bss           0x060290a4        0x0 c:/saturn/gcc84/bin/../lib/gcc/sh-elf/8.4.0\libgcc.a(_thenan_df.o)
 .bss           0x060290a4        0x0 c:/saturn/gcc84/bin/../lib/gcc/sh-elf/8.4.0\libgcc.a(_lshiftrt.o)
 .bss           0x060290a4        0x0 c:/saturn/gcc84/bin/../lib/gcc/sh-elf/8.4.0\libgcc.a(_clzsi2.o)
 .bss           0x060290a4        0x0 c:/saturn/gcc84/bin/../lib/gcc/sh-elf/8.4.0\libgcc.a(_pack_df.o)
 .bss           0x060290a4        0x0 c:/saturn/gcc84/bin/../lib/gcc/sh-elf/8.4.0\libgcc.a(_unpack_df.o)
 .bss           0x060290a4        0x0 c:/saturn/gcc84/bin/../lib/gcc/sh-elf/8.4.0\libgcc.a(_clz.o)
 .bss           0x060290a4        0x0 c:/saturn/gcc84/bin/../lib/gcc/sh-elf/8.4.0/../../../../sh-elf/lib\libc.a(lib_a-memcpy.o)
 .bss           0x060290a4        0x0 c:/saturn/gcc84/bin/../lib/gcc/sh-elf/8.4.0/../../../../sh-elf/lib\libc.a(lib_a-memset.o)
 *(COMMON)
 COMMON         0x060290a4       0x24 vblank.o
                0x060290a4                VblankFlg
                0x060290a8                PadWorkArea
                0x060290c4                perFlag
 COMMON         0x060290c8      0x1e8 ball.o
                0x060290c8                ball_sprites
                0x060292a8                ball_count
                0x060292ac                ball_mode
 COMMON         0x060292b0        0x4 barrier.o
                0x060292b0                barrier_life
 COMMON         0x060292b4       0xa0 capsule.o
                0x060292b4                capsules
 COMMON         0x06029354     0x1674 cd.o
                0x06029354                dirname
                0x06029cb4                lib_work
                0x0602a9bc                directory_table
 COMMON         0x0602a9c8       0x40 circle.o
                0x0602a9c8                circle_sprites
                0x0602aa00                circle_charno
                0x0602aa04                circle_cursor
 COMMON         0x0602aa08     0x19b4 game.o
                0x0602aa08                laser_charno
                0x0602aa0c                ship_sprite
                0x0602aa24                explosion_charno
                0x0602aa28                gameover_line
                0x0602c338                curr_level
                0x0602c33c                capsule_charno
                0x0602c340                bit_charno
                0x0602c344                block_charno
                0x0602c348                ship_left
                0x0602c34c                ship_right
                0x0602c350                ball_charno
                0x0602c354                illusion_arr
                0x0602c3b4                barrier_charno
                0x0602c3b8                gameover_angle
 COMMON         0x0602c3bc       0xc4 laser.o
                0x0602c3bc                laser_count
                0x0602c3c0                laser_sprites
 COMMON         0x0602c480        0x4 level.o
                0x0602c480                level_blocksleft
 COMMON         0x0602c484     0x14a0 print.o
                0x0602c484                text
 COMMON         0x0602d924      0x130 scroll.o
                0x0602d924                scfg
 COMMON         0x0602da54        0x4 soon.o
                0x0602da54                soon_scroll
 COMMON         0x0602da58     0x3180 sprite.o
                0x0602da58                sprites
                0x0602ebd8                sprite_buf
 COMMON         0x06030bd8       0x4c main.o
                0x06030bd8                off_config
 COMMON         0x06030c24        0x8 c:/saturn/sbl/segalib/lib/libsat.a(dma_cpu5.o)
                0x06030c24                dma_cpu_cnt
                0x06030c28                dma_cpu_dis_adr
 COMMON         0x06030c2c       0x14 c:/saturn/sbl/segalib/lib/libsat.a(per_prt.o)
                0x06030c2c                per_set_sys_flg
                0x06030c30                per_get_time_adr
                0x06030c34                per_get_sys_data
 COMMON         0x06030c40       0x3c c:/saturn/sbl/segalib/lib/libsat.a(spr_2c.o)
                0x06030c40                SpCmdChain
                0x06030c44                Sp2OpenFlag
                0x06030c48                SpCmdChainBlkNo
                0x06030c4c                SpDrawPrtyBlk
                0x06030c50                SpLCoordX
                0x06030c54                SpCrCmdChain
                0x06030c58                SpCmdTbl
                0x06030c5c                SpCharMax
                0x06030c60                SpDrawPrtyProcFlag
                0x06030c64                SpCmdNo
                0x06030c68                SpDrawPrtyBlkMax
                0x06030c6c                SpCharTbl
                0x06030c70                SpCmdTblR
                0x06030c74                SpDrawPrtyTopCmdNo
                0x06030c78                SpLCoordY
 COMMON         0x06030c7c      0xf10 c:/saturn/sbl/segalib/lib/libsat.a(scl_func.o)
                0x06030c7c                SclRbgKtbAddr
                0x06030c84                SclRb
                0x06030c86                SclK_TableBuff
                0x06031958                SclRotregBuff
                0x06031a58                SclAddrCsTbl
                0x06031a60                Scl_s_reg
                0x06031a88                SclRotateXy
                0x06031a90                Scl_d_reg
                0x06031ad8                SclRotateDisp
                0x06031ae0                SclRotateMoveZ
                0x06031ae8                SclRotXySw
                0x06031aec                Scl_r_reg
                0x06031afc                SclRPMD
                0x06031b00                SclRbgKtbOffset
                0x06031b08                SclRa
                0x06031b0c                SclRotateZ
                0x06031b14                SclAddrLsTbl
                0x06031b1c                SclK_TableNum
                0x06031b24                SclRotateTableAddress
                0x06031b28                SclK_TableFlag
                0x06031b2c                Scl_w_reg
                0x06031b4c                Scl_n_reg
 COMMON         0x06031b8c      0x69e c:/saturn/sbl/segalib/lib/libsat.a(scl_pri.o)
                0x06031b8c                SclAutoEndBlue2
                0x06031b8e                SclColOffset
                0x06031ba0                SclPriBuffDirty
                0x06031ba4                SclAutoEndRed
                0x06031ba8                SclAutoSurface
                0x06031bac                SclAutoGreen
                0x06031bae                SclAutoEndGreen
                0x06031bb0                SclAutoCount
                0x06031bb4                SclColRamAlloc256
                0x06031bd4                SclAutoCurRate
                0x06031bd5                SclAutoPlusFlag
                0x06031bd6                SclSpColMix
                0x06031be0                SclAutoMax
                0x06031be4                SclLineColRamOffset
                0x06031be8                SclColRamAlloc2048
                0x06031bec                SclBgPriNum
                0x06031bf2                SclAutoEndBlue
                0x06031bf4                SclAutoEndGreen2
                0x06031bf6                SclAutoVeFlag
                0x06031bf8                SclBgColMix
                0x06031c00                SclAutoIndex
                0x06031c04                SclAutoEndRate
                0x06031c06                SclAutoBlue
                0x06031c08                SclAutoRed
                0x06031c0c                SclAutoInterval
                0x06031c10                SclOtherPri
                0x06031c20                SclAutoRGB
                0x06032220                SclAutoEndRed2
                0x06032222                SclSpPriNum
 *fill*         0x0603222a        0x2 
 COMMON         0x0603222c       0x10 c:/saturn/sbl/segalib/lib/libsat.a(scl_ro00.o)
                0x0603222c                SclCsx
                0x06032234                SclCsy
 COMMON         0x0603223c        0x4 c:/saturn/sbl/segalib/lib/libsat.a(scl_vblv.o)
                0x0603223c                frameChgFlag
 COMMON         0x06032240        0xc c:/saturn/sbl/segalib/lib/libsat.a(cdc_sub.o)
                0x06032240                cd_stat
 COMMON         0x0603224c       0x10 c:/saturn/sbl/segalib/lib/libsat.a(spr_1c.o)
                0x0603224c                SpScreenY
                0x06032250                SpFbcrMode
                0x06032252                SpDil
                0x06032254                SpDie
                0x06032256                SpTvMode
                0x06032258                SpScreenX
                0x0603225c                _bss_end = .
                0x06032260                . = ALIGN (0x10)
 *fill*         0x0603225c        0x4 
                0x06032260                _end = ABSOLUTE (.)

.stack          0x06032260     0x2000
 *(.stack)
 .stack         0x06032260     0x2000 stack.o
                0x06032260                PROG_STK
                0x06034260                _stack = .
OUTPUT(main.elf elf32-sh)

.debug_info     0x00000000    0x220a2
 .debug_info    0x00000000      0xd8f vblank.o
 .debug_info    0x00000d8f      0x89a ball.o
 .debug_info    0x00001629      0x503 barrier.o
 .debug_info    0x00001b2c      0xd09 capsule.o
 .debug_info    0x00002835      0x330 cd.o
 .debug_info    0x00002b65      0x716 circle.o
 .debug_info    0x0000327b      0x9c5 crc.o
 .debug_info    0x00003c40     0x163f cutscene.o
 .debug_info    0x0000527f      0xd3e devcart.o
 .debug_info    0x00005fbd      0xb3b explosion.o
 .debug_info    0x00006af8     0x37e9 game.o
 .debug_info    0x0000a2e1      0xd6d graphics.o
 .debug_info    0x0000b04e     0x3096 intro.o
 .debug_info    0x0000e0e4      0x3b6 laser.o
 .debug_info    0x0000e49a     0x10ea level.o
 .debug_info    0x0000f584     0x17d8 logo.o
 .debug_info    0x00010d5c     0x2452 menu.o
 .debug_info    0x000131ae     0x1d3f notice.o
 .debug_info    0x00014eed      0x768 pcmsys.o
 .debug_info    0x00015655     0x150b print.o
 .debug_info    0x00016b60     0x2774 scroll.o
 .debug_info    0x000192d4     0x1e14 soon.o
 .debug_info    0x0001b0e8      0x404 sound.o
 .debug_info    0x0001b4ec     0x25c5 sprite.o
 .debug_info    0x0001dab1     0x2199 main.o
 .debug_info    0x0001fc4a      0x6e9 c:/saturn/gcc84/bin/../lib/gcc/sh-elf/8.4.0\libgcc.a(_mul_df.o)
 .debug_info    0x00020333      0x494 c:/saturn/gcc84/bin/../lib/gcc/sh-elf/8.4.0\libgcc.a(_si_to_df.o)
 .debug_info    0x000207c7      0x4ce c:/saturn/gcc84/bin/../lib/gcc/sh-elf/8.4.0\libgcc.a(_df_to_si.o)
 .debug_info    0x00020c95      0x391 c:/saturn/gcc84/bin/../lib/gcc/sh-elf/8.4.0\libgcc.a(_thenan_df.o)
 .debug_info    0x00021026      0x3da c:/saturn/gcc84/bin/../lib/gcc/sh-elf/8.4.0\libgcc.a(_clzsi2.o)
 .debug_info    0x00021400      0x4d4 c:/saturn/gcc84/bin/../lib/gcc/sh-elf/8.4.0\libgcc.a(_pack_df.o)
 .debug_info    0x000218d4      0x45d c:/saturn/gcc84/bin/../lib/gcc/sh-elf/8.4.0\libgcc.a(_unpack_df.o)
 .debug_info    0x00021d31      0x371 c:/saturn/gcc84/bin/../lib/gcc/sh-elf/8.4.0\libgcc.a(_clz.o)

.debug_abbrev   0x00000000     0x4e13
 .debug_abbrev  0x00000000      0x1f7 vblank.o
 .debug_abbrev  0x000001f7      0x2b9 ball.o
 .debug_abbrev  0x000004b0      0x1a1 barrier.o
 .debug_abbrev  0x00000651      0x20a capsule.o
 .debug_abbrev  0x0000085b      0x18e cd.o
 .debug_abbrev  0x000009e9      0x283 circle.o
 .debug_abbrev  0x00000c6c      0x217 crc.o
 .debug_abbrev  0x00000e83      0x29d cutscene.o
 .debug_abbrev  0x00001120      0x3ae devcart.o
 .debug_abbrev  0x000014ce      0x19b explosion.o
 .debug_abbrev  0x00001669      0x42d game.o
 .debug_abbrev  0x00001a96       0x5a graphics.o
 .debug_abbrev  0x00001af0      0x45b intro.o
 .debug_abbrev  0x00001f4b      0x185 laser.o
 .debug_abbrev  0x000020d0      0x372 level.o
 .debug_abbrev  0x00002442      0x29d logo.o
 .debug_abbrev  0x000026df      0x3d8 menu.o
 .debug_abbrev  0x00002ab7      0x33f notice.o
 .debug_abbrev  0x00002df6      0x2f4 pcmsys.o
 .debug_abbrev  0x000030ea      0x21b print.o
 .debug_abbrev  0x00003305      0x33f scroll.o
 .debug_abbrev  0x00003644      0x35a soon.o
 .debug_abbrev  0x0000399e      0x109 sound.o
 .debug_abbrev  0x00003aa7      0x3f9 sprite.o
 .debug_abbrev  0x00003ea0      0x2e8 main.o
 .debug_abbrev  0x00004188      0x27c c:/saturn/gcc84/bin/../lib/gcc/sh-elf/8.4.0\libgcc.a(_mul_df.o)
 .debug_abbrev  0x00004404      0x1fb c:/saturn/gcc84/bin/../lib/gcc/sh-elf/8.4.0\libgcc.a(_si_to_df.o)
 .debug_abbrev  0x000045ff      0x1bb c:/saturn/gcc84/bin/../lib/gcc/sh-elf/8.4.0\libgcc.a(_df_to_si.o)
 .debug_abbrev  0x000047ba      0x11c c:/saturn/gcc84/bin/../lib/gcc/sh-elf/8.4.0\libgcc.a(_thenan_df.o)
 .debug_abbrev  0x000048d6      0x118 c:/saturn/gcc84/bin/../lib/gcc/sh-elf/8.4.0\libgcc.a(_clzsi2.o)
 .debug_abbrev  0x000049ee      0x1cb c:/saturn/gcc84/bin/../lib/gcc/sh-elf/8.4.0\libgcc.a(_pack_df.o)
 .debug_abbrev  0x00004bb9      0x18b c:/saturn/gcc84/bin/../lib/gcc/sh-elf/8.4.0\libgcc.a(_unpack_df.o)
 .debug_abbrev  0x00004d44       0xcf c:/saturn/gcc84/bin/../lib/gcc/sh-elf/8.4.0\libgcc.a(_clz.o)

.debug_aranges  0x00000000      0x408
 .debug_aranges
                0x00000000       0x20 vblank.o
 .debug_aranges
                0x00000020       0x20 ball.o
 .debug_aranges
                0x00000040       0x20 barrier.o
 .debug_aranges
                0x00000060       0x20 capsule.o
 .debug_aranges
                0x00000080       0x20 cd.o
 .debug_aranges
                0x000000a0       0x20 circle.o
 .debug_aranges
                0x000000c0       0x20 crc.o
 .debug_aranges
                0x000000e0       0x20 cutscene.o
 .debug_aranges
                0x00000100       0x20 devcart.o
 .debug_aranges
                0x00000120       0x20 explosion.o
 .debug_aranges
                0x00000140       0x20 game.o
 .debug_aranges
                0x00000160       0x18 graphics.o
 .debug_aranges
                0x00000178       0x20 intro.o
 .debug_aranges
                0x00000198       0x20 laser.o
 .debug_aranges
                0x000001b8       0x20 level.o
 .debug_aranges
                0x000001d8       0x20 logo.o
 .debug_aranges
                0x000001f8       0x20 menu.o
 .debug_aranges
                0x00000218       0x20 notice.o
 .debug_aranges
                0x00000238       0x20 pcmsys.o
 .debug_aranges
                0x00000258       0x20 print.o
 .debug_aranges
                0x00000278       0x20 scroll.o
 .debug_aranges
                0x00000298       0x20 soon.o
 .debug_aranges
                0x000002b8       0x20 sound.o
 .debug_aranges
                0x000002d8       0x20 sprite.o
 .debug_aranges
                0x000002f8       0x20 main.o
 .debug_aranges
                0x00000318       0x20 c:/saturn/gcc84/bin/../lib/gcc/sh-elf/8.4.0\libgcc.a(_mul_df.o)
 .debug_aranges
                0x00000338       0x20 c:/saturn/gcc84/bin/../lib/gcc/sh-elf/8.4.0\libgcc.a(_si_to_df.o)
 .debug_aranges
                0x00000358       0x20 c:/saturn/gcc84/bin/../lib/gcc/sh-elf/8.4.0\libgcc.a(_df_to_si.o)
 .debug_aranges
                0x00000378       0x18 c:/saturn/gcc84/bin/../lib/gcc/sh-elf/8.4.0\libgcc.a(_thenan_df.o)
 .debug_aranges
                0x00000390       0x20 c:/saturn/gcc84/bin/../lib/gcc/sh-elf/8.4.0\libgcc.a(_clzsi2.o)
 .debug_aranges
                0x000003b0       0x20 c:/saturn/gcc84/bin/../lib/gcc/sh-elf/8.4.0\libgcc.a(_pack_df.o)
 .debug_aranges
                0x000003d0       0x20 c:/saturn/gcc84/bin/../lib/gcc/sh-elf/8.4.0\libgcc.a(_unpack_df.o)
 .debug_aranges
                0x000003f0       0x18 c:/saturn/gcc84/bin/../lib/gcc/sh-elf/8.4.0\libgcc.a(_clz.o)

.debug_line     0x00000000     0x8cb0
 .debug_line    0x00000000      0x185 vblank.o
 .debug_line    0x00000185      0x542 ball.o
 .debug_line    0x000006c7      0x233 barrier.o
 .debug_line    0x000008fa      0x2b3 capsule.o
 .debug_line    0x00000bad       0xa0 cd.o
 .debug_line    0x00000c4d      0x470 circle.o
 .debug_line    0x000010bd      0x111 crc.o
 .debug_line    0x000011ce      0x29b cutscene.o
 .debug_line    0x00001469      0x423 devcart.o
 .debug_line    0x0000188c      0x10f explosion.o
 .debug_line    0x0000199b     0x18de game.o
 .debug_line    0x00003279      0x288 graphics.o
 .debug_line    0x00003501      0xed4 intro.o
 .debug_line    0x000043d5      0x1c0 laser.o
 .debug_line    0x00004595      0xa5d level.o
 .debug_line    0x00004ff2      0x47e logo.o
 .debug_line    0x00005470      0xadc menu.o
 .debug_line    0x00005f4c      0x2ab notice.o
 .debug_line    0x000061f7      0x6d9 pcmsys.o
 .debug_line    0x000068d0      0x2f4 print.o
 .debug_line    0x00006bc4      0x5ff scroll.o
 .debug_line    0x000071c3      0x246 soon.o
 .debug_line    0x00007409       0xac sound.o
 .debug_line    0x000074b5      0x70d sprite.o
 .debug_line    0x00007bc2      0x359 main.o
 .debug_line    0x00007f1b      0x358 c:/saturn/gcc84/bin/../lib/gcc/sh-elf/8.4.0\libgcc.a(_mul_df.o)
 .debug_line    0x00008273      0x1a1 c:/saturn/gcc84/bin/../lib/gcc/sh-elf/8.4.0\libgcc.a(_si_to_df.o)
 .debug_line    0x00008414      0x159 c:/saturn/gcc84/bin/../lib/gcc/sh-elf/8.4.0\libgcc.a(_df_to_si.o)
 .debug_line    0x0000856d       0xb6 c:/saturn/gcc84/bin/../lib/gcc/sh-elf/8.4.0\libgcc.a(_thenan_df.o)
 .debug_line    0x00008623      0x14e c:/saturn/gcc84/bin/../lib/gcc/sh-elf/8.4.0\libgcc.a(_clzsi2.o)
 .debug_line    0x00008771      0x29e c:/saturn/gcc84/bin/../lib/gcc/sh-elf/8.4.0\libgcc.a(_pack_df.o)
 .debug_line    0x00008a0f      0x1ad c:/saturn/gcc84/bin/../lib/gcc/sh-elf/8.4.0\libgcc.a(_unpack_df.o)
 .debug_line    0x00008bbc       0xf4 c:/saturn/gcc84/bin/../lib/gcc/sh-elf/8.4.0\libgcc.a(_clz.o)

.debug_str      0x00000000     0x399f
 .debug_str     0x00000000      0x8fb vblank.o
                                0x96d (size before relaxing)
 .debug_str     0x000008fb      0x2c4 ball.o
                                0x44d (size before relaxing)
 .debug_str     0x00000bbf       0x81 barrier.o
                                0x319 (size before relaxing)
 .debug_str     0x00000c40      0x91a capsule.o
                                0xb24 (size before relaxing)
 .debug_str     0x0000155a       0xc4 cd.o
                                0x189 (size before relaxing)
 .debug_str     0x0000161e       0xb9 circle.o
                                0x353 (size before relaxing)
 .debug_str     0x000016d7      0x417 crc.o
                                0x4ed (size before relaxing)
 .debug_str     0x00001aee      0x17c cutscene.o
                               0x11d5 (size before relaxing)
 .debug_str     0x00001c6a       0xe4 devcart.o
                                0x658 (size before relaxing)
 .debug_str     0x00001d4e       0x4e explosion.o
                                0xa75 (size before relaxing)
 .debug_str     0x00001d9c      0x62c game.o
                               0x1b4c (size before relaxing)
 .debug_str     0x000023c8        0xb graphics.o
                                0x979 (size before relaxing)
 .debug_str     0x000023d3      0x37b intro.o
                               0x1b37 (size before relaxing)
 .debug_str     0x0000274e       0x22 laser.o
                                0x201 (size before relaxing)
 .debug_str     0x00002770      0x1a9 level.o
                                0x560 (size before relaxing)
 .debug_str     0x00002919       0x9f logo.o
                               0x12d6 (size before relaxing)
 .debug_str     0x000029b8      0x1d2 menu.o
                               0x1697 (size before relaxing)
 .debug_str     0x00002b8a       0x65 notice.o
                               0x151d (size before relaxing)
 .debug_str     0x00002bef      0x13e pcmsys.o
                                0x2f7 (size before relaxing)
 .debug_str     0x00002d2d       0x3e print.o
                               0x1163 (size before relaxing)
 .debug_str     0x00002d6b      0x20a scroll.o
                               0x17cd (size before relaxing)
 .debug_str     0x00002f75       0x72 soon.o
                               0x15cb (size before relaxing)
 .debug_str     0x00002fe7       0x1e sound.o
                                0x1cf (size before relaxing)
 .debug_str     0x00003005      0x1ce sprite.o
                               0x182f (size before relaxing)
 .debug_str     0x000031d3      0x192 main.o
                               0x187f (size before relaxing)
 .debug_str     0x00003365      0x547 c:/saturn/gcc84/bin/../lib/gcc/sh-elf/8.4.0\libgcc.a(_mul_df.o)
                                0x5fa (size before relaxing)
 .debug_str     0x000038ac       0x27 c:/saturn/gcc84/bin/../lib/gcc/sh-elf/8.4.0\libgcc.a(_si_to_df.o)
                                0x592 (size before relaxing)
 .debug_str     0x000038d3        0xa c:/saturn/gcc84/bin/../lib/gcc/sh-elf/8.4.0\libgcc.a(_df_to_si.o)
                                0x5af (size before relaxing)
 .debug_str     0x000038dd      0x545 c:/saturn/gcc84/bin/../lib/gcc/sh-elf/8.4.0\libgcc.a(_thenan_df.o)
 .debug_str     0x000038dd       0xbb c:/saturn/gcc84/bin/../lib/gcc/sh-elf/8.4.0\libgcc.a(_clzsi2.o)
                                0x555 (size before relaxing)
 .debug_str     0x00003998        0x7 c:/saturn/gcc84/bin/../lib/gcc/sh-elf/8.4.0\libgcc.a(_pack_df.o)
                                0x5a3 (size before relaxing)
 .debug_str     0x0000399f      0x585 c:/saturn/gcc84/bin/../lib/gcc/sh-elf/8.4.0\libgcc.a(_unpack_df.o)
 .debug_str     0x0000399f      0x538 c:/saturn/gcc84/bin/../lib/gcc/sh-elf/8.4.0\libgcc.a(_clz.o)

.comment        0x00000000       0x11
 .comment       0x00000000       0x11 vblank.o
                                 0x12 (size before relaxing)
 .comment       0x00000011       0x12 ball.o
 .comment       0x00000011       0x12 barrier.o
 .comment       0x00000011       0x12 capsule.o
 .comment       0x00000011       0x12 cd.o
 .comment       0x00000011       0x12 circle.o
 .comment       0x00000011       0x12 crc.o
 .comment       0x00000011       0x12 cutscene.o
 .comment       0x00000011       0x12 devcart.o
 .comment       0x00000011       0x12 explosion.o
 .comment       0x00000011       0x12 game.o
 .comment       0x00000011       0x12 graphics.o
 .comment       0x00000011       0x12 intro.o
 .comment       0x00000011       0x12 laser.o
 .comment       0x00000011       0x12 level.o
 .comment       0x00000011       0x12 logo.o
 .comment       0x00000011       0x12 menu.o
 .comment       0x00000011       0x12 notice.o
 .comment       0x00000011       0x12 pcmsys.o
 .comment       0x00000011       0x12 print.o
 .comment       0x00000011       0x12 scroll.o
 .comment       0x00000011       0x12 soon.o
 .comment       0x00000011       0x12 sound.o
 .comment       0x00000011       0x12 sprite.o
 .comment       0x00000011       0x12 main.o
 .comment       0x00000011       0x12 c:/saturn/sbl/segalib/lib/libsat.a(cdc_cmn.o)
 .comment       0x00000011       0x12 c:/saturn/sbl/segalib/lib/libsat.a(dma_cpu1.o)
 .comment       0x00000011       0x12 c:/saturn/sbl/segalib/lib/libsat.a(dma_cpu2.o)
 .comment       0x00000011       0x12 c:/saturn/sbl/segalib/lib/libsat.a(dma_cpu5.o)
 .comment       0x00000011       0x12 c:/saturn/sbl/segalib/lib/libsat.a(mth_rand.o)
 .comment       0x00000011       0x12 c:/saturn/sbl/segalib/lib/libsat.a(per_prt.o)
 .comment       0x00000011       0x12 c:/saturn/sbl/segalib/lib/libsat.a(spr_2c.o)
 .comment       0x00000011       0x12 c:/saturn/sbl/segalib/lib/libsat.a(scl_func.o)
 .comment       0x00000011       0x12 c:/saturn/sbl/segalib/lib/libsat.a(scl_fu01.o)
 .comment       0x00000011       0x12 c:/saturn/sbl/segalib/lib/libsat.a(scl_fu02.o)
 .comment       0x00000011       0x12 c:/saturn/sbl/segalib/lib/libsat.a(scl_fu03.o)
 .comment       0x00000011       0x12 c:/saturn/sbl/segalib/lib/libsat.a(scl_fu04.o)
 .comment       0x00000011       0x12 c:/saturn/sbl/segalib/lib/libsat.a(scl_fu05.o)
 .comment       0x00000011       0x12 c:/saturn/sbl/segalib/lib/libsat.a(scl_pri.o)
 .comment       0x00000011       0x12 c:/saturn/sbl/segalib/lib/libsat.a(scl_ro00.o)
 .comment       0x00000011       0x12 c:/saturn/sbl/segalib/lib/libsat.a(scl_back.o)
 .comment       0x00000011       0x12 c:/saturn/sbl/segalib/lib/libsat.a(scl_vblv.o)
 .comment       0x00000011       0x12 c:/saturn/sbl/segalib/lib/libsat.a(scl_pr01.o)
 .comment       0x00000011       0x12 c:/saturn/sbl/segalib/lib/libsat.a(scl_pr02.o)
 .comment       0x00000011       0x12 c:/saturn/sbl/segalib/lib/libsat.a(scl_pr03.o)
 .comment       0x00000011       0x12 c:/saturn/sbl/segalib/lib/libsat.a(scl_pr05.o)
 .comment       0x00000011       0x12 c:/saturn/sbl/segalib/lib/libsat.a(scl_pr06.o)
 .comment       0x00000011       0x12 c:/saturn/sbl/segalib/lib/libsat.a(scl_pr07.o)
 .comment       0x00000011       0x12 c:/saturn/sbl/segalib/lib/libsat.a(scl_pr09.o)
 .comment       0x00000011       0x12 c:/saturn/sbl/segalib/lib/libsat.a(scl_pr10.o)
 .comment       0x00000011       0x12 c:/saturn/sbl/segalib/lib/libsat.a(scl_pr11.o)
 .comment       0x00000011       0x12 c:/saturn/sbl/segalib/lib/libsat.a(scl_pr12.o)
 .comment       0x00000011       0x12 c:/saturn/sbl/segalib/lib/libsat.a(cdc_reg.o)
 .comment       0x00000011       0x12 c:/saturn/sbl/segalib/lib/libsat.a(cdc_sub.o)
 .comment       0x00000011       0x12 c:/saturn/sbl/segalib/lib/libsat.a(csh_main.o)
 .comment       0x00000011       0x12 c:/saturn/sbl/segalib/lib/libsat.a(dma_cpu0.o)
 .comment       0x00000011       0x12 c:/saturn/sbl/segalib/lib/libsat.a(spr_1c.o)
 .comment       0x00000011       0x12 c:/saturn/gcc84/bin/../lib/gcc/sh-elf/8.4.0\libgcc.a(_mul_df.o)
 .comment       0x00000011       0x12 c:/saturn/gcc84/bin/../lib/gcc/sh-elf/8.4.0\libgcc.a(_si_to_df.o)
 .comment       0x00000011       0x12 c:/saturn/gcc84/bin/../lib/gcc/sh-elf/8.4.0\libgcc.a(_df_to_si.o)
 .comment       0x00000011       0x12 c:/saturn/gcc84/bin/../lib/gcc/sh-elf/8.4.0\libgcc.a(_thenan_df.o)
 .comment       0x00000011       0x12 c:/saturn/gcc84/bin/../lib/gcc/sh-elf/8.4.0\libgcc.a(_clzsi2.o)
 .comment       0x00000011       0x12 c:/saturn/gcc84/bin/../lib/gcc/sh-elf/8.4.0\libgcc.a(_pack_df.o)
 .comment       0x00000011       0x12 c:/saturn/gcc84/bin/../lib/gcc/sh-elf/8.4.0\libgcc.a(_unpack_df.o)
 .comment       0x00000011       0x12 c:/saturn/gcc84/bin/../lib/gcc/sh-elf/8.4.0\libgcc.a(_clz.o)

.debug_frame    0x00000000     0x15bc
 .debug_frame   0x00000000       0x84 vblank.o
 .debug_frame   0x00000084      0x11c ball.o
 .debug_frame   0x000001a0       0xfc barrier.o
 .debug_frame   0x0000029c       0xec capsule.o
 .debug_frame   0x00000388       0x40 cd.o
 .debug_frame   0x000003c8      0x120 circle.o
 .debug_frame   0x000004e8       0x20 crc.o
 .debug_frame   0x00000508       0x7c cutscene.o
 .debug_frame   0x00000584       0x84 devcart.o
 .debug_frame   0x00000608       0x48 explosion.o
 .debug_frame   0x00000650      0x100 game.o
 .debug_frame   0x00000750       0x98 intro.o
 .debug_frame   0x000007e8       0xd8 laser.o
 .debug_frame   0x000008c0       0xf8 level.o
 .debug_frame   0x000009b8       0xac logo.o
 .debug_frame   0x00000a64      0x154 menu.o
 .debug_frame   0x00000bb8       0x68 notice.o
 .debug_frame   0x00000c20      0x168 pcmsys.o
 .debug_frame   0x00000d88      0x114 print.o
 .debug_frame   0x00000e9c      0x24c scroll.o
 .debug_frame   0x000010e8       0x90 soon.o
 .debug_frame   0x00001178       0x5c sound.o
 .debug_frame   0x000011d4      0x1d8 sprite.o
 .debug_frame   0x000013ac       0x4c main.o
 .debug_frame   0x000013f8       0x98 c:/saturn/gcc84/bin/../lib/gcc/sh-elf/8.4.0\libgcc.a(_mul_df.o)
 .debug_frame   0x00001490       0x3c c:/saturn/gcc84/bin/../lib/gcc/sh-elf/8.4.0\libgcc.a(_si_to_df.o)
 .debug_frame   0x000014cc       0x44 c:/saturn/gcc84/bin/../lib/gcc/sh-elf/8.4.0\libgcc.a(_df_to_si.o)
 .debug_frame   0x00001510       0x20 c:/saturn/gcc84/bin/../lib/gcc/sh-elf/8.4.0\libgcc.a(_clzsi2.o)
 .debug_frame   0x00001530       0x6c c:/saturn/gcc84/bin/../lib/gcc/sh-elf/8.4.0\libgcc.a(_pack_df.o)
 .debug_frame   0x0000159c       0x20 c:/saturn/gcc84/bin/../lib/gcc/sh-elf/8.4.0\libgcc.a(_unpack_df.o)

.debug_loc      0x00000000     0x61c1
 .debug_loc     0x00000000      0x2d3 ball.o
 .debug_loc     0x000002d3      0x10b barrier.o
 .debug_loc     0x000003de       0xf2 capsule.o
 .debug_loc     0x000004d0       0xa5 cd.o
 .debug_loc     0x00000575      0x267 circle.o
 .debug_loc     0x000007dc       0xb6 crc.o
 .debug_loc     0x00000892      0x13d cutscene.o
 .debug_loc     0x000009cf      0x252 devcart.o
 .debug_loc     0x00000c21       0xce explosion.o
 .debug_loc     0x00000cef     0x14c4 game.o
 .debug_loc     0x000021b3      0x695 intro.o
 .debug_loc     0x00002848       0x61 laser.o
 .debug_loc     0x000028a9      0xf9c level.o
 .debug_loc     0x00003845      0x236 logo.o
 .debug_loc     0x00003a7b      0xa17 menu.o
 .debug_loc     0x00004492      0x239 notice.o
 .debug_loc     0x000046cb      0x481 pcmsys.o
 .debug_loc     0x00004b4c      0x2ff print.o
 .debug_loc     0x00004e4b      0x39f scroll.o
 .debug_loc     0x000051ea       0xdf soon.o
 .debug_loc     0x000052c9       0x21 sound.o
 .debug_loc     0x000052ea      0x2f4 sprite.o
 .debug_loc     0x000055de      0x175 main.o
 .debug_loc     0x00005753      0x4d5 c:/saturn/gcc84/bin/../lib/gcc/sh-elf/8.4.0\libgcc.a(_mul_df.o)
 .debug_loc     0x00005c28       0xd1 c:/saturn/gcc84/bin/../lib/gcc/sh-elf/8.4.0\libgcc.a(_si_to_df.o)
 .debug_loc     0x00005cf9       0x3b c:/saturn/gcc84/bin/../lib/gcc/sh-elf/8.4.0\libgcc.a(_df_to_si.o)
 .debug_loc     0x00005d34       0xa6 c:/saturn/gcc84/bin/../lib/gcc/sh-elf/8.4.0\libgcc.a(_clzsi2.o)
 .debug_loc     0x00005dda      0x332 c:/saturn/gcc84/bin/../lib/gcc/sh-elf/8.4.0\libgcc.a(_pack_df.o)
 .debug_loc     0x0000610c       0xb5 c:/saturn/gcc84/bin/../lib/gcc/sh-elf/8.4.0\libgcc.a(_unpack_df.o)

.debug_ranges   0x00000000     0x15a0
 .debug_ranges  0x00000000       0xa8 ball.o
 .debug_ranges  0x000000a8       0x38 barrier.o
 .debug_ranges  0x000000e0       0x88 capsule.o
 .debug_ranges  0x00000168       0xc8 circle.o
 .debug_ranges  0x00000230       0xb0 cutscene.o
 .debug_ranges  0x000002e0      0x108 devcart.o
 .debug_ranges  0x000003e8       0x18 explosion.o
 .debug_ranges  0x00000400      0x4b8 game.o
 .debug_ranges  0x000008b8      0x238 intro.o
 .debug_ranges  0x00000af0       0x58 laser.o
 .debug_ranges  0x00000b48      0x408 level.o
 .debug_ranges  0x00000f50       0xb0 logo.o
 .debug_ranges  0x00001000      0x208 menu.o
 .debug_ranges  0x00001208       0x30 notice.o
 .debug_ranges  0x00001238       0xb0 pcmsys.o
 .debug_ranges  0x000012e8       0x30 soon.o
 .debug_ranges  0x00001318       0x30 sprite.o
 .debug_ranges  0x00001348       0x88 main.o
 .debug_ranges  0x000013d0       0xc0 c:/saturn/gcc84/bin/../lib/gcc/sh-elf/8.4.0\libgcc.a(_mul_df.o)
 .debug_ranges  0x00001490       0x48 c:/saturn/gcc84/bin/../lib/gcc/sh-elf/8.4.0\libgcc.a(_si_to_df.o)
 .debug_ranges  0x000014d8       0x38 c:/saturn/gcc84/bin/../lib/gcc/sh-elf/8.4.0\libgcc.a(_clzsi2.o)
 .debug_ranges  0x00001510       0x90 c:/saturn/gcc84/bin/../lib/gcc/sh-elf/8.4.0\libgcc.a(_pack_df.o)
