Archive member included because of file (symbol)

../sbl6/segalib/lib/sega_int.a(int.o)
                              vblank.o (INT_SetScuFunc)
../sbl6/segalib/lib/sega_int.a(int_trmp.o)
                              ../sbl6/segalib/lib/sega_int.a(int.o) (__interrupt_handler0)
../sbl6/segalib/lib/sega_spr.a(spr_2c.o)
                              sprite.o (SPR_2Initial)
../sbl6/segalib/lib/sega_spr.a(spr_slv.o)
                              ../sbl6/segalib/lib/sega_spr.a(spr_2c.o) (SPR_InitSlaveSH)
../sbl6/segalib/lib/sega_spr.a(spr_1c.o)
                              ../sbl6/segalib/lib/sega_spr.a(spr_2c.o) (SPR_Initial)
../sbl6/segalib/lib/sega_spr.a(spr_2a.o)
                              ../sbl6/segalib/lib/sega_spr.a(spr_2c.o) (SPR_2SetDrawPrty)
../sbl6/segalib/lib/sega_scl.a(scl_vblv.o)
                              ../sbl6/segalib/lib/sega_spr.a(spr_1c.o) (SpFrameChgMode)
../sbl6/segalib/lib/sega_scl.a(scl_pri.o)
                              intro.o (SCL_SetColMixRate)
../sbl6/segalib/lib/sega_scl.a(scl_pr02.o)
                              intro.o (SCL_SetColRam)
../sbl6/segalib/lib/sega_scl.a(scl_pr07.o)
                              intro.o (SCL_SetPriority)
../sbl6/segalib/lib/sega_scl.a(scl_pr10.o)
                              intro.o (SCL_SetAutoColMix)
../sbl6/segalib/lib/sega_scl.a(scl_fu05.o)
                              intro.o (SCL_InitLineParamTb)
../sbl6/segalib/lib/sega_scl.a(scl_pr12.o)
                              intro.o (SCL_SetColOffset)
../sbl6/segalib/lib/sega_scl.a(scl_func.o)
                              ../sbl6/segalib/lib/sega_scl.a(scl_fu05.o) (SclLengthLsTbl)
../sbl6/segalib/lib/sega_scl.a(scl_pr11.o)
                              logo.o (SCL_SetAutoColOffset)
../sbl6/segalib/lib/sega_scl.a(scl_fu01.o)
                              scroll.o (SCL_SetDisplayMode)
../sbl6/segalib/lib/sega_scl.a(scl_fu04.o)
                              scroll.o (SCL_SetCycleTable)
../sbl6/segalib/lib/sega_scl.a(scl_pr03.o)
                              scroll.o (SCL_AllocColRam)
../sbl6/segalib/lib/sega_scl.a(scl_back.o)
                              scroll.o (SCL_SetBack)
../sbl6/segalib/lib/sega_scl.a(scl_fu03.o)
                              scroll.o (SCL_InitConfigTb)
../sbl6/segalib/lib/sega_scl.a(scl_fu02.o)
                              scroll.o (SCL_InitVramConfigTb)
../sbl6/segalib/lib/sega_scl.a(scl_pr01.o)
                              main.o (SCL_SetSpriteMode)
../sbl6/segalib/lib/sega_scl.a(scl_pr05.o)
                              ../sbl6/segalib/lib/sega_scl.a(scl_pr02.o) (SCL_GetColRamOffset)
../sbl6/segalib/lib/sega_scl.a(scl_ro00.o)
                              ../sbl6/segalib/lib/sega_scl.a(scl_func.o) (SCL_Rotate)
../sbl6/segalib/lib/sega_scl.a(scl_pr06.o)
                              ../sbl6/segalib/lib/sega_scl.a(scl_pr03.o) (SCL_SetColRamOffset)
../sbl6/segalib/lib/sega_mth.a(mth_tri.o)
                              intro.o (MTH_Sin)
../sbl6/segalib/lib/sega_mth.a(mth_fixd.o)
                              intro.o (MTH_Mul)
../sbl6/segalib/lib/sega_cdc.a(cdc_cmn.o)
                              main.o (CDC_GetPeriStat)
../sbl6/segalib/lib/sega_cdc.a(cdc_sub.o)
                              ../sbl6/segalib/lib/sega_cdc.a(cdc_cmn.o) (CDSUB_UpdStatus)
../sbl6/segalib/lib/sega_cdc.a(cdc_reg.o)
                              ../sbl6/segalib/lib/sega_cdc.a(cdc_cmn.o) (CDREG_ClrHirqReq)
../sbl6/segalib/lib/sega_per.a(per_prt.o)
                              ../sbl6/segasmp/per/smpclib/per_x2.o (PER_LInit)
../sbl6/segalib/lib/sega_sat.a(DMA_CPU1.o)
                              intro.o (DMA_CpuMemCopy1)
../sbl6/segalib/lib/sega_sat.a(DMA_CPU2.o)
                              intro.o (DMA_CpuMemCopy2)
../sbl6/segalib/lib/sega_sat.a(DMA_CPU5.o)
                              pcmsys.o (DMA_CpuResult)
../sbl6/segalib/lib/sega_sat.a(DMA_SCU1.o)
                              ../sbl6/segalib/lib/sega_spr.a(spr_2c.o) (DMA_ScuMemCopy)
../sbl6/segalib/lib/sega_sat.a(DMA_CPU0.o)
                              ../sbl6/segalib/lib/sega_sat.a(DMA_CPU1.o) (DMA_CpuSetComPrm)
../sbl6/segalib/lib/sega_sat.a(csh_main.o)
                              ../sbl6/segalib/lib/sega_sat.a(DMA_CPU5.o) (CSH_Purge)
../sbl6/segalib/lib/sega_sat.a(DMA_SCU0.o)
                              ../sbl6/segalib/lib/sega_sat.a(DMA_SCU1.o) (DMA_ScuSetPrm)
c:/saturn/SH_COFF/sh-coff/bin/../lib/gcc/sh-coff/3.4-GNUSH_v0501\libgcc.a(_ashiftrt.o)
                              ../sbl6/segalib/lib/sega_scl.a(scl_ro00.o) (__ashiftrt_r4_6)
c:/saturn/SH_COFF/sh-coff/bin/../lib/gcc/sh-coff/3.4-GNUSH_v0501\libgcc.a(_sdivsi3.o)
                              pcmsys.o (__sdivsi3)
c:/saturn/SH_COFF/sh-coff/bin/../lib/gcc/sh-coff/3.4-GNUSH_v0501\libgcc.a(_ashiftrt_n.o)
                              pcmsys.o (__ashrsi3)
c:/saturn/SH_COFF/sh-coff/bin/../lib/gcc/sh-coff/3.4-GNUSH_v0501\libgcc.a(_ashiftlt.o)
                              scroll.o (__ashlsi3)
c:/saturn/SH_COFF/sh-coff/bin/../lib/gcc/sh-coff/3.4-GNUSH_v0501\libgcc.a(_movstr.o)
                              scroll.o (__movstr)
c:/saturn/SH_COFF/sh-coff/bin/../lib/gcc/sh-coff/3.4-GNUSH_v0501\libgcc.a(__main.o)
                              main.o (__main)
c:/saturn/SH_COFF/sh-coff/bin/../lib/gcc/sh-coff/3.4-GNUSH_v0501\libgcc.a(_udivsi3.o)
                              ../sbl6/segalib/lib/sega_scl.a(scl_pr10.o) (__udivsi3)
c:/saturn/SH_COFF/sh-coff/bin/../lib/gcc/sh-coff/3.4-GNUSH_v0501\libgcc.a(_mul_df.o)
                              ../sbl6/segalib/lib/sega_scl.a(scl_fu05.o) (__muldf3)
c:/saturn/SH_COFF/sh-coff/bin/../lib/gcc/sh-coff/3.4-GNUSH_v0501\libgcc.a(_si_to_df.o)
                              ../sbl6/segalib/lib/sega_scl.a(scl_fu05.o) (__floatsidf)
c:/saturn/SH_COFF/sh-coff/bin/../lib/gcc/sh-coff/3.4-GNUSH_v0501\libgcc.a(_df_to_si.o)
                              ../sbl6/segalib/lib/sega_scl.a(scl_fu05.o) (__fixdfsi)
c:/saturn/SH_COFF/sh-coff/bin/../lib/gcc/sh-coff/3.4-GNUSH_v0501\libgcc.a(_unpack_df.o)
                              c:/saturn/SH_COFF/sh-coff/bin/../lib/gcc/sh-coff/3.4-GNUSH_v0501\libgcc.a(_mul_df.o) (__unpack_d)
c:/saturn/SH_COFF/sh-coff/bin/../lib/gcc/sh-coff/3.4-GNUSH_v0501\libgcc.a(_pack_df.o)
                              c:/saturn/SH_COFF/sh-coff/bin/../lib/gcc/sh-coff/3.4-GNUSH_v0501\libgcc.a(_mul_df.o) (__pack_d)
c:/saturn/SH_COFF/sh-coff/bin/../lib/gcc/sh-coff/3.4-GNUSH_v0501\libgcc.a(_thenan_df.o)
                              c:/saturn/SH_COFF/sh-coff/bin/../lib/gcc/sh-coff/3.4-GNUSH_v0501\libgcc.a(_mul_df.o) (__thenan_df)
c:/saturn/SH_COFF/sh-coff/bin/../lib/gcc/sh-coff/3.4-GNUSH_v0501\libgcc.a(_muldi3.o)
                              c:/saturn/SH_COFF/sh-coff/bin/../lib/gcc/sh-coff/3.4-GNUSH_v0501\libgcc.a(_mul_df.o) (__muldi3)
c:/saturn/SH_COFF/sh-coff/bin/../lib/gcc/sh-coff/3.4-GNUSH_v0501\libgcc.a(_lshrdi3.o)
                              c:/saturn/SH_COFF/sh-coff/bin/../lib/gcc/sh-coff/3.4-GNUSH_v0501\libgcc.a(_df_to_si.o) (__lshrdi3)
c:/saturn/SH_COFF/sh-coff/bin/../lib/gcc/sh-coff/3.4-GNUSH_v0501\libgcc.a(_ashldi3.o)
                              c:/saturn/SH_COFF/sh-coff/bin/../lib/gcc/sh-coff/3.4-GNUSH_v0501\libgcc.a(_pack_df.o) (__ashldi3)
c:/saturn/SH_COFF/sh-coff/bin/../lib/gcc/sh-coff/3.4-GNUSH_v0501\libgcc.a(_mulsi3.o)
                              c:/saturn/SH_COFF/sh-coff/bin/../lib/gcc/sh-coff/3.4-GNUSH_v0501\libgcc.a(_muldi3.o) (__mulsi3)
c:/saturn/SH_COFF/sh-coff/bin/../lib/gcc/sh-coff/3.4-GNUSH_v0501\libgcc.a(_lshiftrt.o)
                              c:/saturn/SH_COFF/sh-coff/bin/../lib/gcc/sh-coff/3.4-GNUSH_v0501\libgcc.a(_lshrdi3.o) (__lshrsi3)
c:/saturn/SH_COFF/sh-coff/bin/../lib/gcc/sh-coff/3.4-GNUSH_v0501/../../../../sh-coff/lib\libc.a(memset.o)
                              scroll.o (memset)
c:/saturn/SH_COFF/sh-coff/bin/../lib/gcc/sh-coff/3.4-GNUSH_v0501/../../../../sh-coff/lib\libc.a(memcpy.o)
                              ../sbl6/segalib/lib/sega_sat.a(DMA_SCU1.o) (memcpy)
c:/saturn/SH_COFF/sh-coff/bin/../lib/gcc/sh-coff/3.4-GNUSH_v0501/../../../../sh-coff/lib\libc.a(atexit.o)
                              c:/saturn/SH_COFF/sh-coff/bin/../lib/gcc/sh-coff/3.4-GNUSH_v0501\libgcc.a(__main.o) (atexit)
c:/saturn/SH_COFF/sh-coff/bin/../lib/gcc/sh-coff/3.4-GNUSH_v0501/../../../../sh-coff/lib\libc.a(impure.o)
                              c:/saturn/SH_COFF/sh-coff/bin/../lib/gcc/sh-coff/3.4-GNUSH_v0501/../../../../sh-coff/lib\libc.a(atexit.o) (_impure_ptr)
c:/saturn/SH_COFF/sh-coff/bin/../lib/gcc/sh-coff/3.4-GNUSH_v0501/../../../../sh-coff/lib\libc.a(malloc.o)
                              c:/saturn/SH_COFF/sh-coff/bin/../lib/gcc/sh-coff/3.4-GNUSH_v0501/../../../../sh-coff/lib\libc.a(atexit.o) (malloc)
c:/saturn/SH_COFF/sh-coff/bin/../lib/gcc/sh-coff/3.4-GNUSH_v0501/../../../../sh-coff/lib\libc.a(mallocr.o)
                              c:/saturn/SH_COFF/sh-coff/bin/../lib/gcc/sh-coff/3.4-GNUSH_v0501/../../../../sh-coff/lib\libc.a(malloc.o) (_malloc_r)
c:/saturn/SH_COFF/sh-coff/bin/../lib/gcc/sh-coff/3.4-GNUSH_v0501/../../../../sh-coff/lib\libc.a(freer.o)
                              c:/saturn/SH_COFF/sh-coff/bin/../lib/gcc/sh-coff/3.4-GNUSH_v0501/../../../../sh-coff/lib\libc.a(malloc.o) (_free_r)
c:/saturn/SH_COFF/sh-coff/bin/../lib/gcc/sh-coff/3.4-GNUSH_v0501/../../../../sh-coff/lib\libc.a(mlock.o)
                              c:/saturn/SH_COFF/sh-coff/bin/../lib/gcc/sh-coff/3.4-GNUSH_v0501/../../../../sh-coff/lib\libc.a(mallocr.o) (__malloc_lock)
c:/saturn/SH_COFF/sh-coff/bin/../lib/gcc/sh-coff/3.4-GNUSH_v0501/../../../../sh-coff/lib\libc.a(sbrkr.o)
                              c:/saturn/SH_COFF/sh-coff/bin/../lib/gcc/sh-coff/3.4-GNUSH_v0501/../../../../sh-coff/lib\libc.a(mallocr.o) (_sbrk_r)
c:/saturn/SH_COFF/sh-coff/bin/../lib/gcc/sh-coff/3.4-GNUSH_v0501/../../../../sh-coff/lib\libc.a(syscalls.o)
                              c:/saturn/SH_COFF/sh-coff/bin/../lib/gcc/sh-coff/3.4-GNUSH_v0501/../../../../sh-coff/lib\libc.a(sbrkr.o) (_sbrk)
c:/saturn/SH_COFF/sh-coff/bin/../lib/gcc/sh-coff/3.4-GNUSH_v0501/../../../../sh-coff/lib\libc.a(trap.o)
                              c:/saturn/SH_COFF/sh-coff/bin/../lib/gcc/sh-coff/3.4-GNUSH_v0501/../../../../sh-coff/lib\libc.a(syscalls.o) (__trap34)
c:/saturn/SH_COFF/sh-coff/bin/../lib/gcc/sh-coff/3.4-GNUSH_v0501/../../../../sh-coff/lib\libc.a(abort.o)
                              c:/saturn/SH_COFF/sh-coff/bin/../lib/gcc/sh-coff/3.4-GNUSH_v0501/../../../../sh-coff/lib\libc.a(syscalls.o) (abort)
c:/saturn/SH_COFF/sh-coff/bin/../lib/gcc/sh-coff/3.4-GNUSH_v0501/../../../../sh-coff/lib\libc.a(signal.o)
                              c:/saturn/SH_COFF/sh-coff/bin/../lib/gcc/sh-coff/3.4-GNUSH_v0501/../../../../sh-coff/lib\libc.a(abort.o) (raise)
c:/saturn/SH_COFF/sh-coff/bin/../lib/gcc/sh-coff/3.4-GNUSH_v0501/../../../../sh-coff/lib\libc.a(signalr.o)
                              c:/saturn/SH_COFF/sh-coff/bin/../lib/gcc/sh-coff/3.4-GNUSH_v0501/../../../../sh-coff/lib\libc.a(signal.o) (_kill_r)

Allocating common symbols
Common symbol       size              file

SclRbgKtbAddr       0x8               ../sbl6/segalib/lib/sega_scl.a(scl_func.o)
sprites             0x460             sprite.o
SpMstCmd            0x4               ../sbl6/segalib/lib/sega_spr.a(spr_2c.o)
SclRb               0x1               ../sbl6/segalib/lib/sega_scl.a(scl_func.o)
Scl_flag            0x2               ../sbl6/segalib/lib/sega_scl.a(scl_func.o)
per_get_time_flg    0x1               ../sbl6/segalib/lib/sega_per.a(per_prt.o)
SpScreenY           0x4               ../sbl6/segalib/lib/sega_spr.a(spr_1c.o)
SclK_TableBuff      0xcd0             ../sbl6/segalib/lib/sega_scl.a(scl_func.o)
SclAutoEndBlue2     0x2               ../sbl6/segalib/lib/sega_scl.a(scl_pri.o)
SpFbcrMode          0x2               ../sbl6/segalib/lib/sega_spr.a(spr_1c.o)
Sp2OpenFlag         0x4               ../sbl6/segalib/lib/sega_spr.a(spr_2c.o)
scfg3               0x8c              scroll.o
SclColOffset        0x10              ../sbl6/segalib/lib/sega_scl.a(scl_pri.o)
SclAddrCsTbl        0x8               ../sbl6/segalib/lib/sega_scl.a(scl_func.o)
scfg0               0x8c              scroll.o
SclPriBuffDirty     0x1               ../sbl6/segalib/lib/sega_scl.a(scl_pri.o)
SclAutoEndRed       0x2               ../sbl6/segalib/lib/sega_scl.a(scl_pri.o)
SclAutoSurface      0x4               ../sbl6/segalib/lib/sega_scl.a(scl_pri.o)
__interrupt_vector  0x400             ../sbl6/segalib/lib/sega_int.a(int.o)
per_hot_res         0x1               ../sbl6/segalib/lib/sega_per.a(per_prt.o)
dirname             0x960             cd.o
SclCsx              0x8               ../sbl6/segalib/lib/sega_scl.a(scl_ro00.o)
Scl_s_reg           0x28              ../sbl6/segalib/lib/sega_scl.a(scl_func.o)
SclAutoGreen        0x2               ../sbl6/segalib/lib/sega_scl.a(scl_pri.o)
SclAutoEndGreen     0x2               ../sbl6/segalib/lib/sega_scl.a(scl_pri.o)
SclAutoCount        0x4               ../sbl6/segalib/lib/sega_scl.a(scl_pri.o)
SpGourTblMax        0x4               ../sbl6/segalib/lib/sega_spr.a(spr_2c.o)
SclColRamAlloc256   0x20              ../sbl6/segalib/lib/sega_scl.a(scl_pri.o)
SclRotateXy         0x8               ../sbl6/segalib/lib/sega_scl.a(scl_func.o)
SpDrawPrtyBlk       0x4               ../sbl6/segalib/lib/sega_spr.a(spr_2c.o)
SclAutoCurRate      0x1               ../sbl6/segalib/lib/sega_scl.a(scl_pri.o)
SpLCoordX           0x4               ../sbl6/segalib/lib/sega_spr.a(spr_2c.o)
dma_cpu_cnt         0x4               ../sbl6/segalib/lib/sega_sat.a(DMA_CPU5.o)
SpMstDrawPrtyBlk    0x4               ../sbl6/segalib/lib/sega_spr.a(spr_2c.o)
SclAutoPlusFlag     0x1               ../sbl6/segalib/lib/sega_scl.a(scl_pri.o)
per_set_sys_flg     0x1               ../sbl6/segalib/lib/sega_per.a(per_prt.o)
Scl_d_reg           0x48              ../sbl6/segalib/lib/sega_scl.a(scl_func.o)
SclRotateDisp       0x8               ../sbl6/segalib/lib/sega_scl.a(scl_func.o)
SpGourTbl           0x4               ../sbl6/segalib/lib/sega_spr.a(spr_2c.o)
SclSpColMix         0x8               ../sbl6/segalib/lib/sega_scl.a(scl_pri.o)
SpDil               0x2               ../sbl6/segalib/lib/sega_spr.a(spr_1c.o)
SpLookupTblR        0x2               ../sbl6/segalib/lib/sega_spr.a(spr_2c.o)
SclAutoMax          0x4               ../sbl6/segalib/lib/sega_scl.a(scl_pri.o)
SpCmdTbl            0x4               ../sbl6/segalib/lib/sega_spr.a(spr_2c.o)
dma_cpu_dis_adr     0x4               ../sbl6/segalib/lib/sega_sat.a(DMA_CPU5.o)
SclRotateMoveZ      0x8               ../sbl6/segalib/lib/sega_scl.a(scl_func.o)
scfg2               0x8c              scroll.o
SclLineColRamOffset
                    0x4               ../sbl6/segalib/lib/sega_scl.a(scl_pri.o)
SclRotXySw          0x4               ../sbl6/segalib/lib/sega_scl.a(scl_func.o)
per_get_time_adr    0x4               ../sbl6/segalib/lib/sega_per.a(per_prt.o)
SclColRamAlloc2048  0x4               ../sbl6/segalib/lib/sega_scl.a(scl_pri.o)
SclBgPriNum         0x6               ../sbl6/segalib/lib/sega_scl.a(scl_pri.o)
SpCharMax           0x4               ../sbl6/segalib/lib/sega_spr.a(spr_2c.o)
SpDrawPrtyProcFlag  0x4               ../sbl6/segalib/lib/sega_spr.a(spr_2c.o)
SclAutoEndBlue      0x2               ../sbl6/segalib/lib/sega_scl.a(scl_pri.o)
SpCmdNo             0x4               ../sbl6/segalib/lib/sega_spr.a(spr_2c.o)
SclAutoEndGreen2    0x2               ../sbl6/segalib/lib/sega_scl.a(scl_pri.o)
Scl_r_reg           0x10              ../sbl6/segalib/lib/sega_scl.a(scl_func.o)
SclRPMD             0x2               ../sbl6/segalib/lib/sega_scl.a(scl_func.o)
SpDrawPrtyBlkMax    0x4               ../sbl6/segalib/lib/sega_spr.a(spr_2c.o)
SpDie               0x2               ../sbl6/segalib/lib/sega_spr.a(spr_1c.o)
SclAutoVeFlag       0x1               ../sbl6/segalib/lib/sega_scl.a(scl_pri.o)
SclBgColMix         0x8               ../sbl6/segalib/lib/sega_scl.a(scl_pri.o)
text                0x14a0            print.o
SpSlvCmdPos         0x4               ../sbl6/segalib/lib/sega_spr.a(spr_2c.o)
per_get_sys_data    0xc               ../sbl6/segalib/lib/sega_per.a(per_prt.o)
SclRbgKtbOffset     0x8               ../sbl6/segalib/lib/sega_scl.a(scl_func.o)
off_config          0x8c              main.o
SclAutoIndex        0x4               ../sbl6/segalib/lib/sega_scl.a(scl_pri.o)
SclAutoEndRate      0x1               ../sbl6/segalib/lib/sega_scl.a(scl_pri.o)
SpSlvDrawPrtyBlk    0x4               ../sbl6/segalib/lib/sega_spr.a(spr_2c.o)
_SclRotregBuff      0xd0              ../sbl6/segalib/lib/sega_scl.a(scl_func.o)
SclAutoBlue         0x2               ../sbl6/segalib/lib/sega_scl.a(scl_pri.o)
lib_work            0xd08             cd.o
SpTvMode            0x2               ../sbl6/segalib/lib/sega_spr.a(spr_1c.o)
SpScreenX           0x4               ../sbl6/segalib/lib/sega_spr.a(spr_1c.o)
SclRa               0x1               ../sbl6/segalib/lib/sega_scl.a(scl_func.o)
SclRotateZ          0x8               ../sbl6/segalib/lib/sega_scl.a(scl_func.o)
SpCharTbl           0x4               ../sbl6/segalib/lib/sega_spr.a(spr_2c.o)
SclAddrLsTbl        0x8               ../sbl6/segalib/lib/sega_scl.a(scl_func.o)
SclK_TableNum       0x8               ../sbl6/segalib/lib/sega_scl.a(scl_func.o)
SclAutoRed          0x2               ../sbl6/segalib/lib/sega_scl.a(scl_pri.o)
SpCmdTblR           0x2               ../sbl6/segalib/lib/sega_spr.a(spr_2c.o)
SclAutoInterval     0x4               ../sbl6/segalib/lib/sega_scl.a(scl_pri.o)
SclOtherPri         0x10              ../sbl6/segalib/lib/sega_scl.a(scl_pri.o)
per_time_out_flg    0x1               ../sbl6/segalib/lib/sega_per.a(per_prt.o)
image_buf           0x1000            sprite.o
SclRotateTableAddress
                    0x4               ../sbl6/segalib/lib/sega_scl.a(scl_func.o)
SpMstCmdPos         0x4               ../sbl6/segalib/lib/sega_spr.a(spr_2c.o)
SpSlvCmd            0x4               ../sbl6/segalib/lib/sega_spr.a(spr_2c.o)
scfg1               0x8c              scroll.o
SclAutoRGB          0x600             ../sbl6/segalib/lib/sega_scl.a(scl_pri.o)
errno               0x4               c:/saturn/SH_COFF/sh-coff/bin/../lib/gcc/sh-coff/3.4-GNUSH_v0501/../../../../sh-coff/lib\libc.a(syscalls.o)
SclK_TableFlag      0x4               ../sbl6/segalib/lib/sega_scl.a(scl_func.o)
SclAutoEndRed2      0x2               ../sbl6/segalib/lib/sega_scl.a(scl_pri.o)
SclCsy              0x8               ../sbl6/segalib/lib/sega_scl.a(scl_ro00.o)
SclSpPriNum         0x8               ../sbl6/segalib/lib/sega_scl.a(scl_pri.o)
Scl_w_reg           0x20              ../sbl6/segalib/lib/sega_scl.a(scl_func.o)
directory_table     0xc               cd.o
SpLCoordY           0x4               ../sbl6/segalib/lib/sega_spr.a(spr_2c.o)
Scl_n_reg           0x40              ../sbl6/segalib/lib/sega_scl.a(scl_func.o)

Memory Configuration

Name             Origin             Length             Attributes
*default*        0x00000000         0xffffffff

Linker script and memory map

LOAD ../sbl6/segasmp/lib/strt1_g.o
LOAD ../sbl6/segasmp/lib/strt2_g.o
LOAD vblank.o
LOAD ../sbl6/segasmp/per/smpclib/per_x1.o
LOAD ../sbl6/segasmp/per/smpclib/per_x2.o
LOAD ../sbl6/segasmp/per/smpclib/per_x3.o
LOAD cd.o
LOAD crc.o
LOAD devcart.o
LOAD graphics.o
LOAD intro.o
LOAD logo.o
LOAD pcmsys.o
LOAD print.o
LOAD scroll.o
LOAD sound.o
LOAD sprite.o
LOAD main.o
LOAD ../sbl6/segalib/lib/sega_int.a
LOAD ../sbl6/segalib/lib/sega_spr.a
LOAD ../sbl6/segalib/lib/sega_scl.a
LOAD ../sbl6/segalib/lib/sega_mth.a
LOAD ../sbl6/segalib/lib/sega_cdc.a
LOAD ../sbl6/segalib/lib/sega_adp.a
LOAD ../sbl6/segalib/lib/sega_per.a
LOAD ../sbl6/segalib/lib/sega_sat.a
LOAD c:/saturn/SH_COFF/sh-coff/bin/../lib/gcc/sh-coff/3.4-GNUSH_v0501\libgcc.a
LOAD c:/saturn/SH_COFF/sh-coff/bin/../lib/gcc/sh-coff/3.4-GNUSH_v0501/../../../../sh-coff/lib\libc.a
LOAD c:/saturn/SH_COFF/sh-coff/bin/../lib/gcc/sh-coff/3.4-GNUSH_v0501\libgcc.a

.text           0x06010000     0xe960
 *(.text)
 .text          0x06010000       0x30 ../sbl6/segasmp/lib/strt1_g.o
                0x06010024                _D_END
                0x06010020                _D_BGN
                0x0601002c                _B_END
                0x06010028                _B_BGN
                0x06010000                START
 .text          0x06010030       0x60 ../sbl6/segasmp/lib/strt2_g.o
                0x06010050                _INITSCT
                0x06010030                _INIT
 .text          0x06010090      0x180 vblank.o
                0x06010090                SetVblank
                0x06010110                UsrVblankOut
                0x060100f0                UsrVblankIn
 .text          0x06010210      0x430 ../sbl6/segasmp/per/smpclib/per_x1.o
                0x060105a4                PER_GetAnalogXYZ
                0x06010234                PER_GetTriggerHandler
                0x060104ce                PER_GetEdge
                0x0601044c                PER_GetTrigger
                0x060104f8                PER_GetPressEdge
                0x0601054c                PER_GetReleaseEdge
                0x06010210                PER_SetTriggerHandler
 .text          0x06010640      0x200 ../sbl6/segasmp/per/smpclib/per_x2.o
                0x06010744                PER_GetDeviceA
                0x06010640                PER_OpenPort
                0x06010678                PER_GetPort
                0x060107be                PER_GetDeviceR
 .text          0x06010840       0x20 ../sbl6/segasmp/per/smpclib/per_x3.o
                0x06010840                PER_DisguiseTrigger
 .text          0x06010860       0x30 cd.o
                0x06010880                cd_load_nosize
                0x06010860                cd_init
                0x06010870                cd_load
 .text          0x06010890      0x140 crc.o
                0x06010990                crc_update
 .text          0x060109d0      0x1c0 devcart.o
                0x06010a40                devcart_loadfile
                0x06010b40                devcart_printstr
 .text          0x06010b90      0xb40 intro.o
                0x06010b90                intro_run
 .text          0x060116d0      0x2e0 logo.o
                0x06011730                logo_run
                0x060116d0                logo_loadframe
 .text          0x060119b0      0x8a0 pcmsys.o
                0x06012060                load_8bit_pcm
                0x06011dd0                smpc_issue_command
                0x06011e80                load_drv
                0x060121e0                pcm_parameter_change
                0x06011db0                smpc_wait_till_ready
                0x06011df0                load_driver_binary
                0x060121a0                pcm_play
                0x06012210                pcm_cease
                0x06011ed0                calculate_bytes_per_blank
                0x06011f10                load_16bit_pcm
 .text          0x06012250      0x180 print.o
                0x06012330                print_display
                0x06012280                print_num
                0x06012250                print_init
                0x060122d0                print_string
 .text          0x060123d0      0x410 scroll.o
                0x060123d0                scroll_lores
                0x06012790                scroll_set
                0x06012430                scroll_hires
                0x06012570                scroll_init
                0x06012490                scroll_scale
 .text          0x060127e0       0x70 sound.o
                0x06012830                sound_play
                0x060127f0                sound_init
                0x06012820                sound_cdda
 .text          0x06012850      0x670 sprite.o
                0x06012880                sprite_init
                0x06012cf0                sprite_make
                0x06012e30                sprite_next
                0x060129c0                sprite_erase
                0x06012e90                sprite_delete
                0x06012d40                sprite_draw_all
                0x06012850                sprite_deleteall
                0x06012a20                sprite_startdraw
                0x06012aa0                sprite_draw
 .text          0x06012ec0      0x1d0 main.o
                0x06012f10                main
 .text          0x06013090       0x40 ../sbl6/segalib/lib/sega_int.a(int.o)
                0x060130bc                INT_GetScuFunc
                0x06013090                INT_SetScuFunc
 .text          0x060130d0      0x624 ../sbl6/segalib/lib/sega_int.a(int_trmp.o)
                0x06013238                __interrupt_handler60
                0x060133e8                __interrupt_handler132
                0x0601359e                __interrupt_handler205
                0x06013406                __interrupt_handler137
                0x06013334                __interrupt_handler102
                0x06013172                __interrupt_handler27
                0x06013574                __interrupt_handler198
                0x06013466                __interrupt_handler153
                0x0601314e                __interrupt_handler21
                0x0601325c                __interrupt_handler66
                0x0601334c                __interrupt_handler106
                0x06013496                __interrupt_handler161
                0x060132e0                __interrupt_handler88
                0x060134ae                __interrupt_handler165
                0x060133be                __interrupt_handler125
                0x060130f4                __interrupt_handler6
                0x06013190                __interrupt_handler32
                0x0601354a                __interrupt_handler191
                0x06013664                __interrupt_handler238
                0x0601367c                __interrupt_handler242
                0x06013484                __interrupt_handler158
                0x060132ec                __interrupt_handler90
                0x060134a8                __interrupt_handler164
                0x060131cc                __interrupt_handler42
                0x0601350e                __interrupt_handler181
                0x06013616                __interrupt_handler225
                0x060136be                __interrupt_handler253
                0x060134d2                __interrupt_handler171
                0x0601328c                __interrupt_handler74
                0x060130e2                __interrupt_handler3
                0x06013226                __interrupt_handler57
                0x06013124                __interrupt_handler14
                0x060135bc                __interrupt_handler210
                0x060135ec                __interrupt_handler218
                0x060135b0                __interrupt_handler208
                0x060131b4                __interrupt_handler38
                0x060130d0                __interrupt_handler0
                0x06013340                __interrupt_handler104
                0x0601347e                __interrupt_handler157
                0x060135ce                __interrupt_handler213
                0x060134c0                __interrupt_handler168
                0x060132ce                __interrupt_handler85
                0x0601336a                __interrupt_handler111
                0x0601337c                __interrupt_handler114
                0x060131ea                __interrupt_handler47
                0x06013640                __interrupt_handler232
                0x0601360a                __interrupt_handler223
                0x0601365e                __interrupt_handler237
                0x0601324a                __interrupt_handler63
                0x060131d8                __interrupt_handler44
                0x060134ea                __interrupt_handler175
                0x06013514                __interrupt_handler182
                0x0601352c                __interrupt_handler186
                0x0601342a                __interrupt_handler143
                0x06013352                __interrupt_handler107
                0x060133b8                __interrupt_handler124
                0x060134d8                __interrupt_handler172
                0x0601368e                __interrupt_handler245
                0x0601330a                __interrupt_handler95
                0x060133e2                __interrupt_handler131
                0x060133f4                __interrupt_handler134
                0x06013412                __interrupt_handler139
                0x06013280                __interrupt_handler72
                0x0601363a                __interrupt_handler231
                0x06013490                __interrupt_handler160
                0x060133d6                __interrupt_handler129
                0x06013148                __interrupt_handler20
                0x06013256                __interrupt_handler65
                0x06013220                __interrupt_handler56
                0x0601311e                __interrupt_handler13
                0x060135b6                __interrupt_handler209
                0x06013370                __interrupt_handler112
                0x06013142                __interrupt_handler19
                0x060132fe                __interrupt_handler93
                0x06013568                __interrupt_handler196
                0x0601345a                __interrupt_handler151
                0x060134ba                __interrupt_handler167
                0x060136d0                __trampoline
                0x06013136                __interrupt_handler17
                0x06013628                __interrupt_handler228
                0x060136ca                __interrupt_handler255
                0x06013688                __interrupt_handler244
                0x06013322                __interrupt_handler99
                0x0601351a                __interrupt_handler183
                0x06013418                __interrupt_handler140
                0x0601353e                __interrupt_handler189
                0x0601343c                __interrupt_handler146
                0x06013604                __interrupt_handler222
                0x06013478                __interrupt_handler156
                0x060133ac                __interrupt_handler122
                0x060136a0                __interrupt_handler248
                0x060131f0                __interrupt_handler48
                0x0601326e                __interrupt_handler69
                0x06013160                __interrupt_handler24
                0x060132e6                __interrupt_handler89
                0x060135da                __interrupt_handler215
                0x060136c4                __interrupt_handler254
                0x060132da                __interrupt_handler87
                0x0601323e                __interrupt_handler61
                0x06013562                __interrupt_handler195
                0x06013454                __interrupt_handler150
                0x060131c6                __interrupt_handler41
                0x06013364                __interrupt_handler110
                0x060133ca                __interrupt_handler127
                0x06013358                __interrupt_handler108
                0x06013376                __interrupt_handler113
                0x06013388                __interrupt_handler116
                0x060133a6                __interrupt_handler121
                0x0601329e                __interrupt_handler77
                0x060131ba                __interrupt_handler39
                0x060131d2                __interrupt_handler43
                0x060136a6                __interrupt_handler249
                0x060134e4                __interrupt_handler174
                0x06013400                __interrupt_handler136
                0x06013538                __interrupt_handler188
                0x06013436                __interrupt_handler145
                0x06013106                __interrupt_handler9
                0x060132aa                __interrupt_handler79
                0x06013622                __interrupt_handler227
                0x0601319c                __interrupt_handler34
                0x060133dc                __interrupt_handler130
                0x0601369a                __interrupt_handler247
                0x06013292                __interrupt_handler75
                0x060134de                __interrupt_handler173
                0x0601320e                __interrupt_handler53
                0x0601344e                __interrupt_handler149
                0x060136b2                __interrupt_handler251
                0x06013646                __interrupt_handler233
                0x0601310c                __interrupt_handler10
                0x06013598                __interrupt_handler204
                0x060132bc                __interrupt_handler82
                0x060132c2                __interrupt_handler83
                0x06013166                __interrupt_handler25
                0x06013682                __interrupt_handler243
                0x0601349c                __interrupt_handler162
                0x060131e4                __interrupt_handler46
                0x060134fc                __interrupt_handler178
                0x060132b0                __interrupt_handler80
                0x06013244                __interrupt_handler62
                0x060130dc                __interrupt_handler2
                0x0601317e                __interrupt_handler29
                0x06013274                __interrupt_handler70
                0x0601335e                __interrupt_handler109
                0x06013448                __interrupt_handler148
                0x06013304                __interrupt_handler94
                0x06013610                __interrupt_handler224
                0x0601333a                __interrupt_handler103
                0x060131a8                __interrupt_handler36
                0x060133c4                __interrupt_handler126
                0x06013694                __interrupt_handler246
                0x0601321a                __interrupt_handler55
                0x06013118                __interrupt_handler12
                0x06013208                __interrupt_handler52
                0x06013532                __interrupt_handler187
                0x06013430                __interrupt_handler144
                0x0601338e                __interrupt_handler117
                0x0601313c                __interrupt_handler18
                0x0601356e                __interrupt_handler197
                0x06013460                __interrupt_handler152
                0x06013394                __interrupt_handler118
                0x060134cc                __interrupt_handler170
                0x06013586                __interrupt_handler201
                0x06013316                __interrupt_handler97
                0x060134a2                __interrupt_handler163
                0x06013508                __interrupt_handler180
                0x06013550                __interrupt_handler192
                0x06013670                __interrupt_handler240
                0x060133b2                __interrupt_handler123
                0x060135d4                __interrupt_handler214
                0x0601318a                __interrupt_handler31
                0x06013178                __interrupt_handler28
                0x06013262                __interrupt_handler67
                0x06013268                __interrupt_handler68
                0x06013154                __interrupt_handler22
                0x0601315a                __interrupt_handler23
                0x060134f0                __interrupt_handler176
                0x060130fa                __interrupt_handler7
                0x060135fe                __interrupt_handler221
                0x060135e6                __interrupt_handler217
                0x0601362e                __interrupt_handler229
                0x060131f6                __interrupt_handler49
                0x060130e8                __interrupt_handler4
                0x060131c0                __interrupt_handler40
                0x06013382                __interrupt_handler115
                0x06013652                __interrupt_handler235
                0x060132f2                __interrupt_handler91
                0x060135a4                __interrupt_handler206
                0x060134f6                __interrupt_handler177
                0x06013442                __interrupt_handler147
                0x060131ae                __interrupt_handler37
                0x060136ac                __interrupt_handler250
                0x060130d6                __interrupt_handler1
                0x060135f2                __interrupt_handler219
                0x06013298                __interrupt_handler76
                0x06013328                __interrupt_handler100
                0x0601322c                __interrupt_handler58
                0x0601312a                __interrupt_handler15
                0x060135c8                __interrupt_handler212
                0x06013676                __interrupt_handler241
                0x0601358c                __interrupt_handler202
                0x06013556                __interrupt_handler193
                0x060132a4                __interrupt_handler78
                0x060131fc                __interrupt_handler50
                0x06013196                __interrupt_handler33
                0x060134b4                __interrupt_handler166
                0x0601340c                __interrupt_handler138
                0x060133fa                __interrupt_handler135
                0x06013184                __interrupt_handler30
                0x06013520                __interrupt_handler184
                0x0601341e                __interrupt_handler141
                0x06013634                __interrupt_handler230
                0x06013658                __interrupt_handler236
                0x0601339a                __interrupt_handler119
                0x060132d4                __interrupt_handler86
                0x06013346                __interrupt_handler105
                0x060132b6                __interrupt_handler81
                0x060133a0                __interrupt_handler120
                0x060133d0                __interrupt_handler128
                0x06013214                __interrupt_handler54
                0x06013112                __interrupt_handler11
                0x0601357a                __interrupt_handler199
                0x0601346c                __interrupt_handler154
                0x060131de                __interrupt_handler45
                0x060135e0                __interrupt_handler216
                0x06013592                __interrupt_handler203
                0x0601332e                __interrupt_handler101
                0x060132c8                __interrupt_handler84
                0x06013526                __interrupt_handler185
                0x06013424                __interrupt_handler142
                0x0601316c                __interrupt_handler26
                0x06013250                __interrupt_handler64
                0x06013580                __interrupt_handler200
                0x060135aa                __interrupt_handler207
                0x0601355c                __interrupt_handler194
                0x060132f8                __interrupt_handler92
                0x06013472                __interrupt_handler155
                0x060135c2                __interrupt_handler211
                0x060133ee                __interrupt_handler133
                0x060130ee                __interrupt_handler5
                0x06013286                __interrupt_handler73
                0x06013130                __interrupt_handler16
                0x0601366a                __interrupt_handler239
                0x0601364c                __interrupt_handler234
                0x060131a2                __interrupt_handler35
                0x06013232                __interrupt_handler59
                0x060134c6                __interrupt_handler169
                0x0601331c                __interrupt_handler98
                0x0601327a                __interrupt_handler71
                0x06013202                __interrupt_handler51
                0x0601348a                __interrupt_handler159
                0x0601361c                __interrupt_handler226
                0x06013310                __interrupt_handler96
                0x06013544                __interrupt_handler190
                0x060135f8                __interrupt_handler220
                0x06013100                __interrupt_handler8
                0x06013502                __interrupt_handler179
                0x060136b8                __interrupt_handler252
 *fill*         0x060136f4        0xc 00
 .text          0x06013700     0x12a0 ../sbl6/segalib/lib/sega_spr.a(spr_2c.o)
                0x06014960                SlaveFlushDrawPrtyBlock
                0x06013700                SPR_2Initial
                0x06013f44                SPR_2SysClip
                0x06013ee4                SPR_2LocalCoord
                0x060147dc                SPR_2FlushDrawPrtyBlock
                0x060144c8                SPR_2DistSpr
                0x06013ecc                SPR_2FlushDrawPrty
                0x060145ec                SPR_2Cmd
                0x06013bc8                SPR_2GourTblNoToVram
                0x06013c28                SPR_2GetAreaSizeInfo
                0x06013990                SPR_2SetGourTbl
                0x0601417c                SPR_2Polygon
                0x06013c04                SPR_2CharNoToVram
                0x06013910                SPR_2SetTvMode
                0x06013d6c                SPR_2CloseCommand
                0x0601394c                SPR_2FrameEraseData
                0x06013728                SPR_2Initial2
                0x0601435c                SPR_2ScaleSpr
                0x06013fec                SPR_2Line
                0x06013cb8                SPR_2OpenCommand
                0x0601392c                SPR_2FrameChgIntr
                0x06014238                SPR_2NormSpr
                0x060139c0                SPR_2SetLookupTbl
                0x060139f4                SPR_2SetChar
                0x06013bec                SPR_2LookupTblNoToVram
                0x060140c0                SPR_2PolyLine
                0x06013b60                SPR_2ClrAllChar
                0x06013b14                SPR_2ClrChar
                0x06013f90                SPR_2UserClip
 .text          0x060149a0      0x1e6 ../sbl6/segalib/lib/sega_spr.a(spr_slv.o)
                0x06014b04                SPR_WaitEndSlaveSH
                0x060149a0                SPR_SMPC_SSHON
                0x06014ae0                SPR_RunSlaveSH
                0x060149a4                SPR_InitSlaveSH
                0x06014a6c                SPR_SlaveSHmain
                0x060149a1                SPR_SMPC_SSHOFF
 *fill*         0x06014b86        0xa 00
 .text          0x06014b90      0x36a ../sbl6/segalib/lib/sega_spr.a(spr_1c.o)
                0x06014e44                SPR_WaitDrawEnd
                0x06014e5c                SPR_SetEosMode
                0x06014d74                SPR_SetEraseData
                0x06014b90                SPR_Initial
                0x06014c68                SPR_SetTvMode
                0x06014d00                SPR_GetStatus
 *fill*         0x06014efa        0x6 00
 .text          0x06014f00      0x244 ../sbl6/segalib/lib/sega_spr.a(spr_2a.o)
                0x06014f12                sprMemCpyW
                0x06014f70                flushDrawPrtyBlock
                0x06014f00                sprMemCpyL
                0x06014f24                SPR_2SetDrawPrty
 *fill*         0x06015144        0xc 00
 .text          0x06015150      0x2fc ../sbl6/segalib/lib/sega_scl.a(scl_vblv.o)
                0x0601520c                SCL_DisplayFrame
                0x06015150                SCL_SetFrameInterval
                0x06015240                SCL_VblInit
                0x06015290                SCL_VblankStart
                0x060152d4                SCL_VblankEnd
 *fill*         0x0601544c        0x4 00
 .text          0x06015450     0x10a4 ../sbl6/segalib/lib/sega_scl.a(scl_pri.o)
                0x060154e4                SCL_AbortAutoVe
                0x06016394                SCL_SetShadowBit
                0x0601595c                SCL_AutoExec
                0x06015450                SCL_PriorityInit
                0x06015e70                SCL_IncColOffset
                0x060154f8                SCL_SetColMixRate
                0x060154c8                SCL_GetColRamMode
 *fill*         0x060164f4        0xc 00
 .text          0x06016500       0x9c ../sbl6/segalib/lib/sega_scl.a(scl_pr02.o)
                0x06016500                SCL_SetColRam
 *fill*         0x0601659c        0x4 00
 .text          0x060165a0      0x214 ../sbl6/segalib/lib/sega_scl.a(scl_pr07.o)
                0x060165a0                SCL_SetPriority
 *fill*         0x060167b4        0xc 00
 .text          0x060167c0       0x98 ../sbl6/segalib/lib/sega_scl.a(scl_pr10.o)
                0x060167c0                SCL_SetAutoColMix
 *fill*         0x06016858        0x8 00
 .text          0x06016860      0x278 ../sbl6/segalib/lib/sega_scl.a(scl_fu05.o)
                0x0601691c                SCL_SetLineParam
                0x06016868                SCL_InitLineParamTb
 *fill*         0x06016ad8        0x8 00
 .text          0x06016ae0      0x1f4 ../sbl6/segalib/lib/sega_scl.a(scl_pr12.o)
                0x06016ae0                SCL_SetColOffset
 *fill*         0x06016cd4        0xc 00
 .text          0x06016ce0      0xb9c ../sbl6/segalib/lib/sega_scl.a(scl_func.o)
                0x060176bc                SCL_Vdp2_SGLInit
                0x060175cc                SCL_PriIntProc
                0x06017544                SCL_Memcpyw
                0x0601785c                SCL_SglOff
                0x0601783c                SCL_SglOn
                0x060174b0                SCL_ScrollShow
                0x06016f58                SCL_Close
                0x06017250                SCL_Scale
                0x06016ce0                SCL_Vdp2Init
                0x060170c4                SCL_Move
                0x0601738c                SCL_CopyReg
                0x06016f34                SCL_Open
                0x06016d64                SCL_ParametersInit
                0x06016f74                SCL_MoveTo
                0x0601756c                SCL_SetColRamMode
 *fill*         0x0601787c        0x4 00
 .text          0x06017880      0x180 ../sbl6/segalib/lib/sega_scl.a(scl_pr11.o)
                0x06017880                SCL_SetAutoColOffset
 .text          0x06017a00      0x1ec ../sbl6/segalib/lib/sega_scl.a(scl_fu01.o)
                0x06017a00                SCL_SetDisplayMode
 *fill*         0x06017bec        0x4 00
 .text          0x06017bf0       0x28 ../sbl6/segalib/lib/sega_scl.a(scl_fu04.o)
                0x06017bf0                SCL_SetCycleTable
 *fill*         0x06017c18        0x8 00
 .text          0x06017c20      0x138 ../sbl6/segalib/lib/sega_scl.a(scl_pr03.o)
                0x06017c20                SCL_FreeColRam
                0x06017c58                SCL_AllocColRam
 *fill*         0x06017d58        0x8 00
 .text          0x06017d60       0x84 ../sbl6/segalib/lib/sega_scl.a(scl_back.o)
                0x06017d60                SCL_SetBack
 *fill*         0x06017de4        0xc 00
 .text          0x06017df0      0x94c ../sbl6/segalib/lib/sega_scl.a(scl_fu03.o)
                0x06017e4c                SCL_SetConfig
                0x06017df0                SCL_InitConfigTb
 *fill*         0x0601873c        0x4 00
 .text          0x06018740      0x4f4 ../sbl6/segalib/lib/sega_scl.a(scl_fu02.o)
                0x06018778                SCL_SetVramConfig
                0x06018740                SCL_InitVramConfigTb
 *fill*         0x06018c34        0xc 00
 .text          0x06018c40       0x58 ../sbl6/segalib/lib/sega_scl.a(scl_pr01.o)
                0x06018c40                SCL_SetSpriteMode
 *fill*         0x06018c98        0x8 00
 .text          0x06018ca0       0xac ../sbl6/segalib/lib/sega_scl.a(scl_pr05.o)
                0x06018ca0                SCL_GetColRamOffset
 *fill*         0x06018d4c        0x4 00
 .text          0x06018d50     0x1394 ../sbl6/segalib/lib/sega_scl.a(scl_ro00.o)
                0x06019f3c                SCL_RotateZD
                0x06019204                SCL_Rotate
                0x06018ed8                SCL_InitRotateTable
 *fill*         0x0601a0e4        0xc 00
 .text          0x0601a0f0      0x1b4 ../sbl6/segalib/lib/sega_scl.a(scl_pr06.o)
                0x0601a0f0                SCL_SetColRamOffset
 *fill*         0x0601a2a4        0xc 00
 .text          0x0601a2b0      0x600 ../sbl6/segalib/lib/sega_mth.a(mth_tri.o)
                0x0601a34c                fcos
                0x0601a352                fsin
                0x0601a2fc                MTH_Cos
                0x0601a2b0                MTH_Sin
                0x0601a4f0                MTH_Atan
 .text          0x0601a8b0       0xa4 ../sbl6/segalib/lib/sega_mth.a(mth_fixd.o)
                0x0601a900                MTH_FixedToInt
                0x0601a8f0                MTH_IntToFixed
                0x0601a8b0                MTH_Mul
                0x0601a910                MTH_Product
                0x0601a8d0                MTH_Div
 *fill*         0x0601a954        0xc 00
 .text          0x0601a960      0x3a0 ../sbl6/segalib/lib/sega_cdc.a(cdc_cmn.o)
                0x0601ab04                CDC_TgetToc
                0x0601aca8                CDC_DataEnd
                0x0601a9c8                CDC_GetPeriStat
                0x0601ac3c                CDC_DataReady
                0x0601ac14                CDC_CdOpen
                0x0601ab90                CDC_CdInit
                0x0601ab54                CDC_GetSes
                0x0601a9b0                CDC_GetLastStat
                0x0601a960                CDC_GetCurStat
                0x0601aa9c                CDC_GetHwInfo
 .text          0x0601ad00      0x152 ../sbl6/segalib/lib/sega_cdc.a(cdc_sub.o)
                0x0601ada8                CDSUB_GetCdstat
                0x0601ad18                CDSUB_UpdCdstat
                0x0601ade8                CDSUB_RspToCdstat
                0x0601ae30                CDSUB_SoftTimer
                0x0601ad00                CDSUB_UpdStatus
                0x0601ad38                CDSUB_CdCmd
 *fill*         0x0601ae52        0xe 00
 .text          0x0601ae60      0x2dc ../sbl6/segalib/lib/sega_cdc.a(cdc_reg.o)
                0x0601aeb4                CDREG_ClrHirqReq
                0x0601ae84                CDC_ClrHirqReq
                0x0601af34                CDREG_TgetData
                0x0601af24                CDC_GetMpegPtr
                0x0601af00                CDC_GetHirqMsk
                0x0601ae60                CDC_GetDataPtr
                0x0601ae70                CDC_GetHirqReq
                0x0601b090                CDREG_WaitHirq
                0x0601af14                CDC_SetHirqMsk
                0x0601af90                CDREG_CmdRsp
                0x0601aec4                CDREG_InitHirqReq
                0x0601aeec                CDREG_SetHirqFlag
                0x0601b100                CDREG_ReadRsp
 *fill*         0x0601b13c        0x4 00
 .text          0x0601b140      0xf50 ../sbl6/segalib/lib/sega_per.a(per_prt.o)
                0x0601b560                PER_IntFunc
                0x0601b358                PER_LGetPer
                0x0601b140                PER_LInit
 .text          0x0601c090       0x90 ../sbl6/segalib/lib/sega_sat.a(DMA_CPU1.o)
                0x0601c090                DMA_CpuMemCopy1
 .text          0x0601c120       0x94 ../sbl6/segalib/lib/sega_sat.a(DMA_CPU2.o)
                0x0601c120                DMA_CpuMemCopy2
 *fill*         0x0601c1b4        0xc 00
 .text          0x0601c1c0       0x50 ../sbl6/segalib/lib/sega_sat.a(DMA_CPU5.o)
                0x0601c1c0                DMA_CpuResult
 .text          0x0601c210      0x1f4 ../sbl6/segalib/lib/sega_sat.a(DMA_SCU1.o)
                0x0601c36c                DMA_ScuResult
                0x0601c210                DMA_ScuInit
                0x0601c260                DMA_ScuMemCopy
 *fill*         0x0601c404        0xc 00
 .text          0x0601c410      0x1b6 ../sbl6/segalib/lib/sega_sat.a(DMA_CPU0.o)
                0x0601c458                DMA_CpuSetPrm
                0x0601c55c                DMA_CpuStart
                0x0601c5b4                DMA_CpuGetStatus
                0x0601c588                DMA_CpuAllStop
                0x0601c59c                DMA_CpuGetComStatus
                0x0601c410                DMA_CpuSetComPrm
                0x0601c570                DMA_CpuStop
 *fill*         0x0601c5c6        0xa 00
 .text          0x0601c5d0       0xe8 ../sbl6/segalib/lib/sega_sat.a(csh_main.o)
                0x0601c5d0                CSH_Init
                0x0601c638                CSH_AllClr
                0x0601c684                CSH_Purge
 *fill*         0x0601c6b8        0x8 00
 .text          0x0601c6c0      0x308 ../sbl6/segalib/lib/sega_sat.a(DMA_SCU0.o)
                0x0601c744                DMA_ScuStart
                0x0601c878                DMA_ScuIntFunc0
                0x0601c8e8                DMA_ScuIntFunc1
                0x0601c958                DMA_ScuIntFunc2
                0x0601c838                DMA_ScuGetStatus
                0x0601c6c0                DMA_ScuSetPrm
 *fill*         0x0601c9c8        0x8 00
 .text          0x0601c9d0       0x60 c:/saturn/SH_COFF/sh-coff/bin/../lib/gcc/sh-coff/3.4-GNUSH_v0501\libgcc.a(_ashiftrt.o)
                0x0601c9dc                __ashiftrt_r4_27
                0x0601ca10                __ashiftrt_r4_6
                0x0601ca00                __ashiftrt_r4_14
                0x0601c9f2                __ashiftrt_r4_19
                0x0601ca0a                __ashiftrt_r4_9
                0x0601ca1e                __ashiftrt_r4_0
                0x0601c9d0                __ashiftrt_r4_31
                0x0601c9de                __ashiftrt_r4_26
                0x0601c9ec                __ashiftrt_r4_22
                0x0601c9f8                __ashiftrt_r4_16
                0x0601ca04                __ashiftrt_r4_12
                0x0601c9d8                __ashiftrt_r4_29
                0x0601c9f6                __ashiftrt_r4_17
                0x0601c9d6                __ashiftrt_r4_30
                0x0601ca12                __ashiftrt_r4_5
                0x0601ca0c                __ashiftrt_r4_8
                0x0601c9d0                __ashiftrt_r4_32
                0x0601c9e0                __ashiftrt_r4_25
                0x0601ca18                __ashiftrt_r4_2
                0x0601c9e2                __ashiftrt_r4_24
                0x0601c9fe                __ashiftrt_r4_15
                0x0601ca08                __ashiftrt_r4_10
                0x0601ca1a                __ashiftrt_r4_1
                0x0601c9da                __ashiftrt_r4_28
                0x0601c9f0                __ashiftrt_r4_20
                0x0601ca0e                __ashiftrt_r4_7
                0x0601ca02                __ashiftrt_r4_13
                0x0601ca06                __ashiftrt_r4_11
                0x0601ca14                __ashiftrt_r4_4
                0x0601c9ea                __ashiftrt_r4_23
                0x0601c9f4                __ashiftrt_r4_18
                0x0601c9ee                __ashiftrt_r4_21
                0x0601ca16                __ashiftrt_r4_3
 .text          0x0601ca30       0xa0 c:/saturn/SH_COFF/sh-coff/bin/../lib/gcc/sh-coff/3.4-GNUSH_v0501\libgcc.a(_sdivsi3.o)
                0x0601ca30                __sdivsi3
 .text          0x0601cad0       0x90 c:/saturn/SH_COFF/sh-coff/bin/../lib/gcc/sh-coff/3.4-GNUSH_v0501\libgcc.a(_ashiftrt_n.o)
                0x0601cad0                __ashrsi3
 .text          0x0601cb60       0x90 c:/saturn/SH_COFF/sh-coff/bin/../lib/gcc/sh-coff/3.4-GNUSH_v0501\libgcc.a(_ashiftlt.o)
                0x0601cb60                __ashlsi3
 .text          0x0601cbf0       0xb0 c:/saturn/SH_COFF/sh-coff/bin/../lib/gcc/sh-coff/3.4-GNUSH_v0501\libgcc.a(_movstr.o)
                0x0601cc30                __movstrSI16
                0x0601cc04                __movstrSI60
                0x0601cc10                __movstrSI48
                0x0601cc0c                __movstrSI52
                0x0601cc00                __movstrSI64
                0x0601cc14                __movstrSI44
                0x0601cc18                __movstrSI40
                0x0601cc1c                __movstrSI36
                0x0601cc50                __movstr
                0x0601cc08                __movstrSI56
                0x0601cc24                __movstrSI28
                0x0601cc20                __movstrSI32
                0x0601cc34                __movstrSI12
                0x0601cc38                __movstrSI8
                0x0601cc40                __movstrSI0
                0x0601cc28                __movstrSI24
                0x0601cc2c                __movstrSI20
                0x0601cc3c                __movstrSI4
 .text          0x0601cca0       0xa0 c:/saturn/SH_COFF/sh-coff/bin/../lib/gcc/sh-coff/3.4-GNUSH_v0501\libgcc.a(__main.o)
                0x0601cd14                __main
                0x0601cca0                __do_global_dtors
                0x0601ccd4                __do_global_ctors
 .text          0x0601cd40       0x70 c:/saturn/SH_COFF/sh-coff/bin/../lib/gcc/sh-coff/3.4-GNUSH_v0501\libgcc.a(_udivsi3.o)
                0x0601cd62                __udivsi3
 .text          0x0601cdb0      0x2e0 c:/saturn/SH_COFF/sh-coff/bin/../lib/gcc/sh-coff/3.4-GNUSH_v0501\libgcc.a(_mul_df.o)
                0x0601cdc0                __muldf3
 .text          0x0601d090       0xb0 c:/saturn/SH_COFF/sh-coff/bin/../lib/gcc/sh-coff/3.4-GNUSH_v0501\libgcc.a(_si_to_df.o)
                0x0601d090                __floatsidf
 .text          0x0601d140       0x80 c:/saturn/SH_COFF/sh-coff/bin/../lib/gcc/sh-coff/3.4-GNUSH_v0501\libgcc.a(_df_to_si.o)
                0x0601d140                __fixdfsi
 .text          0x0601d1c0      0x120 c:/saturn/SH_COFF/sh-coff/bin/../lib/gcc/sh-coff/3.4-GNUSH_v0501\libgcc.a(_unpack_df.o)
                0x0601d1d0                __unpack_d
 .text          0x0601d2e0      0x220 c:/saturn/SH_COFF/sh-coff/bin/../lib/gcc/sh-coff/3.4-GNUSH_v0501\libgcc.a(_pack_df.o)
                0x0601d2f0                __pack_d
 .text          0x0601d500       0x20 c:/saturn/SH_COFF/sh-coff/bin/../lib/gcc/sh-coff/3.4-GNUSH_v0501\libgcc.a(_thenan_df.o)
                0x0601d500                __thenan_df
 .text          0x0601d520       0xd0 c:/saturn/SH_COFF/sh-coff/bin/../lib/gcc/sh-coff/3.4-GNUSH_v0501\libgcc.a(_muldi3.o)
                0x0601d520                __muldi3
 .text          0x0601d5f0       0x80 c:/saturn/SH_COFF/sh-coff/bin/../lib/gcc/sh-coff/3.4-GNUSH_v0501\libgcc.a(_lshrdi3.o)
                0x0601d5f0                __lshrdi3
 .text          0x0601d670       0x80 c:/saturn/SH_COFF/sh-coff/bin/../lib/gcc/sh-coff/3.4-GNUSH_v0501\libgcc.a(_ashldi3.o)
                0x0601d670                __ashldi3
 .text          0x0601d6f0       0x30 c:/saturn/SH_COFF/sh-coff/bin/../lib/gcc/sh-coff/3.4-GNUSH_v0501\libgcc.a(_mulsi3.o)
                0x0601d6f0                __mulsi3
 .text          0x0601d720       0x90 c:/saturn/SH_COFF/sh-coff/bin/../lib/gcc/sh-coff/3.4-GNUSH_v0501\libgcc.a(_lshiftrt.o)
                0x0601d720                __lshrsi3
 .text          0x0601d7b0       0x40 c:/saturn/SH_COFF/sh-coff/bin/../lib/gcc/sh-coff/3.4-GNUSH_v0501/../../../../sh-coff/lib\libc.a(memset.o)
                0x0601d7b0                memset
 .text          0x0601d7f0       0xa0 c:/saturn/SH_COFF/sh-coff/bin/../lib/gcc/sh-coff/3.4-GNUSH_v0501/../../../../sh-coff/lib\libc.a(memcpy.o)
                0x0601d7f0                memcpy
 .text          0x0601d890       0x90 c:/saturn/SH_COFF/sh-coff/bin/../lib/gcc/sh-coff/3.4-GNUSH_v0501/../../../../sh-coff/lib\libc.a(atexit.o)
                0x0601d890                atexit
 .text          0x0601d920       0x10 c:/saturn/SH_COFF/sh-coff/bin/../lib/gcc/sh-coff/3.4-GNUSH_v0501/../../../../sh-coff/lib\libc.a(impure.o)
                0x0601d920                _global_impure_ptr
 .text          0x0601d930       0x40 c:/saturn/SH_COFF/sh-coff/bin/../lib/gcc/sh-coff/3.4-GNUSH_v0501/../../../../sh-coff/lib\libc.a(malloc.o)
                0x0601d94c                free
                0x0601d930                malloc
 .text          0x0601d970      0x5b0 c:/saturn/SH_COFF/sh-coff/bin/../lib/gcc/sh-coff/3.4-GNUSH_v0501/../../../../sh-coff/lib\libc.a(mallocr.o)
                0x0601d970                _malloc_r
 .text          0x0601df20      0x340 c:/saturn/SH_COFF/sh-coff/bin/../lib/gcc/sh-coff/3.4-GNUSH_v0501/../../../../sh-coff/lib\libc.a(freer.o)
                0x0601df20                _malloc_trim_r
                0x0601e014                _free_r
 .text          0x0601e260       0x20 c:/saturn/SH_COFF/sh-coff/bin/../lib/gcc/sh-coff/3.4-GNUSH_v0501/../../../../sh-coff/lib\libc.a(mlock.o)
                0x0601e260                __malloc_lock
                0x0601e26c                __malloc_unlock
 .text          0x0601e280       0x50 c:/saturn/SH_COFF/sh-coff/bin/../lib/gcc/sh-coff/3.4-GNUSH_v0501/../../../../sh-coff/lib\libc.a(sbrkr.o)
                0x0601e280                _sbrk_r
 .text          0x0601e2d0      0x380 c:/saturn/SH_COFF/sh-coff/bin/../lib/gcc/sh-coff/3.4-GNUSH_v0501/../../../../sh-coff/lib\libc.a(syscalls.o)
                0x0601e43c                _exit
                0x0601e470                _getpid
                0x0601e4d8                _utime
                0x0601e308                _write
                0x0601e2d0                _read
                0x0601e424                _unlink
                0x0601e3ec                _open
                0x0601e488                _stat
                0x0601e430                isatty
                0x0601e508                _wait
                0x0601e454                _kill
                0x0601e4a4                _chmod
                0x0601e538                _execv
                0x0601e51c                _execve
                0x0601e614                __setup_argv_and_call_main
                0x0601e570                _gettimeofday
                0x0601e33c                _link
                0x0601e47c                _raise
                0x0601e408                _creat
                0x0601e550                _pipe
                0x0601e4bc                _chown
                0x0601e2ec                _lseek
                0x0601e324                _close
                0x0601e564                _times
                0x0601e3d8                _fstat
                0x0601e4f4                _fork
                0x0601e364                _sbrk
 .text          0x0601e650       0x20 c:/saturn/SH_COFF/sh-coff/bin/../lib/gcc/sh-coff/3.4-GNUSH_v0501/../../../../sh-coff/lib\libc.a(trap.o)
                0x0601e650                __trap34
 .text          0x0601e670       0x20 c:/saturn/SH_COFF/sh-coff/bin/../lib/gcc/sh-coff/3.4-GNUSH_v0501/../../../../sh-coff/lib\libc.a(abort.o)
                0x0601e670                abort
 .text          0x0601e690      0x270 c:/saturn/SH_COFF/sh-coff/bin/../lib/gcc/sh-coff/3.4-GNUSH_v0501/../../../../sh-coff/lib\libc.a(signal.o)
                0x0601e750                _raise_r
                0x0601e8d8                __sigtramp
                0x0601e884                raise
                0x0601e8c0                _init_signal
                0x0601e810                __sigtramp_r
                0x0601e8a0                signal
                0x0601e6dc                _signal_r
                0x0601e690                _init_signal_r
 .text          0x0601e900       0x60 c:/saturn/SH_COFF/sh-coff/bin/../lib/gcc/sh-coff/3.4-GNUSH_v0501/../../../../sh-coff/lib\libc.a(signalr.o)
                0x0601e948                _getpid_r
                0x0601e900                _kill_r
 *(.strings)

.tors           0x0601e960        0x0
                0x0601e960                ___ctors = .
 *(.ctors)
                0x0601e960                ___ctors_end = .
                0x0601e960                ___dtors = .
 *(.dtors)
                0x0601e960                ___dtors_end = .

.data           0x0601e960     0x34a0
                0x0601e960                STARTOF_R = .
 *(.data)
 .data          0x0601e960      0x400 ../sbl6/segasmp/per/smpclib/per_x1.o
 .data          0x0601ed60     0x21e0 graphics.o
                0x0601ee28                cyberblock_name
                0x0602030e                girl2_num
                0x0601ee78                metalorange_name
                0x0601ee86                metalorange_num
                0x0601ff02                girl3_num
                0x0602071a                girl1_num
                0x0601ee38                metalorange_pal
                0x0602071c                roarframes_pal
                0x0601edd4                starnear_name
                0x06020b2c                roarbg_pal
                0x06020f2c                roarbg_name
                0x06020710                girl1_name
                0x0601ee88                title_pal
                0x0601edaa                font_height
                0x06020b1c                roarframes_name
                0x0601fef8                girl3_name
                0x06020310                girl1_pal
                0x0601faf8                girl3_pal
                0x0601f6ea                girl5_num
                0x0601f292                title_num
                0x0601eda0                font_name
                0x06020f38                roarbg_num
                0x0601ee36                cyberblock_num
                0x0601f2e0                girl5_pal
                0x0601edac                font_width
                0x0601f2de                stars_num
                0x0601f288                title_name
                0x0601edb4                starfar_name
                0x0601f2d4                stars_name
                0x0601edb0                font_num
                0x0601ed60                font_pal
                0x0601edd2                starmid_width
                0x0601ede4                starnear_width
                0x0601edc0                starfar_height
                0x0601faf6                girl4_num
                0x0601edae                font_size
                0x06020b2a                roarframes_num
                0x0601ede8                cyberblock_pal
                0x0601ede2                starnear_height
                0x0601edc4                starmid_name
                0x0601f6e0                girl5_name
                0x0601f6ec                girl4_pal
                0x0601edd0                starmid_height
                0x0601f294                stars_pal
                0x0601faec                girl4_name
                0x0601ff04                girl2_pal
                0x0601edc2                starfar_width
                0x06020304                girl2_name
 .data          0x06020f40      0x1a0 intro.o
 .data          0x060210e0       0x40 logo.o
 .data          0x06021120       0x10 pcmsys.o
                0x06021124                scsp_load
                0x06021128                m68k_com
                0x06021120                master_volume
 .data          0x06021130       0x30 scroll.o
                0x06021140                CycleTbLoRes
                0x06021150                vram
                0x06021130                CycleTbHiRes
 .data          0x06021160       0x30 sprite.o
 .data          0x06021190      0x400 ../sbl6/segalib/lib/sega_int.a(int.o)
 .data          0x06021590       0x1c ../sbl6/segalib/lib/sega_spr.a(spr_slv.o)
                0x06021598                SPR_SlaveParam
                0x060215a8                SPR_SMPC_SF
                0x060215a0                SPR_SMPC_COM
                0x0602159c                SPR_SlaveSHEntry
                0x06021594                SPR_SlaveState
                0x06021590                SPR_SlaveCommand
                0x060215a4                SPR_SMPC_RET
 *fill*         0x060215ac        0x4 00
 .data          0x060215b0       0x34 ../sbl6/segalib/lib/sega_spr.a(spr_1c.o)
                0x060215b0                SpInitialFlag
 *fill*         0x060215e4        0xc 00
 .data          0x060215f0       0x1c ../sbl6/segalib/lib/sega_scl.a(scl_vblv.o)
                0x060215f8                VBInterval
                0x06021600                ReqDisplayFlag
                0x060215f0                SpFrameChgMode
                0x060215fc                VBIntervalCounter
                0x060215f4                SpFrameEraseMode
 *fill*         0x0602160c        0x4 00
 .data          0x06021610       0x18 ../sbl6/segalib/lib/sega_scl.a(scl_pri.o)
                0x06021614                SclRealSpPriNum
                0x06021624                SclRealColOffset
                0x06021620                SclRealBgColMix
                0x0602161c                SclRealSpColMix
                0x06021618                SclRealBgPriNum
                0x06021610                SclRealOtherPri
 *fill*         0x06021628        0x8 00
 .data          0x06021630       0x36 ../sbl6/segalib/lib/sega_scl.a(scl_func.o)
                0x06021640                SclRotregBuff
                0x0602163c                SclDisplayY
                0x06021644                SclRotateTableMode
                0x06021638                SclProcess
                0x06021634                SclCurSclNum
                0x06021630                SclLengthLsTbl
                0x0602163a                SclDisplayX
                0x06021632                SclLengthCsTbl
 *fill*         0x06021666        0xa 00
 .data          0x06021670      0x380 c:/saturn/SH_COFF/sh-coff/bin/../lib/gcc/sh-coff/3.4-GNUSH_v0501/../../../../sh-coff/lib\libc.a(impure.o)
                0x060219ec                _impure_ptr
 .data          0x060219f0      0x410 c:/saturn/SH_COFF/sh-coff/bin/../lib/gcc/sh-coff/3.4-GNUSH_v0501/../../../../sh-coff/lib\libc.a(mallocr.o)
                0x060219f8                __malloc_av_
                0x060219f4                __malloc_trim_threshold
                0x060219f0                __malloc_sbrk_base
                0x06021e00                SIZEOF_R = (. - STARTOF_R)
                0x06021e00                ENDOF_R = .

.bss            0x06021e00     0xca84
                0x06021e00                STARTOF_B = .
 *(.bss)
 .bss           0x06021e00       0x10 vblank.o
                0x06021e04                PadData2E
                0x06021e0a                PadData1
                0x06021e06                PadData2
                0x06021e08                PadData1E
                0x06021e00                __port
 .bss           0x06021e10       0xd0 ../sbl6/segasmp/per/smpclib/per_x2.o
 .bss           0x06021ee0     0x1970 intro.o
 .bss           0x06023850       0x20 logo.o
 .bss           0x06023870       0x10 pcmsys.o
                0x06023870                numberPCMs
 .bss           0x06023880       0x10 scroll.o
                0x06023880                scroll_res
 .bss           0x06023890     0x3800 sprite.o
                0x06023890                num_sprites
 .bss           0x06027090       0x10 main.o
                0x06027090                frame
 .bss           0x060270a0       0x6e ../sbl6/segalib/lib/sega_spr.a(spr_2c.o)
 *fill*         0x0602710e        0x2 00
 .bss           0x06027110        0x4 ../sbl6/segalib/lib/sega_scl.a(scl_vblv.o)
 *fill*         0x06027114        0xc 00
 .bss           0x06027120     0x1900 ../sbl6/segalib/lib/sega_scl.a(scl_fu05.o)
 .bss           0x06028a20        0x4 ../sbl6/segalib/lib/sega_scl.a(scl_func.o)
 *fill*         0x06028a24        0xc 00
 .bss           0x06028a30       0x48 ../sbl6/segalib/lib/sega_scl.a(scl_ro00.o)
 *fill*         0x06028a78        0x8 00
 .bss           0x06028a80        0xc ../sbl6/segalib/lib/sega_cdc.a(cdc_sub.o)
 *fill*         0x06028a8c        0x4 00
 .bss           0x06028a90        0x2 ../sbl6/segalib/lib/sega_cdc.a(cdc_reg.o)
 *fill*         0x06028a92        0xe 00
 .bss           0x06028aa0       0x9c ../sbl6/segalib/lib/sega_per.a(per_prt.o)
 *fill*         0x06028b3c        0x4 00
 .bss           0x06028b40        0xc ../sbl6/segalib/lib/sega_sat.a(DMA_SCU1.o)
 *fill*         0x06028b4c        0x4 00
 .bss           0x06028b50       0x20 ../sbl6/segalib/lib/sega_sat.a(DMA_SCU0.o)
 .bss           0x06028b70       0x10 c:/saturn/SH_COFF/sh-coff/bin/../lib/gcc/sh-coff/3.4-GNUSH_v0501\libgcc.a(__main.o)
 .bss           0x06028b80       0x10 c:/saturn/SH_COFF/sh-coff/bin/../lib/gcc/sh-coff/3.4-GNUSH_v0501/../../../../sh-coff/lib\libc.a(atexit.o)
 .bss           0x06028b90       0x40 c:/saturn/SH_COFF/sh-coff/bin/../lib/gcc/sh-coff/3.4-GNUSH_v0501/../../../../sh-coff/lib\libc.a(mallocr.o)
                0x06028bc0                __malloc_top_pad
                0x06028b90                __malloc_current_mallinfo
                0x06028bbc                __malloc_max_sbrked_mem
                0x06028bb8                __malloc_max_total_mem
 .bss           0x06028bd0       0x10 c:/saturn/SH_COFF/sh-coff/bin/../lib/gcc/sh-coff/3.4-GNUSH_v0501/../../../../sh-coff/lib\libc.a(syscalls.o)
 *(COMMON)
 COMMON         0x06028be0     0x1674 cd.o
                                  0x0 (size before relaxing)
                0x06028be0                dirname
                0x06029540                lib_work
                0x0602a248                directory_table
 *fill*         0x0602a254        0xc 00
 COMMON         0x0602a260     0x14a0 print.o
                                  0x0 (size before relaxing)
                0x0602a260                text
 COMMON         0x0602b700      0x23c scroll.o
                                  0x0 (size before relaxing)
                0x0602b700                scfg3
                0x0602b790                scfg0
                0x0602b820                scfg2
                0x0602b8b0                scfg1
 *fill*         0x0602b93c        0x4 00
 COMMON         0x0602b940     0x1460 sprite.o
                                  0x0 (size before relaxing)
                0x0602b940                sprites
                0x0602bda0                image_buf
 COMMON         0x0602cda0       0x8c main.o
                                  0x0 (size before relaxing)
                0x0602cda0                off_config
 *fill*         0x0602ce2c        0x4 00
 COMMON         0x0602ce30      0x400 ../sbl6/segalib/lib/sega_int.a(int.o)
                                  0x0 (size before relaxing)
                0x0602ce30                __interrupt_vector
 COMMON         0x0602d230       0x50 ../sbl6/segalib/lib/sega_spr.a(spr_2c.o)
                                  0x0 (size before relaxing)
                0x0602d230                SpMstCmd
                0x0602d234                Sp2OpenFlag
                0x0602d238                SpGourTblMax
                0x0602d23c                SpDrawPrtyBlk
                0x0602d240                SpLCoordX
                0x0602d244                SpMstDrawPrtyBlk
                0x0602d248                SpGourTbl
                0x0602d24c                SpLookupTblR
                0x0602d250                SpCmdTbl
                0x0602d254                SpCharMax
                0x0602d258                SpDrawPrtyProcFlag
                0x0602d25c                SpCmdNo
                0x0602d260                SpDrawPrtyBlkMax
                0x0602d264                SpSlvCmdPos
                0x0602d268                SpSlvDrawPrtyBlk
                0x0602d26c                SpCharTbl
                0x0602d270                SpCmdTblR
                0x0602d274                SpMstCmdPos
                0x0602d278                SpSlvCmd
                0x0602d27c                SpLCoordY
 COMMON         0x0602d280       0x10 ../sbl6/segalib/lib/sega_spr.a(spr_1c.o)
                                  0x0 (size before relaxing)
                0x0602d280                SpScreenY
                0x0602d284                SpFbcrMode
                0x0602d286                SpDil
                0x0602d288                SpDie
                0x0602d28a                SpTvMode
                0x0602d28c                SpScreenX
 COMMON         0x0602d290      0x6b0 ../sbl6/segalib/lib/sega_scl.a(scl_pri.o)
                                  0x0 (size before relaxing)
                0x0602d290                SclAutoEndBlue2
                0x0602d2a0                SclColOffset
                0x0602d2b0                SclPriBuffDirty
                0x0602d2b2                SclAutoEndRed
                0x0602d2b4                SclAutoSurface
                0x0602d2b8                SclAutoGreen
                0x0602d2ba                SclAutoEndGreen
                0x0602d2bc                SclAutoCount
                0x0602d2c0                SclColRamAlloc256
                0x0602d2e0                SclAutoCurRate
                0x0602d2e1                SclAutoPlusFlag
                0x0602d2e8                SclSpColMix
                0x0602d2f0                SclAutoMax
                0x0602d2f4                SclLineColRamOffset
                0x0602d2f8                SclColRamAlloc2048
                0x0602d2fc                SclBgPriNum
                0x0602d302                SclAutoEndBlue
                0x0602d304                SclAutoEndGreen2
                0x0602d306                SclAutoVeFlag
                0x0602d308                SclBgColMix
                0x0602d310                SclAutoIndex
                0x0602d314                SclAutoEndRate
                0x0602d316                SclAutoBlue
                0x0602d318                SclAutoRed
                0x0602d31c                SclAutoInterval
                0x0602d320                SclOtherPri
                0x0602d330                SclAutoRGB
                0x0602d930                SclAutoEndRed2
                0x0602d938                SclSpPriNum
 COMMON         0x0602d940      0xf00 ../sbl6/segalib/lib/sega_scl.a(scl_func.o)
                                  0x0 (size before relaxing)
                0x0602d940                SclRbgKtbAddr
                0x0602d948                SclRb
                0x0602d94a                Scl_flag
                0x0602d950                SclK_TableBuff
                0x0602e620                SclAddrCsTbl
                0x0602e630                Scl_s_reg
                0x0602e658                SclRotateXy
                0x0602e660                Scl_d_reg
                0x0602e6a8                SclRotateDisp
                0x0602e6b0                SclRotateMoveZ
                0x0602e6b8                SclRotXySw
                0x0602e6c0                Scl_r_reg
                0x0602e6d0                SclRPMD
                0x0602e6d8                SclRbgKtbOffset
                0x0602e6e0                _SclRotregBuff
                0x0602e7b0                SclRa
                0x0602e7b8                SclRotateZ
                0x0602e7c0                SclAddrLsTbl
                0x0602e7c8                SclK_TableNum
                0x0602e7d0                SclRotateTableAddress
                0x0602e7d4                SclK_TableFlag
                0x0602e7e0                Scl_w_reg
                0x0602e800                Scl_n_reg
 COMMON         0x0602e840       0x10 ../sbl6/segalib/lib/sega_scl.a(scl_ro00.o)
                                  0x0 (size before relaxing)
                0x0602e840                SclCsx
                0x0602e848                SclCsy
 COMMON         0x0602e850       0x15 ../sbl6/segalib/lib/sega_per.a(per_prt.o)
                                  0x0 (size before relaxing)
                0x0602e850                per_get_time_flg
                0x0602e851                per_hot_res
                0x0602e852                per_set_sys_flg
                0x0602e854                per_get_time_adr
                0x0602e858                per_get_sys_data
                0x0602e864                per_time_out_flg
 *fill*         0x0602e865        0xb 00
 COMMON         0x0602e870        0x8 ../sbl6/segalib/lib/sega_sat.a(DMA_CPU5.o)
                                  0x0 (size before relaxing)
                0x0602e870                dma_cpu_cnt
                0x0602e874                dma_cpu_dis_adr
 *fill*         0x0602e878        0x8 00
 COMMON         0x0602e880        0x4 c:/saturn/SH_COFF/sh-coff/bin/../lib/gcc/sh-coff/3.4-GNUSH_v0501/../../../../sh-coff/lib\libc.a(syscalls.o)
                                  0x0 (size before relaxing)
                0x0602e880                errno
                0x0602e884                SIZEOF_B = (. - STARTOF_B)
                0x0602e884                ENDOF_B = .
                0x0602e884                _end = .
OUTPUT(main.cof coff-sh)

.comment        0x0602e890      0x4a0
 .comment       0x0602e890       0x20 ../sbl6/segasmp/lib/strt2_g.o
 .comment       0x0602e8b0       0x20 vblank.o
 .comment       0x0602e8d0       0x20 ../sbl6/segasmp/per/smpclib/per_x1.o
 .comment       0x0602e8f0       0x20 ../sbl6/segasmp/per/smpclib/per_x2.o
 .comment       0x0602e910       0x20 cd.o
 .comment       0x0602e930       0x20 crc.o
 .comment       0x0602e950       0x20 devcart.o
 .comment       0x0602e970       0x20 graphics.o
 .comment       0x0602e990       0x20 intro.o
 .comment       0x0602e9b0       0x20 logo.o
 .comment       0x0602e9d0       0x20 pcmsys.o
 .comment       0x0602e9f0       0x20 print.o
 .comment       0x0602ea10       0x20 scroll.o
 .comment       0x0602ea30       0x20 sound.o
 .comment       0x0602ea50       0x20 sprite.o
 .comment       0x0602ea70       0x20 main.o
 .comment       0x0602ea90       0x20 c:/saturn/SH_COFF/sh-coff/bin/../lib/gcc/sh-coff/3.4-GNUSH_v0501\libgcc.a(__main.o)
 .comment       0x0602eab0       0x20 c:/saturn/SH_COFF/sh-coff/bin/../lib/gcc/sh-coff/3.4-GNUSH_v0501\libgcc.a(_mul_df.o)
 .comment       0x0602ead0       0x20 c:/saturn/SH_COFF/sh-coff/bin/../lib/gcc/sh-coff/3.4-GNUSH_v0501\libgcc.a(_si_to_df.o)
 .comment       0x0602eaf0       0x20 c:/saturn/SH_COFF/sh-coff/bin/../lib/gcc/sh-coff/3.4-GNUSH_v0501\libgcc.a(_df_to_si.o)
 .comment       0x0602eb10       0x20 c:/saturn/SH_COFF/sh-coff/bin/../lib/gcc/sh-coff/3.4-GNUSH_v0501\libgcc.a(_unpack_df.o)
 .comment       0x0602eb30       0x20 c:/saturn/SH_COFF/sh-coff/bin/../lib/gcc/sh-coff/3.4-GNUSH_v0501\libgcc.a(_pack_df.o)
 .comment       0x0602eb50       0x20 c:/saturn/SH_COFF/sh-coff/bin/../lib/gcc/sh-coff/3.4-GNUSH_v0501\libgcc.a(_thenan_df.o)
 .comment       0x0602eb70       0x20 c:/saturn/SH_COFF/sh-coff/bin/../lib/gcc/sh-coff/3.4-GNUSH_v0501\libgcc.a(_muldi3.o)
 .comment       0x0602eb90       0x20 c:/saturn/SH_COFF/sh-coff/bin/../lib/gcc/sh-coff/3.4-GNUSH_v0501\libgcc.a(_lshrdi3.o)
 .comment       0x0602ebb0       0x20 c:/saturn/SH_COFF/sh-coff/bin/../lib/gcc/sh-coff/3.4-GNUSH_v0501\libgcc.a(_ashldi3.o)
 .comment       0x0602ebd0       0x20 c:/saturn/SH_COFF/sh-coff/bin/../lib/gcc/sh-coff/3.4-GNUSH_v0501/../../../../sh-coff/lib\libc.a(atexit.o)
 .comment       0x0602ebf0       0x20 c:/saturn/SH_COFF/sh-coff/bin/../lib/gcc/sh-coff/3.4-GNUSH_v0501/../../../../sh-coff/lib\libc.a(impure.o)
 .comment       0x0602ec10       0x20 c:/saturn/SH_COFF/sh-coff/bin/../lib/gcc/sh-coff/3.4-GNUSH_v0501/../../../../sh-coff/lib\libc.a(malloc.o)
 .comment       0x0602ec30       0x20 c:/saturn/SH_COFF/sh-coff/bin/../lib/gcc/sh-coff/3.4-GNUSH_v0501/../../../../sh-coff/lib\libc.a(mallocr.o)
 .comment       0x0602ec50       0x20 c:/saturn/SH_COFF/sh-coff/bin/../lib/gcc/sh-coff/3.4-GNUSH_v0501/../../../../sh-coff/lib\libc.a(freer.o)
 .comment       0x0602ec70       0x20 c:/saturn/SH_COFF/sh-coff/bin/../lib/gcc/sh-coff/3.4-GNUSH_v0501/../../../../sh-coff/lib\libc.a(mlock.o)
 .comment       0x0602ec90       0x20 c:/saturn/SH_COFF/sh-coff/bin/../lib/gcc/sh-coff/3.4-GNUSH_v0501/../../../../sh-coff/lib\libc.a(sbrkr.o)
 .comment       0x0602ecb0       0x20 c:/saturn/SH_COFF/sh-coff/bin/../lib/gcc/sh-coff/3.4-GNUSH_v0501/../../../../sh-coff/lib\libc.a(syscalls.o)
 .comment       0x0602ecd0       0x20 c:/saturn/SH_COFF/sh-coff/bin/../lib/gcc/sh-coff/3.4-GNUSH_v0501/../../../../sh-coff/lib\libc.a(abort.o)
 .comment       0x0602ecf0       0x20 c:/saturn/SH_COFF/sh-coff/bin/../lib/gcc/sh-coff/3.4-GNUSH_v0501/../../../../sh-coff/lib\libc.a(signal.o)
 .comment       0x0602ed10       0x20 c:/saturn/SH_COFF/sh-coff/bin/../lib/gcc/sh-coff/3.4-GNUSH_v0501/../../../../sh-coff/lib\libc.a(signalr.o)
