Archive member included because of file (symbol)

c:/saturn/sbl6/segalib/lib/sega_int.a(int.o)
                              vblank.o (INT_SetScuFunc)
c:/saturn/sbl6/segalib/lib/sega_int.a(int_trmp.o)
                              c:/saturn/sbl6/segalib/lib/sega_int.a(int.o) (__interrupt_handler0)
c:/saturn/sbl6/segalib/lib/sega_spr.a(spr_2c.o)
                              sprite.o (SPR_2Initial)
c:/saturn/sbl6/segalib/lib/sega_spr.a(spr_slv.o)
                              c:/saturn/sbl6/segalib/lib/sega_spr.a(spr_2c.o) (SPR_InitSlaveSH)
c:/saturn/sbl6/segalib/lib/sega_spr.a(spr_1c.o)
                              c:/saturn/sbl6/segalib/lib/sega_spr.a(spr_2c.o) (SPR_Initial)
c:/saturn/sbl6/segalib/lib/sega_spr.a(spr_2a.o)
                              c:/saturn/sbl6/segalib/lib/sega_spr.a(spr_2c.o) (SPR_2SetDrawPrty)
c:/saturn/sbl6/segalib/lib/sega_scl.a(scl_vblv.o)
                              c:/saturn/sbl6/segalib/lib/sega_spr.a(spr_1c.o) (SpFrameChgMode)
c:/saturn/sbl6/segalib/lib/sega_scl.a(scl_pr12.o)
                              cutscene.o (SCL_SetColOffset)
c:/saturn/sbl6/segalib/lib/sega_scl.a(scl_pr02.o)
                              cutscene.o (SCL_SetColRam)
c:/saturn/sbl6/segalib/lib/sega_scl.a(scl_pr11.o)
                              cutscene.o (SCL_SetAutoColOffset)
c:/saturn/sbl6/segalib/lib/sega_scl.a(scl_pr07.o)
                              game.o (SCL_SetPriority)
c:/saturn/sbl6/segalib/lib/sega_scl.a(scl_pri.o)
                              c:/saturn/sbl6/segalib/lib/sega_scl.a(scl_pr11.o) (SclAutoVeFlag)
c:/saturn/sbl6/segalib/lib/sega_scl.a(scl_pr10.o)
                              intro.o (SCL_SetAutoColMix)
c:/saturn/sbl6/segalib/lib/sega_scl.a(scl_fu05.o)
                              intro.o (SCL_InitLineParamTb)
c:/saturn/sbl6/segalib/lib/sega_scl.a(scl_func.o)
                              c:/saturn/sbl6/segalib/lib/sega_scl.a(scl_fu05.o) (SclLengthLsTbl)
c:/saturn/sbl6/segalib/lib/sega_scl.a(scl_pr01.o)
                              scroll.o (SCL_SetSpriteMode)
c:/saturn/sbl6/segalib/lib/sega_scl.a(scl_fu01.o)
                              scroll.o (SCL_SetDisplayMode)
c:/saturn/sbl6/segalib/lib/sega_scl.a(scl_fu04.o)
                              scroll.o (SCL_SetCycleTable)
c:/saturn/sbl6/segalib/lib/sega_scl.a(scl_pr03.o)
                              scroll.o (SCL_AllocColRam)
c:/saturn/sbl6/segalib/lib/sega_scl.a(scl_back.o)
                              scroll.o (SCL_SetBack)
c:/saturn/sbl6/segalib/lib/sega_scl.a(scl_fu03.o)
                              scroll.o (SCL_InitConfigTb)
c:/saturn/sbl6/segalib/lib/sega_scl.a(scl_fu02.o)
                              scroll.o (SCL_InitVramConfigTb)
c:/saturn/sbl6/segalib/lib/sega_scl.a(scl_pr09.o)
                              scroll.o (SCL_SetColMixMode)
c:/saturn/sbl6/segalib/lib/sega_scl.a(scl_pr05.o)
                              c:/saturn/sbl6/segalib/lib/sega_scl.a(scl_pr02.o) (SCL_GetColRamOffset)
c:/saturn/sbl6/segalib/lib/sega_scl.a(scl_ro00.o)
                              c:/saturn/sbl6/segalib/lib/sega_scl.a(scl_func.o) (SCL_Rotate)
c:/saturn/sbl6/segalib/lib/sega_scl.a(scl_pr06.o)
                              c:/saturn/sbl6/segalib/lib/sega_scl.a(scl_pr03.o) (SCL_SetColRamOffset)
c:/saturn/sbl6/segalib/lib/sega_mth.a(mth_tri.o)
                              ball.o (MTH_Sin)
c:/saturn/sbl6/segalib/lib/sega_mth.a(mth_fixd.o)
                              ball.o (MTH_Mul)
c:/saturn/sbl6/segalib/lib/sega_mth.a(mth_rand.o)
                              main.o (MTH_InitialRand)
c:/saturn/sbl6/segalib/lib/sega_cdc.a(cdc_drv.o)
                              sound.o (CDC_CdPlay)
c:/saturn/sbl6/segalib/lib/sega_cdc.a(cdc_cmn.o)
                              main.o (CDC_GetPeriStat)
c:/saturn/sbl6/segalib/lib/sega_cdc.a(cdc_sub.o)
                              c:/saturn/sbl6/segalib/lib/sega_cdc.a(cdc_cmn.o) (CDSUB_UpdStatus)
c:/saturn/sbl6/segalib/lib/sega_cdc.a(cdc_reg.o)
                              c:/saturn/sbl6/segalib/lib/sega_cdc.a(cdc_cmn.o) (CDREG_ClrHirqReq)
c:/saturn/sbl6/segalib/lib/sega_per.a(per_prt.o)
                              smpclib/per_x2.o (PER_LInit)
c:/saturn/sbl6/segalib/lib/sega_sat.a(gfs.o)
                              cd.o (GFS_Init)
c:/saturn/sbl6/segalib/lib/sega_sat.a(DMA_CPU1.o)
                              game.o (DMA_CpuMemCopy1)
c:/saturn/sbl6/segalib/lib/sega_sat.a(DMA_CPU2.o)
                              intro.o (DMA_CpuMemCopy2)
c:/saturn/sbl6/segalib/lib/sega_sat.a(DMA_SCU1.o)
                              c:/saturn/sbl6/segalib/lib/sega_spr.a(spr_2c.o) (DMA_ScuMemCopy)
c:/saturn/sbl6/segalib/lib/sega_sat.a(gfs_cdf.o)
                              c:/saturn/sbl6/segalib/lib/sega_sat.a(gfs.o) (GFCF_Init)
c:/saturn/sbl6/segalib/lib/sega_sat.a(gfs_dir.o)
                              c:/saturn/sbl6/segalib/lib/sega_sat.a(gfs.o) (GFDR_SetupDirTbl)
c:/saturn/sbl6/segalib/lib/sega_sat.a(gfs_trn.o)
[...]
Memory Configuration

Name             Origin             Length             Attributes
*default*        0x00000000         0xffffffff

Linker script and memory map

LOAD c:/saturn/sbl6/segasmp/lib/strt1_g.o
LOAD c:/saturn/sbl6/segasmp/lib/strt2_g.o
LOAD vblank.o
LOAD smpclib/per_x1.o
LOAD smpclib/per_x2.o
LOAD smpclib/per_x3.o
LOAD spritecode/explosion.o
LOAD ball.o
LOAD barrier.o
LOAD capsule.o
LOAD cutscene.o
LOAD cd.o
LOAD crc.o
LOAD devcart.o
LOAD game.o
LOAD graphics.o
LOAD intro.o
LOAD laser.o
LOAD level.o
LOAD logo.o
LOAD menu.o
LOAD pcmsys.o
LOAD print.o
LOAD scroll.o
LOAD soon.o
LOAD sound.o
LOAD sprite.o
LOAD main.o
LOAD c:/saturn/sbl6/segalib/lib/sega_int.a
LOAD c:/saturn/sbl6/segalib/lib/sega_spr.a
LOAD c:/saturn/sbl6/segalib/lib/sega_scl.a
LOAD c:/saturn/sbl6/segalib/lib/sega_mth.a
LOAD c:/saturn/sbl6/segalib/lib/sega_cdc.a
LOAD c:/saturn/sbl6/segalib/lib/sega_adp.a
LOAD c:/saturn/sbl6/segalib/lib/sega_per.a
LOAD c:/saturn/sbl6/segalib/lib/sega_sat.a
LOAD c:/saturn/SH_COFF/sh-coff/bin/../lib/gcc/sh-coff/3.4-GNUSH_v0501\libgcc.a
LOAD c:/saturn/SH_COFF/sh-coff/bin/../lib/gcc/sh-coff/3.4-GNUSH_v0501/../../../../sh-coff/lib\libc.a
LOAD c:/saturn/SH_COFF/sh-coff/bin/../lib/gcc/sh-coff/3.4-GNUSH_v0501\libgcc.a

.text           0x06010000    0x19040
 *(.text)
 .text          0x06010000       0x30 c:/saturn/sbl6/segasmp/lib/strt1_g.o
                0x06010024                _D_END
                0x06010020                _D_BGN
                0x0601002c                _B_END
                0x06010028                _B_BGN
                0x06010000                START
 .text          0x06010030       0x60 c:/saturn/sbl6/segasmp/lib/strt2_g.o
                0x06010050                _INITSCT
                0x06010030                _INIT
 .text          0x06010090      0x1d0 vblank.o
                0x06010090                SetVblank
                0x06010110                UsrVblankOut
                0x060100f0                UsrVblankIn
 .text          0x06010260      0x240 smpclib/per_x1.o
                0x06010440                PER_GetAnalogXYZ
                0x06010280                PER_GetTriggerHandler
                0x060103d0                PER_GetEdge
                0x06010390                PER_GetTrigger
                0x060103e0                PER_GetPressEdge
                0x06010410                PER_GetReleaseEdge
                0x06010260                PER_SetTriggerHandler
 .text          0x060104a0      0x180 smpclib/per_x2.o
                0x06010580                PER_GetDeviceA
                0x060104a0                PER_OpenPort
                0x060104d0                PER_GetPort
                0x060105c0                PER_GetDeviceR
 .text          0x06010620       0x20 smpclib/per_x3.o
                0x06010620                PER_DisguiseTrigger
 .text          0x06010640       0xb0 spritecode/explosion.o
                0x060106a0                explosion_move
                0x06010640                explosion_make
 .text          0x060106f0      0x4e0 ball.o
                0x06010910                ball_move
                0x06010820                ball_remove
                0x06010710                ball_add
                0x06010870                ball_bounce
                0x060106f0                ball_init
                0x06010b50                ball_draw
 .text          0x06010bd0      0x180 barrier.o
                0x06010c00                barrier_move
                0x06010bd0                barrier_init
                0x06010c90                barrier_draw
 .text          0x06010d50      0x230 capsule.o
                0x06010e00                capsule_run
                0x06010d70                capsule_add
                0x06010f20                capsule_draw
                0x06010db0                capsule_remove
                0x06010d50                capsule_init
 .text          0x06010f80      0x1c0 cutscene.o
                0x06010f80                cutscene_run
 .text          0x06011140      0x120 cd.o
                0x060111e0                cd_load_nosize
                0x06011140                cd_init
                0x06011170                cd_load
 .text          0x06011260      0x140 crc.o
                0x06011360                crc_update
 .text          0x060113a0      0x1c0 devcart.o
                0x06011520                devcart_reset
                0x06011410                devcart_loadfile
                0x06011510                devcart_printstr
 .text          0x06011560     0x1830 game.o
                0x06011660                game_incpowerup
                0x060117d0                game_run
                0x06011740                game_loss
                0x06011690                game_powerupreset
 .text          0x06012d90      0xe60 intro.o
                0x06012d90                intro_run
 .text          0x06013bf0      0x180 laser.o
                0x06013c10                laser_add
                0x06013c50                laser_remove
                0x06013d00                laser_draw
                0x06013bf0                laser_init
                0x06013c90                laser_move
 .text          0x06013d70      0x710 level.o
                0x06014070                level_disp
                0x06013d70                level_load
 .text          0x06014480      0x390 logo.o
                0x060144e0                logo_run
                0x06014480                logo_loadframe
 .text          0x06014810      0xc20 menu.o
                0x06014b40                menu_run
                0x060149f0                sqrt32
 .text          0x06015430      0x8c0 pcmsys.o
                0x06015af0                load_8bit_pcm
                0x06015850                smpc_issue_command
                0x060158f0                load_drv
                0x06015c80                pcm_parameter_change
                0x06015830                smpc_wait_till_ready
                0x06015870                load_driver_binary
                0x06015c40                pcm_play
                0x06015cb0                pcm_cease
                0x06015940                calculate_bytes_per_blank
                0x06015990                load_16bit_pcm
 .text          0x06015cf0      0x230 print.o
                0x06015e80                print_display
                0x06015dd0                print_num
                0x06015cf0                print_load
                0x06015da0                print_init
                0x06015e20                print_string
 .text          0x06015f20      0x690 scroll.o
                0x06015f20                scroll_lores
                0x06016360                scroll_move
                0x060163b0                scroll_clearmaps
                0x06016310                scroll_set
                0x06016400                scroll_charsize
                0x06016450                scroll_mapsize
                0x06015f90                scroll_hires
                0x060164a0                scroll_bitmapon
                0x06016520                scroll_bitmapoff
                0x060160e0                scroll_init
                0x06016000                scroll_scale
 .text          0x060165b0      0x270 soon.o
                0x060166a0                soon_clearcol
                0x06016670                soon_loadcol
                0x060165b0                soon_init
                0x060166d0                soon_run
 .text          0x06016820      0x1a0 sound.o
                0x060169a0                sound_play
                0x06016850                sound_init
                0x06016940                sound_cdda
 .text          0x060169c0      0x5f0 sprite.o
                0x060169f0                sprite_init
                0x06016de0                sprite_make
                0x06016f20                sprite_next
                0x06016aa0                sprite_erase
                0x06016f80                sprite_delete
                0x06016e30                sprite_draw_all
                0x060169c0                sprite_deleteall
                0x06016b00                sprite_startdraw
                0x06016b80                sprite_draw
 .text          0x06016fb0      0x270 main.o
                0x06016fb0                main
 .text          0x06017220       0x40 c:/saturn/sbl6/segalib/lib/sega_int.a(int.o)
                0x0601724c                INT_GetScuFunc
                0x06017220                INT_SetScuFunc
 .text          0x06017260      0x624 c:/saturn/sbl6/segalib/lib/sega_int.a(int_trmp.o)
                0x060173c8                __interrupt_handler60
                0x06017578                __interrupt_handler132
                0x0601772e                __interrupt_handler205
                0x06017596                __interrupt_handler137
                0x060174c4                __interrupt_handler102
                0x06017302                __interrupt_handler27
                0x06017704                __interrupt_handler198
                0x060175f6                __interrupt_handler153
                0x060172de                __interrupt_handler21
                0x060173ec                __interrupt_handler66
                0x060174dc                __interrupt_handler106
                0x06017626                __interrupt_handler161
                0x06017470                __interrupt_handler88
                0x0601763e                __interrupt_handler165
                0x0601754e                __interrupt_handler125
                0x06017284                __interrupt_handler6
                0x06017320                __interrupt_handler32
                0x060176da                __interrupt_handler191
                0x060177f4                __interrupt_handler238
                0x0601780c                __interrupt_handler242
                0x06017614                __interrupt_handler158
                0x0601747c                __interrupt_handler90
                0x06017638                __interrupt_handler164
                0x0601735c                __interrupt_handler42
                0x0601769e                __interrupt_handler181
                0x060177a6                __interrupt_handler225
                0x0601784e                __interrupt_handler253
                0x06017662                __interrupt_handler171
                0x0601741c                __interrupt_handler74
                0x06017272                __interrupt_handler3
                0x060173b6                __interrupt_handler57
                0x060172b4                __interrupt_handler14
                0x0601774c                __interrupt_handler210
                0x0601777c                __interrupt_handler218
                0x06017740                __interrupt_handler208
                0x06017344                __interrupt_handler38
                0x06017260                __interrupt_handler0
                0x060174d0                __interrupt_handler104
                0x0601760e                __interrupt_handler157
                0x0601775e                __interrupt_handler213
                0x06017650                __interrupt_handler168
                0x0601745e                __interrupt_handler85
                0x060174fa                __interrupt_handler111
                0x0601750c                __interrupt_handler114
                0x0601737a                __interrupt_handler47
                0x060177d0                __interrupt_handler232
                0x0601779a                __interrupt_handler223
                0x060177ee                __interrupt_handler237
                0x060173da                __interrupt_handler63
                0x06017368                __interrupt_handler44
                0x0601767a                __interrupt_handler175
                0x060176a4                __interrupt_handler182
                0x060176bc                __interrupt_handler186
                0x060175ba                __interrupt_handler143
                0x060174e2                __interrupt_handler107
                0x06017548                __interrupt_handler124
                0x06017668                __interrupt_handler172
                0x0601781e                __interrupt_handler245
                0x0601749a                __interrupt_handler95
                0x06017572                __interrupt_handler131
                0x06017584                __interrupt_handler134
                0x060175a2                __interrupt_handler139
                0x06017410                __interrupt_handler72
                0x060177ca                __interrupt_handler231
                0x06017620                __interrupt_handler160
                0x06017566                __interrupt_handler129
                0x060172d8                __interrupt_handler20
                0x060173e6                __interrupt_handler65
                0x060173b0                __interrupt_handler56
                0x060172ae                __interrupt_handler13
                0x06017746                __interrupt_handler209
                0x06017500                __interrupt_handler112
                0x060172d2                __interrupt_handler19
                0x0601748e                __interrupt_handler93
                0x060176f8                __interrupt_handler196
                0x060175ea                __interrupt_handler151
                0x0601764a                __interrupt_handler167
                0x06017860                __trampoline
                0x060172c6                __interrupt_handler17
                0x060177b8                __interrupt_handler228
                0x0601785a                __interrupt_handler255
                0x06017818                __interrupt_handler244
                0x060174b2                __interrupt_handler99
                0x060176aa                __interrupt_handler183
                0x060175a8                __interrupt_handler140
                0x060176ce                __interrupt_handler189
                0x060175cc                __interrupt_handler146
                0x06017794                __interrupt_handler222
                0x06017608                __interrupt_handler156
                0x0601753c                __interrupt_handler122
                0x06017830                __interrupt_handler248
                0x06017380                __interrupt_handler48
                0x060173fe                __interrupt_handler69
                0x060172f0                __interrupt_handler24
                0x06017476                __interrupt_handler89
                0x0601776a                __interrupt_handler215
                0x06017854                __interrupt_handler254
                0x0601746a                __interrupt_handler87
                0x060173ce                __interrupt_handler61
                0x060176f2                __interrupt_handler195
                0x060175e4                __interrupt_handler150
                0x06017356                __interrupt_handler41
                0x060174f4                __interrupt_handler110
                0x0601755a                __interrupt_handler127
                0x060174e8                __interrupt_handler108
                0x06017506                __interrupt_handler113
                0x06017518                __interrupt_handler116
                0x06017536                __interrupt_handler121
                0x0601742e                __interrupt_handler77
                0x0601734a                __interrupt_handler39
                0x06017362                __interrupt_handler43
                0x06017836                __interrupt_handler249
                0x06017674                __interrupt_handler174
                0x06017590                __interrupt_handler136
                0x060176c8                __interrupt_handler188
                0x060175c6                __interrupt_handler145
                0x06017296                __interrupt_handler9
                0x0601743a                __interrupt_handler79
                0x060177b2                __interrupt_handler227
                0x0601732c                __interrupt_handler34
                0x0601756c                __interrupt_handler130
                0x0601782a                __interrupt_handler247
                0x06017422                __interrupt_handler75
                0x0601766e                __interrupt_handler173
                0x0601739e                __interrupt_handler53
                0x060175de                __interrupt_handler149
                0x06017842                __interrupt_handler251
                0x060177d6                __interrupt_handler233
                0x0601729c                __interrupt_handler10
                0x06017728                __interrupt_handler204
                0x0601744c                __interrupt_handler82
                0x06017452                __interrupt_handler83
                0x060172f6                __interrupt_handler25
                0x06017812                __interrupt_handler243
                0x0601762c                __interrupt_handler162
                0x06017374                __interrupt_handler46
                0x0601768c                __interrupt_handler178
                0x06017440                __interrupt_handler80
                0x060173d4                __interrupt_handler62
                0x0601726c                __interrupt_handler2
                0x0601730e                __interrupt_handler29
                0x06017404                __interrupt_handler70
                0x060174ee                __interrupt_handler109
                0x060175d8                __interrupt_handler148
                0x06017494                __interrupt_handler94
                0x060177a0                __interrupt_handler224
                0x060174ca                __interrupt_handler103
                0x06017338                __interrupt_handler36
                0x06017554                __interrupt_handler126
                0x06017824                __interrupt_handler246
                0x060173aa                __interrupt_handler55
                0x060172a8                __interrupt_handler12
                0x06017398                __interrupt_handler52
                0x060176c2                __interrupt_handler187
                0x060175c0                __interrupt_handler144
                0x0601751e                __interrupt_handler117
                0x060172cc                __interrupt_handler18
                0x060176fe                __interrupt_handler197
                0x060175f0                __interrupt_handler152
                0x06017524                __interrupt_handler118
                0x0601765c                __interrupt_handler170
                0x06017716                __interrupt_handler201
                0x060174a6                __interrupt_handler97
                0x06017632                __interrupt_handler163
                0x06017698                __interrupt_handler180
                0x060176e0                __interrupt_handler192
                0x06017800                __interrupt_handler240
                0x06017542                __interrupt_handler123
                0x06017764                __interrupt_handler214
                0x0601731a                __interrupt_handler31
                0x06017308                __interrupt_handler28
                0x060173f2                __interrupt_handler67
                0x060173f8                __interrupt_handler68
                0x060172e4                __interrupt_handler22
                0x060172ea                __interrupt_handler23
                0x06017680                __interrupt_handler176
                0x0601728a                __interrupt_handler7
                0x0601778e                __interrupt_handler221
                0x06017776                __interrupt_handler217
                0x060177be                __interrupt_handler229
                0x06017386                __interrupt_handler49
                0x06017278                __interrupt_handler4
                0x06017350                __interrupt_handler40
                0x06017512                __interrupt_handler115
                0x060177e2                __interrupt_handler235
                0x06017482                __interrupt_handler91
                0x06017734                __interrupt_handler206
                0x06017686                __interrupt_handler177
                0x060175d2                __interrupt_handler147
                0x0601733e                __interrupt_handler37
                0x0601783c                __interrupt_handler250
                0x06017266                __interrupt_handler1
                0x06017782                __interrupt_handler219
                0x06017428                __interrupt_handler76
                0x060174b8                __interrupt_handler100
                0x060173bc                __interrupt_handler58
                0x060172ba                __interrupt_handler15
                0x06017758                __interrupt_handler212
                0x06017806                __interrupt_handler241
                0x0601771c                __interrupt_handler202
                0x060176e6                __interrupt_handler193
                0x06017434                __interrupt_handler78
                0x0601738c                __interrupt_handler50
                0x06017326                __interrupt_handler33
                0x06017644                __interrupt_handler166
                0x0601759c                __interrupt_handler138
                0x0601758a                __interrupt_handler135
                0x06017314                __interrupt_handler30
                0x060176b0                __interrupt_handler184
                0x060175ae                __interrupt_handler141
                0x060177c4                __interrupt_handler230
                0x060177e8                __interrupt_handler236
                0x0601752a                __interrupt_handler119
                0x06017464                __interrupt_handler86
                0x060174d6                __interrupt_handler105
                0x06017446                __interrupt_handler81
                0x06017530                __interrupt_handler120
                0x06017560                __interrupt_handler128
                0x060173a4                __interrupt_handler54
                0x060172a2                __interrupt_handler11
                0x0601770a                __interrupt_handler199
                0x060175fc                __interrupt_handler154
                0x0601736e                __interrupt_handler45
                0x06017770                __interrupt_handler216
                0x06017722                __interrupt_handler203
                0x060174be                __interrupt_handler101
                0x06017458                __interrupt_handler84
                0x060176b6                __interrupt_handler185
                0x060175b4                __interrupt_handler142
                0x060172fc                __interrupt_handler26
                0x060173e0                __interrupt_handler64
                0x06017710                __interrupt_handler200
                0x0601773a                __interrupt_handler207
                0x060176ec                __interrupt_handler194
                0x06017488                __interrupt_handler92
                0x06017602                __interrupt_handler155
                0x06017752                __interrupt_handler211
                0x0601757e                __interrupt_handler133
                0x0601727e                __interrupt_handler5
                0x06017416                __interrupt_handler73
                0x060172c0                __interrupt_handler16
                0x060177fa                __interrupt_handler239
                0x060177dc                __interrupt_handler234
                0x06017332                __interrupt_handler35
                0x060173c2                __interrupt_handler59
                0x06017656                __interrupt_handler169
                0x060174ac                __interrupt_handler98
                0x0601740a                __interrupt_handler71
                0x06017392                __interrupt_handler51
                0x0601761a                __interrupt_handler159
                0x060177ac                __interrupt_handler226
                0x060174a0                __interrupt_handler96
                0x060176d4                __interrupt_handler190
                0x06017788                __interrupt_handler220
                0x06017290                __interrupt_handler8
                0x06017692                __interrupt_handler179
                0x06017848                __interrupt_handler252
 *fill*         0x06017884        0xc 00
 .text          0x06017890     0x12a0 c:/saturn/sbl6/segalib/lib/sega_spr.a(spr_2c.o)
                0x06018af0                SlaveFlushDrawPrtyBlock
                0x06017890                SPR_2Initial
                0x060180d4                SPR_2SysClip
                0x06018074                SPR_2LocalCoord
                0x0601896c                SPR_2FlushDrawPrtyBlock
                0x06018658                SPR_2DistSpr
                0x0601805c                SPR_2FlushDrawPrty
                0x0601877c                SPR_2Cmd
                0x06017d58                SPR_2GourTblNoToVram
                0x06017db8                SPR_2GetAreaSizeInfo
                0x06017b20                SPR_2SetGourTbl
                0x0601830c                SPR_2Polygon
                0x06017d94                SPR_2CharNoToVram
                0x06017aa0                SPR_2SetTvMode
                0x06017efc                SPR_2CloseCommand
                0x06017adc                SPR_2FrameEraseData
                0x060178b8                SPR_2Initial2
                0x060184ec                SPR_2ScaleSpr
                0x0601817c                SPR_2Line
                0x06017e48                SPR_2OpenCommand
                0x06017abc                SPR_2FrameChgIntr
                0x060183c8                SPR_2NormSpr
                0x06017b50                SPR_2SetLookupTbl
                0x06017b84                SPR_2SetChar
                0x06017d7c                SPR_2LookupTblNoToVram
                0x06018250                SPR_2PolyLine
                0x06017cf0                SPR_2ClrAllChar
                0x06017ca4                SPR_2ClrChar
                0x06018120                SPR_2UserClip
 .text          0x06018b30      0x1e6 c:/saturn/sbl6/segalib/lib/sega_spr.a(spr_slv.o)
                0x06018c94                SPR_WaitEndSlaveSH
                0x06018b30                SPR_SMPC_SSHON
                0x06018c70                SPR_RunSlaveSH
                0x06018b34                SPR_InitSlaveSH
                0x06018bfc                SPR_SlaveSHmain
                0x06018b31                SPR_SMPC_SSHOFF
 *fill*         0x06018d16        0xa 00
 .text          0x06018d20      0x36a c:/saturn/sbl6/segalib/lib/sega_spr.a(spr_1c.o)
                0x06018fd4                SPR_WaitDrawEnd
                0x06018fec                SPR_SetEosMode
                0x06018f04                SPR_SetEraseData
                0x06018d20                SPR_Initial
                0x06018df8                SPR_SetTvMode
                0x06018e90                SPR_GetStatus
 *fill*         0x0601908a        0x6 00
 .text          0x06019090      0x244 c:/saturn/sbl6/segalib/lib/sega_spr.a(spr_2a.o)
                0x060190a2                sprMemCpyW
                0x06019100                flushDrawPrtyBlock
                0x06019090                sprMemCpyL
                0x060190b4                SPR_2SetDrawPrty
 *fill*         0x060192d4        0xc 00
 .text          0x060192e0      0x2fc c:/saturn/sbl6/segalib/lib/sega_scl.a(scl_vblv.o)
                0x0601939c                SCL_DisplayFrame
                0x060192e0                SCL_SetFrameInterval
                0x060193d0                SCL_VblInit
                0x06019420                SCL_VblankStart
                0x06019464                SCL_VblankEnd
 *fill*         0x060195dc        0x4 00
 .text          0x060195e0      0x1f4 c:/saturn/sbl6/segalib/lib/sega_scl.a(scl_pr12.o)
                0x060195e0                SCL_SetColOffset
 *fill*         0x060197d4        0xc 00
 .text          0x060197e0       0x9c c:/saturn/sbl6/segalib/lib/sega_scl.a(scl_pr02.o)
                0x060197e0                SCL_SetColRam
 *fill*         0x0601987c        0x4 00
 .text          0x06019880      0x180 c:/saturn/sbl6/segalib/lib/sega_scl.a(scl_pr11.o)
                0x06019880                SCL_SetAutoColOffset
 .text          0x06019a00      0x214 c:/saturn/sbl6/segalib/lib/sega_scl.a(scl_pr07.o)
                0x06019a00                SCL_SetPriority
 *fill*         0x06019c14        0xc 00
 .text          0x06019c20     0x10a4 c:/saturn/sbl6/segalib/lib/sega_scl.a(scl_pri.o)
                0x06019cb4                SCL_AbortAutoVe
                0x0601ab64                SCL_SetShadowBit
                0x0601a12c                SCL_AutoExec
                0x06019c20                SCL_PriorityInit
                0x0601a640                SCL_IncColOffset
                0x06019cc8                SCL_SetColMixRate
                0x06019c98                SCL_GetColRamMode
 *fill*         0x0601acc4        0xc 00
 .text          0x0601acd0       0x98 c:/saturn/sbl6/segalib/lib/sega_scl.a(scl_pr10.o)
                0x0601acd0                SCL_SetAutoColMix
 *fill*         0x0601ad68        0x8 00
 .text          0x0601ad70      0x278 c:/saturn/sbl6/segalib/lib/sega_scl.a(scl_fu05.o)
                0x0601ae2c                SCL_SetLineParam
                0x0601ad78                SCL_InitLineParamTb
 *fill*         0x0601afe8        0x8 00
 .text          0x0601aff0      0xb9c c:/saturn/sbl6/segalib/lib/sega_scl.a(scl_func.o)
                0x0601b9cc                SCL_Vdp2_SGLInit
                0x0601b8dc                SCL_PriIntProc
                0x0601b854                SCL_Memcpyw
                0x0601bb6c                SCL_SglOff
                0x0601bb4c                SCL_SglOn
                0x0601b7c0                SCL_ScrollShow
                0x0601b268                SCL_Close
                0x0601b560                SCL_Scale
                0x0601aff0                SCL_Vdp2Init
                0x0601b3d4                SCL_Move
                0x0601b69c                SCL_CopyReg
                0x0601b244                SCL_Open
                0x0601b074                SCL_ParametersInit
                0x0601b284                SCL_MoveTo
                0x0601b87c                SCL_SetColRamMode
 *fill*         0x0601bb8c        0x4 00
 .text          0x0601bb90       0x58 c:/saturn/sbl6/segalib/lib/sega_scl.a(scl_pr01.o)
                0x0601bb90                SCL_SetSpriteMode
 *fill*         0x0601bbe8        0x8 00
 .text          0x0601bbf0      0x1ec c:/saturn/sbl6/segalib/lib/sega_scl.a(scl_fu01.o)
                0x0601bbf0                SCL_SetDisplayMode
 *fill*         0x0601bddc        0x4 00
 .text          0x0601bde0       0x28 c:/saturn/sbl6/segalib/lib/sega_scl.a(scl_fu04.o)
                0x0601bde0                SCL_SetCycleTable
 *fill*         0x0601be08        0x8 00
 .text          0x0601be10      0x138 c:/saturn/sbl6/segalib/lib/sega_scl.a(scl_pr03.o)
                0x0601be10                SCL_FreeColRam
                0x0601be48                SCL_AllocColRam
 *fill*         0x0601bf48        0x8 00
 .text          0x0601bf50       0x84 c:/saturn/sbl6/segalib/lib/sega_scl.a(scl_back.o)
                0x0601bf50                SCL_SetBack
 *fill*         0x0601bfd4        0xc 00
 .text          0x0601bfe0      0x94c c:/saturn/sbl6/segalib/lib/sega_scl.a(scl_fu03.o)
                0x0601c03c                SCL_SetConfig
                0x0601bfe0                SCL_InitConfigTb
 *fill*         0x0601c92c        0x4 00
 .text          0x0601c930      0x4f4 c:/saturn/sbl6/segalib/lib/sega_scl.a(scl_fu02.o)
                0x0601c968                SCL_SetVramConfig
                0x0601c930                SCL_InitVramConfigTb
 *fill*         0x0601ce24        0xc 00
 .text          0x0601ce30       0x40 c:/saturn/sbl6/segalib/lib/sega_scl.a(scl_pr09.o)
                0x0601ce30                SCL_SetColMixMode
 .text          0x0601ce70       0xac c:/saturn/sbl6/segalib/lib/sega_scl.a(scl_pr05.o)
                0x0601ce70                SCL_GetColRamOffset
 *fill*         0x0601cf1c        0x4 00
 .text          0x0601cf20     0x1394 c:/saturn/sbl6/segalib/lib/sega_scl.a(scl_ro00.o)
                0x0601e10c                SCL_RotateZD
                0x0601d3d4                SCL_Rotate
                0x0601d0a8                SCL_InitRotateTable
 *fill*         0x0601e2b4        0xc 00
 .text          0x0601e2c0      0x1b4 c:/saturn/sbl6/segalib/lib/sega_scl.a(scl_pr06.o)
                0x0601e2c0                SCL_SetColRamOffset
 *fill*         0x0601e474        0xc 00
 .text          0x0601e480      0x600 c:/saturn/sbl6/segalib/lib/sega_mth.a(mth_tri.o)
                0x0601e51c                fcos
                0x0601e522                fsin
                0x0601e4cc                MTH_Cos
                0x0601e480                MTH_Sin
                0x0601e6c0                MTH_Atan
 .text          0x0601ea80       0xa4 c:/saturn/sbl6/segalib/lib/sega_mth.a(mth_fixd.o)
                0x0601ead0                MTH_FixedToInt
                0x0601eac0                MTH_IntToFixed
                0x0601ea80                MTH_Mul
                0x0601eae0                MTH_Product
                0x0601eaa0                MTH_Div
 *fill*         0x0601eb24        0xc 00
 .text          0x0601eb30       0x30 c:/saturn/sbl6/segalib/lib/sega_mth.a(mth_rand.o)
                0x0601eb40                MTH_GetRand
                0x0601eb30                MTH_InitialRand
 .text          0x0601eb60      0x130 c:/saturn/sbl6/segalib/lib/sega_cdc.a(cdc_drv.o)
                0x0601eb60                CDC_CdPlay
                0x0601ec2c                CDC_CdSeek
                0x0601ec60                CDC_CdScan
 .text          0x0601ec90      0x3a0 c:/saturn/sbl6/segalib/lib/sega_cdc.a(cdc_cmn.o)
                0x0601ee34                CDC_TgetToc
                0x0601efd8                CDC_DataEnd
                0x0601ecf8                CDC_GetPeriStat
                0x0601ef6c                CDC_DataReady
                0x0601ef44                CDC_CdOpen
                0x0601eec0                CDC_CdInit
                0x0601ee84                CDC_GetSes
                0x0601ece0                CDC_GetLastStat
                0x0601ec90                CDC_GetCurStat
                0x0601edcc                CDC_GetHwInfo
 .text          0x0601f030      0x152 c:/saturn/sbl6/segalib/lib/sega_cdc.a(cdc_sub.o)
                0x0601f0d8                CDSUB_GetCdstat
                0x0601f048                CDSUB_UpdCdstat
                0x0601f118                CDSUB_RspToCdstat
                0x0601f160                CDSUB_SoftTimer
                0x0601f030                CDSUB_UpdStatus
                0x0601f068                CDSUB_CdCmd
 *fill*         0x0601f182        0xe 00
 .text          0x0601f190      0x2dc c:/saturn/sbl6/segalib/lib/sega_cdc.a(cdc_reg.o)
                0x0601f1e4                CDREG_ClrHirqReq
                0x0601f1b4                CDC_ClrHirqReq
                0x0601f264                CDREG_TgetData
                0x0601f254                CDC_GetMpegPtr
                0x0601f230                CDC_GetHirqMsk
                0x0601f190                CDC_GetDataPtr
                0x0601f1a0                CDC_GetHirqReq
                0x0601f3c0                CDREG_WaitHirq
                0x0601f244                CDC_SetHirqMsk
                0x0601f2c0                CDREG_CmdRsp
                0x0601f1f4                CDREG_InitHirqReq
                0x0601f21c                CDREG_SetHirqFlag
                0x0601f430                CDREG_ReadRsp
 *fill*         0x0601f46c        0x4 00
 .text          0x0601f470      0xf50 c:/saturn/sbl6/segalib/lib/sega_per.a(per_prt.o)
                0x0601f890                PER_IntFunc
                0x0601f688                PER_LGetPer
                0x0601f470                PER_LInit
 .text          0x060203c0     0x1b04 c:/saturn/sbl6/segalib/lib/sega_sat.a(gfs.o)
                0x060203c0                gfs_version
                0x06021634                gfs_mngGetNumFile
                0x06021db4                gfs_closeSub
                0x06021150                GFS_SetGmode
                0x0602140c                GFS_SetErrFunc
                0x0602155c                gfs_mngSetupFuncTbl
                0x06020718                GFS_Reset
                0x06021484                gfs_chgRoot
                0x06021550                gfs_aborttrans
                0x06021834                gfs_svrAddHndl
                0x060216e4                gfs_mngFreeGrp
                0x0602145c                GFS_ConvTno
                0x060219e8                gfs_getRootDir
                0x06021438                GFS_GetErrStat
                0x06020888                GFS_Seek
                0x06020ef4                GFS_NwStop
                0x060216f0                gfs_mngTermAccess
                0x0602079c                GFS_Open
                0x0602169c                GFS_mngAllocGrp
                0x06021dfc                gfs_isTaskDone
                0x06020bf4                GFS_Fread
                0x06021354                GFS_StartTrans
                0x06021d50                gfs_GetFinfo
                0x06021590                gfs_mngInitWork
                0x060209e0                GFS_ByteToSct
                0x060217f4                gfs_svrSearchHndl
                0x06021ae4                gfs_loadRootDir
                0x0602063c                GFS_IdToName
                0x06020d38                GFS_NwFread
                0x06021284                GFS_SetTransPara
                0x06020e44                GFS_NwCdRead
                0x06021924                gfs_loadVol
                0x06021220                GFS_SetReadPara
                0x0602093c                GFS_Tell
                0x060211b4                GFS_SetTmode
                0x06021cb8                GFS_GetFad
                0x060212f0                GFS_SetTrFunc
                0x060213a0                GFS_CdMovePickup
                0x060205d8                GFS_NameToId
                0x0602100c                GFS_NwExecOne
                0x06021b6c                gfs_flowIn
                0x06020a94                GFS_GetFileInfo
                0x06021c14                gfs_transData
                0x06021870                gfs_svrRemoveHndl
                0x06020ebc                GFS_NwIsComplete
                0x06021df0                gfs_getGmode
                0x06020f60                GFS_NwGetStat
                0x060218cc                GFS_OpenSub
                0x06020570                GFS_SetDir
                0x06020a3c                GFS_GetFileSize
                0x06020b08                GFS_GetNumCdbuf
                0x06021e50                gfs_convFinStat
                0x06020b30                GFS_Load
                0x06020c90                gfs_waitRead
                0x060204c8                GFS_LoadDir
                0x060206a8                GFS_GetDirInfo
                0x06020850                GFS_Close
                0x060203e0                GFS_Init
                0x06020fdc                gfs_recovRdErr
                0x06021774                gfs_mngSetErrCode
                0x060210cc                GFS_NwExecServer
                0x0602098c                GFS_IsEof
                0x06021d10                gfs_SetSct
 *fill*         0x06021ec4        0xc 00
 .text          0x06021ed0       0x90 c:/saturn/sbl6/segalib/lib/sega_sat.a(DMA_CPU1.o)
                0x06021ed0                DMA_CpuMemCopy1
 .text          0x06021f60       0x94 c:/saturn/sbl6/segalib/lib/sega_sat.a(DMA_CPU2.o)
                0x06021f60                DMA_CpuMemCopy2
 *fill*         0x06021ff4        0xc 00
 .text          0x06022000      0x1f4 c:/saturn/sbl6/segalib/lib/sega_sat.a(DMA_SCU1.o)
                0x0602215c                DMA_ScuResult
                0x06022000                DMA_ScuInit
                0x06022050                DMA_ScuMemCopy
 *fill*         0x060221f4        0xc 00
 .text          0x06022200      0x8d4 c:/saturn/sbl6/segalib/lib/sega_sat.a(gfs_cdf.o)
                0x060226f4                GFCF_Seek
                0x060227fc                GFCF_GetStat
                0x060226dc                GFCF_Tell
                0x060222a0                GFCF_Setup
                0x060227a8                GFCF_cnvIntlvOfs
                0x06022200                GFCF_Init
                0x06022694                GFCF_Recover
                0x060223e8                GFCF_SetSct
                0x0602270c                GFCF_MovePickup
                0x060228d0                gfcf_isCdOk
                0x060224a0                GFCF_FlowInBuf
                0x0602242c                GFCF_GetFileInfo
                0x060225f4                GFCF_StopInBuf
                0x06022894                gfcf_getSctSize
                0x06022990                gfcf_getPlayRange
 *fill*         0x06022ad4        0xc 00
 .text          0x06022ae0      0x928 c:/saturn/sbl6/segalib/lib/sega_sat.a(gfs_dir.o)
                0x06022fd0                gfdr_setNextRec
                0x060233cc                gfdr_setDirrecCd
                0x06022dc8                gfdr_open
                0x06022bdc                GFDR_GetAtrDirId
                0x06022eb0                gfdr_readByte
                0x06022ae0                GFDR_SetupDirTbl
                0x06022fa8                gfdr_readLongNM
                0x06023054                gfdr_readDirEnt
                0x06022c0c                GFDR_ChgRoot
                0x06022b54                GFDR_NameToId
                0x06022c98                gfdr_setupDirIdTbl
                0x06022bf4                GFDR_GetAtrDirName
                0x06022bb4                GFDR_GetInfoDirId
                0x06022f5c                gfdr_readLongNB
                0x06022df0                gfdr_read
                0x06022edc                gfdr_readWord
                0x06022d1c                gfdr_setupDirNameTbl
                0x06022bc8                GFDR_GetInfoDirName
                0x06022c24                GFDR_ChgDir
                0x06022f08                gfdr_readWordNB
 *fill*         0x06023408        0x8 00
 .text          0x06023410      0xa46 c:/saturn/sbl6/segalib/lib/sega_sat.a(gfs_trn.o)
                0x060234f0                GFTR_SetTransMax
                0x060238c0                gftr_execScu
                0x06023e44                GFTR_SetTransFunc
                0x06023d0c                gftr_remTrn
                0x06023e30                GFTR_SetData
                0x06023b30                gftr_execSdma1
                0x06023d80                gftr_copyFrac
                0x060234e4                GFTR_GetNumTrans
                0x06023484                GFTR_SetMode
                0x06023b00                gftr_remDma0
                0x06023da8                GFTR_GetLenData
                0x060238b4                gftr_reqScu
                0x06023b18                gftr_reqDma1
                0x060237d0                gftr_getSrcPack
                0x06023e00                GFTR_RtnDstPk
                0x0602399c                gfdma_exec
                0x06023c34                gftr_execTrn
                0x060236c8                GFTR_ExecSvr
                0x06023bc4                gftr_reqTrn
                0x06023a8c                gfdma_getBytecnt
                0x06023b6c                gftr_reqCpu
                0x06023dcc                GFTR_GetDstPack
                0x06023ac4                gftr_reqDma0
                0x06023650                GFTR_Idle
                0x06023508                GFTR_Pause
                0x060234d8                GFTR_GetTransPara
                0x06023bb8                gftr_remCpu
                0x060234a4                GFTR_SetTransPara
                0x06023b54                gftr_remDma1
                0x06023514                GFTR_Stop
                0x06023adc                gftr_execSdma0
                0x06023440                GFTR_Setup
                0x0602395c                gftr_remScu
                0x06023858                gftr_getDstPack
                0x06023990                gfdma_canUse
                0x060235cc                GFTR_Exec
                0x06023e1c                GFTR_GetData
                0x060234fc                GFTR_Start
                0x06023498                GFTR_SetUnit
                0x06023b78                gftr_execCpu
                0x06023db4                GFTR_GetLenRoom
 *fill*         0x06023e56        0xa 00
 .text          0x06023e60      0x106 c:/saturn/sbl6/segalib/lib/sega_sat.a(gfs_buf.o)
                0x06023eb8                GFBF_GetNumData
                0x06023f34                GFBF_RtnPk
                0x06023ee8                GFBF_GetSrcPk
                0x06023f5c                gfbf_getSctDt
                0x06023e90                GFBF_GetTranData
                0x06023f10                GFBF_GetSctData
 *fill*         0x06023f66        0xa 00
 .text          0x06023f70      0x600 c:/saturn/sbl6/segalib/lib/sega_sat.a(gfs_cdb.o)
                0x06024518                GFCB_GetPickup
                0x06024090                GFCB_Close
                0x0602435c                GFCB_GetSrcPack
                0x060244e4                GFCB_SetCon
                0x06024164                GFCB_GetLenRoom
                0x060244c8                GFCB_MovePickup
                0x0602443c                GFCB_GetSctData
                0x06024170                GFCB_SetFilt
                0x060240b8                GFCB_GetLenData
                0x06024558                GFCB_UngetPickup
                0x06023f70                GFCB_Setup
                0x06024200                GFCB_Tell
                0x06024540                GFCB_IsPuOwner
                0x06024260                GFCB_Seek
                0x060241d8                GFCB_DeleteAllData
                0x06024474                GFCB_GetDstPack
                0x06024210                gfcb_getSctNum
                0x06024480                GFCB_RtnPk
 .text          0x06024570     0x1a04 c:/saturn/sbl6/segalib/lib/sega_sat.a(gfs_cdc.o)
                0x0602480c                GFCD_AllocBuf
                0x060255e8                gfcd_doGetLenDataTsk
                0x06025e84                GFCD_SetCsctFunc
                0x060248e4                GFCD_GetBaseFad
                0x06024a60                GFCD_GetFilt
                0x06025a74                gfcd_doChgDirTsk
                0x06025db4                gfcd_checkEflag
                0x06024da8                GFCD_MovePickup
                0x06024e8c                GFCD_GetSctInfo
                0x0602573c                gfcd_doReqDataTsk
                0x06024ed4                GFCD_ChgDir
                0x06024bc8                GFCD_ReqData
                0x06025ea0                GFCD_ChkScdqFlag
                0x06025358                GFCD_WaitServer
                0x06024c6c                GFCD_DelSctData
                0x06025144                GFCD_ExecServer
                0x06025558                gfcd_doSetConTsk
                0x060247a0                GFCD_AllocFilt
                0x0602499c                GFCD_SetFilt
                0x06025394                gfcd_doSetFiltTsk
                0x06025ec4                GFCD_ClrScdqFlag
                0x060257dc                gfcd_doDelSctDataTsk
                0x060252a0                gfcd_doTask
                0x06024918                GFCD_GetPickup
                0x06024e68                GFCD_CheckMove
                0x06025ee0                GFCD_WaitScdqFlag
                0x06024b00                GFCD_Play
                0x06025910                gfcd_doMoveSctTsk
                0x06024aa8                GFCD_SetCon
                0x06024f48                GFCD_SetFiltCon
                0x06025f24                GFCD_WaitPause
                0x0602510c                GFCD_GetBufSiz
                0x0602494c                GFCD_UngetPickup
                0x06025030                GFCD_GetFileInfo
                0x06024c24                GFCD_EndData
                0x06024840                GFCD_FreeBuf
                0x06024b60                GFCD_GetLenData
                0x060247dc                GFCD_FreeFilt
                0x06025218                gfcd_isIdleTask
                0x0602459c                GFCD_Init
                0x06025c70                gfcd_doSetFiltConTsk
                0x06024cf4                GFCD_GetStat
                0x06024df4                GFCD_MoveSctData
                0x06024978                GFCD_IsPuOwner
                0x06025dd8                gfcd_initCdbMng
                0x06024570                GFCD_SetCdbfs
                0x06025344                GFCD_SetTimer
                0x06025e58                gfcd_setStat
                0x06024cc4                GFCD_CheckDelSctData
 *fill*         0x06025f74        0xc 00
 .text          0x06025f80      0x1b6 c:/saturn/sbl6/segalib/lib/sega_sat.a(DMA_CPU0.o)
                0x06025fc8                DMA_CpuSetPrm
                0x060260cc                DMA_CpuStart
                0x06026124                DMA_CpuGetStatus
                0x060260f8                DMA_CpuAllStop
                0x0602610c                DMA_CpuGetComStatus
                0x06025f80                DMA_CpuSetComPrm
                0x060260e0                DMA_CpuStop
 *fill*         0x06026136        0xa 00
 .text          0x06026140       0x50 c:/saturn/sbl6/segalib/lib/sega_sat.a(DMA_CPU5.o)
                0x06026140                DMA_CpuResult
 .text          0x06026190      0x308 c:/saturn/sbl6/segalib/lib/sega_sat.a(DMA_SCU0.o)
                0x06026214                DMA_ScuStart
                0x06026348                DMA_ScuIntFunc0
                0x060263b8                DMA_ScuIntFunc1
                0x06026428                DMA_ScuIntFunc2
                0x06026308                DMA_ScuGetStatus
                0x06026190                DMA_ScuSetPrm
 *fill*         0x06026498        0x8 00
 .text          0x060264a0       0xe8 c:/saturn/sbl6/segalib/lib/sega_sat.a(csh_main.o)
                0x060264a0                CSH_Init
                0x06026508                CSH_AllClr
                0x06026554                CSH_Purge
 *fill*         0x06026588        0x8 00
 .text          0x06026590      0x194 c:/saturn/sbl6/segalib/lib/sega_sat.a(cdc_cfs.o)
                0x06026590                CDC_ChgDir
                0x060265c4                CDC_ReadDir
                0x060266e8                CDC_AbortFile
                0x060265f8                CDC_GetFileScope
                0x06026658                CDC_TgetFileInfo
                0x060266b4                CDC_ReadFile
 *fill*         0x06026724        0xc 00
 .text          0x06026730      0x1e4 c:/saturn/sbl6/segalib/lib/sega_sat.a(cdc_bio.o)
                0x060267dc                CDC_GetdelSctData
                0x06026764                CDC_GetSctData
                0x06026818                CDC_PutSctData
                0x06026894                CDC_MoveSctData
                0x060268d8                CDC_GetCopyErr
                0x060267a0                CDC_DelSctData
                0x06026730                CDC_SetSctLen
                0x06026850                CDC_CopySctData
 *fill*         0x06026914        0xc 00
 .text          0x06026920      0x2b8 c:/saturn/sbl6/segalib/lib/sega_sat.a(cdc_sel.o)
                0x06026b50                CDC_GetFiltCon
                0x06026acc                CDC_GetFiltMode
                0x06026ba4                CDC_ResetSelector
                0x06026920                CDC_SetFiltRange
                0x060269ac                CDC_SetFiltSubh
                0x06026a1c                CDC_GetFiltSubh
                0x06026954                CDC_GetFiltRange
                0x06026a98                CDC_SetFiltMode
                0x06026b10                CDC_SetFiltCon
 *fill*         0x06026bd8        0x8 00
 .text          0x06026be0      0x270 c:/saturn/sbl6/segalib/lib/sega_sat.a(cdc_bif.o)
                0x06026c3c                CDC_GetSctNum
                0x06026dbc                CDC_ExeFadSearch
                0x06026d3c                CDC_GetSctInfo
                0x06026c80                CDC_CalActSiz
                0x06026be0                CDC_GetBufSiz
                0x06026cbc                CDC_GetActSiz
                0x06026df4                CDC_GetFadSearch
 .text          0x06026e50       0xa8 c:/saturn/sbl6/segalib/lib/sega_sat.a(cdc_dev.o)
                0x06026ebc                CDC_CdGetLastBuf
                0x06026e50                CDC_CdSetCon
                0x06026e80                CDC_CdGetCon
 *fill*         0x06026ef8        0x8 00
 .text          0x06026f00       0x60 c:/saturn/SH_COFF/sh-coff/bin/../lib/gcc/sh-coff/3.4-GNUSH_v0501\libgcc.a(_ashiftrt.o)
                0x06026f0c                __ashiftrt_r4_27
                0x06026f40                __ashiftrt_r4_6
                0x06026f30                __ashiftrt_r4_14
                0x06026f22                __ashiftrt_r4_19
                0x06026f3a                __ashiftrt_r4_9
                0x06026f4e                __ashiftrt_r4_0
                0x06026f00                __ashiftrt_r4_31
                0x06026f0e                __ashiftrt_r4_26
                0x06026f1c                __ashiftrt_r4_22
                0x06026f28                __ashiftrt_r4_16
                0x06026f34                __ashiftrt_r4_12
                0x06026f08                __ashiftrt_r4_29
                0x06026f26                __ashiftrt_r4_17
                0x06026f06                __ashiftrt_r4_30
                0x06026f42                __ashiftrt_r4_5
                0x06026f3c                __ashiftrt_r4_8
                0x06026f00                __ashiftrt_r4_32
                0x06026f10                __ashiftrt_r4_25
                0x06026f48                __ashiftrt_r4_2
                0x06026f12                __ashiftrt_r4_24
                0x06026f2e                __ashiftrt_r4_15
                0x06026f38                __ashiftrt_r4_10
                0x06026f4a                __ashiftrt_r4_1
                0x06026f0a                __ashiftrt_r4_28
                0x06026f20                __ashiftrt_r4_20
                0x06026f3e                __ashiftrt_r4_7
                0x06026f32                __ashiftrt_r4_13
                0x06026f36                __ashiftrt_r4_11
                0x06026f44                __ashiftrt_r4_4
                0x06026f1a                __ashiftrt_r4_23
                0x06026f24                __ashiftrt_r4_18
                0x06026f1e                __ashiftrt_r4_21
                0x06026f46                __ashiftrt_r4_3
 .text          0x06026f60       0xb0 c:/saturn/SH_COFF/sh-coff/bin/../lib/gcc/sh-coff/3.4-GNUSH_v0501\libgcc.a(_si_to_df.o)
                0x06026f60                __floatsidf
 .text          0x06027010      0x2e0 c:/saturn/SH_COFF/sh-coff/bin/../lib/gcc/sh-coff/3.4-GNUSH_v0501\libgcc.a(_mul_df.o)
                0x06027020                __muldf3
 .text          0x060272f0       0x80 c:/saturn/SH_COFF/sh-coff/bin/../lib/gcc/sh-coff/3.4-GNUSH_v0501\libgcc.a(_df_to_si.o)
                0x060272f0                __fixdfsi
 .text          0x06027370       0x70 c:/saturn/SH_COFF/sh-coff/bin/../lib/gcc/sh-coff/3.4-GNUSH_v0501\libgcc.a(_udivsi3.o)
                0x06027392                __udivsi3
 .text          0x060273e0       0xa0 c:/saturn/SH_COFF/sh-coff/bin/../lib/gcc/sh-coff/3.4-GNUSH_v0501\libgcc.a(_sdivsi3.o)
                0x060273e0                __sdivsi3
 .text          0x06027480       0x90 c:/saturn/SH_COFF/sh-coff/bin/../lib/gcc/sh-coff/3.4-GNUSH_v0501\libgcc.a(_ashiftrt_n.o)
                0x06027480                __ashrsi3
 .text          0x06027510       0x90 c:/saturn/SH_COFF/sh-coff/bin/../lib/gcc/sh-coff/3.4-GNUSH_v0501\libgcc.a(_ashiftlt.o)
                0x06027510                __ashlsi3
 .text          0x060275a0       0xb0 c:/saturn/SH_COFF/sh-coff/bin/../lib/gcc/sh-coff/3.4-GNUSH_v0501\libgcc.a(_movstr.o)
                0x060275e0                __movstrSI16
                0x060275b4                __movstrSI60
                0x060275c0                __movstrSI48
                0x060275bc                __movstrSI52
                0x060275b0                __movstrSI64
                0x060275c4                __movstrSI44
                0x060275c8                __movstrSI40
                0x060275cc                __movstrSI36
                0x06027600                __movstr
                0x060275b8                __movstrSI56
                0x060275d4                __movstrSI28
                0x060275d0                __movstrSI32
                0x060275e4                __movstrSI12
                0x060275e8                __movstrSI8
                0x060275f0                __movstrSI0
                0x060275d8                __movstrSI24
                0x060275dc                __movstrSI20
                0x060275ec                __movstrSI4
 .text          0x06027650       0xa0 c:/saturn/SH_COFF/sh-coff/bin/../lib/gcc/sh-coff/3.4-GNUSH_v0501\libgcc.a(__main.o)
                0x060276c4                __main
                0x06027650                __do_global_dtors
                0x06027684                __do_global_ctors
 .text          0x060276f0      0x220 c:/saturn/SH_COFF/sh-coff/bin/../lib/gcc/sh-coff/3.4-GNUSH_v0501\libgcc.a(_pack_df.o)
                0x06027700                __pack_d
 .text          0x06027910      0x120 c:/saturn/SH_COFF/sh-coff/bin/../lib/gcc/sh-coff/3.4-GNUSH_v0501\libgcc.a(_unpack_df.o)
                0x06027920                __unpack_d
 .text          0x06027a30       0x20 c:/saturn/SH_COFF/sh-coff/bin/../lib/gcc/sh-coff/3.4-GNUSH_v0501\libgcc.a(_thenan_df.o)
                0x06027a30                __thenan_df
 .text          0x06027a50       0xd0 c:/saturn/SH_COFF/sh-coff/bin/../lib/gcc/sh-coff/3.4-GNUSH_v0501\libgcc.a(_muldi3.o)
                0x06027a50                __muldi3
 .text          0x06027b20       0x80 c:/saturn/SH_COFF/sh-coff/bin/../lib/gcc/sh-coff/3.4-GNUSH_v0501\libgcc.a(_lshrdi3.o)
                0x06027b20                __lshrdi3
 .text          0x06027ba0       0x80 c:/saturn/SH_COFF/sh-coff/bin/../lib/gcc/sh-coff/3.4-GNUSH_v0501\libgcc.a(_ashldi3.o)
                0x06027ba0                __ashldi3
 .text          0x06027c20       0x30 c:/saturn/SH_COFF/sh-coff/bin/../lib/gcc/sh-coff/3.4-GNUSH_v0501\libgcc.a(_mulsi3.o)
                0x06027c20                __mulsi3
 .text          0x06027c50       0x90 c:/saturn/SH_COFF/sh-coff/bin/../lib/gcc/sh-coff/3.4-GNUSH_v0501\libgcc.a(_lshiftrt.o)
                0x06027c50                __lshrsi3
 .text          0x06027ce0       0x40 c:/saturn/SH_COFF/sh-coff/bin/../lib/gcc/sh-coff/3.4-GNUSH_v0501/../../../../sh-coff/lib\libc.a(memset.o)
                0x06027ce0                memset
 .text          0x06027d20       0x60 c:/saturn/SH_COFF/sh-coff/bin/../lib/gcc/sh-coff/3.4-GNUSH_v0501/../../../../sh-coff/lib\libc.a(memcmp.o)
                0x06027d20                memcmp
 .text          0x06027d80       0xa0 c:/saturn/SH_COFF/sh-coff/bin/../lib/gcc/sh-coff/3.4-GNUSH_v0501/../../../../sh-coff/lib\libc.a(memcpy.o)
                0x06027d80                memcpy
 .text          0x06027e20       0xb0 c:/saturn/SH_COFF/sh-coff/bin/../lib/gcc/sh-coff/3.4-GNUSH_v0501/../../../../sh-coff/lib\libc.a(strncmp.o)
                0x06027e20                strncmp
 .text          0x06027ed0       0xa0 c:/saturn/SH_COFF/sh-coff/bin/../lib/gcc/sh-coff/3.4-GNUSH_v0501/../../../../sh-coff/lib\libc.a(strncpy.o)
                0x06027ed0                strncpy
 .text          0x06027f70       0x90 c:/saturn/SH_COFF/sh-coff/bin/../lib/gcc/sh-coff/3.4-GNUSH_v0501/../../../../sh-coff/lib\libc.a(atexit.o)
                0x06027f70                atexit
 .text          0x06028000       0x10 c:/saturn/SH_COFF/sh-coff/bin/../lib/gcc/sh-coff/3.4-GNUSH_v0501/../../../../sh-coff/lib\libc.a(impure.o)
                0x06028000                _global_impure_ptr
 .text          0x06028010       0x40 c:/saturn/SH_COFF/sh-coff/bin/../lib/gcc/sh-coff/3.4-GNUSH_v0501/../../../../sh-coff/lib\libc.a(malloc.o)
                0x0602802c                free
                0x06028010                malloc
 .text          0x06028050      0x5b0 c:/saturn/SH_COFF/sh-coff/bin/../lib/gcc/sh-coff/3.4-GNUSH_v0501/../../../../sh-coff/lib\libc.a(mallocr.o)
                0x06028050                _malloc_r
 .text          0x06028600      0x340 c:/saturn/SH_COFF/sh-coff/bin/../lib/gcc/sh-coff/3.4-GNUSH_v0501/../../../../sh-coff/lib\libc.a(freer.o)
                0x06028600                _malloc_trim_r
                0x060286f4                _free_r
 .text          0x06028940       0x20 c:/saturn/SH_COFF/sh-coff/bin/../lib/gcc/sh-coff/3.4-GNUSH_v0501/../../../../sh-coff/lib\libc.a(mlock.o)
                0x06028940                __malloc_lock
                0x0602894c                __malloc_unlock
 .text          0x06028960       0x50 c:/saturn/SH_COFF/sh-coff/bin/../lib/gcc/sh-coff/3.4-GNUSH_v0501/../../../../sh-coff/lib\libc.a(sbrkr.o)
                0x06028960                _sbrk_r
 .text          0x060289b0      0x380 c:/saturn/SH_COFF/sh-coff/bin/../lib/gcc/sh-coff/3.4-GNUSH_v0501/../../../../sh-coff/lib\libc.a(syscalls.o)
                0x06028b1c                _exit
                0x06028b50                _getpid
                0x06028bb8                _utime
                0x060289e8                _write
                0x060289b0                _read
                0x06028b04                _unlink
                0x06028acc                _open
                0x06028b68                _stat
                0x06028b10                isatty
                0x06028be8                _wait
                0x06028b34                _kill
                0x06028b84                _chmod
                0x06028c18                _execv
                0x06028bfc                _execve
                0x06028cf4                __setup_argv_and_call_main
                0x06028c50                _gettimeofday
                0x06028a1c                _link
                0x06028b5c                _raise
                0x06028ae8                _creat
                0x06028c30                _pipe
                0x06028b9c                _chown
                0x060289cc                _lseek
                0x06028a04                _close
                0x06028c44                _times
                0x06028ab8                _fstat
                0x06028bd4                _fork
                0x06028a44                _sbrk
 .text          0x06028d30       0x20 c:/saturn/SH_COFF/sh-coff/bin/../lib/gcc/sh-coff/3.4-GNUSH_v0501/../../../../sh-coff/lib\libc.a(trap.o)
                0x06028d30                __trap34
 .text          0x06028d50       0x20 c:/saturn/SH_COFF/sh-coff/bin/../lib/gcc/sh-coff/3.4-GNUSH_v0501/../../../../sh-coff/lib\libc.a(abort.o)
                0x06028d50                abort
 .text          0x06028d70      0x270 c:/saturn/SH_COFF/sh-coff/bin/../lib/gcc/sh-coff/3.4-GNUSH_v0501/../../../../sh-coff/lib\libc.a(signal.o)
                0x06028e30                _raise_r
                0x06028fb8                __sigtramp
                0x06028f64                raise
                0x06028fa0                _init_signal
                0x06028ef0                __sigtramp_r
                0x06028f80                signal
                0x06028dbc                _signal_r
                0x06028d70                _init_signal_r
 .text          0x06028fe0       0x60 c:/saturn/SH_COFF/sh-coff/bin/../lib/gcc/sh-coff/3.4-GNUSH_v0501/../../../../sh-coff/lib\libc.a(signalr.o)
                0x06029028                _getpid_r
                0x06028fe0                _kill_r
 *(.strings)

.tors           0x06029040        0x0
                0x06029040                ___ctors = .
 *(.ctors)
                0x06029040                ___ctors_end = .
                0x06029040                ___dtors = .
 *(.dtors)
                0x06029040                ___dtors_end = .

.data           0x06029040     0x4bb0
                0x06029040                STARTOF_R = .
 *(.data)
 .data          0x06029040      0x400 smpclib/per_x1.o
 .data          0x06029440       0xd0 game.o
                0x06029440                powerup_names
 .data          0x06029510     0x36f0 graphics.o
                0x0602aae0                cyberblock_name
                0x06029606                bit_num
                0x0602bfc6                girl2_num
                0x06029dc4                soon_name
                0x0602ab30                metalorange_name
                0x060297fe                ship_size
                0x0602ab3e                metalorange_num
                0x06029e20                chipgame_pal
                0x0602bbba                girl3_num
                0x06029934                game_name
                0x0602a640                menufont_pal
                0x0602965a                capsule_num
                0x0602a68e                menufont_num
                0x06029754                beffect_size
                0x06029dce                soon_num
                0x0602c3d2                girl1_num
                0x0602aaf0                metalorange_pal
                0x0602c3d4                roarframes_pal
                0x06029e10                gamestar_name
                0x060296ac                blocks2_size
                0x06029510                barrier_pal
                0x06029964                starnear_name
                0x0602990c                gamefar_height
                0x06029800                ship_num
                0x0602c7e4                roarbg_pal
                0x06029750                beffect_height
                0x0602cbe4                roarbg_name
                0x06029758                explosion_pal
                0x06029dd0                gamestar_pal
                0x06029930                gamenear_width
                0x06029798                explosion_name
                0x06029702                blocks1_num
                0x06029656                capsule_width
                0x06029654                capsule_height
                0x06029560                barrier_size
                0x06029856                starspr_num
                0x0602955e                barrier_width
                0x0602c3c8                girl1_name
                0x0602a230                game_tiles_pal
                0x060296ae                blocks2_num
                0x0602ab40                title_pal
                0x060296f0                blocks1_name
                0x060298a2                font_height
                0x0602c7d4                roarframes_name
                0x0602bbb0                girl3_name
                0x0602990e                gamefar_width
                0x0602bfc8                girl1_pal
                0x0602a680                menufont_name
                0x06029d84                soon_pal
                0x0602aa9e                chipframes_num
                0x060298ac                ball_pal
                0x0602b7b0                girl3_pal
                0x0602a22e                chipgame_num
                0x06029658                capsule_size
                0x06029854                starspr_size
                0x060296b0                blocks1_pal
                0x06029920                gamenear_name
                0x060297a8                explosion_width
                0x0602b3a2                girl5_num
                0x060298fc                ball_num
                0x0602af4a                title_num
                0x06029898                font_name
                0x06029752                beffect_width
                0x060295b4                laser_num
                0x06029804                starspr_pal
                0x0602cbf0                roarbg_num
                0x060298f8                ball_width
                0x0602aaee                cyberblock_num
                0x06029d78                tomo_name
                0x0602af98                girl5_pal
                0x060297fa                ship_height
                0x0602a63e                game_tiles_num
                0x060298f6                ball_height
                0x0602992e                gamenear_height
                0x060298a4                font_width
                0x0602af96                stars_num
                0x060298fa                ball_size
                0x060295a4                laser_name
                0x06029604                bit_size
                0x060297fc                ship_width
                0x06029562                barrier_num
                0x0602af40                title_name
                0x0602aa90                chipframes_name
                0x06029944                starfar_name
                0x060296fc                blocks1_height
                0x060295b0                laser_width
                0x0602af8c                stars_name
                0x060295f8                bit_name
                0x06029e1e                gamestar_num
                0x0602991c                gamemid_height
                0x060297b0                ship_pal
                0x060298ec                ball_name
                0x060298a8                font_num
                0x06029858                font_pal
                0x06029962                starmid_width
                0x06029974                starnear_width
                0x06029910                gamemid_name
                0x0602955c                barrier_height
                0x060295b8                bit_pal
                0x060296aa                blocks2_width
                0x06029700                blocks1_size
                0x06029852                starspr_width
                0x0602a690                chipframes_pal
                0x0602993e                game_height
                0x06029950                starfar_height
                0x060297ac                explosion_num
                0x0602b7ae                girl4_num
                0x06029978                tomo_pal
                0x06029648                capsule_name
                0x0602991e                gamemid_width
                0x060296a8                blocks2_height
                0x06029744                beffect_name
                0x060296fe                blocks1_width
                0x060298a6                font_size
                0x0602969c                blocks2_name
                0x06029600                bit_height
                0x060295ae                laser_height
                0x06029844                starspr_name
                0x0602c7e2                roarframes_num
                0x0602aaa0                cyberblock_pal
                0x06029972                starnear_height
                0x06029954                starmid_name
                0x060297f0                ship_name
                0x0602b398                girl5_name
                0x0602b3a4                girl4_pal
                0x0602965c                blocks2_pal
                0x06029602                bit_width
                0x06029960                starmid_height
                0x0602af4c                stars_pal
                0x06029900                gamefar_name
                0x06029608                capsule_pal
                0x06029564                laser_pal
                0x0602a630                game_tiles_name
                0x06029756                beffect_num
                0x06029850                starspr_height
                0x06029704                beffect_pal
                0x0602b7a4                girl4_name
                0x06029940                game_width
                0x0602bbbc                girl2_pal
                0x060295b2                laser_size
                0x06029550                barrier_name
                0x06029952                starfar_width
                0x060297aa                explosion_size
                0x060297a6                explosion_height
                0x0602a220                chipgame_name
                0x0602bfbc                girl2_name
 .data          0x0602cc00      0x190 intro.o
 .data          0x0602cd90       0x90 level.o
                0x0602cd94                level_blocks
                0x0602cd90                level_lengths
                0x0602cd98                level0_blocks
 .data          0x0602ce20       0x40 logo.o
 .data          0x0602ce60       0x80 menu.o
                0x0602ce60                cutscene
 .data          0x0602cee0       0x10 pcmsys.o
                0x0602cee4                scsp_load
                0x0602cee8                m68k_com
                0x0602cee0                master_volume
 .data          0x0602cef0       0x50 scroll.o
                0x0602cf10                CycleTbLoRes
                0x0602cf30                vram
                0x0602cef0                CycleTbBitmap
                0x0602cf20                char_offsets
                0x0602cf00                CycleTbHiRes
 .data          0x0602cf40       0x30 sprite.o
 .data          0x0602cf70      0x400 c:/saturn/sbl6/segalib/lib/sega_int.a(int.o)
 .data          0x0602d370       0x1c c:/saturn/sbl6/segalib/lib/sega_spr.a(spr_slv.o)
                0x0602d378                SPR_SlaveParam
                0x0602d388                SPR_SMPC_SF
                0x0602d380                SPR_SMPC_COM
                0x0602d37c                SPR_SlaveSHEntry
                0x0602d374                SPR_SlaveState
                0x0602d370                SPR_SlaveCommand
                0x0602d384                SPR_SMPC_RET
 *fill*         0x0602d38c        0x4 00
 .data          0x0602d390       0x34 c:/saturn/sbl6/segalib/lib/sega_spr.a(spr_1c.o)
                0x0602d390                SpInitialFlag
 *fill*         0x0602d3c4        0xc 00
 .data          0x0602d3d0       0x1c c:/saturn/sbl6/segalib/lib/sega_scl.a(scl_vblv.o)
                0x0602d3d8                VBInterval
                0x0602d3e0                ReqDisplayFlag
                0x0602d3d0                SpFrameChgMode
                0x0602d3dc                VBIntervalCounter
                0x0602d3d4                SpFrameEraseMode
 *fill*         0x0602d3ec        0x4 00
 .data          0x0602d3f0       0x18 c:/saturn/sbl6/segalib/lib/sega_scl.a(scl_pri.o)
                0x0602d3f4                SclRealSpPriNum
                0x0602d404                SclRealColOffset
                0x0602d400                SclRealBgColMix
                0x0602d3fc                SclRealSpColMix
                0x0602d3f8                SclRealBgPriNum
                0x0602d3f0                SclRealOtherPri
 *fill*         0x0602d408        0x8 00
 .data          0x0602d410       0x36 c:/saturn/sbl6/segalib/lib/sega_scl.a(scl_func.o)
                0x0602d420                SclRotregBuff
                0x0602d41c                SclDisplayY
                0x0602d424                SclRotateTableMode
                0x0602d418                SclProcess
                0x0602d414                SclCurSclNum
                0x0602d410                SclLengthLsTbl
                0x0602d41a                SclDisplayX
                0x0602d412                SclLengthCsTbl
 *fill*         0x0602d446        0xa 00
 .data          0x0602d450        0x4 c:/saturn/sbl6/segalib/lib/sega_mth.a(mth_rand.o)
 *fill*         0x0602d454        0xc 00
 .data          0x0602d460      0x380 c:/saturn/SH_COFF/sh-coff/bin/../lib/gcc/sh-coff/3.4-GNUSH_v0501/../../../../sh-coff/lib\libc.a(impure.o)
                0x0602d7dc                _impure_ptr
 .data          0x0602d7e0      0x410 c:/saturn/SH_COFF/sh-coff/bin/../lib/gcc/sh-coff/3.4-GNUSH_v0501/../../../../sh-coff/lib\libc.a(mallocr.o)
                0x0602d7e8                __malloc_av_
                0x0602d7e4                __malloc_trim_threshold
                0x0602d7e0                __malloc_sbrk_base
                0x0602dbf0                SIZEOF_R = (. - STARTOF_R)
                0x0602dbf0                ENDOF_R = .

.bss            0x0602dbf0    0x105d4
                0x0602dbf0                STARTOF_B = .
 *(.bss)
 .bss           0x0602dbf0       0x10 vblank.o
                0x0602dbf4                PadData2E
                0x0602dbfa                PadData1
                0x0602dbf6                PadData2
                0x0602dbf8                PadData1E
                0x0602dbf0                __port
 .bss           0x0602dc00       0xe0 smpclib/per_x2.o
 .bss           0x0602dce0       0x10 ball.o
 .bss           0x0602dcf0       0x10 barrier.o
 .bss           0x0602dd00       0x10 capsule.o
 .bss           0x0602dd10       0x10 cutscene.o
 .bss           0x0602dd20       0x50 game.o
                0x0602dd34                bit_left
                0x0602dd24                illusion_charno
                0x0602dd2c                laser_max
                0x0602dd30                bit_right
                0x0602dd38                bit_ship
                0x0602dd3c                turbo
                0x0602dd44                score
                0x0602dd28                illusion
                0x0602dd40                powerup_cursor
                0x0602dd20                illusion_cursor
 .bss           0x0602dd70     0x1970 intro.o
 .bss           0x0602f6e0       0x10 laser.o
 .bss           0x0602f6f0     0x13a0 level.o
 .bss           0x06030a90       0x10 logo.o
 .bss           0x06030aa0       0x60 menu.o
 .bss           0x06030b00       0x10 pcmsys.o
                0x06030b00                numberPCMs
 .bss           0x06030b10       0x10 scroll.o
                0x06030b10                bitmap
                0x06030b14                scroll_res
 .bss           0x06030b20       0x10 soon.o
                0x06030b20                soon_state
 .bss           0x06030b30     0x3d00 sprite.o
                0x06030b30                num_sprites
 .bss           0x06034830       0x10 main.o
                0x06034830                frame
 .bss           0x06034840       0x6e c:/saturn/sbl6/segalib/lib/sega_spr.a(spr_2c.o)
 *fill*         0x060348ae        0x2 00
 .bss           0x060348b0        0x4 c:/saturn/sbl6/segalib/lib/sega_scl.a(scl_vblv.o)
 *fill*         0x060348b4        0xc 00
 .bss           0x060348c0     0x1900 c:/saturn/sbl6/segalib/lib/sega_scl.a(scl_fu05.o)
 .bss           0x060361c0        0x4 c:/saturn/sbl6/segalib/lib/sega_scl.a(scl_func.o)
 *fill*         0x060361c4        0xc 00
 .bss           0x060361d0       0x48 c:/saturn/sbl6/segalib/lib/sega_scl.a(scl_ro00.o)
 *fill*         0x06036218        0x8 00
 .bss           0x06036220        0xc c:/saturn/sbl6/segalib/lib/sega_cdc.a(cdc_sub.o)
 *fill*         0x0603622c        0x4 00
 .bss           0x06036230        0x2 c:/saturn/sbl6/segalib/lib/sega_cdc.a(cdc_reg.o)
 *fill*         0x06036232        0xe 00
 .bss           0x06036240       0x9c c:/saturn/sbl6/segalib/lib/sega_per.a(per_prt.o)
 *fill*         0x060362dc        0x4 00
 .bss           0x060362e0        0xc c:/saturn/sbl6/segalib/lib/sega_sat.a(DMA_SCU1.o)
 *fill*         0x060362ec        0x4 00
 .bss           0x060362f0        0xc c:/saturn/sbl6/segalib/lib/sega_sat.a(gfs_trn.o)
 *fill*         0x060362fc        0x4 00
 .bss           0x06036300       0x20 c:/saturn/sbl6/segalib/lib/sega_sat.a(DMA_SCU0.o)
 .bss           0x06036320       0x10 c:/saturn/SH_COFF/sh-coff/bin/../lib/gcc/sh-coff/3.4-GNUSH_v0501\libgcc.a(__main.o)
 .bss           0x06036330       0x10 c:/saturn/SH_COFF/sh-coff/bin/../lib/gcc/sh-coff/3.4-GNUSH_v0501/../../../../sh-coff/lib\libc.a(atexit.o)
 .bss           0x06036340       0x40 c:/saturn/SH_COFF/sh-coff/bin/../lib/gcc/sh-coff/3.4-GNUSH_v0501/../../../../sh-coff/lib\libc.a(mallocr.o)
                0x06036370                __malloc_top_pad
                0x06036340                __malloc_current_mallinfo
                0x0603636c                __malloc_max_sbrked_mem
                0x06036368                __malloc_max_total_mem
 .bss           0x06036380       0x10 c:/saturn/SH_COFF/sh-coff/bin/../lib/gcc/sh-coff/3.4-GNUSH_v0501/../../../../sh-coff/lib\libc.a(syscalls.o)
 *(COMMON)
 COMMON         0x06036390        0x8 vblank.o
                                  0x0 (size before relaxing)
                0x06036390                PadAnalogR1
                0x06036391                PadAnalogL1
                0x06036392                PadAnalogY1
                0x06036393                PadAnalogX1
                0x06036394                PadID1
 *fill*         0x06036398        0x8 00
 COMMON         0x060363a0      0x1e8 ball.o
                                  0x0 (size before relaxing)
                0x060363a0                ball_sprites
                0x06036580                ball_count
                0x06036584                ball_mode
 *fill*         0x06036588        0x8 00
 COMMON         0x06036590        0x4 barrier.o
                                  0x0 (size before relaxing)
                0x06036590                barrier_life
 *fill*         0x06036594        0xc 00
 COMMON         0x060365a0       0xa0 capsule.o
                                  0x0 (size before relaxing)
                0x060365a0                capsules
 COMMON         0x06036640     0x1674 cd.o
                                  0x0 (size before relaxing)
                0x06036640                dirname
                0x06036fa0                lib_work
                0x06037ca8                directory_table
 *fill*         0x06037cb4        0xc 00
 COMMON         0x06037cc0       0xb4 game.o
                                  0x0 (size before relaxing)
                0x06037cc0                laser_charno
                0x06037cd0                ship_sprite
                0x06037ce8                explosion_charno
                0x06037cec                capsule_charno
                0x06037cf0                bit_charno
                0x06037cf4                block_charno
                0x06037cf8                ship_left
                0x06037cfc                ship_right
                0x06037d00                ball_charno
                0x06037d10                illusion_arr
                0x06037d70                barrier_charno
 *fill*         0x06037d74        0xc 00
 COMMON         0x06037d80       0xd0 laser.o
                                  0x0 (size before relaxing)
                0x06037d80                laser_count
                0x06037d90                laser_sprites
 COMMON         0x06037e50     0x14a0 print.o
                                  0x0 (size before relaxing)
                0x06037e50                text
 COMMON         0x060392f0      0x230 scroll.o
                                  0x0 (size before relaxing)
                0x060392f0                scfg
 COMMON         0x06039520        0x4 soon.o
                                  0x0 (size before relaxing)
                0x06039520                soon_scroll
 *fill*         0x06039524        0xc 00
 COMMON         0x06039530     0x3180 sprite.o
                                  0x0 (size before relaxing)
                0x06039530                sprites
                0x0603a6b0                sprite_buf
 COMMON         0x0603c6b0       0x8c main.o
                                  0x0 (size before relaxing)
                0x0603c6b0                off_config
 *fill*         0x0603c73c        0x4 00
 COMMON         0x0603c740      0x400 c:/saturn/sbl6/segalib/lib/sega_int.a(int.o)
                                  0x0 (size before relaxing)
                0x0603c740                __interrupt_vector
 COMMON         0x0603cb40       0x50 c:/saturn/sbl6/segalib/lib/sega_spr.a(spr_2c.o)
                                  0x0 (size before relaxing)
                0x0603cb40                SpMstCmd
                0x0603cb44                Sp2OpenFlag
                0x0603cb48                SpGourTblMax
                0x0603cb4c                SpDrawPrtyBlk
                0x0603cb50                SpLCoordX
                0x0603cb54                SpMstDrawPrtyBlk
                0x0603cb58                SpGourTbl
                0x0603cb5c                SpLookupTblR
                0x0603cb60                SpCmdTbl
                0x0603cb64                SpCharMax
                0x0603cb68                SpDrawPrtyProcFlag
                0x0603cb6c                SpCmdNo
                0x0603cb70                SpDrawPrtyBlkMax
                0x0603cb74                SpSlvCmdPos
                0x0603cb78                SpSlvDrawPrtyBlk
                0x0603cb7c                SpCharTbl
                0x0603cb80                SpCmdTblR
                0x0603cb84                SpMstCmdPos
                0x0603cb88                SpSlvCmd
                0x0603cb8c                SpLCoordY
 COMMON         0x0603cb90       0x10 c:/saturn/sbl6/segalib/lib/sega_spr.a(spr_1c.o)
                                  0x0 (size before relaxing)
                0x0603cb90                SpScreenY
                0x0603cb94                SpFbcrMode
                0x0603cb96                SpDil
                0x0603cb98                SpDie
                0x0603cb9a                SpTvMode
                0x0603cb9c                SpScreenX
 COMMON         0x0603cba0      0x6b0 c:/saturn/sbl6/segalib/lib/sega_scl.a(scl_pri.o)
                                  0x0 (size before relaxing)
                0x0603cba0                SclAutoEndBlue2
                0x0603cbb0                SclColOffset
                0x0603cbc0                SclPriBuffDirty
                0x0603cbc2                SclAutoEndRed
                0x0603cbc4                SclAutoSurface
                0x0603cbc8                SclAutoGreen
                0x0603cbca                SclAutoEndGreen
                0x0603cbcc                SclAutoCount
                0x0603cbd0                SclColRamAlloc256
                0x0603cbf0                SclAutoCurRate
                0x0603cbf1                SclAutoPlusFlag
                0x0603cbf8                SclSpColMix
                0x0603cc00                SclAutoMax
                0x0603cc04                SclLineColRamOffset
                0x0603cc08                SclColRamAlloc2048
                0x0603cc0c                SclBgPriNum
                0x0603cc12                SclAutoEndBlue
                0x0603cc14                SclAutoEndGreen2
                0x0603cc16                SclAutoVeFlag
                0x0603cc18                SclBgColMix
                0x0603cc20                SclAutoIndex
                0x0603cc24                SclAutoEndRate
                0x0603cc26                SclAutoBlue
                0x0603cc28                SclAutoRed
                0x0603cc2c                SclAutoInterval
                0x0603cc30                SclOtherPri
                0x0603cc40                SclAutoRGB
                0x0603d240                SclAutoEndRed2
                0x0603d248                SclSpPriNum
 COMMON         0x0603d250      0xf00 c:/saturn/sbl6/segalib/lib/sega_scl.a(scl_func.o)
                                  0x0 (size before relaxing)
                0x0603d250                SclRbgKtbAddr
                0x0603d258                SclRb
                0x0603d25a                Scl_flag
                0x0603d260                SclK_TableBuff
                0x0603df30                SclAddrCsTbl
                0x0603df40                Scl_s_reg
                0x0603df68                SclRotateXy
                0x0603df70                Scl_d_reg
                0x0603dfb8                SclRotateDisp
                0x0603dfc0                SclRotateMoveZ
                0x0603dfc8                SclRotXySw
                0x0603dfd0                Scl_r_reg
                0x0603dfe0                SclRPMD
                0x0603dfe8                SclRbgKtbOffset
                0x0603dff0                _SclRotregBuff
                0x0603e0c0                SclRa
                0x0603e0c8                SclRotateZ
                0x0603e0d0                SclAddrLsTbl
                0x0603e0d8                SclK_TableNum
                0x0603e0e0                SclRotateTableAddress
                0x0603e0e4                SclK_TableFlag
                0x0603e0f0                Scl_w_reg
                0x0603e110                Scl_n_reg
 COMMON         0x0603e150       0x10 c:/saturn/sbl6/segalib/lib/sega_scl.a(scl_ro00.o)
                                  0x0 (size before relaxing)
                0x0603e150                SclCsx
                0x0603e158                SclCsy
 COMMON         0x0603e160       0x15 c:/saturn/sbl6/segalib/lib/sega_per.a(per_prt.o)
                                  0x0 (size before relaxing)
                0x0603e160                per_get_time_flg
                0x0603e161                per_hot_res
                0x0603e162                per_set_sys_flg
                0x0603e164                per_get_time_adr
                0x0603e168                per_get_sys_data
                0x0603e174                per_time_out_flg
 *fill*         0x0603e175        0xb 00
 COMMON         0x0603e180        0xc c:/saturn/sbl6/segalib/lib/sega_sat.a(gfs.o)
                                  0x0 (size before relaxing)
                0x0603e180                GFMC_base
                0x0603e184                gfs_mng_ptr
                0x0603e188                gfs_use_scudma
 *fill*         0x0603e18c        0x4 00
 COMMON         0x0603e190        0x8 c:/saturn/sbl6/segalib/lib/sega_sat.a(gfs_cdf.o)
                                  0x0 (size before relaxing)
                0x0603e190                gfcf_fad
                0x0603e194                gfcf_stat
 *fill*         0x0603e198        0x8 00
 COMMON         0x0603e1a0        0xc c:/saturn/sbl6/segalib/lib/sega_sat.a(gfs_cdc.o)
                                  0x0 (size before relaxing)
                0x0603e1a0                gfcd_fatal_err
                0x0603e1a4                gfcd_work
                0x0603e1a8                gfcd_playflag
 *fill*         0x0603e1ac        0x4 00
 COMMON         0x0603e1b0        0x8 c:/saturn/sbl6/segalib/lib/sega_sat.a(DMA_CPU5.o)
                                  0x0 (size before relaxing)
                0x0603e1b0                dma_cpu_cnt
                0x0603e1b4                dma_cpu_dis_adr
 *fill*         0x0603e1b8        0x8 00
 COMMON         0x0603e1c0        0x4 c:/saturn/SH_COFF/sh-coff/bin/../lib/gcc/sh-coff/3.4-GNUSH_v0501/../../../../sh-coff/lib\libc.a(syscalls.o)
                                  0x0 (size before relaxing)
                0x0603e1c0                errno
                0x0603e1c4                SIZEOF_B = (. - STARTOF_B)
                0x0603e1c4                ENDOF_B = .
                0x0603e1c4                _end = .
OUTPUT(main.cof coff-sh)

.comment        0x0603e1d0      0x640
 .comment       0x0603e1d0       0x20 c:/saturn/sbl6/segasmp/lib/strt2_g.o
 .comment       0x0603e1f0       0x20 vblank.o
 .comment       0x0603e210       0x20 smpclib/per_x1.o
 .comment       0x0603e230       0x20 smpclib/per_x2.o
 .comment       0x0603e250       0x20 spritecode/explosion.o
 .comment       0x0603e270       0x20 ball.o
 .comment       0x0603e290       0x20 barrier.o
 .comment       0x0603e2b0       0x20 capsule.o
 .comment       0x0603e2d0       0x20 cutscene.o
 .comment       0x0603e2f0       0x20 cd.o
 .comment       0x0603e310       0x20 crc.o
 .comment       0x0603e330       0x20 devcart.o
 .comment       0x0603e350       0x20 game.o
 .comment       0x0603e370       0x20 graphics.o
 .comment       0x0603e390       0x20 intro.o
 .comment       0x0603e3b0       0x20 laser.o
 .comment       0x0603e3d0       0x20 level.o
 .comment       0x0603e3f0       0x20 logo.o
 .comment       0x0603e410       0x20 menu.o
 .comment       0x0603e430       0x20 pcmsys.o
 .comment       0x0603e450       0x20 print.o
 .comment       0x0603e470       0x20 scroll.o
 .comment       0x0603e490       0x20 soon.o
 .comment       0x0603e4b0       0x20 sound.o
 .comment       0x0603e4d0       0x20 sprite.o
 .comment       0x0603e4f0       0x20 main.o
 .comment       0x0603e510       0x20 c:/saturn/SH_COFF/sh-coff/bin/../lib/gcc/sh-coff/3.4-GNUSH_v0501\libgcc.a(_si_to_df.o)
 .comment       0x0603e530       0x20 c:/saturn/SH_COFF/sh-coff/bin/../lib/gcc/sh-coff/3.4-GNUSH_v0501\libgcc.a(_mul_df.o)