Archive member included because of file (symbol)

../sbl6/segalib/lib/sega_int.a(int.o)
                              vblank.o (INT_SetScuFunc)
../sbl6/segalib/lib/sega_int.a(int_trmp.o)
                              ../sbl6/segalib/lib/sega_int.a(int.o) (__interrupt_handler0)
../sbl6/segalib/lib/sega_spr.a(spr_2c.o)
                              sprite.o (SPR_2Initial)
../sbl6/segalib/lib/sega_spr.a(spr_slv.o)
                              ../sbl6/segalib/lib/sega_spr.a(spr_2c.o) (SPR_InitSlaveSH)
../sbl6/segalib/lib/sega_spr.a(spr_1c.o)
                              ../sbl6/segalib/lib/sega_spr.a(spr_2c.o) (SPR_Initial)
../sbl6/segalib/lib/sega_spr.a(spr_2a.o)
                              ../sbl6/segalib/lib/sega_spr.a(spr_2c.o) (SPR_2SetDrawPrty)
../sbl6/segalib/lib/sega_scl.a(scl_vblv.o)
                              ../sbl6/segalib/lib/sega_spr.a(spr_1c.o) (SpFrameChgMode)
../sbl6/segalib/lib/sega_scl.a(scl_pr12.o)
                              game.o (SCL_SetColOffset)
../sbl6/segalib/lib/sega_scl.a(scl_pr07.o)
                              game.o (SCL_SetPriority)
../sbl6/segalib/lib/sega_scl.a(scl_pr02.o)
                              game.o (SCL_SetColRam)
../sbl6/segalib/lib/sega_scl.a(scl_pr11.o)
                              game.o (SCL_SetAutoColOffset)
../sbl6/segalib/lib/sega_scl.a(scl_pri.o)
                              ../sbl6/segalib/lib/sega_scl.a(scl_pr11.o) (SclAutoVeFlag)
../sbl6/segalib/lib/sega_scl.a(scl_pr10.o)
                              intro.o (SCL_SetAutoColMix)
../sbl6/segalib/lib/sega_scl.a(scl_fu05.o)
                              intro.o (SCL_InitLineParamTb)
../sbl6/segalib/lib/sega_scl.a(scl_func.o)
                              ../sbl6/segalib/lib/sega_scl.a(scl_fu05.o) (SclLengthLsTbl)
../sbl6/segalib/lib/sega_scl.a(scl_fu01.o)
                              scroll.o (SCL_SetDisplayMode)
../sbl6/segalib/lib/sega_scl.a(scl_fu04.o)
                              scroll.o (SCL_SetCycleTable)
../sbl6/segalib/lib/sega_scl.a(scl_pr03.o)
                              scroll.o (SCL_AllocColRam)
../sbl6/segalib/lib/sega_scl.a(scl_back.o)
                              scroll.o (SCL_SetBack)
../sbl6/segalib/lib/sega_scl.a(scl_fu03.o)
                              scroll.o (SCL_InitConfigTb)
../sbl6/segalib/lib/sega_scl.a(scl_fu02.o)
                              scroll.o (SCL_InitVramConfigTb)
../sbl6/segalib/lib/sega_scl.a(scl_pr01.o)
                              main.o (SCL_SetSpriteMode)
../sbl6/segalib/lib/sega_scl.a(scl_pr05.o)
                              ../sbl6/segalib/lib/sega_scl.a(scl_pr02.o) (SCL_GetColRamOffset)
../sbl6/segalib/lib/sega_scl.a(scl_ro00.o)
                              ../sbl6/segalib/lib/sega_scl.a(scl_func.o) (SCL_Rotate)
../sbl6/segalib/lib/sega_scl.a(scl_pr06.o)
                              ../sbl6/segalib/lib/sega_scl.a(scl_pr03.o) (SCL_SetColRamOffset)
../sbl6/segalib/lib/sega_mth.a(mth_rand.o)
                              main.o (MTH_InitialRand)
../sbl6/segalib/lib/sega_mth.a(mth_fixd.o)
                              game.o (MTH_Mul)
../sbl6/segalib/lib/sega_mth.a(mth_tri.o)
                              game.o (MTH_Sin)
../sbl6/segalib/lib/sega_cdc.a(cdc_drv.o)
                              sound.o (CDC_CdPlay)
../sbl6/segalib/lib/sega_cdc.a(cdc_cmn.o)
                              main.o (CDC_GetPeriStat)
../sbl6/segalib/lib/sega_cdc.a(cdc_sub.o)
                              ../sbl6/segalib/lib/sega_cdc.a(cdc_cmn.o) (CDSUB_UpdStatus)
../sbl6/segalib/lib/sega_cdc.a(cdc_reg.o)
                              ../sbl6/segalib/lib/sega_cdc.a(cdc_cmn.o) (CDREG_ClrHirqReq)
../sbl6/segalib/lib/sega_per.a(per_prt.o)
                              smpclib/per_x2.o (PER_LInit)
../sbl6/segalib/lib/sega_sat.a(gfs.o)
                              cd.o (GFS_Init)
../sbl6/segalib/lib/sega_sat.a(DMA_CPU1.o)
                              game.o (DMA_CpuMemCopy1)
../sbl6/segalib/lib/sega_sat.a(DMA_CPU2.o)
                              intro.o (DMA_CpuMemCopy2)
../sbl6/segalib/lib/sega_sat.a(DMA_SCU1.o)
                              ../sbl6/segalib/lib/sega_spr.a(spr_2c.o) (DMA_ScuMemCopy)
../sbl6/segalib/lib/sega_sat.a(gfs_cdf.o)
                              ../sbl6/segalib/lib/sega_sat.a(gfs.o) (GFCF_Init)
../sbl6/segalib/lib/sega_sat.a(gfs_dir.o)
                              ../sbl6/segalib/lib/sega_sat.a(gfs.o) (GFDR_SetupDirTbl)
../sbl6/segalib/lib/sega_sat.a(gfs_trn.o)
                              ../sbl6/segalib/lib/sega_sat.a(gfs.o) (GFTR_Setup)
../sbl6/segalib/lib/sega_sat.a(gfs_buf.o)
                              ../sbl6/segalib/lib/sega_sat.a(gfs.o) (GFBF_GetNumData)
../sbl6/segalib/lib/sega_sat.a(gfs_cdb.o)
                              ../sbl6/segalib/lib/sega_sat.a(gfs_cdf.o) (GFCB_Setup)
../sbl6/segalib/lib/sega_sat.a(gfs_cdc.o)
                              ../sbl6/segalib/lib/sega_sat.a(gfs.o) (GFCD_SetCdbfs)
../sbl6/segalib/lib/sega_sat.a(DMA_CPU0.o)
[...]
Memory Configuration

Name             Origin             Length             Attributes
*default*        0x00000000         0xffffffff

Linker script and memory map

LOAD ../sbl6/segasmp/lib/strt1_g.o
LOAD ../sbl6/segasmp/lib/strt2_g.o
LOAD vblank.o
LOAD smpclib/per_x1.o
LOAD smpclib/per_x2.o
LOAD smpclib/per_x3.o
LOAD spritecode/explosion.o
LOAD cd.o
LOAD crc.o
LOAD devcart.o
LOAD game.o
LOAD graphics.o
LOAD intro.o
LOAD logo.o
LOAD menu.o
LOAD pcmsys.o
LOAD print.o
LOAD scroll.o
LOAD sound.o
LOAD sprite.o
LOAD main.o
LOAD ../sbl6/segalib/lib/sega_int.a
LOAD ../sbl6/segalib/lib/sega_spr.a
LOAD ../sbl6/segalib/lib/sega_scl.a
LOAD ../sbl6/segalib/lib/sega_mth.a
LOAD ../sbl6/segalib/lib/sega_cdc.a
LOAD ../sbl6/segalib/lib/sega_adp.a
LOAD ../sbl6/segalib/lib/sega_per.a
LOAD ../sbl6/segalib/lib/sega_sat.a
LOAD C:/saturn/SH_COFF/sh-coff/bin/../lib/gcc/sh-coff/3.4-GNUSH_v0501\libgcc.a
LOAD C:/saturn/SH_COFF/sh-coff/bin/../lib/gcc/sh-coff/3.4-GNUSH_v0501/../../../../sh-coff/lib\libc.a
LOAD C:/saturn/SH_COFF/sh-coff/bin/../lib/gcc/sh-coff/3.4-GNUSH_v0501\libgcc.a

.text           0x06010000    0x16fd0
 *(.text)
 .text          0x06010000       0x30 ../sbl6/segasmp/lib/strt1_g.o
                0x06010024                _D_END
                0x06010020                _D_BGN
                0x0601002c                _B_END
                0x06010028                _B_BGN
                0x06010000                START
 .text          0x06010030       0x60 ../sbl6/segasmp/lib/strt2_g.o
                0x06010050                _INITSCT
                0x06010030                _INIT
 .text          0x06010090      0x220 vblank.o
                0x06010090                SetVblank
                0x06010110                UsrVblankOut
                0x060100f0                UsrVblankIn
 .text          0x060102b0      0x240 smpclib/per_x1.o
                0x06010490                PER_GetAnalogXYZ
                0x060102d0                PER_GetTriggerHandler
                0x06010420                PER_GetEdge
                0x060103e0                PER_GetTrigger
                0x06010430                PER_GetPressEdge
                0x06010460                PER_GetReleaseEdge
                0x060102b0                PER_SetTriggerHandler
 .text          0x060104f0      0x180 smpclib/per_x2.o
                0x060105d0                PER_GetDeviceA
                0x060104f0                PER_OpenPort
                0x06010520                PER_GetPort
                0x06010610                PER_GetDeviceR
 .text          0x06010670       0x20 smpclib/per_x3.o
                0x06010670                PER_DisguiseTrigger
 .text          0x06010690       0xb0 spritecode/explosion.o
                0x060106f0                explosion_move
                0x06010690                explosion_make
 .text          0x06010740      0x120 cd.o
                0x060107e0                cd_load_nosize
                0x06010740                cd_init
                0x06010770                cd_load
 .text          0x06010860      0x140 crc.o
                0x06010960                crc_update
 .text          0x060109a0      0x1c0 devcart.o
                0x06010b20                devcart_reset
                0x06010a10                devcart_loadfile
                0x06010b10                devcart_printstr
 .text          0x06010b60      0xf40 game.o
                0x06010c60                game_run
 .text          0x06011aa0      0xe00 intro.o
                0x06011aa0                intro_run
 .text          0x060128a0      0x370 logo.o
                0x06012900                logo_run
                0x060128a0                logo_loadframe
 .text          0x06012c10      0xbd0 menu.o
                0x06012f40                menu_run
                0x06012df0                sqrt32
 .text          0x060137e0      0x8c0 pcmsys.o
                0x06013ea0                load_8bit_pcm
                0x06013c00                smpc_issue_command
                0x06013ca0                load_drv
                0x06014030                pcm_parameter_change
                0x06013be0                smpc_wait_till_ready
                0x06013c20                load_driver_binary
                0x06013ff0                pcm_play
                0x06014060                pcm_cease
                0x06013cf0                calculate_bytes_per_blank
                0x06013d40                load_16bit_pcm
 .text          0x060140a0      0x230 print.o
                0x06014230                print_display
                0x06014180                print_num
                0x060140a0                print_load
                0x06014150                print_init
                0x060141d0                print_string
 .text          0x060142d0      0x550 scroll.o
                0x060142d0                scroll_lores
                0x060146e0                scroll_move
                0x06014730                scroll_clearmaps
                0x06014690                scroll_set
                0x06014780                scroll_charsize
                0x060147d0                scroll_mapsize
                0x06014330                scroll_hires
                0x06014470                scroll_init
                0x06014390                scroll_scale
 .text          0x06014820      0x1a0 sound.o
                0x060149a0                sound_play
                0x06014850                sound_init
                0x06014940                sound_cdda
 .text          0x060149c0      0x610 sprite.o
                0x060149f0                sprite_init
                0x06014de0                sprite_make
                0x06014f30                sprite_next
                0x06014ab0                sprite_erase
                0x06014fa0                sprite_delete
                0x06014e30                sprite_draw_all
                0x060149c0                sprite_deleteall
                0x06014b10                sprite_startdraw
                0x06014b90                sprite_draw
 .text          0x06014fd0      0x220 main.o
                0x06014fd0                main
 .text          0x060151f0       0x40 ../sbl6/segalib/lib/sega_int.a(int.o)
                0x0601521c                INT_GetScuFunc
                0x060151f0                INT_SetScuFunc
 .text          0x06015230      0x624 ../sbl6/segalib/lib/sega_int.a(int_trmp.o)
                0x06015398                __interrupt_handler60
                0x06015548                __interrupt_handler132
                0x060156fe                __interrupt_handler205
                0x06015566                __interrupt_handler137
                0x06015494                __interrupt_handler102
                0x060152d2                __interrupt_handler27
                0x060156d4                __interrupt_handler198
                0x060155c6                __interrupt_handler153
                0x060152ae                __interrupt_handler21
                0x060153bc                __interrupt_handler66
                0x060154ac                __interrupt_handler106
                0x060155f6                __interrupt_handler161
                0x06015440                __interrupt_handler88
                0x0601560e                __interrupt_handler165
                0x0601551e                __interrupt_handler125
                0x06015254                __interrupt_handler6
                0x060152f0                __interrupt_handler32
                0x060156aa                __interrupt_handler191
                0x060157c4                __interrupt_handler238
                0x060157dc                __interrupt_handler242
                0x060155e4                __interrupt_handler158
                0x0601544c                __interrupt_handler90
                0x06015608                __interrupt_handler164
                0x0601532c                __interrupt_handler42
                0x0601566e                __interrupt_handler181
                0x06015776                __interrupt_handler225
                0x0601581e                __interrupt_handler253
                0x06015632                __interrupt_handler171
                0x060153ec                __interrupt_handler74
                0x06015242                __interrupt_handler3
                0x06015386                __interrupt_handler57
                0x06015284                __interrupt_handler14
                0x0601571c                __interrupt_handler210
                0x0601574c                __interrupt_handler218
                0x06015710                __interrupt_handler208
                0x06015314                __interrupt_handler38
                0x06015230                __interrupt_handler0
                0x060154a0                __interrupt_handler104
                0x060155de                __interrupt_handler157
                0x0601572e                __interrupt_handler213
                0x06015620                __interrupt_handler168
                0x0601542e                __interrupt_handler85
                0x060154ca                __interrupt_handler111
                0x060154dc                __interrupt_handler114
                0x0601534a                __interrupt_handler47
                0x060157a0                __interrupt_handler232
                0x0601576a                __interrupt_handler223
                0x060157be                __interrupt_handler237
                0x060153aa                __interrupt_handler63
                0x06015338                __interrupt_handler44
                0x0601564a                __interrupt_handler175
                0x06015674                __interrupt_handler182
                0x0601568c                __interrupt_handler186
                0x0601558a                __interrupt_handler143
                0x060154b2                __interrupt_handler107
                0x06015518                __interrupt_handler124
                0x06015638                __interrupt_handler172
                0x060157ee                __interrupt_handler245
                0x0601546a                __interrupt_handler95
                0x06015542                __interrupt_handler131
                0x06015554                __interrupt_handler134
                0x06015572                __interrupt_handler139
                0x060153e0                __interrupt_handler72
                0x0601579a                __interrupt_handler231
                0x060155f0                __interrupt_handler160
                0x06015536                __interrupt_handler129
                0x060152a8                __interrupt_handler20
                0x060153b6                __interrupt_handler65
                0x06015380                __interrupt_handler56
                0x0601527e                __interrupt_handler13
                0x06015716                __interrupt_handler209
                0x060154d0                __interrupt_handler112
                0x060152a2                __interrupt_handler19
                0x0601545e                __interrupt_handler93
                0x060156c8                __interrupt_handler196
                0x060155ba                __interrupt_handler151
                0x0601561a                __interrupt_handler167
                0x06015830                __trampoline
                0x06015296                __interrupt_handler17
                0x06015788                __interrupt_handler228
                0x0601582a                __interrupt_handler255
                0x060157e8                __interrupt_handler244
                0x06015482                __interrupt_handler99
                0x0601567a                __interrupt_handler183
                0x06015578                __interrupt_handler140
                0x0601569e                __interrupt_handler189
                0x0601559c                __interrupt_handler146
                0x06015764                __interrupt_handler222
                0x060155d8                __interrupt_handler156
                0x0601550c                __interrupt_handler122
                0x06015800                __interrupt_handler248
                0x06015350                __interrupt_handler48
                0x060153ce                __interrupt_handler69
                0x060152c0                __interrupt_handler24
                0x06015446                __interrupt_handler89
                0x0601573a                __interrupt_handler215
                0x06015824                __interrupt_handler254
                0x0601543a                __interrupt_handler87
                0x0601539e                __interrupt_handler61
                0x060156c2                __interrupt_handler195
                0x060155b4                __interrupt_handler150
                0x06015326                __interrupt_handler41
                0x060154c4                __interrupt_handler110
                0x0601552a                __interrupt_handler127
                0x060154b8                __interrupt_handler108
                0x060154d6                __interrupt_handler113
                0x060154e8                __interrupt_handler116
                0x06015506                __interrupt_handler121
                0x060153fe                __interrupt_handler77
                0x0601531a                __interrupt_handler39
                0x06015332                __interrupt_handler43
                0x06015806                __interrupt_handler249
                0x06015644                __interrupt_handler174
                0x06015560                __interrupt_handler136
                0x06015698                __interrupt_handler188
                0x06015596                __interrupt_handler145
                0x06015266                __interrupt_handler9
                0x0601540a                __interrupt_handler79
                0x06015782                __interrupt_handler227
                0x060152fc                __interrupt_handler34
                0x0601553c                __interrupt_handler130
                0x060157fa                __interrupt_handler247
                0x060153f2                __interrupt_handler75
                0x0601563e                __interrupt_handler173
                0x0601536e                __interrupt_handler53
                0x060155ae                __interrupt_handler149
                0x06015812                __interrupt_handler251
                0x060157a6                __interrupt_handler233
                0x0601526c                __interrupt_handler10
                0x060156f8                __interrupt_handler204
                0x0601541c                __interrupt_handler82
                0x06015422                __interrupt_handler83
                0x060152c6                __interrupt_handler25
                0x060157e2                __interrupt_handler243
                0x060155fc                __interrupt_handler162
                0x06015344                __interrupt_handler46
                0x0601565c                __interrupt_handler178
                0x06015410                __interrupt_handler80
                0x060153a4                __interrupt_handler62
                0x0601523c                __interrupt_handler2
                0x060152de                __interrupt_handler29
                0x060153d4                __interrupt_handler70
                0x060154be                __interrupt_handler109
                0x060155a8                __interrupt_handler148
                0x06015464                __interrupt_handler94
                0x06015770                __interrupt_handler224
                0x0601549a                __interrupt_handler103
                0x06015308                __interrupt_handler36
                0x06015524                __interrupt_handler126
                0x060157f4                __interrupt_handler246
                0x0601537a                __interrupt_handler55
                0x06015278                __interrupt_handler12
                0x06015368                __interrupt_handler52
                0x06015692                __interrupt_handler187
                0x06015590                __interrupt_handler144
                0x060154ee                __interrupt_handler117
                0x0601529c                __interrupt_handler18
                0x060156ce                __interrupt_handler197
                0x060155c0                __interrupt_handler152
                0x060154f4                __interrupt_handler118
                0x0601562c                __interrupt_handler170
                0x060156e6                __interrupt_handler201
                0x06015476                __interrupt_handler97
                0x06015602                __interrupt_handler163
                0x06015668                __interrupt_handler180
                0x060156b0                __interrupt_handler192
                0x060157d0                __interrupt_handler240
                0x06015512                __interrupt_handler123
                0x06015734                __interrupt_handler214
                0x060152ea                __interrupt_handler31
                0x060152d8                __interrupt_handler28
                0x060153c2                __interrupt_handler67
                0x060153c8                __interrupt_handler68
                0x060152b4                __interrupt_handler22
                0x060152ba                __interrupt_handler23
                0x06015650                __interrupt_handler176
                0x0601525a                __interrupt_handler7
                0x0601575e                __interrupt_handler221
                0x06015746                __interrupt_handler217
                0x0601578e                __interrupt_handler229
                0x06015356                __interrupt_handler49
                0x06015248                __interrupt_handler4
                0x06015320                __interrupt_handler40
                0x060154e2                __interrupt_handler115
                0x060157b2                __interrupt_handler235
                0x06015452                __interrupt_handler91
                0x06015704                __interrupt_handler206
                0x06015656                __interrupt_handler177
                0x060155a2                __interrupt_handler147
                0x0601530e                __interrupt_handler37
                0x0601580c                __interrupt_handler250
                0x06015236                __interrupt_handler1
                0x06015752                __interrupt_handler219
                0x060153f8                __interrupt_handler76
                0x06015488                __interrupt_handler100
                0x0601538c                __interrupt_handler58
                0x0601528a                __interrupt_handler15
                0x06015728                __interrupt_handler212
                0x060157d6                __interrupt_handler241
                0x060156ec                __interrupt_handler202
                0x060156b6                __interrupt_handler193
                0x06015404                __interrupt_handler78
                0x0601535c                __interrupt_handler50
                0x060152f6                __interrupt_handler33
                0x06015614                __interrupt_handler166
                0x0601556c                __interrupt_handler138
                0x0601555a                __interrupt_handler135
                0x060152e4                __interrupt_handler30
                0x06015680                __interrupt_handler184
                0x0601557e                __interrupt_handler141
                0x06015794                __interrupt_handler230
                0x060157b8                __interrupt_handler236
                0x060154fa                __interrupt_handler119
                0x06015434                __interrupt_handler86
                0x060154a6                __interrupt_handler105
                0x06015416                __interrupt_handler81
                0x06015500                __interrupt_handler120
                0x06015530                __interrupt_handler128
                0x06015374                __interrupt_handler54
                0x06015272                __interrupt_handler11
                0x060156da                __interrupt_handler199
                0x060155cc                __interrupt_handler154
                0x0601533e                __interrupt_handler45
                0x06015740                __interrupt_handler216
                0x060156f2                __interrupt_handler203
                0x0601548e                __interrupt_handler101
                0x06015428                __interrupt_handler84
                0x06015686                __interrupt_handler185
                0x06015584                __interrupt_handler142
                0x060152cc                __interrupt_handler26
                0x060153b0                __interrupt_handler64
                0x060156e0                __interrupt_handler200
                0x0601570a                __interrupt_handler207
                0x060156bc                __interrupt_handler194
                0x06015458                __interrupt_handler92
                0x060155d2                __interrupt_handler155
                0x06015722                __interrupt_handler211
                0x0601554e                __interrupt_handler133
                0x0601524e                __interrupt_handler5
                0x060153e6                __interrupt_handler73
                0x06015290                __interrupt_handler16
                0x060157ca                __interrupt_handler239
                0x060157ac                __interrupt_handler234
                0x06015302                __interrupt_handler35
                0x06015392                __interrupt_handler59
                0x06015626                __interrupt_handler169
                0x0601547c                __interrupt_handler98
                0x060153da                __interrupt_handler71
                0x06015362                __interrupt_handler51
                0x060155ea                __interrupt_handler159
                0x0601577c                __interrupt_handler226
                0x06015470                __interrupt_handler96
                0x060156a4                __interrupt_handler190
                0x06015758                __interrupt_handler220
                0x06015260                __interrupt_handler8
                0x06015662                __interrupt_handler179
                0x06015818                __interrupt_handler252
 *fill*         0x06015854        0xc 00
 .text          0x06015860     0x12a0 ../sbl6/segalib/lib/sega_spr.a(spr_2c.o)
                0x06016ac0                SlaveFlushDrawPrtyBlock
                0x06015860                SPR_2Initial
                0x060160a4                SPR_2SysClip
                0x06016044                SPR_2LocalCoord
                0x0601693c                SPR_2FlushDrawPrtyBlock
                0x06016628                SPR_2DistSpr
                0x0601602c                SPR_2FlushDrawPrty
                0x0601674c                SPR_2Cmd
                0x06015d28                SPR_2GourTblNoToVram
                0x06015d88                SPR_2GetAreaSizeInfo
                0x06015af0                SPR_2SetGourTbl
                0x060162dc                SPR_2Polygon
                0x06015d64                SPR_2CharNoToVram
                0x06015a70                SPR_2SetTvMode
                0x06015ecc                SPR_2CloseCommand
                0x06015aac                SPR_2FrameEraseData
                0x06015888                SPR_2Initial2
                0x060164bc                SPR_2ScaleSpr
                0x0601614c                SPR_2Line
                0x06015e18                SPR_2OpenCommand
                0x06015a8c                SPR_2FrameChgIntr
                0x06016398                SPR_2NormSpr
                0x06015b20                SPR_2SetLookupTbl
                0x06015b54                SPR_2SetChar
                0x06015d4c                SPR_2LookupTblNoToVram
                0x06016220                SPR_2PolyLine
                0x06015cc0                SPR_2ClrAllChar
                0x06015c74                SPR_2ClrChar
                0x060160f0                SPR_2UserClip
 .text          0x06016b00      0x1e6 ../sbl6/segalib/lib/sega_spr.a(spr_slv.o)
                0x06016c64                SPR_WaitEndSlaveSH
                0x06016b00                SPR_SMPC_SSHON
                0x06016c40                SPR_RunSlaveSH
                0x06016b04                SPR_InitSlaveSH
                0x06016bcc                SPR_SlaveSHmain
                0x06016b01                SPR_SMPC_SSHOFF
 *fill*         0x06016ce6        0xa 00
 .text          0x06016cf0      0x36a ../sbl6/segalib/lib/sega_spr.a(spr_1c.o)
                0x06016fa4                SPR_WaitDrawEnd
                0x06016fbc                SPR_SetEosMode
                0x06016ed4                SPR_SetEraseData
                0x06016cf0                SPR_Initial
                0x06016dc8                SPR_SetTvMode
                0x06016e60                SPR_GetStatus
 *fill*         0x0601705a        0x6 00
 .text          0x06017060      0x244 ../sbl6/segalib/lib/sega_spr.a(spr_2a.o)
                0x06017072                sprMemCpyW
                0x060170d0                flushDrawPrtyBlock
                0x06017060                sprMemCpyL
                0x06017084                SPR_2SetDrawPrty
 *fill*         0x060172a4        0xc 00
 .text          0x060172b0      0x2fc ../sbl6/segalib/lib/sega_scl.a(scl_vblv.o)
                0x0601736c                SCL_DisplayFrame
                0x060172b0                SCL_SetFrameInterval
                0x060173a0                SCL_VblInit
                0x060173f0                SCL_VblankStart
                0x06017434                SCL_VblankEnd
 *fill*         0x060175ac        0x4 00
 .text          0x060175b0      0x1f4 ../sbl6/segalib/lib/sega_scl.a(scl_pr12.o)
                0x060175b0                SCL_SetColOffset
 *fill*         0x060177a4        0xc 00
 .text          0x060177b0      0x214 ../sbl6/segalib/lib/sega_scl.a(scl_pr07.o)
                0x060177b0                SCL_SetPriority
 *fill*         0x060179c4        0xc 00
 .text          0x060179d0       0x9c ../sbl6/segalib/lib/sega_scl.a(scl_pr02.o)
                0x060179d0                SCL_SetColRam
 *fill*         0x06017a6c        0x4 00
 .text          0x06017a70      0x180 ../sbl6/segalib/lib/sega_scl.a(scl_pr11.o)
                0x06017a70                SCL_SetAutoColOffset
 .text          0x06017bf0     0x10a4 ../sbl6/segalib/lib/sega_scl.a(scl_pri.o)
                0x06017c84                SCL_AbortAutoVe
                0x06018b34                SCL_SetShadowBit
                0x060180fc                SCL_AutoExec
                0x06017bf0                SCL_PriorityInit
                0x06018610                SCL_IncColOffset
                0x06017c98                SCL_SetColMixRate
                0x06017c68                SCL_GetColRamMode
 *fill*         0x06018c94        0xc 00
 .text          0x06018ca0       0x98 ../sbl6/segalib/lib/sega_scl.a(scl_pr10.o)
                0x06018ca0                SCL_SetAutoColMix
 *fill*         0x06018d38        0x8 00
 .text          0x06018d40      0x278 ../sbl6/segalib/lib/sega_scl.a(scl_fu05.o)
                0x06018dfc                SCL_SetLineParam
                0x06018d48                SCL_InitLineParamTb
 *fill*         0x06018fb8        0x8 00
 .text          0x06018fc0      0xb9c ../sbl6/segalib/lib/sega_scl.a(scl_func.o)
                0x0601999c                SCL_Vdp2_SGLInit
                0x060198ac                SCL_PriIntProc
                0x06019824                SCL_Memcpyw
                0x06019b3c                SCL_SglOff
                0x06019b1c                SCL_SglOn
                0x06019790                SCL_ScrollShow
                0x06019238                SCL_Close
                0x06019530                SCL_Scale
                0x06018fc0                SCL_Vdp2Init
                0x060193a4                SCL_Move
                0x0601966c                SCL_CopyReg
                0x06019214                SCL_Open
                0x06019044                SCL_ParametersInit
                0x06019254                SCL_MoveTo
                0x0601984c                SCL_SetColRamMode
 *fill*         0x06019b5c        0x4 00
 .text          0x06019b60      0x1ec ../sbl6/segalib/lib/sega_scl.a(scl_fu01.o)
                0x06019b60                SCL_SetDisplayMode
 *fill*         0x06019d4c        0x4 00
 .text          0x06019d50       0x28 ../sbl6/segalib/lib/sega_scl.a(scl_fu04.o)
                0x06019d50                SCL_SetCycleTable
 *fill*         0x06019d78        0x8 00
 .text          0x06019d80      0x138 ../sbl6/segalib/lib/sega_scl.a(scl_pr03.o)
                0x06019d80                SCL_FreeColRam
                0x06019db8                SCL_AllocColRam
 *fill*         0x06019eb8        0x8 00
 .text          0x06019ec0       0x84 ../sbl6/segalib/lib/sega_scl.a(scl_back.o)
                0x06019ec0                SCL_SetBack
 *fill*         0x06019f44        0xc 00
 .text          0x06019f50      0x94c ../sbl6/segalib/lib/sega_scl.a(scl_fu03.o)
                0x06019fac                SCL_SetConfig
                0x06019f50                SCL_InitConfigTb
 *fill*         0x0601a89c        0x4 00
 .text          0x0601a8a0      0x4f4 ../sbl6/segalib/lib/sega_scl.a(scl_fu02.o)
                0x0601a8d8                SCL_SetVramConfig
                0x0601a8a0                SCL_InitVramConfigTb
 *fill*         0x0601ad94        0xc 00
 .text          0x0601ada0       0x58 ../sbl6/segalib/lib/sega_scl.a(scl_pr01.o)
                0x0601ada0                SCL_SetSpriteMode
 *fill*         0x0601adf8        0x8 00
 .text          0x0601ae00       0xac ../sbl6/segalib/lib/sega_scl.a(scl_pr05.o)
                0x0601ae00                SCL_GetColRamOffset
 *fill*         0x0601aeac        0x4 00
 .text          0x0601aeb0     0x1394 ../sbl6/segalib/lib/sega_scl.a(scl_ro00.o)
                0x0601c09c                SCL_RotateZD
                0x0601b364                SCL_Rotate
                0x0601b038                SCL_InitRotateTable
 *fill*         0x0601c244        0xc 00
 .text          0x0601c250      0x1b4 ../sbl6/segalib/lib/sega_scl.a(scl_pr06.o)
                0x0601c250                SCL_SetColRamOffset
 *fill*         0x0601c404        0xc 00
 .text          0x0601c410       0x30 ../sbl6/segalib/lib/sega_mth.a(mth_rand.o)
                0x0601c420                MTH_GetRand
                0x0601c410                MTH_InitialRand
 .text          0x0601c440       0xa4 ../sbl6/segalib/lib/sega_mth.a(mth_fixd.o)
                0x0601c490                MTH_FixedToInt
                0x0601c480                MTH_IntToFixed
                0x0601c440                MTH_Mul
                0x0601c4a0                MTH_Product
                0x0601c460                MTH_Div
 *fill*         0x0601c4e4        0xc 00
 .text          0x0601c4f0      0x600 ../sbl6/segalib/lib/sega_mth.a(mth_tri.o)
                0x0601c58c                fcos
                0x0601c592                fsin
                0x0601c53c                MTH_Cos
                0x0601c4f0                MTH_Sin
                0x0601c730                MTH_Atan
 .text          0x0601caf0      0x130 ../sbl6/segalib/lib/sega_cdc.a(cdc_drv.o)
                0x0601caf0                CDC_CdPlay
                0x0601cbbc                CDC_CdSeek
                0x0601cbf0                CDC_CdScan
 .text          0x0601cc20      0x3a0 ../sbl6/segalib/lib/sega_cdc.a(cdc_cmn.o)
                0x0601cdc4                CDC_TgetToc
                0x0601cf68                CDC_DataEnd
                0x0601cc88                CDC_GetPeriStat
                0x0601cefc                CDC_DataReady
                0x0601ced4                CDC_CdOpen
                0x0601ce50                CDC_CdInit
                0x0601ce14                CDC_GetSes
                0x0601cc70                CDC_GetLastStat
                0x0601cc20                CDC_GetCurStat
                0x0601cd5c                CDC_GetHwInfo
 .text          0x0601cfc0      0x152 ../sbl6/segalib/lib/sega_cdc.a(cdc_sub.o)
                0x0601d068                CDSUB_GetCdstat
                0x0601cfd8                CDSUB_UpdCdstat
                0x0601d0a8                CDSUB_RspToCdstat
                0x0601d0f0                CDSUB_SoftTimer
                0x0601cfc0                CDSUB_UpdStatus
                0x0601cff8                CDSUB_CdCmd
 *fill*         0x0601d112        0xe 00
 .text          0x0601d120      0x2dc ../sbl6/segalib/lib/sega_cdc.a(cdc_reg.o)
                0x0601d174                CDREG_ClrHirqReq
                0x0601d144                CDC_ClrHirqReq
                0x0601d1f4                CDREG_TgetData
                0x0601d1e4                CDC_GetMpegPtr
                0x0601d1c0                CDC_GetHirqMsk
                0x0601d120                CDC_GetDataPtr
                0x0601d130                CDC_GetHirqReq
                0x0601d350                CDREG_WaitHirq
                0x0601d1d4                CDC_SetHirqMsk
                0x0601d250                CDREG_CmdRsp
                0x0601d184                CDREG_InitHirqReq
                0x0601d1ac                CDREG_SetHirqFlag
                0x0601d3c0                CDREG_ReadRsp
 *fill*         0x0601d3fc        0x4 00
 .text          0x0601d400      0xf50 ../sbl6/segalib/lib/sega_per.a(per_prt.o)
                0x0601d820                PER_IntFunc
                0x0601d618                PER_LGetPer
                0x0601d400                PER_LInit
 .text          0x0601e350     0x1b04 ../sbl6/segalib/lib/sega_sat.a(gfs.o)
                0x0601e350                gfs_version
                0x0601f5c4                gfs_mngGetNumFile
                0x0601fd44                gfs_closeSub
                0x0601f0e0                GFS_SetGmode
                0x0601f39c                GFS_SetErrFunc
                0x0601f4ec                gfs_mngSetupFuncTbl
                0x0601e6a8                GFS_Reset
                0x0601f414                gfs_chgRoot
                0x0601f4e0                gfs_aborttrans
                0x0601f7c4                gfs_svrAddHndl
                0x0601f674                gfs_mngFreeGrp
                0x0601f3ec                GFS_ConvTno
                0x0601f978                gfs_getRootDir
                0x0601f3c8                GFS_GetErrStat
                0x0601e818                GFS_Seek
                0x0601ee84                GFS_NwStop
                0x0601f680                gfs_mngTermAccess
                0x0601e72c                GFS_Open
                0x0601f62c                GFS_mngAllocGrp
                0x0601fd8c                gfs_isTaskDone
                0x0601eb84                GFS_Fread
                0x0601f2e4                GFS_StartTrans
                0x0601fce0                gfs_GetFinfo
                0x0601f520                gfs_mngInitWork
                0x0601e970                GFS_ByteToSct
                0x0601f784                gfs_svrSearchHndl
                0x0601fa74                gfs_loadRootDir
                0x0601e5cc                GFS_IdToName
                0x0601ecc8                GFS_NwFread
                0x0601f214                GFS_SetTransPara
                0x0601edd4                GFS_NwCdRead
                0x0601f8b4                gfs_loadVol
                0x0601f1b0                GFS_SetReadPara
                0x0601e8cc                GFS_Tell
                0x0601f144                GFS_SetTmode
                0x0601fc48                GFS_GetFad
                0x0601f280                GFS_SetTrFunc
                0x0601f330                GFS_CdMovePickup
                0x0601e568                GFS_NameToId
                0x0601ef9c                GFS_NwExecOne
                0x0601fafc                gfs_flowIn
                0x0601ea24                GFS_GetFileInfo
                0x0601fba4                gfs_transData
                0x0601f800                gfs_svrRemoveHndl
                0x0601ee4c                GFS_NwIsComplete
                0x0601fd80                gfs_getGmode
                0x0601eef0                GFS_NwGetStat
                0x0601f85c                GFS_OpenSub
                0x0601e500                GFS_SetDir
                0x0601e9cc                GFS_GetFileSize
                0x0601ea98                GFS_GetNumCdbuf
                0x0601fde0                gfs_convFinStat
                0x0601eac0                GFS_Load
                0x0601ec20                gfs_waitRead
                0x0601e458                GFS_LoadDir
                0x0601e638                GFS_GetDirInfo
                0x0601e7e0                GFS_Close
                0x0601e370                GFS_Init
                0x0601ef6c                gfs_recovRdErr
                0x0601f704                gfs_mngSetErrCode
                0x0601f05c                GFS_NwExecServer
                0x0601e91c                GFS_IsEof
                0x0601fca0                gfs_SetSct
 *fill*         0x0601fe54        0xc 00
 .text          0x0601fe60       0x90 ../sbl6/segalib/lib/sega_sat.a(DMA_CPU1.o)
                0x0601fe60                DMA_CpuMemCopy1
 .text          0x0601fef0       0x94 ../sbl6/segalib/lib/sega_sat.a(DMA_CPU2.o)
                0x0601fef0                DMA_CpuMemCopy2
 *fill*         0x0601ff84        0xc 00
 .text          0x0601ff90      0x1f4 ../sbl6/segalib/lib/sega_sat.a(DMA_SCU1.o)
                0x060200ec                DMA_ScuResult
                0x0601ff90                DMA_ScuInit
                0x0601ffe0                DMA_ScuMemCopy
 *fill*         0x06020184        0xc 00
 .text          0x06020190      0x8d4 ../sbl6/segalib/lib/sega_sat.a(gfs_cdf.o)
                0x06020684                GFCF_Seek
                0x0602078c                GFCF_GetStat
                0x0602066c                GFCF_Tell
                0x06020230                GFCF_Setup
                0x06020738                GFCF_cnvIntlvOfs
                0x06020190                GFCF_Init
                0x06020624                GFCF_Recover
                0x06020378                GFCF_SetSct
                0x0602069c                GFCF_MovePickup
                0x06020860                gfcf_isCdOk
                0x06020430                GFCF_FlowInBuf
                0x060203bc                GFCF_GetFileInfo
                0x06020584                GFCF_StopInBuf
                0x06020824                gfcf_getSctSize
                0x06020920                gfcf_getPlayRange
 *fill*         0x06020a64        0xc 00
 .text          0x06020a70      0x928 ../sbl6/segalib/lib/sega_sat.a(gfs_dir.o)
                0x06020f60                gfdr_setNextRec
                0x0602135c                gfdr_setDirrecCd
                0x06020d58                gfdr_open
                0x06020b6c                GFDR_GetAtrDirId
                0x06020e40                gfdr_readByte
                0x06020a70                GFDR_SetupDirTbl
                0x06020f38                gfdr_readLongNM
                0x06020fe4                gfdr_readDirEnt
                0x06020b9c                GFDR_ChgRoot
                0x06020ae4                GFDR_NameToId
                0x06020c28                gfdr_setupDirIdTbl
                0x06020b84                GFDR_GetAtrDirName
                0x06020b44                GFDR_GetInfoDirId
                0x06020eec                gfdr_readLongNB
                0x06020d80                gfdr_read
                0x06020e6c                gfdr_readWord
                0x06020cac                gfdr_setupDirNameTbl
                0x06020b58                GFDR_GetInfoDirName
                0x06020bb4                GFDR_ChgDir
                0x06020e98                gfdr_readWordNB
 *fill*         0x06021398        0x8 00
 .text          0x060213a0      0xa46 ../sbl6/segalib/lib/sega_sat.a(gfs_trn.o)
                0x06021480                GFTR_SetTransMax
                0x06021850                gftr_execScu
                0x06021dd4                GFTR_SetTransFunc
                0x06021c9c                gftr_remTrn
                0x06021dc0                GFTR_SetData
                0x06021ac0                gftr_execSdma1
                0x06021d10                gftr_copyFrac
                0x06021474                GFTR_GetNumTrans
                0x06021414                GFTR_SetMode
                0x06021a90                gftr_remDma0
                0x06021d38                GFTR_GetLenData
                0x06021844                gftr_reqScu
                0x06021aa8                gftr_reqDma1
                0x06021760                gftr_getSrcPack
                0x06021d90                GFTR_RtnDstPk
                0x0602192c                gfdma_exec
                0x06021bc4                gftr_execTrn
                0x06021658                GFTR_ExecSvr
                0x06021b54                gftr_reqTrn
                0x06021a1c                gfdma_getBytecnt
                0x06021afc                gftr_reqCpu
                0x06021d5c                GFTR_GetDstPack
                0x06021a54                gftr_reqDma0
                0x060215e0                GFTR_Idle
                0x06021498                GFTR_Pause
                0x06021468                GFTR_GetTransPara
                0x06021b48                gftr_remCpu
                0x06021434                GFTR_SetTransPara
                0x06021ae4                gftr_remDma1
                0x060214a4                GFTR_Stop
                0x06021a6c                gftr_execSdma0
                0x060213d0                GFTR_Setup
                0x060218ec                gftr_remScu
                0x060217e8                gftr_getDstPack
                0x06021920                gfdma_canUse
                0x0602155c                GFTR_Exec
                0x06021dac                GFTR_GetData
                0x0602148c                GFTR_Start
                0x06021428                GFTR_SetUnit
                0x06021b08                gftr_execCpu
                0x06021d44                GFTR_GetLenRoom
 *fill*         0x06021de6        0xa 00
 .text          0x06021df0      0x106 ../sbl6/segalib/lib/sega_sat.a(gfs_buf.o)
                0x06021e48                GFBF_GetNumData
                0x06021ec4                GFBF_RtnPk
                0x06021e78                GFBF_GetSrcPk
                0x06021eec                gfbf_getSctDt
                0x06021e20                GFBF_GetTranData
                0x06021ea0                GFBF_GetSctData
 *fill*         0x06021ef6        0xa 00
 .text          0x06021f00      0x600 ../sbl6/segalib/lib/sega_sat.a(gfs_cdb.o)
                0x060224a8                GFCB_GetPickup
                0x06022020                GFCB_Close
                0x060222ec                GFCB_GetSrcPack
                0x06022474                GFCB_SetCon
                0x060220f4                GFCB_GetLenRoom
                0x06022458                GFCB_MovePickup
                0x060223cc                GFCB_GetSctData
                0x06022100                GFCB_SetFilt
                0x06022048                GFCB_GetLenData
                0x060224e8                GFCB_UngetPickup
                0x06021f00                GFCB_Setup
                0x06022190                GFCB_Tell
                0x060224d0                GFCB_IsPuOwner
                0x060221f0                GFCB_Seek
                0x06022168                GFCB_DeleteAllData
                0x06022404                GFCB_GetDstPack
                0x060221a0                gfcb_getSctNum
                0x06022410                GFCB_RtnPk
 .text          0x06022500     0x1a04 ../sbl6/segalib/lib/sega_sat.a(gfs_cdc.o)
                0x0602279c                GFCD_AllocBuf
                0x06023578                gfcd_doGetLenDataTsk
                0x06023e14                GFCD_SetCsctFunc
                0x06022874                GFCD_GetBaseFad
                0x060229f0                GFCD_GetFilt
                0x06023a04                gfcd_doChgDirTsk
                0x06023d44                gfcd_checkEflag
                0x06022d38                GFCD_MovePickup
                0x06022e1c                GFCD_GetSctInfo
                0x060236cc                gfcd_doReqDataTsk
                0x06022e64                GFCD_ChgDir
                0x06022b58                GFCD_ReqData
                0x06023e30                GFCD_ChkScdqFlag
                0x060232e8                GFCD_WaitServer
                0x06022bfc                GFCD_DelSctData
                0x060230d4                GFCD_ExecServer
                0x060234e8                gfcd_doSetConTsk
                0x06022730                GFCD_AllocFilt
                0x0602292c                GFCD_SetFilt
                0x06023324                gfcd_doSetFiltTsk
                0x06023e54                GFCD_ClrScdqFlag
                0x0602376c                gfcd_doDelSctDataTsk
                0x06023230                gfcd_doTask
                0x060228a8                GFCD_GetPickup
                0x06022df8                GFCD_CheckMove
                0x06023e70                GFCD_WaitScdqFlag
                0x06022a90                GFCD_Play
                0x060238a0                gfcd_doMoveSctTsk
                0x06022a38                GFCD_SetCon
                0x06022ed8                GFCD_SetFiltCon
                0x06023eb4                GFCD_WaitPause
                0x0602309c                GFCD_GetBufSiz
                0x060228dc                GFCD_UngetPickup
                0x06022fc0                GFCD_GetFileInfo
                0x06022bb4                GFCD_EndData
                0x060227d0                GFCD_FreeBuf
                0x06022af0                GFCD_GetLenData
                0x0602276c                GFCD_FreeFilt
                0x060231a8                gfcd_isIdleTask
                0x0602252c                GFCD_Init
                0x06023c00                gfcd_doSetFiltConTsk
                0x06022c84                GFCD_GetStat
                0x06022d84                GFCD_MoveSctData
                0x06022908                GFCD_IsPuOwner
                0x06023d68                gfcd_initCdbMng
                0x06022500                GFCD_SetCdbfs
                0x060232d4                GFCD_SetTimer
                0x06023de8                gfcd_setStat
                0x06022c54                GFCD_CheckDelSctData
 *fill*         0x06023f04        0xc 00
 .text          0x06023f10      0x1b6 ../sbl6/segalib/lib/sega_sat.a(DMA_CPU0.o)
                0x06023f58                DMA_CpuSetPrm
                0x0602405c                DMA_CpuStart
                0x060240b4                DMA_CpuGetStatus
                0x06024088                DMA_CpuAllStop
                0x0602409c                DMA_CpuGetComStatus
                0x06023f10                DMA_CpuSetComPrm
                0x06024070                DMA_CpuStop
 *fill*         0x060240c6        0xa 00
 .text          0x060240d0       0x50 ../sbl6/segalib/lib/sega_sat.a(DMA_CPU5.o)
                0x060240d0                DMA_CpuResult
 .text          0x06024120      0x308 ../sbl6/segalib/lib/sega_sat.a(DMA_SCU0.o)
                0x060241a4                DMA_ScuStart
                0x060242d8                DMA_ScuIntFunc0
                0x06024348                DMA_ScuIntFunc1
                0x060243b8                DMA_ScuIntFunc2
                0x06024298                DMA_ScuGetStatus
                0x06024120                DMA_ScuSetPrm
 *fill*         0x06024428        0x8 00
 .text          0x06024430       0xe8 ../sbl6/segalib/lib/sega_sat.a(csh_main.o)
                0x06024430                CSH_Init
                0x06024498                CSH_AllClr
                0x060244e4                CSH_Purge
 *fill*         0x06024518        0x8 00
 .text          0x06024520      0x194 ../sbl6/segalib/lib/sega_sat.a(cdc_cfs.o)
                0x06024520                CDC_ChgDir
                0x06024554                CDC_ReadDir
                0x06024678                CDC_AbortFile
                0x06024588                CDC_GetFileScope
                0x060245e8                CDC_TgetFileInfo
                0x06024644                CDC_ReadFile
 *fill*         0x060246b4        0xc 00
 .text          0x060246c0      0x1e4 ../sbl6/segalib/lib/sega_sat.a(cdc_bio.o)
                0x0602476c                CDC_GetdelSctData
                0x060246f4                CDC_GetSctData
                0x060247a8                CDC_PutSctData
                0x06024824                CDC_MoveSctData
                0x06024868                CDC_GetCopyErr
                0x06024730                CDC_DelSctData
                0x060246c0                CDC_SetSctLen
                0x060247e0                CDC_CopySctData
 *fill*         0x060248a4        0xc 00
 .text          0x060248b0      0x2b8 ../sbl6/segalib/lib/sega_sat.a(cdc_sel.o)
                0x06024ae0                CDC_GetFiltCon
                0x06024a5c                CDC_GetFiltMode
                0x06024b34                CDC_ResetSelector
                0x060248b0                CDC_SetFiltRange
                0x0602493c                CDC_SetFiltSubh
                0x060249ac                CDC_GetFiltSubh
                0x060248e4                CDC_GetFiltRange
                0x06024a28                CDC_SetFiltMode
                0x06024aa0                CDC_SetFiltCon
 *fill*         0x06024b68        0x8 00
 .text          0x06024b70      0x270 ../sbl6/segalib/lib/sega_sat.a(cdc_bif.o)
                0x06024bcc                CDC_GetSctNum
                0x06024d4c                CDC_ExeFadSearch
                0x06024ccc                CDC_GetSctInfo
                0x06024c10                CDC_CalActSiz
                0x06024b70                CDC_GetBufSiz
                0x06024c4c                CDC_GetActSiz
                0x06024d84                CDC_GetFadSearch
 .text          0x06024de0       0xa8 ../sbl6/segalib/lib/sega_sat.a(cdc_dev.o)
                0x06024e4c                CDC_CdGetLastBuf
                0x06024de0                CDC_CdSetCon
                0x06024e10                CDC_CdGetCon
 *fill*         0x06024e88        0x8 00
 .text          0x06024e90       0x60 C:/saturn/SH_COFF/sh-coff/bin/../lib/gcc/sh-coff/3.4-GNUSH_v0501\libgcc.a(_ashiftrt.o)
                0x06024e9c                __ashiftrt_r4_27
                0x06024ed0                __ashiftrt_r4_6
                0x06024ec0                __ashiftrt_r4_14
                0x06024eb2                __ashiftrt_r4_19
                0x06024eca                __ashiftrt_r4_9
                0x06024ede                __ashiftrt_r4_0
                0x06024e90                __ashiftrt_r4_31
                0x06024e9e                __ashiftrt_r4_26
                0x06024eac                __ashiftrt_r4_22
                0x06024eb8                __ashiftrt_r4_16
                0x06024ec4                __ashiftrt_r4_12
                0x06024e98                __ashiftrt_r4_29
                0x06024eb6                __ashiftrt_r4_17
                0x06024e96                __ashiftrt_r4_30
                0x06024ed2                __ashiftrt_r4_5
                0x06024ecc                __ashiftrt_r4_8
                0x06024e90                __ashiftrt_r4_32
                0x06024ea0                __ashiftrt_r4_25
                0x06024ed8                __ashiftrt_r4_2
                0x06024ea2                __ashiftrt_r4_24
                0x06024ebe                __ashiftrt_r4_15
                0x06024ec8                __ashiftrt_r4_10
                0x06024eda                __ashiftrt_r4_1
                0x06024e9a                __ashiftrt_r4_28
                0x06024eb0                __ashiftrt_r4_20
                0x06024ece                __ashiftrt_r4_7
                0x06024ec2                __ashiftrt_r4_13
                0x06024ec6                __ashiftrt_r4_11
                0x06024ed4                __ashiftrt_r4_4
                0x06024eaa                __ashiftrt_r4_23
                0x06024eb4                __ashiftrt_r4_18
                0x06024eae                __ashiftrt_r4_21
                0x06024ed6                __ashiftrt_r4_3
 .text          0x06024ef0       0xb0 C:/saturn/SH_COFF/sh-coff/bin/../lib/gcc/sh-coff/3.4-GNUSH_v0501\libgcc.a(_si_to_df.o)
                0x06024ef0                __floatsidf
 .text          0x06024fa0      0x2e0 C:/saturn/SH_COFF/sh-coff/bin/../lib/gcc/sh-coff/3.4-GNUSH_v0501\libgcc.a(_mul_df.o)
                0x06024fb0                __muldf3
 .text          0x06025280       0x80 C:/saturn/SH_COFF/sh-coff/bin/../lib/gcc/sh-coff/3.4-GNUSH_v0501\libgcc.a(_df_to_si.o)
                0x06025280                __fixdfsi
 .text          0x06025300       0x70 C:/saturn/SH_COFF/sh-coff/bin/../lib/gcc/sh-coff/3.4-GNUSH_v0501\libgcc.a(_udivsi3.o)
                0x06025322                __udivsi3
 .text          0x06025370       0xa0 C:/saturn/SH_COFF/sh-coff/bin/../lib/gcc/sh-coff/3.4-GNUSH_v0501\libgcc.a(_sdivsi3.o)
                0x06025370                __sdivsi3
 .text          0x06025410       0x90 C:/saturn/SH_COFF/sh-coff/bin/../lib/gcc/sh-coff/3.4-GNUSH_v0501\libgcc.a(_ashiftrt_n.o)
                0x06025410                __ashrsi3
 .text          0x060254a0       0x90 C:/saturn/SH_COFF/sh-coff/bin/../lib/gcc/sh-coff/3.4-GNUSH_v0501\libgcc.a(_ashiftlt.o)
                0x060254a0                __ashlsi3
 .text          0x06025530       0xb0 C:/saturn/SH_COFF/sh-coff/bin/../lib/gcc/sh-coff/3.4-GNUSH_v0501\libgcc.a(_movstr.o)
                0x06025570                __movstrSI16
                0x06025544                __movstrSI60
                0x06025550                __movstrSI48
                0x0602554c                __movstrSI52
                0x06025540                __movstrSI64
                0x06025554                __movstrSI44
                0x06025558                __movstrSI40
                0x0602555c                __movstrSI36
                0x06025590                __movstr
                0x06025548                __movstrSI56
                0x06025564                __movstrSI28
                0x06025560                __movstrSI32
                0x06025574                __movstrSI12
                0x06025578                __movstrSI8
                0x06025580                __movstrSI0
                0x06025568                __movstrSI24
                0x0602556c                __movstrSI20
                0x0602557c                __movstrSI4
 .text          0x060255e0       0xa0 C:/saturn/SH_COFF/sh-coff/bin/../lib/gcc/sh-coff/3.4-GNUSH_v0501\libgcc.a(__main.o)
                0x06025654                __main
                0x060255e0                __do_global_dtors
                0x06025614                __do_global_ctors
 .text          0x06025680      0x220 C:/saturn/SH_COFF/sh-coff/bin/../lib/gcc/sh-coff/3.4-GNUSH_v0501\libgcc.a(_pack_df.o)
                0x06025690                __pack_d
 .text          0x060258a0      0x120 C:/saturn/SH_COFF/sh-coff/bin/../lib/gcc/sh-coff/3.4-GNUSH_v0501\libgcc.a(_unpack_df.o)
                0x060258b0                __unpack_d
 .text          0x060259c0       0x20 C:/saturn/SH_COFF/sh-coff/bin/../lib/gcc/sh-coff/3.4-GNUSH_v0501\libgcc.a(_thenan_df.o)
                0x060259c0                __thenan_df
 .text          0x060259e0       0xd0 C:/saturn/SH_COFF/sh-coff/bin/../lib/gcc/sh-coff/3.4-GNUSH_v0501\libgcc.a(_muldi3.o)
                0x060259e0                __muldi3
 .text          0x06025ab0       0x80 C:/saturn/SH_COFF/sh-coff/bin/../lib/gcc/sh-coff/3.4-GNUSH_v0501\libgcc.a(_lshrdi3.o)
                0x06025ab0                __lshrdi3
 .text          0x06025b30       0x80 C:/saturn/SH_COFF/sh-coff/bin/../lib/gcc/sh-coff/3.4-GNUSH_v0501\libgcc.a(_ashldi3.o)
                0x06025b30                __ashldi3
 .text          0x06025bb0       0x30 C:/saturn/SH_COFF/sh-coff/bin/../lib/gcc/sh-coff/3.4-GNUSH_v0501\libgcc.a(_mulsi3.o)
                0x06025bb0                __mulsi3
 .text          0x06025be0       0x90 C:/saturn/SH_COFF/sh-coff/bin/../lib/gcc/sh-coff/3.4-GNUSH_v0501\libgcc.a(_lshiftrt.o)
                0x06025be0                __lshrsi3
 .text          0x06025c70       0x40 C:/saturn/SH_COFF/sh-coff/bin/../lib/gcc/sh-coff/3.4-GNUSH_v0501/../../../../sh-coff/lib\libc.a(memset.o)
                0x06025c70                memset
 .text          0x06025cb0       0x60 C:/saturn/SH_COFF/sh-coff/bin/../lib/gcc/sh-coff/3.4-GNUSH_v0501/../../../../sh-coff/lib\libc.a(memcmp.o)
                0x06025cb0                memcmp
 .text          0x06025d10       0xa0 C:/saturn/SH_COFF/sh-coff/bin/../lib/gcc/sh-coff/3.4-GNUSH_v0501/../../../../sh-coff/lib\libc.a(memcpy.o)
                0x06025d10                memcpy
 .text          0x06025db0       0xb0 C:/saturn/SH_COFF/sh-coff/bin/../lib/gcc/sh-coff/3.4-GNUSH_v0501/../../../../sh-coff/lib\libc.a(strncmp.o)
                0x06025db0                strncmp
 .text          0x06025e60       0xa0 C:/saturn/SH_COFF/sh-coff/bin/../lib/gcc/sh-coff/3.4-GNUSH_v0501/../../../../sh-coff/lib\libc.a(strncpy.o)
                0x06025e60                strncpy
 .text          0x06025f00       0x90 C:/saturn/SH_COFF/sh-coff/bin/../lib/gcc/sh-coff/3.4-GNUSH_v0501/../../../../sh-coff/lib\libc.a(atexit.o)
                0x06025f00                atexit
 .text          0x06025f90       0x10 C:/saturn/SH_COFF/sh-coff/bin/../lib/gcc/sh-coff/3.4-GNUSH_v0501/../../../../sh-coff/lib\libc.a(impure.o)
                0x06025f90                _global_impure_ptr
 .text          0x06025fa0       0x40 C:/saturn/SH_COFF/sh-coff/bin/../lib/gcc/sh-coff/3.4-GNUSH_v0501/../../../../sh-coff/lib\libc.a(malloc.o)
                0x06025fbc                free
                0x06025fa0                malloc
 .text          0x06025fe0      0x5b0 C:/saturn/SH_COFF/sh-coff/bin/../lib/gcc/sh-coff/3.4-GNUSH_v0501/../../../../sh-coff/lib\libc.a(mallocr.o)
                0x06025fe0                _malloc_r
 .text          0x06026590      0x340 C:/saturn/SH_COFF/sh-coff/bin/../lib/gcc/sh-coff/3.4-GNUSH_v0501/../../../../sh-coff/lib\libc.a(freer.o)
                0x06026590                _malloc_trim_r
                0x06026684                _free_r
 .text          0x060268d0       0x20 C:/saturn/SH_COFF/sh-coff/bin/../lib/gcc/sh-coff/3.4-GNUSH_v0501/../../../../sh-coff/lib\libc.a(mlock.o)
                0x060268d0                __malloc_lock
                0x060268dc                __malloc_unlock
 .text          0x060268f0       0x50 C:/saturn/SH_COFF/sh-coff/bin/../lib/gcc/sh-coff/3.4-GNUSH_v0501/../../../../sh-coff/lib\libc.a(sbrkr.o)
                0x060268f0                _sbrk_r
 .text          0x06026940      0x380 C:/saturn/SH_COFF/sh-coff/bin/../lib/gcc/sh-coff/3.4-GNUSH_v0501/../../../../sh-coff/lib\libc.a(syscalls.o)
                0x06026aac                _exit
                0x06026ae0                _getpid
                0x06026b48                _utime
                0x06026978                _write
                0x06026940                _read
                0x06026a94                _unlink
                0x06026a5c                _open
                0x06026af8                _stat
                0x06026aa0                isatty
                0x06026b78                _wait
                0x06026ac4                _kill
                0x06026b14                _chmod
                0x06026ba8                _execv
                0x06026b8c                _execve
                0x06026c84                __setup_argv_and_call_main
                0x06026be0                _gettimeofday
                0x060269ac                _link
                0x06026aec                _raise
                0x06026a78                _creat
                0x06026bc0                _pipe
                0x06026b2c                _chown
                0x0602695c                _lseek
                0x06026994                _close
                0x06026bd4                _times
                0x06026a48                _fstat
                0x06026b64                _fork
                0x060269d4                _sbrk
 .text          0x06026cc0       0x20 C:/saturn/SH_COFF/sh-coff/bin/../lib/gcc/sh-coff/3.4-GNUSH_v0501/../../../../sh-coff/lib\libc.a(trap.o)
                0x06026cc0                __trap34
 .text          0x06026ce0       0x20 C:/saturn/SH_COFF/sh-coff/bin/../lib/gcc/sh-coff/3.4-GNUSH_v0501/../../../../sh-coff/lib\libc.a(abort.o)
                0x06026ce0                abort
 .text          0x06026d00      0x270 C:/saturn/SH_COFF/sh-coff/bin/../lib/gcc/sh-coff/3.4-GNUSH_v0501/../../../../sh-coff/lib\libc.a(signal.o)
                0x06026dc0                _raise_r
                0x06026f48                __sigtramp
                0x06026ef4                raise
                0x06026f30                _init_signal
                0x06026e80                __sigtramp_r
                0x06026f10                signal
                0x06026d4c                _signal_r
                0x06026d00                _init_signal_r
 .text          0x06026f70       0x60 C:/saturn/SH_COFF/sh-coff/bin/../lib/gcc/sh-coff/3.4-GNUSH_v0501/../../../../sh-coff/lib\libc.a(signalr.o)
                0x06026fb8                _getpid_r
                0x06026f70                _kill_r
 *(.strings)

.tors           0x06026fd0        0x0
                0x06026fd0                ___ctors = .
 *(.ctors)
                0x06026fd0                ___ctors_end = .
                0x06026fd0                ___dtors = .
 *(.dtors)
                0x06026fd0                ___dtors_end = .

.data           0x06026fd0     0x44c0
                0x06026fd0                STARTOF_R = .
 *(.data)
 .data          0x06026fd0      0x400 smpclib/per_x1.o
 .data          0x060273d0       0x70 game.o
 .data          0x06027440     0x30f0 graphics.o
                0x06028418                cyberblock_name
                0x060298fe                girl2_num
                0x06028468                metalorange_name
                0x0602758e                ship_size
                0x06028476                metalorange_num
                0x06027758                chipgame_pal
                0x060294f2                girl3_num
                0x060276c4                game_name
                0x06027f78                menufont_pal
                0x06027fc6                menufont_num
                0x06029d0a                girl1_num
                0x06028428                metalorange_pal
                0x06029d0c                roarframes_pal
                0x06027748                gamestar_name
                0x06027490                blocks2_size
                0x060276f4                starnear_name
                0x0602769c                gamefar_height
                0x06027590                ship_num
                0x0602a11c                roarbg_pal
                0x0602a51c                roarbg_name
                0x060274e8                explosion_pal
                0x06027708                gamestar_pal
                0x060276c0                gamenear_width
                0x06027528                explosion_name
                0x060274e6                blocks1_num
                0x060275e6                starspr_num
                0x06029d00                girl1_name
                0x06027b68                game_tiles_pal
                0x06027492                blocks2_num
                0x06028478                title_pal
                0x060274d4                blocks1_name
                0x06027632                font_height
                0x0602a10c                roarframes_name
                0x060294e8                girl3_name
                0x0602769e                gamefar_width
                0x06029900                girl1_pal
                0x06027fb8                menufont_name
                0x060283d6                chipframes_num
                0x0602763c                ball_pal
                0x060290e8                girl3_pal
                0x06027b66                chipgame_num
                0x060275e4                starspr_size
                0x06027494                blocks1_pal
                0x060276b0                gamenear_name
                0x06027538                explosion_width
                0x06028cda                girl5_num
                0x0602768c                ball_num
                0x06028882                title_num
                0x06027628                font_name
                0x06027594                starspr_pal
                0x0602a528                roarbg_num
                0x06027688                ball_width
                0x06028426                cyberblock_num
                0x060288d0                girl5_pal
                0x0602758a                ship_height
                0x06027f76                game_tiles_num
                0x06027686                ball_height
                0x060276be                gamenear_height
                0x06027634                font_width
                0x060288ce                stars_num
                0x0602768a                ball_size
                0x0602758c                ship_width
                0x06028878                title_name
                0x060283c8                chipframes_name
                0x060276d4                starfar_name
                0x060274e0                blocks1_height
                0x060288c4                stars_name
                0x06027756                gamestar_num
                0x060276ac                gamemid_height
                0x06027540                ship_pal
                0x0602767c                ball_name
                0x06027638                font_num
                0x060275e8                font_pal
                0x060276f2                starmid_width
                0x06027704                starnear_width
                0x060276a0                gamemid_name
                0x0602748e                blocks2_width
                0x060274e4                blocks1_size
                0x060275e2                starspr_width
                0x06027fc8                chipframes_pal
                0x060276ce                game_height
                0x060276e0                starfar_height
                0x0602753c                explosion_num
                0x060290e6                girl4_num
                0x060276ae                gamemid_width
                0x0602748c                blocks2_height
                0x060274e2                blocks1_width
                0x06027636                font_size
                0x06027480                blocks2_name
                0x060275d4                starspr_name
                0x0602a11a                roarframes_num
                0x060283d8                cyberblock_pal
                0x06027702                starnear_height
                0x060276e4                starmid_name
                0x06027580                ship_name
                0x06028cd0                girl5_name
                0x06028cdc                girl4_pal
                0x06027440                blocks2_pal
                0x060276f0                starmid_height
                0x06028884                stars_pal
                0x06027690                gamefar_name
                0x06027f68                game_tiles_name
                0x060275e0                starspr_height
                0x060290dc                girl4_name
                0x060276d0                game_width
                0x060294f4                girl2_pal
                0x060276e2                starfar_width
                0x0602753a                explosion_size
                0x06027536                explosion_height
                0x06027b58                chipgame_name
                0x060298f4                girl2_name
 .data          0x0602a530      0x1a0 intro.o
 .data          0x0602a6d0       0x40 logo.o
 .data          0x0602a710       0x80 menu.o
                0x0602a710                cutscene
 .data          0x0602a790       0x10 pcmsys.o
                0x0602a794                scsp_load
                0x0602a798                m68k_com
                0x0602a790                master_volume
 .data          0x0602a7a0       0x40 scroll.o
                0x0602a7b0                CycleTbLoRes
                0x0602a7d0                vram
                0x0602a7c0                char_offsets
                0x0602a7a0                CycleTbHiRes
 .data          0x0602a7e0       0x30 sprite.o
 .data          0x0602a810      0x400 ../sbl6/segalib/lib/sega_int.a(int.o)
 .data          0x0602ac10       0x1c ../sbl6/segalib/lib/sega_spr.a(spr_slv.o)
                0x0602ac18                SPR_SlaveParam
                0x0602ac28                SPR_SMPC_SF
                0x0602ac20                SPR_SMPC_COM
                0x0602ac1c                SPR_SlaveSHEntry
                0x0602ac14                SPR_SlaveState
                0x0602ac10                SPR_SlaveCommand
                0x0602ac24                SPR_SMPC_RET
 *fill*         0x0602ac2c        0x4 00
 .data          0x0602ac30       0x34 ../sbl6/segalib/lib/sega_spr.a(spr_1c.o)
                0x0602ac30                SpInitialFlag
 *fill*         0x0602ac64        0xc 00
 .data          0x0602ac70       0x1c ../sbl6/segalib/lib/sega_scl.a(scl_vblv.o)
                0x0602ac78                VBInterval
                0x0602ac80                ReqDisplayFlag
                0x0602ac70                SpFrameChgMode
                0x0602ac7c                VBIntervalCounter
                0x0602ac74                SpFrameEraseMode
 *fill*         0x0602ac8c        0x4 00
 .data          0x0602ac90       0x18 ../sbl6/segalib/lib/sega_scl.a(scl_pri.o)
                0x0602ac94                SclRealSpPriNum
                0x0602aca4                SclRealColOffset
                0x0602aca0                SclRealBgColMix
                0x0602ac9c                SclRealSpColMix
                0x0602ac98                SclRealBgPriNum
                0x0602ac90                SclRealOtherPri
 *fill*         0x0602aca8        0x8 00
 .data          0x0602acb0       0x36 ../sbl6/segalib/lib/sega_scl.a(scl_func.o)
                0x0602acc0                SclRotregBuff
                0x0602acbc                SclDisplayY
                0x0602acc4                SclRotateTableMode
                0x0602acb8                SclProcess
                0x0602acb4                SclCurSclNum
                0x0602acb0                SclLengthLsTbl
                0x0602acba                SclDisplayX
                0x0602acb2                SclLengthCsTbl
 *fill*         0x0602ace6        0xa 00
 .data          0x0602acf0        0x4 ../sbl6/segalib/lib/sega_mth.a(mth_rand.o)
 *fill*         0x0602acf4        0xc 00
 .data          0x0602ad00      0x380 C:/saturn/SH_COFF/sh-coff/bin/../lib/gcc/sh-coff/3.4-GNUSH_v0501/../../../../sh-coff/lib\libc.a(impure.o)
                0x0602b07c                _impure_ptr
 .data          0x0602b080      0x410 C:/saturn/SH_COFF/sh-coff/bin/../lib/gcc/sh-coff/3.4-GNUSH_v0501/../../../../sh-coff/lib\libc.a(mallocr.o)
                0x0602b088                __malloc_av_
                0x0602b084                __malloc_trim_threshold
                0x0602b080                __malloc_sbrk_base
                0x0602b490                SIZEOF_R = (. - STARTOF_R)
                0x0602b490                ENDOF_R = .

.bss            0x0602b490     0xff44
                0x0602b490                STARTOF_B = .
 *(.bss)
 .bss           0x0602b490       0x10 vblank.o
                0x0602b494                PadData2E
                0x0602b49a                PadData1
                0x0602b496                PadData2
                0x0602b498                PadData1E
                0x0602b490                __port
 .bss           0x0602b4a0       0xe0 smpclib/per_x2.o
 .bss           0x0602b580       0x80 game.o
 .bss           0x0602b600     0x1970 intro.o
 .bss           0x0602cf70       0x10 logo.o
 .bss           0x0602cf80       0x60 menu.o
 .bss           0x0602cfe0       0x10 pcmsys.o
                0x0602cfe0                numberPCMs
 .bss           0x0602cff0       0x10 scroll.o
                0x0602cff0                scroll_res
 .bss           0x0602d000     0x3d00 sprite.o
                0x0602d000                num_sprites
 .bss           0x06030d00       0x10 main.o
                0x06030d00                frame
 .bss           0x06030d10       0x6e ../sbl6/segalib/lib/sega_spr.a(spr_2c.o)
 *fill*         0x06030d7e        0x2 00
 .bss           0x06030d80        0x4 ../sbl6/segalib/lib/sega_scl.a(scl_vblv.o)
 *fill*         0x06030d84        0xc 00
 .bss           0x06030d90     0x1900 ../sbl6/segalib/lib/sega_scl.a(scl_fu05.o)
 .bss           0x06032690        0x4 ../sbl6/segalib/lib/sega_scl.a(scl_func.o)
 *fill*         0x06032694        0xc 00
 .bss           0x060326a0       0x48 ../sbl6/segalib/lib/sega_scl.a(scl_ro00.o)
 *fill*         0x060326e8        0x8 00
 .bss           0x060326f0        0xc ../sbl6/segalib/lib/sega_cdc.a(cdc_sub.o)
 *fill*         0x060326fc        0x4 00
 .bss           0x06032700        0x2 ../sbl6/segalib/lib/sega_cdc.a(cdc_reg.o)
 *fill*         0x06032702        0xe 00
 .bss           0x06032710       0x9c ../sbl6/segalib/lib/sega_per.a(per_prt.o)
 *fill*         0x060327ac        0x4 00
 .bss           0x060327b0        0xc ../sbl6/segalib/lib/sega_sat.a(DMA_SCU1.o)
 *fill*         0x060327bc        0x4 00
 .bss           0x060327c0        0xc ../sbl6/segalib/lib/sega_sat.a(gfs_trn.o)
 *fill*         0x060327cc        0x4 00
 .bss           0x060327d0       0x20 ../sbl6/segalib/lib/sega_sat.a(DMA_SCU0.o)
 .bss           0x060327f0       0x10 C:/saturn/SH_COFF/sh-coff/bin/../lib/gcc/sh-coff/3.4-GNUSH_v0501\libgcc.a(__main.o)
 .bss           0x06032800       0x10 C:/saturn/SH_COFF/sh-coff/bin/../lib/gcc/sh-coff/3.4-GNUSH_v0501/../../../../sh-coff/lib\libc.a(atexit.o)
 .bss           0x06032810       0x40 C:/saturn/SH_COFF/sh-coff/bin/../lib/gcc/sh-coff/3.4-GNUSH_v0501/../../../../sh-coff/lib\libc.a(mallocr.o)
                0x06032840                __malloc_top_pad
                0x06032810                __malloc_current_mallinfo
                0x0603283c                __malloc_max_sbrked_mem
                0x06032838                __malloc_max_total_mem
 .bss           0x06032850       0x10 C:/saturn/SH_COFF/sh-coff/bin/../lib/gcc/sh-coff/3.4-GNUSH_v0501/../../../../sh-coff/lib\libc.a(syscalls.o)
 *(COMMON)
 COMMON         0x06032860        0x8 vblank.o
                                  0x0 (size before relaxing)
                0x06032860                PadAnalogR1
                0x06032861                PadAnalogL1
                0x06032862                PadAnalogY1
                0x06032863                PadAnalogX1
                0x06032864                PadID1
 *fill*         0x06032868        0x8 00
 COMMON         0x06032870     0x1674 cd.o
                                  0x0 (size before relaxing)
                0x06032870                dirname
                0x060331d0                lib_work
                0x06033ed8                directory_table
 *fill*         0x06033ee4        0xc 00
 COMMON         0x06033ef0     0x14a0 print.o
                                  0x0 (size before relaxing)
                0x06033ef0                text
 COMMON         0x06035390      0x230 scroll.o
                                  0x0 (size before relaxing)
                0x06035390                scfg
 COMMON         0x060355c0     0x4300 sprite.o
                                  0x0 (size before relaxing)
                0x060355c0                sprites
                0x060378c0                sprite_buf
 COMMON         0x060398c0       0x8c main.o
                                  0x0 (size before relaxing)
                0x060398c0                off_config
 *fill*         0x0603994c        0x4 00
 COMMON         0x06039950      0x400 ../sbl6/segalib/lib/sega_int.a(int.o)
                                  0x0 (size before relaxing)
                0x06039950                __interrupt_vector
 COMMON         0x06039d50       0x50 ../sbl6/segalib/lib/sega_spr.a(spr_2c.o)
                                  0x0 (size before relaxing)
                0x06039d50                SpMstCmd
                0x06039d54                Sp2OpenFlag
                0x06039d58                SpGourTblMax
                0x06039d5c                SpDrawPrtyBlk
                0x06039d60                SpLCoordX
                0x06039d64                SpMstDrawPrtyBlk
                0x06039d68                SpGourTbl
                0x06039d6c                SpLookupTblR
                0x06039d70                SpCmdTbl
                0x06039d74                SpCharMax
                0x06039d78                SpDrawPrtyProcFlag
                0x06039d7c                SpCmdNo
                0x06039d80                SpDrawPrtyBlkMax
                0x06039d84                SpSlvCmdPos
                0x06039d88                SpSlvDrawPrtyBlk
                0x06039d8c                SpCharTbl
                0x06039d90                SpCmdTblR
                0x06039d94                SpMstCmdPos
                0x06039d98                SpSlvCmd
                0x06039d9c                SpLCoordY
 COMMON         0x06039da0       0x10 ../sbl6/segalib/lib/sega_spr.a(spr_1c.o)
                                  0x0 (size before relaxing)
                0x06039da0                SpScreenY
                0x06039da4                SpFbcrMode
                0x06039da6                SpDil
                0x06039da8                SpDie
                0x06039daa                SpTvMode
                0x06039dac                SpScreenX
 COMMON         0x06039db0      0x6b0 ../sbl6/segalib/lib/sega_scl.a(scl_pri.o)
                                  0x0 (size before relaxing)
                0x06039db0                SclAutoEndBlue2
                0x06039dc0                SclColOffset
                0x06039dd0                SclPriBuffDirty
                0x06039dd2                SclAutoEndRed
                0x06039dd4                SclAutoSurface
                0x06039dd8                SclAutoGreen
                0x06039dda                SclAutoEndGreen
                0x06039ddc                SclAutoCount
                0x06039de0                SclColRamAlloc256
                0x06039e00                SclAutoCurRate
                0x06039e01                SclAutoPlusFlag
                0x06039e08                SclSpColMix
                0x06039e10                SclAutoMax
                0x06039e14                SclLineColRamOffset
                0x06039e18                SclColRamAlloc2048
                0x06039e1c                SclBgPriNum
                0x06039e22                SclAutoEndBlue
                0x06039e24                SclAutoEndGreen2
                0x06039e26                SclAutoVeFlag
                0x06039e28                SclBgColMix
                0x06039e30                SclAutoIndex
                0x06039e34                SclAutoEndRate
                0x06039e36                SclAutoBlue
                0x06039e38                SclAutoRed
                0x06039e3c                SclAutoInterval
                0x06039e40                SclOtherPri
                0x06039e50                SclAutoRGB
                0x0603a450                SclAutoEndRed2
                0x0603a458                SclSpPriNum
 COMMON         0x0603a460      0xf00 ../sbl6/segalib/lib/sega_scl.a(scl_func.o)
                                  0x0 (size before relaxing)
                0x0603a460                SclRbgKtbAddr
                0x0603a468                SclRb
                0x0603a46a                Scl_flag
                0x0603a470                SclK_TableBuff
                0x0603b140                SclAddrCsTbl
                0x0603b150                Scl_s_reg
                0x0603b178                SclRotateXy
                0x0603b180                Scl_d_reg
                0x0603b1c8                SclRotateDisp
                0x0603b1d0                SclRotateMoveZ
                0x0603b1d8                SclRotXySw
                0x0603b1e0                Scl_r_reg
                0x0603b1f0                SclRPMD
                0x0603b1f8                SclRbgKtbOffset
                0x0603b200                _SclRotregBuff
                0x0603b2d0                SclRa
                0x0603b2d8                SclRotateZ
                0x0603b2e0                SclAddrLsTbl
                0x0603b2e8                SclK_TableNum
                0x0603b2f0                SclRotateTableAddress
                0x0603b2f4                SclK_TableFlag
                0x0603b300                Scl_w_reg
                0x0603b320                Scl_n_reg
 COMMON         0x0603b360       0x10 ../sbl6/segalib/lib/sega_scl.a(scl_ro00.o)
                                  0x0 (size before relaxing)
                0x0603b360                SclCsx
                0x0603b368                SclCsy
 COMMON         0x0603b370       0x15 ../sbl6/segalib/lib/sega_per.a(per_prt.o)
                                  0x0 (size before relaxing)
                0x0603b370                per_get_time_flg
                0x0603b371                per_hot_res
                0x0603b372                per_set_sys_flg
                0x0603b374                per_get_time_adr
                0x0603b378                per_get_sys_data
                0x0603b384                per_time_out_flg
 *fill*         0x0603b385        0xb 00
 COMMON         0x0603b390        0xc ../sbl6/segalib/lib/sega_sat.a(gfs.o)
                                  0x0 (size before relaxing)
                0x0603b390                GFMC_base
                0x0603b394                gfs_mng_ptr
                0x0603b398                gfs_use_scudma
 *fill*         0x0603b39c        0x4 00
 COMMON         0x0603b3a0        0x8 ../sbl6/segalib/lib/sega_sat.a(gfs_cdf.o)
                                  0x0 (size before relaxing)
                0x0603b3a0                gfcf_fad
                0x0603b3a4                gfcf_stat
 *fill*         0x0603b3a8        0x8 00
 COMMON         0x0603b3b0        0xc ../sbl6/segalib/lib/sega_sat.a(gfs_cdc.o)
                                  0x0 (size before relaxing)
                0x0603b3b0                gfcd_fatal_err
                0x0603b3b4                gfcd_work
                0x0603b3b8                gfcd_playflag
 *fill*         0x0603b3bc        0x4 00
 COMMON         0x0603b3c0        0x8 ../sbl6/segalib/lib/sega_sat.a(DMA_CPU5.o)
                                  0x0 (size before relaxing)
                0x0603b3c0                dma_cpu_cnt
                0x0603b3c4                dma_cpu_dis_adr
 *fill*         0x0603b3c8        0x8 00
 COMMON         0x0603b3d0        0x4 C:/saturn/SH_COFF/sh-coff/bin/../lib/gcc/sh-coff/3.4-GNUSH_v0501/../../../../sh-coff/lib\libc.a(syscalls.o)
                                  0x0 (size before relaxing)
                0x0603b3d0                errno
                0x0603b3d4                SIZEOF_B = (. - STARTOF_B)
                0x0603b3d4                ENDOF_B = .
                0x0603b3d4                _end = .
OUTPUT(main.cof coff-sh)

.comment        0x0603b3e0      0x560
 .comment       0x0603b3e0       0x20 ../sbl6/segasmp/lib/strt2_g.o
 .comment       0x0603b400       0x20 vblank.o
 .comment       0x0603b420       0x20 smpclib/per_x1.o
 .comment       0x0603b440       0x20 smpclib/per_x2.o
 .comment       0x0603b460       0x20 spritecode/explosion.o
 .comment       0x0603b480       0x20 cd.o
 .comment       0x0603b4a0       0x20 crc.o
 .comment       0x0603b4c0       0x20 devcart.o
 .comment       0x0603b4e0       0x20 game.o
 .comment       0x0603b500       0x20 graphics.o
 .comment       0x0603b520       0x20 intro.o
 .comment       0x0603b540       0x20 logo.o
 .comment       0x0603b560       0x20 menu.o
 .comment       0x0603b580       0x20 pcmsys.o
 .comment       0x0603b5a0       0x20 print.o
 .comment       0x0603b5c0       0x20 scroll.o
 .comment       0x0603b5e0       0x20 sound.o
 .comment       0x0603b600       0x20 sprite.o
 .comment       0x0603b620       0x20 main.o
 .comment       0x0603b640       0x20 C:/saturn/SH_COFF/sh-coff/bin/../lib/gcc/sh-coff/3.4-GNUSH_v0501\libgcc.a(_si_to_df.o)
 .comment       0x0603b660       0x20 C:/saturn/SH_COFF/sh-coff/bin/../lib/gcc/sh-coff/3.4-GNUSH_v0501\libgcc.a(_mul_df.o)
 .comment       0x0603b680       0x20 C:/saturn/SH_COFF/sh-coff/bin/../lib/gcc/sh-coff/3.4-GNUSH_v0501\libgcc.a(_df_to_si.o)
 .comment       0x0603b6a0       0x20 C:/saturn/SH_COFF/sh-coff/bin/../lib/gcc/sh-coff/3.4-GNUSH_v0501\libgcc.a(__main.o)
 .comment       0x0603b6c0       0x20 C:/saturn/SH_COFF/sh-coff/bin/../lib/gcc/sh-coff/3.4-GNUSH_v0501\libgcc.a(_pack_df.o)
 .comment       0x0603b6e0       0x20 C:/saturn/SH_COFF/sh-coff/bin/../lib/gcc/sh-coff/3.4-GNUSH_v0501\libgcc.a(_unpack_df.o)
 .comment       0x0603b700       0x20 C:/saturn/SH_COFF/sh-coff/bin/../lib/gcc/sh-coff/3.4-GNUSH_v0501\libgcc.a(_thenan_df.o)
 .comment       0x0603b720       0x20 C:/saturn/SH_COFF/sh-coff/bin/../lib/gcc/sh-coff/3.4-GNUSH_v0501\libgcc.a(_muldi3.o)
 .comment       0x0603b740       0x20 C:/saturn/SH_COFF/sh-coff/bin/../lib/gcc/sh-coff/3.4-GNUSH_v0501\libgcc.a(_lshrdi3.o)
 .comment       0x0603b760       0x20 C:/saturn/SH_COFF/sh-coff/bin/../lib/gcc/sh-coff/3.4-GNUSH_v0501\libgcc.a(_ashldi3.o)
 .comment       0x0603b780       0x20 C:/saturn/SH_COFF/sh-coff/bin/../lib/gcc/sh-coff/3.4-GNUSH_v0501/../../../../sh-coff/lib\libc.a(memcmp.o)
 .comment       0x0603b7a0       0x20 C:/saturn/SH_COFF/sh-coff/bin/../lib/gcc/sh-coff/3.4-GNUSH_v0501/../../../../sh-coff/lib\libc.a(strncmp.o)
 .comment       0x0603b7c0       0x20 C:/saturn/SH_COFF/sh-coff/bin/../lib/gcc/sh-coff/3.4-GNUSH_v0501/../../../../sh-coff/lib\libc.a(strncpy.o)
 .comment       0x0603b7e0       0x20 C:/saturn/SH_COFF/sh-coff/bin/../lib/gcc/sh-coff/3.4-GNUSH_v0501/../../../../sh-coff/lib\libc.a(atexit.o)
 .comment       0x0603b800       0x20 C:/saturn/SH_COFF/sh-coff/bin/../lib/gcc/sh-coff/3.4-GNUSH_v0501/../../../../sh-coff/lib\libc.a(impure.o)
 .comment       0x0603b820       0x20 C:/saturn/SH_COFF/sh-coff/bin/../lib/gcc/sh-coff/3.4-GNUSH_v0501/../../../../sh-coff/lib\libc.a(malloc.o)
 .comment       0x0603b840       0x20 C:/saturn/SH_COFF/sh-coff/bin/../lib/gcc/sh-coff/3.4-GNUSH_v0501/../../../../sh-coff/lib\libc.a(mallocr.o)
 .comment       0x0603b860       0x20 C:/saturn/SH_COFF/sh-coff/bin/../lib/gcc/sh-coff/3.4-GNUSH_v0501/../../../../sh-coff/lib\libc.a(freer.o)
 .comment       0x0603b880       0x20 C:/saturn/SH_COFF/sh-coff/bin/../lib/gcc/sh-coff/3.4-GNUSH_v0501/../../../../sh-coff/lib\libc.a(mlock.o)
 .comment       0x0603b8a0       0x20 C:/saturn/SH_COFF/sh-coff/bin/../lib/gcc/sh-coff/3.4-GNUSH_v0501/../../../../sh-coff/lib\libc.a(sbrkr.o)
 .comment       0x0603b8c0       0x20 C:/saturn/SH_COFF/sh-coff/bin/../lib/gcc/sh-coff/3.4-GNUSH_v0501/../../../../sh-coff/lib\libc.a(syscalls.o)
 .comment       0x0603b8e0       0x20 C:/saturn/SH_COFF/sh-coff/bin/../lib/gcc/sh-coff/3.4-GNUSH_v0501/../../../../sh-coff/lib\libc.a(abort.o)
 .comment       0x0603b900       0x20 C:/saturn/SH_COFF/sh-coff/bin/../lib/gcc/sh-coff/3.4-GNUSH_v0501/../../../../sh-coff/lib\libc.a(signal.o)
 .comment       0x0603b920       0x20 C:/saturn/SH_COFF/sh-coff/bin/../lib/gcc/sh-coff/3.4-GNUSH_v0501/../../../../sh-coff/lib\libc.a(signalr.o)
