Archive member included because of file (symbol)

c:/saturn/sbl6/segalib/lib/sega_int.a(int.o)
                              vblank.o (INT_SetScuFunc)
c:/saturn/sbl6/segalib/lib/sega_int.a(int_trmp.o)
                              c:/saturn/sbl6/segalib/lib/sega_int.a(int.o) (__interrupt_handler0)
c:/saturn/sbl6/segalib/lib/sega_spr.a(spr_2c.o)
                              sprite.o (SPR_2Initial)
c:/saturn/sbl6/segalib/lib/sega_spr.a(spr_slv.o)
                              c:/saturn/sbl6/segalib/lib/sega_spr.a(spr_2c.o) (SPR_InitSlaveSH)
c:/saturn/sbl6/segalib/lib/sega_spr.a(spr_1c.o)
                              c:/saturn/sbl6/segalib/lib/sega_spr.a(spr_2c.o) (SPR_Initial)
c:/saturn/sbl6/segalib/lib/sega_spr.a(spr_2a.o)
                              c:/saturn/sbl6/segalib/lib/sega_spr.a(spr_2c.o) (SPR_2SetDrawPrty)
c:/saturn/sbl6/segalib/lib/sega_scl.a(scl_vblv.o)
                              c:/saturn/sbl6/segalib/lib/sega_spr.a(spr_1c.o) (SpFrameChgMode)
c:/saturn/sbl6/segalib/lib/sega_scl.a(scl_pr12.o)
                              game.o (SCL_SetColOffset)
c:/saturn/sbl6/segalib/lib/sega_scl.a(scl_pr07.o)
                              game.o (SCL_SetPriority)
c:/saturn/sbl6/segalib/lib/sega_scl.a(scl_pr02.o)
                              game.o (SCL_SetColRam)
c:/saturn/sbl6/segalib/lib/sega_scl.a(scl_pr11.o)
                              game.o (SCL_SetAutoColOffset)
c:/saturn/sbl6/segalib/lib/sega_scl.a(scl_pri.o)
                              c:/saturn/sbl6/segalib/lib/sega_scl.a(scl_pr11.o) (SclAutoVeFlag)
c:/saturn/sbl6/segalib/lib/sega_scl.a(scl_pr10.o)
                              intro.o (SCL_SetAutoColMix)
c:/saturn/sbl6/segalib/lib/sega_scl.a(scl_fu05.o)
                              intro.o (SCL_InitLineParamTb)
c:/saturn/sbl6/segalib/lib/sega_scl.a(scl_func.o)
                              c:/saturn/sbl6/segalib/lib/sega_scl.a(scl_fu05.o) (SclLengthLsTbl)
c:/saturn/sbl6/segalib/lib/sega_scl.a(scl_fu01.o)
                              scroll.o (SCL_SetDisplayMode)
c:/saturn/sbl6/segalib/lib/sega_scl.a(scl_fu04.o)
                              scroll.o (SCL_SetCycleTable)
c:/saturn/sbl6/segalib/lib/sega_scl.a(scl_pr03.o)
                              scroll.o (SCL_AllocColRam)
c:/saturn/sbl6/segalib/lib/sega_scl.a(scl_back.o)
                              scroll.o (SCL_SetBack)
c:/saturn/sbl6/segalib/lib/sega_scl.a(scl_fu03.o)
                              scroll.o (SCL_InitConfigTb)
c:/saturn/sbl6/segalib/lib/sega_scl.a(scl_fu02.o)
                              scroll.o (SCL_InitVramConfigTb)
c:/saturn/sbl6/segalib/lib/sega_scl.a(scl_pr01.o)
                              main.o (SCL_SetSpriteMode)
c:/saturn/sbl6/segalib/lib/sega_scl.a(scl_pr05.o)
                              c:/saturn/sbl6/segalib/lib/sega_scl.a(scl_pr02.o) (SCL_GetColRamOffset)
c:/saturn/sbl6/segalib/lib/sega_scl.a(scl_ro00.o)
                              c:/saturn/sbl6/segalib/lib/sega_scl.a(scl_func.o) (SCL_Rotate)
c:/saturn/sbl6/segalib/lib/sega_scl.a(scl_pr06.o)
                              c:/saturn/sbl6/segalib/lib/sega_scl.a(scl_pr03.o) (SCL_SetColRamOffset)
c:/saturn/sbl6/segalib/lib/sega_mth.a(mth_fixd.o)
                              ball.o (MTH_Mul)
c:/saturn/sbl6/segalib/lib/sega_mth.a(mth_tri.o)
                              ball.o (MTH_Sin)
c:/saturn/sbl6/segalib/lib/sega_mth.a(mth_rand.o)
                              main.o (MTH_InitialRand)
c:/saturn/sbl6/segalib/lib/sega_cdc.a(cdc_drv.o)
                              sound.o (CDC_CdPlay)
c:/saturn/sbl6/segalib/lib/sega_cdc.a(cdc_cmn.o)
                              main.o (CDC_GetPeriStat)
c:/saturn/sbl6/segalib/lib/sega_cdc.a(cdc_sub.o)
                              c:/saturn/sbl6/segalib/lib/sega_cdc.a(cdc_cmn.o) (CDSUB_UpdStatus)
c:/saturn/sbl6/segalib/lib/sega_cdc.a(cdc_reg.o)
                              c:/saturn/sbl6/segalib/lib/sega_cdc.a(cdc_cmn.o) (CDREG_ClrHirqReq)
c:/saturn/sbl6/segalib/lib/sega_per.a(per_prt.o)
                              smpclib/per_x2.o (PER_LInit)
c:/saturn/sbl6/segalib/lib/sega_sat.a(gfs.o)
                              cd.o (GFS_Init)
c:/saturn/sbl6/segalib/lib/sega_sat.a(DMA_CPU1.o)
                              game.o (DMA_CpuMemCopy1)
c:/saturn/sbl6/segalib/lib/sega_sat.a(DMA_CPU2.o)
                              intro.o (DMA_CpuMemCopy2)
c:/saturn/sbl6/segalib/lib/sega_sat.a(DMA_SCU1.o)
                              c:/saturn/sbl6/segalib/lib/sega_spr.a(spr_2c.o) (DMA_ScuMemCopy)
c:/saturn/sbl6/segalib/lib/sega_sat.a(gfs_cdf.o)
                              c:/saturn/sbl6/segalib/lib/sega_sat.a(gfs.o) (GFCF_Init)
c:/saturn/sbl6/segalib/lib/sega_sat.a(gfs_dir.o)
                              c:/saturn/sbl6/segalib/lib/sega_sat.a(gfs.o) (GFDR_SetupDirTbl)
c:/saturn/sbl6/segalib/lib/sega_sat.a(gfs_trn.o)
                              c:/saturn/sbl6/segalib/lib/sega_sat.a(gfs.o) (GFTR_Setup)
c:/saturn/sbl6/segalib/lib/sega_sat.a(gfs_buf.o)
[...]
Memory Configuration

Name             Origin             Length             Attributes
*default*        0x00000000         0xffffffff

Linker script and memory map

LOAD c:/saturn/sbl6/segasmp/lib/strt1_g.o
LOAD c:/saturn/sbl6/segasmp/lib/strt2_g.o
LOAD vblank.o
LOAD smpclib/per_x1.o
LOAD smpclib/per_x2.o
LOAD smpclib/per_x3.o
LOAD spritecode/explosion.o
LOAD ball.o
LOAD capsule.o
LOAD cd.o
LOAD crc.o
LOAD devcart.o
LOAD game.o
LOAD graphics.o
LOAD intro.o
LOAD level.o
LOAD logo.o
LOAD menu.o
LOAD pcmsys.o
LOAD print.o
LOAD scroll.o
LOAD sound.o
LOAD sprite.o
LOAD main.o
LOAD c:/saturn/sbl6/segalib/lib/sega_int.a
LOAD c:/saturn/sbl6/segalib/lib/sega_spr.a
LOAD c:/saturn/sbl6/segalib/lib/sega_scl.a
LOAD c:/saturn/sbl6/segalib/lib/sega_mth.a
LOAD c:/saturn/sbl6/segalib/lib/sega_cdc.a
LOAD c:/saturn/sbl6/segalib/lib/sega_adp.a
LOAD c:/saturn/sbl6/segalib/lib/sega_per.a
LOAD c:/saturn/sbl6/segalib/lib/sega_sat.a
LOAD c:/saturn/SH_COFF/sh-coff/bin/../lib/gcc/sh-coff/3.4-GNUSH_v0501\libgcc.a
LOAD c:/saturn/SH_COFF/sh-coff/bin/../lib/gcc/sh-coff/3.4-GNUSH_v0501/../../../../sh-coff/lib\libc.a
LOAD c:/saturn/SH_COFF/sh-coff/bin/../lib/gcc/sh-coff/3.4-GNUSH_v0501\libgcc.a

.text           0x06010000    0x17b90
 *(.text)
 .text          0x06010000       0x30 c:/saturn/sbl6/segasmp/lib/strt1_g.o
                0x06010024                _D_END
                0x06010020                _D_BGN
                0x0601002c                _B_END
                0x06010028                _B_BGN
                0x06010000                START
 .text          0x06010030       0x60 c:/saturn/sbl6/segasmp/lib/strt2_g.o
                0x06010050                _INITSCT
                0x06010030                _INIT
 .text          0x06010090      0x1d0 vblank.o
                0x06010090                SetVblank
                0x06010110                UsrVblankOut
                0x060100f0                UsrVblankIn
 .text          0x06010260      0x240 smpclib/per_x1.o
                0x06010440                PER_GetAnalogXYZ
                0x06010280                PER_GetTriggerHandler
                0x060103d0                PER_GetEdge
                0x06010390                PER_GetTrigger
                0x060103e0                PER_GetPressEdge
                0x06010410                PER_GetReleaseEdge
                0x06010260                PER_SetTriggerHandler
 .text          0x060104a0      0x180 smpclib/per_x2.o
                0x06010580                PER_GetDeviceA
                0x060104a0                PER_OpenPort
                0x060104d0                PER_GetPort
                0x060105c0                PER_GetDeviceR
 .text          0x06010620       0x20 smpclib/per_x3.o
                0x06010620                PER_DisguiseTrigger
 .text          0x06010640       0xb0 spritecode/explosion.o
                0x060106a0                explosion_move
                0x06010640                explosion_make
 .text          0x060106f0      0x3c0 ball.o
                0x06010810                ball_move
                0x06010780                ball_remove
                0x06010710                ball_add
                0x060107d0                ball_bounce
                0x060106f0                ball_init
 .text          0x06010ab0      0x200 capsule.o
                0x06010b60                capsule_run
                0x06010ad0                capsule_add
                0x06010b10                capsule_remove
                0x06010ab0                capsule_init
 .text          0x06010cb0      0x120 cd.o
                0x06010d50                cd_load_nosize
                0x06010cb0                cd_init
                0x06010ce0                cd_load
 .text          0x06010dd0      0x140 crc.o
                0x06010ed0                crc_update
 .text          0x06010f10      0x1c0 devcart.o
                0x06011090                devcart_reset
                0x06010f80                devcart_loadfile
                0x06011080                devcart_printstr
 .text          0x060110d0      0xf80 game.o
                0x06011230                game_incpowerup
                0x06011260                game_run
                0x060111d0                game_loss
 .text          0x06012050      0xe10 intro.o
                0x06012050                intro_run
 .text          0x06012e60      0x610 level.o
                0x06013060                level_disp
                0x06012e60                level_load
 .text          0x06013470      0x370 logo.o
                0x060134d0                logo_run
                0x06013470                logo_loadframe
 .text          0x060137e0      0xbd0 menu.o
                0x06013b10                menu_run
                0x060139c0                sqrt32
 .text          0x060143b0      0x8c0 pcmsys.o
                0x06014a70                load_8bit_pcm
                0x060147d0                smpc_issue_command
                0x06014870                load_drv
                0x06014c00                pcm_parameter_change
                0x060147b0                smpc_wait_till_ready
                0x060147f0                load_driver_binary
                0x06014bc0                pcm_play
                0x06014c30                pcm_cease
                0x060148c0                calculate_bytes_per_blank
                0x06014910                load_16bit_pcm
 .text          0x06014c70      0x230 print.o
                0x06014e00                print_display
                0x06014d50                print_num
                0x06014c70                print_load
                0x06014d20                print_init
                0x06014da0                print_string
 .text          0x06014ea0      0x550 scroll.o
                0x06014ea0                scroll_lores
                0x060152b0                scroll_move
                0x06015300                scroll_clearmaps
                0x06015260                scroll_set
                0x06015350                scroll_charsize
                0x060153a0                scroll_mapsize
                0x06014f00                scroll_hires
                0x06015040                scroll_init
                0x06014f60                scroll_scale
 .text          0x060153f0      0x1a0 sound.o
                0x06015570                sound_play
                0x06015420                sound_init
                0x06015510                sound_cdda
 .text          0x06015590      0x600 sprite.o
                0x060155c0                sprite_init
                0x060159c0                sprite_make
                0x06015b00                sprite_next
                0x06015680                sprite_erase
                0x06015b60                sprite_delete
                0x06015a10                sprite_draw_all
                0x06015590                sprite_deleteall
                0x060156e0                sprite_startdraw
                0x06015760                sprite_draw
 .text          0x06015b90      0x220 main.o
                0x06015b90                main
 .text          0x06015db0       0x40 c:/saturn/sbl6/segalib/lib/sega_int.a(int.o)
                0x06015ddc                INT_GetScuFunc
                0x06015db0                INT_SetScuFunc
 .text          0x06015df0      0x624 c:/saturn/sbl6/segalib/lib/sega_int.a(int_trmp.o)
                0x06015f58                __interrupt_handler60
                0x06016108                __interrupt_handler132
                0x060162be                __interrupt_handler205
                0x06016126                __interrupt_handler137
                0x06016054                __interrupt_handler102
                0x06015e92                __interrupt_handler27
                0x06016294                __interrupt_handler198
                0x06016186                __interrupt_handler153
                0x06015e6e                __interrupt_handler21
                0x06015f7c                __interrupt_handler66
                0x0601606c                __interrupt_handler106
                0x060161b6                __interrupt_handler161
                0x06016000                __interrupt_handler88
                0x060161ce                __interrupt_handler165
                0x060160de                __interrupt_handler125
                0x06015e14                __interrupt_handler6
                0x06015eb0                __interrupt_handler32
                0x0601626a                __interrupt_handler191
                0x06016384                __interrupt_handler238
                0x0601639c                __interrupt_handler242
                0x060161a4                __interrupt_handler158
                0x0601600c                __interrupt_handler90
                0x060161c8                __interrupt_handler164
                0x06015eec                __interrupt_handler42
                0x0601622e                __interrupt_handler181
                0x06016336                __interrupt_handler225
                0x060163de                __interrupt_handler253
                0x060161f2                __interrupt_handler171
                0x06015fac                __interrupt_handler74
                0x06015e02                __interrupt_handler3
                0x06015f46                __interrupt_handler57
                0x06015e44                __interrupt_handler14
                0x060162dc                __interrupt_handler210
                0x0601630c                __interrupt_handler218
                0x060162d0                __interrupt_handler208
                0x06015ed4                __interrupt_handler38
                0x06015df0                __interrupt_handler0
                0x06016060                __interrupt_handler104
                0x0601619e                __interrupt_handler157
                0x060162ee                __interrupt_handler213
                0x060161e0                __interrupt_handler168
                0x06015fee                __interrupt_handler85
                0x0601608a                __interrupt_handler111
                0x0601609c                __interrupt_handler114
                0x06015f0a                __interrupt_handler47
                0x06016360                __interrupt_handler232
                0x0601632a                __interrupt_handler223
                0x0601637e                __interrupt_handler237
                0x06015f6a                __interrupt_handler63
                0x06015ef8                __interrupt_handler44
                0x0601620a                __interrupt_handler175
                0x06016234                __interrupt_handler182
                0x0601624c                __interrupt_handler186
                0x0601614a                __interrupt_handler143
                0x06016072                __interrupt_handler107
                0x060160d8                __interrupt_handler124
                0x060161f8                __interrupt_handler172
                0x060163ae                __interrupt_handler245
                0x0601602a                __interrupt_handler95
                0x06016102                __interrupt_handler131
                0x06016114                __interrupt_handler134
                0x06016132                __interrupt_handler139
                0x06015fa0                __interrupt_handler72
                0x0601635a                __interrupt_handler231
                0x060161b0                __interrupt_handler160
                0x060160f6                __interrupt_handler129
                0x06015e68                __interrupt_handler20
                0x06015f76                __interrupt_handler65
                0x06015f40                __interrupt_handler56
                0x06015e3e                __interrupt_handler13
                0x060162d6                __interrupt_handler209
                0x06016090                __interrupt_handler112
                0x06015e62                __interrupt_handler19
                0x0601601e                __interrupt_handler93
                0x06016288                __interrupt_handler196
                0x0601617a                __interrupt_handler151
                0x060161da                __interrupt_handler167
                0x060163f0                __trampoline
                0x06015e56                __interrupt_handler17
                0x06016348                __interrupt_handler228
                0x060163ea                __interrupt_handler255
                0x060163a8                __interrupt_handler244
                0x06016042                __interrupt_handler99
                0x0601623a                __interrupt_handler183
                0x06016138                __interrupt_handler140
                0x0601625e                __interrupt_handler189
                0x0601615c                __interrupt_handler146
                0x06016324                __interrupt_handler222
                0x06016198                __interrupt_handler156
                0x060160cc                __interrupt_handler122
                0x060163c0                __interrupt_handler248
                0x06015f10                __interrupt_handler48
                0x06015f8e                __interrupt_handler69
                0x06015e80                __interrupt_handler24
                0x06016006                __interrupt_handler89
                0x060162fa                __interrupt_handler215
                0x060163e4                __interrupt_handler254
                0x06015ffa                __interrupt_handler87
                0x06015f5e                __interrupt_handler61
                0x06016282                __interrupt_handler195
                0x06016174                __interrupt_handler150
                0x06015ee6                __interrupt_handler41
                0x06016084                __interrupt_handler110
                0x060160ea                __interrupt_handler127
                0x06016078                __interrupt_handler108
                0x06016096                __interrupt_handler113
                0x060160a8                __interrupt_handler116
                0x060160c6                __interrupt_handler121
                0x06015fbe                __interrupt_handler77
                0x06015eda                __interrupt_handler39
                0x06015ef2                __interrupt_handler43
                0x060163c6                __interrupt_handler249
                0x06016204                __interrupt_handler174
                0x06016120                __interrupt_handler136
                0x06016258                __interrupt_handler188
                0x06016156                __interrupt_handler145
                0x06015e26                __interrupt_handler9
                0x06015fca                __interrupt_handler79
                0x06016342                __interrupt_handler227
                0x06015ebc                __interrupt_handler34
                0x060160fc                __interrupt_handler130
                0x060163ba                __interrupt_handler247
                0x06015fb2                __interrupt_handler75
                0x060161fe                __interrupt_handler173
                0x06015f2e                __interrupt_handler53
                0x0601616e                __interrupt_handler149
                0x060163d2                __interrupt_handler251
                0x06016366                __interrupt_handler233
                0x06015e2c                __interrupt_handler10
                0x060162b8                __interrupt_handler204
                0x06015fdc                __interrupt_handler82
                0x06015fe2                __interrupt_handler83
                0x06015e86                __interrupt_handler25
                0x060163a2                __interrupt_handler243
                0x060161bc                __interrupt_handler162
                0x06015f04                __interrupt_handler46
                0x0601621c                __interrupt_handler178
                0x06015fd0                __interrupt_handler80
                0x06015f64                __interrupt_handler62
                0x06015dfc                __interrupt_handler2
                0x06015e9e                __interrupt_handler29
                0x06015f94                __interrupt_handler70
                0x0601607e                __interrupt_handler109
                0x06016168                __interrupt_handler148
                0x06016024                __interrupt_handler94
                0x06016330                __interrupt_handler224
                0x0601605a                __interrupt_handler103
                0x06015ec8                __interrupt_handler36
                0x060160e4                __interrupt_handler126
                0x060163b4                __interrupt_handler246
                0x06015f3a                __interrupt_handler55
                0x06015e38                __interrupt_handler12
                0x06015f28                __interrupt_handler52
                0x06016252                __interrupt_handler187
                0x06016150                __interrupt_handler144
                0x060160ae                __interrupt_handler117
                0x06015e5c                __interrupt_handler18
                0x0601628e                __interrupt_handler197
                0x06016180                __interrupt_handler152
                0x060160b4                __interrupt_handler118
                0x060161ec                __interrupt_handler170
                0x060162a6                __interrupt_handler201
                0x06016036                __interrupt_handler97
                0x060161c2                __interrupt_handler163
                0x06016228                __interrupt_handler180
                0x06016270                __interrupt_handler192
                0x06016390                __interrupt_handler240
                0x060160d2                __interrupt_handler123
                0x060162f4                __interrupt_handler214
                0x06015eaa                __interrupt_handler31
                0x06015e98                __interrupt_handler28
                0x06015f82                __interrupt_handler67
                0x06015f88                __interrupt_handler68
                0x06015e74                __interrupt_handler22
                0x06015e7a                __interrupt_handler23
                0x06016210                __interrupt_handler176
                0x06015e1a                __interrupt_handler7
                0x0601631e                __interrupt_handler221
                0x06016306                __interrupt_handler217
                0x0601634e                __interrupt_handler229
                0x06015f16                __interrupt_handler49
                0x06015e08                __interrupt_handler4
                0x06015ee0                __interrupt_handler40
                0x060160a2                __interrupt_handler115
                0x06016372                __interrupt_handler235
                0x06016012                __interrupt_handler91
                0x060162c4                __interrupt_handler206
                0x06016216                __interrupt_handler177
                0x06016162                __interrupt_handler147
                0x06015ece                __interrupt_handler37
                0x060163cc                __interrupt_handler250
                0x06015df6                __interrupt_handler1
                0x06016312                __interrupt_handler219
                0x06015fb8                __interrupt_handler76
                0x06016048                __interrupt_handler100
                0x06015f4c                __interrupt_handler58
                0x06015e4a                __interrupt_handler15
                0x060162e8                __interrupt_handler212
                0x06016396                __interrupt_handler241
                0x060162ac                __interrupt_handler202
                0x06016276                __interrupt_handler193
                0x06015fc4                __interrupt_handler78
                0x06015f1c                __interrupt_handler50
                0x06015eb6                __interrupt_handler33
                0x060161d4                __interrupt_handler166
                0x0601612c                __interrupt_handler138
                0x0601611a                __interrupt_handler135
                0x06015ea4                __interrupt_handler30
                0x06016240                __interrupt_handler184
                0x0601613e                __interrupt_handler141
                0x06016354                __interrupt_handler230
                0x06016378                __interrupt_handler236
                0x060160ba                __interrupt_handler119
                0x06015ff4                __interrupt_handler86
                0x06016066                __interrupt_handler105
                0x06015fd6                __interrupt_handler81
                0x060160c0                __interrupt_handler120
                0x060160f0                __interrupt_handler128
                0x06015f34                __interrupt_handler54
                0x06015e32                __interrupt_handler11
                0x0601629a                __interrupt_handler199
                0x0601618c                __interrupt_handler154
                0x06015efe                __interrupt_handler45
                0x06016300                __interrupt_handler216
                0x060162b2                __interrupt_handler203
                0x0601604e                __interrupt_handler101
                0x06015fe8                __interrupt_handler84
                0x06016246                __interrupt_handler185
                0x06016144                __interrupt_handler142
                0x06015e8c                __interrupt_handler26
                0x06015f70                __interrupt_handler64
                0x060162a0                __interrupt_handler200
                0x060162ca                __interrupt_handler207
                0x0601627c                __interrupt_handler194
                0x06016018                __interrupt_handler92
                0x06016192                __interrupt_handler155
                0x060162e2                __interrupt_handler211
                0x0601610e                __interrupt_handler133
                0x06015e0e                __interrupt_handler5
                0x06015fa6                __interrupt_handler73
                0x06015e50                __interrupt_handler16
                0x0601638a                __interrupt_handler239
                0x0601636c                __interrupt_handler234
                0x06015ec2                __interrupt_handler35
                0x06015f52                __interrupt_handler59
                0x060161e6                __interrupt_handler169
                0x0601603c                __interrupt_handler98
                0x06015f9a                __interrupt_handler71
                0x06015f22                __interrupt_handler51
                0x060161aa                __interrupt_handler159
                0x0601633c                __interrupt_handler226
                0x06016030                __interrupt_handler96
                0x06016264                __interrupt_handler190
                0x06016318                __interrupt_handler220
                0x06015e20                __interrupt_handler8
                0x06016222                __interrupt_handler179
                0x060163d8                __interrupt_handler252
 *fill*         0x06016414        0xc 00
 .text          0x06016420     0x12a0 c:/saturn/sbl6/segalib/lib/sega_spr.a(spr_2c.o)
                0x06017680                SlaveFlushDrawPrtyBlock
                0x06016420                SPR_2Initial
                0x06016c64                SPR_2SysClip
                0x06016c04                SPR_2LocalCoord
                0x060174fc                SPR_2FlushDrawPrtyBlock
                0x060171e8                SPR_2DistSpr
                0x06016bec                SPR_2FlushDrawPrty
                0x0601730c                SPR_2Cmd
                0x060168e8                SPR_2GourTblNoToVram
                0x06016948                SPR_2GetAreaSizeInfo
                0x060166b0                SPR_2SetGourTbl
                0x06016e9c                SPR_2Polygon
                0x06016924                SPR_2CharNoToVram
                0x06016630                SPR_2SetTvMode
                0x06016a8c                SPR_2CloseCommand
                0x0601666c                SPR_2FrameEraseData
                0x06016448                SPR_2Initial2
                0x0601707c                SPR_2ScaleSpr
                0x06016d0c                SPR_2Line
                0x060169d8                SPR_2OpenCommand
                0x0601664c                SPR_2FrameChgIntr
                0x06016f58                SPR_2NormSpr
                0x060166e0                SPR_2SetLookupTbl
                0x06016714                SPR_2SetChar
                0x0601690c                SPR_2LookupTblNoToVram
                0x06016de0                SPR_2PolyLine
                0x06016880                SPR_2ClrAllChar
                0x06016834                SPR_2ClrChar
                0x06016cb0                SPR_2UserClip
 .text          0x060176c0      0x1e6 c:/saturn/sbl6/segalib/lib/sega_spr.a(spr_slv.o)
                0x06017824                SPR_WaitEndSlaveSH
                0x060176c0                SPR_SMPC_SSHON
                0x06017800                SPR_RunSlaveSH
                0x060176c4                SPR_InitSlaveSH
                0x0601778c                SPR_SlaveSHmain
                0x060176c1                SPR_SMPC_SSHOFF
 *fill*         0x060178a6        0xa 00
 .text          0x060178b0      0x36a c:/saturn/sbl6/segalib/lib/sega_spr.a(spr_1c.o)
                0x06017b64                SPR_WaitDrawEnd
                0x06017b7c                SPR_SetEosMode
                0x06017a94                SPR_SetEraseData
                0x060178b0                SPR_Initial
                0x06017988                SPR_SetTvMode
                0x06017a20                SPR_GetStatus
 *fill*         0x06017c1a        0x6 00
 .text          0x06017c20      0x244 c:/saturn/sbl6/segalib/lib/sega_spr.a(spr_2a.o)
                0x06017c32                sprMemCpyW
                0x06017c90                flushDrawPrtyBlock
                0x06017c20                sprMemCpyL
                0x06017c44                SPR_2SetDrawPrty
 *fill*         0x06017e64        0xc 00
 .text          0x06017e70      0x2fc c:/saturn/sbl6/segalib/lib/sega_scl.a(scl_vblv.o)
                0x06017f2c                SCL_DisplayFrame
                0x06017e70                SCL_SetFrameInterval
                0x06017f60                SCL_VblInit
                0x06017fb0                SCL_VblankStart
                0x06017ff4                SCL_VblankEnd
 *fill*         0x0601816c        0x4 00
 .text          0x06018170      0x1f4 c:/saturn/sbl6/segalib/lib/sega_scl.a(scl_pr12.o)
                0x06018170                SCL_SetColOffset
 *fill*         0x06018364        0xc 00
 .text          0x06018370      0x214 c:/saturn/sbl6/segalib/lib/sega_scl.a(scl_pr07.o)
                0x06018370                SCL_SetPriority
 *fill*         0x06018584        0xc 00
 .text          0x06018590       0x9c c:/saturn/sbl6/segalib/lib/sega_scl.a(scl_pr02.o)
                0x06018590                SCL_SetColRam
 *fill*         0x0601862c        0x4 00
 .text          0x06018630      0x180 c:/saturn/sbl6/segalib/lib/sega_scl.a(scl_pr11.o)
                0x06018630                SCL_SetAutoColOffset
 .text          0x060187b0     0x10a4 c:/saturn/sbl6/segalib/lib/sega_scl.a(scl_pri.o)
                0x06018844                SCL_AbortAutoVe
                0x060196f4                SCL_SetShadowBit
                0x06018cbc                SCL_AutoExec
                0x060187b0                SCL_PriorityInit
                0x060191d0                SCL_IncColOffset
                0x06018858                SCL_SetColMixRate
                0x06018828                SCL_GetColRamMode
 *fill*         0x06019854        0xc 00
 .text          0x06019860       0x98 c:/saturn/sbl6/segalib/lib/sega_scl.a(scl_pr10.o)
                0x06019860                SCL_SetAutoColMix
 *fill*         0x060198f8        0x8 00
 .text          0x06019900      0x278 c:/saturn/sbl6/segalib/lib/sega_scl.a(scl_fu05.o)
                0x060199bc                SCL_SetLineParam
                0x06019908                SCL_InitLineParamTb
 *fill*         0x06019b78        0x8 00
 .text          0x06019b80      0xb9c c:/saturn/sbl6/segalib/lib/sega_scl.a(scl_func.o)
                0x0601a55c                SCL_Vdp2_SGLInit
                0x0601a46c                SCL_PriIntProc
                0x0601a3e4                SCL_Memcpyw
                0x0601a6fc                SCL_SglOff
                0x0601a6dc                SCL_SglOn
                0x0601a350                SCL_ScrollShow
                0x06019df8                SCL_Close
                0x0601a0f0                SCL_Scale
                0x06019b80                SCL_Vdp2Init
                0x06019f64                SCL_Move
                0x0601a22c                SCL_CopyReg
                0x06019dd4                SCL_Open
                0x06019c04                SCL_ParametersInit
                0x06019e14                SCL_MoveTo
                0x0601a40c                SCL_SetColRamMode
 *fill*         0x0601a71c        0x4 00
 .text          0x0601a720      0x1ec c:/saturn/sbl6/segalib/lib/sega_scl.a(scl_fu01.o)
                0x0601a720                SCL_SetDisplayMode
 *fill*         0x0601a90c        0x4 00
 .text          0x0601a910       0x28 c:/saturn/sbl6/segalib/lib/sega_scl.a(scl_fu04.o)
                0x0601a910                SCL_SetCycleTable
 *fill*         0x0601a938        0x8 00
 .text          0x0601a940      0x138 c:/saturn/sbl6/segalib/lib/sega_scl.a(scl_pr03.o)
                0x0601a940                SCL_FreeColRam
                0x0601a978                SCL_AllocColRam
 *fill*         0x0601aa78        0x8 00
 .text          0x0601aa80       0x84 c:/saturn/sbl6/segalib/lib/sega_scl.a(scl_back.o)
                0x0601aa80                SCL_SetBack
 *fill*         0x0601ab04        0xc 00
 .text          0x0601ab10      0x94c c:/saturn/sbl6/segalib/lib/sega_scl.a(scl_fu03.o)
                0x0601ab6c                SCL_SetConfig
                0x0601ab10                SCL_InitConfigTb
 *fill*         0x0601b45c        0x4 00
 .text          0x0601b460      0x4f4 c:/saturn/sbl6/segalib/lib/sega_scl.a(scl_fu02.o)
                0x0601b498                SCL_SetVramConfig
                0x0601b460                SCL_InitVramConfigTb
 *fill*         0x0601b954        0xc 00
 .text          0x0601b960       0x58 c:/saturn/sbl6/segalib/lib/sega_scl.a(scl_pr01.o)
                0x0601b960                SCL_SetSpriteMode
 *fill*         0x0601b9b8        0x8 00
 .text          0x0601b9c0       0xac c:/saturn/sbl6/segalib/lib/sega_scl.a(scl_pr05.o)
                0x0601b9c0                SCL_GetColRamOffset
 *fill*         0x0601ba6c        0x4 00
 .text          0x0601ba70     0x1394 c:/saturn/sbl6/segalib/lib/sega_scl.a(scl_ro00.o)
                0x0601cc5c                SCL_RotateZD
                0x0601bf24                SCL_Rotate
                0x0601bbf8                SCL_InitRotateTable
 *fill*         0x0601ce04        0xc 00
 .text          0x0601ce10      0x1b4 c:/saturn/sbl6/segalib/lib/sega_scl.a(scl_pr06.o)
                0x0601ce10                SCL_SetColRamOffset
 *fill*         0x0601cfc4        0xc 00
 .text          0x0601cfd0       0xa4 c:/saturn/sbl6/segalib/lib/sega_mth.a(mth_fixd.o)
                0x0601d020                MTH_FixedToInt
                0x0601d010                MTH_IntToFixed
                0x0601cfd0                MTH_Mul
                0x0601d030                MTH_Product
                0x0601cff0                MTH_Div
 *fill*         0x0601d074        0xc 00
 .text          0x0601d080      0x600 c:/saturn/sbl6/segalib/lib/sega_mth.a(mth_tri.o)
                0x0601d11c                fcos
                0x0601d122                fsin
                0x0601d0cc                MTH_Cos
                0x0601d080                MTH_Sin
                0x0601d2c0                MTH_Atan
 .text          0x0601d680       0x30 c:/saturn/sbl6/segalib/lib/sega_mth.a(mth_rand.o)
                0x0601d690                MTH_GetRand
                0x0601d680                MTH_InitialRand
 .text          0x0601d6b0      0x130 c:/saturn/sbl6/segalib/lib/sega_cdc.a(cdc_drv.o)
                0x0601d6b0                CDC_CdPlay
                0x0601d77c                CDC_CdSeek
                0x0601d7b0                CDC_CdScan
 .text          0x0601d7e0      0x3a0 c:/saturn/sbl6/segalib/lib/sega_cdc.a(cdc_cmn.o)
                0x0601d984                CDC_TgetToc
                0x0601db28                CDC_DataEnd
                0x0601d848                CDC_GetPeriStat
                0x0601dabc                CDC_DataReady
                0x0601da94                CDC_CdOpen
                0x0601da10                CDC_CdInit
                0x0601d9d4                CDC_GetSes
                0x0601d830                CDC_GetLastStat
                0x0601d7e0                CDC_GetCurStat
                0x0601d91c                CDC_GetHwInfo
 .text          0x0601db80      0x152 c:/saturn/sbl6/segalib/lib/sega_cdc.a(cdc_sub.o)
                0x0601dc28                CDSUB_GetCdstat
                0x0601db98                CDSUB_UpdCdstat
                0x0601dc68                CDSUB_RspToCdstat
                0x0601dcb0                CDSUB_SoftTimer
                0x0601db80                CDSUB_UpdStatus
                0x0601dbb8                CDSUB_CdCmd
 *fill*         0x0601dcd2        0xe 00
 .text          0x0601dce0      0x2dc c:/saturn/sbl6/segalib/lib/sega_cdc.a(cdc_reg.o)
                0x0601dd34                CDREG_ClrHirqReq
                0x0601dd04                CDC_ClrHirqReq
                0x0601ddb4                CDREG_TgetData
                0x0601dda4                CDC_GetMpegPtr
                0x0601dd80                CDC_GetHirqMsk
                0x0601dce0                CDC_GetDataPtr
                0x0601dcf0                CDC_GetHirqReq
                0x0601df10                CDREG_WaitHirq
                0x0601dd94                CDC_SetHirqMsk
                0x0601de10                CDREG_CmdRsp
                0x0601dd44                CDREG_InitHirqReq
                0x0601dd6c                CDREG_SetHirqFlag
                0x0601df80                CDREG_ReadRsp
 *fill*         0x0601dfbc        0x4 00
 .text          0x0601dfc0      0xf50 c:/saturn/sbl6/segalib/lib/sega_per.a(per_prt.o)
                0x0601e3e0                PER_IntFunc
                0x0601e1d8                PER_LGetPer
                0x0601dfc0                PER_LInit
 .text          0x0601ef10     0x1b04 c:/saturn/sbl6/segalib/lib/sega_sat.a(gfs.o)
                0x0601ef10                gfs_version
                0x06020184                gfs_mngGetNumFile
                0x06020904                gfs_closeSub
                0x0601fca0                GFS_SetGmode
                0x0601ff5c                GFS_SetErrFunc
                0x060200ac                gfs_mngSetupFuncTbl
                0x0601f268                GFS_Reset
                0x0601ffd4                gfs_chgRoot
                0x060200a0                gfs_aborttrans
                0x06020384                gfs_svrAddHndl
                0x06020234                gfs_mngFreeGrp
                0x0601ffac                GFS_ConvTno
                0x06020538                gfs_getRootDir
                0x0601ff88                GFS_GetErrStat
                0x0601f3d8                GFS_Seek
                0x0601fa44                GFS_NwStop
                0x06020240                gfs_mngTermAccess
                0x0601f2ec                GFS_Open
                0x060201ec                GFS_mngAllocGrp
                0x0602094c                gfs_isTaskDone
                0x0601f744                GFS_Fread
                0x0601fea4                GFS_StartTrans
                0x060208a0                gfs_GetFinfo
                0x060200e0                gfs_mngInitWork
                0x0601f530                GFS_ByteToSct
                0x06020344                gfs_svrSearchHndl
                0x06020634                gfs_loadRootDir
                0x0601f18c                GFS_IdToName
                0x0601f888                GFS_NwFread
                0x0601fdd4                GFS_SetTransPara
                0x0601f994                GFS_NwCdRead
                0x06020474                gfs_loadVol
                0x0601fd70                GFS_SetReadPara
                0x0601f48c                GFS_Tell
                0x0601fd04                GFS_SetTmode
                0x06020808                GFS_GetFad
                0x0601fe40                GFS_SetTrFunc
                0x0601fef0                GFS_CdMovePickup
                0x0601f128                GFS_NameToId
                0x0601fb5c                GFS_NwExecOne
                0x060206bc                gfs_flowIn
                0x0601f5e4                GFS_GetFileInfo
                0x06020764                gfs_transData
                0x060203c0                gfs_svrRemoveHndl
                0x0601fa0c                GFS_NwIsComplete
                0x06020940                gfs_getGmode
                0x0601fab0                GFS_NwGetStat
                0x0602041c                GFS_OpenSub
                0x0601f0c0                GFS_SetDir
                0x0601f58c                GFS_GetFileSize
                0x0601f658                GFS_GetNumCdbuf
                0x060209a0                gfs_convFinStat
                0x0601f680                GFS_Load
                0x0601f7e0                gfs_waitRead
                0x0601f018                GFS_LoadDir
                0x0601f1f8                GFS_GetDirInfo
                0x0601f3a0                GFS_Close
                0x0601ef30                GFS_Init
                0x0601fb2c                gfs_recovRdErr
                0x060202c4                gfs_mngSetErrCode
                0x0601fc1c                GFS_NwExecServer
                0x0601f4dc                GFS_IsEof
                0x06020860                gfs_SetSct
 *fill*         0x06020a14        0xc 00
 .text          0x06020a20       0x90 c:/saturn/sbl6/segalib/lib/sega_sat.a(DMA_CPU1.o)
                0x06020a20                DMA_CpuMemCopy1
 .text          0x06020ab0       0x94 c:/saturn/sbl6/segalib/lib/sega_sat.a(DMA_CPU2.o)
                0x06020ab0                DMA_CpuMemCopy2
 *fill*         0x06020b44        0xc 00
 .text          0x06020b50      0x1f4 c:/saturn/sbl6/segalib/lib/sega_sat.a(DMA_SCU1.o)
                0x06020cac                DMA_ScuResult
                0x06020b50                DMA_ScuInit
                0x06020ba0                DMA_ScuMemCopy
 *fill*         0x06020d44        0xc 00
 .text          0x06020d50      0x8d4 c:/saturn/sbl6/segalib/lib/sega_sat.a(gfs_cdf.o)
                0x06021244                GFCF_Seek
                0x0602134c                GFCF_GetStat
                0x0602122c                GFCF_Tell
                0x06020df0                GFCF_Setup
                0x060212f8                GFCF_cnvIntlvOfs
                0x06020d50                GFCF_Init
                0x060211e4                GFCF_Recover
                0x06020f38                GFCF_SetSct
                0x0602125c                GFCF_MovePickup
                0x06021420                gfcf_isCdOk
                0x06020ff0                GFCF_FlowInBuf
                0x06020f7c                GFCF_GetFileInfo
                0x06021144                GFCF_StopInBuf
                0x060213e4                gfcf_getSctSize
                0x060214e0                gfcf_getPlayRange
 *fill*         0x06021624        0xc 00
 .text          0x06021630      0x928 c:/saturn/sbl6/segalib/lib/sega_sat.a(gfs_dir.o)
                0x06021b20                gfdr_setNextRec
                0x06021f1c                gfdr_setDirrecCd
                0x06021918                gfdr_open
                0x0602172c                GFDR_GetAtrDirId
                0x06021a00                gfdr_readByte
                0x06021630                GFDR_SetupDirTbl
                0x06021af8                gfdr_readLongNM
                0x06021ba4                gfdr_readDirEnt
                0x0602175c                GFDR_ChgRoot
                0x060216a4                GFDR_NameToId
                0x060217e8                gfdr_setupDirIdTbl
                0x06021744                GFDR_GetAtrDirName
                0x06021704                GFDR_GetInfoDirId
                0x06021aac                gfdr_readLongNB
                0x06021940                gfdr_read
                0x06021a2c                gfdr_readWord
                0x0602186c                gfdr_setupDirNameTbl
                0x06021718                GFDR_GetInfoDirName
                0x06021774                GFDR_ChgDir
                0x06021a58                gfdr_readWordNB
 *fill*         0x06021f58        0x8 00
 .text          0x06021f60      0xa46 c:/saturn/sbl6/segalib/lib/sega_sat.a(gfs_trn.o)
                0x06022040                GFTR_SetTransMax
                0x06022410                gftr_execScu
                0x06022994                GFTR_SetTransFunc
                0x0602285c                gftr_remTrn
                0x06022980                GFTR_SetData
                0x06022680                gftr_execSdma1
                0x060228d0                gftr_copyFrac
                0x06022034                GFTR_GetNumTrans
                0x06021fd4                GFTR_SetMode
                0x06022650                gftr_remDma0
                0x060228f8                GFTR_GetLenData
                0x06022404                gftr_reqScu
                0x06022668                gftr_reqDma1
                0x06022320                gftr_getSrcPack
                0x06022950                GFTR_RtnDstPk
                0x060224ec                gfdma_exec
                0x06022784                gftr_execTrn
                0x06022218                GFTR_ExecSvr
                0x06022714                gftr_reqTrn
                0x060225dc                gfdma_getBytecnt
                0x060226bc                gftr_reqCpu
                0x0602291c                GFTR_GetDstPack
                0x06022614                gftr_reqDma0
                0x060221a0                GFTR_Idle
                0x06022058                GFTR_Pause
                0x06022028                GFTR_GetTransPara
                0x06022708                gftr_remCpu
                0x06021ff4                GFTR_SetTransPara
                0x060226a4                gftr_remDma1
                0x06022064                GFTR_Stop
                0x0602262c                gftr_execSdma0
                0x06021f90                GFTR_Setup
                0x060224ac                gftr_remScu
                0x060223a8                gftr_getDstPack
                0x060224e0                gfdma_canUse
                0x0602211c                GFTR_Exec
                0x0602296c                GFTR_GetData
                0x0602204c                GFTR_Start
                0x06021fe8                GFTR_SetUnit
                0x060226c8                gftr_execCpu
                0x06022904                GFTR_GetLenRoom
 *fill*         0x060229a6        0xa 00
 .text          0x060229b0      0x106 c:/saturn/sbl6/segalib/lib/sega_sat.a(gfs_buf.o)
                0x06022a08                GFBF_GetNumData
                0x06022a84                GFBF_RtnPk
                0x06022a38                GFBF_GetSrcPk
                0x06022aac                gfbf_getSctDt
                0x060229e0                GFBF_GetTranData
                0x06022a60                GFBF_GetSctData
 *fill*         0x06022ab6        0xa 00
 .text          0x06022ac0      0x600 c:/saturn/sbl6/segalib/lib/sega_sat.a(gfs_cdb.o)
                0x06023068                GFCB_GetPickup
                0x06022be0                GFCB_Close
                0x06022eac                GFCB_GetSrcPack
                0x06023034                GFCB_SetCon
                0x06022cb4                GFCB_GetLenRoom
                0x06023018                GFCB_MovePickup
                0x06022f8c                GFCB_GetSctData
                0x06022cc0                GFCB_SetFilt
                0x06022c08                GFCB_GetLenData
                0x060230a8                GFCB_UngetPickup
                0x06022ac0                GFCB_Setup
                0x06022d50                GFCB_Tell
                0x06023090                GFCB_IsPuOwner
                0x06022db0                GFCB_Seek
                0x06022d28                GFCB_DeleteAllData
                0x06022fc4                GFCB_GetDstPack
                0x06022d60                gfcb_getSctNum
                0x06022fd0                GFCB_RtnPk
 .text          0x060230c0     0x1a04 c:/saturn/sbl6/segalib/lib/sega_sat.a(gfs_cdc.o)
                0x0602335c                GFCD_AllocBuf
                0x06024138                gfcd_doGetLenDataTsk
                0x060249d4                GFCD_SetCsctFunc
                0x06023434                GFCD_GetBaseFad
                0x060235b0                GFCD_GetFilt
                0x060245c4                gfcd_doChgDirTsk
                0x06024904                gfcd_checkEflag
                0x060238f8                GFCD_MovePickup
                0x060239dc                GFCD_GetSctInfo
                0x0602428c                gfcd_doReqDataTsk
                0x06023a24                GFCD_ChgDir
                0x06023718                GFCD_ReqData
                0x060249f0                GFCD_ChkScdqFlag
                0x06023ea8                GFCD_WaitServer
                0x060237bc                GFCD_DelSctData
                0x06023c94                GFCD_ExecServer
                0x060240a8                gfcd_doSetConTsk
                0x060232f0                GFCD_AllocFilt
                0x060234ec                GFCD_SetFilt
                0x06023ee4                gfcd_doSetFiltTsk
                0x06024a14                GFCD_ClrScdqFlag
                0x0602432c                gfcd_doDelSctDataTsk
                0x06023df0                gfcd_doTask
                0x06023468                GFCD_GetPickup
                0x060239b8                GFCD_CheckMove
                0x06024a30                GFCD_WaitScdqFlag
                0x06023650                GFCD_Play
                0x06024460                gfcd_doMoveSctTsk
                0x060235f8                GFCD_SetCon
                0x06023a98                GFCD_SetFiltCon
                0x06024a74                GFCD_WaitPause
                0x06023c5c                GFCD_GetBufSiz
                0x0602349c                GFCD_UngetPickup
                0x06023b80                GFCD_GetFileInfo
                0x06023774                GFCD_EndData
                0x06023390                GFCD_FreeBuf
                0x060236b0                GFCD_GetLenData
                0x0602332c                GFCD_FreeFilt
                0x06023d68                gfcd_isIdleTask
                0x060230ec                GFCD_Init
                0x060247c0                gfcd_doSetFiltConTsk
                0x06023844                GFCD_GetStat
                0x06023944                GFCD_MoveSctData
                0x060234c8                GFCD_IsPuOwner
                0x06024928                gfcd_initCdbMng
                0x060230c0                GFCD_SetCdbfs
                0x06023e94                GFCD_SetTimer
                0x060249a8                gfcd_setStat
                0x06023814                GFCD_CheckDelSctData
 *fill*         0x06024ac4        0xc 00
 .text          0x06024ad0      0x1b6 c:/saturn/sbl6/segalib/lib/sega_sat.a(DMA_CPU0.o)
                0x06024b18                DMA_CpuSetPrm
                0x06024c1c                DMA_CpuStart
                0x06024c74                DMA_CpuGetStatus
                0x06024c48                DMA_CpuAllStop
                0x06024c5c                DMA_CpuGetComStatus
                0x06024ad0                DMA_CpuSetComPrm
                0x06024c30                DMA_CpuStop
 *fill*         0x06024c86        0xa 00
 .text          0x06024c90       0x50 c:/saturn/sbl6/segalib/lib/sega_sat.a(DMA_CPU5.o)
                0x06024c90                DMA_CpuResult
 .text          0x06024ce0      0x308 c:/saturn/sbl6/segalib/lib/sega_sat.a(DMA_SCU0.o)
                0x06024d64                DMA_ScuStart
                0x06024e98                DMA_ScuIntFunc0
                0x06024f08                DMA_ScuIntFunc1
                0x06024f78                DMA_ScuIntFunc2
                0x06024e58                DMA_ScuGetStatus
                0x06024ce0                DMA_ScuSetPrm
 *fill*         0x06024fe8        0x8 00
 .text          0x06024ff0       0xe8 c:/saturn/sbl6/segalib/lib/sega_sat.a(csh_main.o)
                0x06024ff0                CSH_Init
                0x06025058                CSH_AllClr
                0x060250a4                CSH_Purge
 *fill*         0x060250d8        0x8 00
 .text          0x060250e0      0x194 c:/saturn/sbl6/segalib/lib/sega_sat.a(cdc_cfs.o)
                0x060250e0                CDC_ChgDir
                0x06025114                CDC_ReadDir
                0x06025238                CDC_AbortFile
                0x06025148                CDC_GetFileScope
                0x060251a8                CDC_TgetFileInfo
                0x06025204                CDC_ReadFile
 *fill*         0x06025274        0xc 00
 .text          0x06025280      0x1e4 c:/saturn/sbl6/segalib/lib/sega_sat.a(cdc_bio.o)
                0x0602532c                CDC_GetdelSctData
                0x060252b4                CDC_GetSctData
                0x06025368                CDC_PutSctData
                0x060253e4                CDC_MoveSctData
                0x06025428                CDC_GetCopyErr
                0x060252f0                CDC_DelSctData
                0x06025280                CDC_SetSctLen
                0x060253a0                CDC_CopySctData
 *fill*         0x06025464        0xc 00
 .text          0x06025470      0x2b8 c:/saturn/sbl6/segalib/lib/sega_sat.a(cdc_sel.o)
                0x060256a0                CDC_GetFiltCon
                0x0602561c                CDC_GetFiltMode
                0x060256f4                CDC_ResetSelector
                0x06025470                CDC_SetFiltRange
                0x060254fc                CDC_SetFiltSubh
                0x0602556c                CDC_GetFiltSubh
                0x060254a4                CDC_GetFiltRange
                0x060255e8                CDC_SetFiltMode
                0x06025660                CDC_SetFiltCon
 *fill*         0x06025728        0x8 00
 .text          0x06025730      0x270 c:/saturn/sbl6/segalib/lib/sega_sat.a(cdc_bif.o)
                0x0602578c                CDC_GetSctNum
                0x0602590c                CDC_ExeFadSearch
                0x0602588c                CDC_GetSctInfo
                0x060257d0                CDC_CalActSiz
                0x06025730                CDC_GetBufSiz
                0x0602580c                CDC_GetActSiz
                0x06025944                CDC_GetFadSearch
 .text          0x060259a0       0xa8 c:/saturn/sbl6/segalib/lib/sega_sat.a(cdc_dev.o)
                0x06025a0c                CDC_CdGetLastBuf
                0x060259a0                CDC_CdSetCon
                0x060259d0                CDC_CdGetCon
 *fill*         0x06025a48        0x8 00
 .text          0x06025a50       0x60 c:/saturn/SH_COFF/sh-coff/bin/../lib/gcc/sh-coff/3.4-GNUSH_v0501\libgcc.a(_ashiftrt.o)
                0x06025a5c                __ashiftrt_r4_27
                0x06025a90                __ashiftrt_r4_6
                0x06025a80                __ashiftrt_r4_14
                0x06025a72                __ashiftrt_r4_19
                0x06025a8a                __ashiftrt_r4_9
                0x06025a9e                __ashiftrt_r4_0
                0x06025a50                __ashiftrt_r4_31
                0x06025a5e                __ashiftrt_r4_26
                0x06025a6c                __ashiftrt_r4_22
                0x06025a78                __ashiftrt_r4_16
                0x06025a84                __ashiftrt_r4_12
                0x06025a58                __ashiftrt_r4_29
                0x06025a76                __ashiftrt_r4_17
                0x06025a56                __ashiftrt_r4_30
                0x06025a92                __ashiftrt_r4_5
                0x06025a8c                __ashiftrt_r4_8
                0x06025a50                __ashiftrt_r4_32
                0x06025a60                __ashiftrt_r4_25
                0x06025a98                __ashiftrt_r4_2
                0x06025a62                __ashiftrt_r4_24
                0x06025a7e                __ashiftrt_r4_15
                0x06025a88                __ashiftrt_r4_10
                0x06025a9a                __ashiftrt_r4_1
                0x06025a5a                __ashiftrt_r4_28
                0x06025a70                __ashiftrt_r4_20
                0x06025a8e                __ashiftrt_r4_7
                0x06025a82                __ashiftrt_r4_13
                0x06025a86                __ashiftrt_r4_11
                0x06025a94                __ashiftrt_r4_4
                0x06025a6a                __ashiftrt_r4_23
                0x06025a74                __ashiftrt_r4_18
                0x06025a6e                __ashiftrt_r4_21
                0x06025a96                __ashiftrt_r4_3
 .text          0x06025ab0       0xb0 c:/saturn/SH_COFF/sh-coff/bin/../lib/gcc/sh-coff/3.4-GNUSH_v0501\libgcc.a(_si_to_df.o)
                0x06025ab0                __floatsidf
 .text          0x06025b60      0x2e0 c:/saturn/SH_COFF/sh-coff/bin/../lib/gcc/sh-coff/3.4-GNUSH_v0501\libgcc.a(_mul_df.o)
                0x06025b70                __muldf3
 .text          0x06025e40       0x80 c:/saturn/SH_COFF/sh-coff/bin/../lib/gcc/sh-coff/3.4-GNUSH_v0501\libgcc.a(_df_to_si.o)
                0x06025e40                __fixdfsi
 .text          0x06025ec0       0x70 c:/saturn/SH_COFF/sh-coff/bin/../lib/gcc/sh-coff/3.4-GNUSH_v0501\libgcc.a(_udivsi3.o)
                0x06025ee2                __udivsi3
 .text          0x06025f30       0xa0 c:/saturn/SH_COFF/sh-coff/bin/../lib/gcc/sh-coff/3.4-GNUSH_v0501\libgcc.a(_sdivsi3.o)
                0x06025f30                __sdivsi3
 .text          0x06025fd0       0x90 c:/saturn/SH_COFF/sh-coff/bin/../lib/gcc/sh-coff/3.4-GNUSH_v0501\libgcc.a(_ashiftrt_n.o)
                0x06025fd0                __ashrsi3
 .text          0x06026060       0x90 c:/saturn/SH_COFF/sh-coff/bin/../lib/gcc/sh-coff/3.4-GNUSH_v0501\libgcc.a(_ashiftlt.o)
                0x06026060                __ashlsi3
 .text          0x060260f0       0xb0 c:/saturn/SH_COFF/sh-coff/bin/../lib/gcc/sh-coff/3.4-GNUSH_v0501\libgcc.a(_movstr.o)
                0x06026130                __movstrSI16
                0x06026104                __movstrSI60
                0x06026110                __movstrSI48
                0x0602610c                __movstrSI52
                0x06026100                __movstrSI64
                0x06026114                __movstrSI44
                0x06026118                __movstrSI40
                0x0602611c                __movstrSI36
                0x06026150                __movstr
                0x06026108                __movstrSI56
                0x06026124                __movstrSI28
                0x06026120                __movstrSI32
                0x06026134                __movstrSI12
                0x06026138                __movstrSI8
                0x06026140                __movstrSI0
                0x06026128                __movstrSI24
                0x0602612c                __movstrSI20
                0x0602613c                __movstrSI4
 .text          0x060261a0       0xa0 c:/saturn/SH_COFF/sh-coff/bin/../lib/gcc/sh-coff/3.4-GNUSH_v0501\libgcc.a(__main.o)
                0x06026214                __main
                0x060261a0                __do_global_dtors
                0x060261d4                __do_global_ctors
 .text          0x06026240      0x220 c:/saturn/SH_COFF/sh-coff/bin/../lib/gcc/sh-coff/3.4-GNUSH_v0501\libgcc.a(_pack_df.o)
                0x06026250                __pack_d
 .text          0x06026460      0x120 c:/saturn/SH_COFF/sh-coff/bin/../lib/gcc/sh-coff/3.4-GNUSH_v0501\libgcc.a(_unpack_df.o)
                0x06026470                __unpack_d
 .text          0x06026580       0x20 c:/saturn/SH_COFF/sh-coff/bin/../lib/gcc/sh-coff/3.4-GNUSH_v0501\libgcc.a(_thenan_df.o)
                0x06026580                __thenan_df
 .text          0x060265a0       0xd0 c:/saturn/SH_COFF/sh-coff/bin/../lib/gcc/sh-coff/3.4-GNUSH_v0501\libgcc.a(_muldi3.o)
                0x060265a0                __muldi3
 .text          0x06026670       0x80 c:/saturn/SH_COFF/sh-coff/bin/../lib/gcc/sh-coff/3.4-GNUSH_v0501\libgcc.a(_lshrdi3.o)
                0x06026670                __lshrdi3
 .text          0x060266f0       0x80 c:/saturn/SH_COFF/sh-coff/bin/../lib/gcc/sh-coff/3.4-GNUSH_v0501\libgcc.a(_ashldi3.o)
                0x060266f0                __ashldi3
 .text          0x06026770       0x30 c:/saturn/SH_COFF/sh-coff/bin/../lib/gcc/sh-coff/3.4-GNUSH_v0501\libgcc.a(_mulsi3.o)
                0x06026770                __mulsi3
 .text          0x060267a0       0x90 c:/saturn/SH_COFF/sh-coff/bin/../lib/gcc/sh-coff/3.4-GNUSH_v0501\libgcc.a(_lshiftrt.o)
                0x060267a0                __lshrsi3
 .text          0x06026830       0x40 c:/saturn/SH_COFF/sh-coff/bin/../lib/gcc/sh-coff/3.4-GNUSH_v0501/../../../../sh-coff/lib\libc.a(memset.o)
                0x06026830                memset
 .text          0x06026870       0x60 c:/saturn/SH_COFF/sh-coff/bin/../lib/gcc/sh-coff/3.4-GNUSH_v0501/../../../../sh-coff/lib\libc.a(memcmp.o)
                0x06026870                memcmp
 .text          0x060268d0       0xa0 c:/saturn/SH_COFF/sh-coff/bin/../lib/gcc/sh-coff/3.4-GNUSH_v0501/../../../../sh-coff/lib\libc.a(memcpy.o)
                0x060268d0                memcpy
 .text          0x06026970       0xb0 c:/saturn/SH_COFF/sh-coff/bin/../lib/gcc/sh-coff/3.4-GNUSH_v0501/../../../../sh-coff/lib\libc.a(strncmp.o)
                0x06026970                strncmp
 .text          0x06026a20       0xa0 c:/saturn/SH_COFF/sh-coff/bin/../lib/gcc/sh-coff/3.4-GNUSH_v0501/../../../../sh-coff/lib\libc.a(strncpy.o)
                0x06026a20                strncpy
 .text          0x06026ac0       0x90 c:/saturn/SH_COFF/sh-coff/bin/../lib/gcc/sh-coff/3.4-GNUSH_v0501/../../../../sh-coff/lib\libc.a(atexit.o)
                0x06026ac0                atexit
 .text          0x06026b50       0x10 c:/saturn/SH_COFF/sh-coff/bin/../lib/gcc/sh-coff/3.4-GNUSH_v0501/../../../../sh-coff/lib\libc.a(impure.o)
                0x06026b50                _global_impure_ptr
 .text          0x06026b60       0x40 c:/saturn/SH_COFF/sh-coff/bin/../lib/gcc/sh-coff/3.4-GNUSH_v0501/../../../../sh-coff/lib\libc.a(malloc.o)
                0x06026b7c                free
                0x06026b60                malloc
 .text          0x06026ba0      0x5b0 c:/saturn/SH_COFF/sh-coff/bin/../lib/gcc/sh-coff/3.4-GNUSH_v0501/../../../../sh-coff/lib\libc.a(mallocr.o)
                0x06026ba0                _malloc_r
 .text          0x06027150      0x340 c:/saturn/SH_COFF/sh-coff/bin/../lib/gcc/sh-coff/3.4-GNUSH_v0501/../../../../sh-coff/lib\libc.a(freer.o)
                0x06027150                _malloc_trim_r
                0x06027244                _free_r
 .text          0x06027490       0x20 c:/saturn/SH_COFF/sh-coff/bin/../lib/gcc/sh-coff/3.4-GNUSH_v0501/../../../../sh-coff/lib\libc.a(mlock.o)
                0x06027490                __malloc_lock
                0x0602749c                __malloc_unlock
 .text          0x060274b0       0x50 c:/saturn/SH_COFF/sh-coff/bin/../lib/gcc/sh-coff/3.4-GNUSH_v0501/../../../../sh-coff/lib\libc.a(sbrkr.o)
                0x060274b0                _sbrk_r
 .text          0x06027500      0x380 c:/saturn/SH_COFF/sh-coff/bin/../lib/gcc/sh-coff/3.4-GNUSH_v0501/../../../../sh-coff/lib\libc.a(syscalls.o)
                0x0602766c                _exit
                0x060276a0                _getpid
                0x06027708                _utime
                0x06027538                _write
                0x06027500                _read
                0x06027654                _unlink
                0x0602761c                _open
                0x060276b8                _stat
                0x06027660                isatty
                0x06027738                _wait
                0x06027684                _kill
                0x060276d4                _chmod
                0x06027768                _execv
                0x0602774c                _execve
                0x06027844                __setup_argv_and_call_main
                0x060277a0                _gettimeofday
                0x0602756c                _link
                0x060276ac                _raise
                0x06027638                _creat
                0x06027780                _pipe
                0x060276ec                _chown
                0x0602751c                _lseek
                0x06027554                _close
                0x06027794                _times
                0x06027608                _fstat
                0x06027724                _fork
                0x06027594                _sbrk
 .text          0x06027880       0x20 c:/saturn/SH_COFF/sh-coff/bin/../lib/gcc/sh-coff/3.4-GNUSH_v0501/../../../../sh-coff/lib\libc.a(trap.o)
                0x06027880                __trap34
 .text          0x060278a0       0x20 c:/saturn/SH_COFF/sh-coff/bin/../lib/gcc/sh-coff/3.4-GNUSH_v0501/../../../../sh-coff/lib\libc.a(abort.o)
                0x060278a0                abort
 .text          0x060278c0      0x270 c:/saturn/SH_COFF/sh-coff/bin/../lib/gcc/sh-coff/3.4-GNUSH_v0501/../../../../sh-coff/lib\libc.a(signal.o)
                0x06027980                _raise_r
                0x06027b08                __sigtramp
                0x06027ab4                raise
                0x06027af0                _init_signal
                0x06027a40                __sigtramp_r
                0x06027ad0                signal
                0x0602790c                _signal_r
                0x060278c0                _init_signal_r
 .text          0x06027b30       0x60 c:/saturn/SH_COFF/sh-coff/bin/../lib/gcc/sh-coff/3.4-GNUSH_v0501/../../../../sh-coff/lib\libc.a(signalr.o)
                0x06027b78                _getpid_r
                0x06027b30                _kill_r
 *(.strings)

.tors           0x06027b90        0x0
                0x06027b90                ___ctors = .
 *(.ctors)
                0x06027b90                ___ctors_end = .
                0x06027b90                ___dtors = .
 *(.dtors)
                0x06027b90                ___dtors_end = .

.data           0x06027b90     0x4620
                0x06027b90                STARTOF_R = .
 *(.data)
 .data          0x06027b90      0x400 smpclib/per_x1.o
 .data          0x06027f90       0x90 game.o
                0x06027f90                powerup_names
 .data          0x06028020     0x31a0 graphics.o
                0x060290a0                cyberblock_name
                0x0602a586                girl2_num
                0x060290f0                metalorange_name
                0x06028216                ship_size
                0x060290fe                metalorange_num
                0x060283e0                chipgame_pal
                0x0602a17a                girl3_num
                0x0602834c                game_name
                0x06028c00                menufont_pal
                0x06028072                capsule_num
                0x06028c4e                menufont_num
                0x0602816c                beffect_size
                0x0602a992                girl1_num
                0x060290b0                metalorange_pal
                0x0602a994                roarframes_pal
                0x060283d0                gamestar_name
                0x060280c4                blocks2_size
                0x0602837c                starnear_name
                0x06028324                gamefar_height
                0x06028218                ship_num
                0x0602ada4                roarbg_pal
                0x06028168                beffect_height
                0x0602b1a4                roarbg_name
                0x06028170                explosion_pal
                0x06028390                gamestar_pal
                0x06028348                gamenear_width
                0x060281b0                explosion_name
                0x0602811a                blocks1_num
                0x0602806e                capsule_width
                0x0602806c                capsule_height
                0x0602826e                starspr_num
                0x0602a988                girl1_name
                0x060287f0                game_tiles_pal
                0x060280c6                blocks2_num
                0x06029100                title_pal
                0x06028108                blocks1_name
                0x060282ba                font_height
                0x0602ad94                roarframes_name
                0x0602a170                girl3_name
                0x06028326                gamefar_width
                0x0602a588                girl1_pal
                0x06028c40                menufont_name
                0x0602905e                chipframes_num
                0x060282c4                ball_pal
                0x06029d70                girl3_pal
                0x060287ee                chipgame_num
                0x06028070                capsule_size
                0x0602826c                starspr_size
                0x060280c8                blocks1_pal
                0x06028338                gamenear_name
                0x060281c0                explosion_width
                0x06029962                girl5_num
                0x06028314                ball_num
                0x0602950a                title_num
                0x060282b0                font_name
                0x0602816a                beffect_width
                0x0602821c                starspr_pal
                0x0602b1b0                roarbg_num
                0x06028310                ball_width
                0x060290ae                cyberblock_num
                0x06029558                girl5_pal
                0x06028212                ship_height
                0x06028bfe                game_tiles_num
                0x0602830e                ball_height
                0x06028346                gamenear_height
                0x060282bc                font_width
                0x06029556                stars_num
                0x06028312                ball_size
                0x06028214                ship_width
                0x06029500                title_name
                0x06029050                chipframes_name
                0x0602835c                starfar_name
                0x06028114                blocks1_height
                0x0602954c                stars_name
                0x060283de                gamestar_num
                0x06028334                gamemid_height
                0x060281c8                ship_pal
                0x06028304                ball_name
                0x060282c0                font_num
                0x06028270                font_pal
                0x0602837a                starmid_width
                0x0602838c                starnear_width
                0x06028328                gamemid_name
                0x060280c2                blocks2_width
                0x06028118                blocks1_size
                0x0602826a                starspr_width
                0x06028c50                chipframes_pal
                0x06028356                game_height
                0x06028368                starfar_height
                0x060281c4                explosion_num
                0x06029d6e                girl4_num
                0x06028060                capsule_name
                0x06028336                gamemid_width
                0x060280c0                blocks2_height
                0x0602815c                beffect_name
                0x06028116                blocks1_width
                0x060282be                font_size
                0x060280b4                blocks2_name
                0x0602825c                starspr_name
                0x0602ada2                roarframes_num
                0x06029060                cyberblock_pal
                0x0602838a                starnear_height
                0x0602836c                starmid_name
                0x06028208                ship_name
                0x06029958                girl5_name
                0x06029964                girl4_pal
                0x06028074                blocks2_pal
                0x06028378                starmid_height
                0x0602950c                stars_pal
                0x06028318                gamefar_name
                0x06028020                capsule_pal
                0x06028bf0                game_tiles_name
                0x0602816e                beffect_num
                0x06028268                starspr_height
                0x0602811c                beffect_pal
                0x06029d64                girl4_name
                0x06028358                game_width
                0x0602a17c                girl2_pal
                0x0602836a                starfar_width
                0x060281c2                explosion_size
                0x060281be                explosion_height
                0x060287e0                chipgame_name
                0x0602a57c                girl2_name
 .data          0x0602b1c0      0x1a0 intro.o
 .data          0x0602b360       0x90 level.o
                0x0602b364                level_blocks
                0x0602b360                level_lengths
                0x0602b368                level0_blocks
 .data          0x0602b3f0       0x40 logo.o
 .data          0x0602b430       0x80 menu.o
                0x0602b430                cutscene
 .data          0x0602b4b0       0x10 pcmsys.o
                0x0602b4b4                scsp_load
                0x0602b4b8                m68k_com
                0x0602b4b0                master_volume
 .data          0x0602b4c0       0x40 scroll.o
                0x0602b4d0                CycleTbLoRes
                0x0602b4f0                vram
                0x0602b4e0                char_offsets
                0x0602b4c0                CycleTbHiRes
 .data          0x0602b500       0x30 sprite.o
 .data          0x0602b530      0x400 c:/saturn/sbl6/segalib/lib/sega_int.a(int.o)
 .data          0x0602b930       0x1c c:/saturn/sbl6/segalib/lib/sega_spr.a(spr_slv.o)
                0x0602b938                SPR_SlaveParam
                0x0602b948                SPR_SMPC_SF
                0x0602b940                SPR_SMPC_COM
                0x0602b93c                SPR_SlaveSHEntry
                0x0602b934                SPR_SlaveState
                0x0602b930                SPR_SlaveCommand
                0x0602b944                SPR_SMPC_RET
 *fill*         0x0602b94c        0x4 00
 .data          0x0602b950       0x34 c:/saturn/sbl6/segalib/lib/sega_spr.a(spr_1c.o)
                0x0602b950                SpInitialFlag
 *fill*         0x0602b984        0xc 00
 .data          0x0602b990       0x1c c:/saturn/sbl6/segalib/lib/sega_scl.a(scl_vblv.o)
                0x0602b998                VBInterval
                0x0602b9a0                ReqDisplayFlag
                0x0602b990                SpFrameChgMode
                0x0602b99c                VBIntervalCounter
                0x0602b994                SpFrameEraseMode
 *fill*         0x0602b9ac        0x4 00
 .data          0x0602b9b0       0x18 c:/saturn/sbl6/segalib/lib/sega_scl.a(scl_pri.o)
                0x0602b9b4                SclRealSpPriNum
                0x0602b9c4                SclRealColOffset
                0x0602b9c0                SclRealBgColMix
                0x0602b9bc                SclRealSpColMix
                0x0602b9b8                SclRealBgPriNum
                0x0602b9b0                SclRealOtherPri
 *fill*         0x0602b9c8        0x8 00
 .data          0x0602b9d0       0x36 c:/saturn/sbl6/segalib/lib/sega_scl.a(scl_func.o)
                0x0602b9e0                SclRotregBuff
                0x0602b9dc                SclDisplayY
                0x0602b9e4                SclRotateTableMode
                0x0602b9d8                SclProcess
                0x0602b9d4                SclCurSclNum
                0x0602b9d0                SclLengthLsTbl
                0x0602b9da                SclDisplayX
                0x0602b9d2                SclLengthCsTbl
 *fill*         0x0602ba06        0xa 00
 .data          0x0602ba10        0x4 c:/saturn/sbl6/segalib/lib/sega_mth.a(mth_rand.o)
 *fill*         0x0602ba14        0xc 00
 .data          0x0602ba20      0x380 c:/saturn/SH_COFF/sh-coff/bin/../lib/gcc/sh-coff/3.4-GNUSH_v0501/../../../../sh-coff/lib\libc.a(impure.o)
                0x0602bd9c                _impure_ptr
 .data          0x0602bda0      0x410 c:/saturn/SH_COFF/sh-coff/bin/../lib/gcc/sh-coff/3.4-GNUSH_v0501/../../../../sh-coff/lib\libc.a(mallocr.o)
                0x0602bda8                __malloc_av_
                0x0602bda4                __malloc_trim_threshold
                0x0602bda0                __malloc_sbrk_base
                0x0602c1b0                SIZEOF_R = (. - STARTOF_R)
                0x0602c1b0                ENDOF_R = .

.bss            0x0602c1b0    0x103e4
                0x0602c1b0                STARTOF_B = .
 *(.bss)
 .bss           0x0602c1b0       0x10 vblank.o
                0x0602c1b4                PadData2E
                0x0602c1ba                PadData1
                0x0602c1b6                PadData2
                0x0602c1b8                PadData1E
                0x0602c1b0                __port
 .bss           0x0602c1c0       0xe0 smpclib/per_x2.o
 .bss           0x0602c2a0       0x10 ball.o
 .bss           0x0602c2b0       0x10 capsule.o
 .bss           0x0602c2c0       0x30 game.o
                0x0602c2c0                turbo
                0x0602c2c4                powerup_cursor
 .bss           0x0602c2f0     0x1970 intro.o
 .bss           0x0602dc60     0x13a0 level.o
 .bss           0x0602f000       0x10 logo.o
 .bss           0x0602f010       0x60 menu.o
 .bss           0x0602f070       0x10 pcmsys.o
                0x0602f070                numberPCMs
 .bss           0x0602f080       0x10 scroll.o
                0x0602f080                scroll_res
 .bss           0x0602f090     0x3d00 sprite.o
                0x0602f090                num_sprites
 .bss           0x06032d90       0x10 main.o
                0x06032d90                frame
 .bss           0x06032da0       0x6e c:/saturn/sbl6/segalib/lib/sega_spr.a(spr_2c.o)
 *fill*         0x06032e0e        0x2 00
 .bss           0x06032e10        0x4 c:/saturn/sbl6/segalib/lib/sega_scl.a(scl_vblv.o)
 *fill*         0x06032e14        0xc 00
 .bss           0x06032e20     0x1900 c:/saturn/sbl6/segalib/lib/sega_scl.a(scl_fu05.o)
 .bss           0x06034720        0x4 c:/saturn/sbl6/segalib/lib/sega_scl.a(scl_func.o)
 *fill*         0x06034724        0xc 00
 .bss           0x06034730       0x48 c:/saturn/sbl6/segalib/lib/sega_scl.a(scl_ro00.o)
 *fill*         0x06034778        0x8 00
 .bss           0x06034780        0xc c:/saturn/sbl6/segalib/lib/sega_cdc.a(cdc_sub.o)
 *fill*         0x0603478c        0x4 00
 .bss           0x06034790        0x2 c:/saturn/sbl6/segalib/lib/sega_cdc.a(cdc_reg.o)
 *fill*         0x06034792        0xe 00
 .bss           0x060347a0       0x9c c:/saturn/sbl6/segalib/lib/sega_per.a(per_prt.o)
 *fill*         0x0603483c        0x4 00
 .bss           0x06034840        0xc c:/saturn/sbl6/segalib/lib/sega_sat.a(DMA_SCU1.o)
 *fill*         0x0603484c        0x4 00
 .bss           0x06034850        0xc c:/saturn/sbl6/segalib/lib/sega_sat.a(gfs_trn.o)
 *fill*         0x0603485c        0x4 00
 .bss           0x06034860       0x20 c:/saturn/sbl6/segalib/lib/sega_sat.a(DMA_SCU0.o)
 .bss           0x06034880       0x10 c:/saturn/SH_COFF/sh-coff/bin/../lib/gcc/sh-coff/3.4-GNUSH_v0501\libgcc.a(__main.o)
 .bss           0x06034890       0x10 c:/saturn/SH_COFF/sh-coff/bin/../lib/gcc/sh-coff/3.4-GNUSH_v0501/../../../../sh-coff/lib\libc.a(atexit.o)
 .bss           0x060348a0       0x40 c:/saturn/SH_COFF/sh-coff/bin/../lib/gcc/sh-coff/3.4-GNUSH_v0501/../../../../sh-coff/lib\libc.a(mallocr.o)
                0x060348d0                __malloc_top_pad
                0x060348a0                __malloc_current_mallinfo
                0x060348cc                __malloc_max_sbrked_mem
                0x060348c8                __malloc_max_total_mem
 .bss           0x060348e0       0x10 c:/saturn/SH_COFF/sh-coff/bin/../lib/gcc/sh-coff/3.4-GNUSH_v0501/../../../../sh-coff/lib\libc.a(syscalls.o)
 *(COMMON)
 COMMON         0x060348f0        0x8 vblank.o
                                  0x0 (size before relaxing)
                0x060348f0                PadAnalogR1
                0x060348f1                PadAnalogL1
                0x060348f2                PadAnalogY1
                0x060348f3                PadAnalogX1
                0x060348f4                PadID1
 *fill*         0x060348f8        0x8 00
 COMMON         0x06034900      0x1e4 ball.o
                                  0x0 (size before relaxing)
                0x06034900                ball_sprites
                0x06034ae0                ball_count
 *fill*         0x06034ae4        0xc 00
 COMMON         0x06034af0       0xa0 capsule.o
                                  0x0 (size before relaxing)
                0x06034af0                capsules
 COMMON         0x06034b90     0x1674 cd.o
                                  0x0 (size before relaxing)
                0x06034b90                dirname
                0x060354f0                lib_work
                0x060361f8                directory_table
 *fill*         0x06036204        0xc 00
 COMMON         0x06036210       0x14 game.o
                                  0x0 (size before relaxing)
                0x06036210                ship_sprite
                0x06036214                explosion_charno
                0x06036218                capsule_charno
                0x0603621c                block_charno
                0x06036220                ball_charno
 *fill*         0x06036224        0xc 00
 COMMON         0x06036230     0x14a0 print.o
                                  0x0 (size before relaxing)
                0x06036230                text
 COMMON         0x060376d0      0x230 scroll.o
                                  0x0 (size before relaxing)
                0x060376d0                scfg
 COMMON         0x06037900     0x3180 sprite.o
                                  0x0 (size before relaxing)
                0x06037900                sprites
                0x06038a80                sprite_buf
 COMMON         0x0603aa80       0x8c main.o
                                  0x0 (size before relaxing)
                0x0603aa80                off_config
 *fill*         0x0603ab0c        0x4 00
 COMMON         0x0603ab10      0x400 c:/saturn/sbl6/segalib/lib/sega_int.a(int.o)
                                  0x0 (size before relaxing)
                0x0603ab10                __interrupt_vector
 COMMON         0x0603af10       0x50 c:/saturn/sbl6/segalib/lib/sega_spr.a(spr_2c.o)
                                  0x0 (size before relaxing)
                0x0603af10                SpMstCmd
                0x0603af14                Sp2OpenFlag
                0x0603af18                SpGourTblMax
                0x0603af1c                SpDrawPrtyBlk
                0x0603af20                SpLCoordX
                0x0603af24                SpMstDrawPrtyBlk
                0x0603af28                SpGourTbl
                0x0603af2c                SpLookupTblR
                0x0603af30                SpCmdTbl
                0x0603af34                SpCharMax
                0x0603af38                SpDrawPrtyProcFlag
                0x0603af3c                SpCmdNo
                0x0603af40                SpDrawPrtyBlkMax
                0x0603af44                SpSlvCmdPos
                0x0603af48                SpSlvDrawPrtyBlk
                0x0603af4c                SpCharTbl
                0x0603af50                SpCmdTblR
                0x0603af54                SpMstCmdPos
                0x0603af58                SpSlvCmd
                0x0603af5c                SpLCoordY
 COMMON         0x0603af60       0x10 c:/saturn/sbl6/segalib/lib/sega_spr.a(spr_1c.o)
                                  0x0 (size before relaxing)
                0x0603af60                SpScreenY
                0x0603af64                SpFbcrMode
                0x0603af66                SpDil
                0x0603af68                SpDie
                0x0603af6a                SpTvMode
                0x0603af6c                SpScreenX
 COMMON         0x0603af70      0x6b0 c:/saturn/sbl6/segalib/lib/sega_scl.a(scl_pri.o)
                                  0x0 (size before relaxing)
                0x0603af70                SclAutoEndBlue2
                0x0603af80                SclColOffset
                0x0603af90                SclPriBuffDirty
                0x0603af92                SclAutoEndRed
                0x0603af94                SclAutoSurface
                0x0603af98                SclAutoGreen
                0x0603af9a                SclAutoEndGreen
                0x0603af9c                SclAutoCount
                0x0603afa0                SclColRamAlloc256
                0x0603afc0                SclAutoCurRate
                0x0603afc1                SclAutoPlusFlag
                0x0603afc8                SclSpColMix
                0x0603afd0                SclAutoMax
                0x0603afd4                SclLineColRamOffset
                0x0603afd8                SclColRamAlloc2048
                0x0603afdc                SclBgPriNum
                0x0603afe2                SclAutoEndBlue
                0x0603afe4                SclAutoEndGreen2
                0x0603afe6                SclAutoVeFlag
                0x0603afe8                SclBgColMix
                0x0603aff0                SclAutoIndex
                0x0603aff4                SclAutoEndRate
                0x0603aff6                SclAutoBlue
                0x0603aff8                SclAutoRed
                0x0603affc                SclAutoInterval
                0x0603b000                SclOtherPri
                0x0603b010                SclAutoRGB
                0x0603b610                SclAutoEndRed2
                0x0603b618                SclSpPriNum
 COMMON         0x0603b620      0xf00 c:/saturn/sbl6/segalib/lib/sega_scl.a(scl_func.o)
                                  0x0 (size before relaxing)
                0x0603b620                SclRbgKtbAddr
                0x0603b628                SclRb
                0x0603b62a                Scl_flag
                0x0603b630                SclK_TableBuff
                0x0603c300                SclAddrCsTbl
                0x0603c310                Scl_s_reg
                0x0603c338                SclRotateXy
                0x0603c340                Scl_d_reg
                0x0603c388                SclRotateDisp
                0x0603c390                SclRotateMoveZ
                0x0603c398                SclRotXySw
                0x0603c3a0                Scl_r_reg
                0x0603c3b0                SclRPMD
                0x0603c3b8                SclRbgKtbOffset
                0x0603c3c0                _SclRotregBuff
                0x0603c490                SclRa
                0x0603c498                SclRotateZ
                0x0603c4a0                SclAddrLsTbl
                0x0603c4a8                SclK_TableNum
                0x0603c4b0                SclRotateTableAddress
                0x0603c4b4                SclK_TableFlag
                0x0603c4c0                Scl_w_reg
                0x0603c4e0                Scl_n_reg
 COMMON         0x0603c520       0x10 c:/saturn/sbl6/segalib/lib/sega_scl.a(scl_ro00.o)
                                  0x0 (size before relaxing)
                0x0603c520                SclCsx
                0x0603c528                SclCsy
 COMMON         0x0603c530       0x15 c:/saturn/sbl6/segalib/lib/sega_per.a(per_prt.o)
                                  0x0 (size before relaxing)
                0x0603c530                per_get_time_flg
                0x0603c531                per_hot_res
                0x0603c532                per_set_sys_flg
                0x0603c534                per_get_time_adr
                0x0603c538                per_get_sys_data
                0x0603c544                per_time_out_flg
 *fill*         0x0603c545        0xb 00
 COMMON         0x0603c550        0xc c:/saturn/sbl6/segalib/lib/sega_sat.a(gfs.o)
                                  0x0 (size before relaxing)
                0x0603c550                GFMC_base
                0x0603c554                gfs_mng_ptr
                0x0603c558                gfs_use_scudma
 *fill*         0x0603c55c        0x4 00
 COMMON         0x0603c560        0x8 c:/saturn/sbl6/segalib/lib/sega_sat.a(gfs_cdf.o)
                                  0x0 (size before relaxing)
                0x0603c560                gfcf_fad
                0x0603c564                gfcf_stat
 *fill*         0x0603c568        0x8 00
 COMMON         0x0603c570        0xc c:/saturn/sbl6/segalib/lib/sega_sat.a(gfs_cdc.o)
                                  0x0 (size before relaxing)
                0x0603c570                gfcd_fatal_err
                0x0603c574                gfcd_work
                0x0603c578                gfcd_playflag
 *fill*         0x0603c57c        0x4 00
 COMMON         0x0603c580        0x8 c:/saturn/sbl6/segalib/lib/sega_sat.a(DMA_CPU5.o)
                                  0x0 (size before relaxing)
                0x0603c580                dma_cpu_cnt
                0x0603c584                dma_cpu_dis_adr
 *fill*         0x0603c588        0x8 00
 COMMON         0x0603c590        0x4 c:/saturn/SH_COFF/sh-coff/bin/../lib/gcc/sh-coff/3.4-GNUSH_v0501/../../../../sh-coff/lib\libc.a(syscalls.o)
                                  0x0 (size before relaxing)
                0x0603c590                errno
                0x0603c594                SIZEOF_B = (. - STARTOF_B)
                0x0603c594                ENDOF_B = .
                0x0603c594                _end = .
OUTPUT(main.cof coff-sh)

.comment        0x0603c5a0      0x5c0
 .comment       0x0603c5a0       0x20 c:/saturn/sbl6/segasmp/lib/strt2_g.o
 .comment       0x0603c5c0       0x20 vblank.o
 .comment       0x0603c5e0       0x20 smpclib/per_x1.o
 .comment       0x0603c600       0x20 smpclib/per_x2.o
 .comment       0x0603c620       0x20 spritecode/explosion.o
 .comment       0x0603c640       0x20 ball.o
 .comment       0x0603c660       0x20 capsule.o
 .comment       0x0603c680       0x20 cd.o
 .comment       0x0603c6a0       0x20 crc.o
 .comment       0x0603c6c0       0x20 devcart.o
 .comment       0x0603c6e0       0x20 game.o
 .comment       0x0603c700       0x20 graphics.o
 .comment       0x0603c720       0x20 intro.o
 .comment       0x0603c740       0x20 level.o
 .comment       0x0603c760       0x20 logo.o
 .comment       0x0603c780       0x20 menu.o
 .comment       0x0603c7a0       0x20 pcmsys.o
 .comment       0x0603c7c0       0x20 print.o
 .comment       0x0603c7e0       0x20 scroll.o
 .comment       0x0603c800       0x20 sound.o
 .comment       0x0603c820       0x20 sprite.o
 .comment       0x0603c840       0x20 main.o
 .comment       0x0603c860       0x20 c:/saturn/SH_COFF/sh-coff/bin/../lib/gcc/sh-coff/3.4-GNUSH_v0501\libgcc.a(_si_to_df.o)
 .comment       0x0603c880       0x20 c:/saturn/SH_COFF/sh-coff/bin/../lib/gcc/sh-coff/3.4-GNUSH_v0501\libgcc.a(_mul_df.o)
 .comment       0x0603c8a0       0x20 c:/saturn/SH_COFF/sh-coff/bin/../lib/gcc/sh-coff/3.4-GNUSH_v0501\libgcc.a(_df_to_si.o)
 .comment       0x0603c8c0       0x20 c:/saturn/SH_COFF/sh-coff/bin/../lib/gcc/sh-coff/3.4-GNUSH_v0501\libgcc.a(__main.o)
 .comment       0x0603c8e0       0x20 c:/saturn/SH_COFF/sh-coff/bin/../lib/gcc/sh-coff/3.4-GNUSH_v0501\libgcc.a(_pack_df.o)
 .comment       0x0603c900       0x20 c:/saturn/SH_COFF/sh-coff/bin/../lib/gcc/sh-coff/3.4-GNUSH_v0501\libgcc.a(_unpack_df.o)
 .comment       0x0603c920       0x20 c:/saturn/SH_COFF/sh-coff/bin/../lib/gcc/sh-coff/3.4-GNUSH_v0501\libgcc.a(_thenan_df.o)
 .comment       0x0603c940       0x20 c:/saturn/SH_COFF/sh-coff/bin/../lib/gcc/sh-coff/3.4-GNUSH_v0501\libgcc.a(_muldi3.o)
 .comment       0x0603c960       0x20 c:/saturn/SH_COFF/sh-coff/bin/../lib/gcc/sh-coff/3.4-GNUSH_v0501\libgcc.a(_lshrdi3.o)
 .comment       0x0603c980       0x20 c:/saturn/SH_COFF/sh-coff/bin/../lib/gcc/sh-coff/3.4-GNUSH_v0501\libgcc.a(_ashldi3.o)
 .comment       0x0603c9a0       0x20 c:/saturn/SH_COFF/sh-coff/bin/../lib/gcc/sh-coff/3.4-GNUSH_v0501/../../../../sh-coff/lib\libc.a(memcmp.o)
 .comment       0x0603c9c0       0x20 c:/saturn/SH_COFF/sh-coff/bin/../lib/gcc/sh-coff/3.4-GNUSH_v0501/../../../../sh-coff/lib\libc.a(strncmp.o)
 .comment       0x0603c9e0       0x20 c:/saturn/SH_COFF/sh-coff/bin/../lib/gcc/sh-coff/3.4-GNUSH_v0501/../../../../sh-coff/lib\libc.a(strncpy.o)
 .comment       0x0603ca00       0x20 c:/saturn/SH_COFF/sh-coff/bin/../lib/gcc/sh-coff/3.4-GNUSH_v0501/../../../../sh-coff/lib\libc.a(atexit.o)
 .comment       0x0603ca20       0x20 c:/saturn/SH_COFF/sh-coff/bin/../lib/gcc/sh-coff/3.4-GNUSH_v0501/../../../../sh-coff/lib\libc.a(impure.o)
 .comment       0x0603ca40       0x20 c:/saturn/SH_COFF/sh-coff/bin/../lib/gcc/sh-coff/3.4-GNUSH_v0501/../../../../sh-coff/lib\libc.a(malloc.o)
 .comment       0x0603ca60       0x20 c:/saturn/SH_COFF/sh-coff/bin/../lib/gcc/sh-coff/3.4-GNUSH_v0501/../../../../sh-coff/lib\libc.a(mallocr.o)
 .comment       0x0603ca80       0x20 c:/saturn/SH_COFF/sh-coff/bin/../lib/gcc/sh-coff/3.4-GNUSH_v0501/../../../../sh-coff/lib\libc.a(freer.o)
 .comment       0x0603caa0       0x20 c:/saturn/SH_COFF/sh-coff/bin/../lib/gcc/sh-coff/3.4-GNUSH_v0501/../../../../sh-coff/lib\libc.a(mlock.o)
 .comment       0x0603cac0       0x20 c:/saturn/SH_COFF/sh-coff/bin/../lib/gcc/sh-coff/3.4-GNUSH_v0501/../../../../sh-coff/lib\libc.a(sbrkr.o)
 .comment       0x0603cae0       0x20 c:/saturn/SH_COFF/sh-coff/bin/../lib/gcc/sh-coff/3.4-GNUSH_v0501/../../../../sh-coff/lib\libc.a(syscalls.o)
 .comment       0x0603cb00       0x20 c:/saturn/SH_COFF/sh-coff/bin/../lib/gcc/sh-coff/3.4-GNUSH_v0501/../../../../sh-coff/lib\libc.a(abort.o)
 .comment       0x0603cb20       0x20 c:/saturn/SH_COFF/sh-coff/bin/../lib/gcc/sh-coff/3.4-GNUSH_v0501/../../../../sh-coff/lib\libc.a(signal.o)
 .comment       0x0603cb40       0x20 c:/saturn/SH_COFF/sh-coff/bin/../lib/gcc/sh-coff/3.4-GNUSH_v0501/../../../../sh-coff/lib\libc.a(signalr.o)