Archive member included because of file (symbol)

c:/saturn/sbl6/segalib/lib/sega_int.a(int.o)
                              vblank.o (INT_SetScuFunc)
c:/saturn/sbl6/segalib/lib/sega_int.a(int_trmp.o)
                              c:/saturn/sbl6/segalib/lib/sega_int.a(int.o) (__interrupt_handler0)
c:/saturn/sbl6/segalib/lib/sega_spr.a(spr_2c.o)
                              sprite.o (SPR_2Initial)
c:/saturn/sbl6/segalib/lib/sega_spr.a(spr_slv.o)
                              c:/saturn/sbl6/segalib/lib/sega_spr.a(spr_2c.o) (SPR_InitSlaveSH)
c:/saturn/sbl6/segalib/lib/sega_spr.a(spr_1c.o)
                              c:/saturn/sbl6/segalib/lib/sega_spr.a(spr_2c.o) (SPR_Initial)
c:/saturn/sbl6/segalib/lib/sega_spr.a(spr_2a.o)
                              c:/saturn/sbl6/segalib/lib/sega_spr.a(spr_2c.o) (SPR_2SetDrawPrty)
c:/saturn/sbl6/segalib/lib/sega_scl.a(scl_vblv.o)
                              c:/saturn/sbl6/segalib/lib/sega_spr.a(spr_1c.o) (SpFrameChgMode)
c:/saturn/sbl6/segalib/lib/sega_scl.a(scl_pr12.o)
                              game.o (SCL_SetColOffset)
c:/saturn/sbl6/segalib/lib/sega_scl.a(scl_pr07.o)
                              game.o (SCL_SetPriority)
c:/saturn/sbl6/segalib/lib/sega_scl.a(scl_pr02.o)
                              game.o (SCL_SetColRam)
c:/saturn/sbl6/segalib/lib/sega_scl.a(scl_pr11.o)
                              game.o (SCL_SetAutoColOffset)
c:/saturn/sbl6/segalib/lib/sega_scl.a(scl_pri.o)
                              c:/saturn/sbl6/segalib/lib/sega_scl.a(scl_pr11.o) (SclAutoVeFlag)
c:/saturn/sbl6/segalib/lib/sega_scl.a(scl_pr10.o)
                              intro.o (SCL_SetAutoColMix)
c:/saturn/sbl6/segalib/lib/sega_scl.a(scl_fu05.o)
                              intro.o (SCL_InitLineParamTb)
c:/saturn/sbl6/segalib/lib/sega_scl.a(scl_func.o)
                              c:/saturn/sbl6/segalib/lib/sega_scl.a(scl_fu05.o) (SclLengthLsTbl)
c:/saturn/sbl6/segalib/lib/sega_scl.a(scl_pr01.o)
                              scroll.o (SCL_SetSpriteMode)
c:/saturn/sbl6/segalib/lib/sega_scl.a(scl_fu01.o)
                              scroll.o (SCL_SetDisplayMode)
c:/saturn/sbl6/segalib/lib/sega_scl.a(scl_fu04.o)
                              scroll.o (SCL_SetCycleTable)
c:/saturn/sbl6/segalib/lib/sega_scl.a(scl_pr03.o)
                              scroll.o (SCL_AllocColRam)
c:/saturn/sbl6/segalib/lib/sega_scl.a(scl_back.o)
                              scroll.o (SCL_SetBack)
c:/saturn/sbl6/segalib/lib/sega_scl.a(scl_fu03.o)
                              scroll.o (SCL_InitConfigTb)
c:/saturn/sbl6/segalib/lib/sega_scl.a(scl_fu02.o)
                              scroll.o (SCL_InitVramConfigTb)
c:/saturn/sbl6/segalib/lib/sega_scl.a(scl_pr09.o)
                              scroll.o (SCL_SetColMixMode)
c:/saturn/sbl6/segalib/lib/sega_scl.a(scl_pr05.o)
                              c:/saturn/sbl6/segalib/lib/sega_scl.a(scl_pr02.o) (SCL_GetColRamOffset)
c:/saturn/sbl6/segalib/lib/sega_scl.a(scl_ro00.o)
                              c:/saturn/sbl6/segalib/lib/sega_scl.a(scl_func.o) (SCL_Rotate)
c:/saturn/sbl6/segalib/lib/sega_scl.a(scl_pr06.o)
                              c:/saturn/sbl6/segalib/lib/sega_scl.a(scl_pr03.o) (SCL_SetColRamOffset)
c:/saturn/sbl6/segalib/lib/sega_mth.a(mth_tri.o)
                              ball.o (MTH_Sin)
c:/saturn/sbl6/segalib/lib/sega_mth.a(mth_fixd.o)
                              ball.o (MTH_Mul)
c:/saturn/sbl6/segalib/lib/sega_mth.a(mth_rand.o)
                              main.o (MTH_InitialRand)
c:/saturn/sbl6/segalib/lib/sega_cdc.a(cdc_drv.o)
                              sound.o (CDC_CdPlay)
c:/saturn/sbl6/segalib/lib/sega_cdc.a(cdc_cmn.o)
                              main.o (CDC_GetPeriStat)
c:/saturn/sbl6/segalib/lib/sega_cdc.a(cdc_sub.o)
                              c:/saturn/sbl6/segalib/lib/sega_cdc.a(cdc_cmn.o) (CDSUB_UpdStatus)
c:/saturn/sbl6/segalib/lib/sega_cdc.a(cdc_reg.o)
                              c:/saturn/sbl6/segalib/lib/sega_cdc.a(cdc_cmn.o) (CDREG_ClrHirqReq)
c:/saturn/sbl6/segalib/lib/sega_per.a(per_prt.o)
                              smpclib/per_x2.o (PER_LInit)
c:/saturn/sbl6/segalib/lib/sega_sat.a(gfs.o)
                              cd.o (GFS_Init)
c:/saturn/sbl6/segalib/lib/sega_sat.a(DMA_CPU1.o)
                              game.o (DMA_CpuMemCopy1)
c:/saturn/sbl6/segalib/lib/sega_sat.a(DMA_CPU2.o)
                              intro.o (DMA_CpuMemCopy2)
c:/saturn/sbl6/segalib/lib/sega_sat.a(DMA_SCU1.o)
                              c:/saturn/sbl6/segalib/lib/sega_spr.a(spr_2c.o) (DMA_ScuMemCopy)
c:/saturn/sbl6/segalib/lib/sega_sat.a(gfs_cdf.o)
                              c:/saturn/sbl6/segalib/lib/sega_sat.a(gfs.o) (GFCF_Init)
c:/saturn/sbl6/segalib/lib/sega_sat.a(gfs_dir.o)
                              c:/saturn/sbl6/segalib/lib/sega_sat.a(gfs.o) (GFDR_SetupDirTbl)
c:/saturn/sbl6/segalib/lib/sega_sat.a(gfs_trn.o)
                              c:/saturn/sbl6/segalib/lib/sega_sat.a(gfs.o) (GFTR_Setup)
[...]
Memory Configuration

Name             Origin             Length             Attributes
*default*        0x00000000         0xffffffff

Linker script and memory map

LOAD c:/saturn/sbl6/segasmp/lib/strt1_g.o
LOAD c:/saturn/sbl6/segasmp/lib/strt2_g.o
LOAD vblank.o
LOAD smpclib/per_x1.o
LOAD smpclib/per_x2.o
LOAD smpclib/per_x3.o
LOAD spritecode/explosion.o
LOAD ball.o
LOAD barrier.o
LOAD capsule.o
LOAD cd.o
LOAD crc.o
LOAD devcart.o
LOAD game.o
LOAD graphics.o
LOAD intro.o
LOAD laser.o
LOAD level.o
LOAD logo.o
LOAD menu.o
LOAD pcmsys.o
LOAD print.o
LOAD scroll.o
LOAD soon.o
LOAD sound.o
LOAD sprite.o
LOAD main.o
LOAD c:/saturn/sbl6/segalib/lib/sega_int.a
LOAD c:/saturn/sbl6/segalib/lib/sega_spr.a
LOAD c:/saturn/sbl6/segalib/lib/sega_scl.a
LOAD c:/saturn/sbl6/segalib/lib/sega_mth.a
LOAD c:/saturn/sbl6/segalib/lib/sega_cdc.a
LOAD c:/saturn/sbl6/segalib/lib/sega_adp.a
LOAD c:/saturn/sbl6/segalib/lib/sega_per.a
LOAD c:/saturn/sbl6/segalib/lib/sega_sat.a
LOAD c:/saturn/SH_COFF/sh-coff/bin/../lib/gcc/sh-coff/3.4-GNUSH_v0501\libgcc.a
LOAD c:/saturn/SH_COFF/sh-coff/bin/../lib/gcc/sh-coff/3.4-GNUSH_v0501/../../../../sh-coff/lib\libc.a
LOAD c:/saturn/SH_COFF/sh-coff/bin/../lib/gcc/sh-coff/3.4-GNUSH_v0501\libgcc.a

.text           0x06010000    0x18d10
 *(.text)
 .text          0x06010000       0x30 c:/saturn/sbl6/segasmp/lib/strt1_g.o
                0x06010024                _D_END
                0x06010020                _D_BGN
                0x0601002c                _B_END
                0x06010028                _B_BGN
                0x06010000                START
 .text          0x06010030       0x60 c:/saturn/sbl6/segasmp/lib/strt2_g.o
                0x06010050                _INITSCT
                0x06010030                _INIT
 .text          0x06010090      0x1d0 vblank.o
                0x06010090                SetVblank
                0x06010110                UsrVblankOut
                0x060100f0                UsrVblankIn
 .text          0x06010260      0x240 smpclib/per_x1.o
                0x06010440                PER_GetAnalogXYZ
                0x06010280                PER_GetTriggerHandler
                0x060103d0                PER_GetEdge
                0x06010390                PER_GetTrigger
                0x060103e0                PER_GetPressEdge
                0x06010410                PER_GetReleaseEdge
                0x06010260                PER_SetTriggerHandler
 .text          0x060104a0      0x180 smpclib/per_x2.o
                0x06010580                PER_GetDeviceA
                0x060104a0                PER_OpenPort
                0x060104d0                PER_GetPort
                0x060105c0                PER_GetDeviceR
 .text          0x06010620       0x20 smpclib/per_x3.o
                0x06010620                PER_DisguiseTrigger
 .text          0x06010640       0xb0 spritecode/explosion.o
                0x060106a0                explosion_move
                0x06010640                explosion_make
 .text          0x060106f0      0x4e0 ball.o
                0x06010910                ball_move
                0x06010820                ball_remove
                0x06010710                ball_add
                0x06010870                ball_bounce
                0x060106f0                ball_init
                0x06010b50                ball_draw
 .text          0x06010bd0      0x180 barrier.o
                0x06010c00                barrier_move
                0x06010bd0                barrier_init
                0x06010c90                barrier_draw
 .text          0x06010d50      0x230 capsule.o
                0x06010e00                capsule_run
                0x06010d70                capsule_add
                0x06010f20                capsule_draw
                0x06010db0                capsule_remove
                0x06010d50                capsule_init
 .text          0x06010f80      0x120 cd.o
                0x06011020                cd_load_nosize
                0x06010f80                cd_init
                0x06010fb0                cd_load
 .text          0x060110a0      0x140 crc.o
                0x060111a0                crc_update
 .text          0x060111e0      0x1c0 devcart.o
                0x06011360                devcart_reset
                0x06011250                devcart_loadfile
                0x06011350                devcart_printstr
 .text          0x060113a0     0x1830 game.o
                0x060114a0                game_incpowerup
                0x06011610                game_run
                0x06011580                game_loss
                0x060114d0                game_powerupreset
 .text          0x06012bd0      0xe60 intro.o
                0x06012bd0                intro_run
 .text          0x06013a30      0x180 laser.o
                0x06013a50                laser_add
                0x06013a90                laser_remove
                0x06013b40                laser_draw
                0x06013a30                laser_init
                0x06013ad0                laser_move
 .text          0x06013bb0      0x710 level.o
                0x06013eb0                level_disp
                0x06013bb0                level_load
 .text          0x060142c0      0x390 logo.o
                0x06014320                logo_run
                0x060142c0                logo_loadframe
 .text          0x06014650      0xbe0 menu.o
                0x06014980                menu_run
                0x06014830                sqrt32
 .text          0x06015230      0x8c0 pcmsys.o
                0x060158f0                load_8bit_pcm
                0x06015650                smpc_issue_command
                0x060156f0                load_drv
                0x06015a80                pcm_parameter_change
                0x06015630                smpc_wait_till_ready
                0x06015670                load_driver_binary
                0x06015a40                pcm_play
                0x06015ab0                pcm_cease
                0x06015740                calculate_bytes_per_blank
                0x06015790                load_16bit_pcm
 .text          0x06015af0      0x230 print.o
                0x06015c80                print_display
                0x06015bd0                print_num
                0x06015af0                print_load
                0x06015ba0                print_init
                0x06015c20                print_string
 .text          0x06015d20      0x580 scroll.o
                0x06015d20                scroll_lores
                0x06016160                scroll_move
                0x060161b0                scroll_clearmaps
                0x06016110                scroll_set
                0x06016200                scroll_charsize
                0x06016250                scroll_mapsize
                0x06015d90                scroll_hires
                0x06015ee0                scroll_init
                0x06015e00                scroll_scale
 .text          0x060162a0      0x270 soon.o
                0x06016390                soon_clearcol
                0x06016360                soon_loadcol
                0x060162a0                soon_init
                0x060163c0                soon_run
 .text          0x06016510      0x1a0 sound.o
                0x06016690                sound_play
                0x06016540                sound_init
                0x06016630                sound_cdda
 .text          0x060166b0      0x5f0 sprite.o
                0x060166e0                sprite_init
                0x06016ad0                sprite_make
                0x06016c10                sprite_next
                0x06016790                sprite_erase
                0x06016c70                sprite_delete
                0x06016b20                sprite_draw_all
                0x060166b0                sprite_deleteall
                0x060167f0                sprite_startdraw
                0x06016870                sprite_draw
 .text          0x06016ca0      0x250 main.o
                0x06016ca0                main
 .text          0x06016ef0       0x40 c:/saturn/sbl6/segalib/lib/sega_int.a(int.o)
                0x06016f1c                INT_GetScuFunc
                0x06016ef0                INT_SetScuFunc
 .text          0x06016f30      0x624 c:/saturn/sbl6/segalib/lib/sega_int.a(int_trmp.o)
                0x06017098                __interrupt_handler60
                0x06017248                __interrupt_handler132
                0x060173fe                __interrupt_handler205
                0x06017266                __interrupt_handler137
                0x06017194                __interrupt_handler102
                0x06016fd2                __interrupt_handler27
                0x060173d4                __interrupt_handler198
                0x060172c6                __interrupt_handler153
                0x06016fae                __interrupt_handler21
                0x060170bc                __interrupt_handler66
                0x060171ac                __interrupt_handler106
                0x060172f6                __interrupt_handler161
                0x06017140                __interrupt_handler88
                0x0601730e                __interrupt_handler165
                0x0601721e                __interrupt_handler125
                0x06016f54                __interrupt_handler6
                0x06016ff0                __interrupt_handler32
                0x060173aa                __interrupt_handler191
                0x060174c4                __interrupt_handler238
                0x060174dc                __interrupt_handler242
                0x060172e4                __interrupt_handler158
                0x0601714c                __interrupt_handler90
                0x06017308                __interrupt_handler164
                0x0601702c                __interrupt_handler42
                0x0601736e                __interrupt_handler181
                0x06017476                __interrupt_handler225
                0x0601751e                __interrupt_handler253
                0x06017332                __interrupt_handler171
                0x060170ec                __interrupt_handler74
                0x06016f42                __interrupt_handler3
                0x06017086                __interrupt_handler57
                0x06016f84                __interrupt_handler14
                0x0601741c                __interrupt_handler210
                0x0601744c                __interrupt_handler218
                0x06017410                __interrupt_handler208
                0x06017014                __interrupt_handler38
                0x06016f30                __interrupt_handler0
                0x060171a0                __interrupt_handler104
                0x060172de                __interrupt_handler157
                0x0601742e                __interrupt_handler213
                0x06017320                __interrupt_handler168
                0x0601712e                __interrupt_handler85
                0x060171ca                __interrupt_handler111
                0x060171dc                __interrupt_handler114
                0x0601704a                __interrupt_handler47
                0x060174a0                __interrupt_handler232
                0x0601746a                __interrupt_handler223
                0x060174be                __interrupt_handler237
                0x060170aa                __interrupt_handler63
                0x06017038                __interrupt_handler44
                0x0601734a                __interrupt_handler175
                0x06017374                __interrupt_handler182
                0x0601738c                __interrupt_handler186
                0x0601728a                __interrupt_handler143
                0x060171b2                __interrupt_handler107
                0x06017218                __interrupt_handler124
                0x06017338                __interrupt_handler172
                0x060174ee                __interrupt_handler245
                0x0601716a                __interrupt_handler95
                0x06017242                __interrupt_handler131
                0x06017254                __interrupt_handler134
                0x06017272                __interrupt_handler139
                0x060170e0                __interrupt_handler72
                0x0601749a                __interrupt_handler231
                0x060172f0                __interrupt_handler160
                0x06017236                __interrupt_handler129
                0x06016fa8                __interrupt_handler20
                0x060170b6                __interrupt_handler65
                0x06017080                __interrupt_handler56
                0x06016f7e                __interrupt_handler13
                0x06017416                __interrupt_handler209
                0x060171d0                __interrupt_handler112
                0x06016fa2                __interrupt_handler19
                0x0601715e                __interrupt_handler93
                0x060173c8                __interrupt_handler196
                0x060172ba                __interrupt_handler151
                0x0601731a                __interrupt_handler167
                0x06017530                __trampoline
                0x06016f96                __interrupt_handler17
                0x06017488                __interrupt_handler228
                0x0601752a                __interrupt_handler255
                0x060174e8                __interrupt_handler244
                0x06017182                __interrupt_handler99
                0x0601737a                __interrupt_handler183
                0x06017278                __interrupt_handler140
                0x0601739e                __interrupt_handler189
                0x0601729c                __interrupt_handler146
                0x06017464                __interrupt_handler222
                0x060172d8                __interrupt_handler156
                0x0601720c                __interrupt_handler122
                0x06017500                __interrupt_handler248
                0x06017050                __interrupt_handler48
                0x060170ce                __interrupt_handler69
                0x06016fc0                __interrupt_handler24
                0x06017146                __interrupt_handler89
                0x0601743a                __interrupt_handler215
                0x06017524                __interrupt_handler254
                0x0601713a                __interrupt_handler87
                0x0601709e                __interrupt_handler61
                0x060173c2                __interrupt_handler195
                0x060172b4                __interrupt_handler150
                0x06017026                __interrupt_handler41
                0x060171c4                __interrupt_handler110
                0x0601722a                __interrupt_handler127
                0x060171b8                __interrupt_handler108
                0x060171d6                __interrupt_handler113
                0x060171e8                __interrupt_handler116
                0x06017206                __interrupt_handler121
                0x060170fe                __interrupt_handler77
                0x0601701a                __interrupt_handler39
                0x06017032                __interrupt_handler43
                0x06017506                __interrupt_handler249
                0x06017344                __interrupt_handler174
                0x06017260                __interrupt_handler136
                0x06017398                __interrupt_handler188
                0x06017296                __interrupt_handler145
                0x06016f66                __interrupt_handler9
                0x0601710a                __interrupt_handler79
                0x06017482                __interrupt_handler227
                0x06016ffc                __interrupt_handler34
                0x0601723c                __interrupt_handler130
                0x060174fa                __interrupt_handler247
                0x060170f2                __interrupt_handler75
                0x0601733e                __interrupt_handler173
                0x0601706e                __interrupt_handler53
                0x060172ae                __interrupt_handler149
                0x06017512                __interrupt_handler251
                0x060174a6                __interrupt_handler233
                0x06016f6c                __interrupt_handler10
                0x060173f8                __interrupt_handler204
                0x0601711c                __interrupt_handler82
                0x06017122                __interrupt_handler83
                0x06016fc6                __interrupt_handler25
                0x060174e2                __interrupt_handler243
                0x060172fc                __interrupt_handler162
                0x06017044                __interrupt_handler46
                0x0601735c                __interrupt_handler178
                0x06017110                __interrupt_handler80
                0x060170a4                __interrupt_handler62
                0x06016f3c                __interrupt_handler2
                0x06016fde                __interrupt_handler29
                0x060170d4                __interrupt_handler70
                0x060171be                __interrupt_handler109
                0x060172a8                __interrupt_handler148
                0x06017164                __interrupt_handler94
                0x06017470                __interrupt_handler224
                0x0601719a                __interrupt_handler103
                0x06017008                __interrupt_handler36
                0x06017224                __interrupt_handler126
                0x060174f4                __interrupt_handler246
                0x0601707a                __interrupt_handler55
                0x06016f78                __interrupt_handler12
                0x06017068                __interrupt_handler52
                0x06017392                __interrupt_handler187
                0x06017290                __interrupt_handler144
                0x060171ee                __interrupt_handler117
                0x06016f9c                __interrupt_handler18
                0x060173ce                __interrupt_handler197
                0x060172c0                __interrupt_handler152
                0x060171f4                __interrupt_handler118
                0x0601732c                __interrupt_handler170
                0x060173e6                __interrupt_handler201
                0x06017176                __interrupt_handler97
                0x06017302                __interrupt_handler163
                0x06017368                __interrupt_handler180
                0x060173b0                __interrupt_handler192
                0x060174d0                __interrupt_handler240
                0x06017212                __interrupt_handler123
                0x06017434                __interrupt_handler214
                0x06016fea                __interrupt_handler31
                0x06016fd8                __interrupt_handler28
                0x060170c2                __interrupt_handler67
                0x060170c8                __interrupt_handler68
                0x06016fb4                __interrupt_handler22
                0x06016fba                __interrupt_handler23
                0x06017350                __interrupt_handler176
                0x06016f5a                __interrupt_handler7
                0x0601745e                __interrupt_handler221
                0x06017446                __interrupt_handler217
                0x0601748e                __interrupt_handler229
                0x06017056                __interrupt_handler49
                0x06016f48                __interrupt_handler4
                0x06017020                __interrupt_handler40
                0x060171e2                __interrupt_handler115
                0x060174b2                __interrupt_handler235
                0x06017152                __interrupt_handler91
                0x06017404                __interrupt_handler206
                0x06017356                __interrupt_handler177
                0x060172a2                __interrupt_handler147
                0x0601700e                __interrupt_handler37
                0x0601750c                __interrupt_handler250
                0x06016f36                __interrupt_handler1
                0x06017452                __interrupt_handler219
                0x060170f8                __interrupt_handler76
                0x06017188                __interrupt_handler100
                0x0601708c                __interrupt_handler58
                0x06016f8a                __interrupt_handler15
                0x06017428                __interrupt_handler212
                0x060174d6                __interrupt_handler241
                0x060173ec                __interrupt_handler202
                0x060173b6                __interrupt_handler193
                0x06017104                __interrupt_handler78
                0x0601705c                __interrupt_handler50
                0x06016ff6                __interrupt_handler33
                0x06017314                __interrupt_handler166
                0x0601726c                __interrupt_handler138
                0x0601725a                __interrupt_handler135
                0x06016fe4                __interrupt_handler30
                0x06017380                __interrupt_handler184
                0x0601727e                __interrupt_handler141
                0x06017494                __interrupt_handler230
                0x060174b8                __interrupt_handler236
                0x060171fa                __interrupt_handler119
                0x06017134                __interrupt_handler86
                0x060171a6                __interrupt_handler105
                0x06017116                __interrupt_handler81
                0x06017200                __interrupt_handler120
                0x06017230                __interrupt_handler128
                0x06017074                __interrupt_handler54
                0x06016f72                __interrupt_handler11
                0x060173da                __interrupt_handler199
                0x060172cc                __interrupt_handler154
                0x0601703e                __interrupt_handler45
                0x06017440                __interrupt_handler216
                0x060173f2                __interrupt_handler203
                0x0601718e                __interrupt_handler101
                0x06017128                __interrupt_handler84
                0x06017386                __interrupt_handler185
                0x06017284                __interrupt_handler142
                0x06016fcc                __interrupt_handler26
                0x060170b0                __interrupt_handler64
                0x060173e0                __interrupt_handler200
                0x0601740a                __interrupt_handler207
                0x060173bc                __interrupt_handler194
                0x06017158                __interrupt_handler92
                0x060172d2                __interrupt_handler155
                0x06017422                __interrupt_handler211
                0x0601724e                __interrupt_handler133
                0x06016f4e                __interrupt_handler5
                0x060170e6                __interrupt_handler73
                0x06016f90                __interrupt_handler16
                0x060174ca                __interrupt_handler239
                0x060174ac                __interrupt_handler234
                0x06017002                __interrupt_handler35
                0x06017092                __interrupt_handler59
                0x06017326                __interrupt_handler169
                0x0601717c                __interrupt_handler98
                0x060170da                __interrupt_handler71
                0x06017062                __interrupt_handler51
                0x060172ea                __interrupt_handler159
                0x0601747c                __interrupt_handler226
                0x06017170                __interrupt_handler96
                0x060173a4                __interrupt_handler190
                0x06017458                __interrupt_handler220
                0x06016f60                __interrupt_handler8
                0x06017362                __interrupt_handler179
                0x06017518                __interrupt_handler252
 *fill*         0x06017554        0xc 00
 .text          0x06017560     0x12a0 c:/saturn/sbl6/segalib/lib/sega_spr.a(spr_2c.o)
                0x060187c0                SlaveFlushDrawPrtyBlock
                0x06017560                SPR_2Initial
                0x06017da4                SPR_2SysClip
                0x06017d44                SPR_2LocalCoord
                0x0601863c                SPR_2FlushDrawPrtyBlock
                0x06018328                SPR_2DistSpr
                0x06017d2c                SPR_2FlushDrawPrty
                0x0601844c                SPR_2Cmd
                0x06017a28                SPR_2GourTblNoToVram
                0x06017a88                SPR_2GetAreaSizeInfo
                0x060177f0                SPR_2SetGourTbl
                0x06017fdc                SPR_2Polygon
                0x06017a64                SPR_2CharNoToVram
                0x06017770                SPR_2SetTvMode
                0x06017bcc                SPR_2CloseCommand
                0x060177ac                SPR_2FrameEraseData
                0x06017588                SPR_2Initial2
                0x060181bc                SPR_2ScaleSpr
                0x06017e4c                SPR_2Line
                0x06017b18                SPR_2OpenCommand
                0x0601778c                SPR_2FrameChgIntr
                0x06018098                SPR_2NormSpr
                0x06017820                SPR_2SetLookupTbl
                0x06017854                SPR_2SetChar
                0x06017a4c                SPR_2LookupTblNoToVram
                0x06017f20                SPR_2PolyLine
                0x060179c0                SPR_2ClrAllChar
                0x06017974                SPR_2ClrChar
                0x06017df0                SPR_2UserClip
 .text          0x06018800      0x1e6 c:/saturn/sbl6/segalib/lib/sega_spr.a(spr_slv.o)
                0x06018964                SPR_WaitEndSlaveSH
                0x06018800                SPR_SMPC_SSHON
                0x06018940                SPR_RunSlaveSH
                0x06018804                SPR_InitSlaveSH
                0x060188cc                SPR_SlaveSHmain
                0x06018801                SPR_SMPC_SSHOFF
 *fill*         0x060189e6        0xa 00
 .text          0x060189f0      0x36a c:/saturn/sbl6/segalib/lib/sega_spr.a(spr_1c.o)
                0x06018ca4                SPR_WaitDrawEnd
                0x06018cbc                SPR_SetEosMode
                0x06018bd4                SPR_SetEraseData
                0x060189f0                SPR_Initial
                0x06018ac8                SPR_SetTvMode
                0x06018b60                SPR_GetStatus
 *fill*         0x06018d5a        0x6 00
 .text          0x06018d60      0x244 c:/saturn/sbl6/segalib/lib/sega_spr.a(spr_2a.o)
                0x06018d72                sprMemCpyW
                0x06018dd0                flushDrawPrtyBlock
                0x06018d60                sprMemCpyL
                0x06018d84                SPR_2SetDrawPrty
 *fill*         0x06018fa4        0xc 00
 .text          0x06018fb0      0x2fc c:/saturn/sbl6/segalib/lib/sega_scl.a(scl_vblv.o)
                0x0601906c                SCL_DisplayFrame
                0x06018fb0                SCL_SetFrameInterval
                0x060190a0                SCL_VblInit
                0x060190f0                SCL_VblankStart
                0x06019134                SCL_VblankEnd
 *fill*         0x060192ac        0x4 00
 .text          0x060192b0      0x1f4 c:/saturn/sbl6/segalib/lib/sega_scl.a(scl_pr12.o)
                0x060192b0                SCL_SetColOffset
 *fill*         0x060194a4        0xc 00
 .text          0x060194b0      0x214 c:/saturn/sbl6/segalib/lib/sega_scl.a(scl_pr07.o)
                0x060194b0                SCL_SetPriority
 *fill*         0x060196c4        0xc 00
 .text          0x060196d0       0x9c c:/saturn/sbl6/segalib/lib/sega_scl.a(scl_pr02.o)
                0x060196d0                SCL_SetColRam
 *fill*         0x0601976c        0x4 00
 .text          0x06019770      0x180 c:/saturn/sbl6/segalib/lib/sega_scl.a(scl_pr11.o)
                0x06019770                SCL_SetAutoColOffset
 .text          0x060198f0     0x10a4 c:/saturn/sbl6/segalib/lib/sega_scl.a(scl_pri.o)
                0x06019984                SCL_AbortAutoVe
                0x0601a834                SCL_SetShadowBit
                0x06019dfc                SCL_AutoExec
                0x060198f0                SCL_PriorityInit
                0x0601a310                SCL_IncColOffset
                0x06019998                SCL_SetColMixRate
                0x06019968                SCL_GetColRamMode
 *fill*         0x0601a994        0xc 00
 .text          0x0601a9a0       0x98 c:/saturn/sbl6/segalib/lib/sega_scl.a(scl_pr10.o)
                0x0601a9a0                SCL_SetAutoColMix
 *fill*         0x0601aa38        0x8 00
 .text          0x0601aa40      0x278 c:/saturn/sbl6/segalib/lib/sega_scl.a(scl_fu05.o)
                0x0601aafc                SCL_SetLineParam
                0x0601aa48                SCL_InitLineParamTb
 *fill*         0x0601acb8        0x8 00
 .text          0x0601acc0      0xb9c c:/saturn/sbl6/segalib/lib/sega_scl.a(scl_func.o)
                0x0601b69c                SCL_Vdp2_SGLInit
                0x0601b5ac                SCL_PriIntProc
                0x0601b524                SCL_Memcpyw
                0x0601b83c                SCL_SglOff
                0x0601b81c                SCL_SglOn
                0x0601b490                SCL_ScrollShow
                0x0601af38                SCL_Close
                0x0601b230                SCL_Scale
                0x0601acc0                SCL_Vdp2Init
                0x0601b0a4                SCL_Move
                0x0601b36c                SCL_CopyReg
                0x0601af14                SCL_Open
                0x0601ad44                SCL_ParametersInit
                0x0601af54                SCL_MoveTo
                0x0601b54c                SCL_SetColRamMode
 *fill*         0x0601b85c        0x4 00
 .text          0x0601b860       0x58 c:/saturn/sbl6/segalib/lib/sega_scl.a(scl_pr01.o)
                0x0601b860                SCL_SetSpriteMode
 *fill*         0x0601b8b8        0x8 00
 .text          0x0601b8c0      0x1ec c:/saturn/sbl6/segalib/lib/sega_scl.a(scl_fu01.o)
                0x0601b8c0                SCL_SetDisplayMode
 *fill*         0x0601baac        0x4 00
 .text          0x0601bab0       0x28 c:/saturn/sbl6/segalib/lib/sega_scl.a(scl_fu04.o)
                0x0601bab0                SCL_SetCycleTable
 *fill*         0x0601bad8        0x8 00
 .text          0x0601bae0      0x138 c:/saturn/sbl6/segalib/lib/sega_scl.a(scl_pr03.o)
                0x0601bae0                SCL_FreeColRam
                0x0601bb18                SCL_AllocColRam
 *fill*         0x0601bc18        0x8 00
 .text          0x0601bc20       0x84 c:/saturn/sbl6/segalib/lib/sega_scl.a(scl_back.o)
                0x0601bc20                SCL_SetBack
 *fill*         0x0601bca4        0xc 00
 .text          0x0601bcb0      0x94c c:/saturn/sbl6/segalib/lib/sega_scl.a(scl_fu03.o)
                0x0601bd0c                SCL_SetConfig
                0x0601bcb0                SCL_InitConfigTb
 *fill*         0x0601c5fc        0x4 00
 .text          0x0601c600      0x4f4 c:/saturn/sbl6/segalib/lib/sega_scl.a(scl_fu02.o)
                0x0601c638                SCL_SetVramConfig
                0x0601c600                SCL_InitVramConfigTb
 *fill*         0x0601caf4        0xc 00
 .text          0x0601cb00       0x40 c:/saturn/sbl6/segalib/lib/sega_scl.a(scl_pr09.o)
                0x0601cb00                SCL_SetColMixMode
 .text          0x0601cb40       0xac c:/saturn/sbl6/segalib/lib/sega_scl.a(scl_pr05.o)
                0x0601cb40                SCL_GetColRamOffset
 *fill*         0x0601cbec        0x4 00
 .text          0x0601cbf0     0x1394 c:/saturn/sbl6/segalib/lib/sega_scl.a(scl_ro00.o)
                0x0601dddc                SCL_RotateZD
                0x0601d0a4                SCL_Rotate
                0x0601cd78                SCL_InitRotateTable
 *fill*         0x0601df84        0xc 00
 .text          0x0601df90      0x1b4 c:/saturn/sbl6/segalib/lib/sega_scl.a(scl_pr06.o)
                0x0601df90                SCL_SetColRamOffset
 *fill*         0x0601e144        0xc 00
 .text          0x0601e150      0x600 c:/saturn/sbl6/segalib/lib/sega_mth.a(mth_tri.o)
                0x0601e1ec                fcos
                0x0601e1f2                fsin
                0x0601e19c                MTH_Cos
                0x0601e150                MTH_Sin
                0x0601e390                MTH_Atan
 .text          0x0601e750       0xa4 c:/saturn/sbl6/segalib/lib/sega_mth.a(mth_fixd.o)
                0x0601e7a0                MTH_FixedToInt
                0x0601e790                MTH_IntToFixed
                0x0601e750                MTH_Mul
                0x0601e7b0                MTH_Product
                0x0601e770                MTH_Div
 *fill*         0x0601e7f4        0xc 00
 .text          0x0601e800       0x30 c:/saturn/sbl6/segalib/lib/sega_mth.a(mth_rand.o)
                0x0601e810                MTH_GetRand
                0x0601e800                MTH_InitialRand
 .text          0x0601e830      0x130 c:/saturn/sbl6/segalib/lib/sega_cdc.a(cdc_drv.o)
                0x0601e830                CDC_CdPlay
                0x0601e8fc                CDC_CdSeek
                0x0601e930                CDC_CdScan
 .text          0x0601e960      0x3a0 c:/saturn/sbl6/segalib/lib/sega_cdc.a(cdc_cmn.o)
                0x0601eb04                CDC_TgetToc
                0x0601eca8                CDC_DataEnd
                0x0601e9c8                CDC_GetPeriStat
                0x0601ec3c                CDC_DataReady
                0x0601ec14                CDC_CdOpen
                0x0601eb90                CDC_CdInit
                0x0601eb54                CDC_GetSes
                0x0601e9b0                CDC_GetLastStat
                0x0601e960                CDC_GetCurStat
                0x0601ea9c                CDC_GetHwInfo
 .text          0x0601ed00      0x152 c:/saturn/sbl6/segalib/lib/sega_cdc.a(cdc_sub.o)
                0x0601eda8                CDSUB_GetCdstat
                0x0601ed18                CDSUB_UpdCdstat
                0x0601ede8                CDSUB_RspToCdstat
                0x0601ee30                CDSUB_SoftTimer
                0x0601ed00                CDSUB_UpdStatus
                0x0601ed38                CDSUB_CdCmd
 *fill*         0x0601ee52        0xe 00
 .text          0x0601ee60      0x2dc c:/saturn/sbl6/segalib/lib/sega_cdc.a(cdc_reg.o)
                0x0601eeb4                CDREG_ClrHirqReq
                0x0601ee84                CDC_ClrHirqReq
                0x0601ef34                CDREG_TgetData
                0x0601ef24                CDC_GetMpegPtr
                0x0601ef00                CDC_GetHirqMsk
                0x0601ee60                CDC_GetDataPtr
                0x0601ee70                CDC_GetHirqReq
                0x0601f090                CDREG_WaitHirq
                0x0601ef14                CDC_SetHirqMsk
                0x0601ef90                CDREG_CmdRsp
                0x0601eec4                CDREG_InitHirqReq
                0x0601eeec                CDREG_SetHirqFlag
                0x0601f100                CDREG_ReadRsp
 *fill*         0x0601f13c        0x4 00
 .text          0x0601f140      0xf50 c:/saturn/sbl6/segalib/lib/sega_per.a(per_prt.o)
                0x0601f560                PER_IntFunc
                0x0601f358                PER_LGetPer
                0x0601f140                PER_LInit
 .text          0x06020090     0x1b04 c:/saturn/sbl6/segalib/lib/sega_sat.a(gfs.o)
                0x06020090                gfs_version
                0x06021304                gfs_mngGetNumFile
                0x06021a84                gfs_closeSub
                0x06020e20                GFS_SetGmode
                0x060210dc                GFS_SetErrFunc
                0x0602122c                gfs_mngSetupFuncTbl
                0x060203e8                GFS_Reset
                0x06021154                gfs_chgRoot
                0x06021220                gfs_aborttrans
                0x06021504                gfs_svrAddHndl
                0x060213b4                gfs_mngFreeGrp
                0x0602112c                GFS_ConvTno
                0x060216b8                gfs_getRootDir
                0x06021108                GFS_GetErrStat
                0x06020558                GFS_Seek
                0x06020bc4                GFS_NwStop
                0x060213c0                gfs_mngTermAccess
                0x0602046c                GFS_Open
                0x0602136c                GFS_mngAllocGrp
                0x06021acc                gfs_isTaskDone
                0x060208c4                GFS_Fread
                0x06021024                GFS_StartTrans
                0x06021a20                gfs_GetFinfo
                0x06021260                gfs_mngInitWork
                0x060206b0                GFS_ByteToSct
                0x060214c4                gfs_svrSearchHndl
                0x060217b4                gfs_loadRootDir
                0x0602030c                GFS_IdToName
                0x06020a08                GFS_NwFread
                0x06020f54                GFS_SetTransPara
                0x06020b14                GFS_NwCdRead
                0x060215f4                gfs_loadVol
                0x06020ef0                GFS_SetReadPara
                0x0602060c                GFS_Tell
                0x06020e84                GFS_SetTmode
                0x06021988                GFS_GetFad
                0x06020fc0                GFS_SetTrFunc
                0x06021070                GFS_CdMovePickup
                0x060202a8                GFS_NameToId
                0x06020cdc                GFS_NwExecOne
                0x0602183c                gfs_flowIn
                0x06020764                GFS_GetFileInfo
                0x060218e4                gfs_transData
                0x06021540                gfs_svrRemoveHndl
                0x06020b8c                GFS_NwIsComplete
                0x06021ac0                gfs_getGmode
                0x06020c30                GFS_NwGetStat
                0x0602159c                GFS_OpenSub
                0x06020240                GFS_SetDir
                0x0602070c                GFS_GetFileSize
                0x060207d8                GFS_GetNumCdbuf
                0x06021b20                gfs_convFinStat
                0x06020800                GFS_Load
                0x06020960                gfs_waitRead
                0x06020198                GFS_LoadDir
                0x06020378                GFS_GetDirInfo
                0x06020520                GFS_Close
                0x060200b0                GFS_Init
                0x06020cac                gfs_recovRdErr
                0x06021444                gfs_mngSetErrCode
                0x06020d9c                GFS_NwExecServer
                0x0602065c                GFS_IsEof
                0x060219e0                gfs_SetSct
 *fill*         0x06021b94        0xc 00
 .text          0x06021ba0       0x90 c:/saturn/sbl6/segalib/lib/sega_sat.a(DMA_CPU1.o)
                0x06021ba0                DMA_CpuMemCopy1
 .text          0x06021c30       0x94 c:/saturn/sbl6/segalib/lib/sega_sat.a(DMA_CPU2.o)
                0x06021c30                DMA_CpuMemCopy2
 *fill*         0x06021cc4        0xc 00
 .text          0x06021cd0      0x1f4 c:/saturn/sbl6/segalib/lib/sega_sat.a(DMA_SCU1.o)
                0x06021e2c                DMA_ScuResult
                0x06021cd0                DMA_ScuInit
                0x06021d20                DMA_ScuMemCopy
 *fill*         0x06021ec4        0xc 00
 .text          0x06021ed0      0x8d4 c:/saturn/sbl6/segalib/lib/sega_sat.a(gfs_cdf.o)
                0x060223c4                GFCF_Seek
                0x060224cc                GFCF_GetStat
                0x060223ac                GFCF_Tell
                0x06021f70                GFCF_Setup
                0x06022478                GFCF_cnvIntlvOfs
                0x06021ed0                GFCF_Init
                0x06022364                GFCF_Recover
                0x060220b8                GFCF_SetSct
                0x060223dc                GFCF_MovePickup
                0x060225a0                gfcf_isCdOk
                0x06022170                GFCF_FlowInBuf
                0x060220fc                GFCF_GetFileInfo
                0x060222c4                GFCF_StopInBuf
                0x06022564                gfcf_getSctSize
                0x06022660                gfcf_getPlayRange
 *fill*         0x060227a4        0xc 00
 .text          0x060227b0      0x928 c:/saturn/sbl6/segalib/lib/sega_sat.a(gfs_dir.o)
                0x06022ca0                gfdr_setNextRec
                0x0602309c                gfdr_setDirrecCd
                0x06022a98                gfdr_open
                0x060228ac                GFDR_GetAtrDirId
                0x06022b80                gfdr_readByte
                0x060227b0                GFDR_SetupDirTbl
                0x06022c78                gfdr_readLongNM
                0x06022d24                gfdr_readDirEnt
                0x060228dc                GFDR_ChgRoot
                0x06022824                GFDR_NameToId
                0x06022968                gfdr_setupDirIdTbl
                0x060228c4                GFDR_GetAtrDirName
                0x06022884                GFDR_GetInfoDirId
                0x06022c2c                gfdr_readLongNB
                0x06022ac0                gfdr_read
                0x06022bac                gfdr_readWord
                0x060229ec                gfdr_setupDirNameTbl
                0x06022898                GFDR_GetInfoDirName
                0x060228f4                GFDR_ChgDir
                0x06022bd8                gfdr_readWordNB
 *fill*         0x060230d8        0x8 00
 .text          0x060230e0      0xa46 c:/saturn/sbl6/segalib/lib/sega_sat.a(gfs_trn.o)
                0x060231c0                GFTR_SetTransMax
                0x06023590                gftr_execScu
                0x06023b14                GFTR_SetTransFunc
                0x060239dc                gftr_remTrn
                0x06023b00                GFTR_SetData
                0x06023800                gftr_execSdma1
                0x06023a50                gftr_copyFrac
                0x060231b4                GFTR_GetNumTrans
                0x06023154                GFTR_SetMode
                0x060237d0                gftr_remDma0
                0x06023a78                GFTR_GetLenData
                0x06023584                gftr_reqScu
                0x060237e8                gftr_reqDma1
                0x060234a0                gftr_getSrcPack
                0x06023ad0                GFTR_RtnDstPk
                0x0602366c                gfdma_exec
                0x06023904                gftr_execTrn
                0x06023398                GFTR_ExecSvr
                0x06023894                gftr_reqTrn
                0x0602375c                gfdma_getBytecnt
                0x0602383c                gftr_reqCpu
                0x06023a9c                GFTR_GetDstPack
                0x06023794                gftr_reqDma0
                0x06023320                GFTR_Idle
                0x060231d8                GFTR_Pause
                0x060231a8                GFTR_GetTransPara
                0x06023888                gftr_remCpu
                0x06023174                GFTR_SetTransPara
                0x06023824                gftr_remDma1
                0x060231e4                GFTR_Stop
                0x060237ac                gftr_execSdma0
                0x06023110                GFTR_Setup
                0x0602362c                gftr_remScu
                0x06023528                gftr_getDstPack
                0x06023660                gfdma_canUse
                0x0602329c                GFTR_Exec
                0x06023aec                GFTR_GetData
                0x060231cc                GFTR_Start
                0x06023168                GFTR_SetUnit
                0x06023848                gftr_execCpu
                0x06023a84                GFTR_GetLenRoom
 *fill*         0x06023b26        0xa 00
 .text          0x06023b30      0x106 c:/saturn/sbl6/segalib/lib/sega_sat.a(gfs_buf.o)
                0x06023b88                GFBF_GetNumData
                0x06023c04                GFBF_RtnPk
                0x06023bb8                GFBF_GetSrcPk
                0x06023c2c                gfbf_getSctDt
                0x06023b60                GFBF_GetTranData
                0x06023be0                GFBF_GetSctData
 *fill*         0x06023c36        0xa 00
 .text          0x06023c40      0x600 c:/saturn/sbl6/segalib/lib/sega_sat.a(gfs_cdb.o)
                0x060241e8                GFCB_GetPickup
                0x06023d60                GFCB_Close
                0x0602402c                GFCB_GetSrcPack
                0x060241b4                GFCB_SetCon
                0x06023e34                GFCB_GetLenRoom
                0x06024198                GFCB_MovePickup
                0x0602410c                GFCB_GetSctData
                0x06023e40                GFCB_SetFilt
                0x06023d88                GFCB_GetLenData
                0x06024228                GFCB_UngetPickup
                0x06023c40                GFCB_Setup
                0x06023ed0                GFCB_Tell
                0x06024210                GFCB_IsPuOwner
                0x06023f30                GFCB_Seek
                0x06023ea8                GFCB_DeleteAllData
                0x06024144                GFCB_GetDstPack
                0x06023ee0                gfcb_getSctNum
                0x06024150                GFCB_RtnPk
 .text          0x06024240     0x1a04 c:/saturn/sbl6/segalib/lib/sega_sat.a(gfs_cdc.o)
                0x060244dc                GFCD_AllocBuf
                0x060252b8                gfcd_doGetLenDataTsk
                0x06025b54                GFCD_SetCsctFunc
                0x060245b4                GFCD_GetBaseFad
                0x06024730                GFCD_GetFilt
                0x06025744                gfcd_doChgDirTsk
                0x06025a84                gfcd_checkEflag
                0x06024a78                GFCD_MovePickup
                0x06024b5c                GFCD_GetSctInfo
                0x0602540c                gfcd_doReqDataTsk
                0x06024ba4                GFCD_ChgDir
                0x06024898                GFCD_ReqData
                0x06025b70                GFCD_ChkScdqFlag
                0x06025028                GFCD_WaitServer
                0x0602493c                GFCD_DelSctData
                0x06024e14                GFCD_ExecServer
                0x06025228                gfcd_doSetConTsk
                0x06024470                GFCD_AllocFilt
                0x0602466c                GFCD_SetFilt
                0x06025064                gfcd_doSetFiltTsk
                0x06025b94                GFCD_ClrScdqFlag
                0x060254ac                gfcd_doDelSctDataTsk
                0x06024f70                gfcd_doTask
                0x060245e8                GFCD_GetPickup
                0x06024b38                GFCD_CheckMove
                0x06025bb0                GFCD_WaitScdqFlag
                0x060247d0                GFCD_Play
                0x060255e0                gfcd_doMoveSctTsk
                0x06024778                GFCD_SetCon
                0x06024c18                GFCD_SetFiltCon
                0x06025bf4                GFCD_WaitPause
                0x06024ddc                GFCD_GetBufSiz
                0x0602461c                GFCD_UngetPickup
                0x06024d00                GFCD_GetFileInfo
                0x060248f4                GFCD_EndData
                0x06024510                GFCD_FreeBuf
                0x06024830                GFCD_GetLenData
                0x060244ac                GFCD_FreeFilt
                0x06024ee8                gfcd_isIdleTask
                0x0602426c                GFCD_Init
                0x06025940                gfcd_doSetFiltConTsk
                0x060249c4                GFCD_GetStat
                0x06024ac4                GFCD_MoveSctData
                0x06024648                GFCD_IsPuOwner
                0x06025aa8                gfcd_initCdbMng
                0x06024240                GFCD_SetCdbfs
                0x06025014                GFCD_SetTimer
                0x06025b28                gfcd_setStat
                0x06024994                GFCD_CheckDelSctData
 *fill*         0x06025c44        0xc 00
 .text          0x06025c50      0x1b6 c:/saturn/sbl6/segalib/lib/sega_sat.a(DMA_CPU0.o)
                0x06025c98                DMA_CpuSetPrm
                0x06025d9c                DMA_CpuStart
                0x06025df4                DMA_CpuGetStatus
                0x06025dc8                DMA_CpuAllStop
                0x06025ddc                DMA_CpuGetComStatus
                0x06025c50                DMA_CpuSetComPrm
                0x06025db0                DMA_CpuStop
 *fill*         0x06025e06        0xa 00
 .text          0x06025e10       0x50 c:/saturn/sbl6/segalib/lib/sega_sat.a(DMA_CPU5.o)
                0x06025e10                DMA_CpuResult
 .text          0x06025e60      0x308 c:/saturn/sbl6/segalib/lib/sega_sat.a(DMA_SCU0.o)
                0x06025ee4                DMA_ScuStart
                0x06026018                DMA_ScuIntFunc0
                0x06026088                DMA_ScuIntFunc1
                0x060260f8                DMA_ScuIntFunc2
                0x06025fd8                DMA_ScuGetStatus
                0x06025e60                DMA_ScuSetPrm
 *fill*         0x06026168        0x8 00
 .text          0x06026170       0xe8 c:/saturn/sbl6/segalib/lib/sega_sat.a(csh_main.o)
                0x06026170                CSH_Init
                0x060261d8                CSH_AllClr
                0x06026224                CSH_Purge
 *fill*         0x06026258        0x8 00
 .text          0x06026260      0x194 c:/saturn/sbl6/segalib/lib/sega_sat.a(cdc_cfs.o)
                0x06026260                CDC_ChgDir
                0x06026294                CDC_ReadDir
                0x060263b8                CDC_AbortFile
                0x060262c8                CDC_GetFileScope
                0x06026328                CDC_TgetFileInfo
                0x06026384                CDC_ReadFile
 *fill*         0x060263f4        0xc 00
 .text          0x06026400      0x1e4 c:/saturn/sbl6/segalib/lib/sega_sat.a(cdc_bio.o)
                0x060264ac                CDC_GetdelSctData
                0x06026434                CDC_GetSctData
                0x060264e8                CDC_PutSctData
                0x06026564                CDC_MoveSctData
                0x060265a8                CDC_GetCopyErr
                0x06026470                CDC_DelSctData
                0x06026400                CDC_SetSctLen
                0x06026520                CDC_CopySctData
 *fill*         0x060265e4        0xc 00
 .text          0x060265f0      0x2b8 c:/saturn/sbl6/segalib/lib/sega_sat.a(cdc_sel.o)
                0x06026820                CDC_GetFiltCon
                0x0602679c                CDC_GetFiltMode
                0x06026874                CDC_ResetSelector
                0x060265f0                CDC_SetFiltRange
                0x0602667c                CDC_SetFiltSubh
                0x060266ec                CDC_GetFiltSubh
                0x06026624                CDC_GetFiltRange
                0x06026768                CDC_SetFiltMode
                0x060267e0                CDC_SetFiltCon
 *fill*         0x060268a8        0x8 00
 .text          0x060268b0      0x270 c:/saturn/sbl6/segalib/lib/sega_sat.a(cdc_bif.o)
                0x0602690c                CDC_GetSctNum
                0x06026a8c                CDC_ExeFadSearch
                0x06026a0c                CDC_GetSctInfo
                0x06026950                CDC_CalActSiz
                0x060268b0                CDC_GetBufSiz
                0x0602698c                CDC_GetActSiz
                0x06026ac4                CDC_GetFadSearch
 .text          0x06026b20       0xa8 c:/saturn/sbl6/segalib/lib/sega_sat.a(cdc_dev.o)
                0x06026b8c                CDC_CdGetLastBuf
                0x06026b20                CDC_CdSetCon
                0x06026b50                CDC_CdGetCon
 *fill*         0x06026bc8        0x8 00
 .text          0x06026bd0       0x60 c:/saturn/SH_COFF/sh-coff/bin/../lib/gcc/sh-coff/3.4-GNUSH_v0501\libgcc.a(_ashiftrt.o)
                0x06026bdc                __ashiftrt_r4_27
                0x06026c10                __ashiftrt_r4_6
                0x06026c00                __ashiftrt_r4_14
                0x06026bf2                __ashiftrt_r4_19
                0x06026c0a                __ashiftrt_r4_9
                0x06026c1e                __ashiftrt_r4_0
                0x06026bd0                __ashiftrt_r4_31
                0x06026bde                __ashiftrt_r4_26
                0x06026bec                __ashiftrt_r4_22
                0x06026bf8                __ashiftrt_r4_16
                0x06026c04                __ashiftrt_r4_12
                0x06026bd8                __ashiftrt_r4_29
                0x06026bf6                __ashiftrt_r4_17
                0x06026bd6                __ashiftrt_r4_30
                0x06026c12                __ashiftrt_r4_5
                0x06026c0c                __ashiftrt_r4_8
                0x06026bd0                __ashiftrt_r4_32
                0x06026be0                __ashiftrt_r4_25
                0x06026c18                __ashiftrt_r4_2
                0x06026be2                __ashiftrt_r4_24
                0x06026bfe                __ashiftrt_r4_15
                0x06026c08                __ashiftrt_r4_10
                0x06026c1a                __ashiftrt_r4_1
                0x06026bda                __ashiftrt_r4_28
                0x06026bf0                __ashiftrt_r4_20
                0x06026c0e                __ashiftrt_r4_7
                0x06026c02                __ashiftrt_r4_13
                0x06026c06                __ashiftrt_r4_11
                0x06026c14                __ashiftrt_r4_4
                0x06026bea                __ashiftrt_r4_23
                0x06026bf4                __ashiftrt_r4_18
                0x06026bee                __ashiftrt_r4_21
                0x06026c16                __ashiftrt_r4_3
 .text          0x06026c30       0xb0 c:/saturn/SH_COFF/sh-coff/bin/../lib/gcc/sh-coff/3.4-GNUSH_v0501\libgcc.a(_si_to_df.o)
                0x06026c30                __floatsidf
 .text          0x06026ce0      0x2e0 c:/saturn/SH_COFF/sh-coff/bin/../lib/gcc/sh-coff/3.4-GNUSH_v0501\libgcc.a(_mul_df.o)
                0x06026cf0                __muldf3
 .text          0x06026fc0       0x80 c:/saturn/SH_COFF/sh-coff/bin/../lib/gcc/sh-coff/3.4-GNUSH_v0501\libgcc.a(_df_to_si.o)
                0x06026fc0                __fixdfsi
 .text          0x06027040       0x70 c:/saturn/SH_COFF/sh-coff/bin/../lib/gcc/sh-coff/3.4-GNUSH_v0501\libgcc.a(_udivsi3.o)
                0x06027062                __udivsi3
 .text          0x060270b0       0xa0 c:/saturn/SH_COFF/sh-coff/bin/../lib/gcc/sh-coff/3.4-GNUSH_v0501\libgcc.a(_sdivsi3.o)
                0x060270b0                __sdivsi3
 .text          0x06027150       0x90 c:/saturn/SH_COFF/sh-coff/bin/../lib/gcc/sh-coff/3.4-GNUSH_v0501\libgcc.a(_ashiftrt_n.o)
                0x06027150                __ashrsi3
 .text          0x060271e0       0x90 c:/saturn/SH_COFF/sh-coff/bin/../lib/gcc/sh-coff/3.4-GNUSH_v0501\libgcc.a(_ashiftlt.o)
                0x060271e0                __ashlsi3
 .text          0x06027270       0xb0 c:/saturn/SH_COFF/sh-coff/bin/../lib/gcc/sh-coff/3.4-GNUSH_v0501\libgcc.a(_movstr.o)
                0x060272b0                __movstrSI16
                0x06027284                __movstrSI60
                0x06027290                __movstrSI48
                0x0602728c                __movstrSI52
                0x06027280                __movstrSI64
                0x06027294                __movstrSI44
                0x06027298                __movstrSI40
                0x0602729c                __movstrSI36
                0x060272d0                __movstr
                0x06027288                __movstrSI56
                0x060272a4                __movstrSI28
                0x060272a0                __movstrSI32
                0x060272b4                __movstrSI12
                0x060272b8                __movstrSI8
                0x060272c0                __movstrSI0
                0x060272a8                __movstrSI24
                0x060272ac                __movstrSI20
                0x060272bc                __movstrSI4
 .text          0x06027320       0xa0 c:/saturn/SH_COFF/sh-coff/bin/../lib/gcc/sh-coff/3.4-GNUSH_v0501\libgcc.a(__main.o)
                0x06027394                __main
                0x06027320                __do_global_dtors
                0x06027354                __do_global_ctors
 .text          0x060273c0      0x220 c:/saturn/SH_COFF/sh-coff/bin/../lib/gcc/sh-coff/3.4-GNUSH_v0501\libgcc.a(_pack_df.o)
                0x060273d0                __pack_d
 .text          0x060275e0      0x120 c:/saturn/SH_COFF/sh-coff/bin/../lib/gcc/sh-coff/3.4-GNUSH_v0501\libgcc.a(_unpack_df.o)
                0x060275f0                __unpack_d
 .text          0x06027700       0x20 c:/saturn/SH_COFF/sh-coff/bin/../lib/gcc/sh-coff/3.4-GNUSH_v0501\libgcc.a(_thenan_df.o)
                0x06027700                __thenan_df
 .text          0x06027720       0xd0 c:/saturn/SH_COFF/sh-coff/bin/../lib/gcc/sh-coff/3.4-GNUSH_v0501\libgcc.a(_muldi3.o)
                0x06027720                __muldi3
 .text          0x060277f0       0x80 c:/saturn/SH_COFF/sh-coff/bin/../lib/gcc/sh-coff/3.4-GNUSH_v0501\libgcc.a(_lshrdi3.o)
                0x060277f0                __lshrdi3
 .text          0x06027870       0x80 c:/saturn/SH_COFF/sh-coff/bin/../lib/gcc/sh-coff/3.4-GNUSH_v0501\libgcc.a(_ashldi3.o)
                0x06027870                __ashldi3
 .text          0x060278f0       0x30 c:/saturn/SH_COFF/sh-coff/bin/../lib/gcc/sh-coff/3.4-GNUSH_v0501\libgcc.a(_mulsi3.o)
                0x060278f0                __mulsi3
 .text          0x06027920       0x90 c:/saturn/SH_COFF/sh-coff/bin/../lib/gcc/sh-coff/3.4-GNUSH_v0501\libgcc.a(_lshiftrt.o)
                0x06027920                __lshrsi3
 .text          0x060279b0       0x40 c:/saturn/SH_COFF/sh-coff/bin/../lib/gcc/sh-coff/3.4-GNUSH_v0501/../../../../sh-coff/lib\libc.a(memset.o)
                0x060279b0                memset
 .text          0x060279f0       0x60 c:/saturn/SH_COFF/sh-coff/bin/../lib/gcc/sh-coff/3.4-GNUSH_v0501/../../../../sh-coff/lib\libc.a(memcmp.o)
                0x060279f0                memcmp
 .text          0x06027a50       0xa0 c:/saturn/SH_COFF/sh-coff/bin/../lib/gcc/sh-coff/3.4-GNUSH_v0501/../../../../sh-coff/lib\libc.a(memcpy.o)
                0x06027a50                memcpy
 .text          0x06027af0       0xb0 c:/saturn/SH_COFF/sh-coff/bin/../lib/gcc/sh-coff/3.4-GNUSH_v0501/../../../../sh-coff/lib\libc.a(strncmp.o)
                0x06027af0                strncmp
 .text          0x06027ba0       0xa0 c:/saturn/SH_COFF/sh-coff/bin/../lib/gcc/sh-coff/3.4-GNUSH_v0501/../../../../sh-coff/lib\libc.a(strncpy.o)
                0x06027ba0                strncpy
 .text          0x06027c40       0x90 c:/saturn/SH_COFF/sh-coff/bin/../lib/gcc/sh-coff/3.4-GNUSH_v0501/../../../../sh-coff/lib\libc.a(atexit.o)
                0x06027c40                atexit
 .text          0x06027cd0       0x10 c:/saturn/SH_COFF/sh-coff/bin/../lib/gcc/sh-coff/3.4-GNUSH_v0501/../../../../sh-coff/lib\libc.a(impure.o)
                0x06027cd0                _global_impure_ptr
 .text          0x06027ce0       0x40 c:/saturn/SH_COFF/sh-coff/bin/../lib/gcc/sh-coff/3.4-GNUSH_v0501/../../../../sh-coff/lib\libc.a(malloc.o)
                0x06027cfc                free
                0x06027ce0                malloc
 .text          0x06027d20      0x5b0 c:/saturn/SH_COFF/sh-coff/bin/../lib/gcc/sh-coff/3.4-GNUSH_v0501/../../../../sh-coff/lib\libc.a(mallocr.o)
                0x06027d20                _malloc_r
 .text          0x060282d0      0x340 c:/saturn/SH_COFF/sh-coff/bin/../lib/gcc/sh-coff/3.4-GNUSH_v0501/../../../../sh-coff/lib\libc.a(freer.o)
                0x060282d0                _malloc_trim_r
                0x060283c4                _free_r
 .text          0x06028610       0x20 c:/saturn/SH_COFF/sh-coff/bin/../lib/gcc/sh-coff/3.4-GNUSH_v0501/../../../../sh-coff/lib\libc.a(mlock.o)
                0x06028610                __malloc_lock
                0x0602861c                __malloc_unlock
 .text          0x06028630       0x50 c:/saturn/SH_COFF/sh-coff/bin/../lib/gcc/sh-coff/3.4-GNUSH_v0501/../../../../sh-coff/lib\libc.a(sbrkr.o)
                0x06028630                _sbrk_r
 .text          0x06028680      0x380 c:/saturn/SH_COFF/sh-coff/bin/../lib/gcc/sh-coff/3.4-GNUSH_v0501/../../../../sh-coff/lib\libc.a(syscalls.o)
                0x060287ec                _exit
                0x06028820                _getpid
                0x06028888                _utime
                0x060286b8                _write
                0x06028680                _read
                0x060287d4                _unlink
                0x0602879c                _open
                0x06028838                _stat
                0x060287e0                isatty
                0x060288b8                _wait
                0x06028804                _kill
                0x06028854                _chmod
                0x060288e8                _execv
                0x060288cc                _execve
                0x060289c4                __setup_argv_and_call_main
                0x06028920                _gettimeofday
                0x060286ec                _link
                0x0602882c                _raise
                0x060287b8                _creat
                0x06028900                _pipe
                0x0602886c                _chown
                0x0602869c                _lseek
                0x060286d4                _close
                0x06028914                _times
                0x06028788                _fstat
                0x060288a4                _fork
                0x06028714                _sbrk
 .text          0x06028a00       0x20 c:/saturn/SH_COFF/sh-coff/bin/../lib/gcc/sh-coff/3.4-GNUSH_v0501/../../../../sh-coff/lib\libc.a(trap.o)
                0x06028a00                __trap34
 .text          0x06028a20       0x20 c:/saturn/SH_COFF/sh-coff/bin/../lib/gcc/sh-coff/3.4-GNUSH_v0501/../../../../sh-coff/lib\libc.a(abort.o)
                0x06028a20                abort
 .text          0x06028a40      0x270 c:/saturn/SH_COFF/sh-coff/bin/../lib/gcc/sh-coff/3.4-GNUSH_v0501/../../../../sh-coff/lib\libc.a(signal.o)
                0x06028b00                _raise_r
                0x06028c88                __sigtramp
                0x06028c34                raise
                0x06028c70                _init_signal
                0x06028bc0                __sigtramp_r
                0x06028c50                signal
                0x06028a8c                _signal_r
                0x06028a40                _init_signal_r
 .text          0x06028cb0       0x60 c:/saturn/SH_COFF/sh-coff/bin/../lib/gcc/sh-coff/3.4-GNUSH_v0501/../../../../sh-coff/lib\libc.a(signalr.o)
                0x06028cf8                _getpid_r
                0x06028cb0                _kill_r
 *(.strings)

.tors           0x06028d10        0x0
                0x06028d10                ___ctors = .
 *(.ctors)
                0x06028d10                ___ctors_end = .
                0x06028d10                ___dtors = .
 *(.dtors)
                0x06028d10                ___dtors_end = .

.data           0x06028d10     0x4790
                0x06028d10                STARTOF_R = .
 *(.data)
 .data          0x06028d10      0x400 smpclib/per_x1.o
 .data          0x06029110       0xd0 game.o
                0x06029110                powerup_names
 .data          0x060291e0     0x32e0 graphics.o
                0x0602a3a4                cyberblock_name
                0x060292d6                bit_num
                0x0602b88a                girl2_num
                0x06029688                soon_name
                0x0602a3f4                metalorange_name
                0x060294ce                ship_size
                0x0602a402                metalorange_num
                0x060296e4                chipgame_pal
                0x0602b47e                girl3_num
                0x06029604                game_name
                0x06029f04                menufont_pal
                0x0602932a                capsule_num
                0x06029f52                menufont_num
                0x06029424                beffect_size
                0x06029692                soon_num
                0x0602bc96                girl1_num
                0x0602a3b4                metalorange_pal
                0x0602bc98                roarframes_pal
                0x060296d4                gamestar_name
                0x0602937c                blocks2_size
                0x060291e0                barrier_pal
                0x06029634                starnear_name
                0x060295dc                gamefar_height
                0x060294d0                ship_num
                0x0602c0a8                roarbg_pal
                0x06029420                beffect_height
                0x0602c4a8                roarbg_name
                0x06029428                explosion_pal
                0x06029694                gamestar_pal
                0x06029600                gamenear_width
                0x06029468                explosion_name
                0x060293d2                blocks1_num
                0x06029326                capsule_width
                0x06029324                capsule_height
                0x06029230                barrier_size
                0x06029526                starspr_num
                0x0602922e                barrier_width
                0x0602bc8c                girl1_name
                0x06029af4                game_tiles_pal
                0x0602937e                blocks2_num
                0x0602a404                title_pal
                0x060293c0                blocks1_name
                0x06029572                font_height
                0x0602c098                roarframes_name
                0x0602b474                girl3_name
                0x060295de                gamefar_width
                0x0602b88c                girl1_pal
                0x06029f44                menufont_name
                0x06029648                soon_pal
                0x0602a362                chipframes_num
                0x0602957c                ball_pal
                0x0602b074                girl3_pal
                0x06029af2                chipgame_num
                0x06029328                capsule_size
                0x06029524                starspr_size
                0x06029380                blocks1_pal
                0x060295f0                gamenear_name
                0x06029478                explosion_width
                0x0602ac66                girl5_num
                0x060295cc                ball_num
                0x0602a80e                title_num
                0x06029568                font_name
                0x06029422                beffect_width
                0x06029284                laser_num
                0x060294d4                starspr_pal
                0x0602c4b4                roarbg_num
                0x060295c8                ball_width
                0x0602a3b2                cyberblock_num
                0x0602a85c                girl5_pal
                0x060294ca                ship_height
                0x06029f02                game_tiles_num
                0x060295c6                ball_height
                0x060295fe                gamenear_height
                0x06029574                font_width
                0x0602a85a                stars_num
                0x060295ca                ball_size
                0x06029274                laser_name
                0x060292d4                bit_size
                0x060294cc                ship_width
                0x06029232                barrier_num
                0x0602a804                title_name
                0x0602a354                chipframes_name
                0x06029614                starfar_name
                0x060293cc                blocks1_height
                0x06029280                laser_width
                0x0602a850                stars_name
                0x060292c8                bit_name
                0x060296e2                gamestar_num
                0x060295ec                gamemid_height
                0x06029480                ship_pal
                0x060295bc                ball_name
                0x06029578                font_num
                0x06029528                font_pal
                0x06029632                starmid_width
                0x06029644                starnear_width
                0x060295e0                gamemid_name
                0x0602922c                barrier_height
                0x06029288                bit_pal
                0x0602937a                blocks2_width
                0x060293d0                blocks1_size
                0x06029522                starspr_width
                0x06029f54                chipframes_pal
                0x0602960e                game_height
                0x06029620                starfar_height
                0x0602947c                explosion_num
                0x0602b072                girl4_num
                0x06029318                capsule_name
                0x060295ee                gamemid_width
                0x06029378                blocks2_height
                0x06029414                beffect_name
                0x060293ce                blocks1_width
                0x06029576                font_size
                0x0602936c                blocks2_name
                0x060292d0                bit_height
                0x0602927e                laser_height
                0x06029514                starspr_name
                0x0602c0a6                roarframes_num
                0x0602a364                cyberblock_pal
                0x06029642                starnear_height
                0x06029624                starmid_name
                0x060294c0                ship_name
                0x0602ac5c                girl5_name
                0x0602ac68                girl4_pal
                0x0602932c                blocks2_pal
                0x060292d2                bit_width
                0x06029630                starmid_height
                0x0602a810                stars_pal
                0x060295d0                gamefar_name
                0x060292d8                capsule_pal
                0x06029234                laser_pal
                0x06029ef4                game_tiles_name
                0x06029426                beffect_num
                0x06029520                starspr_height
                0x060293d4                beffect_pal
                0x0602b068                girl4_name
                0x06029610                game_width
                0x0602b480                girl2_pal
                0x06029282                laser_size
                0x06029220                barrier_name
                0x06029622                starfar_width
                0x0602947a                explosion_size
                0x06029476                explosion_height
                0x06029ae4                chipgame_name
                0x0602b880                girl2_name
 .data          0x0602c4c0      0x190 intro.o
 .data          0x0602c650       0x90 level.o
                0x0602c654                level_blocks
                0x0602c650                level_lengths
                0x0602c658                level0_blocks
 .data          0x0602c6e0       0x40 logo.o
 .data          0x0602c720       0x80 menu.o
                0x0602c720                cutscene
 .data          0x0602c7a0       0x10 pcmsys.o
                0x0602c7a4                scsp_load
                0x0602c7a8                m68k_com
                0x0602c7a0                master_volume
 .data          0x0602c7b0       0x40 scroll.o
                0x0602c7c0                CycleTbLoRes
                0x0602c7e0                vram
                0x0602c7d0                char_offsets
                0x0602c7b0                CycleTbHiRes
 .data          0x0602c7f0       0x30 sprite.o
 .data          0x0602c820      0x400 c:/saturn/sbl6/segalib/lib/sega_int.a(int.o)
 .data          0x0602cc20       0x1c c:/saturn/sbl6/segalib/lib/sega_spr.a(spr_slv.o)
                0x0602cc28                SPR_SlaveParam
                0x0602cc38                SPR_SMPC_SF
                0x0602cc30                SPR_SMPC_COM
                0x0602cc2c                SPR_SlaveSHEntry
                0x0602cc24                SPR_SlaveState
                0x0602cc20                SPR_SlaveCommand
                0x0602cc34                SPR_SMPC_RET
 *fill*         0x0602cc3c        0x4 00
 .data          0x0602cc40       0x34 c:/saturn/sbl6/segalib/lib/sega_spr.a(spr_1c.o)
                0x0602cc40                SpInitialFlag
 *fill*         0x0602cc74        0xc 00
 .data          0x0602cc80       0x1c c:/saturn/sbl6/segalib/lib/sega_scl.a(scl_vblv.o)
                0x0602cc88                VBInterval
                0x0602cc90                ReqDisplayFlag
                0x0602cc80                SpFrameChgMode
                0x0602cc8c                VBIntervalCounter
                0x0602cc84                SpFrameEraseMode
 *fill*         0x0602cc9c        0x4 00
 .data          0x0602cca0       0x18 c:/saturn/sbl6/segalib/lib/sega_scl.a(scl_pri.o)
                0x0602cca4                SclRealSpPriNum
                0x0602ccb4                SclRealColOffset
                0x0602ccb0                SclRealBgColMix
                0x0602ccac                SclRealSpColMix
                0x0602cca8                SclRealBgPriNum
                0x0602cca0                SclRealOtherPri
 *fill*         0x0602ccb8        0x8 00
 .data          0x0602ccc0       0x36 c:/saturn/sbl6/segalib/lib/sega_scl.a(scl_func.o)
                0x0602ccd0                SclRotregBuff
                0x0602cccc                SclDisplayY
                0x0602ccd4                SclRotateTableMode
                0x0602ccc8                SclProcess
                0x0602ccc4                SclCurSclNum
                0x0602ccc0                SclLengthLsTbl
                0x0602ccca                SclDisplayX
                0x0602ccc2                SclLengthCsTbl
 *fill*         0x0602ccf6        0xa 00
 .data          0x0602cd00        0x4 c:/saturn/sbl6/segalib/lib/sega_mth.a(mth_rand.o)
 *fill*         0x0602cd04        0xc 00
 .data          0x0602cd10      0x380 c:/saturn/SH_COFF/sh-coff/bin/../lib/gcc/sh-coff/3.4-GNUSH_v0501/../../../../sh-coff/lib\libc.a(impure.o)
                0x0602d08c                _impure_ptr
 .data          0x0602d090      0x410 c:/saturn/SH_COFF/sh-coff/bin/../lib/gcc/sh-coff/3.4-GNUSH_v0501/../../../../sh-coff/lib\libc.a(mallocr.o)
                0x0602d098                __malloc_av_
                0x0602d094                __malloc_trim_threshold
                0x0602d090                __malloc_sbrk_base
                0x0602d4a0                SIZEOF_R = (. - STARTOF_R)
                0x0602d4a0                ENDOF_R = .

.bss            0x0602d4a0    0x105c4
                0x0602d4a0                STARTOF_B = .
 *(.bss)
 .bss           0x0602d4a0       0x10 vblank.o
                0x0602d4a4                PadData2E
                0x0602d4aa                PadData1
                0x0602d4a6                PadData2
                0x0602d4a8                PadData1E
                0x0602d4a0                __port
 .bss           0x0602d4b0       0xe0 smpclib/per_x2.o
 .bss           0x0602d590       0x10 ball.o
 .bss           0x0602d5a0       0x10 barrier.o
 .bss           0x0602d5b0       0x10 capsule.o
 .bss           0x0602d5c0       0x50 game.o
                0x0602d5d4                bit_left
                0x0602d5c4                illusion_charno
                0x0602d5cc                laser_max
                0x0602d5d0                bit_right
                0x0602d5d8                bit_ship
                0x0602d5dc                turbo
                0x0602d5e4                score
                0x0602d5c8                illusion
                0x0602d5e0                powerup_cursor
                0x0602d5c0                illusion_cursor
 .bss           0x0602d610     0x1970 intro.o
 .bss           0x0602ef80       0x10 laser.o
 .bss           0x0602ef90     0x13a0 level.o
 .bss           0x06030330       0x10 logo.o
 .bss           0x06030340       0x60 menu.o
 .bss           0x060303a0       0x10 pcmsys.o
                0x060303a0                numberPCMs
 .bss           0x060303b0       0x10 scroll.o
                0x060303b0                scroll_res
 .bss           0x060303c0       0x10 soon.o
                0x060303c0                soon_state
 .bss           0x060303d0     0x3d00 sprite.o
                0x060303d0                num_sprites
 .bss           0x060340d0       0x10 main.o
                0x060340d0                frame
 .bss           0x060340e0       0x6e c:/saturn/sbl6/segalib/lib/sega_spr.a(spr_2c.o)
 *fill*         0x0603414e        0x2 00
 .bss           0x06034150        0x4 c:/saturn/sbl6/segalib/lib/sega_scl.a(scl_vblv.o)
 *fill*         0x06034154        0xc 00
 .bss           0x06034160     0x1900 c:/saturn/sbl6/segalib/lib/sega_scl.a(scl_fu05.o)
 .bss           0x06035a60        0x4 c:/saturn/sbl6/segalib/lib/sega_scl.a(scl_func.o)
 *fill*         0x06035a64        0xc 00
 .bss           0x06035a70       0x48 c:/saturn/sbl6/segalib/lib/sega_scl.a(scl_ro00.o)
 *fill*         0x06035ab8        0x8 00
 .bss           0x06035ac0        0xc c:/saturn/sbl6/segalib/lib/sega_cdc.a(cdc_sub.o)
 *fill*         0x06035acc        0x4 00
 .bss           0x06035ad0        0x2 c:/saturn/sbl6/segalib/lib/sega_cdc.a(cdc_reg.o)
 *fill*         0x06035ad2        0xe 00
 .bss           0x06035ae0       0x9c c:/saturn/sbl6/segalib/lib/sega_per.a(per_prt.o)
 *fill*         0x06035b7c        0x4 00
 .bss           0x06035b80        0xc c:/saturn/sbl6/segalib/lib/sega_sat.a(DMA_SCU1.o)
 *fill*         0x06035b8c        0x4 00
 .bss           0x06035b90        0xc c:/saturn/sbl6/segalib/lib/sega_sat.a(gfs_trn.o)
 *fill*         0x06035b9c        0x4 00
 .bss           0x06035ba0       0x20 c:/saturn/sbl6/segalib/lib/sega_sat.a(DMA_SCU0.o)
 .bss           0x06035bc0       0x10 c:/saturn/SH_COFF/sh-coff/bin/../lib/gcc/sh-coff/3.4-GNUSH_v0501\libgcc.a(__main.o)
 .bss           0x06035bd0       0x10 c:/saturn/SH_COFF/sh-coff/bin/../lib/gcc/sh-coff/3.4-GNUSH_v0501/../../../../sh-coff/lib\libc.a(atexit.o)
 .bss           0x06035be0       0x40 c:/saturn/SH_COFF/sh-coff/bin/../lib/gcc/sh-coff/3.4-GNUSH_v0501/../../../../sh-coff/lib\libc.a(mallocr.o)
                0x06035c10                __malloc_top_pad
                0x06035be0                __malloc_current_mallinfo
                0x06035c0c                __malloc_max_sbrked_mem
                0x06035c08                __malloc_max_total_mem
 .bss           0x06035c20       0x10 c:/saturn/SH_COFF/sh-coff/bin/../lib/gcc/sh-coff/3.4-GNUSH_v0501/../../../../sh-coff/lib\libc.a(syscalls.o)
 *(COMMON)
 COMMON         0x06035c30        0x8 vblank.o
                                  0x0 (size before relaxing)
                0x06035c30                PadAnalogR1
                0x06035c31                PadAnalogL1
                0x06035c32                PadAnalogY1
                0x06035c33                PadAnalogX1
                0x06035c34                PadID1
 *fill*         0x06035c38        0x8 00
 COMMON         0x06035c40      0x1e8 ball.o
                                  0x0 (size before relaxing)
                0x06035c40                ball_sprites
                0x06035e20                ball_count
                0x06035e24                ball_mode
 *fill*         0x06035e28        0x8 00
 COMMON         0x06035e30        0x4 barrier.o
                                  0x0 (size before relaxing)
                0x06035e30                barrier_life
 *fill*         0x06035e34        0xc 00
 COMMON         0x06035e40       0xa0 capsule.o
                                  0x0 (size before relaxing)
                0x06035e40                capsules
 COMMON         0x06035ee0     0x1674 cd.o
                                  0x0 (size before relaxing)
                0x06035ee0                dirname
                0x06036840                lib_work
                0x06037548                directory_table
 *fill*         0x06037554        0xc 00
 COMMON         0x06037560       0xb4 game.o
                                  0x0 (size before relaxing)
                0x06037560                laser_charno
                0x06037570                ship_sprite
                0x06037588                explosion_charno
                0x0603758c                capsule_charno
                0x06037590                bit_charno
                0x06037594                block_charno
                0x06037598                ship_left
                0x0603759c                ship_right
                0x060375a0                ball_charno
                0x060375b0                illusion_arr
                0x06037610                barrier_charno
 *fill*         0x06037614        0xc 00
 COMMON         0x06037620       0xd0 laser.o
                                  0x0 (size before relaxing)
                0x06037620                laser_count
                0x06037630                laser_sprites
 COMMON         0x060376f0     0x14a0 print.o
                                  0x0 (size before relaxing)
                0x060376f0                text
 COMMON         0x06038b90      0x230 scroll.o
                                  0x0 (size before relaxing)
                0x06038b90                scfg
 COMMON         0x06038dc0        0x4 soon.o
                                  0x0 (size before relaxing)
                0x06038dc0                soon_scroll
 *fill*         0x06038dc4        0xc 00
 COMMON         0x06038dd0     0x3180 sprite.o
                                  0x0 (size before relaxing)
                0x06038dd0                sprites
                0x06039f50                sprite_buf
 COMMON         0x0603bf50       0x8c main.o
                                  0x0 (size before relaxing)
                0x0603bf50                off_config
 *fill*         0x0603bfdc        0x4 00
 COMMON         0x0603bfe0      0x400 c:/saturn/sbl6/segalib/lib/sega_int.a(int.o)
                                  0x0 (size before relaxing)
                0x0603bfe0                __interrupt_vector
 COMMON         0x0603c3e0       0x50 c:/saturn/sbl6/segalib/lib/sega_spr.a(spr_2c.o)
                                  0x0 (size before relaxing)
                0x0603c3e0                SpMstCmd
                0x0603c3e4                Sp2OpenFlag
                0x0603c3e8                SpGourTblMax
                0x0603c3ec                SpDrawPrtyBlk
                0x0603c3f0                SpLCoordX
                0x0603c3f4                SpMstDrawPrtyBlk
                0x0603c3f8                SpGourTbl
                0x0603c3fc                SpLookupTblR
                0x0603c400                SpCmdTbl
                0x0603c404                SpCharMax
                0x0603c408                SpDrawPrtyProcFlag
                0x0603c40c                SpCmdNo
                0x0603c410                SpDrawPrtyBlkMax
                0x0603c414                SpSlvCmdPos
                0x0603c418                SpSlvDrawPrtyBlk
                0x0603c41c                SpCharTbl
                0x0603c420                SpCmdTblR
                0x0603c424                SpMstCmdPos
                0x0603c428                SpSlvCmd
                0x0603c42c                SpLCoordY
 COMMON         0x0603c430       0x10 c:/saturn/sbl6/segalib/lib/sega_spr.a(spr_1c.o)
                                  0x0 (size before relaxing)
                0x0603c430                SpScreenY
                0x0603c434                SpFbcrMode
                0x0603c436                SpDil
                0x0603c438                SpDie
                0x0603c43a                SpTvMode
                0x0603c43c                SpScreenX
 COMMON         0x0603c440      0x6b0 c:/saturn/sbl6/segalib/lib/sega_scl.a(scl_pri.o)
                                  0x0 (size before relaxing)
                0x0603c440                SclAutoEndBlue2
                0x0603c450                SclColOffset
                0x0603c460                SclPriBuffDirty
                0x0603c462                SclAutoEndRed
                0x0603c464                SclAutoSurface
                0x0603c468                SclAutoGreen
                0x0603c46a                SclAutoEndGreen
                0x0603c46c                SclAutoCount
                0x0603c470                SclColRamAlloc256
                0x0603c490                SclAutoCurRate
                0x0603c491                SclAutoPlusFlag
                0x0603c498                SclSpColMix
                0x0603c4a0                SclAutoMax
                0x0603c4a4                SclLineColRamOffset
                0x0603c4a8                SclColRamAlloc2048
                0x0603c4ac                SclBgPriNum
                0x0603c4b2                SclAutoEndBlue
                0x0603c4b4                SclAutoEndGreen2
                0x0603c4b6                SclAutoVeFlag
                0x0603c4b8                SclBgColMix
                0x0603c4c0                SclAutoIndex
                0x0603c4c4                SclAutoEndRate
                0x0603c4c6                SclAutoBlue
                0x0603c4c8                SclAutoRed
                0x0603c4cc                SclAutoInterval
                0x0603c4d0                SclOtherPri
                0x0603c4e0                SclAutoRGB
                0x0603cae0                SclAutoEndRed2
                0x0603cae8                SclSpPriNum
 COMMON         0x0603caf0      0xf00 c:/saturn/sbl6/segalib/lib/sega_scl.a(scl_func.o)
                                  0x0 (size before relaxing)
                0x0603caf0                SclRbgKtbAddr
                0x0603caf8                SclRb
                0x0603cafa                Scl_flag
                0x0603cb00                SclK_TableBuff
                0x0603d7d0                SclAddrCsTbl
                0x0603d7e0                Scl_s_reg
                0x0603d808                SclRotateXy
                0x0603d810                Scl_d_reg
                0x0603d858                SclRotateDisp
                0x0603d860                SclRotateMoveZ
                0x0603d868                SclRotXySw
                0x0603d870                Scl_r_reg
                0x0603d880                SclRPMD
                0x0603d888                SclRbgKtbOffset
                0x0603d890                _SclRotregBuff
                0x0603d960                SclRa
                0x0603d968                SclRotateZ
                0x0603d970                SclAddrLsTbl
                0x0603d978                SclK_TableNum
                0x0603d980                SclRotateTableAddress
                0x0603d984                SclK_TableFlag
                0x0603d990                Scl_w_reg
                0x0603d9b0                Scl_n_reg
 COMMON         0x0603d9f0       0x10 c:/saturn/sbl6/segalib/lib/sega_scl.a(scl_ro00.o)
                                  0x0 (size before relaxing)
                0x0603d9f0                SclCsx
                0x0603d9f8                SclCsy
 COMMON         0x0603da00       0x15 c:/saturn/sbl6/segalib/lib/sega_per.a(per_prt.o)
                                  0x0 (size before relaxing)
                0x0603da00                per_get_time_flg
                0x0603da01                per_hot_res
                0x0603da02                per_set_sys_flg
                0x0603da04                per_get_time_adr
                0x0603da08                per_get_sys_data
                0x0603da14                per_time_out_flg
 *fill*         0x0603da15        0xb 00
 COMMON         0x0603da20        0xc c:/saturn/sbl6/segalib/lib/sega_sat.a(gfs.o)
                                  0x0 (size before relaxing)
                0x0603da20                GFMC_base
                0x0603da24                gfs_mng_ptr
                0x0603da28                gfs_use_scudma
 *fill*         0x0603da2c        0x4 00
 COMMON         0x0603da30        0x8 c:/saturn/sbl6/segalib/lib/sega_sat.a(gfs_cdf.o)
                                  0x0 (size before relaxing)
                0x0603da30                gfcf_fad
                0x0603da34                gfcf_stat
 *fill*         0x0603da38        0x8 00
 COMMON         0x0603da40        0xc c:/saturn/sbl6/segalib/lib/sega_sat.a(gfs_cdc.o)
                                  0x0 (size before relaxing)
                0x0603da40                gfcd_fatal_err
                0x0603da44                gfcd_work
                0x0603da48                gfcd_playflag
 *fill*         0x0603da4c        0x4 00
 COMMON         0x0603da50        0x8 c:/saturn/sbl6/segalib/lib/sega_sat.a(DMA_CPU5.o)
                                  0x0 (size before relaxing)
                0x0603da50                dma_cpu_cnt
                0x0603da54                dma_cpu_dis_adr
 *fill*         0x0603da58        0x8 00
 COMMON         0x0603da60        0x4 c:/saturn/SH_COFF/sh-coff/bin/../lib/gcc/sh-coff/3.4-GNUSH_v0501/../../../../sh-coff/lib\libc.a(syscalls.o)
                                  0x0 (size before relaxing)
                0x0603da60                errno
                0x0603da64                SIZEOF_B = (. - STARTOF_B)
                0x0603da64                ENDOF_B = .
                0x0603da64                _end = .
OUTPUT(main.cof coff-sh)

.comment        0x0603da70      0x620
 .comment       0x0603da70       0x20 c:/saturn/sbl6/segasmp/lib/strt2_g.o
 .comment       0x0603da90       0x20 vblank.o
 .comment       0x0603dab0       0x20 smpclib/per_x1.o
 .comment       0x0603dad0       0x20 smpclib/per_x2.o
 .comment       0x0603daf0       0x20 spritecode/explosion.o
 .comment       0x0603db10       0x20 ball.o
 .comment       0x0603db30       0x20 barrier.o
 .comment       0x0603db50       0x20 capsule.o
 .comment       0x0603db70       0x20 cd.o
 .comment       0x0603db90       0x20 crc.o
 .comment       0x0603dbb0       0x20 devcart.o
 .comment       0x0603dbd0       0x20 game.o
 .comment       0x0603dbf0       0x20 graphics.o
 .comment       0x0603dc10       0x20 intro.o
 .comment       0x0603dc30       0x20 laser.o
 .comment       0x0603dc50       0x20 level.o
 .comment       0x0603dc70       0x20 logo.o
 .comment       0x0603dc90       0x20 menu.o
 .comment       0x0603dcb0       0x20 pcmsys.o
 .comment       0x0603dcd0       0x20 print.o
 .comment       0x0603dcf0       0x20 scroll.o
 .comment       0x0603dd10       0x20 soon.o
 .comment       0x0603dd30       0x20 sound.o
 .comment       0x0603dd50       0x20 sprite.o
 .comment       0x0603dd70       0x20 main.o
 .comment       0x0603dd90       0x20 c:/saturn/SH_COFF/sh-coff/bin/../lib/gcc/sh-coff/3.4-GNUSH_v0501\libgcc.a(_si_to_df.o)
 .comment       0x0603ddb0       0x20 c:/saturn/SH_COFF/sh-coff/bin/../lib/gcc/sh-coff/3.4-GNUSH_v0501\libgcc.a(_mul_df.o)
 .comment       0x0603ddd0       0x20 c:/saturn/SH_COFF/sh-coff/bin/../lib/gcc/sh-coff/3.4-GNUSH_v0501\libgcc.a(_df_to_si.o)
 .comment       0x0603ddf0       0x20 c:/saturn/SH_COFF/sh-coff/bin/../lib/gcc/sh-coff/3.4-GNUSH_v0501\libgcc.a(__main.o)
 .comment       0x0603de10       0x20 c:/saturn/SH_COFF/sh-coff/bin/../lib/gcc/sh-coff/3.4-GNUSH_v0501\libgcc.a(_pack_df.o)
 .comment       0x0603de30       0x20 c:/saturn/SH_COFF/sh-coff/bin/../lib/gcc/sh-coff/3.4-GNUSH_v0501\libgcc.a(_unpack_df.o)