Archive member included because of file (symbol)

c:/saturn/sbl6/segalib/lib/sega_int.a(int.o)
                              vblank.o (INT_SetScuFunc)
c:/saturn/sbl6/segalib/lib/sega_int.a(int_trmp.o)
                              c:/saturn/sbl6/segalib/lib/sega_int.a(int.o) (__interrupt_handler0)
c:/saturn/sbl6/segalib/lib/sega_spr.a(spr_2c.o)
                              sprite.o (SPR_2Initial)
c:/saturn/sbl6/segalib/lib/sega_spr.a(spr_slv.o)
                              c:/saturn/sbl6/segalib/lib/sega_spr.a(spr_2c.o) (SPR_InitSlaveSH)
c:/saturn/sbl6/segalib/lib/sega_spr.a(spr_1c.o)
                              c:/saturn/sbl6/segalib/lib/sega_spr.a(spr_2c.o) (SPR_Initial)
c:/saturn/sbl6/segalib/lib/sega_spr.a(spr_2a.o)
                              c:/saturn/sbl6/segalib/lib/sega_spr.a(spr_2c.o) (SPR_2SetDrawPrty)
c:/saturn/sbl6/segalib/lib/sega_scl.a(scl_vblv.o)
                              c:/saturn/sbl6/segalib/lib/sega_spr.a(spr_1c.o) (SpFrameChgMode)
c:/saturn/sbl6/segalib/lib/sega_scl.a(scl_pr12.o)
                              cutscene.o (SCL_SetColOffset)
c:/saturn/sbl6/segalib/lib/sega_scl.a(scl_pr02.o)
                              cutscene.o (SCL_SetColRam)
c:/saturn/sbl6/segalib/lib/sega_scl.a(scl_pr11.o)
                              cutscene.o (SCL_SetAutoColOffset)
c:/saturn/sbl6/segalib/lib/sega_scl.a(scl_fu05.o)
                              game.o (SCL_InitLineParamTb)
c:/saturn/sbl6/segalib/lib/sega_scl.a(scl_pr07.o)
                              game.o (SCL_SetPriority)
c:/saturn/sbl6/segalib/lib/sega_scl.a(scl_func.o)
                              c:/saturn/sbl6/segalib/lib/sega_scl.a(scl_fu05.o) (SclLengthLsTbl)
c:/saturn/sbl6/segalib/lib/sega_scl.a(scl_pri.o)
                              c:/saturn/sbl6/segalib/lib/sega_scl.a(scl_func.o) (SclRealOtherPri)
c:/saturn/sbl6/segalib/lib/sega_scl.a(scl_pr10.o)
                              intro.o (SCL_SetAutoColMix)
c:/saturn/sbl6/segalib/lib/sega_scl.a(scl_pr01.o)
                              scroll.o (SCL_SetSpriteMode)
c:/saturn/sbl6/segalib/lib/sega_scl.a(scl_fu01.o)
                              scroll.o (SCL_SetDisplayMode)
c:/saturn/sbl6/segalib/lib/sega_scl.a(scl_fu04.o)
                              scroll.o (SCL_SetCycleTable)
c:/saturn/sbl6/segalib/lib/sega_scl.a(scl_pr03.o)
                              scroll.o (SCL_AllocColRam)
c:/saturn/sbl6/segalib/lib/sega_scl.a(scl_back.o)
                              scroll.o (SCL_SetBack)
c:/saturn/sbl6/segalib/lib/sega_scl.a(scl_fu03.o)
                              scroll.o (SCL_InitConfigTb)
c:/saturn/sbl6/segalib/lib/sega_scl.a(scl_fu02.o)
                              scroll.o (SCL_InitVramConfigTb)
c:/saturn/sbl6/segalib/lib/sega_scl.a(scl_pr09.o)
                              scroll.o (SCL_SetColMixMode)
c:/saturn/sbl6/segalib/lib/sega_scl.a(scl_pr05.o)
                              c:/saturn/sbl6/segalib/lib/sega_scl.a(scl_pr02.o) (SCL_GetColRamOffset)
c:/saturn/sbl6/segalib/lib/sega_scl.a(scl_ro00.o)
                              c:/saturn/sbl6/segalib/lib/sega_scl.a(scl_func.o) (SCL_Rotate)
c:/saturn/sbl6/segalib/lib/sega_scl.a(scl_pr06.o)
                              c:/saturn/sbl6/segalib/lib/sega_scl.a(scl_pr03.o) (SCL_SetColRamOffset)
c:/saturn/sbl6/segalib/lib/sega_mth.a(mth_tri.o)
                              ball.o (MTH_Sin)
c:/saturn/sbl6/segalib/lib/sega_mth.a(mth_fixd.o)
                              ball.o (MTH_Mul)
c:/saturn/sbl6/segalib/lib/sega_mth.a(mth_rand.o)
                              main.o (MTH_InitialRand)
c:/saturn/sbl6/segalib/lib/sega_cdc.a(cdc_drv.o)
                              sound.o (CDC_CdPlay)
c:/saturn/sbl6/segalib/lib/sega_cdc.a(cdc_cmn.o)
                              main.o (CDC_GetPeriStat)
c:/saturn/sbl6/segalib/lib/sega_cdc.a(cdc_sub.o)
                              c:/saturn/sbl6/segalib/lib/sega_cdc.a(cdc_cmn.o) (CDSUB_UpdStatus)
c:/saturn/sbl6/segalib/lib/sega_cdc.a(cdc_reg.o)
                              c:/saturn/sbl6/segalib/lib/sega_cdc.a(cdc_cmn.o) (CDREG_ClrHirqReq)
c:/saturn/sbl6/segalib/lib/sega_per.a(per_prt.o)
                              smpclib/per_x2.o (PER_LInit)
c:/saturn/sbl6/segalib/lib/sega_sat.a(gfs.o)
                              cd.o (GFS_Init)
c:/saturn/sbl6/segalib/lib/sega_sat.a(DMA_CPU1.o)
                              game.o (DMA_CpuMemCopy1)
c:/saturn/sbl6/segalib/lib/sega_sat.a(DMA_CPU2.o)
                              intro.o (DMA_CpuMemCopy2)
c:/saturn/sbl6/segalib/lib/sega_sat.a(DMA_SCU1.o)
                              c:/saturn/sbl6/segalib/lib/sega_spr.a(spr_2c.o) (DMA_ScuMemCopy)
c:/saturn/sbl6/segalib/lib/sega_sat.a(gfs_cdf.o)
                              c:/saturn/sbl6/segalib/lib/sega_sat.a(gfs.o) (GFCF_Init)
c:/saturn/sbl6/segalib/lib/sega_sat.a(gfs_dir.o)
                              c:/saturn/sbl6/segalib/lib/sega_sat.a(gfs.o) (GFDR_SetupDirTbl)
c:/saturn/sbl6/segalib/lib/sega_sat.a(gfs_trn.o)
[...]
Memory Configuration

Name             Origin             Length             Attributes
*default*        0x00000000         0xffffffff

Linker script and memory map

LOAD c:/saturn/sbl6/segasmp/lib/strt1_g.o
LOAD c:/saturn/sbl6/segasmp/lib/strt2_g.o
LOAD vblank.o
LOAD smpclib/per_x1.o
LOAD smpclib/per_x2.o
LOAD smpclib/per_x3.o
LOAD spritecode/explosion.o
LOAD ball.o
LOAD barrier.o
LOAD capsule.o
LOAD cutscene.o
LOAD cd.o
LOAD crc.o
LOAD devcart.o
LOAD game.o
LOAD graphics.o
LOAD intro.o
LOAD laser.o
LOAD level.o
LOAD logo.o
LOAD menu.o
LOAD pcmsys.o
LOAD print.o
LOAD scroll.o
LOAD soon.o
LOAD sound.o
LOAD sprite.o
LOAD main.o
LOAD c:/saturn/sbl6/segalib/lib/sega_int.a
LOAD c:/saturn/sbl6/segalib/lib/sega_spr.a
LOAD c:/saturn/sbl6/segalib/lib/sega_scl.a
LOAD c:/saturn/sbl6/segalib/lib/sega_mth.a
LOAD c:/saturn/sbl6/segalib/lib/sega_cdc.a
LOAD c:/saturn/sbl6/segalib/lib/sega_adp.a
LOAD c:/saturn/sbl6/segalib/lib/sega_per.a
LOAD c:/saturn/sbl6/segalib/lib/sega_sat.a
LOAD c:/saturn/SH_COFF/sh-coff/bin/../lib/gcc/sh-coff/3.4-GNUSH_v0501\libgcc.a
LOAD c:/saturn/SH_COFF/sh-coff/bin/../lib/gcc/sh-coff/3.4-GNUSH_v0501/../../../../sh-coff/lib\libc.a
LOAD c:/saturn/SH_COFF/sh-coff/bin/../lib/gcc/sh-coff/3.4-GNUSH_v0501\libgcc.a

.text           0x06010000    0x19620
 *(.text)
 .text          0x06010000       0x30 c:/saturn/sbl6/segasmp/lib/strt1_g.o
                0x06010024                _D_END
                0x06010020                _D_BGN
                0x0601002c                _B_END
                0x06010028                _B_BGN
                0x06010000                START
 .text          0x06010030       0x60 c:/saturn/sbl6/segasmp/lib/strt2_g.o
                0x06010050                _INITSCT
                0x06010030                _INIT
 .text          0x06010090      0x1d0 vblank.o
                0x06010090                SetVblank
                0x06010110                UsrVblankOut
                0x060100f0                UsrVblankIn
 .text          0x06010260      0x240 smpclib/per_x1.o
                0x06010440                PER_GetAnalogXYZ
                0x06010280                PER_GetTriggerHandler
                0x060103d0                PER_GetEdge
                0x06010390                PER_GetTrigger
                0x060103e0                PER_GetPressEdge
                0x06010410                PER_GetReleaseEdge
                0x06010260                PER_SetTriggerHandler
 .text          0x060104a0      0x180 smpclib/per_x2.o
                0x06010580                PER_GetDeviceA
                0x060104a0                PER_OpenPort
                0x060104d0                PER_GetPort
                0x060105c0                PER_GetDeviceR
 .text          0x06010620       0x20 smpclib/per_x3.o
                0x06010620                PER_DisguiseTrigger
 .text          0x06010640       0xb0 spritecode/explosion.o
                0x060106a0                explosion_move
                0x06010640                explosion_make
 .text          0x060106f0      0x4b0 ball.o
                0x060108a0                ball_move
                0x06010790                ball_remove
                0x06010710                ball_add
                0x060107e0                ball_bounce
                0x060106f0                ball_init
                0x06010b20                ball_draw
 .text          0x06010ba0      0x1d0 barrier.o
                0x06010bd0                barrier_move
                0x06010ba0                barrier_init
                0x06010cb0                barrier_draw
 .text          0x06010d70      0x230 capsule.o
                0x06010e20                capsule_run
                0x06010d90                capsule_add
                0x06010f40                capsule_draw
                0x06010dd0                capsule_remove
                0x06010d70                capsule_init
 .text          0x06010fa0      0x260 cutscene.o
                0x06010fa0                cutscene_run
 .text          0x06011200      0x120 cd.o
                0x060112a0                cd_load_nosize
                0x06011200                cd_init
                0x06011230                cd_load
 .text          0x06011320      0x140 crc.o
                0x06011420                crc_update
 .text          0x06011460      0x1c0 devcart.o
                0x060115e0                devcart_reset
                0x060114d0                devcart_loadfile
                0x060115d0                devcart_printstr
 .text          0x06011620     0x1c30 game.o
                0x06011740                game_incpowerup
                0x060118e0                game_run
                0x06011840                game_loss
                0x06011790                game_powerupreset
 .text          0x06013250      0xe90 intro.o
                0x06013250                intro_run
 .text          0x060140e0      0x180 laser.o
                0x06014100                laser_add
                0x06014140                laser_remove
                0x060141f0                laser_draw
                0x060140e0                laser_init
                0x06014180                laser_move
 .text          0x06014260      0x740 level.o
                0x06014590                level_disp
                0x06014260                level_load
 .text          0x060149a0      0x3b0 logo.o
                0x06014a00                logo_run
                0x060149a0                logo_loadframe
 .text          0x06014d50      0xc10 menu.o
                0x06015080                menu_run
                0x06014f30                sqrt32
 .text          0x06015960      0x8c0 pcmsys.o
                0x06016020                load_8bit_pcm
                0x06015d80                smpc_issue_command
                0x06015e20                load_drv
                0x060161b0                pcm_parameter_change
                0x06015d60                smpc_wait_till_ready
                0x06015da0                load_driver_binary
                0x06016170                pcm_play
                0x060161e0                pcm_cease
                0x06015e70                calculate_bytes_per_blank
                0x06015ec0                load_16bit_pcm
 .text          0x06016220      0x230 print.o
                0x060163b0                print_display
                0x06016300                print_num
                0x06016220                print_load
                0x060162d0                print_init
                0x06016350                print_string
 .text          0x06016450      0x690 scroll.o
                0x06016450                scroll_lores
                0x06016890                scroll_move
                0x060168e0                scroll_clearmaps
                0x06016840                scroll_set
                0x06016930                scroll_charsize
                0x06016980                scroll_mapsize
                0x060164c0                scroll_hires
                0x060169d0                scroll_bitmapon
                0x06016a50                scroll_bitmapoff
                0x06016610                scroll_init
                0x06016530                scroll_scale
 .text          0x06016ae0      0x270 soon.o
                0x06016bd0                soon_clearcol
                0x06016ba0                soon_loadcol
                0x06016ae0                soon_init
                0x06016c00                soon_run
 .text          0x06016d50      0x250 sound.o
                0x06016f80                sound_play
                0x06016de0                sound_init
                0x06016f20                sound_cdda
 .text          0x06016fa0      0x5f0 sprite.o
                0x06016fd0                sprite_init
                0x060173c0                sprite_make
                0x06017500                sprite_next
                0x06017080                sprite_erase
                0x06017560                sprite_delete
                0x06017410                sprite_draw_all
                0x06016fa0                sprite_deleteall
                0x060170e0                sprite_startdraw
                0x06017160                sprite_draw
 .text          0x06017590      0x270 main.o
                0x06017590                main
 .text          0x06017800       0x40 c:/saturn/sbl6/segalib/lib/sega_int.a(int.o)
                0x0601782c                INT_GetScuFunc
                0x06017800                INT_SetScuFunc
 .text          0x06017840      0x624 c:/saturn/sbl6/segalib/lib/sega_int.a(int_trmp.o)
                0x060179a8                __interrupt_handler60
                0x06017b58                __interrupt_handler132
                0x06017d0e                __interrupt_handler205
                0x06017b76                __interrupt_handler137
                0x06017aa4                __interrupt_handler102
                0x060178e2                __interrupt_handler27
                0x06017ce4                __interrupt_handler198
                0x06017bd6                __interrupt_handler153
                0x060178be                __interrupt_handler21
                0x060179cc                __interrupt_handler66
                0x06017abc                __interrupt_handler106
                0x06017c06                __interrupt_handler161
                0x06017a50                __interrupt_handler88
                0x06017c1e                __interrupt_handler165
                0x06017b2e                __interrupt_handler125
                0x06017864                __interrupt_handler6
                0x06017900                __interrupt_handler32
                0x06017cba                __interrupt_handler191
                0x06017dd4                __interrupt_handler238
                0x06017dec                __interrupt_handler242
                0x06017bf4                __interrupt_handler158
                0x06017a5c                __interrupt_handler90
                0x06017c18                __interrupt_handler164
                0x0601793c                __interrupt_handler42
                0x06017c7e                __interrupt_handler181
                0x06017d86                __interrupt_handler225
                0x06017e2e                __interrupt_handler253
                0x06017c42                __interrupt_handler171
                0x060179fc                __interrupt_handler74
                0x06017852                __interrupt_handler3
                0x06017996                __interrupt_handler57
                0x06017894                __interrupt_handler14
                0x06017d2c                __interrupt_handler210
                0x06017d5c                __interrupt_handler218
                0x06017d20                __interrupt_handler208
                0x06017924                __interrupt_handler38
                0x06017840                __interrupt_handler0
                0x06017ab0                __interrupt_handler104
                0x06017bee                __interrupt_handler157
                0x06017d3e                __interrupt_handler213
                0x06017c30                __interrupt_handler168
                0x06017a3e                __interrupt_handler85
                0x06017ada                __interrupt_handler111
                0x06017aec                __interrupt_handler114
                0x0601795a                __interrupt_handler47
                0x06017db0                __interrupt_handler232
                0x06017d7a                __interrupt_handler223
                0x06017dce                __interrupt_handler237
                0x060179ba                __interrupt_handler63
                0x06017948                __interrupt_handler44
                0x06017c5a                __interrupt_handler175
                0x06017c84                __interrupt_handler182
                0x06017c9c                __interrupt_handler186
                0x06017b9a                __interrupt_handler143
                0x06017ac2                __interrupt_handler107
                0x06017b28                __interrupt_handler124
                0x06017c48                __interrupt_handler172
                0x06017dfe                __interrupt_handler245
                0x06017a7a                __interrupt_handler95
                0x06017b52                __interrupt_handler131
                0x06017b64                __interrupt_handler134
                0x06017b82                __interrupt_handler139
                0x060179f0                __interrupt_handler72
                0x06017daa                __interrupt_handler231
                0x06017c00                __interrupt_handler160
                0x06017b46                __interrupt_handler129
                0x060178b8                __interrupt_handler20
                0x060179c6                __interrupt_handler65
                0x06017990                __interrupt_handler56
                0x0601788e                __interrupt_handler13
                0x06017d26                __interrupt_handler209
                0x06017ae0                __interrupt_handler112
                0x060178b2                __interrupt_handler19
                0x06017a6e                __interrupt_handler93
                0x06017cd8                __interrupt_handler196
                0x06017bca                __interrupt_handler151
                0x06017c2a                __interrupt_handler167
                0x06017e40                __trampoline
                0x060178a6                __interrupt_handler17
                0x06017d98                __interrupt_handler228
                0x06017e3a                __interrupt_handler255
                0x06017df8                __interrupt_handler244
                0x06017a92                __interrupt_handler99
                0x06017c8a                __interrupt_handler183
                0x06017b88                __interrupt_handler140
                0x06017cae                __interrupt_handler189
                0x06017bac                __interrupt_handler146
                0x06017d74                __interrupt_handler222
                0x06017be8                __interrupt_handler156
                0x06017b1c                __interrupt_handler122
                0x06017e10                __interrupt_handler248
                0x06017960                __interrupt_handler48
                0x060179de                __interrupt_handler69
                0x060178d0                __interrupt_handler24
                0x06017a56                __interrupt_handler89
                0x06017d4a                __interrupt_handler215
                0x06017e34                __interrupt_handler254
                0x06017a4a                __interrupt_handler87
                0x060179ae                __interrupt_handler61
                0x06017cd2                __interrupt_handler195
                0x06017bc4                __interrupt_handler150
                0x06017936                __interrupt_handler41
                0x06017ad4                __interrupt_handler110
                0x06017b3a                __interrupt_handler127
                0x06017ac8                __interrupt_handler108
                0x06017ae6                __interrupt_handler113
                0x06017af8                __interrupt_handler116
                0x06017b16                __interrupt_handler121
                0x06017a0e                __interrupt_handler77
                0x0601792a                __interrupt_handler39
                0x06017942                __interrupt_handler43
                0x06017e16                __interrupt_handler249
                0x06017c54                __interrupt_handler174
                0x06017b70                __interrupt_handler136
                0x06017ca8                __interrupt_handler188
                0x06017ba6                __interrupt_handler145
                0x06017876                __interrupt_handler9
                0x06017a1a                __interrupt_handler79
                0x06017d92                __interrupt_handler227
                0x0601790c                __interrupt_handler34
                0x06017b4c                __interrupt_handler130
                0x06017e0a                __interrupt_handler247
                0x06017a02                __interrupt_handler75
                0x06017c4e                __interrupt_handler173
                0x0601797e                __interrupt_handler53
                0x06017bbe                __interrupt_handler149
                0x06017e22                __interrupt_handler251
                0x06017db6                __interrupt_handler233
                0x0601787c                __interrupt_handler10
                0x06017d08                __interrupt_handler204
                0x06017a2c                __interrupt_handler82
                0x06017a32                __interrupt_handler83
                0x060178d6                __interrupt_handler25
                0x06017df2                __interrupt_handler243
                0x06017c0c                __interrupt_handler162
                0x06017954                __interrupt_handler46
                0x06017c6c                __interrupt_handler178
                0x06017a20                __interrupt_handler80
                0x060179b4                __interrupt_handler62
                0x0601784c                __interrupt_handler2
                0x060178ee                __interrupt_handler29
                0x060179e4                __interrupt_handler70
                0x06017ace                __interrupt_handler109
                0x06017bb8                __interrupt_handler148
                0x06017a74                __interrupt_handler94
                0x06017d80                __interrupt_handler224
                0x06017aaa                __interrupt_handler103
                0x06017918                __interrupt_handler36
                0x06017b34                __interrupt_handler126
                0x06017e04                __interrupt_handler246
                0x0601798a                __interrupt_handler55
                0x06017888                __interrupt_handler12
                0x06017978                __interrupt_handler52
                0x06017ca2                __interrupt_handler187
                0x06017ba0                __interrupt_handler144
                0x06017afe                __interrupt_handler117
                0x060178ac                __interrupt_handler18
                0x06017cde                __interrupt_handler197
                0x06017bd0                __interrupt_handler152
                0x06017b04                __interrupt_handler118
                0x06017c3c                __interrupt_handler170
                0x06017cf6                __interrupt_handler201
                0x06017a86                __interrupt_handler97
                0x06017c12                __interrupt_handler163
                0x06017c78                __interrupt_handler180
                0x06017cc0                __interrupt_handler192
                0x06017de0                __interrupt_handler240
                0x06017b22                __interrupt_handler123
                0x06017d44                __interrupt_handler214
                0x060178fa                __interrupt_handler31
                0x060178e8                __interrupt_handler28
                0x060179d2                __interrupt_handler67
                0x060179d8                __interrupt_handler68
                0x060178c4                __interrupt_handler22
                0x060178ca                __interrupt_handler23
                0x06017c60                __interrupt_handler176
                0x0601786a                __interrupt_handler7
                0x06017d6e                __interrupt_handler221
                0x06017d56                __interrupt_handler217
                0x06017d9e                __interrupt_handler229
                0x06017966                __interrupt_handler49
                0x06017858                __interrupt_handler4
                0x06017930                __interrupt_handler40
                0x06017af2                __interrupt_handler115
                0x06017dc2                __interrupt_handler235
                0x06017a62                __interrupt_handler91
                0x06017d14                __interrupt_handler206
                0x06017c66                __interrupt_handler177
                0x06017bb2                __interrupt_handler147
                0x0601791e                __interrupt_handler37
                0x06017e1c                __interrupt_handler250
                0x06017846                __interrupt_handler1
                0x06017d62                __interrupt_handler219
                0x06017a08                __interrupt_handler76
                0x06017a98                __interrupt_handler100
                0x0601799c                __interrupt_handler58
                0x0601789a                __interrupt_handler15
                0x06017d38                __interrupt_handler212
                0x06017de6                __interrupt_handler241
                0x06017cfc                __interrupt_handler202
                0x06017cc6                __interrupt_handler193
                0x06017a14                __interrupt_handler78
                0x0601796c                __interrupt_handler50
                0x06017906                __interrupt_handler33
                0x06017c24                __interrupt_handler166
                0x06017b7c                __interrupt_handler138
                0x06017b6a                __interrupt_handler135
                0x060178f4                __interrupt_handler30
                0x06017c90                __interrupt_handler184
                0x06017b8e                __interrupt_handler141
                0x06017da4                __interrupt_handler230
                0x06017dc8                __interrupt_handler236
                0x06017b0a                __interrupt_handler119
                0x06017a44                __interrupt_handler86
                0x06017ab6                __interrupt_handler105
                0x06017a26                __interrupt_handler81
                0x06017b10                __interrupt_handler120
                0x06017b40                __interrupt_handler128
                0x06017984                __interrupt_handler54
                0x06017882                __interrupt_handler11
                0x06017cea                __interrupt_handler199
                0x06017bdc                __interrupt_handler154
                0x0601794e                __interrupt_handler45
                0x06017d50                __interrupt_handler216
                0x06017d02                __interrupt_handler203
                0x06017a9e                __interrupt_handler101
                0x06017a38                __interrupt_handler84
                0x06017c96                __interrupt_handler185
                0x06017b94                __interrupt_handler142
                0x060178dc                __interrupt_handler26
                0x060179c0                __interrupt_handler64
                0x06017cf0                __interrupt_handler200
                0x06017d1a                __interrupt_handler207
                0x06017ccc                __interrupt_handler194
                0x06017a68                __interrupt_handler92
                0x06017be2                __interrupt_handler155
                0x06017d32                __interrupt_handler211
                0x06017b5e                __interrupt_handler133
                0x0601785e                __interrupt_handler5
                0x060179f6                __interrupt_handler73
                0x060178a0                __interrupt_handler16
                0x06017dda                __interrupt_handler239
                0x06017dbc                __interrupt_handler234
                0x06017912                __interrupt_handler35
                0x060179a2                __interrupt_handler59
                0x06017c36                __interrupt_handler169
                0x06017a8c                __interrupt_handler98
                0x060179ea                __interrupt_handler71
                0x06017972                __interrupt_handler51
                0x06017bfa                __interrupt_handler159
                0x06017d8c                __interrupt_handler226
                0x06017a80                __interrupt_handler96
                0x06017cb4                __interrupt_handler190
                0x06017d68                __interrupt_handler220
                0x06017870                __interrupt_handler8
                0x06017c72                __interrupt_handler179
                0x06017e28                __interrupt_handler252
 *fill*         0x06017e64        0xc 00
 .text          0x06017e70     0x12a0 c:/saturn/sbl6/segalib/lib/sega_spr.a(spr_2c.o)
                0x060190d0                SlaveFlushDrawPrtyBlock
                0x06017e70                SPR_2Initial
                0x060186b4                SPR_2SysClip
                0x06018654                SPR_2LocalCoord
                0x06018f4c                SPR_2FlushDrawPrtyBlock
                0x06018c38                SPR_2DistSpr
                0x0601863c                SPR_2FlushDrawPrty
                0x06018d5c                SPR_2Cmd
                0x06018338                SPR_2GourTblNoToVram
                0x06018398                SPR_2GetAreaSizeInfo
                0x06018100                SPR_2SetGourTbl
                0x060188ec                SPR_2Polygon
                0x06018374                SPR_2CharNoToVram
                0x06018080                SPR_2SetTvMode
                0x060184dc                SPR_2CloseCommand
                0x060180bc                SPR_2FrameEraseData
                0x06017e98                SPR_2Initial2
                0x06018acc                SPR_2ScaleSpr
                0x0601875c                SPR_2Line
                0x06018428                SPR_2OpenCommand
                0x0601809c                SPR_2FrameChgIntr
                0x060189a8                SPR_2NormSpr
                0x06018130                SPR_2SetLookupTbl
                0x06018164                SPR_2SetChar
                0x0601835c                SPR_2LookupTblNoToVram
                0x06018830                SPR_2PolyLine
                0x060182d0                SPR_2ClrAllChar
                0x06018284                SPR_2ClrChar
                0x06018700                SPR_2UserClip
 .text          0x06019110      0x1e6 c:/saturn/sbl6/segalib/lib/sega_spr.a(spr_slv.o)
                0x06019274                SPR_WaitEndSlaveSH
                0x06019110                SPR_SMPC_SSHON
                0x06019250                SPR_RunSlaveSH
                0x06019114                SPR_InitSlaveSH
                0x060191dc                SPR_SlaveSHmain
                0x06019111                SPR_SMPC_SSHOFF
 *fill*         0x060192f6        0xa 00
 .text          0x06019300      0x36a c:/saturn/sbl6/segalib/lib/sega_spr.a(spr_1c.o)
                0x060195b4                SPR_WaitDrawEnd
                0x060195cc                SPR_SetEosMode
                0x060194e4                SPR_SetEraseData
                0x06019300                SPR_Initial
                0x060193d8                SPR_SetTvMode
                0x06019470                SPR_GetStatus
 *fill*         0x0601966a        0x6 00
 .text          0x06019670      0x244 c:/saturn/sbl6/segalib/lib/sega_spr.a(spr_2a.o)
                0x06019682                sprMemCpyW
                0x060196e0                flushDrawPrtyBlock
                0x06019670                sprMemCpyL
                0x06019694                SPR_2SetDrawPrty
 *fill*         0x060198b4        0xc 00
 .text          0x060198c0      0x2fc c:/saturn/sbl6/segalib/lib/sega_scl.a(scl_vblv.o)
                0x0601997c                SCL_DisplayFrame
                0x060198c0                SCL_SetFrameInterval
                0x060199b0                SCL_VblInit
                0x06019a00                SCL_VblankStart
                0x06019a44                SCL_VblankEnd
 *fill*         0x06019bbc        0x4 00
 .text          0x06019bc0      0x1f4 c:/saturn/sbl6/segalib/lib/sega_scl.a(scl_pr12.o)
                0x06019bc0                SCL_SetColOffset
 *fill*         0x06019db4        0xc 00
 .text          0x06019dc0       0x9c c:/saturn/sbl6/segalib/lib/sega_scl.a(scl_pr02.o)
                0x06019dc0                SCL_SetColRam
 *fill*         0x06019e5c        0x4 00
 .text          0x06019e60      0x180 c:/saturn/sbl6/segalib/lib/sega_scl.a(scl_pr11.o)
                0x06019e60                SCL_SetAutoColOffset
 .text          0x06019fe0      0x278 c:/saturn/sbl6/segalib/lib/sega_scl.a(scl_fu05.o)
                0x0601a09c                SCL_SetLineParam
                0x06019fe8                SCL_InitLineParamTb
 *fill*         0x0601a258        0x8 00
 .text          0x0601a260      0x214 c:/saturn/sbl6/segalib/lib/sega_scl.a(scl_pr07.o)
                0x0601a260                SCL_SetPriority
 *fill*         0x0601a474        0xc 00
 .text          0x0601a480      0xb9c c:/saturn/sbl6/segalib/lib/sega_scl.a(scl_func.o)
                0x0601ae5c                SCL_Vdp2_SGLInit
                0x0601ad6c                SCL_PriIntProc
                0x0601ace4                SCL_Memcpyw
                0x0601affc                SCL_SglOff
                0x0601afdc                SCL_SglOn
                0x0601ac50                SCL_ScrollShow
                0x0601a6f8                SCL_Close
                0x0601a9f0                SCL_Scale
                0x0601a480                SCL_Vdp2Init
                0x0601a864                SCL_Move
                0x0601ab2c                SCL_CopyReg
                0x0601a6d4                SCL_Open
                0x0601a504                SCL_ParametersInit
                0x0601a714                SCL_MoveTo
                0x0601ad0c                SCL_SetColRamMode
 *fill*         0x0601b01c        0x4 00
 .text          0x0601b020     0x10a4 c:/saturn/sbl6/segalib/lib/sega_scl.a(scl_pri.o)
                0x0601b0b4                SCL_AbortAutoVe
                0x0601bf64                SCL_SetShadowBit
                0x0601b52c                SCL_AutoExec
                0x0601b020                SCL_PriorityInit
                0x0601ba40                SCL_IncColOffset
                0x0601b0c8                SCL_SetColMixRate
                0x0601b098                SCL_GetColRamMode
 *fill*         0x0601c0c4        0xc 00
 .text          0x0601c0d0       0x98 c:/saturn/sbl6/segalib/lib/sega_scl.a(scl_pr10.o)
                0x0601c0d0                SCL_SetAutoColMix
 *fill*         0x0601c168        0x8 00
 .text          0x0601c170       0x58 c:/saturn/sbl6/segalib/lib/sega_scl.a(scl_pr01.o)
                0x0601c170                SCL_SetSpriteMode
 *fill*         0x0601c1c8        0x8 00
 .text          0x0601c1d0      0x1ec c:/saturn/sbl6/segalib/lib/sega_scl.a(scl_fu01.o)
                0x0601c1d0                SCL_SetDisplayMode
 *fill*         0x0601c3bc        0x4 00
 .text          0x0601c3c0       0x28 c:/saturn/sbl6/segalib/lib/sega_scl.a(scl_fu04.o)
                0x0601c3c0                SCL_SetCycleTable
 *fill*         0x0601c3e8        0x8 00
 .text          0x0601c3f0      0x138 c:/saturn/sbl6/segalib/lib/sega_scl.a(scl_pr03.o)
                0x0601c3f0                SCL_FreeColRam
                0x0601c428                SCL_AllocColRam
 *fill*         0x0601c528        0x8 00
 .text          0x0601c530       0x84 c:/saturn/sbl6/segalib/lib/sega_scl.a(scl_back.o)
                0x0601c530                SCL_SetBack
 *fill*         0x0601c5b4        0xc 00
 .text          0x0601c5c0      0x94c c:/saturn/sbl6/segalib/lib/sega_scl.a(scl_fu03.o)
                0x0601c61c                SCL_SetConfig
                0x0601c5c0                SCL_InitConfigTb
 *fill*         0x0601cf0c        0x4 00
 .text          0x0601cf10      0x4f4 c:/saturn/sbl6/segalib/lib/sega_scl.a(scl_fu02.o)
                0x0601cf48                SCL_SetVramConfig
                0x0601cf10                SCL_InitVramConfigTb
 *fill*         0x0601d404        0xc 00
 .text          0x0601d410       0x40 c:/saturn/sbl6/segalib/lib/sega_scl.a(scl_pr09.o)
                0x0601d410                SCL_SetColMixMode
 .text          0x0601d450       0xac c:/saturn/sbl6/segalib/lib/sega_scl.a(scl_pr05.o)
                0x0601d450                SCL_GetColRamOffset
 *fill*         0x0601d4fc        0x4 00
 .text          0x0601d500     0x1394 c:/saturn/sbl6/segalib/lib/sega_scl.a(scl_ro00.o)
                0x0601e6ec                SCL_RotateZD
                0x0601d9b4                SCL_Rotate
                0x0601d688                SCL_InitRotateTable
 *fill*         0x0601e894        0xc 00
 .text          0x0601e8a0      0x1b4 c:/saturn/sbl6/segalib/lib/sega_scl.a(scl_pr06.o)
                0x0601e8a0                SCL_SetColRamOffset
 *fill*         0x0601ea54        0xc 00
 .text          0x0601ea60      0x600 c:/saturn/sbl6/segalib/lib/sega_mth.a(mth_tri.o)
                0x0601eafc                fcos
                0x0601eb02                fsin
                0x0601eaac                MTH_Cos
                0x0601ea60                MTH_Sin
                0x0601eca0                MTH_Atan
 .text          0x0601f060       0xa4 c:/saturn/sbl6/segalib/lib/sega_mth.a(mth_fixd.o)
                0x0601f0b0                MTH_FixedToInt
                0x0601f0a0                MTH_IntToFixed
                0x0601f060                MTH_Mul
                0x0601f0c0                MTH_Product
                0x0601f080                MTH_Div
 *fill*         0x0601f104        0xc 00
 .text          0x0601f110       0x30 c:/saturn/sbl6/segalib/lib/sega_mth.a(mth_rand.o)
                0x0601f120                MTH_GetRand
                0x0601f110                MTH_InitialRand
 .text          0x0601f140      0x130 c:/saturn/sbl6/segalib/lib/sega_cdc.a(cdc_drv.o)
                0x0601f140                CDC_CdPlay
                0x0601f20c                CDC_CdSeek
                0x0601f240                CDC_CdScan
 .text          0x0601f270      0x3a0 c:/saturn/sbl6/segalib/lib/sega_cdc.a(cdc_cmn.o)
                0x0601f414                CDC_TgetToc
                0x0601f5b8                CDC_DataEnd
                0x0601f2d8                CDC_GetPeriStat
                0x0601f54c                CDC_DataReady
                0x0601f524                CDC_CdOpen
                0x0601f4a0                CDC_CdInit
                0x0601f464                CDC_GetSes
                0x0601f2c0                CDC_GetLastStat
                0x0601f270                CDC_GetCurStat
                0x0601f3ac                CDC_GetHwInfo
 .text          0x0601f610      0x152 c:/saturn/sbl6/segalib/lib/sega_cdc.a(cdc_sub.o)
                0x0601f6b8                CDSUB_GetCdstat
                0x0601f628                CDSUB_UpdCdstat
                0x0601f6f8                CDSUB_RspToCdstat
                0x0601f740                CDSUB_SoftTimer
                0x0601f610                CDSUB_UpdStatus
                0x0601f648                CDSUB_CdCmd
 *fill*         0x0601f762        0xe 00
 .text          0x0601f770      0x2dc c:/saturn/sbl6/segalib/lib/sega_cdc.a(cdc_reg.o)
                0x0601f7c4                CDREG_ClrHirqReq
                0x0601f794                CDC_ClrHirqReq
                0x0601f844                CDREG_TgetData
                0x0601f834                CDC_GetMpegPtr
                0x0601f810                CDC_GetHirqMsk
                0x0601f770                CDC_GetDataPtr
                0x0601f780                CDC_GetHirqReq
                0x0601f9a0                CDREG_WaitHirq
                0x0601f824                CDC_SetHirqMsk
                0x0601f8a0                CDREG_CmdRsp
                0x0601f7d4                CDREG_InitHirqReq
                0x0601f7fc                CDREG_SetHirqFlag
                0x0601fa10                CDREG_ReadRsp
 *fill*         0x0601fa4c        0x4 00
 .text          0x0601fa50      0xf50 c:/saturn/sbl6/segalib/lib/sega_per.a(per_prt.o)
                0x0601fe70                PER_IntFunc
                0x0601fc68                PER_LGetPer
                0x0601fa50                PER_LInit
 .text          0x060209a0     0x1b04 c:/saturn/sbl6/segalib/lib/sega_sat.a(gfs.o)
                0x060209a0                gfs_version
                0x06021c14                gfs_mngGetNumFile
                0x06022394                gfs_closeSub
                0x06021730                GFS_SetGmode
                0x060219ec                GFS_SetErrFunc
                0x06021b3c                gfs_mngSetupFuncTbl
                0x06020cf8                GFS_Reset
                0x06021a64                gfs_chgRoot
                0x06021b30                gfs_aborttrans
                0x06021e14                gfs_svrAddHndl
                0x06021cc4                gfs_mngFreeGrp
                0x06021a3c                GFS_ConvTno
                0x06021fc8                gfs_getRootDir
                0x06021a18                GFS_GetErrStat
                0x06020e68                GFS_Seek
                0x060214d4                GFS_NwStop
                0x06021cd0                gfs_mngTermAccess
                0x06020d7c                GFS_Open
                0x06021c7c                GFS_mngAllocGrp
                0x060223dc                gfs_isTaskDone
                0x060211d4                GFS_Fread
                0x06021934                GFS_StartTrans
                0x06022330                gfs_GetFinfo
                0x06021b70                gfs_mngInitWork
                0x06020fc0                GFS_ByteToSct
                0x06021dd4                gfs_svrSearchHndl
                0x060220c4                gfs_loadRootDir
                0x06020c1c                GFS_IdToName
                0x06021318                GFS_NwFread
                0x06021864                GFS_SetTransPara
                0x06021424                GFS_NwCdRead
                0x06021f04                gfs_loadVol
                0x06021800                GFS_SetReadPara
                0x06020f1c                GFS_Tell
                0x06021794                GFS_SetTmode
                0x06022298                GFS_GetFad
                0x060218d0                GFS_SetTrFunc
                0x06021980                GFS_CdMovePickup
                0x06020bb8                GFS_NameToId
                0x060215ec                GFS_NwExecOne
                0x0602214c                gfs_flowIn
                0x06021074                GFS_GetFileInfo
                0x060221f4                gfs_transData
                0x06021e50                gfs_svrRemoveHndl
                0x0602149c                GFS_NwIsComplete
                0x060223d0                gfs_getGmode
                0x06021540                GFS_NwGetStat
                0x06021eac                GFS_OpenSub
                0x06020b50                GFS_SetDir
                0x0602101c                GFS_GetFileSize
                0x060210e8                GFS_GetNumCdbuf
                0x06022430                gfs_convFinStat
                0x06021110                GFS_Load
                0x06021270                gfs_waitRead
                0x06020aa8                GFS_LoadDir
                0x06020c88                GFS_GetDirInfo
                0x06020e30                GFS_Close
                0x060209c0                GFS_Init
                0x060215bc                gfs_recovRdErr
                0x06021d54                gfs_mngSetErrCode
                0x060216ac                GFS_NwExecServer
                0x06020f6c                GFS_IsEof
                0x060222f0                gfs_SetSct
 *fill*         0x060224a4        0xc 00
 .text          0x060224b0       0x90 c:/saturn/sbl6/segalib/lib/sega_sat.a(DMA_CPU1.o)
                0x060224b0                DMA_CpuMemCopy1
 .text          0x06022540       0x94 c:/saturn/sbl6/segalib/lib/sega_sat.a(DMA_CPU2.o)
                0x06022540                DMA_CpuMemCopy2
 *fill*         0x060225d4        0xc 00
 .text          0x060225e0      0x1f4 c:/saturn/sbl6/segalib/lib/sega_sat.a(DMA_SCU1.o)
                0x0602273c                DMA_ScuResult
                0x060225e0                DMA_ScuInit
                0x06022630                DMA_ScuMemCopy
 *fill*         0x060227d4        0xc 00
 .text          0x060227e0      0x8d4 c:/saturn/sbl6/segalib/lib/sega_sat.a(gfs_cdf.o)
                0x06022cd4                GFCF_Seek
                0x06022ddc                GFCF_GetStat
                0x06022cbc                GFCF_Tell
                0x06022880                GFCF_Setup
                0x06022d88                GFCF_cnvIntlvOfs
                0x060227e0                GFCF_Init
                0x06022c74                GFCF_Recover
                0x060229c8                GFCF_SetSct
                0x06022cec                GFCF_MovePickup
                0x06022eb0                gfcf_isCdOk
                0x06022a80                GFCF_FlowInBuf
                0x06022a0c                GFCF_GetFileInfo
                0x06022bd4                GFCF_StopInBuf
                0x06022e74                gfcf_getSctSize
                0x06022f70                gfcf_getPlayRange
 *fill*         0x060230b4        0xc 00
 .text          0x060230c0      0x928 c:/saturn/sbl6/segalib/lib/sega_sat.a(gfs_dir.o)
                0x060235b0                gfdr_setNextRec
                0x060239ac                gfdr_setDirrecCd
                0x060233a8                gfdr_open
                0x060231bc                GFDR_GetAtrDirId
                0x06023490                gfdr_readByte
                0x060230c0                GFDR_SetupDirTbl
                0x06023588                gfdr_readLongNM
                0x06023634                gfdr_readDirEnt
                0x060231ec                GFDR_ChgRoot
                0x06023134                GFDR_NameToId
                0x06023278                gfdr_setupDirIdTbl
                0x060231d4                GFDR_GetAtrDirName
                0x06023194                GFDR_GetInfoDirId
                0x0602353c                gfdr_readLongNB
                0x060233d0                gfdr_read
                0x060234bc                gfdr_readWord
                0x060232fc                gfdr_setupDirNameTbl
                0x060231a8                GFDR_GetInfoDirName
                0x06023204                GFDR_ChgDir
                0x060234e8                gfdr_readWordNB
 *fill*         0x060239e8        0x8 00
 .text          0x060239f0      0xa46 c:/saturn/sbl6/segalib/lib/sega_sat.a(gfs_trn.o)
                0x06023ad0                GFTR_SetTransMax
                0x06023ea0                gftr_execScu
                0x06024424                GFTR_SetTransFunc
                0x060242ec                gftr_remTrn
                0x06024410                GFTR_SetData
                0x06024110                gftr_execSdma1
                0x06024360                gftr_copyFrac
                0x06023ac4                GFTR_GetNumTrans
                0x06023a64                GFTR_SetMode
                0x060240e0                gftr_remDma0
                0x06024388                GFTR_GetLenData
                0x06023e94                gftr_reqScu
                0x060240f8                gftr_reqDma1
                0x06023db0                gftr_getSrcPack
                0x060243e0                GFTR_RtnDstPk
                0x06023f7c                gfdma_exec
                0x06024214                gftr_execTrn
                0x06023ca8                GFTR_ExecSvr
                0x060241a4                gftr_reqTrn
                0x0602406c                gfdma_getBytecnt
                0x0602414c                gftr_reqCpu
                0x060243ac                GFTR_GetDstPack
                0x060240a4                gftr_reqDma0
                0x06023c30                GFTR_Idle
                0x06023ae8                GFTR_Pause
                0x06023ab8                GFTR_GetTransPara
                0x06024198                gftr_remCpu
                0x06023a84                GFTR_SetTransPara
                0x06024134                gftr_remDma1
                0x06023af4                GFTR_Stop
                0x060240bc                gftr_execSdma0
                0x06023a20                GFTR_Setup
                0x06023f3c                gftr_remScu
                0x06023e38                gftr_getDstPack
                0x06023f70                gfdma_canUse
                0x06023bac                GFTR_Exec
                0x060243fc                GFTR_GetData
                0x06023adc                GFTR_Start
                0x06023a78                GFTR_SetUnit
                0x06024158                gftr_execCpu
                0x06024394                GFTR_GetLenRoom
 *fill*         0x06024436        0xa 00
 .text          0x06024440      0x106 c:/saturn/sbl6/segalib/lib/sega_sat.a(gfs_buf.o)
                0x06024498                GFBF_GetNumData
                0x06024514                GFBF_RtnPk
                0x060244c8                GFBF_GetSrcPk
                0x0602453c                gfbf_getSctDt
                0x06024470                GFBF_GetTranData
                0x060244f0                GFBF_GetSctData
 *fill*         0x06024546        0xa 00
 .text          0x06024550      0x600 c:/saturn/sbl6/segalib/lib/sega_sat.a(gfs_cdb.o)
                0x06024af8                GFCB_GetPickup
                0x06024670                GFCB_Close
                0x0602493c                GFCB_GetSrcPack
                0x06024ac4                GFCB_SetCon
                0x06024744                GFCB_GetLenRoom
                0x06024aa8                GFCB_MovePickup
                0x06024a1c                GFCB_GetSctData
                0x06024750                GFCB_SetFilt
                0x06024698                GFCB_GetLenData
                0x06024b38                GFCB_UngetPickup
                0x06024550                GFCB_Setup
                0x060247e0                GFCB_Tell
                0x06024b20                GFCB_IsPuOwner
                0x06024840                GFCB_Seek
                0x060247b8                GFCB_DeleteAllData
                0x06024a54                GFCB_GetDstPack
                0x060247f0                gfcb_getSctNum
                0x06024a60                GFCB_RtnPk
 .text          0x06024b50     0x1a04 c:/saturn/sbl6/segalib/lib/sega_sat.a(gfs_cdc.o)
                0x06024dec                GFCD_AllocBuf
                0x06025bc8                gfcd_doGetLenDataTsk
                0x06026464                GFCD_SetCsctFunc
                0x06024ec4                GFCD_GetBaseFad
                0x06025040                GFCD_GetFilt
                0x06026054                gfcd_doChgDirTsk
                0x06026394                gfcd_checkEflag
                0x06025388                GFCD_MovePickup
                0x0602546c                GFCD_GetSctInfo
                0x06025d1c                gfcd_doReqDataTsk
                0x060254b4                GFCD_ChgDir
                0x060251a8                GFCD_ReqData
                0x06026480                GFCD_ChkScdqFlag
                0x06025938                GFCD_WaitServer
                0x0602524c                GFCD_DelSctData
                0x06025724                GFCD_ExecServer
                0x06025b38                gfcd_doSetConTsk
                0x06024d80                GFCD_AllocFilt
                0x06024f7c                GFCD_SetFilt
                0x06025974                gfcd_doSetFiltTsk
                0x060264a4                GFCD_ClrScdqFlag
                0x06025dbc                gfcd_doDelSctDataTsk
                0x06025880                gfcd_doTask
                0x06024ef8                GFCD_GetPickup
                0x06025448                GFCD_CheckMove
                0x060264c0                GFCD_WaitScdqFlag
                0x060250e0                GFCD_Play
                0x06025ef0                gfcd_doMoveSctTsk
                0x06025088                GFCD_SetCon
                0x06025528                GFCD_SetFiltCon
                0x06026504                GFCD_WaitPause
                0x060256ec                GFCD_GetBufSiz
                0x06024f2c                GFCD_UngetPickup
                0x06025610                GFCD_GetFileInfo
                0x06025204                GFCD_EndData
                0x06024e20                GFCD_FreeBuf
                0x06025140                GFCD_GetLenData
                0x06024dbc                GFCD_FreeFilt
                0x060257f8                gfcd_isIdleTask
                0x06024b7c                GFCD_Init
                0x06026250                gfcd_doSetFiltConTsk
                0x060252d4                GFCD_GetStat
                0x060253d4                GFCD_MoveSctData
                0x06024f58                GFCD_IsPuOwner
                0x060263b8                gfcd_initCdbMng
                0x06024b50                GFCD_SetCdbfs
                0x06025924                GFCD_SetTimer
                0x06026438                gfcd_setStat
                0x060252a4                GFCD_CheckDelSctData
 *fill*         0x06026554        0xc 00
 .text          0x06026560      0x1b6 c:/saturn/sbl6/segalib/lib/sega_sat.a(DMA_CPU0.o)
                0x060265a8                DMA_CpuSetPrm
                0x060266ac                DMA_CpuStart
                0x06026704                DMA_CpuGetStatus
                0x060266d8                DMA_CpuAllStop
                0x060266ec                DMA_CpuGetComStatus
                0x06026560                DMA_CpuSetComPrm
                0x060266c0                DMA_CpuStop
 *fill*         0x06026716        0xa 00
 .text          0x06026720       0x50 c:/saturn/sbl6/segalib/lib/sega_sat.a(DMA_CPU5.o)
                0x06026720                DMA_CpuResult
 .text          0x06026770      0x308 c:/saturn/sbl6/segalib/lib/sega_sat.a(DMA_SCU0.o)
                0x060267f4                DMA_ScuStart
                0x06026928                DMA_ScuIntFunc0
                0x06026998                DMA_ScuIntFunc1
                0x06026a08                DMA_ScuIntFunc2
                0x060268e8                DMA_ScuGetStatus
                0x06026770                DMA_ScuSetPrm
 *fill*         0x06026a78        0x8 00
 .text          0x06026a80       0xe8 c:/saturn/sbl6/segalib/lib/sega_sat.a(csh_main.o)
                0x06026a80                CSH_Init
                0x06026ae8                CSH_AllClr
                0x06026b34                CSH_Purge
 *fill*         0x06026b68        0x8 00
 .text          0x06026b70      0x194 c:/saturn/sbl6/segalib/lib/sega_sat.a(cdc_cfs.o)
                0x06026b70                CDC_ChgDir
                0x06026ba4                CDC_ReadDir
                0x06026cc8                CDC_AbortFile
                0x06026bd8                CDC_GetFileScope
                0x06026c38                CDC_TgetFileInfo
                0x06026c94                CDC_ReadFile
 *fill*         0x06026d04        0xc 00
 .text          0x06026d10      0x1e4 c:/saturn/sbl6/segalib/lib/sega_sat.a(cdc_bio.o)
                0x06026dbc                CDC_GetdelSctData
                0x06026d44                CDC_GetSctData
                0x06026df8                CDC_PutSctData
                0x06026e74                CDC_MoveSctData
                0x06026eb8                CDC_GetCopyErr
                0x06026d80                CDC_DelSctData
                0x06026d10                CDC_SetSctLen
                0x06026e30                CDC_CopySctData
 *fill*         0x06026ef4        0xc 00
 .text          0x06026f00      0x2b8 c:/saturn/sbl6/segalib/lib/sega_sat.a(cdc_sel.o)
                0x06027130                CDC_GetFiltCon
                0x060270ac                CDC_GetFiltMode
                0x06027184                CDC_ResetSelector
                0x06026f00                CDC_SetFiltRange
                0x06026f8c                CDC_SetFiltSubh
                0x06026ffc                CDC_GetFiltSubh
                0x06026f34                CDC_GetFiltRange
                0x06027078                CDC_SetFiltMode
                0x060270f0                CDC_SetFiltCon
 *fill*         0x060271b8        0x8 00
 .text          0x060271c0      0x270 c:/saturn/sbl6/segalib/lib/sega_sat.a(cdc_bif.o)
                0x0602721c                CDC_GetSctNum
                0x0602739c                CDC_ExeFadSearch
                0x0602731c                CDC_GetSctInfo
                0x06027260                CDC_CalActSiz
                0x060271c0                CDC_GetBufSiz
                0x0602729c                CDC_GetActSiz
                0x060273d4                CDC_GetFadSearch
 .text          0x06027430       0xa8 c:/saturn/sbl6/segalib/lib/sega_sat.a(cdc_dev.o)
                0x0602749c                CDC_CdGetLastBuf
                0x06027430                CDC_CdSetCon
                0x06027460                CDC_CdGetCon
 *fill*         0x060274d8        0x8 00
 .text          0x060274e0       0x60 c:/saturn/SH_COFF/sh-coff/bin/../lib/gcc/sh-coff/3.4-GNUSH_v0501\libgcc.a(_ashiftrt.o)
                0x060274ec                __ashiftrt_r4_27
                0x06027520                __ashiftrt_r4_6
                0x06027510                __ashiftrt_r4_14
                0x06027502                __ashiftrt_r4_19
                0x0602751a                __ashiftrt_r4_9
                0x0602752e                __ashiftrt_r4_0
                0x060274e0                __ashiftrt_r4_31
                0x060274ee                __ashiftrt_r4_26
                0x060274fc                __ashiftrt_r4_22
                0x06027508                __ashiftrt_r4_16
                0x06027514                __ashiftrt_r4_12
                0x060274e8                __ashiftrt_r4_29
                0x06027506                __ashiftrt_r4_17
                0x060274e6                __ashiftrt_r4_30
                0x06027522                __ashiftrt_r4_5
                0x0602751c                __ashiftrt_r4_8
                0x060274e0                __ashiftrt_r4_32
                0x060274f0                __ashiftrt_r4_25
                0x06027528                __ashiftrt_r4_2
                0x060274f2                __ashiftrt_r4_24
                0x0602750e                __ashiftrt_r4_15
                0x06027518                __ashiftrt_r4_10
                0x0602752a                __ashiftrt_r4_1
                0x060274ea                __ashiftrt_r4_28
                0x06027500                __ashiftrt_r4_20
                0x0602751e                __ashiftrt_r4_7
                0x06027512                __ashiftrt_r4_13
                0x06027516                __ashiftrt_r4_11
                0x06027524                __ashiftrt_r4_4
                0x060274fa                __ashiftrt_r4_23
                0x06027504                __ashiftrt_r4_18
                0x060274fe                __ashiftrt_r4_21
                0x06027526                __ashiftrt_r4_3
 .text          0x06027540       0xb0 c:/saturn/SH_COFF/sh-coff/bin/../lib/gcc/sh-coff/3.4-GNUSH_v0501\libgcc.a(_si_to_df.o)
                0x06027540                __floatsidf
 .text          0x060275f0      0x2e0 c:/saturn/SH_COFF/sh-coff/bin/../lib/gcc/sh-coff/3.4-GNUSH_v0501\libgcc.a(_mul_df.o)
                0x06027600                __muldf3
 .text          0x060278d0       0x80 c:/saturn/SH_COFF/sh-coff/bin/../lib/gcc/sh-coff/3.4-GNUSH_v0501\libgcc.a(_df_to_si.o)
                0x060278d0                __fixdfsi
 .text          0x06027950       0x70 c:/saturn/SH_COFF/sh-coff/bin/../lib/gcc/sh-coff/3.4-GNUSH_v0501\libgcc.a(_udivsi3.o)
                0x06027972                __udivsi3
 .text          0x060279c0       0xa0 c:/saturn/SH_COFF/sh-coff/bin/../lib/gcc/sh-coff/3.4-GNUSH_v0501\libgcc.a(_sdivsi3.o)
                0x060279c0                __sdivsi3
 .text          0x06027a60       0x90 c:/saturn/SH_COFF/sh-coff/bin/../lib/gcc/sh-coff/3.4-GNUSH_v0501\libgcc.a(_ashiftrt_n.o)
                0x06027a60                __ashrsi3
 .text          0x06027af0       0x90 c:/saturn/SH_COFF/sh-coff/bin/../lib/gcc/sh-coff/3.4-GNUSH_v0501\libgcc.a(_ashiftlt.o)
                0x06027af0                __ashlsi3
 .text          0x06027b80       0xb0 c:/saturn/SH_COFF/sh-coff/bin/../lib/gcc/sh-coff/3.4-GNUSH_v0501\libgcc.a(_movstr.o)
                0x06027bc0                __movstrSI16
                0x06027b94                __movstrSI60
                0x06027ba0                __movstrSI48
                0x06027b9c                __movstrSI52
                0x06027b90                __movstrSI64
                0x06027ba4                __movstrSI44
                0x06027ba8                __movstrSI40
                0x06027bac                __movstrSI36
                0x06027be0                __movstr
                0x06027b98                __movstrSI56
                0x06027bb4                __movstrSI28
                0x06027bb0                __movstrSI32
                0x06027bc4                __movstrSI12
                0x06027bc8                __movstrSI8
                0x06027bd0                __movstrSI0
                0x06027bb8                __movstrSI24
                0x06027bbc                __movstrSI20
                0x06027bcc                __movstrSI4
 .text          0x06027c30       0xa0 c:/saturn/SH_COFF/sh-coff/bin/../lib/gcc/sh-coff/3.4-GNUSH_v0501\libgcc.a(__main.o)
                0x06027ca4                __main
                0x06027c30                __do_global_dtors
                0x06027c64                __do_global_ctors
 .text          0x06027cd0      0x220 c:/saturn/SH_COFF/sh-coff/bin/../lib/gcc/sh-coff/3.4-GNUSH_v0501\libgcc.a(_pack_df.o)
                0x06027ce0                __pack_d
 .text          0x06027ef0      0x120 c:/saturn/SH_COFF/sh-coff/bin/../lib/gcc/sh-coff/3.4-GNUSH_v0501\libgcc.a(_unpack_df.o)
                0x06027f00                __unpack_d
 .text          0x06028010       0x20 c:/saturn/SH_COFF/sh-coff/bin/../lib/gcc/sh-coff/3.4-GNUSH_v0501\libgcc.a(_thenan_df.o)
                0x06028010                __thenan_df
 .text          0x06028030       0xd0 c:/saturn/SH_COFF/sh-coff/bin/../lib/gcc/sh-coff/3.4-GNUSH_v0501\libgcc.a(_muldi3.o)
                0x06028030                __muldi3
 .text          0x06028100       0x80 c:/saturn/SH_COFF/sh-coff/bin/../lib/gcc/sh-coff/3.4-GNUSH_v0501\libgcc.a(_lshrdi3.o)
                0x06028100                __lshrdi3
 .text          0x06028180       0x80 c:/saturn/SH_COFF/sh-coff/bin/../lib/gcc/sh-coff/3.4-GNUSH_v0501\libgcc.a(_ashldi3.o)
                0x06028180                __ashldi3
 .text          0x06028200       0x30 c:/saturn/SH_COFF/sh-coff/bin/../lib/gcc/sh-coff/3.4-GNUSH_v0501\libgcc.a(_mulsi3.o)
                0x06028200                __mulsi3
 .text          0x06028230       0x90 c:/saturn/SH_COFF/sh-coff/bin/../lib/gcc/sh-coff/3.4-GNUSH_v0501\libgcc.a(_lshiftrt.o)
                0x06028230                __lshrsi3
 .text          0x060282c0       0x40 c:/saturn/SH_COFF/sh-coff/bin/../lib/gcc/sh-coff/3.4-GNUSH_v0501/../../../../sh-coff/lib\libc.a(memset.o)
                0x060282c0                memset
 .text          0x06028300       0x60 c:/saturn/SH_COFF/sh-coff/bin/../lib/gcc/sh-coff/3.4-GNUSH_v0501/../../../../sh-coff/lib\libc.a(memcmp.o)
                0x06028300                memcmp
 .text          0x06028360       0xa0 c:/saturn/SH_COFF/sh-coff/bin/../lib/gcc/sh-coff/3.4-GNUSH_v0501/../../../../sh-coff/lib\libc.a(memcpy.o)
                0x06028360                memcpy
 .text          0x06028400       0xb0 c:/saturn/SH_COFF/sh-coff/bin/../lib/gcc/sh-coff/3.4-GNUSH_v0501/../../../../sh-coff/lib\libc.a(strncmp.o)
                0x06028400                strncmp
 .text          0x060284b0       0xa0 c:/saturn/SH_COFF/sh-coff/bin/../lib/gcc/sh-coff/3.4-GNUSH_v0501/../../../../sh-coff/lib\libc.a(strncpy.o)
                0x060284b0                strncpy
 .text          0x06028550       0x90 c:/saturn/SH_COFF/sh-coff/bin/../lib/gcc/sh-coff/3.4-GNUSH_v0501/../../../../sh-coff/lib\libc.a(atexit.o)
                0x06028550                atexit
 .text          0x060285e0       0x10 c:/saturn/SH_COFF/sh-coff/bin/../lib/gcc/sh-coff/3.4-GNUSH_v0501/../../../../sh-coff/lib\libc.a(impure.o)
                0x060285e0                _global_impure_ptr
 .text          0x060285f0       0x40 c:/saturn/SH_COFF/sh-coff/bin/../lib/gcc/sh-coff/3.4-GNUSH_v0501/../../../../sh-coff/lib\libc.a(malloc.o)
                0x0602860c                free
                0x060285f0                malloc
 .text          0x06028630      0x5b0 c:/saturn/SH_COFF/sh-coff/bin/../lib/gcc/sh-coff/3.4-GNUSH_v0501/../../../../sh-coff/lib\libc.a(mallocr.o)
                0x06028630                _malloc_r
 .text          0x06028be0      0x340 c:/saturn/SH_COFF/sh-coff/bin/../lib/gcc/sh-coff/3.4-GNUSH_v0501/../../../../sh-coff/lib\libc.a(freer.o)
                0x06028be0                _malloc_trim_r
                0x06028cd4                _free_r
 .text          0x06028f20       0x20 c:/saturn/SH_COFF/sh-coff/bin/../lib/gcc/sh-coff/3.4-GNUSH_v0501/../../../../sh-coff/lib\libc.a(mlock.o)
                0x06028f20                __malloc_lock
                0x06028f2c                __malloc_unlock
 .text          0x06028f40       0x50 c:/saturn/SH_COFF/sh-coff/bin/../lib/gcc/sh-coff/3.4-GNUSH_v0501/../../../../sh-coff/lib\libc.a(sbrkr.o)
                0x06028f40                _sbrk_r
 .text          0x06028f90      0x380 c:/saturn/SH_COFF/sh-coff/bin/../lib/gcc/sh-coff/3.4-GNUSH_v0501/../../../../sh-coff/lib\libc.a(syscalls.o)
                0x060290fc                _exit
                0x06029130                _getpid
                0x06029198                _utime
                0x06028fc8                _write
                0x06028f90                _read
                0x060290e4                _unlink
                0x060290ac                _open
                0x06029148                _stat
                0x060290f0                isatty
                0x060291c8                _wait
                0x06029114                _kill
                0x06029164                _chmod
                0x060291f8                _execv
                0x060291dc                _execve
                0x060292d4                __setup_argv_and_call_main
                0x06029230                _gettimeofday
                0x06028ffc                _link
                0x0602913c                _raise
                0x060290c8                _creat
                0x06029210                _pipe
                0x0602917c                _chown
                0x06028fac                _lseek
                0x06028fe4                _close
                0x06029224                _times
                0x06029098                _fstat
                0x060291b4                _fork
                0x06029024                _sbrk
 .text          0x06029310       0x20 c:/saturn/SH_COFF/sh-coff/bin/../lib/gcc/sh-coff/3.4-GNUSH_v0501/../../../../sh-coff/lib\libc.a(trap.o)
                0x06029310                __trap34
 .text          0x06029330       0x20 c:/saturn/SH_COFF/sh-coff/bin/../lib/gcc/sh-coff/3.4-GNUSH_v0501/../../../../sh-coff/lib\libc.a(abort.o)
                0x06029330                abort
 .text          0x06029350      0x270 c:/saturn/SH_COFF/sh-coff/bin/../lib/gcc/sh-coff/3.4-GNUSH_v0501/../../../../sh-coff/lib\libc.a(signal.o)
                0x06029410                _raise_r
                0x06029598                __sigtramp
                0x06029544                raise
                0x06029580                _init_signal
                0x060294d0                __sigtramp_r
                0x06029560                signal
                0x0602939c                _signal_r
                0x06029350                _init_signal_r
 .text          0x060295c0       0x60 c:/saturn/SH_COFF/sh-coff/bin/../lib/gcc/sh-coff/3.4-GNUSH_v0501/../../../../sh-coff/lib\libc.a(signalr.o)
                0x06029608                _getpid_r
                0x060295c0                _kill_r
 *(.strings)

.tors           0x06029620        0x0
                0x06029620                ___ctors = .
 *(.ctors)
                0x06029620                ___ctors_end = .
                0x06029620                ___dtors = .
 *(.dtors)
                0x06029620                ___dtors_end = .

.data           0x06029620     0x5480
                0x06029620                STARTOF_R = .
 *(.data)
 .data          0x06029620      0x400 smpclib/per_x1.o
 .data          0x06029a20       0x60 cutscene.o
                0x06029a20                tomo_text
 .data          0x06029a80       0xd0 game.o
                0x06029a80                powerup_names
 .data          0x06029b50     0x3f60 graphics.o
                0x0602b990                cyberblock_name
                0x06029c46                bit_num
                0x0602ce76                girl2_num
                0x0602ac74                soon_name
                0x0602b9e0                metalorange_name
                0x06029e3e                ship_size
                0x0602b9ee                metalorange_num
                0x0602acd0                chipgame_pal
                0x0602ca6a                girl3_num
                0x0602a3c6                chipover_num
                0x06029f74                game_name
                0x0602b4f0                menufont_pal
                0x06029c9a                capsule_num
                0x0602b53e                menufont_num
                0x06029d94                beffect_size
                0x0602ac7e                soon_num
                0x0602d282                girl1_num
                0x0602b9a0                metalorange_pal
                0x0602d284                roarframes_pal
                0x0602acc0                gamestar_name
                0x06029cec                blocks2_size
                0x06029b50                barrier_pal
                0x06029fa4                starnear_name
                0x06029f4c                gamefar_height
                0x06029e40                ship_num
                0x0602d694                roarbg_pal
                0x06029d90                beffect_height
                0x0602da94                roarbg_name
                0x06029d98                explosion_pal
                0x0602ac80                gamestar_pal
                0x06029f70                gamenear_width
                0x0602a3c8                gameover_pal
                0x06029dd8                explosion_name
                0x06029d42                blocks1_num
                0x06029c96                capsule_width
                0x06029c94                capsule_height
                0x06029ba0                barrier_size
                0x06029e96                starspr_num
                0x06029b9e                barrier_width
                0x0602d278                girl1_name
                0x0602b0e0                game_tiles_pal
                0x06029cee                blocks2_num
                0x0602b9f0                title_pal
                0x06029d30                blocks1_name
                0x06029ee2                font_height
                0x0602d684                roarframes_name
                0x0602ca60                girl3_name
                0x06029f4e                gamefar_width
                0x0602ce78                girl1_pal
                0x0602b530                menufont_name
                0x0602ac34                soon_pal
                0x0602b94e                chipframes_num
                0x06029eec                ball_pal
                0x0602c660                girl3_pal
                0x0602b0de                chipgame_num
                0x06029c98                capsule_size
                0x06029e94                starspr_size
                0x0602a818                cutscfont_name
                0x06029cf0                blocks1_pal
                0x06029f60                gamenear_name
                0x06029de8                explosion_width
                0x0602c252                girl5_num
                0x06029f3c                ball_num
                0x0602bdfa                title_num
                0x06029ed8                font_name
                0x06029d92                beffect_width
                0x06029bf4                laser_num
                0x06029e44                starspr_pal
                0x0602a418                cutscfont_pal
                0x0602daa0                roarbg_num
                0x06029f38                ball_width
                0x0602b99e                cyberblock_num
                0x0602ac28                tomo_name
                0x0602be48                girl5_pal
                0x06029e3a                ship_height
                0x0602b4ee                game_tiles_num
                0x06029f36                ball_height
                0x06029f6e                gamenear_height
                0x06029ee4                font_width
                0x0602be46                stars_num
                0x0602a416                gameover_num
                0x06029f3a                ball_size
                0x0602a3b8                chipover_name
                0x06029be4                laser_name
                0x06029c44                bit_size
                0x06029e3c                ship_width
                0x06029ba2                barrier_num
                0x0602bdf0                title_name
                0x0602b940                chipframes_name
                0x06029f84                starfar_name
                0x06029d3c                blocks1_height
                0x06029bf0                laser_width
                0x0602be3c                stars_name
                0x06029c38                bit_name
                0x0602acce                gamestar_num
                0x06029f5c                gamemid_height
                0x0602a408                gameover_name
                0x06029df0                ship_pal
                0x06029f2c                ball_name
                0x06029ee8                font_num
                0x06029e98                font_pal
                0x06029fa2                starmid_width
                0x06029fb4                starnear_width
                0x06029f50                gamemid_name
                0x06029b9c                barrier_height
                0x06029bf8                bit_pal
                0x06029cea                blocks2_width
                0x06029d40                blocks1_size
                0x06029e92                starspr_width
                0x0602b540                chipframes_pal
                0x06029f7e                game_height
                0x06029f90                starfar_height
                0x06029dec                explosion_num
                0x0602c65e                girl4_num
                0x0602a828                tomo_pal
                0x06029c88                capsule_name
                0x06029f5e                gamemid_width
                0x06029ce8                blocks2_height
                0x06029d84                beffect_name
                0x06029d3e                blocks1_width
                0x06029ee6                font_size
                0x06029cdc                blocks2_name
                0x06029c40                bit_height
                0x06029bee                laser_height
                0x06029e84                starspr_name
                0x0602d692                roarframes_num
                0x0602b950                cyberblock_pal
                0x06029fb2                starnear_height
                0x06029f94                starmid_name
                0x06029e30                ship_name
                0x0602c248                girl5_name
                0x0602c254                girl4_pal
                0x06029c9c                blocks2_pal
                0x06029c42                bit_width
                0x06029fa0                starmid_height
                0x0602bdfc                stars_pal
                0x06029f40                gamefar_name
                0x06029c48                capsule_pal
                0x06029ba4                laser_pal
                0x0602b4e0                game_tiles_name
                0x06029d96                beffect_num
                0x06029e90                starspr_height
                0x06029d44                beffect_pal
                0x0602c654                girl4_name
                0x06029fb8                chipover_pal
                0x06029f80                game_width
                0x0602ca6c                girl2_pal
                0x06029bf2                laser_size
                0x06029b90                barrier_name
                0x06029f92                starfar_width
                0x06029dea                explosion_size
                0x06029de6                explosion_height
                0x0602b0d0                chipgame_name
                0x0602ce6c                girl2_name
 .data          0x0602dab0      0x190 intro.o
 .data          0x0602dc40       0x90 level.o
                0x0602dc44                level_blocks
                0x0602dc40                level_lengths
                0x0602dc48                level0_blocks
 .data          0x0602dcd0       0x40 logo.o
 .data          0x0602dd10       0x80 menu.o
                0x0602dd10                cutscene
 .data          0x0602dd90       0x10 pcmsys.o
                0x0602dd94                scsp_load
                0x0602dd98                m68k_com
                0x0602dd90                master_volume
 .data          0x0602dda0       0x50 scroll.o
                0x0602ddc0                CycleTbLoRes
                0x0602dde0                vram
                0x0602dda0                CycleTbBitmap
                0x0602ddd0                char_offsets
                0x0602ddb0                CycleTbHiRes
 .data          0x0602ddf0       0x30 sprite.o
 .data          0x0602de20      0x400 c:/saturn/sbl6/segalib/lib/sega_int.a(int.o)
 .data          0x0602e220       0x1c c:/saturn/sbl6/segalib/lib/sega_spr.a(spr_slv.o)
                0x0602e228                SPR_SlaveParam
                0x0602e238                SPR_SMPC_SF
                0x0602e230                SPR_SMPC_COM
                0x0602e22c                SPR_SlaveSHEntry
                0x0602e224                SPR_SlaveState
                0x0602e220                SPR_SlaveCommand
                0x0602e234                SPR_SMPC_RET
 *fill*         0x0602e23c        0x4 00
 .data          0x0602e240       0x34 c:/saturn/sbl6/segalib/lib/sega_spr.a(spr_1c.o)
                0x0602e240                SpInitialFlag
 *fill*         0x0602e274        0xc 00
 .data          0x0602e280       0x1c c:/saturn/sbl6/segalib/lib/sega_scl.a(scl_vblv.o)
                0x0602e288                VBInterval
                0x0602e290                ReqDisplayFlag
                0x0602e280                SpFrameChgMode
                0x0602e28c                VBIntervalCounter
                0x0602e284                SpFrameEraseMode
 *fill*         0x0602e29c        0x4 00
 .data          0x0602e2a0       0x36 c:/saturn/sbl6/segalib/lib/sega_scl.a(scl_func.o)
                0x0602e2b0                SclRotregBuff
                0x0602e2ac                SclDisplayY
                0x0602e2b4                SclRotateTableMode
                0x0602e2a8                SclProcess
                0x0602e2a4                SclCurSclNum
                0x0602e2a0                SclLengthLsTbl
                0x0602e2aa                SclDisplayX
                0x0602e2a2                SclLengthCsTbl
 *fill*         0x0602e2d6        0xa 00
 .data          0x0602e2e0       0x18 c:/saturn/sbl6/segalib/lib/sega_scl.a(scl_pri.o)
                0x0602e2e4                SclRealSpPriNum
                0x0602e2f4                SclRealColOffset
                0x0602e2f0                SclRealBgColMix
                0x0602e2ec                SclRealSpColMix
                0x0602e2e8                SclRealBgPriNum
                0x0602e2e0                SclRealOtherPri
 *fill*         0x0602e2f8        0x8 00
 .data          0x0602e300        0x4 c:/saturn/sbl6/segalib/lib/sega_mth.a(mth_rand.o)
 *fill*         0x0602e304        0xc 00
 .data          0x0602e310      0x380 c:/saturn/SH_COFF/sh-coff/bin/../lib/gcc/sh-coff/3.4-GNUSH_v0501/../../../../sh-coff/lib\libc.a(impure.o)
                0x0602e68c                _impure_ptr
 .data          0x0602e690      0x410 c:/saturn/SH_COFF/sh-coff/bin/../lib/gcc/sh-coff/3.4-GNUSH_v0501/../../../../sh-coff/lib\libc.a(mallocr.o)
                0x0602e698                __malloc_av_
                0x0602e694                __malloc_trim_threshold
                0x0602e690                __malloc_sbrk_base
                0x0602eaa0                SIZEOF_R = (. - STARTOF_R)
                0x0602eaa0                ENDOF_R = .

.bss            0x0602eaa0    0x11ee4
                0x0602eaa0                STARTOF_B = .
 *(.bss)
 .bss           0x0602eaa0       0x10 vblank.o
                0x0602eaa4                PadData2E
                0x0602eaaa                PadData1
                0x0602eaa6                PadData2
                0x0602eaa8                PadData1E
                0x0602eaa0                __port
 .bss           0x0602eab0       0xe0 smpclib/per_x2.o
 .bss           0x0602eb90       0x10 ball.o
 .bss           0x0602eba0       0x10 barrier.o
 .bss           0x0602ebb0       0x10 capsule.o
 .bss           0x0602ebc0       0x10 cutscene.o
 .bss           0x0602ebd0       0x50 game.o
                0x0602ebe4                bit_left
                0x0602ebd4                illusion_charno
                0x0602ebdc                laser_max
                0x0602ebe0                bit_right
                0x0602ebe8                bit_ship
                0x0602ebec                turbo
                0x0602ebf4                score
                0x0602ebd8                illusion
                0x0602ebf0                powerup_cursor
                0x0602ebd0                illusion_cursor
 .bss           0x0602ec20     0x1970 intro.o
 .bss           0x06030590       0x10 laser.o
 .bss           0x060305a0     0x13a0 level.o
 .bss           0x06031940       0x10 logo.o
 .bss           0x06031950       0x60 menu.o
 .bss           0x060319b0       0x10 pcmsys.o
                0x060319b0                numberPCMs
 .bss           0x060319c0       0x10 scroll.o
                0x060319c0                bitmap
                0x060319c4                scroll_res
 .bss           0x060319d0       0x10 soon.o
                0x060319d0                soon_state
 .bss           0x060319e0     0x3d00 sprite.o
                0x060319e0                num_sprites
 .bss           0x060356e0       0x10 main.o
                0x060356e0                frame
 .bss           0x060356f0       0x6e c:/saturn/sbl6/segalib/lib/sega_spr.a(spr_2c.o)
 *fill*         0x0603575e        0x2 00
 .bss           0x06035760        0x4 c:/saturn/sbl6/segalib/lib/sega_scl.a(scl_vblv.o)
 *fill*         0x06035764        0xc 00
 .bss           0x06035770     0x1900 c:/saturn/sbl6/segalib/lib/sega_scl.a(scl_fu05.o)
 .bss           0x06037070        0x4 c:/saturn/sbl6/segalib/lib/sega_scl.a(scl_func.o)
 *fill*         0x06037074        0xc 00
 .bss           0x06037080       0x48 c:/saturn/sbl6/segalib/lib/sega_scl.a(scl_ro00.o)
 *fill*         0x060370c8        0x8 00
 .bss           0x060370d0        0xc c:/saturn/sbl6/segalib/lib/sega_cdc.a(cdc_sub.o)
 *fill*         0x060370dc        0x4 00
 .bss           0x060370e0        0x2 c:/saturn/sbl6/segalib/lib/sega_cdc.a(cdc_reg.o)
 *fill*         0x060370e2        0xe 00
 .bss           0x060370f0       0x9c c:/saturn/sbl6/segalib/lib/sega_per.a(per_prt.o)
 *fill*         0x0603718c        0x4 00
 .bss           0x06037190        0xc c:/saturn/sbl6/segalib/lib/sega_sat.a(DMA_SCU1.o)
 *fill*         0x0603719c        0x4 00
 .bss           0x060371a0        0xc c:/saturn/sbl6/segalib/lib/sega_sat.a(gfs_trn.o)
 *fill*         0x060371ac        0x4 00
 .bss           0x060371b0       0x20 c:/saturn/sbl6/segalib/lib/sega_sat.a(DMA_SCU0.o)
 .bss           0x060371d0       0x10 c:/saturn/SH_COFF/sh-coff/bin/../lib/gcc/sh-coff/3.4-GNUSH_v0501\libgcc.a(__main.o)
 .bss           0x060371e0       0x10 c:/saturn/SH_COFF/sh-coff/bin/../lib/gcc/sh-coff/3.4-GNUSH_v0501/../../../../sh-coff/lib\libc.a(atexit.o)
 .bss           0x060371f0       0x40 c:/saturn/SH_COFF/sh-coff/bin/../lib/gcc/sh-coff/3.4-GNUSH_v0501/../../../../sh-coff/lib\libc.a(mallocr.o)
                0x06037220                __malloc_top_pad
                0x060371f0                __malloc_current_mallinfo
                0x0603721c                __malloc_max_sbrked_mem
                0x06037218                __malloc_max_total_mem
 .bss           0x06037230       0x10 c:/saturn/SH_COFF/sh-coff/bin/../lib/gcc/sh-coff/3.4-GNUSH_v0501/../../../../sh-coff/lib\libc.a(syscalls.o)
 *(COMMON)
 COMMON         0x06037240        0x8 vblank.o
                                  0x0 (size before relaxing)
                0x06037240                PadAnalogR1
                0x06037241                PadAnalogL1
                0x06037242                PadAnalogY1
                0x06037243                PadAnalogX1
                0x06037244                PadID1
 *fill*         0x06037248        0x8 00
 COMMON         0x06037250      0x1e8 ball.o
                                  0x0 (size before relaxing)
                0x06037250                ball_sprites
                0x06037430                ball_count
                0x06037434                ball_mode
 *fill*         0x06037438        0x8 00
 COMMON         0x06037440        0x4 barrier.o
                                  0x0 (size before relaxing)
                0x06037440                barrier_life
 *fill*         0x06037444        0xc 00
 COMMON         0x06037450       0xa0 capsule.o
                                  0x0 (size before relaxing)
                0x06037450                capsules
 COMMON         0x060374f0     0x1674 cd.o
                                  0x0 (size before relaxing)
                0x060374f0                dirname
                0x06037e50                lib_work
                0x06038b58                directory_table
 *fill*         0x06038b64        0xc 00
 COMMON         0x06038b70     0x19c8 game.o
                                  0x0 (size before relaxing)
                0x06038b70                laser_charno
                0x06038b80                ship_sprite
                0x06038b98                explosion_charno
                0x06038ba0                gameover_line
                0x0603a4b0                capsule_charno
                0x0603a4b4                bit_charno
                0x0603a4b8                block_charno
                0x0603a4bc                ship_left
                0x0603a4c0                ship_right
                0x0603a4c4                ball_charno
                0x0603a4d0                illusion_arr
                0x0603a530                barrier_charno
                0x0603a534                gameover_angle
 *fill*         0x0603a538        0x8 00
 COMMON         0x0603a540       0xd0 laser.o
                                  0x0 (size before relaxing)
                0x0603a540                laser_count
                0x0603a550                laser_sprites
 COMMON         0x0603a610     0x14a0 print.o
                                  0x0 (size before relaxing)
                0x0603a610                text
 COMMON         0x0603bab0      0x230 scroll.o
                                  0x0 (size before relaxing)
                0x0603bab0                scfg
 COMMON         0x0603bce0        0x4 soon.o
                                  0x0 (size before relaxing)
                0x0603bce0                soon_scroll
 *fill*         0x0603bce4        0xc 00
 COMMON         0x0603bcf0     0x3180 sprite.o
                                  0x0 (size before relaxing)
                0x0603bcf0                sprites
                0x0603ce70                sprite_buf
 COMMON         0x0603ee70       0x8c main.o
                                  0x0 (size before relaxing)
                0x0603ee70                off_config
 *fill*         0x0603eefc        0x4 00
 COMMON         0x0603ef00      0x400 c:/saturn/sbl6/segalib/lib/sega_int.a(int.o)
                                  0x0 (size before relaxing)
                0x0603ef00                __interrupt_vector
 COMMON         0x0603f300       0x50 c:/saturn/sbl6/segalib/lib/sega_spr.a(spr_2c.o)
                                  0x0 (size before relaxing)
                0x0603f300                SpMstCmd
                0x0603f304                Sp2OpenFlag
                0x0603f308                SpGourTblMax
                0x0603f30c                SpDrawPrtyBlk
                0x0603f310                SpLCoordX
                0x0603f314                SpMstDrawPrtyBlk
                0x0603f318                SpGourTbl
                0x0603f31c                SpLookupTblR
                0x0603f320                SpCmdTbl
                0x0603f324                SpCharMax
                0x0603f328                SpDrawPrtyProcFlag
                0x0603f32c                SpCmdNo
                0x0603f330                SpDrawPrtyBlkMax
                0x0603f334                SpSlvCmdPos
                0x0603f338                SpSlvDrawPrtyBlk
                0x0603f33c                SpCharTbl
                0x0603f340                SpCmdTblR
                0x0603f344                SpMstCmdPos
                0x0603f348                SpSlvCmd
                0x0603f34c                SpLCoordY
 COMMON         0x0603f350       0x10 c:/saturn/sbl6/segalib/lib/sega_spr.a(spr_1c.o)
                                  0x0 (size before relaxing)
                0x0603f350                SpScreenY
                0x0603f354                SpFbcrMode
                0x0603f356                SpDil
                0x0603f358                SpDie
                0x0603f35a                SpTvMode
                0x0603f35c                SpScreenX
 COMMON         0x0603f360      0xf00 c:/saturn/sbl6/segalib/lib/sega_scl.a(scl_func.o)
                                  0x0 (size before relaxing)
                0x0603f360                SclRbgKtbAddr
                0x0603f368                SclRb
                0x0603f36a                Scl_flag
                0x0603f370                SclK_TableBuff
                0x06040040                SclAddrCsTbl
                0x06040050                Scl_s_reg
                0x06040078                SclRotateXy
                0x06040080                Scl_d_reg
                0x060400c8                SclRotateDisp
                0x060400d0                SclRotateMoveZ
                0x060400d8                SclRotXySw
                0x060400e0                Scl_r_reg
                0x060400f0                SclRPMD
                0x060400f8                SclRbgKtbOffset
                0x06040100                _SclRotregBuff
                0x060401d0                SclRa
                0x060401d8                SclRotateZ
                0x060401e0                SclAddrLsTbl
                0x060401e8                SclK_TableNum
                0x060401f0                SclRotateTableAddress
                0x060401f4                SclK_TableFlag
                0x06040200                Scl_w_reg
                0x06040220                Scl_n_reg
 COMMON         0x06040260      0x6b0 c:/saturn/sbl6/segalib/lib/sega_scl.a(scl_pri.o)
                                  0x0 (size before relaxing)
                0x06040260                SclAutoEndBlue2
                0x06040270                SclColOffset
                0x06040280                SclPriBuffDirty
                0x06040282                SclAutoEndRed
                0x06040284                SclAutoSurface
                0x06040288                SclAutoGreen
                0x0604028a                SclAutoEndGreen
                0x0604028c                SclAutoCount
                0x06040290                SclColRamAlloc256
                0x060402b0                SclAutoCurRate
                0x060402b1                SclAutoPlusFlag
                0x060402b8                SclSpColMix
                0x060402c0                SclAutoMax
                0x060402c4                SclLineColRamOffset
                0x060402c8                SclColRamAlloc2048
                0x060402cc                SclBgPriNum
                0x060402d2                SclAutoEndBlue
                0x060402d4                SclAutoEndGreen2
                0x060402d6                SclAutoVeFlag
                0x060402d8                SclBgColMix
                0x060402e0                SclAutoIndex
                0x060402e4                SclAutoEndRate
                0x060402e6                SclAutoBlue
                0x060402e8                SclAutoRed
                0x060402ec                SclAutoInterval
                0x060402f0                SclOtherPri
                0x06040300                SclAutoRGB
                0x06040900                SclAutoEndRed2
                0x06040908                SclSpPriNum
 COMMON         0x06040910       0x10 c:/saturn/sbl6/segalib/lib/sega_scl.a(scl_ro00.o)
                                  0x0 (size before relaxing)
                0x06040910                SclCsx
                0x06040918                SclCsy
 COMMON         0x06040920       0x15 c:/saturn/sbl6/segalib/lib/sega_per.a(per_prt.o)
                                  0x0 (size before relaxing)
                0x06040920                per_get_time_flg
                0x06040921                per_hot_res
                0x06040922                per_set_sys_flg
                0x06040924                per_get_time_adr
                0x06040928                per_get_sys_data
                0x06040934                per_time_out_flg
 *fill*         0x06040935        0xb 00
 COMMON         0x06040940        0xc c:/saturn/sbl6/segalib/lib/sega_sat.a(gfs.o)
                                  0x0 (size before relaxing)
                0x06040940                GFMC_base
                0x06040944                gfs_mng_ptr
                0x06040948                gfs_use_scudma
 *fill*         0x0604094c        0x4 00
 COMMON         0x06040950        0x8 c:/saturn/sbl6/segalib/lib/sega_sat.a(gfs_cdf.o)
                                  0x0 (size before relaxing)
                0x06040950                gfcf_fad
                0x06040954                gfcf_stat
 *fill*         0x06040958        0x8 00
 COMMON         0x06040960        0xc c:/saturn/sbl6/segalib/lib/sega_sat.a(gfs_cdc.o)
                                  0x0 (size before relaxing)
                0x06040960                gfcd_fatal_err
                0x06040964                gfcd_work
                0x06040968                gfcd_playflag
 *fill*         0x0604096c        0x4 00
 COMMON         0x06040970        0x8 c:/saturn/sbl6/segalib/lib/sega_sat.a(DMA_CPU5.o)
                                  0x0 (size before relaxing)
                0x06040970                dma_cpu_cnt
                0x06040974                dma_cpu_dis_adr
 *fill*         0x06040978        0x8 00
 COMMON         0x06040980        0x4 c:/saturn/SH_COFF/sh-coff/bin/../lib/gcc/sh-coff/3.4-GNUSH_v0501/../../../../sh-coff/lib\libc.a(syscalls.o)
                                  0x0 (size before relaxing)
                0x06040980                errno
                0x06040984                SIZEOF_B = (. - STARTOF_B)
                0x06040984                ENDOF_B = .
                0x06040984                _end = .
OUTPUT(main.cof coff-sh)

.comment        0x06040990      0x640
 .comment       0x06040990       0x20 c:/saturn/sbl6/segasmp/lib/strt2_g.o
 .comment       0x060409b0       0x20 vblank.o
 .comment       0x060409d0       0x20 smpclib/per_x1.o
 .comment       0x060409f0       0x20 smpclib/per_x2.o
 .comment       0x06040a10       0x20 spritecode/explosion.o
 .comment       0x06040a30       0x20 ball.o
 .comment       0x06040a50       0x20 barrier.o
 .comment       0x06040a70       0x20 capsule.o
 .comment       0x06040a90       0x20 cutscene.o
 .comment       0x06040ab0       0x20 cd.o
 .comment       0x06040ad0       0x20 crc.o
 .comment       0x06040af0       0x20 devcart.o
 .comment       0x06040b10       0x20 game.o
 .comment       0x06040b30       0x20 graphics.o
 .comment       0x06040b50       0x20 intro.o
 .comment       0x06040b70       0x20 laser.o
 .comment       0x06040b90       0x20 level.o
 .comment       0x06040bb0       0x20 logo.o