Archive member included because of file (symbol)

../sbl6/segalib/lib/sega_int.a(int.o)
                              vblank.o (INT_SetScuFunc)
../sbl6/segalib/lib/sega_int.a(int_trmp.o)
                              ../sbl6/segalib/lib/sega_int.a(int.o) (__interrupt_handler0)
../sbl6/segalib/lib/sega_spr.a(spr_2c.o)
                              sprite.o (SPR_2Initial)
../sbl6/segalib/lib/sega_spr.a(spr_slv.o)
                              ../sbl6/segalib/lib/sega_spr.a(spr_2c.o) (SPR_InitSlaveSH)
../sbl6/segalib/lib/sega_spr.a(spr_1c.o)
                              ../sbl6/segalib/lib/sega_spr.a(spr_2c.o) (SPR_Initial)
../sbl6/segalib/lib/sega_spr.a(spr_2a.o)
                              ../sbl6/segalib/lib/sega_spr.a(spr_2c.o) (SPR_2SetDrawPrty)
../sbl6/segalib/lib/sega_scl.a(scl_vblv.o)
                              ../sbl6/segalib/lib/sega_spr.a(spr_1c.o) (SpFrameChgMode)
../sbl6/segalib/lib/sega_scl.a(scl_pr12.o)
                              game.o (SCL_SetColOffset)
../sbl6/segalib/lib/sega_scl.a(scl_pr07.o)
                              game.o (SCL_SetPriority)
../sbl6/segalib/lib/sega_scl.a(scl_pr02.o)
                              game.o (SCL_SetColRam)
../sbl6/segalib/lib/sega_scl.a(scl_pr11.o)
                              game.o (SCL_SetAutoColOffset)
../sbl6/segalib/lib/sega_scl.a(scl_pri.o)
                              ../sbl6/segalib/lib/sega_scl.a(scl_pr11.o) (SclAutoVeFlag)
../sbl6/segalib/lib/sega_scl.a(scl_pr10.o)
                              intro.o (SCL_SetAutoColMix)
../sbl6/segalib/lib/sega_scl.a(scl_fu05.o)
                              intro.o (SCL_InitLineParamTb)
../sbl6/segalib/lib/sega_scl.a(scl_func.o)
                              ../sbl6/segalib/lib/sega_scl.a(scl_fu05.o) (SclLengthLsTbl)
../sbl6/segalib/lib/sega_scl.a(scl_fu01.o)
                              scroll.o (SCL_SetDisplayMode)
../sbl6/segalib/lib/sega_scl.a(scl_fu04.o)
                              scroll.o (SCL_SetCycleTable)
../sbl6/segalib/lib/sega_scl.a(scl_pr03.o)
                              scroll.o (SCL_AllocColRam)
../sbl6/segalib/lib/sega_scl.a(scl_back.o)
                              scroll.o (SCL_SetBack)
../sbl6/segalib/lib/sega_scl.a(scl_fu03.o)
                              scroll.o (SCL_InitConfigTb)
../sbl6/segalib/lib/sega_scl.a(scl_fu02.o)
                              scroll.o (SCL_InitVramConfigTb)
../sbl6/segalib/lib/sega_scl.a(scl_pr01.o)
                              main.o (SCL_SetSpriteMode)
../sbl6/segalib/lib/sega_scl.a(scl_pr05.o)
                              ../sbl6/segalib/lib/sega_scl.a(scl_pr02.o) (SCL_GetColRamOffset)
../sbl6/segalib/lib/sega_scl.a(scl_ro00.o)
                              ../sbl6/segalib/lib/sega_scl.a(scl_func.o) (SCL_Rotate)
../sbl6/segalib/lib/sega_scl.a(scl_pr06.o)
                              ../sbl6/segalib/lib/sega_scl.a(scl_pr03.o) (SCL_SetColRamOffset)
../sbl6/segalib/lib/sega_mth.a(mth_fixd.o)
                              ball.o (MTH_Mul)
../sbl6/segalib/lib/sega_mth.a(mth_tri.o)
                              ball.o (MTH_Sin)
../sbl6/segalib/lib/sega_mth.a(mth_rand.o)
                              main.o (MTH_InitialRand)
../sbl6/segalib/lib/sega_cdc.a(cdc_drv.o)
                              sound.o (CDC_CdPlay)
../sbl6/segalib/lib/sega_cdc.a(cdc_cmn.o)
                              main.o (CDC_GetPeriStat)
../sbl6/segalib/lib/sega_cdc.a(cdc_sub.o)
                              ../sbl6/segalib/lib/sega_cdc.a(cdc_cmn.o) (CDSUB_UpdStatus)
../sbl6/segalib/lib/sega_cdc.a(cdc_reg.o)
                              ../sbl6/segalib/lib/sega_cdc.a(cdc_cmn.o) (CDREG_ClrHirqReq)
../sbl6/segalib/lib/sega_per.a(per_prt.o)
                              smpclib/per_x2.o (PER_LInit)
../sbl6/segalib/lib/sega_sat.a(gfs.o)
                              cd.o (GFS_Init)
../sbl6/segalib/lib/sega_sat.a(DMA_CPU1.o)
                              game.o (DMA_CpuMemCopy1)
../sbl6/segalib/lib/sega_sat.a(DMA_CPU2.o)
                              intro.o (DMA_CpuMemCopy2)
../sbl6/segalib/lib/sega_sat.a(DMA_SCU1.o)
                              ../sbl6/segalib/lib/sega_spr.a(spr_2c.o) (DMA_ScuMemCopy)
../sbl6/segalib/lib/sega_sat.a(gfs_cdf.o)
                              ../sbl6/segalib/lib/sega_sat.a(gfs.o) (GFCF_Init)
../sbl6/segalib/lib/sega_sat.a(gfs_dir.o)
                              ../sbl6/segalib/lib/sega_sat.a(gfs.o) (GFDR_SetupDirTbl)
../sbl6/segalib/lib/sega_sat.a(gfs_trn.o)
                              ../sbl6/segalib/lib/sega_sat.a(gfs.o) (GFTR_Setup)
../sbl6/segalib/lib/sega_sat.a(gfs_buf.o)
                              ../sbl6/segalib/lib/sega_sat.a(gfs.o) (GFBF_GetNumData)
../sbl6/segalib/lib/sega_sat.a(gfs_cdb.o)
                              ../sbl6/segalib/lib/sega_sat.a(gfs_cdf.o) (GFCB_Setup)
../sbl6/segalib/lib/sega_sat.a(gfs_cdc.o)
                              ../sbl6/segalib/lib/sega_sat.a(gfs.o) (GFCD_SetCdbfs)
../sbl6/segalib/lib/sega_sat.a(DMA_CPU0.o)
[...]
Memory Configuration

Name             Origin             Length             Attributes
*default*        0x00000000         0xffffffff

Linker script and memory map

LOAD ../sbl6/segasmp/lib/strt1_g.o
LOAD ../sbl6/segasmp/lib/strt2_g.o
LOAD vblank.o
LOAD smpclib/per_x1.o
LOAD smpclib/per_x2.o
LOAD smpclib/per_x3.o
LOAD spritecode/explosion.o
LOAD ball.o
LOAD cd.o
LOAD crc.o
LOAD devcart.o
LOAD game.o
LOAD graphics.o
LOAD intro.o
LOAD level.o
LOAD logo.o
LOAD menu.o
LOAD pcmsys.o
LOAD print.o
LOAD scroll.o
LOAD sound.o
LOAD sprite.o
LOAD main.o
LOAD ../sbl6/segalib/lib/sega_int.a
LOAD ../sbl6/segalib/lib/sega_spr.a
LOAD ../sbl6/segalib/lib/sega_scl.a
LOAD ../sbl6/segalib/lib/sega_mth.a
LOAD ../sbl6/segalib/lib/sega_cdc.a
LOAD ../sbl6/segalib/lib/sega_adp.a
LOAD ../sbl6/segalib/lib/sega_per.a
LOAD ../sbl6/segalib/lib/sega_sat.a
LOAD C:/saturn/SH_COFF/sh-coff/bin/../lib/gcc/sh-coff/3.4-GNUSH_v0501\libgcc.a
LOAD C:/saturn/SH_COFF/sh-coff/bin/../lib/gcc/sh-coff/3.4-GNUSH_v0501/../../../../sh-coff/lib\libc.a
LOAD C:/saturn/SH_COFF/sh-coff/bin/../lib/gcc/sh-coff/3.4-GNUSH_v0501\libgcc.a

.text           0x06010000    0x17600
 *(.text)
 .text          0x06010000       0x30 ../sbl6/segasmp/lib/strt1_g.o
                0x06010024                _D_END
                0x06010020                _D_BGN
                0x0601002c                _B_END
                0x06010028                _B_BGN
                0x06010000                START
 .text          0x06010030       0x60 ../sbl6/segasmp/lib/strt2_g.o
                0x06010050                _INITSCT
                0x06010030                _INIT
 .text          0x06010090      0x220 vblank.o
                0x06010090                SetVblank
                0x06010110                UsrVblankOut
                0x060100f0                UsrVblankIn
 .text          0x060102b0      0x240 smpclib/per_x1.o
                0x06010490                PER_GetAnalogXYZ
                0x060102d0                PER_GetTriggerHandler
                0x06010420                PER_GetEdge
                0x060103e0                PER_GetTrigger
                0x06010430                PER_GetPressEdge
                0x06010460                PER_GetReleaseEdge
                0x060102b0                PER_SetTriggerHandler
 .text          0x060104f0      0x180 smpclib/per_x2.o
                0x060105d0                PER_GetDeviceA
                0x060104f0                PER_OpenPort
                0x06010520                PER_GetPort
                0x06010610                PER_GetDeviceR
 .text          0x06010670       0x20 smpclib/per_x3.o
                0x06010670                PER_DisguiseTrigger
 .text          0x06010690       0xb0 spritecode/explosion.o
                0x060106f0                explosion_move
                0x06010690                explosion_make
 .text          0x06010740      0x390 ball.o
                0x06010860                ball_move
                0x060107d0                ball_remove
                0x06010760                ball_add
                0x06010820                ball_bounce
                0x06010740                ball_init
 .text          0x06010ad0      0x120 cd.o
                0x06010b70                cd_load_nosize
                0x06010ad0                cd_init
                0x06010b00                cd_load
 .text          0x06010bf0      0x140 crc.o
                0x06010cf0                crc_update
 .text          0x06010d30      0x1c0 devcart.o
                0x06010eb0                devcart_reset
                0x06010da0                devcart_loadfile
                0x06010ea0                devcart_printstr
 .text          0x06010ef0      0xd40 game.o
                0x06011070                game_run
                0x06010ff0                game_loss
 .text          0x06011c30      0xe00 intro.o
                0x06011c30                intro_run
 .text          0x06012a30      0x4b0 level.o
                0x06012a90                level_disp
                0x06012a30                level_load
 .text          0x06012ee0      0x370 logo.o
                0x06012f40                logo_run
                0x06012ee0                logo_loadframe
 .text          0x06013250      0xbd0 menu.o
                0x06013580                menu_run
                0x06013430                sqrt32
 .text          0x06013e20      0x8c0 pcmsys.o
                0x060144e0                load_8bit_pcm
                0x06014240                smpc_issue_command
                0x060142e0                load_drv
                0x06014670                pcm_parameter_change
                0x06014220                smpc_wait_till_ready
                0x06014260                load_driver_binary
                0x06014630                pcm_play
                0x060146a0                pcm_cease
                0x06014330                calculate_bytes_per_blank
                0x06014380                load_16bit_pcm
 .text          0x060146e0      0x230 print.o
                0x06014870                print_display
                0x060147c0                print_num
                0x060146e0                print_load
                0x06014790                print_init
                0x06014810                print_string
 .text          0x06014910      0x550 scroll.o
                0x06014910                scroll_lores
                0x06014d20                scroll_move
                0x06014d70                scroll_clearmaps
                0x06014cd0                scroll_set
                0x06014dc0                scroll_charsize
                0x06014e10                scroll_mapsize
                0x06014970                scroll_hires
                0x06014ab0                scroll_init
                0x060149d0                scroll_scale
 .text          0x06014e60      0x1a0 sound.o
                0x06014fe0                sound_play
                0x06014e90                sound_init
                0x06014f80                sound_cdda
 .text          0x06015000      0x600 sprite.o
                0x06015030                sprite_init
                0x06015430                sprite_make
                0x06015570                sprite_next
                0x060150f0                sprite_erase
                0x060155d0                sprite_delete
                0x06015480                sprite_draw_all
                0x06015000                sprite_deleteall
                0x06015150                sprite_startdraw
                0x060151d0                sprite_draw
 .text          0x06015600      0x220 main.o
                0x06015600                main
 .text          0x06015820       0x40 ../sbl6/segalib/lib/sega_int.a(int.o)
                0x0601584c                INT_GetScuFunc
                0x06015820                INT_SetScuFunc
 .text          0x06015860      0x624 ../sbl6/segalib/lib/sega_int.a(int_trmp.o)
                0x060159c8                __interrupt_handler60
                0x06015b78                __interrupt_handler132
                0x06015d2e                __interrupt_handler205
                0x06015b96                __interrupt_handler137
                0x06015ac4                __interrupt_handler102
                0x06015902                __interrupt_handler27
                0x06015d04                __interrupt_handler198
                0x06015bf6                __interrupt_handler153
                0x060158de                __interrupt_handler21
                0x060159ec                __interrupt_handler66
                0x06015adc                __interrupt_handler106
                0x06015c26                __interrupt_handler161
                0x06015a70                __interrupt_handler88
                0x06015c3e                __interrupt_handler165
                0x06015b4e                __interrupt_handler125
                0x06015884                __interrupt_handler6
                0x06015920                __interrupt_handler32
                0x06015cda                __interrupt_handler191
                0x06015df4                __interrupt_handler238
                0x06015e0c                __interrupt_handler242
                0x06015c14                __interrupt_handler158
                0x06015a7c                __interrupt_handler90
                0x06015c38                __interrupt_handler164
                0x0601595c                __interrupt_handler42
                0x06015c9e                __interrupt_handler181
                0x06015da6                __interrupt_handler225
                0x06015e4e                __interrupt_handler253
                0x06015c62                __interrupt_handler171
                0x06015a1c                __interrupt_handler74
                0x06015872                __interrupt_handler3
                0x060159b6                __interrupt_handler57
                0x060158b4                __interrupt_handler14
                0x06015d4c                __interrupt_handler210
                0x06015d7c                __interrupt_handler218
                0x06015d40                __interrupt_handler208
                0x06015944                __interrupt_handler38
                0x06015860                __interrupt_handler0
                0x06015ad0                __interrupt_handler104
                0x06015c0e                __interrupt_handler157
                0x06015d5e                __interrupt_handler213
                0x06015c50                __interrupt_handler168
                0x06015a5e                __interrupt_handler85
                0x06015afa                __interrupt_handler111
                0x06015b0c                __interrupt_handler114
                0x0601597a                __interrupt_handler47
                0x06015dd0                __interrupt_handler232
                0x06015d9a                __interrupt_handler223
                0x06015dee                __interrupt_handler237
                0x060159da                __interrupt_handler63
                0x06015968                __interrupt_handler44
                0x06015c7a                __interrupt_handler175
                0x06015ca4                __interrupt_handler182
                0x06015cbc                __interrupt_handler186
                0x06015bba                __interrupt_handler143
                0x06015ae2                __interrupt_handler107
                0x06015b48                __interrupt_handler124
                0x06015c68                __interrupt_handler172
                0x06015e1e                __interrupt_handler245
                0x06015a9a                __interrupt_handler95
                0x06015b72                __interrupt_handler131
                0x06015b84                __interrupt_handler134
                0x06015ba2                __interrupt_handler139
                0x06015a10                __interrupt_handler72
                0x06015dca                __interrupt_handler231
                0x06015c20                __interrupt_handler160
                0x06015b66                __interrupt_handler129
                0x060158d8                __interrupt_handler20
                0x060159e6                __interrupt_handler65
                0x060159b0                __interrupt_handler56
                0x060158ae                __interrupt_handler13
                0x06015d46                __interrupt_handler209
                0x06015b00                __interrupt_handler112
                0x060158d2                __interrupt_handler19
                0x06015a8e                __interrupt_handler93
                0x06015cf8                __interrupt_handler196
                0x06015bea                __interrupt_handler151
                0x06015c4a                __interrupt_handler167
                0x06015e60                __trampoline
                0x060158c6                __interrupt_handler17
                0x06015db8                __interrupt_handler228
                0x06015e5a                __interrupt_handler255
                0x06015e18                __interrupt_handler244
                0x06015ab2                __interrupt_handler99
                0x06015caa                __interrupt_handler183
                0x06015ba8                __interrupt_handler140
                0x06015cce                __interrupt_handler189
                0x06015bcc                __interrupt_handler146
                0x06015d94                __interrupt_handler222
                0x06015c08                __interrupt_handler156
                0x06015b3c                __interrupt_handler122
                0x06015e30                __interrupt_handler248
                0x06015980                __interrupt_handler48
                0x060159fe                __interrupt_handler69
                0x060158f0                __interrupt_handler24
                0x06015a76                __interrupt_handler89
                0x06015d6a                __interrupt_handler215
                0x06015e54                __interrupt_handler254
                0x06015a6a                __interrupt_handler87
                0x060159ce                __interrupt_handler61
                0x06015cf2                __interrupt_handler195
                0x06015be4                __interrupt_handler150
                0x06015956                __interrupt_handler41
                0x06015af4                __interrupt_handler110
                0x06015b5a                __interrupt_handler127
                0x06015ae8                __interrupt_handler108
                0x06015b06                __interrupt_handler113
                0x06015b18                __interrupt_handler116
                0x06015b36                __interrupt_handler121
                0x06015a2e                __interrupt_handler77
                0x0601594a                __interrupt_handler39
                0x06015962                __interrupt_handler43
                0x06015e36                __interrupt_handler249
                0x06015c74                __interrupt_handler174
                0x06015b90                __interrupt_handler136
                0x06015cc8                __interrupt_handler188
                0x06015bc6                __interrupt_handler145
                0x06015896                __interrupt_handler9
                0x06015a3a                __interrupt_handler79
                0x06015db2                __interrupt_handler227
                0x0601592c                __interrupt_handler34
                0x06015b6c                __interrupt_handler130
                0x06015e2a                __interrupt_handler247
                0x06015a22                __interrupt_handler75
                0x06015c6e                __interrupt_handler173
                0x0601599e                __interrupt_handler53
                0x06015bde                __interrupt_handler149
                0x06015e42                __interrupt_handler251
                0x06015dd6                __interrupt_handler233
                0x0601589c                __interrupt_handler10
                0x06015d28                __interrupt_handler204
                0x06015a4c                __interrupt_handler82
                0x06015a52                __interrupt_handler83
                0x060158f6                __interrupt_handler25
                0x06015e12                __interrupt_handler243
                0x06015c2c                __interrupt_handler162
                0x06015974                __interrupt_handler46
                0x06015c8c                __interrupt_handler178
                0x06015a40                __interrupt_handler80
                0x060159d4                __interrupt_handler62
                0x0601586c                __interrupt_handler2
                0x0601590e                __interrupt_handler29
                0x06015a04                __interrupt_handler70
                0x06015aee                __interrupt_handler109
                0x06015bd8                __interrupt_handler148
                0x06015a94                __interrupt_handler94
                0x06015da0                __interrupt_handler224
                0x06015aca                __interrupt_handler103
                0x06015938                __interrupt_handler36
                0x06015b54                __interrupt_handler126
                0x06015e24                __interrupt_handler246
                0x060159aa                __interrupt_handler55
                0x060158a8                __interrupt_handler12
                0x06015998                __interrupt_handler52
                0x06015cc2                __interrupt_handler187
                0x06015bc0                __interrupt_handler144
                0x06015b1e                __interrupt_handler117
                0x060158cc                __interrupt_handler18
                0x06015cfe                __interrupt_handler197
                0x06015bf0                __interrupt_handler152
                0x06015b24                __interrupt_handler118
                0x06015c5c                __interrupt_handler170
                0x06015d16                __interrupt_handler201
                0x06015aa6                __interrupt_handler97
                0x06015c32                __interrupt_handler163
                0x06015c98                __interrupt_handler180
                0x06015ce0                __interrupt_handler192
                0x06015e00                __interrupt_handler240
                0x06015b42                __interrupt_handler123
                0x06015d64                __interrupt_handler214
                0x0601591a                __interrupt_handler31
                0x06015908                __interrupt_handler28
                0x060159f2                __interrupt_handler67
                0x060159f8                __interrupt_handler68
                0x060158e4                __interrupt_handler22
                0x060158ea                __interrupt_handler23
                0x06015c80                __interrupt_handler176
                0x0601588a                __interrupt_handler7
                0x06015d8e                __interrupt_handler221
                0x06015d76                __interrupt_handler217
                0x06015dbe                __interrupt_handler229
                0x06015986                __interrupt_handler49
                0x06015878                __interrupt_handler4
                0x06015950                __interrupt_handler40
                0x06015b12                __interrupt_handler115
                0x06015de2                __interrupt_handler235
                0x06015a82                __interrupt_handler91
                0x06015d34                __interrupt_handler206
                0x06015c86                __interrupt_handler177
                0x06015bd2                __interrupt_handler147
                0x0601593e                __interrupt_handler37
                0x06015e3c                __interrupt_handler250
                0x06015866                __interrupt_handler1
                0x06015d82                __interrupt_handler219
                0x06015a28                __interrupt_handler76
                0x06015ab8                __interrupt_handler100
                0x060159bc                __interrupt_handler58
                0x060158ba                __interrupt_handler15
                0x06015d58                __interrupt_handler212
                0x06015e06                __interrupt_handler241
                0x06015d1c                __interrupt_handler202
                0x06015ce6                __interrupt_handler193
                0x06015a34                __interrupt_handler78
                0x0601598c                __interrupt_handler50
                0x06015926                __interrupt_handler33
                0x06015c44                __interrupt_handler166
                0x06015b9c                __interrupt_handler138
                0x06015b8a                __interrupt_handler135
                0x06015914                __interrupt_handler30
                0x06015cb0                __interrupt_handler184
                0x06015bae                __interrupt_handler141
                0x06015dc4                __interrupt_handler230
                0x06015de8                __interrupt_handler236
                0x06015b2a                __interrupt_handler119
                0x06015a64                __interrupt_handler86
                0x06015ad6                __interrupt_handler105
                0x06015a46                __interrupt_handler81
                0x06015b30                __interrupt_handler120
                0x06015b60                __interrupt_handler128
                0x060159a4                __interrupt_handler54
                0x060158a2                __interrupt_handler11
                0x06015d0a                __interrupt_handler199
                0x06015bfc                __interrupt_handler154
                0x0601596e                __interrupt_handler45
                0x06015d70                __interrupt_handler216
                0x06015d22                __interrupt_handler203
                0x06015abe                __interrupt_handler101
                0x06015a58                __interrupt_handler84
                0x06015cb6                __interrupt_handler185
                0x06015bb4                __interrupt_handler142
                0x060158fc                __interrupt_handler26
                0x060159e0                __interrupt_handler64
                0x06015d10                __interrupt_handler200
                0x06015d3a                __interrupt_handler207
                0x06015cec                __interrupt_handler194
                0x06015a88                __interrupt_handler92
                0x06015c02                __interrupt_handler155
                0x06015d52                __interrupt_handler211
                0x06015b7e                __interrupt_handler133
                0x0601587e                __interrupt_handler5
                0x06015a16                __interrupt_handler73
                0x060158c0                __interrupt_handler16
                0x06015dfa                __interrupt_handler239
                0x06015ddc                __interrupt_handler234
                0x06015932                __interrupt_handler35
                0x060159c2                __interrupt_handler59
                0x06015c56                __interrupt_handler169
                0x06015aac                __interrupt_handler98
                0x06015a0a                __interrupt_handler71
                0x06015992                __interrupt_handler51
                0x06015c1a                __interrupt_handler159
                0x06015dac                __interrupt_handler226
                0x06015aa0                __interrupt_handler96
                0x06015cd4                __interrupt_handler190
                0x06015d88                __interrupt_handler220
                0x06015890                __interrupt_handler8
                0x06015c92                __interrupt_handler179
                0x06015e48                __interrupt_handler252
 *fill*         0x06015e84        0xc 00
 .text          0x06015e90     0x12a0 ../sbl6/segalib/lib/sega_spr.a(spr_2c.o)
                0x060170f0                SlaveFlushDrawPrtyBlock
                0x06015e90                SPR_2Initial
                0x060166d4                SPR_2SysClip
                0x06016674                SPR_2LocalCoord
                0x06016f6c                SPR_2FlushDrawPrtyBlock
                0x06016c58                SPR_2DistSpr
                0x0601665c                SPR_2FlushDrawPrty
                0x06016d7c                SPR_2Cmd
                0x06016358                SPR_2GourTblNoToVram
                0x060163b8                SPR_2GetAreaSizeInfo
                0x06016120                SPR_2SetGourTbl
                0x0601690c                SPR_2Polygon
                0x06016394                SPR_2CharNoToVram
                0x060160a0                SPR_2SetTvMode
                0x060164fc                SPR_2CloseCommand
                0x060160dc                SPR_2FrameEraseData
                0x06015eb8                SPR_2Initial2
                0x06016aec                SPR_2ScaleSpr
                0x0601677c                SPR_2Line
                0x06016448                SPR_2OpenCommand
                0x060160bc                SPR_2FrameChgIntr
                0x060169c8                SPR_2NormSpr
                0x06016150                SPR_2SetLookupTbl
                0x06016184                SPR_2SetChar
                0x0601637c                SPR_2LookupTblNoToVram
                0x06016850                SPR_2PolyLine
                0x060162f0                SPR_2ClrAllChar
                0x060162a4                SPR_2ClrChar
                0x06016720                SPR_2UserClip
 .text          0x06017130      0x1e6 ../sbl6/segalib/lib/sega_spr.a(spr_slv.o)
                0x06017294                SPR_WaitEndSlaveSH
                0x06017130                SPR_SMPC_SSHON
                0x06017270                SPR_RunSlaveSH
                0x06017134                SPR_InitSlaveSH
                0x060171fc                SPR_SlaveSHmain
                0x06017131                SPR_SMPC_SSHOFF
 *fill*         0x06017316        0xa 00
 .text          0x06017320      0x36a ../sbl6/segalib/lib/sega_spr.a(spr_1c.o)
                0x060175d4                SPR_WaitDrawEnd
                0x060175ec                SPR_SetEosMode
                0x06017504                SPR_SetEraseData
                0x06017320                SPR_Initial
                0x060173f8                SPR_SetTvMode
                0x06017490                SPR_GetStatus
 *fill*         0x0601768a        0x6 00
 .text          0x06017690      0x244 ../sbl6/segalib/lib/sega_spr.a(spr_2a.o)
                0x060176a2                sprMemCpyW
                0x06017700                flushDrawPrtyBlock
                0x06017690                sprMemCpyL
                0x060176b4                SPR_2SetDrawPrty
 *fill*         0x060178d4        0xc 00
 .text          0x060178e0      0x2fc ../sbl6/segalib/lib/sega_scl.a(scl_vblv.o)
                0x0601799c                SCL_DisplayFrame
                0x060178e0                SCL_SetFrameInterval
                0x060179d0                SCL_VblInit
                0x06017a20                SCL_VblankStart
                0x06017a64                SCL_VblankEnd
 *fill*         0x06017bdc        0x4 00
 .text          0x06017be0      0x1f4 ../sbl6/segalib/lib/sega_scl.a(scl_pr12.o)
                0x06017be0                SCL_SetColOffset
 *fill*         0x06017dd4        0xc 00
 .text          0x06017de0      0x214 ../sbl6/segalib/lib/sega_scl.a(scl_pr07.o)
                0x06017de0                SCL_SetPriority
 *fill*         0x06017ff4        0xc 00
 .text          0x06018000       0x9c ../sbl6/segalib/lib/sega_scl.a(scl_pr02.o)
                0x06018000                SCL_SetColRam
 *fill*         0x0601809c        0x4 00
 .text          0x060180a0      0x180 ../sbl6/segalib/lib/sega_scl.a(scl_pr11.o)
                0x060180a0                SCL_SetAutoColOffset
 .text          0x06018220     0x10a4 ../sbl6/segalib/lib/sega_scl.a(scl_pri.o)
                0x060182b4                SCL_AbortAutoVe
                0x06019164                SCL_SetShadowBit
                0x0601872c                SCL_AutoExec
                0x06018220                SCL_PriorityInit
                0x06018c40                SCL_IncColOffset
                0x060182c8                SCL_SetColMixRate
                0x06018298                SCL_GetColRamMode
 *fill*         0x060192c4        0xc 00
 .text          0x060192d0       0x98 ../sbl6/segalib/lib/sega_scl.a(scl_pr10.o)
                0x060192d0                SCL_SetAutoColMix
 *fill*         0x06019368        0x8 00
 .text          0x06019370      0x278 ../sbl6/segalib/lib/sega_scl.a(scl_fu05.o)
                0x0601942c                SCL_SetLineParam
                0x06019378                SCL_InitLineParamTb
 *fill*         0x060195e8        0x8 00
 .text          0x060195f0      0xb9c ../sbl6/segalib/lib/sega_scl.a(scl_func.o)
                0x06019fcc                SCL_Vdp2_SGLInit
                0x06019edc                SCL_PriIntProc
                0x06019e54                SCL_Memcpyw
                0x0601a16c                SCL_SglOff
                0x0601a14c                SCL_SglOn
                0x06019dc0                SCL_ScrollShow
                0x06019868                SCL_Close
                0x06019b60                SCL_Scale
                0x060195f0                SCL_Vdp2Init
                0x060199d4                SCL_Move
                0x06019c9c                SCL_CopyReg
                0x06019844                SCL_Open
                0x06019674                SCL_ParametersInit
                0x06019884                SCL_MoveTo
                0x06019e7c                SCL_SetColRamMode
 *fill*         0x0601a18c        0x4 00
 .text          0x0601a190      0x1ec ../sbl6/segalib/lib/sega_scl.a(scl_fu01.o)
                0x0601a190                SCL_SetDisplayMode
 *fill*         0x0601a37c        0x4 00
 .text          0x0601a380       0x28 ../sbl6/segalib/lib/sega_scl.a(scl_fu04.o)
                0x0601a380                SCL_SetCycleTable
 *fill*         0x0601a3a8        0x8 00
 .text          0x0601a3b0      0x138 ../sbl6/segalib/lib/sega_scl.a(scl_pr03.o)
                0x0601a3b0                SCL_FreeColRam
                0x0601a3e8                SCL_AllocColRam
 *fill*         0x0601a4e8        0x8 00
 .text          0x0601a4f0       0x84 ../sbl6/segalib/lib/sega_scl.a(scl_back.o)
                0x0601a4f0                SCL_SetBack
 *fill*         0x0601a574        0xc 00
 .text          0x0601a580      0x94c ../sbl6/segalib/lib/sega_scl.a(scl_fu03.o)
                0x0601a5dc                SCL_SetConfig
                0x0601a580                SCL_InitConfigTb
 *fill*         0x0601aecc        0x4 00
 .text          0x0601aed0      0x4f4 ../sbl6/segalib/lib/sega_scl.a(scl_fu02.o)
                0x0601af08                SCL_SetVramConfig
                0x0601aed0                SCL_InitVramConfigTb
 *fill*         0x0601b3c4        0xc 00
 .text          0x0601b3d0       0x58 ../sbl6/segalib/lib/sega_scl.a(scl_pr01.o)
                0x0601b3d0                SCL_SetSpriteMode
 *fill*         0x0601b428        0x8 00
 .text          0x0601b430       0xac ../sbl6/segalib/lib/sega_scl.a(scl_pr05.o)
                0x0601b430                SCL_GetColRamOffset
 *fill*         0x0601b4dc        0x4 00
 .text          0x0601b4e0     0x1394 ../sbl6/segalib/lib/sega_scl.a(scl_ro00.o)
                0x0601c6cc                SCL_RotateZD
                0x0601b994                SCL_Rotate
                0x0601b668                SCL_InitRotateTable
 *fill*         0x0601c874        0xc 00
 .text          0x0601c880      0x1b4 ../sbl6/segalib/lib/sega_scl.a(scl_pr06.o)
                0x0601c880                SCL_SetColRamOffset
 *fill*         0x0601ca34        0xc 00
 .text          0x0601ca40       0xa4 ../sbl6/segalib/lib/sega_mth.a(mth_fixd.o)
                0x0601ca90                MTH_FixedToInt
                0x0601ca80                MTH_IntToFixed
                0x0601ca40                MTH_Mul
                0x0601caa0                MTH_Product
                0x0601ca60                MTH_Div
 *fill*         0x0601cae4        0xc 00
 .text          0x0601caf0      0x600 ../sbl6/segalib/lib/sega_mth.a(mth_tri.o)
                0x0601cb8c                fcos
                0x0601cb92                fsin
                0x0601cb3c                MTH_Cos
                0x0601caf0                MTH_Sin
                0x0601cd30                MTH_Atan
 .text          0x0601d0f0       0x30 ../sbl6/segalib/lib/sega_mth.a(mth_rand.o)
                0x0601d100                MTH_GetRand
                0x0601d0f0                MTH_InitialRand
 .text          0x0601d120      0x130 ../sbl6/segalib/lib/sega_cdc.a(cdc_drv.o)
                0x0601d120                CDC_CdPlay
                0x0601d1ec                CDC_CdSeek
                0x0601d220                CDC_CdScan
 .text          0x0601d250      0x3a0 ../sbl6/segalib/lib/sega_cdc.a(cdc_cmn.o)
                0x0601d3f4                CDC_TgetToc
                0x0601d598                CDC_DataEnd
                0x0601d2b8                CDC_GetPeriStat
                0x0601d52c                CDC_DataReady
                0x0601d504                CDC_CdOpen
                0x0601d480                CDC_CdInit
                0x0601d444                CDC_GetSes
                0x0601d2a0                CDC_GetLastStat
                0x0601d250                CDC_GetCurStat
                0x0601d38c                CDC_GetHwInfo
 .text          0x0601d5f0      0x152 ../sbl6/segalib/lib/sega_cdc.a(cdc_sub.o)
                0x0601d698                CDSUB_GetCdstat
                0x0601d608                CDSUB_UpdCdstat
                0x0601d6d8                CDSUB_RspToCdstat
                0x0601d720                CDSUB_SoftTimer
                0x0601d5f0                CDSUB_UpdStatus
                0x0601d628                CDSUB_CdCmd
 *fill*         0x0601d742        0xe 00
 .text          0x0601d750      0x2dc ../sbl6/segalib/lib/sega_cdc.a(cdc_reg.o)
                0x0601d7a4                CDREG_ClrHirqReq
                0x0601d774                CDC_ClrHirqReq
                0x0601d824                CDREG_TgetData
                0x0601d814                CDC_GetMpegPtr
                0x0601d7f0                CDC_GetHirqMsk
                0x0601d750                CDC_GetDataPtr
                0x0601d760                CDC_GetHirqReq
                0x0601d980                CDREG_WaitHirq
                0x0601d804                CDC_SetHirqMsk
                0x0601d880                CDREG_CmdRsp
                0x0601d7b4                CDREG_InitHirqReq
                0x0601d7dc                CDREG_SetHirqFlag
                0x0601d9f0                CDREG_ReadRsp
 *fill*         0x0601da2c        0x4 00
 .text          0x0601da30      0xf50 ../sbl6/segalib/lib/sega_per.a(per_prt.o)
                0x0601de50                PER_IntFunc
                0x0601dc48                PER_LGetPer
                0x0601da30                PER_LInit
 .text          0x0601e980     0x1b04 ../sbl6/segalib/lib/sega_sat.a(gfs.o)
                0x0601e980                gfs_version
                0x0601fbf4                gfs_mngGetNumFile
                0x06020374                gfs_closeSub
                0x0601f710                GFS_SetGmode
                0x0601f9cc                GFS_SetErrFunc
                0x0601fb1c                gfs_mngSetupFuncTbl
                0x0601ecd8                GFS_Reset
                0x0601fa44                gfs_chgRoot
                0x0601fb10                gfs_aborttrans
                0x0601fdf4                gfs_svrAddHndl
                0x0601fca4                gfs_mngFreeGrp
                0x0601fa1c                GFS_ConvTno
                0x0601ffa8                gfs_getRootDir
                0x0601f9f8                GFS_GetErrStat
                0x0601ee48                GFS_Seek
                0x0601f4b4                GFS_NwStop
                0x0601fcb0                gfs_mngTermAccess
                0x0601ed5c                GFS_Open
                0x0601fc5c                GFS_mngAllocGrp
                0x060203bc                gfs_isTaskDone
                0x0601f1b4                GFS_Fread
                0x0601f914                GFS_StartTrans
                0x06020310                gfs_GetFinfo
                0x0601fb50                gfs_mngInitWork
                0x0601efa0                GFS_ByteToSct
                0x0601fdb4                gfs_svrSearchHndl
                0x060200a4                gfs_loadRootDir
                0x0601ebfc                GFS_IdToName
                0x0601f2f8                GFS_NwFread
                0x0601f844                GFS_SetTransPara
                0x0601f404                GFS_NwCdRead
                0x0601fee4                gfs_loadVol
                0x0601f7e0                GFS_SetReadPara
                0x0601eefc                GFS_Tell
                0x0601f774                GFS_SetTmode
                0x06020278                GFS_GetFad
                0x0601f8b0                GFS_SetTrFunc
                0x0601f960                GFS_CdMovePickup
                0x0601eb98                GFS_NameToId
                0x0601f5cc                GFS_NwExecOne
                0x0602012c                gfs_flowIn
                0x0601f054                GFS_GetFileInfo
                0x060201d4                gfs_transData
                0x0601fe30                gfs_svrRemoveHndl
                0x0601f47c                GFS_NwIsComplete
                0x060203b0                gfs_getGmode
                0x0601f520                GFS_NwGetStat
                0x0601fe8c                GFS_OpenSub
                0x0601eb30                GFS_SetDir
                0x0601effc                GFS_GetFileSize
                0x0601f0c8                GFS_GetNumCdbuf
                0x06020410                gfs_convFinStat
                0x0601f0f0                GFS_Load
                0x0601f250                gfs_waitRead
                0x0601ea88                GFS_LoadDir
                0x0601ec68                GFS_GetDirInfo
                0x0601ee10                GFS_Close
                0x0601e9a0                GFS_Init
                0x0601f59c                gfs_recovRdErr
                0x0601fd34                gfs_mngSetErrCode
                0x0601f68c                GFS_NwExecServer
                0x0601ef4c                GFS_IsEof
                0x060202d0                gfs_SetSct
 *fill*         0x06020484        0xc 00
 .text          0x06020490       0x90 ../sbl6/segalib/lib/sega_sat.a(DMA_CPU1.o)
                0x06020490                DMA_CpuMemCopy1
 .text          0x06020520       0x94 ../sbl6/segalib/lib/sega_sat.a(DMA_CPU2.o)
                0x06020520                DMA_CpuMemCopy2
 *fill*         0x060205b4        0xc 00
 .text          0x060205c0      0x1f4 ../sbl6/segalib/lib/sega_sat.a(DMA_SCU1.o)
                0x0602071c                DMA_ScuResult
                0x060205c0                DMA_ScuInit
                0x06020610                DMA_ScuMemCopy
 *fill*         0x060207b4        0xc 00
 .text          0x060207c0      0x8d4 ../sbl6/segalib/lib/sega_sat.a(gfs_cdf.o)
                0x06020cb4                GFCF_Seek
                0x06020dbc                GFCF_GetStat
                0x06020c9c                GFCF_Tell
                0x06020860                GFCF_Setup
                0x06020d68                GFCF_cnvIntlvOfs
                0x060207c0                GFCF_Init
                0x06020c54                GFCF_Recover
                0x060209a8                GFCF_SetSct
                0x06020ccc                GFCF_MovePickup
                0x06020e90                gfcf_isCdOk
                0x06020a60                GFCF_FlowInBuf
                0x060209ec                GFCF_GetFileInfo
                0x06020bb4                GFCF_StopInBuf
                0x06020e54                gfcf_getSctSize
                0x06020f50                gfcf_getPlayRange
 *fill*         0x06021094        0xc 00
 .text          0x060210a0      0x928 ../sbl6/segalib/lib/sega_sat.a(gfs_dir.o)
                0x06021590                gfdr_setNextRec
                0x0602198c                gfdr_setDirrecCd
                0x06021388                gfdr_open
                0x0602119c                GFDR_GetAtrDirId
                0x06021470                gfdr_readByte
                0x060210a0                GFDR_SetupDirTbl
                0x06021568                gfdr_readLongNM
                0x06021614                gfdr_readDirEnt
                0x060211cc                GFDR_ChgRoot
                0x06021114                GFDR_NameToId
                0x06021258                gfdr_setupDirIdTbl
                0x060211b4                GFDR_GetAtrDirName
                0x06021174                GFDR_GetInfoDirId
                0x0602151c                gfdr_readLongNB
                0x060213b0                gfdr_read
                0x0602149c                gfdr_readWord
                0x060212dc                gfdr_setupDirNameTbl
                0x06021188                GFDR_GetInfoDirName
                0x060211e4                GFDR_ChgDir
                0x060214c8                gfdr_readWordNB
 *fill*         0x060219c8        0x8 00
 .text          0x060219d0      0xa46 ../sbl6/segalib/lib/sega_sat.a(gfs_trn.o)
                0x06021ab0                GFTR_SetTransMax
                0x06021e80                gftr_execScu
                0x06022404                GFTR_SetTransFunc
                0x060222cc                gftr_remTrn
                0x060223f0                GFTR_SetData
                0x060220f0                gftr_execSdma1
                0x06022340                gftr_copyFrac
                0x06021aa4                GFTR_GetNumTrans
                0x06021a44                GFTR_SetMode
                0x060220c0                gftr_remDma0
                0x06022368                GFTR_GetLenData
                0x06021e74                gftr_reqScu
                0x060220d8                gftr_reqDma1
                0x06021d90                gftr_getSrcPack
                0x060223c0                GFTR_RtnDstPk
                0x06021f5c                gfdma_exec
                0x060221f4                gftr_execTrn
                0x06021c88                GFTR_ExecSvr
                0x06022184                gftr_reqTrn
                0x0602204c                gfdma_getBytecnt
                0x0602212c                gftr_reqCpu
                0x0602238c                GFTR_GetDstPack
                0x06022084                gftr_reqDma0
                0x06021c10                GFTR_Idle
                0x06021ac8                GFTR_Pause
                0x06021a98                GFTR_GetTransPara
                0x06022178                gftr_remCpu
                0x06021a64                GFTR_SetTransPara
                0x06022114                gftr_remDma1
                0x06021ad4                GFTR_Stop
                0x0602209c                gftr_execSdma0
                0x06021a00                GFTR_Setup
                0x06021f1c                gftr_remScu
                0x06021e18                gftr_getDstPack
                0x06021f50                gfdma_canUse
                0x06021b8c                GFTR_Exec
                0x060223dc                GFTR_GetData
                0x06021abc                GFTR_Start
                0x06021a58                GFTR_SetUnit
                0x06022138                gftr_execCpu
                0x06022374                GFTR_GetLenRoom
 *fill*         0x06022416        0xa 00
 .text          0x06022420      0x106 ../sbl6/segalib/lib/sega_sat.a(gfs_buf.o)
                0x06022478                GFBF_GetNumData
                0x060224f4                GFBF_RtnPk
                0x060224a8                GFBF_GetSrcPk
                0x0602251c                gfbf_getSctDt
                0x06022450                GFBF_GetTranData
                0x060224d0                GFBF_GetSctData
 *fill*         0x06022526        0xa 00
 .text          0x06022530      0x600 ../sbl6/segalib/lib/sega_sat.a(gfs_cdb.o)
                0x06022ad8                GFCB_GetPickup
                0x06022650                GFCB_Close
                0x0602291c                GFCB_GetSrcPack
                0x06022aa4                GFCB_SetCon
                0x06022724                GFCB_GetLenRoom
                0x06022a88                GFCB_MovePickup
                0x060229fc                GFCB_GetSctData
                0x06022730                GFCB_SetFilt
                0x06022678                GFCB_GetLenData
                0x06022b18                GFCB_UngetPickup
                0x06022530                GFCB_Setup
                0x060227c0                GFCB_Tell
                0x06022b00                GFCB_IsPuOwner
                0x06022820                GFCB_Seek
                0x06022798                GFCB_DeleteAllData
                0x06022a34                GFCB_GetDstPack
                0x060227d0                gfcb_getSctNum
                0x06022a40                GFCB_RtnPk
 .text          0x06022b30     0x1a04 ../sbl6/segalib/lib/sega_sat.a(gfs_cdc.o)
                0x06022dcc                GFCD_AllocBuf
                0x06023ba8                gfcd_doGetLenDataTsk
                0x06024444                GFCD_SetCsctFunc
                0x06022ea4                GFCD_GetBaseFad
                0x06023020                GFCD_GetFilt
                0x06024034                gfcd_doChgDirTsk
                0x06024374                gfcd_checkEflag
                0x06023368                GFCD_MovePickup
                0x0602344c                GFCD_GetSctInfo
                0x06023cfc                gfcd_doReqDataTsk
                0x06023494                GFCD_ChgDir
                0x06023188                GFCD_ReqData
                0x06024460                GFCD_ChkScdqFlag
                0x06023918                GFCD_WaitServer
                0x0602322c                GFCD_DelSctData
                0x06023704                GFCD_ExecServer
                0x06023b18                gfcd_doSetConTsk
                0x06022d60                GFCD_AllocFilt
                0x06022f5c                GFCD_SetFilt
                0x06023954                gfcd_doSetFiltTsk
                0x06024484                GFCD_ClrScdqFlag
                0x06023d9c                gfcd_doDelSctDataTsk
                0x06023860                gfcd_doTask
                0x06022ed8                GFCD_GetPickup
                0x06023428                GFCD_CheckMove
                0x060244a0                GFCD_WaitScdqFlag
                0x060230c0                GFCD_Play
                0x06023ed0                gfcd_doMoveSctTsk
                0x06023068                GFCD_SetCon
                0x06023508                GFCD_SetFiltCon
                0x060244e4                GFCD_WaitPause
                0x060236cc                GFCD_GetBufSiz
                0x06022f0c                GFCD_UngetPickup
                0x060235f0                GFCD_GetFileInfo
                0x060231e4                GFCD_EndData
                0x06022e00                GFCD_FreeBuf
                0x06023120                GFCD_GetLenData
                0x06022d9c                GFCD_FreeFilt
                0x060237d8                gfcd_isIdleTask
                0x06022b5c                GFCD_Init
                0x06024230                gfcd_doSetFiltConTsk
                0x060232b4                GFCD_GetStat
                0x060233b4                GFCD_MoveSctData
                0x06022f38                GFCD_IsPuOwner
                0x06024398                gfcd_initCdbMng
                0x06022b30                GFCD_SetCdbfs
                0x06023904                GFCD_SetTimer
                0x06024418                gfcd_setStat
                0x06023284                GFCD_CheckDelSctData
 *fill*         0x06024534        0xc 00
 .text          0x06024540      0x1b6 ../sbl6/segalib/lib/sega_sat.a(DMA_CPU0.o)
                0x06024588                DMA_CpuSetPrm
                0x0602468c                DMA_CpuStart
                0x060246e4                DMA_CpuGetStatus
                0x060246b8                DMA_CpuAllStop
                0x060246cc                DMA_CpuGetComStatus
                0x06024540                DMA_CpuSetComPrm
                0x060246a0                DMA_CpuStop
 *fill*         0x060246f6        0xa 00
 .text          0x06024700       0x50 ../sbl6/segalib/lib/sega_sat.a(DMA_CPU5.o)
                0x06024700                DMA_CpuResult
 .text          0x06024750      0x308 ../sbl6/segalib/lib/sega_sat.a(DMA_SCU0.o)
                0x060247d4                DMA_ScuStart
                0x06024908                DMA_ScuIntFunc0
                0x06024978                DMA_ScuIntFunc1
                0x060249e8                DMA_ScuIntFunc2
                0x060248c8                DMA_ScuGetStatus
                0x06024750                DMA_ScuSetPrm
 *fill*         0x06024a58        0x8 00
 .text          0x06024a60       0xe8 ../sbl6/segalib/lib/sega_sat.a(csh_main.o)
                0x06024a60                CSH_Init
                0x06024ac8                CSH_AllClr
                0x06024b14                CSH_Purge
 *fill*         0x06024b48        0x8 00
 .text          0x06024b50      0x194 ../sbl6/segalib/lib/sega_sat.a(cdc_cfs.o)
                0x06024b50                CDC_ChgDir
                0x06024b84                CDC_ReadDir
                0x06024ca8                CDC_AbortFile
                0x06024bb8                CDC_GetFileScope
                0x06024c18                CDC_TgetFileInfo
                0x06024c74                CDC_ReadFile
 *fill*         0x06024ce4        0xc 00
 .text          0x06024cf0      0x1e4 ../sbl6/segalib/lib/sega_sat.a(cdc_bio.o)
                0x06024d9c                CDC_GetdelSctData
                0x06024d24                CDC_GetSctData
                0x06024dd8                CDC_PutSctData
                0x06024e54                CDC_MoveSctData
                0x06024e98                CDC_GetCopyErr
                0x06024d60                CDC_DelSctData
                0x06024cf0                CDC_SetSctLen
                0x06024e10                CDC_CopySctData
 *fill*         0x06024ed4        0xc 00
 .text          0x06024ee0      0x2b8 ../sbl6/segalib/lib/sega_sat.a(cdc_sel.o)
                0x06025110                CDC_GetFiltCon
                0x0602508c                CDC_GetFiltMode
                0x06025164                CDC_ResetSelector
                0x06024ee0                CDC_SetFiltRange
                0x06024f6c                CDC_SetFiltSubh
                0x06024fdc                CDC_GetFiltSubh
                0x06024f14                CDC_GetFiltRange
                0x06025058                CDC_SetFiltMode
                0x060250d0                CDC_SetFiltCon
 *fill*         0x06025198        0x8 00
 .text          0x060251a0      0x270 ../sbl6/segalib/lib/sega_sat.a(cdc_bif.o)
                0x060251fc                CDC_GetSctNum
                0x0602537c                CDC_ExeFadSearch
                0x060252fc                CDC_GetSctInfo
                0x06025240                CDC_CalActSiz
                0x060251a0                CDC_GetBufSiz
                0x0602527c                CDC_GetActSiz
                0x060253b4                CDC_GetFadSearch
 .text          0x06025410       0xa8 ../sbl6/segalib/lib/sega_sat.a(cdc_dev.o)
                0x0602547c                CDC_CdGetLastBuf
                0x06025410                CDC_CdSetCon
                0x06025440                CDC_CdGetCon
 *fill*         0x060254b8        0x8 00
 .text          0x060254c0       0x60 C:/saturn/SH_COFF/sh-coff/bin/../lib/gcc/sh-coff/3.4-GNUSH_v0501\libgcc.a(_ashiftrt.o)
                0x060254cc                __ashiftrt_r4_27
                0x06025500                __ashiftrt_r4_6
                0x060254f0                __ashiftrt_r4_14
                0x060254e2                __ashiftrt_r4_19
                0x060254fa                __ashiftrt_r4_9
                0x0602550e                __ashiftrt_r4_0
                0x060254c0                __ashiftrt_r4_31
                0x060254ce                __ashiftrt_r4_26
                0x060254dc                __ashiftrt_r4_22
                0x060254e8                __ashiftrt_r4_16
                0x060254f4                __ashiftrt_r4_12
                0x060254c8                __ashiftrt_r4_29
                0x060254e6                __ashiftrt_r4_17
                0x060254c6                __ashiftrt_r4_30
                0x06025502                __ashiftrt_r4_5
                0x060254fc                __ashiftrt_r4_8
                0x060254c0                __ashiftrt_r4_32
                0x060254d0                __ashiftrt_r4_25
                0x06025508                __ashiftrt_r4_2
                0x060254d2                __ashiftrt_r4_24
                0x060254ee                __ashiftrt_r4_15
                0x060254f8                __ashiftrt_r4_10
                0x0602550a                __ashiftrt_r4_1
                0x060254ca                __ashiftrt_r4_28
                0x060254e0                __ashiftrt_r4_20
                0x060254fe                __ashiftrt_r4_7
                0x060254f2                __ashiftrt_r4_13
                0x060254f6                __ashiftrt_r4_11
                0x06025504                __ashiftrt_r4_4
                0x060254da                __ashiftrt_r4_23
                0x060254e4                __ashiftrt_r4_18
                0x060254de                __ashiftrt_r4_21
                0x06025506                __ashiftrt_r4_3
 .text          0x06025520       0xb0 C:/saturn/SH_COFF/sh-coff/bin/../lib/gcc/sh-coff/3.4-GNUSH_v0501\libgcc.a(_si_to_df.o)
                0x06025520                __floatsidf
 .text          0x060255d0      0x2e0 C:/saturn/SH_COFF/sh-coff/bin/../lib/gcc/sh-coff/3.4-GNUSH_v0501\libgcc.a(_mul_df.o)
                0x060255e0                __muldf3
 .text          0x060258b0       0x80 C:/saturn/SH_COFF/sh-coff/bin/../lib/gcc/sh-coff/3.4-GNUSH_v0501\libgcc.a(_df_to_si.o)
                0x060258b0                __fixdfsi
 .text          0x06025930       0x70 C:/saturn/SH_COFF/sh-coff/bin/../lib/gcc/sh-coff/3.4-GNUSH_v0501\libgcc.a(_udivsi3.o)
                0x06025952                __udivsi3
 .text          0x060259a0       0xa0 C:/saturn/SH_COFF/sh-coff/bin/../lib/gcc/sh-coff/3.4-GNUSH_v0501\libgcc.a(_sdivsi3.o)
                0x060259a0                __sdivsi3
 .text          0x06025a40       0x90 C:/saturn/SH_COFF/sh-coff/bin/../lib/gcc/sh-coff/3.4-GNUSH_v0501\libgcc.a(_ashiftrt_n.o)
                0x06025a40                __ashrsi3
 .text          0x06025ad0       0x90 C:/saturn/SH_COFF/sh-coff/bin/../lib/gcc/sh-coff/3.4-GNUSH_v0501\libgcc.a(_ashiftlt.o)
                0x06025ad0                __ashlsi3
 .text          0x06025b60       0xb0 C:/saturn/SH_COFF/sh-coff/bin/../lib/gcc/sh-coff/3.4-GNUSH_v0501\libgcc.a(_movstr.o)
                0x06025ba0                __movstrSI16
                0x06025b74                __movstrSI60
                0x06025b80                __movstrSI48
                0x06025b7c                __movstrSI52
                0x06025b70                __movstrSI64
                0x06025b84                __movstrSI44
                0x06025b88                __movstrSI40
                0x06025b8c                __movstrSI36
                0x06025bc0                __movstr
                0x06025b78                __movstrSI56
                0x06025b94                __movstrSI28
                0x06025b90                __movstrSI32
                0x06025ba4                __movstrSI12
                0x06025ba8                __movstrSI8
                0x06025bb0                __movstrSI0
                0x06025b98                __movstrSI24
                0x06025b9c                __movstrSI20
                0x06025bac                __movstrSI4
 .text          0x06025c10       0xa0 C:/saturn/SH_COFF/sh-coff/bin/../lib/gcc/sh-coff/3.4-GNUSH_v0501\libgcc.a(__main.o)
                0x06025c84                __main
                0x06025c10                __do_global_dtors
                0x06025c44                __do_global_ctors
 .text          0x06025cb0      0x220 C:/saturn/SH_COFF/sh-coff/bin/../lib/gcc/sh-coff/3.4-GNUSH_v0501\libgcc.a(_pack_df.o)
                0x06025cc0                __pack_d
 .text          0x06025ed0      0x120 C:/saturn/SH_COFF/sh-coff/bin/../lib/gcc/sh-coff/3.4-GNUSH_v0501\libgcc.a(_unpack_df.o)
                0x06025ee0                __unpack_d
 .text          0x06025ff0       0x20 C:/saturn/SH_COFF/sh-coff/bin/../lib/gcc/sh-coff/3.4-GNUSH_v0501\libgcc.a(_thenan_df.o)
                0x06025ff0                __thenan_df
 .text          0x06026010       0xd0 C:/saturn/SH_COFF/sh-coff/bin/../lib/gcc/sh-coff/3.4-GNUSH_v0501\libgcc.a(_muldi3.o)
                0x06026010                __muldi3
 .text          0x060260e0       0x80 C:/saturn/SH_COFF/sh-coff/bin/../lib/gcc/sh-coff/3.4-GNUSH_v0501\libgcc.a(_lshrdi3.o)
                0x060260e0                __lshrdi3
 .text          0x06026160       0x80 C:/saturn/SH_COFF/sh-coff/bin/../lib/gcc/sh-coff/3.4-GNUSH_v0501\libgcc.a(_ashldi3.o)
                0x06026160                __ashldi3
 .text          0x060261e0       0x30 C:/saturn/SH_COFF/sh-coff/bin/../lib/gcc/sh-coff/3.4-GNUSH_v0501\libgcc.a(_mulsi3.o)
                0x060261e0                __mulsi3
 .text          0x06026210       0x90 C:/saturn/SH_COFF/sh-coff/bin/../lib/gcc/sh-coff/3.4-GNUSH_v0501\libgcc.a(_lshiftrt.o)
                0x06026210                __lshrsi3
 .text          0x060262a0       0x40 C:/saturn/SH_COFF/sh-coff/bin/../lib/gcc/sh-coff/3.4-GNUSH_v0501/../../../../sh-coff/lib\libc.a(memset.o)
                0x060262a0                memset
 .text          0x060262e0       0x60 C:/saturn/SH_COFF/sh-coff/bin/../lib/gcc/sh-coff/3.4-GNUSH_v0501/../../../../sh-coff/lib\libc.a(memcmp.o)
                0x060262e0                memcmp
 .text          0x06026340       0xa0 C:/saturn/SH_COFF/sh-coff/bin/../lib/gcc/sh-coff/3.4-GNUSH_v0501/../../../../sh-coff/lib\libc.a(memcpy.o)
                0x06026340                memcpy
 .text          0x060263e0       0xb0 C:/saturn/SH_COFF/sh-coff/bin/../lib/gcc/sh-coff/3.4-GNUSH_v0501/../../../../sh-coff/lib\libc.a(strncmp.o)
                0x060263e0                strncmp
 .text          0x06026490       0xa0 C:/saturn/SH_COFF/sh-coff/bin/../lib/gcc/sh-coff/3.4-GNUSH_v0501/../../../../sh-coff/lib\libc.a(strncpy.o)
                0x06026490                strncpy
 .text          0x06026530       0x90 C:/saturn/SH_COFF/sh-coff/bin/../lib/gcc/sh-coff/3.4-GNUSH_v0501/../../../../sh-coff/lib\libc.a(atexit.o)
                0x06026530                atexit
 .text          0x060265c0       0x10 C:/saturn/SH_COFF/sh-coff/bin/../lib/gcc/sh-coff/3.4-GNUSH_v0501/../../../../sh-coff/lib\libc.a(impure.o)
                0x060265c0                _global_impure_ptr
 .text          0x060265d0       0x40 C:/saturn/SH_COFF/sh-coff/bin/../lib/gcc/sh-coff/3.4-GNUSH_v0501/../../../../sh-coff/lib\libc.a(malloc.o)
                0x060265ec                free
                0x060265d0                malloc
 .text          0x06026610      0x5b0 C:/saturn/SH_COFF/sh-coff/bin/../lib/gcc/sh-coff/3.4-GNUSH_v0501/../../../../sh-coff/lib\libc.a(mallocr.o)
                0x06026610                _malloc_r
 .text          0x06026bc0      0x340 C:/saturn/SH_COFF/sh-coff/bin/../lib/gcc/sh-coff/3.4-GNUSH_v0501/../../../../sh-coff/lib\libc.a(freer.o)
                0x06026bc0                _malloc_trim_r
                0x06026cb4                _free_r
 .text          0x06026f00       0x20 C:/saturn/SH_COFF/sh-coff/bin/../lib/gcc/sh-coff/3.4-GNUSH_v0501/../../../../sh-coff/lib\libc.a(mlock.o)
                0x06026f00                __malloc_lock
                0x06026f0c                __malloc_unlock
 .text          0x06026f20       0x50 C:/saturn/SH_COFF/sh-coff/bin/../lib/gcc/sh-coff/3.4-GNUSH_v0501/../../../../sh-coff/lib\libc.a(sbrkr.o)
                0x06026f20                _sbrk_r
 .text          0x06026f70      0x380 C:/saturn/SH_COFF/sh-coff/bin/../lib/gcc/sh-coff/3.4-GNUSH_v0501/../../../../sh-coff/lib\libc.a(syscalls.o)
                0x060270dc                _exit
                0x06027110                _getpid
                0x06027178                _utime
                0x06026fa8                _write
                0x06026f70                _read
                0x060270c4                _unlink
                0x0602708c                _open
                0x06027128                _stat
                0x060270d0                isatty
                0x060271a8                _wait
                0x060270f4                _kill
                0x06027144                _chmod
                0x060271d8                _execv
                0x060271bc                _execve
                0x060272b4                __setup_argv_and_call_main
                0x06027210                _gettimeofday
                0x06026fdc                _link
                0x0602711c                _raise
                0x060270a8                _creat
                0x060271f0                _pipe
                0x0602715c                _chown
                0x06026f8c                _lseek
                0x06026fc4                _close
                0x06027204                _times
                0x06027078                _fstat
                0x06027194                _fork
                0x06027004                _sbrk
 .text          0x060272f0       0x20 C:/saturn/SH_COFF/sh-coff/bin/../lib/gcc/sh-coff/3.4-GNUSH_v0501/../../../../sh-coff/lib\libc.a(trap.o)
                0x060272f0                __trap34
 .text          0x06027310       0x20 C:/saturn/SH_COFF/sh-coff/bin/../lib/gcc/sh-coff/3.4-GNUSH_v0501/../../../../sh-coff/lib\libc.a(abort.o)
                0x06027310                abort
 .text          0x06027330      0x270 C:/saturn/SH_COFF/sh-coff/bin/../lib/gcc/sh-coff/3.4-GNUSH_v0501/../../../../sh-coff/lib\libc.a(signal.o)
                0x060273f0                _raise_r
                0x06027578                __sigtramp
                0x06027524                raise
                0x06027560                _init_signal
                0x060274b0                __sigtramp_r
                0x06027540                signal
                0x0602737c                _signal_r
                0x06027330                _init_signal_r
 .text          0x060275a0       0x60 C:/saturn/SH_COFF/sh-coff/bin/../lib/gcc/sh-coff/3.4-GNUSH_v0501/../../../../sh-coff/lib\libc.a(signalr.o)
                0x060275e8                _getpid_r
                0x060275a0                _kill_r
 *(.strings)

.tors           0x06027600        0x0
                0x06027600                ___ctors = .
 *(.ctors)
                0x06027600                ___ctors_end = .
                0x06027600                ___dtors = .
 *(.dtors)
                0x06027600                ___dtors_end = .

.data           0x06027600     0x45a0
                0x06027600                STARTOF_R = .
 *(.data)
 .data          0x06027600      0x400 smpclib/per_x1.o
 .data          0x06027a00       0x70 game.o
 .data          0x06027a70     0x3140 graphics.o
                0x06028a9c                cyberblock_name
                0x06029f82                girl2_num
                0x06028aec                metalorange_name
                0x06027c12                ship_size
                0x06028afa                metalorange_num
                0x06027ddc                chipgame_pal
                0x06029b76                girl3_num
                0x06027d48                game_name
                0x060285fc                menufont_pal
                0x0602864a                menufont_num
                0x06027b68                beffect_size
                0x0602a38e                girl1_num
                0x06028aac                metalorange_pal
                0x0602a390                roarframes_pal
                0x06027dcc                gamestar_name
                0x06027ac0                blocks2_size
                0x06027d78                starnear_name
                0x06027d20                gamefar_height
                0x06027c14                ship_num
                0x0602a7a0                roarbg_pal
                0x06027b64                beffect_height
                0x0602aba0                roarbg_name
                0x06027b6c                explosion_pal
                0x06027d8c                gamestar_pal
                0x06027d44                gamenear_width
                0x06027bac                explosion_name
                0x06027b16                blocks1_num
                0x06027c6a                starspr_num
                0x0602a384                girl1_name
                0x060281ec                game_tiles_pal
                0x06027ac2                blocks2_num
                0x06028afc                title_pal
                0x06027b04                blocks1_name
                0x06027cb6                font_height
                0x0602a790                roarframes_name
                0x06029b6c                girl3_name
                0x06027d22                gamefar_width
                0x06029f84                girl1_pal
                0x0602863c                menufont_name
                0x06028a5a                chipframes_num
                0x06027cc0                ball_pal
                0x0602976c                girl3_pal
                0x060281ea                chipgame_num
                0x06027c68                starspr_size
                0x06027ac4                blocks1_pal
                0x06027d34                gamenear_name
                0x06027bbc                explosion_width
                0x0602935e                girl5_num
                0x06027d10                ball_num
                0x06028f06                title_num
                0x06027cac                font_name
                0x06027b66                beffect_width
                0x06027c18                starspr_pal
                0x0602abac                roarbg_num
                0x06027d0c                ball_width
                0x06028aaa                cyberblock_num
                0x06028f54                girl5_pal
                0x06027c0e                ship_height
                0x060285fa                game_tiles_num
                0x06027d0a                ball_height
                0x06027d42                gamenear_height
                0x06027cb8                font_width
                0x06028f52                stars_num
                0x06027d0e                ball_size
                0x06027c10                ship_width
                0x06028efc                title_name
                0x06028a4c                chipframes_name
                0x06027d58                starfar_name
                0x06027b10                blocks1_height
                0x06028f48                stars_name
                0x06027dda                gamestar_num
                0x06027d30                gamemid_height
                0x06027bc4                ship_pal
                0x06027d00                ball_name
                0x06027cbc                font_num
                0x06027c6c                font_pal
                0x06027d76                starmid_width
                0x06027d88                starnear_width
                0x06027d24                gamemid_name
                0x06027abe                blocks2_width
                0x06027b14                blocks1_size
                0x06027c66                starspr_width
                0x0602864c                chipframes_pal
                0x06027d52                game_height
                0x06027d64                starfar_height
                0x06027bc0                explosion_num
                0x0602976a                girl4_num
                0x06027d32                gamemid_width
                0x06027abc                blocks2_height
                0x06027b58                beffect_name
                0x06027b12                blocks1_width
                0x06027cba                font_size
                0x06027ab0                blocks2_name
                0x06027c58                starspr_name
                0x0602a79e                roarframes_num
                0x06028a5c                cyberblock_pal
                0x06027d86                starnear_height
                0x06027d68                starmid_name
                0x06027c04                ship_name
                0x06029354                girl5_name
                0x06029360                girl4_pal
                0x06027a70                blocks2_pal
                0x06027d74                starmid_height
                0x06028f08                stars_pal
                0x06027d14                gamefar_name
                0x060285ec                game_tiles_name
                0x06027b6a                beffect_num
                0x06027c64                starspr_height
                0x06027b18                beffect_pal
                0x06029760                girl4_name
                0x06027d54                game_width
                0x06029b78                girl2_pal
                0x06027d66                starfar_width
                0x06027bbe                explosion_size
                0x06027bba                explosion_height
                0x060281dc                chipgame_name
                0x06029f78                girl2_name
 .data          0x0602abb0      0x1a0 intro.o
 .data          0x0602ad50       0x90 level.o
                0x0602ad54                level_blocks
                0x0602ad50                level_lengths
                0x0602ad58                level0_blocks
 .data          0x0602ade0       0x40 logo.o
 .data          0x0602ae20       0x80 menu.o
                0x0602ae20                cutscene
 .data          0x0602aea0       0x10 pcmsys.o
                0x0602aea4                scsp_load
                0x0602aea8                m68k_com
                0x0602aea0                master_volume
 .data          0x0602aeb0       0x40 scroll.o
                0x0602aec0                CycleTbLoRes
                0x0602aee0                vram
                0x0602aed0                char_offsets
                0x0602aeb0                CycleTbHiRes
 .data          0x0602aef0       0x30 sprite.o
 .data          0x0602af20      0x400 ../sbl6/segalib/lib/sega_int.a(int.o)
 .data          0x0602b320       0x1c ../sbl6/segalib/lib/sega_spr.a(spr_slv.o)
                0x0602b328                SPR_SlaveParam
                0x0602b338                SPR_SMPC_SF
                0x0602b330                SPR_SMPC_COM
                0x0602b32c                SPR_SlaveSHEntry
                0x0602b324                SPR_SlaveState
                0x0602b320                SPR_SlaveCommand
                0x0602b334                SPR_SMPC_RET
 *fill*         0x0602b33c        0x4 00
 .data          0x0602b340       0x34 ../sbl6/segalib/lib/sega_spr.a(spr_1c.o)
                0x0602b340                SpInitialFlag
 *fill*         0x0602b374        0xc 00
 .data          0x0602b380       0x1c ../sbl6/segalib/lib/sega_scl.a(scl_vblv.o)
                0x0602b388                VBInterval
                0x0602b390                ReqDisplayFlag
                0x0602b380                SpFrameChgMode
                0x0602b38c                VBIntervalCounter
                0x0602b384                SpFrameEraseMode
 *fill*         0x0602b39c        0x4 00
 .data          0x0602b3a0       0x18 ../sbl6/segalib/lib/sega_scl.a(scl_pri.o)
                0x0602b3a4                SclRealSpPriNum
                0x0602b3b4                SclRealColOffset
                0x0602b3b0                SclRealBgColMix
                0x0602b3ac                SclRealSpColMix
                0x0602b3a8                SclRealBgPriNum
                0x0602b3a0                SclRealOtherPri
 *fill*         0x0602b3b8        0x8 00
 .data          0x0602b3c0       0x36 ../sbl6/segalib/lib/sega_scl.a(scl_func.o)
                0x0602b3d0                SclRotregBuff
                0x0602b3cc                SclDisplayY
                0x0602b3d4                SclRotateTableMode
                0x0602b3c8                SclProcess
                0x0602b3c4                SclCurSclNum
                0x0602b3c0                SclLengthLsTbl
                0x0602b3ca                SclDisplayX
                0x0602b3c2                SclLengthCsTbl
 *fill*         0x0602b3f6        0xa 00
 .data          0x0602b400        0x4 ../sbl6/segalib/lib/sega_mth.a(mth_rand.o)
 *fill*         0x0602b404        0xc 00
 .data          0x0602b410      0x380 C:/saturn/SH_COFF/sh-coff/bin/../lib/gcc/sh-coff/3.4-GNUSH_v0501/../../../../sh-coff/lib\libc.a(impure.o)
                0x0602b78c                _impure_ptr
 .data          0x0602b790      0x410 C:/saturn/SH_COFF/sh-coff/bin/../lib/gcc/sh-coff/3.4-GNUSH_v0501/../../../../sh-coff/lib\libc.a(mallocr.o)
                0x0602b798                __malloc_av_
                0x0602b794                __malloc_trim_threshold
                0x0602b790                __malloc_sbrk_base
                0x0602bba0                SIZEOF_R = (. - STARTOF_R)
                0x0602bba0                ENDOF_R = .

.bss            0x0602bba0    0x10314
                0x0602bba0                STARTOF_B = .
 *(.bss)
 .bss           0x0602bba0       0x10 vblank.o
                0x0602bba4                PadData2E
                0x0602bbaa                PadData1
                0x0602bba6                PadData2
                0x0602bba8                PadData1E
                0x0602bba0                __port
 .bss           0x0602bbb0       0xe0 smpclib/per_x2.o
 .bss           0x0602bc90       0x10 ball.o
 .bss           0x0602bca0       0x20 game.o
 .bss           0x0602bcc0     0x1970 intro.o
 .bss           0x0602d630     0x13a0 level.o
 .bss           0x0602e9d0       0x10 logo.o
 .bss           0x0602e9e0       0x60 menu.o
 .bss           0x0602ea40       0x10 pcmsys.o
                0x0602ea40                numberPCMs
 .bss           0x0602ea50       0x10 scroll.o
                0x0602ea50                scroll_res
 .bss           0x0602ea60     0x3d00 sprite.o
                0x0602ea60                num_sprites
 .bss           0x06032760       0x10 main.o
                0x06032760                frame
 .bss           0x06032770       0x6e ../sbl6/segalib/lib/sega_spr.a(spr_2c.o)
 *fill*         0x060327de        0x2 00
 .bss           0x060327e0        0x4 ../sbl6/segalib/lib/sega_scl.a(scl_vblv.o)
 *fill*         0x060327e4        0xc 00
 .bss           0x060327f0     0x1900 ../sbl6/segalib/lib/sega_scl.a(scl_fu05.o)
 .bss           0x060340f0        0x4 ../sbl6/segalib/lib/sega_scl.a(scl_func.o)
 *fill*         0x060340f4        0xc 00
 .bss           0x06034100       0x48 ../sbl6/segalib/lib/sega_scl.a(scl_ro00.o)
 *fill*         0x06034148        0x8 00
 .bss           0x06034150        0xc ../sbl6/segalib/lib/sega_cdc.a(cdc_sub.o)
 *fill*         0x0603415c        0x4 00
 .bss           0x06034160        0x2 ../sbl6/segalib/lib/sega_cdc.a(cdc_reg.o)
 *fill*         0x06034162        0xe 00
 .bss           0x06034170       0x9c ../sbl6/segalib/lib/sega_per.a(per_prt.o)
 *fill*         0x0603420c        0x4 00
 .bss           0x06034210        0xc ../sbl6/segalib/lib/sega_sat.a(DMA_SCU1.o)
 *fill*         0x0603421c        0x4 00
 .bss           0x06034220        0xc ../sbl6/segalib/lib/sega_sat.a(gfs_trn.o)
 *fill*         0x0603422c        0x4 00
 .bss           0x06034230       0x20 ../sbl6/segalib/lib/sega_sat.a(DMA_SCU0.o)
 .bss           0x06034250       0x10 C:/saturn/SH_COFF/sh-coff/bin/../lib/gcc/sh-coff/3.4-GNUSH_v0501\libgcc.a(__main.o)
 .bss           0x06034260       0x10 C:/saturn/SH_COFF/sh-coff/bin/../lib/gcc/sh-coff/3.4-GNUSH_v0501/../../../../sh-coff/lib\libc.a(atexit.o)
 .bss           0x06034270       0x40 C:/saturn/SH_COFF/sh-coff/bin/../lib/gcc/sh-coff/3.4-GNUSH_v0501/../../../../sh-coff/lib\libc.a(mallocr.o)
                0x060342a0                __malloc_top_pad
                0x06034270                __malloc_current_mallinfo
                0x0603429c                __malloc_max_sbrked_mem
                0x06034298                __malloc_max_total_mem
 .bss           0x060342b0       0x10 C:/saturn/SH_COFF/sh-coff/bin/../lib/gcc/sh-coff/3.4-GNUSH_v0501/../../../../sh-coff/lib\libc.a(syscalls.o)
 *(COMMON)
 COMMON         0x060342c0        0x8 vblank.o
                                  0x0 (size before relaxing)
                0x060342c0                PadAnalogR1
                0x060342c1                PadAnalogL1
                0x060342c2                PadAnalogY1
                0x060342c3                PadAnalogX1
                0x060342c4                PadID1
 *fill*         0x060342c8        0x8 00
 COMMON         0x060342d0      0x1e4 ball.o
                                  0x0 (size before relaxing)
                0x060342d0                ball_sprites
                0x060344b0                ball_count
 *fill*         0x060344b4        0xc 00
 COMMON         0x060344c0     0x1674 cd.o
                                  0x0 (size before relaxing)
                0x060344c0                dirname
                0x06034e20                lib_work
                0x06035b28                directory_table
 *fill*         0x06035b34        0xc 00
 COMMON         0x06035b40        0x4 game.o
                                  0x0 (size before relaxing)
                0x06035b40                ship_sprite
 *fill*         0x06035b44        0xc 00
 COMMON         0x06035b50     0x14a0 print.o
                                  0x0 (size before relaxing)
                0x06035b50                text
 COMMON         0x06036ff0      0x230 scroll.o
                                  0x0 (size before relaxing)
                0x06036ff0                scfg
 COMMON         0x06037220     0x3180 sprite.o
                                  0x0 (size before relaxing)
                0x06037220                sprites
                0x060383a0                sprite_buf
 COMMON         0x0603a3a0       0x8c main.o
                                  0x0 (size before relaxing)
                0x0603a3a0                off_config
 *fill*         0x0603a42c        0x4 00
 COMMON         0x0603a430      0x400 ../sbl6/segalib/lib/sega_int.a(int.o)
                                  0x0 (size before relaxing)
                0x0603a430                __interrupt_vector
 COMMON         0x0603a830       0x50 ../sbl6/segalib/lib/sega_spr.a(spr_2c.o)
                                  0x0 (size before relaxing)
                0x0603a830                SpMstCmd
                0x0603a834                Sp2OpenFlag
                0x0603a838                SpGourTblMax
                0x0603a83c                SpDrawPrtyBlk
                0x0603a840                SpLCoordX
                0x0603a844                SpMstDrawPrtyBlk
                0x0603a848                SpGourTbl
                0x0603a84c                SpLookupTblR
                0x0603a850                SpCmdTbl
                0x0603a854                SpCharMax
                0x0603a858                SpDrawPrtyProcFlag
                0x0603a85c                SpCmdNo
                0x0603a860                SpDrawPrtyBlkMax
                0x0603a864                SpSlvCmdPos
                0x0603a868                SpSlvDrawPrtyBlk
                0x0603a86c                SpCharTbl
                0x0603a870                SpCmdTblR
                0x0603a874                SpMstCmdPos
                0x0603a878                SpSlvCmd
                0x0603a87c                SpLCoordY
 COMMON         0x0603a880       0x10 ../sbl6/segalib/lib/sega_spr.a(spr_1c.o)
                                  0x0 (size before relaxing)
                0x0603a880                SpScreenY
                0x0603a884                SpFbcrMode
                0x0603a886                SpDil
                0x0603a888                SpDie
                0x0603a88a                SpTvMode
                0x0603a88c                SpScreenX
 COMMON         0x0603a890      0x6b0 ../sbl6/segalib/lib/sega_scl.a(scl_pri.o)
                                  0x0 (size before relaxing)
                0x0603a890                SclAutoEndBlue2
                0x0603a8a0                SclColOffset
                0x0603a8b0                SclPriBuffDirty
                0x0603a8b2                SclAutoEndRed
                0x0603a8b4                SclAutoSurface
                0x0603a8b8                SclAutoGreen
                0x0603a8ba                SclAutoEndGreen
                0x0603a8bc                SclAutoCount
                0x0603a8c0                SclColRamAlloc256
                0x0603a8e0                SclAutoCurRate
                0x0603a8e1                SclAutoPlusFlag
                0x0603a8e8                SclSpColMix
                0x0603a8f0                SclAutoMax
                0x0603a8f4                SclLineColRamOffset
                0x0603a8f8                SclColRamAlloc2048
                0x0603a8fc                SclBgPriNum
                0x0603a902                SclAutoEndBlue
                0x0603a904                SclAutoEndGreen2
                0x0603a906                SclAutoVeFlag
                0x0603a908                SclBgColMix
                0x0603a910                SclAutoIndex
                0x0603a914                SclAutoEndRate
                0x0603a916                SclAutoBlue
                0x0603a918                SclAutoRed
                0x0603a91c                SclAutoInterval
                0x0603a920                SclOtherPri
                0x0603a930                SclAutoRGB
                0x0603af30                SclAutoEndRed2
                0x0603af38                SclSpPriNum
 COMMON         0x0603af40      0xf00 ../sbl6/segalib/lib/sega_scl.a(scl_func.o)
                                  0x0 (size before relaxing)
                0x0603af40                SclRbgKtbAddr
                0x0603af48                SclRb
                0x0603af4a                Scl_flag
                0x0603af50                SclK_TableBuff
                0x0603bc20                SclAddrCsTbl
                0x0603bc30                Scl_s_reg
                0x0603bc58                SclRotateXy
                0x0603bc60                Scl_d_reg
                0x0603bca8                SclRotateDisp
                0x0603bcb0                SclRotateMoveZ
                0x0603bcb8                SclRotXySw
                0x0603bcc0                Scl_r_reg
                0x0603bcd0                SclRPMD
                0x0603bcd8                SclRbgKtbOffset
                0x0603bce0                _SclRotregBuff
                0x0603bdb0                SclRa
                0x0603bdb8                SclRotateZ
                0x0603bdc0                SclAddrLsTbl
                0x0603bdc8                SclK_TableNum
                0x0603bdd0                SclRotateTableAddress
                0x0603bdd4                SclK_TableFlag
                0x0603bde0                Scl_w_reg
                0x0603be00                Scl_n_reg
 COMMON         0x0603be40       0x10 ../sbl6/segalib/lib/sega_scl.a(scl_ro00.o)
                                  0x0 (size before relaxing)
                0x0603be40                SclCsx
                0x0603be48                SclCsy
 COMMON         0x0603be50       0x15 ../sbl6/segalib/lib/sega_per.a(per_prt.o)
                                  0x0 (size before relaxing)
                0x0603be50                per_get_time_flg
                0x0603be51                per_hot_res
                0x0603be52                per_set_sys_flg
                0x0603be54                per_get_time_adr
                0x0603be58                per_get_sys_data
                0x0603be64                per_time_out_flg
 *fill*         0x0603be65        0xb 00
 COMMON         0x0603be70        0xc ../sbl6/segalib/lib/sega_sat.a(gfs.o)
                                  0x0 (size before relaxing)
                0x0603be70                GFMC_base
                0x0603be74                gfs_mng_ptr
                0x0603be78                gfs_use_scudma
 *fill*         0x0603be7c        0x4 00
 COMMON         0x0603be80        0x8 ../sbl6/segalib/lib/sega_sat.a(gfs_cdf.o)
                                  0x0 (size before relaxing)
                0x0603be80                gfcf_fad
                0x0603be84                gfcf_stat
 *fill*         0x0603be88        0x8 00
 COMMON         0x0603be90        0xc ../sbl6/segalib/lib/sega_sat.a(gfs_cdc.o)
                                  0x0 (size before relaxing)
                0x0603be90                gfcd_fatal_err
                0x0603be94                gfcd_work
                0x0603be98                gfcd_playflag
 *fill*         0x0603be9c        0x4 00
 COMMON         0x0603bea0        0x8 ../sbl6/segalib/lib/sega_sat.a(DMA_CPU5.o)
                                  0x0 (size before relaxing)
                0x0603bea0                dma_cpu_cnt
                0x0603bea4                dma_cpu_dis_adr
 *fill*         0x0603bea8        0x8 00
 COMMON         0x0603beb0        0x4 C:/saturn/SH_COFF/sh-coff/bin/../lib/gcc/sh-coff/3.4-GNUSH_v0501/../../../../sh-coff/lib\libc.a(syscalls.o)
                                  0x0 (size before relaxing)
                0x0603beb0                errno
                0x0603beb4                SIZEOF_B = (. - STARTOF_B)
                0x0603beb4                ENDOF_B = .
                0x0603beb4                _end = .
OUTPUT(main.cof coff-sh)

.comment        0x0603bec0      0x5a0
 .comment       0x0603bec0       0x20 ../sbl6/segasmp/lib/strt2_g.o
 .comment       0x0603bee0       0x20 vblank.o
 .comment       0x0603bf00       0x20 smpclib/per_x1.o
 .comment       0x0603bf20       0x20 smpclib/per_x2.o
 .comment       0x0603bf40       0x20 spritecode/explosion.o
 .comment       0x0603bf60       0x20 ball.o
 .comment       0x0603bf80       0x20 cd.o
 .comment       0x0603bfa0       0x20 crc.o
 .comment       0x0603bfc0       0x20 devcart.o
 .comment       0x0603bfe0       0x20 game.o
 .comment       0x0603c000       0x20 graphics.o
 .comment       0x0603c020       0x20 intro.o
 .comment       0x0603c040       0x20 level.o
 .comment       0x0603c060       0x20 logo.o
 .comment       0x0603c080       0x20 menu.o
 .comment       0x0603c0a0       0x20 pcmsys.o
 .comment       0x0603c0c0       0x20 print.o
 .comment       0x0603c0e0       0x20 scroll.o
 .comment       0x0603c100       0x20 sound.o
 .comment       0x0603c120       0x20 sprite.o
 .comment       0x0603c140       0x20 main.o
 .comment       0x0603c160       0x20 C:/saturn/SH_COFF/sh-coff/bin/../lib/gcc/sh-coff/3.4-GNUSH_v0501\libgcc.a(_si_to_df.o)
 .comment       0x0603c180       0x20 C:/saturn/SH_COFF/sh-coff/bin/../lib/gcc/sh-coff/3.4-GNUSH_v0501\libgcc.a(_mul_df.o)
 .comment       0x0603c1a0       0x20 C:/saturn/SH_COFF/sh-coff/bin/../lib/gcc/sh-coff/3.4-GNUSH_v0501\libgcc.a(_df_to_si.o)
 .comment       0x0603c1c0       0x20 C:/saturn/SH_COFF/sh-coff/bin/../lib/gcc/sh-coff/3.4-GNUSH_v0501\libgcc.a(__main.o)
 .comment       0x0603c1e0       0x20 C:/saturn/SH_COFF/sh-coff/bin/../lib/gcc/sh-coff/3.4-GNUSH_v0501\libgcc.a(_pack_df.o)
 .comment       0x0603c200       0x20 C:/saturn/SH_COFF/sh-coff/bin/../lib/gcc/sh-coff/3.4-GNUSH_v0501\libgcc.a(_unpack_df.o)
 .comment       0x0603c220       0x20 C:/saturn/SH_COFF/sh-coff/bin/../lib/gcc/sh-coff/3.4-GNUSH_v0501\libgcc.a(_thenan_df.o)
 .comment       0x0603c240       0x20 C:/saturn/SH_COFF/sh-coff/bin/../lib/gcc/sh-coff/3.4-GNUSH_v0501\libgcc.a(_muldi3.o)
 .comment       0x0603c260       0x20 C:/saturn/SH_COFF/sh-coff/bin/../lib/gcc/sh-coff/3.4-GNUSH_v0501\libgcc.a(_lshrdi3.o)
 .comment       0x0603c280       0x20 C:/saturn/SH_COFF/sh-coff/bin/../lib/gcc/sh-coff/3.4-GNUSH_v0501\libgcc.a(_ashldi3.o)
 .comment       0x0603c2a0       0x20 C:/saturn/SH_COFF/sh-coff/bin/../lib/gcc/sh-coff/3.4-GNUSH_v0501/../../../../sh-coff/lib\libc.a(memcmp.o)
 .comment       0x0603c2c0       0x20 C:/saturn/SH_COFF/sh-coff/bin/../lib/gcc/sh-coff/3.4-GNUSH_v0501/../../../../sh-coff/lib\libc.a(strncmp.o)
 .comment       0x0603c2e0       0x20 C:/saturn/SH_COFF/sh-coff/bin/../lib/gcc/sh-coff/3.4-GNUSH_v0501/../../../../sh-coff/lib\libc.a(strncpy.o)
 .comment       0x0603c300       0x20 C:/saturn/SH_COFF/sh-coff/bin/../lib/gcc/sh-coff/3.4-GNUSH_v0501/../../../../sh-coff/lib\libc.a(atexit.o)
 .comment       0x0603c320       0x20 C:/saturn/SH_COFF/sh-coff/bin/../lib/gcc/sh-coff/3.4-GNUSH_v0501/../../../../sh-coff/lib\libc.a(impure.o)
 .comment       0x0603c340       0x20 C:/saturn/SH_COFF/sh-coff/bin/../lib/gcc/sh-coff/3.4-GNUSH_v0501/../../../../sh-coff/lib\libc.a(malloc.o)
 .comment       0x0603c360       0x20 C:/saturn/SH_COFF/sh-coff/bin/../lib/gcc/sh-coff/3.4-GNUSH_v0501/../../../../sh-coff/lib\libc.a(mallocr.o)
 .comment       0x0603c380       0x20 C:/saturn/SH_COFF/sh-coff/bin/../lib/gcc/sh-coff/3.4-GNUSH_v0501/../../../../sh-coff/lib\libc.a(freer.o)
 .comment       0x0603c3a0       0x20 C:/saturn/SH_COFF/sh-coff/bin/../lib/gcc/sh-coff/3.4-GNUSH_v0501/../../../../sh-coff/lib\libc.a(mlock.o)
 .comment       0x0603c3c0       0x20 C:/saturn/SH_COFF/sh-coff/bin/../lib/gcc/sh-coff/3.4-GNUSH_v0501/../../../../sh-coff/lib\libc.a(sbrkr.o)
 .comment       0x0603c3e0       0x20 C:/saturn/SH_COFF/sh-coff/bin/../lib/gcc/sh-coff/3.4-GNUSH_v0501/../../../../sh-coff/lib\libc.a(syscalls.o)
 .comment       0x0603c400       0x20 C:/saturn/SH_COFF/sh-coff/bin/../lib/gcc/sh-coff/3.4-GNUSH_v0501/../../../../sh-coff/lib\libc.a(abort.o)
 .comment       0x0603c420       0x20 C:/saturn/SH_COFF/sh-coff/bin/../lib/gcc/sh-coff/3.4-GNUSH_v0501/../../../../sh-coff/lib\libc.a(signal.o)
 .comment       0x0603c440       0x20 C:/saturn/SH_COFF/sh-coff/bin/../lib/gcc/sh-coff/3.4-GNUSH_v0501/../../../../sh-coff/lib\libc.a(signalr.o)
