Archive member included because of file (symbol)

../sbl6/segalib/lib/sega_int.a(int.o)
                              vblank.o (INT_SetScuFunc)
../sbl6/segalib/lib/sega_int.a(int_trmp.o)
                              ../sbl6/segalib/lib/sega_int.a(int.o) (__interrupt_handler0)
../sbl6/segalib/lib/sega_spr.a(spr_2c.o)
                              sprite.o (SPR_2Initial)
../sbl6/segalib/lib/sega_spr.a(spr_slv.o)
                              ../sbl6/segalib/lib/sega_spr.a(spr_2c.o) (SPR_InitSlaveSH)
../sbl6/segalib/lib/sega_spr.a(spr_1c.o)
                              ../sbl6/segalib/lib/sega_spr.a(spr_2c.o) (SPR_Initial)
../sbl6/segalib/lib/sega_spr.a(spr_2a.o)
                              ../sbl6/segalib/lib/sega_spr.a(spr_2c.o) (SPR_2SetDrawPrty)
../sbl6/segalib/lib/sega_scl.a(scl_vblv.o)
                              ../sbl6/segalib/lib/sega_spr.a(spr_1c.o) (SpFrameChgMode)
../sbl6/segalib/lib/sega_scl.a(scl_pri.o)
                              intro.o (SCL_SetColMixRate)
../sbl6/segalib/lib/sega_scl.a(scl_pr02.o)
                              intro.o (SCL_SetColRam)
../sbl6/segalib/lib/sega_scl.a(scl_pr07.o)
                              intro.o (SCL_SetPriority)
../sbl6/segalib/lib/sega_scl.a(scl_pr10.o)
                              intro.o (SCL_SetAutoColMix)
../sbl6/segalib/lib/sega_scl.a(scl_fu05.o)
                              intro.o (SCL_InitLineParamTb)
../sbl6/segalib/lib/sega_scl.a(scl_pr12.o)
                              intro.o (SCL_SetColOffset)
../sbl6/segalib/lib/sega_scl.a(scl_func.o)
                              ../sbl6/segalib/lib/sega_scl.a(scl_fu05.o) (SclLengthLsTbl)
../sbl6/segalib/lib/sega_scl.a(scl_pr11.o)
                              logo.o (SCL_SetAutoColOffset)
../sbl6/segalib/lib/sega_scl.a(scl_fu01.o)
                              scroll.o (SCL_SetDisplayMode)
../sbl6/segalib/lib/sega_scl.a(scl_fu04.o)
                              scroll.o (SCL_SetCycleTable)
../sbl6/segalib/lib/sega_scl.a(scl_pr03.o)
                              scroll.o (SCL_AllocColRam)
../sbl6/segalib/lib/sega_scl.a(scl_back.o)
                              scroll.o (SCL_SetBack)
../sbl6/segalib/lib/sega_scl.a(scl_fu03.o)
                              scroll.o (SCL_InitConfigTb)
../sbl6/segalib/lib/sega_scl.a(scl_fu02.o)
                              scroll.o (SCL_InitVramConfigTb)
../sbl6/segalib/lib/sega_scl.a(scl_pr01.o)
                              main.o (SCL_SetSpriteMode)
../sbl6/segalib/lib/sega_scl.a(scl_pr05.o)
                              ../sbl6/segalib/lib/sega_scl.a(scl_pr02.o) (SCL_GetColRamOffset)
../sbl6/segalib/lib/sega_scl.a(scl_ro00.o)
                              ../sbl6/segalib/lib/sega_scl.a(scl_func.o) (SCL_Rotate)
../sbl6/segalib/lib/sega_scl.a(scl_pr06.o)
                              ../sbl6/segalib/lib/sega_scl.a(scl_pr03.o) (SCL_SetColRamOffset)
../sbl6/segalib/lib/sega_mth.a(mth_tri.o)
                              intro.o (MTH_Sin)
../sbl6/segalib/lib/sega_mth.a(mth_fixd.o)
                              intro.o (MTH_Mul)
../sbl6/segalib/lib/sega_mth.a(mth_rand.o)
                              main.o (MTH_InitialRand)
../sbl6/segalib/lib/sega_cdc.a(cdc_drv.o)
                              sound.o (CDC_CdPlay)
../sbl6/segalib/lib/sega_cdc.a(cdc_cmn.o)
                              main.o (CDC_GetPeriStat)
../sbl6/segalib/lib/sega_cdc.a(cdc_sub.o)
                              ../sbl6/segalib/lib/sega_cdc.a(cdc_cmn.o) (CDSUB_UpdStatus)
../sbl6/segalib/lib/sega_cdc.a(cdc_reg.o)
                              ../sbl6/segalib/lib/sega_cdc.a(cdc_cmn.o) (CDREG_ClrHirqReq)
../sbl6/segalib/lib/sega_per.a(per_prt.o)
                              ../sbl6/segasmp/per/smpclib/per_x2.o (PER_LInit)
../sbl6/segalib/lib/sega_sat.a(gfs.o)
                              cd.o (GFS_Init)
../sbl6/segalib/lib/sega_sat.a(DMA_CPU1.o)
                              intro.o (DMA_CpuMemCopy1)
../sbl6/segalib/lib/sega_sat.a(DMA_CPU2.o)
                              intro.o (DMA_CpuMemCopy2)
../sbl6/segalib/lib/sega_sat.a(DMA_CPU5.o)
                              pcmsys.o (DMA_CpuResult)
../sbl6/segalib/lib/sega_sat.a(DMA_SCU1.o)
                              ../sbl6/segalib/lib/sega_spr.a(spr_2c.o) (DMA_ScuMemCopy)
../sbl6/segalib/lib/sega_sat.a(gfs_cdf.o)
                              ../sbl6/segalib/lib/sega_sat.a(gfs.o) (GFCF_Init)
../sbl6/segalib/lib/sega_sat.a(gfs_dir.o)
                              ../sbl6/segalib/lib/sega_sat.a(gfs.o) (GFDR_SetupDirTbl)
../sbl6/segalib/lib/sega_sat.a(gfs_trn.o)
                              ../sbl6/segalib/lib/sega_sat.a(gfs.o) (GFTR_Setup)
../sbl6/segalib/lib/sega_sat.a(gfs_buf.o)
                              ../sbl6/segalib/lib/sega_sat.a(gfs.o) (GFBF_GetNumData)
../sbl6/segalib/lib/sega_sat.a(gfs_cdb.o)
                              ../sbl6/segalib/lib/sega_sat.a(gfs_cdf.o) (GFCB_Setup)
../sbl6/segalib/lib/sega_sat.a(gfs_cdc.o)
                              ../sbl6/segalib/lib/sega_sat.a(gfs.o) (GFCD_SetCdbfs)
[...]
Memory Configuration

Name             Origin             Length             Attributes
*default*        0x00000000         0xffffffff

Linker script and memory map

LOAD ../sbl6/segasmp/lib/strt1_g.o
LOAD ../sbl6/segasmp/lib/strt2_g.o
LOAD vblank.o
LOAD ../sbl6/segasmp/per/smpclib/per_x1.o
LOAD ../sbl6/segasmp/per/smpclib/per_x2.o
LOAD ../sbl6/segasmp/per/smpclib/per_x3.o
LOAD cd.o
LOAD crc.o
LOAD devcart.o
LOAD graphics.o
LOAD intro.o
LOAD logo.o
LOAD menu.o
LOAD pcmsys.o
LOAD print.o
LOAD scroll.o
LOAD sound.o
LOAD sprite.o
LOAD main.o
LOAD ../sbl6/segalib/lib/sega_int.a
LOAD ../sbl6/segalib/lib/sega_spr.a
LOAD ../sbl6/segalib/lib/sega_scl.a
LOAD ../sbl6/segalib/lib/sega_mth.a
LOAD ../sbl6/segalib/lib/sega_cdc.a
LOAD ../sbl6/segalib/lib/sega_adp.a
LOAD ../sbl6/segalib/lib/sega_per.a
LOAD ../sbl6/segalib/lib/sega_sat.a
LOAD c:/saturn/SH_COFF/sh-coff/bin/../lib/gcc/sh-coff/3.4-GNUSH_v0501\libgcc.a
LOAD c:/saturn/SH_COFF/sh-coff/bin/../lib/gcc/sh-coff/3.4-GNUSH_v0501/../../../../sh-coff/lib\libc.a
LOAD c:/saturn/SH_COFF/sh-coff/bin/../lib/gcc/sh-coff/3.4-GNUSH_v0501\libgcc.a

.text           0x06010000    0x15780
 *(.text)
 .text          0x06010000       0x30 ../sbl6/segasmp/lib/strt1_g.o
                0x06010024                _D_END
                0x06010020                _D_BGN
                0x0601002c                _B_END
                0x06010028                _B_BGN
                0x06010000                START
 .text          0x06010030       0x60 ../sbl6/segasmp/lib/strt2_g.o
                0x06010050                _INITSCT
                0x06010030                _INIT
 .text          0x06010090      0x180 vblank.o
                0x06010090                SetVblank
                0x06010110                UsrVblankOut
                0x060100f0                UsrVblankIn
 .text          0x06010210      0x430 ../sbl6/segasmp/per/smpclib/per_x1.o
                0x060105a4                PER_GetAnalogXYZ
                0x06010234                PER_GetTriggerHandler
                0x060104ce                PER_GetEdge
                0x0601044c                PER_GetTrigger
                0x060104f8                PER_GetPressEdge
                0x0601054c                PER_GetReleaseEdge
                0x06010210                PER_SetTriggerHandler
 .text          0x06010640      0x200 ../sbl6/segasmp/per/smpclib/per_x2.o
                0x06010744                PER_GetDeviceA
                0x06010640                PER_OpenPort
                0x06010678                PER_GetPort
                0x060107be                PER_GetDeviceR
 .text          0x06010840       0x20 ../sbl6/segasmp/per/smpclib/per_x3.o
                0x06010840                PER_DisguiseTrigger
 .text          0x06010860      0x120 cd.o
                0x06010900                cd_load_nosize
                0x06010860                cd_init
                0x06010890                cd_load
 .text          0x06010980      0x140 crc.o
                0x06010a80                crc_update
 .text          0x06010ac0      0x1c0 devcart.o
                0x06010c40                devcart_reset
                0x06010b30                devcart_loadfile
                0x06010c30                devcart_printstr
 .text          0x06010c80      0xd90 intro.o
                0x06010c80                intro_run
 .text          0x06011a10      0x2e0 logo.o
                0x06011a70                logo_run
                0x06011a10                logo_loadframe
 .text          0x06011cf0      0x4d0 menu.o
                0x06011de0                menu_run
                0x06011cf0                sqrt32
 .text          0x060121c0      0x8a0 pcmsys.o
                0x06012870                load_8bit_pcm
                0x060125e0                smpc_issue_command
                0x06012690                load_drv
                0x060129f0                pcm_parameter_change
                0x060125c0                smpc_wait_till_ready
                0x06012600                load_driver_binary
                0x060129b0                pcm_play
                0x06012a20                pcm_cease
                0x060126e0                calculate_bytes_per_blank
                0x06012720                load_16bit_pcm
 .text          0x06012a60      0x180 print.o
                0x06012b40                print_display
                0x06012a90                print_num
                0x06012a60                print_init
                0x06012ae0                print_string
 .text          0x06012be0      0x410 scroll.o
                0x06012be0                scroll_lores
                0x06012fa0                scroll_set
                0x06012c40                scroll_hires
                0x06012d80                scroll_init
                0x06012ca0                scroll_scale
 .text          0x06012ff0      0x160 sound.o
                0x06013130                sound_play
                0x06013000                sound_init
                0x060130d0                sound_cdda
 .text          0x06013150      0x680 sprite.o
                0x06013180                sprite_init
                0x06013600                sprite_make
                0x06013740                sprite_next
                0x060132d0                sprite_erase
                0x060137a0                sprite_delete
                0x06013650                sprite_draw_all
                0x06013150                sprite_deleteall
                0x06013330                sprite_startdraw
                0x060133b0                sprite_draw
 .text          0x060137d0      0x1d0 main.o
                0x060137d0                main
 .text          0x060139a0       0x40 ../sbl6/segalib/lib/sega_int.a(int.o)
                0x060139cc                INT_GetScuFunc
                0x060139a0                INT_SetScuFunc
 .text          0x060139e0      0x624 ../sbl6/segalib/lib/sega_int.a(int_trmp.o)
                0x06013b48                __interrupt_handler60
                0x06013cf8                __interrupt_handler132
                0x06013eae                __interrupt_handler205
                0x06013d16                __interrupt_handler137
                0x06013c44                __interrupt_handler102
                0x06013a82                __interrupt_handler27
                0x06013e84                __interrupt_handler198
                0x06013d76                __interrupt_handler153
                0x06013a5e                __interrupt_handler21
                0x06013b6c                __interrupt_handler66
                0x06013c5c                __interrupt_handler106
                0x06013da6                __interrupt_handler161
                0x06013bf0                __interrupt_handler88
                0x06013dbe                __interrupt_handler165
                0x06013cce                __interrupt_handler125
                0x06013a04                __interrupt_handler6
                0x06013aa0                __interrupt_handler32
                0x06013e5a                __interrupt_handler191
                0x06013f74                __interrupt_handler238
                0x06013f8c                __interrupt_handler242
                0x06013d94                __interrupt_handler158
                0x06013bfc                __interrupt_handler90
                0x06013db8                __interrupt_handler164
                0x06013adc                __interrupt_handler42
                0x06013e1e                __interrupt_handler181
                0x06013f26                __interrupt_handler225
                0x06013fce                __interrupt_handler253
                0x06013de2                __interrupt_handler171
                0x06013b9c                __interrupt_handler74
                0x060139f2                __interrupt_handler3
                0x06013b36                __interrupt_handler57
                0x06013a34                __interrupt_handler14
                0x06013ecc                __interrupt_handler210
                0x06013efc                __interrupt_handler218
                0x06013ec0                __interrupt_handler208
                0x06013ac4                __interrupt_handler38
                0x060139e0                __interrupt_handler0
                0x06013c50                __interrupt_handler104
                0x06013d8e                __interrupt_handler157
                0x06013ede                __interrupt_handler213
                0x06013dd0                __interrupt_handler168
                0x06013bde                __interrupt_handler85
                0x06013c7a                __interrupt_handler111
                0x06013c8c                __interrupt_handler114
                0x06013afa                __interrupt_handler47
                0x06013f50                __interrupt_handler232
                0x06013f1a                __interrupt_handler223
                0x06013f6e                __interrupt_handler237
                0x06013b5a                __interrupt_handler63
                0x06013ae8                __interrupt_handler44
                0x06013dfa                __interrupt_handler175
                0x06013e24                __interrupt_handler182
                0x06013e3c                __interrupt_handler186
                0x06013d3a                __interrupt_handler143
                0x06013c62                __interrupt_handler107
                0x06013cc8                __interrupt_handler124
                0x06013de8                __interrupt_handler172
                0x06013f9e                __interrupt_handler245
                0x06013c1a                __interrupt_handler95
                0x06013cf2                __interrupt_handler131
                0x06013d04                __interrupt_handler134
                0x06013d22                __interrupt_handler139
                0x06013b90                __interrupt_handler72
                0x06013f4a                __interrupt_handler231
                0x06013da0                __interrupt_handler160
                0x06013ce6                __interrupt_handler129
                0x06013a58                __interrupt_handler20
                0x06013b66                __interrupt_handler65
                0x06013b30                __interrupt_handler56
                0x06013a2e                __interrupt_handler13
                0x06013ec6                __interrupt_handler209
                0x06013c80                __interrupt_handler112
                0x06013a52                __interrupt_handler19
                0x06013c0e                __interrupt_handler93
                0x06013e78                __interrupt_handler196
                0x06013d6a                __interrupt_handler151
                0x06013dca                __interrupt_handler167
                0x06013fe0                __trampoline
                0x06013a46                __interrupt_handler17
                0x06013f38                __interrupt_handler228
                0x06013fda                __interrupt_handler255
                0x06013f98                __interrupt_handler244
                0x06013c32                __interrupt_handler99
                0x06013e2a                __interrupt_handler183
                0x06013d28                __interrupt_handler140
                0x06013e4e                __interrupt_handler189
                0x06013d4c                __interrupt_handler146
                0x06013f14                __interrupt_handler222
                0x06013d88                __interrupt_handler156
                0x06013cbc                __interrupt_handler122
                0x06013fb0                __interrupt_handler248
                0x06013b00                __interrupt_handler48
                0x06013b7e                __interrupt_handler69
                0x06013a70                __interrupt_handler24
                0x06013bf6                __interrupt_handler89
                0x06013eea                __interrupt_handler215
                0x06013fd4                __interrupt_handler254
                0x06013bea                __interrupt_handler87
                0x06013b4e                __interrupt_handler61
                0x06013e72                __interrupt_handler195
                0x06013d64                __interrupt_handler150
                0x06013ad6                __interrupt_handler41
                0x06013c74                __interrupt_handler110
                0x06013cda                __interrupt_handler127
                0x06013c68                __interrupt_handler108
                0x06013c86                __interrupt_handler113
                0x06013c98                __interrupt_handler116
                0x06013cb6                __interrupt_handler121
                0x06013bae                __interrupt_handler77
                0x06013aca                __interrupt_handler39
                0x06013ae2                __interrupt_handler43
                0x06013fb6                __interrupt_handler249
                0x06013df4                __interrupt_handler174
                0x06013d10                __interrupt_handler136
                0x06013e48                __interrupt_handler188
                0x06013d46                __interrupt_handler145
                0x06013a16                __interrupt_handler9
                0x06013bba                __interrupt_handler79
                0x06013f32                __interrupt_handler227
                0x06013aac                __interrupt_handler34
                0x06013cec                __interrupt_handler130
                0x06013faa                __interrupt_handler247
                0x06013ba2                __interrupt_handler75
                0x06013dee                __interrupt_handler173
                0x06013b1e                __interrupt_handler53
                0x06013d5e                __interrupt_handler149
                0x06013fc2                __interrupt_handler251
                0x06013f56                __interrupt_handler233
                0x06013a1c                __interrupt_handler10
                0x06013ea8                __interrupt_handler204
                0x06013bcc                __interrupt_handler82
                0x06013bd2                __interrupt_handler83
                0x06013a76                __interrupt_handler25
                0x06013f92                __interrupt_handler243
                0x06013dac                __interrupt_handler162
                0x06013af4                __interrupt_handler46
                0x06013e0c                __interrupt_handler178
                0x06013bc0                __interrupt_handler80
                0x06013b54                __interrupt_handler62
                0x060139ec                __interrupt_handler2
                0x06013a8e                __interrupt_handler29
                0x06013b84                __interrupt_handler70
                0x06013c6e                __interrupt_handler109
                0x06013d58                __interrupt_handler148
                0x06013c14                __interrupt_handler94
                0x06013f20                __interrupt_handler224
                0x06013c4a                __interrupt_handler103
                0x06013ab8                __interrupt_handler36
                0x06013cd4                __interrupt_handler126
                0x06013fa4                __interrupt_handler246
                0x06013b2a                __interrupt_handler55
                0x06013a28                __interrupt_handler12
                0x06013b18                __interrupt_handler52
                0x06013e42                __interrupt_handler187
                0x06013d40                __interrupt_handler144
                0x06013c9e                __interrupt_handler117
                0x06013a4c                __interrupt_handler18
                0x06013e7e                __interrupt_handler197
                0x06013d70                __interrupt_handler152
                0x06013ca4                __interrupt_handler118
                0x06013ddc                __interrupt_handler170
                0x06013e96                __interrupt_handler201
                0x06013c26                __interrupt_handler97
                0x06013db2                __interrupt_handler163
                0x06013e18                __interrupt_handler180
                0x06013e60                __interrupt_handler192
                0x06013f80                __interrupt_handler240
                0x06013cc2                __interrupt_handler123
                0x06013ee4                __interrupt_handler214
                0x06013a9a                __interrupt_handler31
                0x06013a88                __interrupt_handler28
                0x06013b72                __interrupt_handler67
                0x06013b78                __interrupt_handler68
                0x06013a64                __interrupt_handler22
                0x06013a6a                __interrupt_handler23
                0x06013e00                __interrupt_handler176
                0x06013a0a                __interrupt_handler7
                0x06013f0e                __interrupt_handler221
                0x06013ef6                __interrupt_handler217
                0x06013f3e                __interrupt_handler229
                0x06013b06                __interrupt_handler49
                0x060139f8                __interrupt_handler4
                0x06013ad0                __interrupt_handler40
                0x06013c92                __interrupt_handler115
                0x06013f62                __interrupt_handler235
                0x06013c02                __interrupt_handler91
                0x06013eb4                __interrupt_handler206
                0x06013e06                __interrupt_handler177
                0x06013d52                __interrupt_handler147
                0x06013abe                __interrupt_handler37
                0x06013fbc                __interrupt_handler250
                0x060139e6                __interrupt_handler1
                0x06013f02                __interrupt_handler219
                0x06013ba8                __interrupt_handler76
                0x06013c38                __interrupt_handler100
                0x06013b3c                __interrupt_handler58
                0x06013a3a                __interrupt_handler15
                0x06013ed8                __interrupt_handler212
                0x06013f86                __interrupt_handler241
                0x06013e9c                __interrupt_handler202
                0x06013e66                __interrupt_handler193
                0x06013bb4                __interrupt_handler78
                0x06013b0c                __interrupt_handler50
                0x06013aa6                __interrupt_handler33
                0x06013dc4                __interrupt_handler166
                0x06013d1c                __interrupt_handler138
                0x06013d0a                __interrupt_handler135
                0x06013a94                __interrupt_handler30
                0x06013e30                __interrupt_handler184
                0x06013d2e                __interrupt_handler141
                0x06013f44                __interrupt_handler230
                0x06013f68                __interrupt_handler236
                0x06013caa                __interrupt_handler119
                0x06013be4                __interrupt_handler86
                0x06013c56                __interrupt_handler105
                0x06013bc6                __interrupt_handler81
                0x06013cb0                __interrupt_handler120
                0x06013ce0                __interrupt_handler128
                0x06013b24                __interrupt_handler54
                0x06013a22                __interrupt_handler11
                0x06013e8a                __interrupt_handler199
                0x06013d7c                __interrupt_handler154
                0x06013aee                __interrupt_handler45
                0x06013ef0                __interrupt_handler216
                0x06013ea2                __interrupt_handler203
                0x06013c3e                __interrupt_handler101
                0x06013bd8                __interrupt_handler84
                0x06013e36                __interrupt_handler185
                0x06013d34                __interrupt_handler142
                0x06013a7c                __interrupt_handler26
                0x06013b60                __interrupt_handler64
                0x06013e90                __interrupt_handler200
                0x06013eba                __interrupt_handler207
                0x06013e6c                __interrupt_handler194
                0x06013c08                __interrupt_handler92
                0x06013d82                __interrupt_handler155
                0x06013ed2                __interrupt_handler211
                0x06013cfe                __interrupt_handler133
                0x060139fe                __interrupt_handler5
                0x06013b96                __interrupt_handler73
                0x06013a40                __interrupt_handler16
                0x06013f7a                __interrupt_handler239
                0x06013f5c                __interrupt_handler234
                0x06013ab2                __interrupt_handler35
                0x06013b42                __interrupt_handler59
                0x06013dd6                __interrupt_handler169
                0x06013c2c                __interrupt_handler98
                0x06013b8a                __interrupt_handler71
                0x06013b12                __interrupt_handler51
                0x06013d9a                __interrupt_handler159
                0x06013f2c                __interrupt_handler226
                0x06013c20                __interrupt_handler96
                0x06013e54                __interrupt_handler190
                0x06013f08                __interrupt_handler220
                0x06013a10                __interrupt_handler8
                0x06013e12                __interrupt_handler179
                0x06013fc8                __interrupt_handler252
 *fill*         0x06014004        0xc 00
 .text          0x06014010     0x12a0 ../sbl6/segalib/lib/sega_spr.a(spr_2c.o)
                0x06015270                SlaveFlushDrawPrtyBlock
                0x06014010                SPR_2Initial
                0x06014854                SPR_2SysClip
                0x060147f4                SPR_2LocalCoord
                0x060150ec                SPR_2FlushDrawPrtyBlock
                0x06014dd8                SPR_2DistSpr
                0x060147dc                SPR_2FlushDrawPrty
                0x06014efc                SPR_2Cmd
                0x060144d8                SPR_2GourTblNoToVram
                0x06014538                SPR_2GetAreaSizeInfo
                0x060142a0                SPR_2SetGourTbl
                0x06014a8c                SPR_2Polygon
                0x06014514                SPR_2CharNoToVram
                0x06014220                SPR_2SetTvMode
                0x0601467c                SPR_2CloseCommand
                0x0601425c                SPR_2FrameEraseData
                0x06014038                SPR_2Initial2
                0x06014c6c                SPR_2ScaleSpr
                0x060148fc                SPR_2Line
                0x060145c8                SPR_2OpenCommand
                0x0601423c                SPR_2FrameChgIntr
                0x06014b48                SPR_2NormSpr
                0x060142d0                SPR_2SetLookupTbl
                0x06014304                SPR_2SetChar
                0x060144fc                SPR_2LookupTblNoToVram
                0x060149d0                SPR_2PolyLine
                0x06014470                SPR_2ClrAllChar
                0x06014424                SPR_2ClrChar
                0x060148a0                SPR_2UserClip
 .text          0x060152b0      0x1e6 ../sbl6/segalib/lib/sega_spr.a(spr_slv.o)
                0x06015414                SPR_WaitEndSlaveSH
                0x060152b0                SPR_SMPC_SSHON
                0x060153f0                SPR_RunSlaveSH
                0x060152b4                SPR_InitSlaveSH
                0x0601537c                SPR_SlaveSHmain
                0x060152b1                SPR_SMPC_SSHOFF
 *fill*         0x06015496        0xa 00
 .text          0x060154a0      0x36a ../sbl6/segalib/lib/sega_spr.a(spr_1c.o)
                0x06015754                SPR_WaitDrawEnd
                0x0601576c                SPR_SetEosMode
                0x06015684                SPR_SetEraseData
                0x060154a0                SPR_Initial
                0x06015578                SPR_SetTvMode
                0x06015610                SPR_GetStatus
 *fill*         0x0601580a        0x6 00
 .text          0x06015810      0x244 ../sbl6/segalib/lib/sega_spr.a(spr_2a.o)
                0x06015822                sprMemCpyW
                0x06015880                flushDrawPrtyBlock
                0x06015810                sprMemCpyL
                0x06015834                SPR_2SetDrawPrty
 *fill*         0x06015a54        0xc 00
 .text          0x06015a60      0x2fc ../sbl6/segalib/lib/sega_scl.a(scl_vblv.o)
                0x06015b1c                SCL_DisplayFrame
                0x06015a60                SCL_SetFrameInterval
                0x06015b50                SCL_VblInit
                0x06015ba0                SCL_VblankStart
                0x06015be4                SCL_VblankEnd
 *fill*         0x06015d5c        0x4 00
 .text          0x06015d60     0x10a4 ../sbl6/segalib/lib/sega_scl.a(scl_pri.o)
                0x06015df4                SCL_AbortAutoVe
                0x06016ca4                SCL_SetShadowBit
                0x0601626c                SCL_AutoExec
                0x06015d60                SCL_PriorityInit
                0x06016780                SCL_IncColOffset
                0x06015e08                SCL_SetColMixRate
                0x06015dd8                SCL_GetColRamMode
 *fill*         0x06016e04        0xc 00
 .text          0x06016e10       0x9c ../sbl6/segalib/lib/sega_scl.a(scl_pr02.o)
                0x06016e10                SCL_SetColRam
 *fill*         0x06016eac        0x4 00
 .text          0x06016eb0      0x214 ../sbl6/segalib/lib/sega_scl.a(scl_pr07.o)
                0x06016eb0                SCL_SetPriority
 *fill*         0x060170c4        0xc 00
 .text          0x060170d0       0x98 ../sbl6/segalib/lib/sega_scl.a(scl_pr10.o)
                0x060170d0                SCL_SetAutoColMix
 *fill*         0x06017168        0x8 00
 .text          0x06017170      0x278 ../sbl6/segalib/lib/sega_scl.a(scl_fu05.o)
                0x0601722c                SCL_SetLineParam
                0x06017178                SCL_InitLineParamTb
 *fill*         0x060173e8        0x8 00
 .text          0x060173f0      0x1f4 ../sbl6/segalib/lib/sega_scl.a(scl_pr12.o)
                0x060173f0                SCL_SetColOffset
 *fill*         0x060175e4        0xc 00
 .text          0x060175f0      0xb9c ../sbl6/segalib/lib/sega_scl.a(scl_func.o)
                0x06017fcc                SCL_Vdp2_SGLInit
                0x06017edc                SCL_PriIntProc
                0x06017e54                SCL_Memcpyw
                0x0601816c                SCL_SglOff
                0x0601814c                SCL_SglOn
                0x06017dc0                SCL_ScrollShow
                0x06017868                SCL_Close
                0x06017b60                SCL_Scale
                0x060175f0                SCL_Vdp2Init
                0x060179d4                SCL_Move
                0x06017c9c                SCL_CopyReg
                0x06017844                SCL_Open
                0x06017674                SCL_ParametersInit
                0x06017884                SCL_MoveTo
                0x06017e7c                SCL_SetColRamMode
 *fill*         0x0601818c        0x4 00
 .text          0x06018190      0x180 ../sbl6/segalib/lib/sega_scl.a(scl_pr11.o)
                0x06018190                SCL_SetAutoColOffset
 .text          0x06018310      0x1ec ../sbl6/segalib/lib/sega_scl.a(scl_fu01.o)
                0x06018310                SCL_SetDisplayMode
 *fill*         0x060184fc        0x4 00
 .text          0x06018500       0x28 ../sbl6/segalib/lib/sega_scl.a(scl_fu04.o)
                0x06018500                SCL_SetCycleTable
 *fill*         0x06018528        0x8 00
 .text          0x06018530      0x138 ../sbl6/segalib/lib/sega_scl.a(scl_pr03.o)
                0x06018530                SCL_FreeColRam
                0x06018568                SCL_AllocColRam
 *fill*         0x06018668        0x8 00
 .text          0x06018670       0x84 ../sbl6/segalib/lib/sega_scl.a(scl_back.o)
                0x06018670                SCL_SetBack
 *fill*         0x060186f4        0xc 00
 .text          0x06018700      0x94c ../sbl6/segalib/lib/sega_scl.a(scl_fu03.o)
                0x0601875c                SCL_SetConfig
                0x06018700                SCL_InitConfigTb
 *fill*         0x0601904c        0x4 00
 .text          0x06019050      0x4f4 ../sbl6/segalib/lib/sega_scl.a(scl_fu02.o)
                0x06019088                SCL_SetVramConfig
                0x06019050                SCL_InitVramConfigTb
 *fill*         0x06019544        0xc 00
 .text          0x06019550       0x58 ../sbl6/segalib/lib/sega_scl.a(scl_pr01.o)
                0x06019550                SCL_SetSpriteMode
 *fill*         0x060195a8        0x8 00
 .text          0x060195b0       0xac ../sbl6/segalib/lib/sega_scl.a(scl_pr05.o)
                0x060195b0                SCL_GetColRamOffset
 *fill*         0x0601965c        0x4 00
 .text          0x06019660     0x1394 ../sbl6/segalib/lib/sega_scl.a(scl_ro00.o)
                0x0601a84c                SCL_RotateZD
                0x06019b14                SCL_Rotate
                0x060197e8                SCL_InitRotateTable
 *fill*         0x0601a9f4        0xc 00
 .text          0x0601aa00      0x1b4 ../sbl6/segalib/lib/sega_scl.a(scl_pr06.o)
                0x0601aa00                SCL_SetColRamOffset
 *fill*         0x0601abb4        0xc 00
 .text          0x0601abc0      0x600 ../sbl6/segalib/lib/sega_mth.a(mth_tri.o)
                0x0601ac5c                fcos
                0x0601ac62                fsin
                0x0601ac0c                MTH_Cos
                0x0601abc0                MTH_Sin
                0x0601ae00                MTH_Atan
 .text          0x0601b1c0       0xa4 ../sbl6/segalib/lib/sega_mth.a(mth_fixd.o)
                0x0601b210                MTH_FixedToInt
                0x0601b200                MTH_IntToFixed
                0x0601b1c0                MTH_Mul
                0x0601b220                MTH_Product
                0x0601b1e0                MTH_Div
 *fill*         0x0601b264        0xc 00
 .text          0x0601b270       0x30 ../sbl6/segalib/lib/sega_mth.a(mth_rand.o)
                0x0601b280                MTH_GetRand
                0x0601b270                MTH_InitialRand
 .text          0x0601b2a0      0x130 ../sbl6/segalib/lib/sega_cdc.a(cdc_drv.o)
                0x0601b2a0                CDC_CdPlay
                0x0601b36c                CDC_CdSeek
                0x0601b3a0                CDC_CdScan
 .text          0x0601b3d0      0x3a0 ../sbl6/segalib/lib/sega_cdc.a(cdc_cmn.o)
                0x0601b574                CDC_TgetToc
                0x0601b718                CDC_DataEnd
                0x0601b438                CDC_GetPeriStat
                0x0601b6ac                CDC_DataReady
                0x0601b684                CDC_CdOpen
                0x0601b600                CDC_CdInit
                0x0601b5c4                CDC_GetSes
                0x0601b420                CDC_GetLastStat
                0x0601b3d0                CDC_GetCurStat
                0x0601b50c                CDC_GetHwInfo
 .text          0x0601b770      0x152 ../sbl6/segalib/lib/sega_cdc.a(cdc_sub.o)
                0x0601b818                CDSUB_GetCdstat
                0x0601b788                CDSUB_UpdCdstat
                0x0601b858                CDSUB_RspToCdstat
                0x0601b8a0                CDSUB_SoftTimer
                0x0601b770                CDSUB_UpdStatus
                0x0601b7a8                CDSUB_CdCmd
 *fill*         0x0601b8c2        0xe 00
 .text          0x0601b8d0      0x2dc ../sbl6/segalib/lib/sega_cdc.a(cdc_reg.o)
                0x0601b924                CDREG_ClrHirqReq
                0x0601b8f4                CDC_ClrHirqReq
                0x0601b9a4                CDREG_TgetData
                0x0601b994                CDC_GetMpegPtr
                0x0601b970                CDC_GetHirqMsk
                0x0601b8d0                CDC_GetDataPtr
                0x0601b8e0                CDC_GetHirqReq
                0x0601bb00                CDREG_WaitHirq
                0x0601b984                CDC_SetHirqMsk
                0x0601ba00                CDREG_CmdRsp
                0x0601b934                CDREG_InitHirqReq
                0x0601b95c                CDREG_SetHirqFlag
                0x0601bb70                CDREG_ReadRsp
 *fill*         0x0601bbac        0x4 00
 .text          0x0601bbb0      0xf50 ../sbl6/segalib/lib/sega_per.a(per_prt.o)
                0x0601bfd0                PER_IntFunc
                0x0601bdc8                PER_LGetPer
                0x0601bbb0                PER_LInit
 .text          0x0601cb00     0x1b04 ../sbl6/segalib/lib/sega_sat.a(gfs.o)
                0x0601cb00                gfs_version
                0x0601dd74                gfs_mngGetNumFile
                0x0601e4f4                gfs_closeSub
                0x0601d890                GFS_SetGmode
                0x0601db4c                GFS_SetErrFunc
                0x0601dc9c                gfs_mngSetupFuncTbl
                0x0601ce58                GFS_Reset
                0x0601dbc4                gfs_chgRoot
                0x0601dc90                gfs_aborttrans
                0x0601df74                gfs_svrAddHndl
                0x0601de24                gfs_mngFreeGrp
                0x0601db9c                GFS_ConvTno
                0x0601e128                gfs_getRootDir
                0x0601db78                GFS_GetErrStat
                0x0601cfc8                GFS_Seek
                0x0601d634                GFS_NwStop
                0x0601de30                gfs_mngTermAccess
                0x0601cedc                GFS_Open
                0x0601dddc                GFS_mngAllocGrp
                0x0601e53c                gfs_isTaskDone
                0x0601d334                GFS_Fread
                0x0601da94                GFS_StartTrans
                0x0601e490                gfs_GetFinfo
                0x0601dcd0                gfs_mngInitWork
                0x0601d120                GFS_ByteToSct
                0x0601df34                gfs_svrSearchHndl
                0x0601e224                gfs_loadRootDir
                0x0601cd7c                GFS_IdToName
                0x0601d478                GFS_NwFread
                0x0601d9c4                GFS_SetTransPara
                0x0601d584                GFS_NwCdRead
                0x0601e064                gfs_loadVol
                0x0601d960                GFS_SetReadPara
                0x0601d07c                GFS_Tell
                0x0601d8f4                GFS_SetTmode
                0x0601e3f8                GFS_GetFad
                0x0601da30                GFS_SetTrFunc
                0x0601dae0                GFS_CdMovePickup
                0x0601cd18                GFS_NameToId
                0x0601d74c                GFS_NwExecOne
                0x0601e2ac                gfs_flowIn
                0x0601d1d4                GFS_GetFileInfo
                0x0601e354                gfs_transData
                0x0601dfb0                gfs_svrRemoveHndl
                0x0601d5fc                GFS_NwIsComplete
                0x0601e530                gfs_getGmode
                0x0601d6a0                GFS_NwGetStat
                0x0601e00c                GFS_OpenSub
                0x0601ccb0                GFS_SetDir
                0x0601d17c                GFS_GetFileSize
                0x0601d248                GFS_GetNumCdbuf
                0x0601e590                gfs_convFinStat
                0x0601d270                GFS_Load
                0x0601d3d0                gfs_waitRead
                0x0601cc08                GFS_LoadDir
                0x0601cde8                GFS_GetDirInfo
                0x0601cf90                GFS_Close
                0x0601cb20                GFS_Init
                0x0601d71c                gfs_recovRdErr
                0x0601deb4                gfs_mngSetErrCode
                0x0601d80c                GFS_NwExecServer
                0x0601d0cc                GFS_IsEof
                0x0601e450                gfs_SetSct
 *fill*         0x0601e604        0xc 00
 .text          0x0601e610       0x90 ../sbl6/segalib/lib/sega_sat.a(DMA_CPU1.o)
                0x0601e610                DMA_CpuMemCopy1
 .text          0x0601e6a0       0x94 ../sbl6/segalib/lib/sega_sat.a(DMA_CPU2.o)
                0x0601e6a0                DMA_CpuMemCopy2
 *fill*         0x0601e734        0xc 00
 .text          0x0601e740       0x50 ../sbl6/segalib/lib/sega_sat.a(DMA_CPU5.o)
                0x0601e740                DMA_CpuResult
 .text          0x0601e790      0x1f4 ../sbl6/segalib/lib/sega_sat.a(DMA_SCU1.o)
                0x0601e8ec                DMA_ScuResult
                0x0601e790                DMA_ScuInit
                0x0601e7e0                DMA_ScuMemCopy
 *fill*         0x0601e984        0xc 00
 .text          0x0601e990      0x8d4 ../sbl6/segalib/lib/sega_sat.a(gfs_cdf.o)
                0x0601ee84                GFCF_Seek
                0x0601ef8c                GFCF_GetStat
                0x0601ee6c                GFCF_Tell
                0x0601ea30                GFCF_Setup
                0x0601ef38                GFCF_cnvIntlvOfs
                0x0601e990                GFCF_Init
                0x0601ee24                GFCF_Recover
                0x0601eb78                GFCF_SetSct
                0x0601ee9c                GFCF_MovePickup
                0x0601f060                gfcf_isCdOk
                0x0601ec30                GFCF_FlowInBuf
                0x0601ebbc                GFCF_GetFileInfo
                0x0601ed84                GFCF_StopInBuf
                0x0601f024                gfcf_getSctSize
                0x0601f120                gfcf_getPlayRange
 *fill*         0x0601f264        0xc 00
 .text          0x0601f270      0x928 ../sbl6/segalib/lib/sega_sat.a(gfs_dir.o)
                0x0601f760                gfdr_setNextRec
                0x0601fb5c                gfdr_setDirrecCd
                0x0601f558                gfdr_open
                0x0601f36c                GFDR_GetAtrDirId
                0x0601f640                gfdr_readByte
                0x0601f270                GFDR_SetupDirTbl
                0x0601f738                gfdr_readLongNM
                0x0601f7e4                gfdr_readDirEnt
                0x0601f39c                GFDR_ChgRoot
                0x0601f2e4                GFDR_NameToId
                0x0601f428                gfdr_setupDirIdTbl
                0x0601f384                GFDR_GetAtrDirName
                0x0601f344                GFDR_GetInfoDirId
                0x0601f6ec                gfdr_readLongNB
                0x0601f580                gfdr_read
                0x0601f66c                gfdr_readWord
                0x0601f4ac                gfdr_setupDirNameTbl
                0x0601f358                GFDR_GetInfoDirName
                0x0601f3b4                GFDR_ChgDir
                0x0601f698                gfdr_readWordNB
 *fill*         0x0601fb98        0x8 00
 .text          0x0601fba0      0xa46 ../sbl6/segalib/lib/sega_sat.a(gfs_trn.o)
                0x0601fc80                GFTR_SetTransMax
                0x06020050                gftr_execScu
                0x060205d4                GFTR_SetTransFunc
                0x0602049c                gftr_remTrn
                0x060205c0                GFTR_SetData
                0x060202c0                gftr_execSdma1
                0x06020510                gftr_copyFrac
                0x0601fc74                GFTR_GetNumTrans
                0x0601fc14                GFTR_SetMode
                0x06020290                gftr_remDma0
                0x06020538                GFTR_GetLenData
                0x06020044                gftr_reqScu
                0x060202a8                gftr_reqDma1
                0x0601ff60                gftr_getSrcPack
                0x06020590                GFTR_RtnDstPk
                0x0602012c                gfdma_exec
                0x060203c4                gftr_execTrn
                0x0601fe58                GFTR_ExecSvr
                0x06020354                gftr_reqTrn
                0x0602021c                gfdma_getBytecnt
                0x060202fc                gftr_reqCpu
                0x0602055c                GFTR_GetDstPack
                0x06020254                gftr_reqDma0
                0x0601fde0                GFTR_Idle
                0x0601fc98                GFTR_Pause
                0x0601fc68                GFTR_GetTransPara
                0x06020348                gftr_remCpu
                0x0601fc34                GFTR_SetTransPara
                0x060202e4                gftr_remDma1
                0x0601fca4                GFTR_Stop
                0x0602026c                gftr_execSdma0
                0x0601fbd0                GFTR_Setup
                0x060200ec                gftr_remScu
                0x0601ffe8                gftr_getDstPack
                0x06020120                gfdma_canUse
                0x0601fd5c                GFTR_Exec
                0x060205ac                GFTR_GetData
                0x0601fc8c                GFTR_Start
                0x0601fc28                GFTR_SetUnit
                0x06020308                gftr_execCpu
                0x06020544                GFTR_GetLenRoom
 *fill*         0x060205e6        0xa 00
 .text          0x060205f0      0x106 ../sbl6/segalib/lib/sega_sat.a(gfs_buf.o)
                0x06020648                GFBF_GetNumData
                0x060206c4                GFBF_RtnPk
                0x06020678                GFBF_GetSrcPk
                0x060206ec                gfbf_getSctDt
                0x06020620                GFBF_GetTranData
                0x060206a0                GFBF_GetSctData
 *fill*         0x060206f6        0xa 00
 .text          0x06020700      0x600 ../sbl6/segalib/lib/sega_sat.a(gfs_cdb.o)
                0x06020ca8                GFCB_GetPickup
                0x06020820                GFCB_Close
                0x06020aec                GFCB_GetSrcPack
                0x06020c74                GFCB_SetCon
                0x060208f4                GFCB_GetLenRoom
                0x06020c58                GFCB_MovePickup
                0x06020bcc                GFCB_GetSctData
                0x06020900                GFCB_SetFilt
                0x06020848                GFCB_GetLenData
                0x06020ce8                GFCB_UngetPickup
                0x06020700                GFCB_Setup
                0x06020990                GFCB_Tell
                0x06020cd0                GFCB_IsPuOwner
                0x060209f0                GFCB_Seek
                0x06020968                GFCB_DeleteAllData
                0x06020c04                GFCB_GetDstPack
                0x060209a0                gfcb_getSctNum
                0x06020c10                GFCB_RtnPk
 .text          0x06020d00     0x1a04 ../sbl6/segalib/lib/sega_sat.a(gfs_cdc.o)
                0x06020f9c                GFCD_AllocBuf
                0x06021d78                gfcd_doGetLenDataTsk
                0x06022614                GFCD_SetCsctFunc
                0x06021074                GFCD_GetBaseFad
                0x060211f0                GFCD_GetFilt
                0x06022204                gfcd_doChgDirTsk
                0x06022544                gfcd_checkEflag
                0x06021538                GFCD_MovePickup
                0x0602161c                GFCD_GetSctInfo
                0x06021ecc                gfcd_doReqDataTsk
                0x06021664                GFCD_ChgDir
                0x06021358                GFCD_ReqData
                0x06022630                GFCD_ChkScdqFlag
                0x06021ae8                GFCD_WaitServer
                0x060213fc                GFCD_DelSctData
                0x060218d4                GFCD_ExecServer
                0x06021ce8                gfcd_doSetConTsk
                0x06020f30                GFCD_AllocFilt
                0x0602112c                GFCD_SetFilt
                0x06021b24                gfcd_doSetFiltTsk
                0x06022654                GFCD_ClrScdqFlag
                0x06021f6c                gfcd_doDelSctDataTsk
                0x06021a30                gfcd_doTask
                0x060210a8                GFCD_GetPickup
                0x060215f8                GFCD_CheckMove
                0x06022670                GFCD_WaitScdqFlag
                0x06021290                GFCD_Play
                0x060220a0                gfcd_doMoveSctTsk
                0x06021238                GFCD_SetCon
                0x060216d8                GFCD_SetFiltCon
                0x060226b4                GFCD_WaitPause
                0x0602189c                GFCD_GetBufSiz
                0x060210dc                GFCD_UngetPickup
                0x060217c0                GFCD_GetFileInfo
                0x060213b4                GFCD_EndData
                0x06020fd0                GFCD_FreeBuf
                0x060212f0                GFCD_GetLenData
                0x06020f6c                GFCD_FreeFilt
                0x060219a8                gfcd_isIdleTask
                0x06020d2c                GFCD_Init
                0x06022400                gfcd_doSetFiltConTsk
                0x06021484                GFCD_GetStat
                0x06021584                GFCD_MoveSctData
                0x06021108                GFCD_IsPuOwner
                0x06022568                gfcd_initCdbMng
                0x06020d00                GFCD_SetCdbfs
                0x06021ad4                GFCD_SetTimer
                0x060225e8                gfcd_setStat
                0x06021454                GFCD_CheckDelSctData
 *fill*         0x06022704        0xc 00
 .text          0x06022710      0x1b6 ../sbl6/segalib/lib/sega_sat.a(DMA_CPU0.o)
                0x06022758                DMA_CpuSetPrm
                0x0602285c                DMA_CpuStart
                0x060228b4                DMA_CpuGetStatus
                0x06022888                DMA_CpuAllStop
                0x0602289c                DMA_CpuGetComStatus
                0x06022710                DMA_CpuSetComPrm
                0x06022870                DMA_CpuStop
 *fill*         0x060228c6        0xa 00
 .text          0x060228d0       0xe8 ../sbl6/segalib/lib/sega_sat.a(csh_main.o)
                0x060228d0                CSH_Init
                0x06022938                CSH_AllClr
                0x06022984                CSH_Purge
 *fill*         0x060229b8        0x8 00
 .text          0x060229c0      0x308 ../sbl6/segalib/lib/sega_sat.a(DMA_SCU0.o)
                0x06022a44                DMA_ScuStart
                0x06022b78                DMA_ScuIntFunc0
                0x06022be8                DMA_ScuIntFunc1
                0x06022c58                DMA_ScuIntFunc2
                0x06022b38                DMA_ScuGetStatus
                0x060229c0                DMA_ScuSetPrm
 *fill*         0x06022cc8        0x8 00
 .text          0x06022cd0      0x194 ../sbl6/segalib/lib/sega_sat.a(cdc_cfs.o)
                0x06022cd0                CDC_ChgDir
                0x06022d04                CDC_ReadDir
                0x06022e28                CDC_AbortFile
                0x06022d38                CDC_GetFileScope
                0x06022d98                CDC_TgetFileInfo
                0x06022df4                CDC_ReadFile
 *fill*         0x06022e64        0xc 00
 .text          0x06022e70      0x1e4 ../sbl6/segalib/lib/sega_sat.a(cdc_bio.o)
                0x06022f1c                CDC_GetdelSctData
                0x06022ea4                CDC_GetSctData
                0x06022f58                CDC_PutSctData
                0x06022fd4                CDC_MoveSctData
                0x06023018                CDC_GetCopyErr
                0x06022ee0                CDC_DelSctData
                0x06022e70                CDC_SetSctLen
                0x06022f90                CDC_CopySctData
 *fill*         0x06023054        0xc 00
 .text          0x06023060      0x2b8 ../sbl6/segalib/lib/sega_sat.a(cdc_sel.o)
                0x06023290                CDC_GetFiltCon
                0x0602320c                CDC_GetFiltMode
                0x060232e4                CDC_ResetSelector
                0x06023060                CDC_SetFiltRange
                0x060230ec                CDC_SetFiltSubh
                0x0602315c                CDC_GetFiltSubh
                0x06023094                CDC_GetFiltRange
                0x060231d8                CDC_SetFiltMode
                0x06023250                CDC_SetFiltCon
 *fill*         0x06023318        0x8 00
 .text          0x06023320      0x270 ../sbl6/segalib/lib/sega_sat.a(cdc_bif.o)
                0x0602337c                CDC_GetSctNum
                0x060234fc                CDC_ExeFadSearch
                0x0602347c                CDC_GetSctInfo
                0x060233c0                CDC_CalActSiz
                0x06023320                CDC_GetBufSiz
                0x060233fc                CDC_GetActSiz
                0x06023534                CDC_GetFadSearch
 .text          0x06023590       0xa8 ../sbl6/segalib/lib/sega_sat.a(cdc_dev.o)
                0x060235fc                CDC_CdGetLastBuf
                0x06023590                CDC_CdSetCon
                0x060235c0                CDC_CdGetCon
 *fill*         0x06023638        0x8 00
 .text          0x06023640       0x60 c:/saturn/SH_COFF/sh-coff/bin/../lib/gcc/sh-coff/3.4-GNUSH_v0501\libgcc.a(_ashiftrt.o)
                0x0602364c                __ashiftrt_r4_27
                0x06023680                __ashiftrt_r4_6
                0x06023670                __ashiftrt_r4_14
                0x06023662                __ashiftrt_r4_19
                0x0602367a                __ashiftrt_r4_9
                0x0602368e                __ashiftrt_r4_0
                0x06023640                __ashiftrt_r4_31
                0x0602364e                __ashiftrt_r4_26
                0x0602365c                __ashiftrt_r4_22
                0x06023668                __ashiftrt_r4_16
                0x06023674                __ashiftrt_r4_12
                0x06023648                __ashiftrt_r4_29
                0x06023666                __ashiftrt_r4_17
                0x06023646                __ashiftrt_r4_30
                0x06023682                __ashiftrt_r4_5
                0x0602367c                __ashiftrt_r4_8
                0x06023640                __ashiftrt_r4_32
                0x06023650                __ashiftrt_r4_25
                0x06023688                __ashiftrt_r4_2
                0x06023652                __ashiftrt_r4_24
                0x0602366e                __ashiftrt_r4_15
                0x06023678                __ashiftrt_r4_10
                0x0602368a                __ashiftrt_r4_1
                0x0602364a                __ashiftrt_r4_28
                0x06023660                __ashiftrt_r4_20
                0x0602367e                __ashiftrt_r4_7
                0x06023672                __ashiftrt_r4_13
                0x06023676                __ashiftrt_r4_11
                0x06023684                __ashiftrt_r4_4
                0x0602365a                __ashiftrt_r4_23
                0x06023664                __ashiftrt_r4_18
                0x0602365e                __ashiftrt_r4_21
                0x06023686                __ashiftrt_r4_3
 .text          0x060236a0       0x70 c:/saturn/SH_COFF/sh-coff/bin/../lib/gcc/sh-coff/3.4-GNUSH_v0501\libgcc.a(_udivsi3.o)
                0x060236c2                __udivsi3
 .text          0x06023710       0xb0 c:/saturn/SH_COFF/sh-coff/bin/../lib/gcc/sh-coff/3.4-GNUSH_v0501\libgcc.a(_si_to_df.o)
                0x06023710                __floatsidf
 .text          0x060237c0      0x2e0 c:/saturn/SH_COFF/sh-coff/bin/../lib/gcc/sh-coff/3.4-GNUSH_v0501\libgcc.a(_mul_df.o)
                0x060237d0                __muldf3
 .text          0x06023aa0       0x80 c:/saturn/SH_COFF/sh-coff/bin/../lib/gcc/sh-coff/3.4-GNUSH_v0501\libgcc.a(_df_to_si.o)
                0x06023aa0                __fixdfsi
 .text          0x06023b20       0xa0 c:/saturn/SH_COFF/sh-coff/bin/../lib/gcc/sh-coff/3.4-GNUSH_v0501\libgcc.a(_sdivsi3.o)
                0x06023b20                __sdivsi3
 .text          0x06023bc0       0x90 c:/saturn/SH_COFF/sh-coff/bin/../lib/gcc/sh-coff/3.4-GNUSH_v0501\libgcc.a(_ashiftrt_n.o)
                0x06023bc0                __ashrsi3
 .text          0x06023c50       0x90 c:/saturn/SH_COFF/sh-coff/bin/../lib/gcc/sh-coff/3.4-GNUSH_v0501\libgcc.a(_ashiftlt.o)
                0x06023c50                __ashlsi3
 .text          0x06023ce0       0xb0 c:/saturn/SH_COFF/sh-coff/bin/../lib/gcc/sh-coff/3.4-GNUSH_v0501\libgcc.a(_movstr.o)
                0x06023d20                __movstrSI16
                0x06023cf4                __movstrSI60
                0x06023d00                __movstrSI48
                0x06023cfc                __movstrSI52
                0x06023cf0                __movstrSI64
                0x06023d04                __movstrSI44
                0x06023d08                __movstrSI40
                0x06023d0c                __movstrSI36
                0x06023d40                __movstr
                0x06023cf8                __movstrSI56
                0x06023d14                __movstrSI28
                0x06023d10                __movstrSI32
                0x06023d24                __movstrSI12
                0x06023d28                __movstrSI8
                0x06023d30                __movstrSI0
                0x06023d18                __movstrSI24
                0x06023d1c                __movstrSI20
                0x06023d2c                __movstrSI4
 .text          0x06023d90       0xa0 c:/saturn/SH_COFF/sh-coff/bin/../lib/gcc/sh-coff/3.4-GNUSH_v0501\libgcc.a(__main.o)
                0x06023e04                __main
                0x06023d90                __do_global_dtors
                0x06023dc4                __do_global_ctors
 .text          0x06023e30      0x220 c:/saturn/SH_COFF/sh-coff/bin/../lib/gcc/sh-coff/3.4-GNUSH_v0501\libgcc.a(_pack_df.o)
                0x06023e40                __pack_d
 .text          0x06024050      0x120 c:/saturn/SH_COFF/sh-coff/bin/../lib/gcc/sh-coff/3.4-GNUSH_v0501\libgcc.a(_unpack_df.o)
                0x06024060                __unpack_d
 .text          0x06024170       0x20 c:/saturn/SH_COFF/sh-coff/bin/../lib/gcc/sh-coff/3.4-GNUSH_v0501\libgcc.a(_thenan_df.o)
                0x06024170                __thenan_df
 .text          0x06024190       0xd0 c:/saturn/SH_COFF/sh-coff/bin/../lib/gcc/sh-coff/3.4-GNUSH_v0501\libgcc.a(_muldi3.o)
                0x06024190                __muldi3
 .text          0x06024260       0x80 c:/saturn/SH_COFF/sh-coff/bin/../lib/gcc/sh-coff/3.4-GNUSH_v0501\libgcc.a(_lshrdi3.o)
                0x06024260                __lshrdi3
 .text          0x060242e0       0x80 c:/saturn/SH_COFF/sh-coff/bin/../lib/gcc/sh-coff/3.4-GNUSH_v0501\libgcc.a(_ashldi3.o)
                0x060242e0                __ashldi3
 .text          0x06024360       0x30 c:/saturn/SH_COFF/sh-coff/bin/../lib/gcc/sh-coff/3.4-GNUSH_v0501\libgcc.a(_mulsi3.o)
                0x06024360                __mulsi3
 .text          0x06024390       0x90 c:/saturn/SH_COFF/sh-coff/bin/../lib/gcc/sh-coff/3.4-GNUSH_v0501\libgcc.a(_lshiftrt.o)
                0x06024390                __lshrsi3
 .text          0x06024420       0x40 c:/saturn/SH_COFF/sh-coff/bin/../lib/gcc/sh-coff/3.4-GNUSH_v0501/../../../../sh-coff/lib\libc.a(memset.o)
                0x06024420                memset
 .text          0x06024460       0x60 c:/saturn/SH_COFF/sh-coff/bin/../lib/gcc/sh-coff/3.4-GNUSH_v0501/../../../../sh-coff/lib\libc.a(memcmp.o)
                0x06024460                memcmp
 .text          0x060244c0       0xa0 c:/saturn/SH_COFF/sh-coff/bin/../lib/gcc/sh-coff/3.4-GNUSH_v0501/../../../../sh-coff/lib\libc.a(memcpy.o)
                0x060244c0                memcpy
 .text          0x06024560       0xb0 c:/saturn/SH_COFF/sh-coff/bin/../lib/gcc/sh-coff/3.4-GNUSH_v0501/../../../../sh-coff/lib\libc.a(strncmp.o)
                0x06024560                strncmp
 .text          0x06024610       0xa0 c:/saturn/SH_COFF/sh-coff/bin/../lib/gcc/sh-coff/3.4-GNUSH_v0501/../../../../sh-coff/lib\libc.a(strncpy.o)
                0x06024610                strncpy
 .text          0x060246b0       0x90 c:/saturn/SH_COFF/sh-coff/bin/../lib/gcc/sh-coff/3.4-GNUSH_v0501/../../../../sh-coff/lib\libc.a(atexit.o)
                0x060246b0                atexit
 .text          0x06024740       0x10 c:/saturn/SH_COFF/sh-coff/bin/../lib/gcc/sh-coff/3.4-GNUSH_v0501/../../../../sh-coff/lib\libc.a(impure.o)
                0x06024740                _global_impure_ptr
 .text          0x06024750       0x40 c:/saturn/SH_COFF/sh-coff/bin/../lib/gcc/sh-coff/3.4-GNUSH_v0501/../../../../sh-coff/lib\libc.a(malloc.o)
                0x0602476c                free
                0x06024750                malloc
 .text          0x06024790      0x5b0 c:/saturn/SH_COFF/sh-coff/bin/../lib/gcc/sh-coff/3.4-GNUSH_v0501/../../../../sh-coff/lib\libc.a(mallocr.o)
                0x06024790                _malloc_r
 .text          0x06024d40      0x340 c:/saturn/SH_COFF/sh-coff/bin/../lib/gcc/sh-coff/3.4-GNUSH_v0501/../../../../sh-coff/lib\libc.a(freer.o)
                0x06024d40                _malloc_trim_r
                0x06024e34                _free_r
 .text          0x06025080       0x20 c:/saturn/SH_COFF/sh-coff/bin/../lib/gcc/sh-coff/3.4-GNUSH_v0501/../../../../sh-coff/lib\libc.a(mlock.o)
                0x06025080                __malloc_lock
                0x0602508c                __malloc_unlock
 .text          0x060250a0       0x50 c:/saturn/SH_COFF/sh-coff/bin/../lib/gcc/sh-coff/3.4-GNUSH_v0501/../../../../sh-coff/lib\libc.a(sbrkr.o)
                0x060250a0                _sbrk_r
 .text          0x060250f0      0x380 c:/saturn/SH_COFF/sh-coff/bin/../lib/gcc/sh-coff/3.4-GNUSH_v0501/../../../../sh-coff/lib\libc.a(syscalls.o)
                0x0602525c                _exit
                0x06025290                _getpid
                0x060252f8                _utime
                0x06025128                _write
                0x060250f0                _read
                0x06025244                _unlink
                0x0602520c                _open
                0x060252a8                _stat
                0x06025250                isatty
                0x06025328                _wait
                0x06025274                _kill
                0x060252c4                _chmod
                0x06025358                _execv
                0x0602533c                _execve
                0x06025434                __setup_argv_and_call_main
                0x06025390                _gettimeofday
                0x0602515c                _link
                0x0602529c                _raise
                0x06025228                _creat
                0x06025370                _pipe
                0x060252dc                _chown
                0x0602510c                _lseek
                0x06025144                _close
                0x06025384                _times
                0x060251f8                _fstat
                0x06025314                _fork
                0x06025184                _sbrk
 .text          0x06025470       0x20 c:/saturn/SH_COFF/sh-coff/bin/../lib/gcc/sh-coff/3.4-GNUSH_v0501/../../../../sh-coff/lib\libc.a(trap.o)
                0x06025470                __trap34
 .text          0x06025490       0x20 c:/saturn/SH_COFF/sh-coff/bin/../lib/gcc/sh-coff/3.4-GNUSH_v0501/../../../../sh-coff/lib\libc.a(abort.o)
                0x06025490                abort
 .text          0x060254b0      0x270 c:/saturn/SH_COFF/sh-coff/bin/../lib/gcc/sh-coff/3.4-GNUSH_v0501/../../../../sh-coff/lib\libc.a(signal.o)
                0x06025570                _raise_r
                0x060256f8                __sigtramp
                0x060256a4                raise
                0x060256e0                _init_signal
                0x06025630                __sigtramp_r
                0x060256c0                signal
                0x060254fc                _signal_r
                0x060254b0                _init_signal_r
 .text          0x06025720       0x60 c:/saturn/SH_COFF/sh-coff/bin/../lib/gcc/sh-coff/3.4-GNUSH_v0501/../../../../sh-coff/lib\libc.a(signalr.o)
                0x06025768                _getpid_r
                0x06025720                _kill_r
 *(.strings)

.tors           0x06025780        0x0
                0x06025780                ___ctors = .
 *(.ctors)
                0x06025780                ___ctors_end = .
                0x06025780                ___dtors = .
 *(.dtors)
                0x06025780                ___dtors_end = .

.data           0x06025780     0x3950
                0x06025780                STARTOF_R = .
 *(.data)
 .data          0x06025780      0x400 ../sbl6/segasmp/per/smpclib/per_x1.o
 .data          0x06025b80     0x2640 graphics.o
                0x060260ac                cyberblock_name
                0x06027592                girl2_num
                0x060260fc                metalorange_name
                0x0602610a                metalorange_num
                0x06027186                girl3_num
                0x0602799e                girl1_num
                0x060260bc                metalorange_pal
                0x060279a0                roarframes_pal
                0x06025c48                starnear_name
                0x06027db0                roarbg_pal
                0x060281b0                roarbg_name
                0x06025bd2                starspr_num
                0x06027994                girl1_name
                0x0602610c                title_pal
                0x06025c1e                font_height
                0x06027da0                roarframes_name
                0x0602717c                girl3_name
                0x06027594                girl1_pal
                0x0602606a                chipframes_num
                0x06026d7c                girl3_pal
                0x06025bd0                starspr_size
                0x0602696e                girl5_num
                0x06026516                title_num
                0x06025c14                font_name
                0x06025b80                starspr_pal
                0x060281bc                roarbg_num
                0x060260ba                cyberblock_num
                0x06026564                girl5_pal
                0x06025c20                font_width
                0x06026562                stars_num
                0x0602650c                title_name
                0x0602605c                chipframes_name
                0x06025c28                starfar_name
                0x06026558                stars_name
                0x06025c24                font_num
                0x06025bd4                font_pal
                0x06025c46                starmid_width
                0x06025c58                starnear_width
                0x06025bce                starspr_width
                0x06025c5c                chipframes_pal
                0x06025c34                starfar_height
                0x06026d7a                girl4_num
                0x06025c22                font_size
                0x06025bc0                starspr_name
                0x06027dae                roarframes_num
                0x0602606c                cyberblock_pal
                0x06025c56                starnear_height
                0x06025c38                starmid_name
                0x06026964                girl5_name
                0x06026970                girl4_pal
                0x06025c44                starmid_height
                0x06026518                stars_pal
                0x06025bcc                starspr_height
                0x06026d70                girl4_name
                0x06027188                girl2_pal
                0x06025c36                starfar_width
                0x06027588                girl2_name
 .data          0x060281c0      0x1a0 intro.o
 .data          0x06028360       0x40 logo.o
 .data          0x060283a0       0x40 menu.o
 .data          0x060283e0       0x10 pcmsys.o
                0x060283e4                scsp_load
                0x060283e8                m68k_com
                0x060283e0                master_volume
 .data          0x060283f0       0x30 scroll.o
                0x06028400                CycleTbLoRes
                0x06028410                vram
                0x060283f0                CycleTbHiRes
 .data          0x06028420       0x30 sprite.o
 .data          0x06028450      0x400 ../sbl6/segalib/lib/sega_int.a(int.o)
 .data          0x06028850       0x1c ../sbl6/segalib/lib/sega_spr.a(spr_slv.o)
                0x06028858                SPR_SlaveParam
                0x06028868                SPR_SMPC_SF
                0x06028860                SPR_SMPC_COM
                0x0602885c                SPR_SlaveSHEntry
                0x06028854                SPR_SlaveState
                0x06028850                SPR_SlaveCommand
                0x06028864                SPR_SMPC_RET
 *fill*         0x0602886c        0x4 00
 .data          0x06028870       0x34 ../sbl6/segalib/lib/sega_spr.a(spr_1c.o)
                0x06028870                SpInitialFlag
 *fill*         0x060288a4        0xc 00
 .data          0x060288b0       0x1c ../sbl6/segalib/lib/sega_scl.a(scl_vblv.o)
                0x060288b8                VBInterval
                0x060288c0                ReqDisplayFlag
                0x060288b0                SpFrameChgMode
                0x060288bc                VBIntervalCounter
                0x060288b4                SpFrameEraseMode
 *fill*         0x060288cc        0x4 00
 .data          0x060288d0       0x18 ../sbl6/segalib/lib/sega_scl.a(scl_pri.o)
                0x060288d4                SclRealSpPriNum
                0x060288e4                SclRealColOffset
                0x060288e0                SclRealBgColMix
                0x060288dc                SclRealSpColMix
                0x060288d8                SclRealBgPriNum
                0x060288d0                SclRealOtherPri
 *fill*         0x060288e8        0x8 00
 .data          0x060288f0       0x36 ../sbl6/segalib/lib/sega_scl.a(scl_func.o)
                0x06028900                SclRotregBuff
                0x060288fc                SclDisplayY
                0x06028904                SclRotateTableMode
                0x060288f8                SclProcess
                0x060288f4                SclCurSclNum
                0x060288f0                SclLengthLsTbl
                0x060288fa                SclDisplayX
                0x060288f2                SclLengthCsTbl
 *fill*         0x06028926        0xa 00
 .data          0x06028930        0x4 ../sbl6/segalib/lib/sega_mth.a(mth_rand.o)
 *fill*         0x06028934        0xc 00
 .data          0x06028940      0x380 c:/saturn/SH_COFF/sh-coff/bin/../lib/gcc/sh-coff/3.4-GNUSH_v0501/../../../../sh-coff/lib\libc.a(impure.o)
                0x06028cbc                _impure_ptr
 .data          0x06028cc0      0x410 c:/saturn/SH_COFF/sh-coff/bin/../lib/gcc/sh-coff/3.4-GNUSH_v0501/../../../../sh-coff/lib\libc.a(mallocr.o)
                0x06028cc8                __malloc_av_
                0x06028cc4                __malloc_trim_threshold
                0x06028cc0                __malloc_sbrk_base
                0x060290d0                SIZEOF_R = (. - STARTOF_R)
                0x060290d0                ENDOF_R = .

.bss            0x060290d0     0xdad4
                0x060290d0                STARTOF_B = .
 *(.bss)
 .bss           0x060290d0       0x10 vblank.o
                0x060290d4                PadData2E
                0x060290da                PadData1
                0x060290d6                PadData2
                0x060290d8                PadData1E
                0x060290d0                __port
 .bss           0x060290e0       0xd0 ../sbl6/segasmp/per/smpclib/per_x2.o
 .bss           0x060291b0     0x1970 intro.o
 .bss           0x0602ab20       0x20 logo.o
 .bss           0x0602ab40       0x10 menu.o
 .bss           0x0602ab50       0x10 pcmsys.o
                0x0602ab50                numberPCMs
 .bss           0x0602ab60       0x10 scroll.o
                0x0602ab60                scroll_res
 .bss           0x0602ab70     0x3800 sprite.o
                0x0602ab70                num_sprites
 .bss           0x0602e370       0x10 main.o
                0x0602e370                frame
 .bss           0x0602e380       0x6e ../sbl6/segalib/lib/sega_spr.a(spr_2c.o)
 *fill*         0x0602e3ee        0x2 00
 .bss           0x0602e3f0        0x4 ../sbl6/segalib/lib/sega_scl.a(scl_vblv.o)
 *fill*         0x0602e3f4        0xc 00
 .bss           0x0602e400     0x1900 ../sbl6/segalib/lib/sega_scl.a(scl_fu05.o)
 .bss           0x0602fd00        0x4 ../sbl6/segalib/lib/sega_scl.a(scl_func.o)
 *fill*         0x0602fd04        0xc 00
 .bss           0x0602fd10       0x48 ../sbl6/segalib/lib/sega_scl.a(scl_ro00.o)
 *fill*         0x0602fd58        0x8 00
 .bss           0x0602fd60        0xc ../sbl6/segalib/lib/sega_cdc.a(cdc_sub.o)
 *fill*         0x0602fd6c        0x4 00
 .bss           0x0602fd70        0x2 ../sbl6/segalib/lib/sega_cdc.a(cdc_reg.o)
 *fill*         0x0602fd72        0xe 00
 .bss           0x0602fd80       0x9c ../sbl6/segalib/lib/sega_per.a(per_prt.o)
 *fill*         0x0602fe1c        0x4 00
 .bss           0x0602fe20        0xc ../sbl6/segalib/lib/sega_sat.a(DMA_SCU1.o)
 *fill*         0x0602fe2c        0x4 00
 .bss           0x0602fe30        0xc ../sbl6/segalib/lib/sega_sat.a(gfs_trn.o)
 *fill*         0x0602fe3c        0x4 00
 .bss           0x0602fe40       0x20 ../sbl6/segalib/lib/sega_sat.a(DMA_SCU0.o)
 .bss           0x0602fe60       0x10 c:/saturn/SH_COFF/sh-coff/bin/../lib/gcc/sh-coff/3.4-GNUSH_v0501\libgcc.a(__main.o)
 .bss           0x0602fe70       0x10 c:/saturn/SH_COFF/sh-coff/bin/../lib/gcc/sh-coff/3.4-GNUSH_v0501/../../../../sh-coff/lib\libc.a(atexit.o)
 .bss           0x0602fe80       0x40 c:/saturn/SH_COFF/sh-coff/bin/../lib/gcc/sh-coff/3.4-GNUSH_v0501/../../../../sh-coff/lib\libc.a(mallocr.o)
                0x0602feb0                __malloc_top_pad
                0x0602fe80                __malloc_current_mallinfo
                0x0602feac                __malloc_max_sbrked_mem
                0x0602fea8                __malloc_max_total_mem
 .bss           0x0602fec0       0x10 c:/saturn/SH_COFF/sh-coff/bin/../lib/gcc/sh-coff/3.4-GNUSH_v0501/../../../../sh-coff/lib\libc.a(syscalls.o)
 *(COMMON)
 COMMON         0x0602fed0     0x1674 cd.o
                                  0x0 (size before relaxing)
                0x0602fed0                dirname
                0x06030830                lib_work
                0x06031538                directory_table
 *fill*         0x06031544        0xc 00
 COMMON         0x06031550     0x14a0 print.o
                                  0x0 (size before relaxing)
                0x06031550                text
 COMMON         0x060329f0      0x23c scroll.o
                                  0x0 (size before relaxing)
                0x060329f0                scfg3
                0x06032a80                scfg0
                0x06032b10                scfg2
                0x06032ba0                scfg1
 *fill*         0x06032c2c        0x4 00
 COMMON         0x06032c30     0x2460 sprite.o
                                  0x0 (size before relaxing)
                0x06032c30                sprites
                0x06033090                sprite_buf
 COMMON         0x06035090       0x8c main.o
                                  0x0 (size before relaxing)
                0x06035090                off_config
 *fill*         0x0603511c        0x4 00
 COMMON         0x06035120      0x400 ../sbl6/segalib/lib/sega_int.a(int.o)
                                  0x0 (size before relaxing)
                0x06035120                __interrupt_vector
 COMMON         0x06035520       0x50 ../sbl6/segalib/lib/sega_spr.a(spr_2c.o)
                                  0x0 (size before relaxing)
                0x06035520                SpMstCmd
                0x06035524                Sp2OpenFlag
                0x06035528                SpGourTblMax
                0x0603552c                SpDrawPrtyBlk
                0x06035530                SpLCoordX
                0x06035534                SpMstDrawPrtyBlk
                0x06035538                SpGourTbl
                0x0603553c                SpLookupTblR
                0x06035540                SpCmdTbl
                0x06035544                SpCharMax
                0x06035548                SpDrawPrtyProcFlag
                0x0603554c                SpCmdNo
                0x06035550                SpDrawPrtyBlkMax
                0x06035554                SpSlvCmdPos
                0x06035558                SpSlvDrawPrtyBlk
                0x0603555c                SpCharTbl
                0x06035560                SpCmdTblR
                0x06035564                SpMstCmdPos
                0x06035568                SpSlvCmd
                0x0603556c                SpLCoordY
 COMMON         0x06035570       0x10 ../sbl6/segalib/lib/sega_spr.a(spr_1c.o)
                                  0x0 (size before relaxing)
                0x06035570                SpScreenY
                0x06035574                SpFbcrMode
                0x06035576                SpDil
                0x06035578                SpDie
                0x0603557a                SpTvMode
                0x0603557c                SpScreenX
 COMMON         0x06035580      0x6b0 ../sbl6/segalib/lib/sega_scl.a(scl_pri.o)
                                  0x0 (size before relaxing)
                0x06035580                SclAutoEndBlue2
                0x06035590                SclColOffset
                0x060355a0                SclPriBuffDirty
                0x060355a2                SclAutoEndRed
                0x060355a4                SclAutoSurface
                0x060355a8                SclAutoGreen
                0x060355aa                SclAutoEndGreen
                0x060355ac                SclAutoCount
                0x060355b0                SclColRamAlloc256
                0x060355d0                SclAutoCurRate
                0x060355d1                SclAutoPlusFlag
                0x060355d8                SclSpColMix
                0x060355e0                SclAutoMax
                0x060355e4                SclLineColRamOffset
                0x060355e8                SclColRamAlloc2048
                0x060355ec                SclBgPriNum
                0x060355f2                SclAutoEndBlue
                0x060355f4                SclAutoEndGreen2
                0x060355f6                SclAutoVeFlag
                0x060355f8                SclBgColMix
                0x06035600                SclAutoIndex
                0x06035604                SclAutoEndRate
                0x06035606                SclAutoBlue
                0x06035608                SclAutoRed
                0x0603560c                SclAutoInterval
                0x06035610                SclOtherPri
                0x06035620                SclAutoRGB
                0x06035c20                SclAutoEndRed2
                0x06035c28                SclSpPriNum
 COMMON         0x06035c30      0xf00 ../sbl6/segalib/lib/sega_scl.a(scl_func.o)
                                  0x0 (size before relaxing)
                0x06035c30                SclRbgKtbAddr
                0x06035c38                SclRb
                0x06035c3a                Scl_flag
                0x06035c40                SclK_TableBuff
                0x06036910                SclAddrCsTbl
                0x06036920                Scl_s_reg
                0x06036948                SclRotateXy
                0x06036950                Scl_d_reg
                0x06036998                SclRotateDisp
                0x060369a0                SclRotateMoveZ
                0x060369a8                SclRotXySw
                0x060369b0                Scl_r_reg
                0x060369c0                SclRPMD
                0x060369c8                SclRbgKtbOffset
                0x060369d0                _SclRotregBuff
                0x06036aa0                SclRa
                0x06036aa8                SclRotateZ
                0x06036ab0                SclAddrLsTbl
                0x06036ab8                SclK_TableNum
                0x06036ac0                SclRotateTableAddress
                0x06036ac4                SclK_TableFlag
                0x06036ad0                Scl_w_reg
                0x06036af0                Scl_n_reg
 COMMON         0x06036b30       0x10 ../sbl6/segalib/lib/sega_scl.a(scl_ro00.o)
                                  0x0 (size before relaxing)
                0x06036b30                SclCsx
                0x06036b38                SclCsy
 COMMON         0x06036b40       0x15 ../sbl6/segalib/lib/sega_per.a(per_prt.o)
                                  0x0 (size before relaxing)
                0x06036b40                per_get_time_flg
                0x06036b41                per_hot_res
                0x06036b42                per_set_sys_flg
                0x06036b44                per_get_time_adr
                0x06036b48                per_get_sys_data
                0x06036b54                per_time_out_flg
 *fill*         0x06036b55        0xb 00
 COMMON         0x06036b60        0xc ../sbl6/segalib/lib/sega_sat.a(gfs.o)
                                  0x0 (size before relaxing)
                0x06036b60                GFMC_base
                0x06036b64                gfs_mng_ptr
                0x06036b68                gfs_use_scudma
 *fill*         0x06036b6c        0x4 00
 COMMON         0x06036b70        0x8 ../sbl6/segalib/lib/sega_sat.a(DMA_CPU5.o)
                                  0x0 (size before relaxing)
                0x06036b70                dma_cpu_cnt
                0x06036b74                dma_cpu_dis_adr
 *fill*         0x06036b78        0x8 00
 COMMON         0x06036b80        0x8 ../sbl6/segalib/lib/sega_sat.a(gfs_cdf.o)
                                  0x0 (size before relaxing)
                0x06036b80                gfcf_fad
                0x06036b84                gfcf_stat
 *fill*         0x06036b88        0x8 00
 COMMON         0x06036b90        0xc ../sbl6/segalib/lib/sega_sat.a(gfs_cdc.o)
                                  0x0 (size before relaxing)
                0x06036b90                gfcd_fatal_err
                0x06036b94                gfcd_work
                0x06036b98                gfcd_playflag
 *fill*         0x06036b9c        0x4 00
 COMMON         0x06036ba0        0x4 c:/saturn/SH_COFF/sh-coff/bin/../lib/gcc/sh-coff/3.4-GNUSH_v0501/../../../../sh-coff/lib\libc.a(syscalls.o)
                                  0x0 (size before relaxing)
                0x06036ba0                errno
                0x06036ba4                SIZEOF_B = (. - STARTOF_B)
                0x06036ba4                ENDOF_B = .
                0x06036ba4                _end = .
OUTPUT(main.cof coff-sh)

.comment        0x06036bb0      0x520
 .comment       0x06036bb0       0x20 ../sbl6/segasmp/lib/strt2_g.o
 .comment       0x06036bd0       0x20 vblank.o
 .comment       0x06036bf0       0x20 ../sbl6/segasmp/per/smpclib/per_x1.o
 .comment       0x06036c10       0x20 ../sbl6/segasmp/per/smpclib/per_x2.o
 .comment       0x06036c30       0x20 cd.o
 .comment       0x06036c50       0x20 crc.o
 .comment       0x06036c70       0x20 devcart.o
 .comment       0x06036c90       0x20 graphics.o
 .comment       0x06036cb0       0x20 intro.o
 .comment       0x06036cd0       0x20 logo.o
 .comment       0x06036cf0       0x20 menu.o
 .comment       0x06036d10       0x20 pcmsys.o
 .comment       0x06036d30       0x20 print.o
 .comment       0x06036d50       0x20 scroll.o
 .comment       0x06036d70       0x20 sound.o
 .comment       0x06036d90       0x20 sprite.o
 .comment       0x06036db0       0x20 main.o
 .comment       0x06036dd0       0x20 c:/saturn/SH_COFF/sh-coff/bin/../lib/gcc/sh-coff/3.4-GNUSH_v0501\libgcc.a(_si_to_df.o)
 .comment       0x06036df0       0x20 c:/saturn/SH_COFF/sh-coff/bin/../lib/gcc/sh-coff/3.4-GNUSH_v0501\libgcc.a(_mul_df.o)
 .comment       0x06036e10       0x20 c:/saturn/SH_COFF/sh-coff/bin/../lib/gcc/sh-coff/3.4-GNUSH_v0501\libgcc.a(_df_to_si.o)
 .comment       0x06036e30       0x20 c:/saturn/SH_COFF/sh-coff/bin/../lib/gcc/sh-coff/3.4-GNUSH_v0501\libgcc.a(__main.o)
 .comment       0x06036e50       0x20 c:/saturn/SH_COFF/sh-coff/bin/../lib/gcc/sh-coff/3.4-GNUSH_v0501\libgcc.a(_pack_df.o)
 .comment       0x06036e70       0x20 c:/saturn/SH_COFF/sh-coff/bin/../lib/gcc/sh-coff/3.4-GNUSH_v0501\libgcc.a(_unpack_df.o)
 .comment       0x06036e90       0x20 c:/saturn/SH_COFF/sh-coff/bin/../lib/gcc/sh-coff/3.4-GNUSH_v0501\libgcc.a(_thenan_df.o)
 .comment       0x06036eb0       0x20 c:/saturn/SH_COFF/sh-coff/bin/../lib/gcc/sh-coff/3.4-GNUSH_v0501\libgcc.a(_muldi3.o)
 .comment       0x06036ed0       0x20 c:/saturn/SH_COFF/sh-coff/bin/../lib/gcc/sh-coff/3.4-GNUSH_v0501\libgcc.a(_lshrdi3.o)
 .comment       0x06036ef0       0x20 c:/saturn/SH_COFF/sh-coff/bin/../lib/gcc/sh-coff/3.4-GNUSH_v0501\libgcc.a(_ashldi3.o)
 .comment       0x06036f10       0x20 c:/saturn/SH_COFF/sh-coff/bin/../lib/gcc/sh-coff/3.4-GNUSH_v0501/../../../../sh-coff/lib\libc.a(memcmp.o)
 .comment       0x06036f30       0x20 c:/saturn/SH_COFF/sh-coff/bin/../lib/gcc/sh-coff/3.4-GNUSH_v0501/../../../../sh-coff/lib\libc.a(strncmp.o)
 .comment       0x06036f50       0x20 c:/saturn/SH_COFF/sh-coff/bin/../lib/gcc/sh-coff/3.4-GNUSH_v0501/../../../../sh-coff/lib\libc.a(strncpy.o)
 .comment       0x06036f70       0x20 c:/saturn/SH_COFF/sh-coff/bin/../lib/gcc/sh-coff/3.4-GNUSH_v0501/../../../../sh-coff/lib\libc.a(atexit.o)
 .comment       0x06036f90       0x20 c:/saturn/SH_COFF/sh-coff/bin/../lib/gcc/sh-coff/3.4-GNUSH_v0501/../../../../sh-coff/lib\libc.a(impure.o)
 .comment       0x06036fb0       0x20 c:/saturn/SH_COFF/sh-coff/bin/../lib/gcc/sh-coff/3.4-GNUSH_v0501/../../../../sh-coff/lib\libc.a(malloc.o)
 .comment       0x06036fd0       0x20 c:/saturn/SH_COFF/sh-coff/bin/../lib/gcc/sh-coff/3.4-GNUSH_v0501/../../../../sh-coff/lib\libc.a(mallocr.o)
 .comment       0x06036ff0       0x20 c:/saturn/SH_COFF/sh-coff/bin/../lib/gcc/sh-coff/3.4-GNUSH_v0501/../../../../sh-coff/lib\libc.a(freer.o)
 .comment       0x06037010       0x20 c:/saturn/SH_COFF/sh-coff/bin/../lib/gcc/sh-coff/3.4-GNUSH_v0501/../../../../sh-coff/lib\libc.a(mlock.o)
 .comment       0x06037030       0x20 c:/saturn/SH_COFF/sh-coff/bin/../lib/gcc/sh-coff/3.4-GNUSH_v0501/../../../../sh-coff/lib\libc.a(sbrkr.o)
 .comment       0x06037050       0x20 c:/saturn/SH_COFF/sh-coff/bin/../lib/gcc/sh-coff/3.4-GNUSH_v0501/../../../../sh-coff/lib\libc.a(syscalls.o)
 .comment       0x06037070       0x20 c:/saturn/SH_COFF/sh-coff/bin/../lib/gcc/sh-coff/3.4-GNUSH_v0501/../../../../sh-coff/lib\libc.a(abort.o)
 .comment       0x06037090       0x20 c:/saturn/SH_COFF/sh-coff/bin/../lib/gcc/sh-coff/3.4-GNUSH_v0501/../../../../sh-coff/lib\libc.a(signal.o)
 .comment       0x060370b0       0x20 c:/saturn/SH_COFF/sh-coff/bin/../lib/gcc/sh-coff/3.4-GNUSH_v0501/../../../../sh-coff/lib\libc.a(signalr.o)
