Archive member included because of file (symbol)

../sbl6/segalib/lib/sega_int.a(int.o)
                              vblank.o (INT_SetScuFunc)
../sbl6/segalib/lib/sega_int.a(int_trmp.o)
                              ../sbl6/segalib/lib/sega_int.a(int.o) (__interrupt_handler0)
../sbl6/segalib/lib/sega_spr.a(spr_2c.o)
                              sprite.o (SPR_2Initial)
../sbl6/segalib/lib/sega_spr.a(spr_slv.o)
                              ../sbl6/segalib/lib/sega_spr.a(spr_2c.o) (SPR_InitSlaveSH)
../sbl6/segalib/lib/sega_spr.a(spr_1c.o)
                              ../sbl6/segalib/lib/sega_spr.a(spr_2c.o) (SPR_Initial)
../sbl6/segalib/lib/sega_spr.a(spr_2a.o)
                              ../sbl6/segalib/lib/sega_spr.a(spr_2c.o) (SPR_2SetDrawPrty)
../sbl6/segalib/lib/sega_scl.a(scl_vblv.o)
                              ../sbl6/segalib/lib/sega_spr.a(spr_1c.o) (SpFrameChgMode)
../sbl6/segalib/lib/sega_scl.a(scl_pr12.o)
                              game.o (SCL_SetColOffset)
../sbl6/segalib/lib/sega_scl.a(scl_pr07.o)
                              game.o (SCL_SetPriority)
../sbl6/segalib/lib/sega_scl.a(scl_pr02.o)
                              game.o (SCL_SetColRam)
../sbl6/segalib/lib/sega_scl.a(scl_pr11.o)
                              game.o (SCL_SetAutoColOffset)
../sbl6/segalib/lib/sega_scl.a(scl_pri.o)
                              ../sbl6/segalib/lib/sega_scl.a(scl_pr11.o) (SclAutoVeFlag)
../sbl6/segalib/lib/sega_scl.a(scl_pr10.o)
                              intro.o (SCL_SetAutoColMix)
../sbl6/segalib/lib/sega_scl.a(scl_fu05.o)
                              intro.o (SCL_InitLineParamTb)
../sbl6/segalib/lib/sega_scl.a(scl_func.o)
                              ../sbl6/segalib/lib/sega_scl.a(scl_fu05.o) (SclLengthLsTbl)
../sbl6/segalib/lib/sega_scl.a(scl_fu01.o)
                              scroll.o (SCL_SetDisplayMode)
../sbl6/segalib/lib/sega_scl.a(scl_fu04.o)
                              scroll.o (SCL_SetCycleTable)
../sbl6/segalib/lib/sega_scl.a(scl_pr03.o)
                              scroll.o (SCL_AllocColRam)
../sbl6/segalib/lib/sega_scl.a(scl_back.o)
                              scroll.o (SCL_SetBack)
../sbl6/segalib/lib/sega_scl.a(scl_fu03.o)
                              scroll.o (SCL_InitConfigTb)
../sbl6/segalib/lib/sega_scl.a(scl_fu02.o)
                              scroll.o (SCL_InitVramConfigTb)
../sbl6/segalib/lib/sega_scl.a(scl_pr01.o)
                              main.o (SCL_SetSpriteMode)
../sbl6/segalib/lib/sega_scl.a(scl_pr05.o)
                              ../sbl6/segalib/lib/sega_scl.a(scl_pr02.o) (SCL_GetColRamOffset)
../sbl6/segalib/lib/sega_scl.a(scl_ro00.o)
                              ../sbl6/segalib/lib/sega_scl.a(scl_func.o) (SCL_Rotate)
../sbl6/segalib/lib/sega_scl.a(scl_pr06.o)
                              ../sbl6/segalib/lib/sega_scl.a(scl_pr03.o) (SCL_SetColRamOffset)
../sbl6/segalib/lib/sega_mth.a(mth_rand.o)
                              main.o (MTH_InitialRand)
../sbl6/segalib/lib/sega_mth.a(mth_fixd.o)
                              game.o (MTH_Mul)
../sbl6/segalib/lib/sega_mth.a(mth_tri.o)
                              game.o (MTH_Sin)
../sbl6/segalib/lib/sega_cdc.a(cdc_drv.o)
                              sound.o (CDC_CdPlay)
../sbl6/segalib/lib/sega_cdc.a(cdc_cmn.o)
                              main.o (CDC_GetPeriStat)
../sbl6/segalib/lib/sega_cdc.a(cdc_sub.o)
                              ../sbl6/segalib/lib/sega_cdc.a(cdc_cmn.o) (CDSUB_UpdStatus)
../sbl6/segalib/lib/sega_cdc.a(cdc_reg.o)
                              ../sbl6/segalib/lib/sega_cdc.a(cdc_cmn.o) (CDREG_ClrHirqReq)
../sbl6/segalib/lib/sega_per.a(per_prt.o)
                              smpclib/per_x2.o (PER_LInit)
../sbl6/segalib/lib/sega_sat.a(gfs.o)
                              cd.o (GFS_Init)
../sbl6/segalib/lib/sega_sat.a(DMA_CPU1.o)
                              game.o (DMA_CpuMemCopy1)
../sbl6/segalib/lib/sega_sat.a(DMA_CPU2.o)
                              intro.o (DMA_CpuMemCopy2)
../sbl6/segalib/lib/sega_sat.a(DMA_SCU1.o)
                              ../sbl6/segalib/lib/sega_spr.a(spr_2c.o) (DMA_ScuMemCopy)
../sbl6/segalib/lib/sega_sat.a(gfs_cdf.o)
                              ../sbl6/segalib/lib/sega_sat.a(gfs.o) (GFCF_Init)
../sbl6/segalib/lib/sega_sat.a(gfs_dir.o)
                              ../sbl6/segalib/lib/sega_sat.a(gfs.o) (GFDR_SetupDirTbl)
../sbl6/segalib/lib/sega_sat.a(gfs_trn.o)
                              ../sbl6/segalib/lib/sega_sat.a(gfs.o) (GFTR_Setup)
../sbl6/segalib/lib/sega_sat.a(gfs_buf.o)
                              ../sbl6/segalib/lib/sega_sat.a(gfs.o) (GFBF_GetNumData)
../sbl6/segalib/lib/sega_sat.a(gfs_cdb.o)
                              ../sbl6/segalib/lib/sega_sat.a(gfs_cdf.o) (GFCB_Setup)
../sbl6/segalib/lib/sega_sat.a(gfs_cdc.o)
                              ../sbl6/segalib/lib/sega_sat.a(gfs.o) (GFCD_SetCdbfs)
../sbl6/segalib/lib/sega_sat.a(DMA_CPU0.o)
[...]
Memory Configuration

Name             Origin             Length             Attributes
*default*        0x00000000         0xffffffff

Linker script and memory map

LOAD ../sbl6/segasmp/lib/strt1_g.o
LOAD ../sbl6/segasmp/lib/strt2_g.o
LOAD vblank.o
LOAD smpclib/per_x1.o
LOAD smpclib/per_x2.o
LOAD smpclib/per_x3.o
LOAD spritecode/explosion.o
LOAD cd.o
LOAD crc.o
LOAD devcart.o
LOAD game.o
LOAD graphics.o
LOAD intro.o
LOAD logo.o
LOAD menu.o
LOAD pcmsys.o
LOAD print.o
LOAD scroll.o
LOAD sound.o
LOAD sprite.o
LOAD main.o
LOAD ../sbl6/segalib/lib/sega_int.a
LOAD ../sbl6/segalib/lib/sega_spr.a
LOAD ../sbl6/segalib/lib/sega_scl.a
LOAD ../sbl6/segalib/lib/sega_mth.a
LOAD ../sbl6/segalib/lib/sega_cdc.a
LOAD ../sbl6/segalib/lib/sega_adp.a
LOAD ../sbl6/segalib/lib/sega_per.a
LOAD ../sbl6/segalib/lib/sega_sat.a
LOAD C:/saturn/SH_COFF/sh-coff/bin/../lib/gcc/sh-coff/3.4-GNUSH_v0501\libgcc.a
LOAD C:/saturn/SH_COFF/sh-coff/bin/../lib/gcc/sh-coff/3.4-GNUSH_v0501/../../../../sh-coff/lib\libc.a
LOAD C:/saturn/SH_COFF/sh-coff/bin/../lib/gcc/sh-coff/3.4-GNUSH_v0501\libgcc.a

.text           0x06010000    0x16d30
 *(.text)
 .text          0x06010000       0x30 ../sbl6/segasmp/lib/strt1_g.o
                0x06010024                _D_END
                0x06010020                _D_BGN
                0x0601002c                _B_END
                0x06010028                _B_BGN
                0x06010000                START
 .text          0x06010030       0x60 ../sbl6/segasmp/lib/strt2_g.o
                0x06010050                _INITSCT
                0x06010030                _INIT
 .text          0x06010090      0x220 vblank.o
                0x06010090                SetVblank
                0x06010110                UsrVblankOut
                0x060100f0                UsrVblankIn
 .text          0x060102b0      0x240 smpclib/per_x1.o
                0x06010490                PER_GetAnalogXYZ
                0x060102d0                PER_GetTriggerHandler
                0x06010420                PER_GetEdge
                0x060103e0                PER_GetTrigger
                0x06010430                PER_GetPressEdge
                0x06010460                PER_GetReleaseEdge
                0x060102b0                PER_SetTriggerHandler
 .text          0x060104f0      0x180 smpclib/per_x2.o
                0x060105d0                PER_GetDeviceA
                0x060104f0                PER_OpenPort
                0x06010520                PER_GetPort
                0x06010610                PER_GetDeviceR
 .text          0x06010670       0x20 smpclib/per_x3.o
                0x06010670                PER_DisguiseTrigger
 .text          0x06010690       0xb0 spritecode/explosion.o
                0x060106f0                explosion_move
                0x06010690                explosion_make
 .text          0x06010740      0x120 cd.o
                0x060107e0                cd_load_nosize
                0x06010740                cd_init
                0x06010770                cd_load
 .text          0x06010860      0x140 crc.o
                0x06010960                crc_update
 .text          0x060109a0      0x1c0 devcart.o
                0x06010b20                devcart_reset
                0x06010a10                devcart_loadfile
                0x06010b10                devcart_printstr
 .text          0x06010b60      0xcd0 game.o
                0x06010c60                game_run
 .text          0x06011830      0xe00 intro.o
                0x06011830                intro_run
 .text          0x06012630      0x370 logo.o
                0x06012690                logo_run
                0x06012630                logo_loadframe
 .text          0x060129a0      0xbd0 menu.o
                0x06012cd0                menu_run
                0x06012b80                sqrt32
 .text          0x06013570      0x8c0 pcmsys.o
                0x06013c30                load_8bit_pcm
                0x06013990                smpc_issue_command
                0x06013a30                load_drv
                0x06013dc0                pcm_parameter_change
                0x06013970                smpc_wait_till_ready
                0x060139b0                load_driver_binary
                0x06013d80                pcm_play
                0x06013df0                pcm_cease
                0x06013a80                calculate_bytes_per_blank
                0x06013ad0                load_16bit_pcm
 .text          0x06013e30      0x230 print.o
                0x06013fc0                print_display
                0x06013f10                print_num
                0x06013e30                print_load
                0x06013ee0                print_init
                0x06013f60                print_string
 .text          0x06014060      0x540 scroll.o
                0x06014060                scroll_lores
                0x06014470                scroll_move
                0x060144c0                scroll_clearmaps
                0x06014420                scroll_set
                0x06014510                scroll_charsize
                0x060140c0                scroll_hires
                0x06014200                scroll_init
                0x06014120                scroll_scale
 .text          0x060145a0      0x1a0 sound.o
                0x06014720                sound_play
                0x060145d0                sound_init
                0x060146c0                sound_cdda
 .text          0x06014740      0x5f0 sprite.o
                0x06014770                sprite_init
                0x06014b60                sprite_make
                0x06014ca0                sprite_next
                0x06014830                sprite_erase
                0x06014d00                sprite_delete
                0x06014bb0                sprite_draw_all
                0x06014740                sprite_deleteall
                0x06014890                sprite_startdraw
                0x06014910                sprite_draw
 .text          0x06014d30      0x220 main.o
                0x06014d30                main
 .text          0x06014f50       0x40 ../sbl6/segalib/lib/sega_int.a(int.o)
                0x06014f7c                INT_GetScuFunc
                0x06014f50                INT_SetScuFunc
 .text          0x06014f90      0x624 ../sbl6/segalib/lib/sega_int.a(int_trmp.o)
                0x060150f8                __interrupt_handler60
                0x060152a8                __interrupt_handler132
                0x0601545e                __interrupt_handler205
                0x060152c6                __interrupt_handler137
                0x060151f4                __interrupt_handler102
                0x06015032                __interrupt_handler27
                0x06015434                __interrupt_handler198
                0x06015326                __interrupt_handler153
                0x0601500e                __interrupt_handler21
                0x0601511c                __interrupt_handler66
                0x0601520c                __interrupt_handler106
                0x06015356                __interrupt_handler161
                0x060151a0                __interrupt_handler88
                0x0601536e                __interrupt_handler165
                0x0601527e                __interrupt_handler125
                0x06014fb4                __interrupt_handler6
                0x06015050                __interrupt_handler32
                0x0601540a                __interrupt_handler191
                0x06015524                __interrupt_handler238
                0x0601553c                __interrupt_handler242
                0x06015344                __interrupt_handler158
                0x060151ac                __interrupt_handler90
                0x06015368                __interrupt_handler164
                0x0601508c                __interrupt_handler42
                0x060153ce                __interrupt_handler181
                0x060154d6                __interrupt_handler225
                0x0601557e                __interrupt_handler253
                0x06015392                __interrupt_handler171
                0x0601514c                __interrupt_handler74
                0x06014fa2                __interrupt_handler3
                0x060150e6                __interrupt_handler57
                0x06014fe4                __interrupt_handler14
                0x0601547c                __interrupt_handler210
                0x060154ac                __interrupt_handler218
                0x06015470                __interrupt_handler208
                0x06015074                __interrupt_handler38
                0x06014f90                __interrupt_handler0
                0x06015200                __interrupt_handler104
                0x0601533e                __interrupt_handler157
                0x0601548e                __interrupt_handler213
                0x06015380                __interrupt_handler168
                0x0601518e                __interrupt_handler85
                0x0601522a                __interrupt_handler111
                0x0601523c                __interrupt_handler114
                0x060150aa                __interrupt_handler47
                0x06015500                __interrupt_handler232
                0x060154ca                __interrupt_handler223
                0x0601551e                __interrupt_handler237
                0x0601510a                __interrupt_handler63
                0x06015098                __interrupt_handler44
                0x060153aa                __interrupt_handler175
                0x060153d4                __interrupt_handler182
                0x060153ec                __interrupt_handler186
                0x060152ea                __interrupt_handler143
                0x06015212                __interrupt_handler107
                0x06015278                __interrupt_handler124
                0x06015398                __interrupt_handler172
                0x0601554e                __interrupt_handler245
                0x060151ca                __interrupt_handler95
                0x060152a2                __interrupt_handler131
                0x060152b4                __interrupt_handler134
                0x060152d2                __interrupt_handler139
                0x06015140                __interrupt_handler72
                0x060154fa                __interrupt_handler231
                0x06015350                __interrupt_handler160
                0x06015296                __interrupt_handler129
                0x06015008                __interrupt_handler20
                0x06015116                __interrupt_handler65
                0x060150e0                __interrupt_handler56
                0x06014fde                __interrupt_handler13
                0x06015476                __interrupt_handler209
                0x06015230                __interrupt_handler112
                0x06015002                __interrupt_handler19
                0x060151be                __interrupt_handler93
                0x06015428                __interrupt_handler196
                0x0601531a                __interrupt_handler151
                0x0601537a                __interrupt_handler167
                0x06015590                __trampoline
                0x06014ff6                __interrupt_handler17
                0x060154e8                __interrupt_handler228
                0x0601558a                __interrupt_handler255
                0x06015548                __interrupt_handler244
                0x060151e2                __interrupt_handler99
                0x060153da                __interrupt_handler183
                0x060152d8                __interrupt_handler140
                0x060153fe                __interrupt_handler189
                0x060152fc                __interrupt_handler146
                0x060154c4                __interrupt_handler222
                0x06015338                __interrupt_handler156
                0x0601526c                __interrupt_handler122
                0x06015560                __interrupt_handler248
                0x060150b0                __interrupt_handler48
                0x0601512e                __interrupt_handler69
                0x06015020                __interrupt_handler24
                0x060151a6                __interrupt_handler89
                0x0601549a                __interrupt_handler215
                0x06015584                __interrupt_handler254
                0x0601519a                __interrupt_handler87
                0x060150fe                __interrupt_handler61
                0x06015422                __interrupt_handler195
                0x06015314                __interrupt_handler150
                0x06015086                __interrupt_handler41
                0x06015224                __interrupt_handler110
                0x0601528a                __interrupt_handler127
                0x06015218                __interrupt_handler108
                0x06015236                __interrupt_handler113
                0x06015248                __interrupt_handler116
                0x06015266                __interrupt_handler121
                0x0601515e                __interrupt_handler77
                0x0601507a                __interrupt_handler39
                0x06015092                __interrupt_handler43
                0x06015566                __interrupt_handler249
                0x060153a4                __interrupt_handler174
                0x060152c0                __interrupt_handler136
                0x060153f8                __interrupt_handler188
                0x060152f6                __interrupt_handler145
                0x06014fc6                __interrupt_handler9
                0x0601516a                __interrupt_handler79
                0x060154e2                __interrupt_handler227
                0x0601505c                __interrupt_handler34
                0x0601529c                __interrupt_handler130
                0x0601555a                __interrupt_handler247
                0x06015152                __interrupt_handler75
                0x0601539e                __interrupt_handler173
                0x060150ce                __interrupt_handler53
                0x0601530e                __interrupt_handler149
                0x06015572                __interrupt_handler251
                0x06015506                __interrupt_handler233
                0x06014fcc                __interrupt_handler10
                0x06015458                __interrupt_handler204
                0x0601517c                __interrupt_handler82
                0x06015182                __interrupt_handler83
                0x06015026                __interrupt_handler25
                0x06015542                __interrupt_handler243
                0x0601535c                __interrupt_handler162
                0x060150a4                __interrupt_handler46
                0x060153bc                __interrupt_handler178
                0x06015170                __interrupt_handler80
                0x06015104                __interrupt_handler62
                0x06014f9c                __interrupt_handler2
                0x0601503e                __interrupt_handler29
                0x06015134                __interrupt_handler70
                0x0601521e                __interrupt_handler109
                0x06015308                __interrupt_handler148
                0x060151c4                __interrupt_handler94
                0x060154d0                __interrupt_handler224
                0x060151fa                __interrupt_handler103
                0x06015068                __interrupt_handler36
                0x06015284                __interrupt_handler126
                0x06015554                __interrupt_handler246
                0x060150da                __interrupt_handler55
                0x06014fd8                __interrupt_handler12
                0x060150c8                __interrupt_handler52
                0x060153f2                __interrupt_handler187
                0x060152f0                __interrupt_handler144
                0x0601524e                __interrupt_handler117
                0x06014ffc                __interrupt_handler18
                0x0601542e                __interrupt_handler197
                0x06015320                __interrupt_handler152
                0x06015254                __interrupt_handler118
                0x0601538c                __interrupt_handler170
                0x06015446                __interrupt_handler201
                0x060151d6                __interrupt_handler97
                0x06015362                __interrupt_handler163
                0x060153c8                __interrupt_handler180
                0x06015410                __interrupt_handler192
                0x06015530                __interrupt_handler240
                0x06015272                __interrupt_handler123
                0x06015494                __interrupt_handler214
                0x0601504a                __interrupt_handler31
                0x06015038                __interrupt_handler28
                0x06015122                __interrupt_handler67
                0x06015128                __interrupt_handler68
                0x06015014                __interrupt_handler22
                0x0601501a                __interrupt_handler23
                0x060153b0                __interrupt_handler176
                0x06014fba                __interrupt_handler7
                0x060154be                __interrupt_handler221
                0x060154a6                __interrupt_handler217
                0x060154ee                __interrupt_handler229
                0x060150b6                __interrupt_handler49
                0x06014fa8                __interrupt_handler4
                0x06015080                __interrupt_handler40
                0x06015242                __interrupt_handler115
                0x06015512                __interrupt_handler235
                0x060151b2                __interrupt_handler91
                0x06015464                __interrupt_handler206
                0x060153b6                __interrupt_handler177
                0x06015302                __interrupt_handler147
                0x0601506e                __interrupt_handler37
                0x0601556c                __interrupt_handler250
                0x06014f96                __interrupt_handler1
                0x060154b2                __interrupt_handler219
                0x06015158                __interrupt_handler76
                0x060151e8                __interrupt_handler100
                0x060150ec                __interrupt_handler58
                0x06014fea                __interrupt_handler15
                0x06015488                __interrupt_handler212
                0x06015536                __interrupt_handler241
                0x0601544c                __interrupt_handler202
                0x06015416                __interrupt_handler193
                0x06015164                __interrupt_handler78
                0x060150bc                __interrupt_handler50
                0x06015056                __interrupt_handler33
                0x06015374                __interrupt_handler166
                0x060152cc                __interrupt_handler138
                0x060152ba                __interrupt_handler135
                0x06015044                __interrupt_handler30
                0x060153e0                __interrupt_handler184
                0x060152de                __interrupt_handler141
                0x060154f4                __interrupt_handler230
                0x06015518                __interrupt_handler236
                0x0601525a                __interrupt_handler119
                0x06015194                __interrupt_handler86
                0x06015206                __interrupt_handler105
                0x06015176                __interrupt_handler81
                0x06015260                __interrupt_handler120
                0x06015290                __interrupt_handler128
                0x060150d4                __interrupt_handler54
                0x06014fd2                __interrupt_handler11
                0x0601543a                __interrupt_handler199
                0x0601532c                __interrupt_handler154
                0x0601509e                __interrupt_handler45
                0x060154a0                __interrupt_handler216
                0x06015452                __interrupt_handler203
                0x060151ee                __interrupt_handler101
                0x06015188                __interrupt_handler84
                0x060153e6                __interrupt_handler185
                0x060152e4                __interrupt_handler142
                0x0601502c                __interrupt_handler26
                0x06015110                __interrupt_handler64
                0x06015440                __interrupt_handler200
                0x0601546a                __interrupt_handler207
                0x0601541c                __interrupt_handler194
                0x060151b8                __interrupt_handler92
                0x06015332                __interrupt_handler155
                0x06015482                __interrupt_handler211
                0x060152ae                __interrupt_handler133
                0x06014fae                __interrupt_handler5
                0x06015146                __interrupt_handler73
                0x06014ff0                __interrupt_handler16
                0x0601552a                __interrupt_handler239
                0x0601550c                __interrupt_handler234
                0x06015062                __interrupt_handler35
                0x060150f2                __interrupt_handler59
                0x06015386                __interrupt_handler169
                0x060151dc                __interrupt_handler98
                0x0601513a                __interrupt_handler71
                0x060150c2                __interrupt_handler51
                0x0601534a                __interrupt_handler159
                0x060154dc                __interrupt_handler226
                0x060151d0                __interrupt_handler96
                0x06015404                __interrupt_handler190
                0x060154b8                __interrupt_handler220
                0x06014fc0                __interrupt_handler8
                0x060153c2                __interrupt_handler179
                0x06015578                __interrupt_handler252
 *fill*         0x060155b4        0xc 00
 .text          0x060155c0     0x12a0 ../sbl6/segalib/lib/sega_spr.a(spr_2c.o)
                0x06016820                SlaveFlushDrawPrtyBlock
                0x060155c0                SPR_2Initial
                0x06015e04                SPR_2SysClip
                0x06015da4                SPR_2LocalCoord
                0x0601669c                SPR_2FlushDrawPrtyBlock
                0x06016388                SPR_2DistSpr
                0x06015d8c                SPR_2FlushDrawPrty
                0x060164ac                SPR_2Cmd
                0x06015a88                SPR_2GourTblNoToVram
                0x06015ae8                SPR_2GetAreaSizeInfo
                0x06015850                SPR_2SetGourTbl
                0x0601603c                SPR_2Polygon
                0x06015ac4                SPR_2CharNoToVram
                0x060157d0                SPR_2SetTvMode
                0x06015c2c                SPR_2CloseCommand
                0x0601580c                SPR_2FrameEraseData
                0x060155e8                SPR_2Initial2
                0x0601621c                SPR_2ScaleSpr
                0x06015eac                SPR_2Line
                0x06015b78                SPR_2OpenCommand
                0x060157ec                SPR_2FrameChgIntr
                0x060160f8                SPR_2NormSpr
                0x06015880                SPR_2SetLookupTbl
                0x060158b4                SPR_2SetChar
                0x06015aac                SPR_2LookupTblNoToVram
                0x06015f80                SPR_2PolyLine
                0x06015a20                SPR_2ClrAllChar
                0x060159d4                SPR_2ClrChar
                0x06015e50                SPR_2UserClip
 .text          0x06016860      0x1e6 ../sbl6/segalib/lib/sega_spr.a(spr_slv.o)
                0x060169c4                SPR_WaitEndSlaveSH
                0x06016860                SPR_SMPC_SSHON
                0x060169a0                SPR_RunSlaveSH
                0x06016864                SPR_InitSlaveSH
                0x0601692c                SPR_SlaveSHmain
                0x06016861                SPR_SMPC_SSHOFF
 *fill*         0x06016a46        0xa 00
 .text          0x06016a50      0x36a ../sbl6/segalib/lib/sega_spr.a(spr_1c.o)
                0x06016d04                SPR_WaitDrawEnd
                0x06016d1c                SPR_SetEosMode
                0x06016c34                SPR_SetEraseData
                0x06016a50                SPR_Initial
                0x06016b28                SPR_SetTvMode
                0x06016bc0                SPR_GetStatus
 *fill*         0x06016dba        0x6 00
 .text          0x06016dc0      0x244 ../sbl6/segalib/lib/sega_spr.a(spr_2a.o)
                0x06016dd2                sprMemCpyW
                0x06016e30                flushDrawPrtyBlock
                0x06016dc0                sprMemCpyL
                0x06016de4                SPR_2SetDrawPrty
 *fill*         0x06017004        0xc 00
 .text          0x06017010      0x2fc ../sbl6/segalib/lib/sega_scl.a(scl_vblv.o)
                0x060170cc                SCL_DisplayFrame
                0x06017010                SCL_SetFrameInterval
                0x06017100                SCL_VblInit
                0x06017150                SCL_VblankStart
                0x06017194                SCL_VblankEnd
 *fill*         0x0601730c        0x4 00
 .text          0x06017310      0x1f4 ../sbl6/segalib/lib/sega_scl.a(scl_pr12.o)
                0x06017310                SCL_SetColOffset
 *fill*         0x06017504        0xc 00
 .text          0x06017510      0x214 ../sbl6/segalib/lib/sega_scl.a(scl_pr07.o)
                0x06017510                SCL_SetPriority
 *fill*         0x06017724        0xc 00
 .text          0x06017730       0x9c ../sbl6/segalib/lib/sega_scl.a(scl_pr02.o)
                0x06017730                SCL_SetColRam
 *fill*         0x060177cc        0x4 00
 .text          0x060177d0      0x180 ../sbl6/segalib/lib/sega_scl.a(scl_pr11.o)
                0x060177d0                SCL_SetAutoColOffset
 .text          0x06017950     0x10a4 ../sbl6/segalib/lib/sega_scl.a(scl_pri.o)
                0x060179e4                SCL_AbortAutoVe
                0x06018894                SCL_SetShadowBit
                0x06017e5c                SCL_AutoExec
                0x06017950                SCL_PriorityInit
                0x06018370                SCL_IncColOffset
                0x060179f8                SCL_SetColMixRate
                0x060179c8                SCL_GetColRamMode
 *fill*         0x060189f4        0xc 00
 .text          0x06018a00       0x98 ../sbl6/segalib/lib/sega_scl.a(scl_pr10.o)
                0x06018a00                SCL_SetAutoColMix
 *fill*         0x06018a98        0x8 00
 .text          0x06018aa0      0x278 ../sbl6/segalib/lib/sega_scl.a(scl_fu05.o)
                0x06018b5c                SCL_SetLineParam
                0x06018aa8                SCL_InitLineParamTb
 *fill*         0x06018d18        0x8 00
 .text          0x06018d20      0xb9c ../sbl6/segalib/lib/sega_scl.a(scl_func.o)
                0x060196fc                SCL_Vdp2_SGLInit
                0x0601960c                SCL_PriIntProc
                0x06019584                SCL_Memcpyw
                0x0601989c                SCL_SglOff
                0x0601987c                SCL_SglOn
                0x060194f0                SCL_ScrollShow
                0x06018f98                SCL_Close
                0x06019290                SCL_Scale
                0x06018d20                SCL_Vdp2Init
                0x06019104                SCL_Move
                0x060193cc                SCL_CopyReg
                0x06018f74                SCL_Open
                0x06018da4                SCL_ParametersInit
                0x06018fb4                SCL_MoveTo
                0x060195ac                SCL_SetColRamMode
 *fill*         0x060198bc        0x4 00
 .text          0x060198c0      0x1ec ../sbl6/segalib/lib/sega_scl.a(scl_fu01.o)
                0x060198c0                SCL_SetDisplayMode
 *fill*         0x06019aac        0x4 00
 .text          0x06019ab0       0x28 ../sbl6/segalib/lib/sega_scl.a(scl_fu04.o)
                0x06019ab0                SCL_SetCycleTable
 *fill*         0x06019ad8        0x8 00
 .text          0x06019ae0      0x138 ../sbl6/segalib/lib/sega_scl.a(scl_pr03.o)
                0x06019ae0                SCL_FreeColRam
                0x06019b18                SCL_AllocColRam
 *fill*         0x06019c18        0x8 00
 .text          0x06019c20       0x84 ../sbl6/segalib/lib/sega_scl.a(scl_back.o)
                0x06019c20                SCL_SetBack
 *fill*         0x06019ca4        0xc 00
 .text          0x06019cb0      0x94c ../sbl6/segalib/lib/sega_scl.a(scl_fu03.o)
                0x06019d0c                SCL_SetConfig
                0x06019cb0                SCL_InitConfigTb
 *fill*         0x0601a5fc        0x4 00
 .text          0x0601a600      0x4f4 ../sbl6/segalib/lib/sega_scl.a(scl_fu02.o)
                0x0601a638                SCL_SetVramConfig
                0x0601a600                SCL_InitVramConfigTb
 *fill*         0x0601aaf4        0xc 00
 .text          0x0601ab00       0x58 ../sbl6/segalib/lib/sega_scl.a(scl_pr01.o)
                0x0601ab00                SCL_SetSpriteMode
 *fill*         0x0601ab58        0x8 00
 .text          0x0601ab60       0xac ../sbl6/segalib/lib/sega_scl.a(scl_pr05.o)
                0x0601ab60                SCL_GetColRamOffset
 *fill*         0x0601ac0c        0x4 00
 .text          0x0601ac10     0x1394 ../sbl6/segalib/lib/sega_scl.a(scl_ro00.o)
                0x0601bdfc                SCL_RotateZD
                0x0601b0c4                SCL_Rotate
                0x0601ad98                SCL_InitRotateTable
 *fill*         0x0601bfa4        0xc 00
 .text          0x0601bfb0      0x1b4 ../sbl6/segalib/lib/sega_scl.a(scl_pr06.o)
                0x0601bfb0                SCL_SetColRamOffset
 *fill*         0x0601c164        0xc 00
 .text          0x0601c170       0x30 ../sbl6/segalib/lib/sega_mth.a(mth_rand.o)
                0x0601c180                MTH_GetRand
                0x0601c170                MTH_InitialRand
 .text          0x0601c1a0       0xa4 ../sbl6/segalib/lib/sega_mth.a(mth_fixd.o)
                0x0601c1f0                MTH_FixedToInt
                0x0601c1e0                MTH_IntToFixed
                0x0601c1a0                MTH_Mul
                0x0601c200                MTH_Product
                0x0601c1c0                MTH_Div
 *fill*         0x0601c244        0xc 00
 .text          0x0601c250      0x600 ../sbl6/segalib/lib/sega_mth.a(mth_tri.o)
                0x0601c2ec                fcos
                0x0601c2f2                fsin
                0x0601c29c                MTH_Cos
                0x0601c250                MTH_Sin
                0x0601c490                MTH_Atan
 .text          0x0601c850      0x130 ../sbl6/segalib/lib/sega_cdc.a(cdc_drv.o)
                0x0601c850                CDC_CdPlay
                0x0601c91c                CDC_CdSeek
                0x0601c950                CDC_CdScan
 .text          0x0601c980      0x3a0 ../sbl6/segalib/lib/sega_cdc.a(cdc_cmn.o)
                0x0601cb24                CDC_TgetToc
                0x0601ccc8                CDC_DataEnd
                0x0601c9e8                CDC_GetPeriStat
                0x0601cc5c                CDC_DataReady
                0x0601cc34                CDC_CdOpen
                0x0601cbb0                CDC_CdInit
                0x0601cb74                CDC_GetSes
                0x0601c9d0                CDC_GetLastStat
                0x0601c980                CDC_GetCurStat
                0x0601cabc                CDC_GetHwInfo
 .text          0x0601cd20      0x152 ../sbl6/segalib/lib/sega_cdc.a(cdc_sub.o)
                0x0601cdc8                CDSUB_GetCdstat
                0x0601cd38                CDSUB_UpdCdstat
                0x0601ce08                CDSUB_RspToCdstat
                0x0601ce50                CDSUB_SoftTimer
                0x0601cd20                CDSUB_UpdStatus
                0x0601cd58                CDSUB_CdCmd
 *fill*         0x0601ce72        0xe 00
 .text          0x0601ce80      0x2dc ../sbl6/segalib/lib/sega_cdc.a(cdc_reg.o)
                0x0601ced4                CDREG_ClrHirqReq
                0x0601cea4                CDC_ClrHirqReq
                0x0601cf54                CDREG_TgetData
                0x0601cf44                CDC_GetMpegPtr
                0x0601cf20                CDC_GetHirqMsk
                0x0601ce80                CDC_GetDataPtr
                0x0601ce90                CDC_GetHirqReq
                0x0601d0b0                CDREG_WaitHirq
                0x0601cf34                CDC_SetHirqMsk
                0x0601cfb0                CDREG_CmdRsp
                0x0601cee4                CDREG_InitHirqReq
                0x0601cf0c                CDREG_SetHirqFlag
                0x0601d120                CDREG_ReadRsp
 *fill*         0x0601d15c        0x4 00
 .text          0x0601d160      0xf50 ../sbl6/segalib/lib/sega_per.a(per_prt.o)
                0x0601d580                PER_IntFunc
                0x0601d378                PER_LGetPer
                0x0601d160                PER_LInit
 .text          0x0601e0b0     0x1b04 ../sbl6/segalib/lib/sega_sat.a(gfs.o)
                0x0601e0b0                gfs_version
                0x0601f324                gfs_mngGetNumFile
                0x0601faa4                gfs_closeSub
                0x0601ee40                GFS_SetGmode
                0x0601f0fc                GFS_SetErrFunc
                0x0601f24c                gfs_mngSetupFuncTbl
                0x0601e408                GFS_Reset
                0x0601f174                gfs_chgRoot
                0x0601f240                gfs_aborttrans
                0x0601f524                gfs_svrAddHndl
                0x0601f3d4                gfs_mngFreeGrp
                0x0601f14c                GFS_ConvTno
                0x0601f6d8                gfs_getRootDir
                0x0601f128                GFS_GetErrStat
                0x0601e578                GFS_Seek
                0x0601ebe4                GFS_NwStop
                0x0601f3e0                gfs_mngTermAccess
                0x0601e48c                GFS_Open
                0x0601f38c                GFS_mngAllocGrp
                0x0601faec                gfs_isTaskDone
                0x0601e8e4                GFS_Fread
                0x0601f044                GFS_StartTrans
                0x0601fa40                gfs_GetFinfo
                0x0601f280                gfs_mngInitWork
                0x0601e6d0                GFS_ByteToSct
                0x0601f4e4                gfs_svrSearchHndl
                0x0601f7d4                gfs_loadRootDir
                0x0601e32c                GFS_IdToName
                0x0601ea28                GFS_NwFread
                0x0601ef74                GFS_SetTransPara
                0x0601eb34                GFS_NwCdRead
                0x0601f614                gfs_loadVol
                0x0601ef10                GFS_SetReadPara
                0x0601e62c                GFS_Tell
                0x0601eea4                GFS_SetTmode
                0x0601f9a8                GFS_GetFad
                0x0601efe0                GFS_SetTrFunc
                0x0601f090                GFS_CdMovePickup
                0x0601e2c8                GFS_NameToId
                0x0601ecfc                GFS_NwExecOne
                0x0601f85c                gfs_flowIn
                0x0601e784                GFS_GetFileInfo
                0x0601f904                gfs_transData
                0x0601f560                gfs_svrRemoveHndl
                0x0601ebac                GFS_NwIsComplete
                0x0601fae0                gfs_getGmode
                0x0601ec50                GFS_NwGetStat
                0x0601f5bc                GFS_OpenSub
                0x0601e260                GFS_SetDir
                0x0601e72c                GFS_GetFileSize
                0x0601e7f8                GFS_GetNumCdbuf
                0x0601fb40                gfs_convFinStat
                0x0601e820                GFS_Load
                0x0601e980                gfs_waitRead
                0x0601e1b8                GFS_LoadDir
                0x0601e398                GFS_GetDirInfo
                0x0601e540                GFS_Close
                0x0601e0d0                GFS_Init
                0x0601eccc                gfs_recovRdErr
                0x0601f464                gfs_mngSetErrCode
                0x0601edbc                GFS_NwExecServer
                0x0601e67c                GFS_IsEof
                0x0601fa00                gfs_SetSct
 *fill*         0x0601fbb4        0xc 00
 .text          0x0601fbc0       0x90 ../sbl6/segalib/lib/sega_sat.a(DMA_CPU1.o)
                0x0601fbc0                DMA_CpuMemCopy1
 .text          0x0601fc50       0x94 ../sbl6/segalib/lib/sega_sat.a(DMA_CPU2.o)
                0x0601fc50                DMA_CpuMemCopy2
 *fill*         0x0601fce4        0xc 00
 .text          0x0601fcf0      0x1f4 ../sbl6/segalib/lib/sega_sat.a(DMA_SCU1.o)
                0x0601fe4c                DMA_ScuResult
                0x0601fcf0                DMA_ScuInit
                0x0601fd40                DMA_ScuMemCopy
 *fill*         0x0601fee4        0xc 00
 .text          0x0601fef0      0x8d4 ../sbl6/segalib/lib/sega_sat.a(gfs_cdf.o)
                0x060203e4                GFCF_Seek
                0x060204ec                GFCF_GetStat
                0x060203cc                GFCF_Tell
                0x0601ff90                GFCF_Setup
                0x06020498                GFCF_cnvIntlvOfs
                0x0601fef0                GFCF_Init
                0x06020384                GFCF_Recover
                0x060200d8                GFCF_SetSct
                0x060203fc                GFCF_MovePickup
                0x060205c0                gfcf_isCdOk
                0x06020190                GFCF_FlowInBuf
                0x0602011c                GFCF_GetFileInfo
                0x060202e4                GFCF_StopInBuf
                0x06020584                gfcf_getSctSize
                0x06020680                gfcf_getPlayRange
 *fill*         0x060207c4        0xc 00
 .text          0x060207d0      0x928 ../sbl6/segalib/lib/sega_sat.a(gfs_dir.o)
                0x06020cc0                gfdr_setNextRec
                0x060210bc                gfdr_setDirrecCd
                0x06020ab8                gfdr_open
                0x060208cc                GFDR_GetAtrDirId
                0x06020ba0                gfdr_readByte
                0x060207d0                GFDR_SetupDirTbl
                0x06020c98                gfdr_readLongNM
                0x06020d44                gfdr_readDirEnt
                0x060208fc                GFDR_ChgRoot
                0x06020844                GFDR_NameToId
                0x06020988                gfdr_setupDirIdTbl
                0x060208e4                GFDR_GetAtrDirName
                0x060208a4                GFDR_GetInfoDirId
                0x06020c4c                gfdr_readLongNB
                0x06020ae0                gfdr_read
                0x06020bcc                gfdr_readWord
                0x06020a0c                gfdr_setupDirNameTbl
                0x060208b8                GFDR_GetInfoDirName
                0x06020914                GFDR_ChgDir
                0x06020bf8                gfdr_readWordNB
 *fill*         0x060210f8        0x8 00
 .text          0x06021100      0xa46 ../sbl6/segalib/lib/sega_sat.a(gfs_trn.o)
                0x060211e0                GFTR_SetTransMax
                0x060215b0                gftr_execScu
                0x06021b34                GFTR_SetTransFunc
                0x060219fc                gftr_remTrn
                0x06021b20                GFTR_SetData
                0x06021820                gftr_execSdma1
                0x06021a70                gftr_copyFrac
                0x060211d4                GFTR_GetNumTrans
                0x06021174                GFTR_SetMode
                0x060217f0                gftr_remDma0
                0x06021a98                GFTR_GetLenData
                0x060215a4                gftr_reqScu
                0x06021808                gftr_reqDma1
                0x060214c0                gftr_getSrcPack
                0x06021af0                GFTR_RtnDstPk
                0x0602168c                gfdma_exec
                0x06021924                gftr_execTrn
                0x060213b8                GFTR_ExecSvr
                0x060218b4                gftr_reqTrn
                0x0602177c                gfdma_getBytecnt
                0x0602185c                gftr_reqCpu
                0x06021abc                GFTR_GetDstPack
                0x060217b4                gftr_reqDma0
                0x06021340                GFTR_Idle
                0x060211f8                GFTR_Pause
                0x060211c8                GFTR_GetTransPara
                0x060218a8                gftr_remCpu
                0x06021194                GFTR_SetTransPara
                0x06021844                gftr_remDma1
                0x06021204                GFTR_Stop
                0x060217cc                gftr_execSdma0
                0x06021130                GFTR_Setup
                0x0602164c                gftr_remScu
                0x06021548                gftr_getDstPack
                0x06021680                gfdma_canUse
                0x060212bc                GFTR_Exec
                0x06021b0c                GFTR_GetData
                0x060211ec                GFTR_Start
                0x06021188                GFTR_SetUnit
                0x06021868                gftr_execCpu
                0x06021aa4                GFTR_GetLenRoom
 *fill*         0x06021b46        0xa 00
 .text          0x06021b50      0x106 ../sbl6/segalib/lib/sega_sat.a(gfs_buf.o)
                0x06021ba8                GFBF_GetNumData
                0x06021c24                GFBF_RtnPk
                0x06021bd8                GFBF_GetSrcPk
                0x06021c4c                gfbf_getSctDt
                0x06021b80                GFBF_GetTranData
                0x06021c00                GFBF_GetSctData
 *fill*         0x06021c56        0xa 00
 .text          0x06021c60      0x600 ../sbl6/segalib/lib/sega_sat.a(gfs_cdb.o)
                0x06022208                GFCB_GetPickup
                0x06021d80                GFCB_Close
                0x0602204c                GFCB_GetSrcPack
                0x060221d4                GFCB_SetCon
                0x06021e54                GFCB_GetLenRoom
                0x060221b8                GFCB_MovePickup
                0x0602212c                GFCB_GetSctData
                0x06021e60                GFCB_SetFilt
                0x06021da8                GFCB_GetLenData
                0x06022248                GFCB_UngetPickup
                0x06021c60                GFCB_Setup
                0x06021ef0                GFCB_Tell
                0x06022230                GFCB_IsPuOwner
                0x06021f50                GFCB_Seek
                0x06021ec8                GFCB_DeleteAllData
                0x06022164                GFCB_GetDstPack
                0x06021f00                gfcb_getSctNum
                0x06022170                GFCB_RtnPk
 .text          0x06022260     0x1a04 ../sbl6/segalib/lib/sega_sat.a(gfs_cdc.o)
                0x060224fc                GFCD_AllocBuf
                0x060232d8                gfcd_doGetLenDataTsk
                0x06023b74                GFCD_SetCsctFunc
                0x060225d4                GFCD_GetBaseFad
                0x06022750                GFCD_GetFilt
                0x06023764                gfcd_doChgDirTsk
                0x06023aa4                gfcd_checkEflag
                0x06022a98                GFCD_MovePickup
                0x06022b7c                GFCD_GetSctInfo
                0x0602342c                gfcd_doReqDataTsk
                0x06022bc4                GFCD_ChgDir
                0x060228b8                GFCD_ReqData
                0x06023b90                GFCD_ChkScdqFlag
                0x06023048                GFCD_WaitServer
                0x0602295c                GFCD_DelSctData
                0x06022e34                GFCD_ExecServer
                0x06023248                gfcd_doSetConTsk
                0x06022490                GFCD_AllocFilt
                0x0602268c                GFCD_SetFilt
                0x06023084                gfcd_doSetFiltTsk
                0x06023bb4                GFCD_ClrScdqFlag
                0x060234cc                gfcd_doDelSctDataTsk
                0x06022f90                gfcd_doTask
                0x06022608                GFCD_GetPickup
                0x06022b58                GFCD_CheckMove
                0x06023bd0                GFCD_WaitScdqFlag
                0x060227f0                GFCD_Play
                0x06023600                gfcd_doMoveSctTsk
                0x06022798                GFCD_SetCon
                0x06022c38                GFCD_SetFiltCon
                0x06023c14                GFCD_WaitPause
                0x06022dfc                GFCD_GetBufSiz
                0x0602263c                GFCD_UngetPickup
                0x06022d20                GFCD_GetFileInfo
                0x06022914                GFCD_EndData
                0x06022530                GFCD_FreeBuf
                0x06022850                GFCD_GetLenData
                0x060224cc                GFCD_FreeFilt
                0x06022f08                gfcd_isIdleTask
                0x0602228c                GFCD_Init
                0x06023960                gfcd_doSetFiltConTsk
                0x060229e4                GFCD_GetStat
                0x06022ae4                GFCD_MoveSctData
                0x06022668                GFCD_IsPuOwner
                0x06023ac8                gfcd_initCdbMng
                0x06022260                GFCD_SetCdbfs
                0x06023034                GFCD_SetTimer
                0x06023b48                gfcd_setStat
                0x060229b4                GFCD_CheckDelSctData
 *fill*         0x06023c64        0xc 00
 .text          0x06023c70      0x1b6 ../sbl6/segalib/lib/sega_sat.a(DMA_CPU0.o)
                0x06023cb8                DMA_CpuSetPrm
                0x06023dbc                DMA_CpuStart
                0x06023e14                DMA_CpuGetStatus
                0x06023de8                DMA_CpuAllStop
                0x06023dfc                DMA_CpuGetComStatus
                0x06023c70                DMA_CpuSetComPrm
                0x06023dd0                DMA_CpuStop
 *fill*         0x06023e26        0xa 00
 .text          0x06023e30       0x50 ../sbl6/segalib/lib/sega_sat.a(DMA_CPU5.o)
                0x06023e30                DMA_CpuResult
 .text          0x06023e80      0x308 ../sbl6/segalib/lib/sega_sat.a(DMA_SCU0.o)
                0x06023f04                DMA_ScuStart
                0x06024038                DMA_ScuIntFunc0
                0x060240a8                DMA_ScuIntFunc1
                0x06024118                DMA_ScuIntFunc2
                0x06023ff8                DMA_ScuGetStatus
                0x06023e80                DMA_ScuSetPrm
 *fill*         0x06024188        0x8 00
 .text          0x06024190       0xe8 ../sbl6/segalib/lib/sega_sat.a(csh_main.o)
                0x06024190                CSH_Init
                0x060241f8                CSH_AllClr
                0x06024244                CSH_Purge
 *fill*         0x06024278        0x8 00
 .text          0x06024280      0x194 ../sbl6/segalib/lib/sega_sat.a(cdc_cfs.o)
                0x06024280                CDC_ChgDir
                0x060242b4                CDC_ReadDir
                0x060243d8                CDC_AbortFile
                0x060242e8                CDC_GetFileScope
                0x06024348                CDC_TgetFileInfo
                0x060243a4                CDC_ReadFile
 *fill*         0x06024414        0xc 00
 .text          0x06024420      0x1e4 ../sbl6/segalib/lib/sega_sat.a(cdc_bio.o)
                0x060244cc                CDC_GetdelSctData
                0x06024454                CDC_GetSctData
                0x06024508                CDC_PutSctData
                0x06024584                CDC_MoveSctData
                0x060245c8                CDC_GetCopyErr
                0x06024490                CDC_DelSctData
                0x06024420                CDC_SetSctLen
                0x06024540                CDC_CopySctData
 *fill*         0x06024604        0xc 00
 .text          0x06024610      0x2b8 ../sbl6/segalib/lib/sega_sat.a(cdc_sel.o)
                0x06024840                CDC_GetFiltCon
                0x060247bc                CDC_GetFiltMode
                0x06024894                CDC_ResetSelector
                0x06024610                CDC_SetFiltRange
                0x0602469c                CDC_SetFiltSubh
                0x0602470c                CDC_GetFiltSubh
                0x06024644                CDC_GetFiltRange
                0x06024788                CDC_SetFiltMode
                0x06024800                CDC_SetFiltCon
 *fill*         0x060248c8        0x8 00
 .text          0x060248d0      0x270 ../sbl6/segalib/lib/sega_sat.a(cdc_bif.o)
                0x0602492c                CDC_GetSctNum
                0x06024aac                CDC_ExeFadSearch
                0x06024a2c                CDC_GetSctInfo
                0x06024970                CDC_CalActSiz
                0x060248d0                CDC_GetBufSiz
                0x060249ac                CDC_GetActSiz
                0x06024ae4                CDC_GetFadSearch
 .text          0x06024b40       0xa8 ../sbl6/segalib/lib/sega_sat.a(cdc_dev.o)
                0x06024bac                CDC_CdGetLastBuf
                0x06024b40                CDC_CdSetCon
                0x06024b70                CDC_CdGetCon
 *fill*         0x06024be8        0x8 00
 .text          0x06024bf0       0x60 C:/saturn/SH_COFF/sh-coff/bin/../lib/gcc/sh-coff/3.4-GNUSH_v0501\libgcc.a(_ashiftrt.o)
                0x06024bfc                __ashiftrt_r4_27
                0x06024c30                __ashiftrt_r4_6
                0x06024c20                __ashiftrt_r4_14
                0x06024c12                __ashiftrt_r4_19
                0x06024c2a                __ashiftrt_r4_9
                0x06024c3e                __ashiftrt_r4_0
                0x06024bf0                __ashiftrt_r4_31
                0x06024bfe                __ashiftrt_r4_26
                0x06024c0c                __ashiftrt_r4_22
                0x06024c18                __ashiftrt_r4_16
                0x06024c24                __ashiftrt_r4_12
                0x06024bf8                __ashiftrt_r4_29
                0x06024c16                __ashiftrt_r4_17
                0x06024bf6                __ashiftrt_r4_30
                0x06024c32                __ashiftrt_r4_5
                0x06024c2c                __ashiftrt_r4_8
                0x06024bf0                __ashiftrt_r4_32
                0x06024c00                __ashiftrt_r4_25
                0x06024c38                __ashiftrt_r4_2
                0x06024c02                __ashiftrt_r4_24
                0x06024c1e                __ashiftrt_r4_15
                0x06024c28                __ashiftrt_r4_10
                0x06024c3a                __ashiftrt_r4_1
                0x06024bfa                __ashiftrt_r4_28
                0x06024c10                __ashiftrt_r4_20
                0x06024c2e                __ashiftrt_r4_7
                0x06024c22                __ashiftrt_r4_13
                0x06024c26                __ashiftrt_r4_11
                0x06024c34                __ashiftrt_r4_4
                0x06024c0a                __ashiftrt_r4_23
                0x06024c14                __ashiftrt_r4_18
                0x06024c0e                __ashiftrt_r4_21
                0x06024c36                __ashiftrt_r4_3
 .text          0x06024c50       0xb0 C:/saturn/SH_COFF/sh-coff/bin/../lib/gcc/sh-coff/3.4-GNUSH_v0501\libgcc.a(_si_to_df.o)
                0x06024c50                __floatsidf
 .text          0x06024d00      0x2e0 C:/saturn/SH_COFF/sh-coff/bin/../lib/gcc/sh-coff/3.4-GNUSH_v0501\libgcc.a(_mul_df.o)
                0x06024d10                __muldf3
 .text          0x06024fe0       0x80 C:/saturn/SH_COFF/sh-coff/bin/../lib/gcc/sh-coff/3.4-GNUSH_v0501\libgcc.a(_df_to_si.o)
                0x06024fe0                __fixdfsi
 .text          0x06025060       0x70 C:/saturn/SH_COFF/sh-coff/bin/../lib/gcc/sh-coff/3.4-GNUSH_v0501\libgcc.a(_udivsi3.o)
                0x06025082                __udivsi3
 .text          0x060250d0       0xa0 C:/saturn/SH_COFF/sh-coff/bin/../lib/gcc/sh-coff/3.4-GNUSH_v0501\libgcc.a(_sdivsi3.o)
                0x060250d0                __sdivsi3
 .text          0x06025170       0x90 C:/saturn/SH_COFF/sh-coff/bin/../lib/gcc/sh-coff/3.4-GNUSH_v0501\libgcc.a(_ashiftrt_n.o)
                0x06025170                __ashrsi3
 .text          0x06025200       0x90 C:/saturn/SH_COFF/sh-coff/bin/../lib/gcc/sh-coff/3.4-GNUSH_v0501\libgcc.a(_ashiftlt.o)
                0x06025200                __ashlsi3
 .text          0x06025290       0xb0 C:/saturn/SH_COFF/sh-coff/bin/../lib/gcc/sh-coff/3.4-GNUSH_v0501\libgcc.a(_movstr.o)
                0x060252d0                __movstrSI16
                0x060252a4                __movstrSI60
                0x060252b0                __movstrSI48
                0x060252ac                __movstrSI52
                0x060252a0                __movstrSI64
                0x060252b4                __movstrSI44
                0x060252b8                __movstrSI40
                0x060252bc                __movstrSI36
                0x060252f0                __movstr
                0x060252a8                __movstrSI56
                0x060252c4                __movstrSI28
                0x060252c0                __movstrSI32
                0x060252d4                __movstrSI12
                0x060252d8                __movstrSI8
                0x060252e0                __movstrSI0
                0x060252c8                __movstrSI24
                0x060252cc                __movstrSI20
                0x060252dc                __movstrSI4
 .text          0x06025340       0xa0 C:/saturn/SH_COFF/sh-coff/bin/../lib/gcc/sh-coff/3.4-GNUSH_v0501\libgcc.a(__main.o)
                0x060253b4                __main
                0x06025340                __do_global_dtors
                0x06025374                __do_global_ctors
 .text          0x060253e0      0x220 C:/saturn/SH_COFF/sh-coff/bin/../lib/gcc/sh-coff/3.4-GNUSH_v0501\libgcc.a(_pack_df.o)
                0x060253f0                __pack_d
 .text          0x06025600      0x120 C:/saturn/SH_COFF/sh-coff/bin/../lib/gcc/sh-coff/3.4-GNUSH_v0501\libgcc.a(_unpack_df.o)
                0x06025610                __unpack_d
 .text          0x06025720       0x20 C:/saturn/SH_COFF/sh-coff/bin/../lib/gcc/sh-coff/3.4-GNUSH_v0501\libgcc.a(_thenan_df.o)
                0x06025720                __thenan_df
 .text          0x06025740       0xd0 C:/saturn/SH_COFF/sh-coff/bin/../lib/gcc/sh-coff/3.4-GNUSH_v0501\libgcc.a(_muldi3.o)
                0x06025740                __muldi3
 .text          0x06025810       0x80 C:/saturn/SH_COFF/sh-coff/bin/../lib/gcc/sh-coff/3.4-GNUSH_v0501\libgcc.a(_lshrdi3.o)
                0x06025810                __lshrdi3
 .text          0x06025890       0x80 C:/saturn/SH_COFF/sh-coff/bin/../lib/gcc/sh-coff/3.4-GNUSH_v0501\libgcc.a(_ashldi3.o)
                0x06025890                __ashldi3
 .text          0x06025910       0x30 C:/saturn/SH_COFF/sh-coff/bin/../lib/gcc/sh-coff/3.4-GNUSH_v0501\libgcc.a(_mulsi3.o)
                0x06025910                __mulsi3
 .text          0x06025940       0x90 C:/saturn/SH_COFF/sh-coff/bin/../lib/gcc/sh-coff/3.4-GNUSH_v0501\libgcc.a(_lshiftrt.o)
                0x06025940                __lshrsi3
 .text          0x060259d0       0x40 C:/saturn/SH_COFF/sh-coff/bin/../lib/gcc/sh-coff/3.4-GNUSH_v0501/../../../../sh-coff/lib\libc.a(memset.o)
                0x060259d0                memset
 .text          0x06025a10       0x60 C:/saturn/SH_COFF/sh-coff/bin/../lib/gcc/sh-coff/3.4-GNUSH_v0501/../../../../sh-coff/lib\libc.a(memcmp.o)
                0x06025a10                memcmp
 .text          0x06025a70       0xa0 C:/saturn/SH_COFF/sh-coff/bin/../lib/gcc/sh-coff/3.4-GNUSH_v0501/../../../../sh-coff/lib\libc.a(memcpy.o)
                0x06025a70                memcpy
 .text          0x06025b10       0xb0 C:/saturn/SH_COFF/sh-coff/bin/../lib/gcc/sh-coff/3.4-GNUSH_v0501/../../../../sh-coff/lib\libc.a(strncmp.o)
                0x06025b10                strncmp
 .text          0x06025bc0       0xa0 C:/saturn/SH_COFF/sh-coff/bin/../lib/gcc/sh-coff/3.4-GNUSH_v0501/../../../../sh-coff/lib\libc.a(strncpy.o)
                0x06025bc0                strncpy
 .text          0x06025c60       0x90 C:/saturn/SH_COFF/sh-coff/bin/../lib/gcc/sh-coff/3.4-GNUSH_v0501/../../../../sh-coff/lib\libc.a(atexit.o)
                0x06025c60                atexit
 .text          0x06025cf0       0x10 C:/saturn/SH_COFF/sh-coff/bin/../lib/gcc/sh-coff/3.4-GNUSH_v0501/../../../../sh-coff/lib\libc.a(impure.o)
                0x06025cf0                _global_impure_ptr
 .text          0x06025d00       0x40 C:/saturn/SH_COFF/sh-coff/bin/../lib/gcc/sh-coff/3.4-GNUSH_v0501/../../../../sh-coff/lib\libc.a(malloc.o)
                0x06025d1c                free
                0x06025d00                malloc
 .text          0x06025d40      0x5b0 C:/saturn/SH_COFF/sh-coff/bin/../lib/gcc/sh-coff/3.4-GNUSH_v0501/../../../../sh-coff/lib\libc.a(mallocr.o)
                0x06025d40                _malloc_r
 .text          0x060262f0      0x340 C:/saturn/SH_COFF/sh-coff/bin/../lib/gcc/sh-coff/3.4-GNUSH_v0501/../../../../sh-coff/lib\libc.a(freer.o)
                0x060262f0                _malloc_trim_r
                0x060263e4                _free_r
 .text          0x06026630       0x20 C:/saturn/SH_COFF/sh-coff/bin/../lib/gcc/sh-coff/3.4-GNUSH_v0501/../../../../sh-coff/lib\libc.a(mlock.o)
                0x06026630                __malloc_lock
                0x0602663c                __malloc_unlock
 .text          0x06026650       0x50 C:/saturn/SH_COFF/sh-coff/bin/../lib/gcc/sh-coff/3.4-GNUSH_v0501/../../../../sh-coff/lib\libc.a(sbrkr.o)
                0x06026650                _sbrk_r
 .text          0x060266a0      0x380 C:/saturn/SH_COFF/sh-coff/bin/../lib/gcc/sh-coff/3.4-GNUSH_v0501/../../../../sh-coff/lib\libc.a(syscalls.o)
                0x0602680c                _exit
                0x06026840                _getpid
                0x060268a8                _utime
                0x060266d8                _write
                0x060266a0                _read
                0x060267f4                _unlink
                0x060267bc                _open
                0x06026858                _stat
                0x06026800                isatty
                0x060268d8                _wait
                0x06026824                _kill
                0x06026874                _chmod
                0x06026908                _execv
                0x060268ec                _execve
                0x060269e4                __setup_argv_and_call_main
                0x06026940                _gettimeofday
                0x0602670c                _link
                0x0602684c                _raise
                0x060267d8                _creat
                0x06026920                _pipe
                0x0602688c                _chown
                0x060266bc                _lseek
                0x060266f4                _close
                0x06026934                _times
                0x060267a8                _fstat
                0x060268c4                _fork
                0x06026734                _sbrk
 .text          0x06026a20       0x20 C:/saturn/SH_COFF/sh-coff/bin/../lib/gcc/sh-coff/3.4-GNUSH_v0501/../../../../sh-coff/lib\libc.a(trap.o)
                0x06026a20                __trap34
 .text          0x06026a40       0x20 C:/saturn/SH_COFF/sh-coff/bin/../lib/gcc/sh-coff/3.4-GNUSH_v0501/../../../../sh-coff/lib\libc.a(abort.o)
                0x06026a40                abort
 .text          0x06026a60      0x270 C:/saturn/SH_COFF/sh-coff/bin/../lib/gcc/sh-coff/3.4-GNUSH_v0501/../../../../sh-coff/lib\libc.a(signal.o)
                0x06026b20                _raise_r
                0x06026ca8                __sigtramp
                0x06026c54                raise
                0x06026c90                _init_signal
                0x06026be0                __sigtramp_r
                0x06026c70                signal
                0x06026aac                _signal_r
                0x06026a60                _init_signal_r
 .text          0x06026cd0       0x60 C:/saturn/SH_COFF/sh-coff/bin/../lib/gcc/sh-coff/3.4-GNUSH_v0501/../../../../sh-coff/lib\libc.a(signalr.o)
                0x06026d18                _getpid_r
                0x06026cd0                _kill_r
 *(.strings)

.tors           0x06026d30        0x0
                0x06026d30                ___ctors = .
 *(.ctors)
                0x06026d30                ___ctors_end = .
                0x06026d30                ___dtors = .
 *(.dtors)
                0x06026d30                ___dtors_end = .

.data           0x06026d30     0x4410
                0x06026d30                STARTOF_R = .
 *(.data)
 .data          0x06026d30      0x400 smpclib/per_x1.o
 .data          0x06027130       0x70 game.o
 .data          0x060271a0     0x3050 graphics.o
                0x060280d0                cyberblock_name
                0x060295b6                girl2_num
                0x06028120                metalorange_name
                0x06027246                ship_size
                0x0602812e                metalorange_num
                0x06027410                chipgame_pal
                0x060291aa                girl3_num
                0x0602737c                game_name
                0x06027c30                menufont_pal
                0x06027c7e                menufont_num
                0x060299c2                girl1_num
                0x060280e0                metalorange_pal
                0x060299c4                roarframes_pal
                0x06027400                gamestar_name
                0x060273ac                starnear_name
                0x06027354                gamefar_height
                0x06027248                ship_num
                0x06029dd4                roarbg_pal
                0x0602a1d4                roarbg_name
                0x060271a0                explosion_pal
                0x060273c0                gamestar_pal
                0x06027378                gamenear_width
                0x060271e0                explosion_name
                0x0602729e                starspr_num
                0x060299b8                girl1_name
                0x06027820                game_tiles_pal
                0x06028130                title_pal
                0x060272ea                font_height
                0x06029dc4                roarframes_name
                0x060291a0                girl3_name
                0x06027356                gamefar_width
                0x060295b8                girl1_pal
                0x06027c70                menufont_name
                0x0602808e                chipframes_num
                0x060272f4                ball_pal
                0x06028da0                girl3_pal
                0x0602781e                chipgame_num
                0x0602729c                starspr_size
                0x06027368                gamenear_name
                0x060271f0                explosion_width
                0x06028992                girl5_num
                0x06027344                ball_num
                0x0602853a                title_num
                0x060272e0                font_name
                0x0602724c                starspr_pal
                0x0602a1e0                roarbg_num
                0x06027340                ball_width
                0x060280de                cyberblock_num
                0x06028588                girl5_pal
                0x06027242                ship_height
                0x06027c2e                game_tiles_num
                0x0602733e                ball_height
                0x06027376                gamenear_height
                0x060272ec                font_width
                0x06028586                stars_num
                0x06027342                ball_size
                0x06027244                ship_width
                0x06028530                title_name
                0x06028080                chipframes_name
                0x0602738c                starfar_name
                0x0602857c                stars_name
                0x0602740e                gamestar_num
                0x06027364                gamemid_height
                0x060271f8                ship_pal
                0x06027334                ball_name
                0x060272f0                font_num
                0x060272a0                font_pal
                0x060273aa                starmid_width
                0x060273bc                starnear_width
                0x06027358                gamemid_name
                0x0602729a                starspr_width
                0x06027c80                chipframes_pal
                0x06027386                game_height
                0x06027398                starfar_height
                0x060271f4                explosion_num
                0x06028d9e                girl4_num
                0x06027366                gamemid_width
                0x060272ee                font_size
                0x0602728c                starspr_name
                0x06029dd2                roarframes_num
                0x06028090                cyberblock_pal
                0x060273ba                starnear_height
                0x0602739c                starmid_name
                0x06027238                ship_name
                0x06028988                girl5_name
                0x06028994                girl4_pal
                0x060273a8                starmid_height
                0x0602853c                stars_pal
                0x06027348                gamefar_name
                0x06027c20                game_tiles_name
                0x06027298                starspr_height
                0x06028d94                girl4_name
                0x06027388                game_width
                0x060291ac                girl2_pal
                0x0602739a                starfar_width
                0x060271f2                explosion_size
                0x060271ee                explosion_height
                0x06027810                chipgame_name
                0x060295ac                girl2_name
 .data          0x0602a1f0      0x1a0 intro.o
 .data          0x0602a390       0x40 logo.o
 .data          0x0602a3d0       0x80 menu.o
                0x0602a3d0                cutscene
 .data          0x0602a450       0x10 pcmsys.o
                0x0602a454                scsp_load
                0x0602a458                m68k_com
                0x0602a450                master_volume
 .data          0x0602a460       0x30 scroll.o
                0x0602a470                CycleTbLoRes
                0x0602a480                vram
                0x0602a460                CycleTbHiRes
 .data          0x0602a490       0x30 sprite.o
 .data          0x0602a4c0      0x400 ../sbl6/segalib/lib/sega_int.a(int.o)
 .data          0x0602a8c0       0x1c ../sbl6/segalib/lib/sega_spr.a(spr_slv.o)
                0x0602a8c8                SPR_SlaveParam
                0x0602a8d8                SPR_SMPC_SF
                0x0602a8d0                SPR_SMPC_COM
                0x0602a8cc                SPR_SlaveSHEntry
                0x0602a8c4                SPR_SlaveState
                0x0602a8c0                SPR_SlaveCommand
                0x0602a8d4                SPR_SMPC_RET
 *fill*         0x0602a8dc        0x4 00
 .data          0x0602a8e0       0x34 ../sbl6/segalib/lib/sega_spr.a(spr_1c.o)
                0x0602a8e0                SpInitialFlag
 *fill*         0x0602a914        0xc 00
 .data          0x0602a920       0x1c ../sbl6/segalib/lib/sega_scl.a(scl_vblv.o)
                0x0602a928                VBInterval
                0x0602a930                ReqDisplayFlag
                0x0602a920                SpFrameChgMode
                0x0602a92c                VBIntervalCounter
                0x0602a924                SpFrameEraseMode
 *fill*         0x0602a93c        0x4 00
 .data          0x0602a940       0x18 ../sbl6/segalib/lib/sega_scl.a(scl_pri.o)
                0x0602a944                SclRealSpPriNum
                0x0602a954                SclRealColOffset
                0x0602a950                SclRealBgColMix
                0x0602a94c                SclRealSpColMix
                0x0602a948                SclRealBgPriNum
                0x0602a940                SclRealOtherPri
 *fill*         0x0602a958        0x8 00
 .data          0x0602a960       0x36 ../sbl6/segalib/lib/sega_scl.a(scl_func.o)
                0x0602a970                SclRotregBuff
                0x0602a96c                SclDisplayY
                0x0602a974                SclRotateTableMode
                0x0602a968                SclProcess
                0x0602a964                SclCurSclNum
                0x0602a960                SclLengthLsTbl
                0x0602a96a                SclDisplayX
                0x0602a962                SclLengthCsTbl
 *fill*         0x0602a996        0xa 00
 .data          0x0602a9a0        0x4 ../sbl6/segalib/lib/sega_mth.a(mth_rand.o)
 *fill*         0x0602a9a4        0xc 00
 .data          0x0602a9b0      0x380 C:/saturn/SH_COFF/sh-coff/bin/../lib/gcc/sh-coff/3.4-GNUSH_v0501/../../../../sh-coff/lib\libc.a(impure.o)
                0x0602ad2c                _impure_ptr
 .data          0x0602ad30      0x410 C:/saturn/SH_COFF/sh-coff/bin/../lib/gcc/sh-coff/3.4-GNUSH_v0501/../../../../sh-coff/lib\libc.a(mallocr.o)
                0x0602ad38                __malloc_av_
                0x0602ad34                __malloc_trim_threshold
                0x0602ad30                __malloc_sbrk_base
                0x0602b140                SIZEOF_R = (. - STARTOF_R)
                0x0602b140                ENDOF_R = .

.bss            0x0602b140     0xed24
                0x0602b140                STARTOF_B = .
 *(.bss)
 .bss           0x0602b140       0x10 vblank.o
                0x0602b144                PadData2E
                0x0602b14a                PadData1
                0x0602b146                PadData2
                0x0602b148                PadData1E
                0x0602b140                __port
 .bss           0x0602b150       0xe0 smpclib/per_x2.o
 .bss           0x0602b230       0x80 game.o
 .bss           0x0602b2b0     0x1970 intro.o
 .bss           0x0602cc20       0x10 logo.o
 .bss           0x0602cc30       0x60 menu.o
 .bss           0x0602cc90       0x10 pcmsys.o
                0x0602cc90                numberPCMs
 .bss           0x0602cca0       0x10 scroll.o
                0x0602cca0                scroll_res
 .bss           0x0602ccb0     0x3800 sprite.o
                0x0602ccb0                num_sprites
 .bss           0x060304b0       0x10 main.o
                0x060304b0                frame
 .bss           0x060304c0       0x6e ../sbl6/segalib/lib/sega_spr.a(spr_2c.o)
 *fill*         0x0603052e        0x2 00
 .bss           0x06030530        0x4 ../sbl6/segalib/lib/sega_scl.a(scl_vblv.o)
 *fill*         0x06030534        0xc 00
 .bss           0x06030540     0x1900 ../sbl6/segalib/lib/sega_scl.a(scl_fu05.o)
 .bss           0x06031e40        0x4 ../sbl6/segalib/lib/sega_scl.a(scl_func.o)
 *fill*         0x06031e44        0xc 00
 .bss           0x06031e50       0x48 ../sbl6/segalib/lib/sega_scl.a(scl_ro00.o)
 *fill*         0x06031e98        0x8 00
 .bss           0x06031ea0        0xc ../sbl6/segalib/lib/sega_cdc.a(cdc_sub.o)
 *fill*         0x06031eac        0x4 00
 .bss           0x06031eb0        0x2 ../sbl6/segalib/lib/sega_cdc.a(cdc_reg.o)
 *fill*         0x06031eb2        0xe 00
 .bss           0x06031ec0       0x9c ../sbl6/segalib/lib/sega_per.a(per_prt.o)
 *fill*         0x06031f5c        0x4 00
 .bss           0x06031f60        0xc ../sbl6/segalib/lib/sega_sat.a(DMA_SCU1.o)
 *fill*         0x06031f6c        0x4 00
 .bss           0x06031f70        0xc ../sbl6/segalib/lib/sega_sat.a(gfs_trn.o)
 *fill*         0x06031f7c        0x4 00
 .bss           0x06031f80       0x20 ../sbl6/segalib/lib/sega_sat.a(DMA_SCU0.o)
 .bss           0x06031fa0       0x10 C:/saturn/SH_COFF/sh-coff/bin/../lib/gcc/sh-coff/3.4-GNUSH_v0501\libgcc.a(__main.o)
 .bss           0x06031fb0       0x10 C:/saturn/SH_COFF/sh-coff/bin/../lib/gcc/sh-coff/3.4-GNUSH_v0501/../../../../sh-coff/lib\libc.a(atexit.o)
 .bss           0x06031fc0       0x40 C:/saturn/SH_COFF/sh-coff/bin/../lib/gcc/sh-coff/3.4-GNUSH_v0501/../../../../sh-coff/lib\libc.a(mallocr.o)
                0x06031ff0                __malloc_top_pad
                0x06031fc0                __malloc_current_mallinfo
                0x06031fec                __malloc_max_sbrked_mem
                0x06031fe8                __malloc_max_total_mem
 .bss           0x06032000       0x10 C:/saturn/SH_COFF/sh-coff/bin/../lib/gcc/sh-coff/3.4-GNUSH_v0501/../../../../sh-coff/lib\libc.a(syscalls.o)
 *(COMMON)
 COMMON         0x06032010        0x8 vblank.o
                                  0x0 (size before relaxing)
                0x06032010                PadAnalogR1
                0x06032011                PadAnalogL1
                0x06032012                PadAnalogY1
                0x06032013                PadAnalogX1
                0x06032014                PadID1
 *fill*         0x06032018        0x8 00
 COMMON         0x06032020     0x1674 cd.o
                                  0x0 (size before relaxing)
                0x06032020                dirname
                0x06032980                lib_work
                0x06033688                directory_table
 *fill*         0x06033694        0xc 00
 COMMON         0x060336a0     0x14a0 print.o
                                  0x0 (size before relaxing)
                0x060336a0                text
 COMMON         0x06034b40      0x230 scroll.o
                                  0x0 (size before relaxing)
                0x06034b40                scfg
 COMMON         0x06034d70     0x35e0 sprite.o
                                  0x0 (size before relaxing)
                0x06034d70                sprites
                0x06036350                sprite_buf
 COMMON         0x06038350       0x8c main.o
                                  0x0 (size before relaxing)
                0x06038350                off_config
 *fill*         0x060383dc        0x4 00
 COMMON         0x060383e0      0x400 ../sbl6/segalib/lib/sega_int.a(int.o)
                                  0x0 (size before relaxing)
                0x060383e0                __interrupt_vector
 COMMON         0x060387e0       0x50 ../sbl6/segalib/lib/sega_spr.a(spr_2c.o)
                                  0x0 (size before relaxing)
                0x060387e0                SpMstCmd
                0x060387e4                Sp2OpenFlag
                0x060387e8                SpGourTblMax
                0x060387ec                SpDrawPrtyBlk
                0x060387f0                SpLCoordX
                0x060387f4                SpMstDrawPrtyBlk
                0x060387f8                SpGourTbl
                0x060387fc                SpLookupTblR
                0x06038800                SpCmdTbl
                0x06038804                SpCharMax
                0x06038808                SpDrawPrtyProcFlag
                0x0603880c                SpCmdNo
                0x06038810                SpDrawPrtyBlkMax
                0x06038814                SpSlvCmdPos
                0x06038818                SpSlvDrawPrtyBlk
                0x0603881c                SpCharTbl
                0x06038820                SpCmdTblR
                0x06038824                SpMstCmdPos
                0x06038828                SpSlvCmd
                0x0603882c                SpLCoordY
 COMMON         0x06038830       0x10 ../sbl6/segalib/lib/sega_spr.a(spr_1c.o)
                                  0x0 (size before relaxing)
                0x06038830                SpScreenY
                0x06038834                SpFbcrMode
                0x06038836                SpDil
                0x06038838                SpDie
                0x0603883a                SpTvMode
                0x0603883c                SpScreenX
 COMMON         0x06038840      0x6b0 ../sbl6/segalib/lib/sega_scl.a(scl_pri.o)
                                  0x0 (size before relaxing)
                0x06038840                SclAutoEndBlue2
                0x06038850                SclColOffset
                0x06038860                SclPriBuffDirty
                0x06038862                SclAutoEndRed
                0x06038864                SclAutoSurface
                0x06038868                SclAutoGreen
                0x0603886a                SclAutoEndGreen
                0x0603886c                SclAutoCount
                0x06038870                SclColRamAlloc256
                0x06038890                SclAutoCurRate
                0x06038891                SclAutoPlusFlag
                0x06038898                SclSpColMix
                0x060388a0                SclAutoMax
                0x060388a4                SclLineColRamOffset
                0x060388a8                SclColRamAlloc2048
                0x060388ac                SclBgPriNum
                0x060388b2                SclAutoEndBlue
                0x060388b4                SclAutoEndGreen2
                0x060388b6                SclAutoVeFlag
                0x060388b8                SclBgColMix
                0x060388c0                SclAutoIndex
                0x060388c4                SclAutoEndRate
                0x060388c6                SclAutoBlue
                0x060388c8                SclAutoRed
                0x060388cc                SclAutoInterval
                0x060388d0                SclOtherPri
                0x060388e0                SclAutoRGB
                0x06038ee0                SclAutoEndRed2
                0x06038ee8                SclSpPriNum
 COMMON         0x06038ef0      0xf00 ../sbl6/segalib/lib/sega_scl.a(scl_func.o)
                                  0x0 (size before relaxing)
                0x06038ef0                SclRbgKtbAddr
                0x06038ef8                SclRb
                0x06038efa                Scl_flag
                0x06038f00                SclK_TableBuff
                0x06039bd0                SclAddrCsTbl
                0x06039be0                Scl_s_reg
                0x06039c08                SclRotateXy
                0x06039c10                Scl_d_reg
                0x06039c58                SclRotateDisp
                0x06039c60                SclRotateMoveZ
                0x06039c68                SclRotXySw
                0x06039c70                Scl_r_reg
                0x06039c80                SclRPMD
                0x06039c88                SclRbgKtbOffset
                0x06039c90                _SclRotregBuff
                0x06039d60                SclRa
                0x06039d68                SclRotateZ
                0x06039d70                SclAddrLsTbl
                0x06039d78                SclK_TableNum
                0x06039d80                SclRotateTableAddress
                0x06039d84                SclK_TableFlag
                0x06039d90                Scl_w_reg
                0x06039db0                Scl_n_reg
 COMMON         0x06039df0       0x10 ../sbl6/segalib/lib/sega_scl.a(scl_ro00.o)
                                  0x0 (size before relaxing)
                0x06039df0                SclCsx
                0x06039df8                SclCsy
 COMMON         0x06039e00       0x15 ../sbl6/segalib/lib/sega_per.a(per_prt.o)
                                  0x0 (size before relaxing)
                0x06039e00                per_get_time_flg
                0x06039e01                per_hot_res
                0x06039e02                per_set_sys_flg
                0x06039e04                per_get_time_adr
                0x06039e08                per_get_sys_data
                0x06039e14                per_time_out_flg
 *fill*         0x06039e15        0xb 00
 COMMON         0x06039e20        0xc ../sbl6/segalib/lib/sega_sat.a(gfs.o)
                                  0x0 (size before relaxing)
                0x06039e20                GFMC_base
                0x06039e24                gfs_mng_ptr
                0x06039e28                gfs_use_scudma
 *fill*         0x06039e2c        0x4 00
 COMMON         0x06039e30        0x8 ../sbl6/segalib/lib/sega_sat.a(gfs_cdf.o)
                                  0x0 (size before relaxing)
                0x06039e30                gfcf_fad
                0x06039e34                gfcf_stat
 *fill*         0x06039e38        0x8 00
 COMMON         0x06039e40        0xc ../sbl6/segalib/lib/sega_sat.a(gfs_cdc.o)
                                  0x0 (size before relaxing)
                0x06039e40                gfcd_fatal_err
                0x06039e44                gfcd_work
                0x06039e48                gfcd_playflag
 *fill*         0x06039e4c        0x4 00
 COMMON         0x06039e50        0x8 ../sbl6/segalib/lib/sega_sat.a(DMA_CPU5.o)
                                  0x0 (size before relaxing)
                0x06039e50                dma_cpu_cnt
                0x06039e54                dma_cpu_dis_adr
 *fill*         0x06039e58        0x8 00
 COMMON         0x06039e60        0x4 C:/saturn/SH_COFF/sh-coff/bin/../lib/gcc/sh-coff/3.4-GNUSH_v0501/../../../../sh-coff/lib\libc.a(syscalls.o)
                                  0x0 (size before relaxing)
                0x06039e60                errno
                0x06039e64                SIZEOF_B = (. - STARTOF_B)
                0x06039e64                ENDOF_B = .
                0x06039e64                _end = .
OUTPUT(main.cof coff-sh)

.comment        0x06039e70      0x560
 .comment       0x06039e70       0x20 ../sbl6/segasmp/lib/strt2_g.o
 .comment       0x06039e90       0x20 vblank.o
 .comment       0x06039eb0       0x20 smpclib/per_x1.o
 .comment       0x06039ed0       0x20 smpclib/per_x2.o
 .comment       0x06039ef0       0x20 spritecode/explosion.o
 .comment       0x06039f10       0x20 cd.o
 .comment       0x06039f30       0x20 crc.o
 .comment       0x06039f50       0x20 devcart.o
 .comment       0x06039f70       0x20 game.o
 .comment       0x06039f90       0x20 graphics.o
 .comment       0x06039fb0       0x20 intro.o
 .comment       0x06039fd0       0x20 logo.o
 .comment       0x06039ff0       0x20 menu.o
 .comment       0x0603a010       0x20 pcmsys.o
 .comment       0x0603a030       0x20 print.o
 .comment       0x0603a050       0x20 scroll.o
 .comment       0x0603a070       0x20 sound.o
 .comment       0x0603a090       0x20 sprite.o
 .comment       0x0603a0b0       0x20 main.o
 .comment       0x0603a0d0       0x20 C:/saturn/SH_COFF/sh-coff/bin/../lib/gcc/sh-coff/3.4-GNUSH_v0501\libgcc.a(_si_to_df.o)
 .comment       0x0603a0f0       0x20 C:/saturn/SH_COFF/sh-coff/bin/../lib/gcc/sh-coff/3.4-GNUSH_v0501\libgcc.a(_mul_df.o)
 .comment       0x0603a110       0x20 C:/saturn/SH_COFF/sh-coff/bin/../lib/gcc/sh-coff/3.4-GNUSH_v0501\libgcc.a(_df_to_si.o)
 .comment       0x0603a130       0x20 C:/saturn/SH_COFF/sh-coff/bin/../lib/gcc/sh-coff/3.4-GNUSH_v0501\libgcc.a(__main.o)
 .comment       0x0603a150       0x20 C:/saturn/SH_COFF/sh-coff/bin/../lib/gcc/sh-coff/3.4-GNUSH_v0501\libgcc.a(_pack_df.o)
 .comment       0x0603a170       0x20 C:/saturn/SH_COFF/sh-coff/bin/../lib/gcc/sh-coff/3.4-GNUSH_v0501\libgcc.a(_unpack_df.o)
 .comment       0x0603a190       0x20 C:/saturn/SH_COFF/sh-coff/bin/../lib/gcc/sh-coff/3.4-GNUSH_v0501\libgcc.a(_thenan_df.o)
 .comment       0x0603a1b0       0x20 C:/saturn/SH_COFF/sh-coff/bin/../lib/gcc/sh-coff/3.4-GNUSH_v0501\libgcc.a(_muldi3.o)
 .comment       0x0603a1d0       0x20 C:/saturn/SH_COFF/sh-coff/bin/../lib/gcc/sh-coff/3.4-GNUSH_v0501\libgcc.a(_lshrdi3.o)
 .comment       0x0603a1f0       0x20 C:/saturn/SH_COFF/sh-coff/bin/../lib/gcc/sh-coff/3.4-GNUSH_v0501\libgcc.a(_ashldi3.o)
 .comment       0x0603a210       0x20 C:/saturn/SH_COFF/sh-coff/bin/../lib/gcc/sh-coff/3.4-GNUSH_v0501/../../../../sh-coff/lib\libc.a(memcmp.o)
 .comment       0x0603a230       0x20 C:/saturn/SH_COFF/sh-coff/bin/../lib/gcc/sh-coff/3.4-GNUSH_v0501/../../../../sh-coff/lib\libc.a(strncmp.o)
 .comment       0x0603a250       0x20 C:/saturn/SH_COFF/sh-coff/bin/../lib/gcc/sh-coff/3.4-GNUSH_v0501/../../../../sh-coff/lib\libc.a(strncpy.o)
 .comment       0x0603a270       0x20 C:/saturn/SH_COFF/sh-coff/bin/../lib/gcc/sh-coff/3.4-GNUSH_v0501/../../../../sh-coff/lib\libc.a(atexit.o)
 .comment       0x0603a290       0x20 C:/saturn/SH_COFF/sh-coff/bin/../lib/gcc/sh-coff/3.4-GNUSH_v0501/../../../../sh-coff/lib\libc.a(impure.o)
 .comment       0x0603a2b0       0x20 C:/saturn/SH_COFF/sh-coff/bin/../lib/gcc/sh-coff/3.4-GNUSH_v0501/../../../../sh-coff/lib\libc.a(malloc.o)
 .comment       0x0603a2d0       0x20 C:/saturn/SH_COFF/sh-coff/bin/../lib/gcc/sh-coff/3.4-GNUSH_v0501/../../../../sh-coff/lib\libc.a(mallocr.o)
 .comment       0x0603a2f0       0x20 C:/saturn/SH_COFF/sh-coff/bin/../lib/gcc/sh-coff/3.4-GNUSH_v0501/../../../../sh-coff/lib\libc.a(freer.o)
 .comment       0x0603a310       0x20 C:/saturn/SH_COFF/sh-coff/bin/../lib/gcc/sh-coff/3.4-GNUSH_v0501/../../../../sh-coff/lib\libc.a(mlock.o)
 .comment       0x0603a330       0x20 C:/saturn/SH_COFF/sh-coff/bin/../lib/gcc/sh-coff/3.4-GNUSH_v0501/../../../../sh-coff/lib\libc.a(sbrkr.o)
 .comment       0x0603a350       0x20 C:/saturn/SH_COFF/sh-coff/bin/../lib/gcc/sh-coff/3.4-GNUSH_v0501/../../../../sh-coff/lib\libc.a(syscalls.o)
 .comment       0x0603a370       0x20 C:/saturn/SH_COFF/sh-coff/bin/../lib/gcc/sh-coff/3.4-GNUSH_v0501/../../../../sh-coff/lib\libc.a(abort.o)
 .comment       0x0603a390       0x20 C:/saturn/SH_COFF/sh-coff/bin/../lib/gcc/sh-coff/3.4-GNUSH_v0501/../../../../sh-coff/lib\libc.a(signal.o)
 .comment       0x0603a3b0       0x20 C:/saturn/SH_COFF/sh-coff/bin/../lib/gcc/sh-coff/3.4-GNUSH_v0501/../../../../sh-coff/lib\libc.a(signalr.o)
