Archive member included because of file (symbol)

../sbl6/segalib/lib/sega_int.a(int.o)
                              vblank.o (INT_SetScuFunc)
../sbl6/segalib/lib/sega_int.a(int_trmp.o)
                              ../sbl6/segalib/lib/sega_int.a(int.o) (__interrupt_handler0)
../sbl6/segalib/lib/sega_spr.a(spr_2c.o)
                              sprite.o (SPR_2Initial)
../sbl6/segalib/lib/sega_spr.a(spr_slv.o)
                              ../sbl6/segalib/lib/sega_spr.a(spr_2c.o) (SPR_InitSlaveSH)
../sbl6/segalib/lib/sega_spr.a(spr_1c.o)
                              ../sbl6/segalib/lib/sega_spr.a(spr_2c.o) (SPR_Initial)
../sbl6/segalib/lib/sega_spr.a(spr_2a.o)
                              ../sbl6/segalib/lib/sega_spr.a(spr_2c.o) (SPR_2SetDrawPrty)
../sbl6/segalib/lib/sega_scl.a(scl_vblv.o)
                              ../sbl6/segalib/lib/sega_spr.a(spr_1c.o) (SpFrameChgMode)
../sbl6/segalib/lib/sega_scl.a(scl_pri.o)
                              intro.o (SCL_SetColMixRate)
../sbl6/segalib/lib/sega_scl.a(scl_pr02.o)
                              intro.o (SCL_SetColRam)
../sbl6/segalib/lib/sega_scl.a(scl_pr07.o)
                              intro.o (SCL_SetPriority)
../sbl6/segalib/lib/sega_scl.a(scl_pr10.o)
                              intro.o (SCL_SetAutoColMix)
../sbl6/segalib/lib/sega_scl.a(scl_fu05.o)
                              intro.o (SCL_InitLineParamTb)
../sbl6/segalib/lib/sega_scl.a(scl_pr12.o)
                              intro.o (SCL_SetColOffset)
../sbl6/segalib/lib/sega_scl.a(scl_func.o)
                              ../sbl6/segalib/lib/sega_scl.a(scl_fu05.o) (SclLengthLsTbl)
../sbl6/segalib/lib/sega_scl.a(scl_pr11.o)
                              logo.o (SCL_SetAutoColOffset)
../sbl6/segalib/lib/sega_scl.a(scl_fu01.o)
                              scroll.o (SCL_SetDisplayMode)
../sbl6/segalib/lib/sega_scl.a(scl_fu04.o)
                              scroll.o (SCL_SetCycleTable)
../sbl6/segalib/lib/sega_scl.a(scl_pr03.o)
                              scroll.o (SCL_AllocColRam)
../sbl6/segalib/lib/sega_scl.a(scl_back.o)
                              scroll.o (SCL_SetBack)
../sbl6/segalib/lib/sega_scl.a(scl_fu03.o)
                              scroll.o (SCL_InitConfigTb)
../sbl6/segalib/lib/sega_scl.a(scl_fu02.o)
                              scroll.o (SCL_InitVramConfigTb)
../sbl6/segalib/lib/sega_scl.a(scl_pr01.o)
                              main.o (SCL_SetSpriteMode)
../sbl6/segalib/lib/sega_scl.a(scl_pr05.o)
                              ../sbl6/segalib/lib/sega_scl.a(scl_pr02.o) (SCL_GetColRamOffset)
../sbl6/segalib/lib/sega_scl.a(scl_ro00.o)
                              ../sbl6/segalib/lib/sega_scl.a(scl_func.o) (SCL_Rotate)
../sbl6/segalib/lib/sega_scl.a(scl_pr06.o)
                              ../sbl6/segalib/lib/sega_scl.a(scl_pr03.o) (SCL_SetColRamOffset)
../sbl6/segalib/lib/sega_mth.a(mth_tri.o)
                              intro.o (MTH_Sin)
../sbl6/segalib/lib/sega_mth.a(mth_fixd.o)
                              intro.o (MTH_Mul)
../sbl6/segalib/lib/sega_mth.a(mth_rand.o)
                              main.o (MTH_InitialRand)
../sbl6/segalib/lib/sega_cdc.a(cdc_cmn.o)
                              main.o (CDC_GetPeriStat)
../sbl6/segalib/lib/sega_cdc.a(cdc_sub.o)
                              ../sbl6/segalib/lib/sega_cdc.a(cdc_cmn.o) (CDSUB_UpdStatus)
../sbl6/segalib/lib/sega_cdc.a(cdc_reg.o)
                              ../sbl6/segalib/lib/sega_cdc.a(cdc_cmn.o) (CDREG_ClrHirqReq)
../sbl6/segalib/lib/sega_per.a(per_prt.o)
                              ../sbl6/segasmp/per/smpclib/per_x2.o (PER_LInit)
../sbl6/segalib/lib/sega_sat.a(DMA_CPU1.o)
                              intro.o (DMA_CpuMemCopy1)
../sbl6/segalib/lib/sega_sat.a(DMA_CPU2.o)
                              intro.o (DMA_CpuMemCopy2)
../sbl6/segalib/lib/sega_sat.a(DMA_CPU5.o)
                              pcmsys.o (DMA_CpuResult)
../sbl6/segalib/lib/sega_sat.a(DMA_SCU1.o)
                              ../sbl6/segalib/lib/sega_spr.a(spr_2c.o) (DMA_ScuMemCopy)
../sbl6/segalib/lib/sega_sat.a(DMA_CPU0.o)
                              ../sbl6/segalib/lib/sega_sat.a(DMA_CPU1.o) (DMA_CpuSetComPrm)
../sbl6/segalib/lib/sega_sat.a(csh_main.o)
                              ../sbl6/segalib/lib/sega_sat.a(DMA_CPU5.o) (CSH_Purge)
../sbl6/segalib/lib/sega_sat.a(DMA_SCU0.o)
                              ../sbl6/segalib/lib/sega_sat.a(DMA_SCU1.o) (DMA_ScuSetPrm)
C:/saturn/SH_COFF/sh-coff/bin/../lib/gcc/sh-coff/3.4-GNUSH_v0501\libgcc.a(_ashiftrt.o)
                              ../sbl6/segalib/lib/sega_scl.a(scl_ro00.o) (__ashiftrt_r4_6)
C:/saturn/SH_COFF/sh-coff/bin/../lib/gcc/sh-coff/3.4-GNUSH_v0501\libgcc.a(_udivsi3.o)
                              menu.o (__udivsi3)
C:/saturn/SH_COFF/sh-coff/bin/../lib/gcc/sh-coff/3.4-GNUSH_v0501\libgcc.a(_si_to_df.o)
                              menu.o (__floatsidf)
C:/saturn/SH_COFF/sh-coff/bin/../lib/gcc/sh-coff/3.4-GNUSH_v0501\libgcc.a(_mul_df.o)
                              menu.o (__muldf3)
C:/saturn/SH_COFF/sh-coff/bin/../lib/gcc/sh-coff/3.4-GNUSH_v0501\libgcc.a(_df_to_si.o)
                              menu.o (__fixdfsi)
C:/saturn/SH_COFF/sh-coff/bin/../lib/gcc/sh-coff/3.4-GNUSH_v0501\libgcc.a(_sdivsi3.o)
                              pcmsys.o (__sdivsi3)
C:/saturn/SH_COFF/sh-coff/bin/../lib/gcc/sh-coff/3.4-GNUSH_v0501\libgcc.a(_ashiftrt_n.o)
                              pcmsys.o (__ashrsi3)
C:/saturn/SH_COFF/sh-coff/bin/../lib/gcc/sh-coff/3.4-GNUSH_v0501\libgcc.a(_ashiftlt.o)
                              scroll.o (__ashlsi3)
C:/saturn/SH_COFF/sh-coff/bin/../lib/gcc/sh-coff/3.4-GNUSH_v0501\libgcc.a(_movstr.o)
                              scroll.o (__movstr)
C:/saturn/SH_COFF/sh-coff/bin/../lib/gcc/sh-coff/3.4-GNUSH_v0501\libgcc.a(__main.o)
                              main.o (__main)
C:/saturn/SH_COFF/sh-coff/bin/../lib/gcc/sh-coff/3.4-GNUSH_v0501\libgcc.a(_pack_df.o)
                              C:/saturn/SH_COFF/sh-coff/bin/../lib/gcc/sh-coff/3.4-GNUSH_v0501\libgcc.a(_si_to_df.o) (__pack_d)
C:/saturn/SH_COFF/sh-coff/bin/../lib/gcc/sh-coff/3.4-GNUSH_v0501\libgcc.a(_unpack_df.o)
                              C:/saturn/SH_COFF/sh-coff/bin/../lib/gcc/sh-coff/3.4-GNUSH_v0501\libgcc.a(_mul_df.o) (__unpack_d)
C:/saturn/SH_COFF/sh-coff/bin/../lib/gcc/sh-coff/3.4-GNUSH_v0501\libgcc.a(_thenan_df.o)
                              C:/saturn/SH_COFF/sh-coff/bin/../lib/gcc/sh-coff/3.4-GNUSH_v0501\libgcc.a(_mul_df.o) (__thenan_df)
C:/saturn/SH_COFF/sh-coff/bin/../lib/gcc/sh-coff/3.4-GNUSH_v0501\libgcc.a(_muldi3.o)
                              C:/saturn/SH_COFF/sh-coff/bin/../lib/gcc/sh-coff/3.4-GNUSH_v0501\libgcc.a(_mul_df.o) (__muldi3)
C:/saturn/SH_COFF/sh-coff/bin/../lib/gcc/sh-coff/3.4-GNUSH_v0501\libgcc.a(_lshrdi3.o)
                              C:/saturn/SH_COFF/sh-coff/bin/../lib/gcc/sh-coff/3.4-GNUSH_v0501\libgcc.a(_df_to_si.o) (__lshrdi3)
C:/saturn/SH_COFF/sh-coff/bin/../lib/gcc/sh-coff/3.4-GNUSH_v0501\libgcc.a(_ashldi3.o)
                              C:/saturn/SH_COFF/sh-coff/bin/../lib/gcc/sh-coff/3.4-GNUSH_v0501\libgcc.a(_pack_df.o) (__ashldi3)
C:/saturn/SH_COFF/sh-coff/bin/../lib/gcc/sh-coff/3.4-GNUSH_v0501\libgcc.a(_mulsi3.o)
                              C:/saturn/SH_COFF/sh-coff/bin/../lib/gcc/sh-coff/3.4-GNUSH_v0501\libgcc.a(_muldi3.o) (__mulsi3)
C:/saturn/SH_COFF/sh-coff/bin/../lib/gcc/sh-coff/3.4-GNUSH_v0501\libgcc.a(_lshiftrt.o)
                              C:/saturn/SH_COFF/sh-coff/bin/../lib/gcc/sh-coff/3.4-GNUSH_v0501\libgcc.a(_lshrdi3.o) (__lshrsi3)
C:/saturn/SH_COFF/sh-coff/bin/../lib/gcc/sh-coff/3.4-GNUSH_v0501/../../../../sh-coff/lib\libc.a(memset.o)
                              scroll.o (memset)
C:/saturn/SH_COFF/sh-coff/bin/../lib/gcc/sh-coff/3.4-GNUSH_v0501/../../../../sh-coff/lib\libc.a(memcpy.o)
                              ../sbl6/segalib/lib/sega_sat.a(DMA_SCU1.o) (memcpy)
C:/saturn/SH_COFF/sh-coff/bin/../lib/gcc/sh-coff/3.4-GNUSH_v0501/../../../../sh-coff/lib\libc.a(atexit.o)
                              C:/saturn/SH_COFF/sh-coff/bin/../lib/gcc/sh-coff/3.4-GNUSH_v0501\libgcc.a(__main.o) (atexit)
C:/saturn/SH_COFF/sh-coff/bin/../lib/gcc/sh-coff/3.4-GNUSH_v0501/../../../../sh-coff/lib\libc.a(impure.o)
                              C:/saturn/SH_COFF/sh-coff/bin/../lib/gcc/sh-coff/3.4-GNUSH_v0501/../../../../sh-coff/lib\libc.a(atexit.o) (_impure_ptr)
C:/saturn/SH_COFF/sh-coff/bin/../lib/gcc/sh-coff/3.4-GNUSH_v0501/../../../../sh-coff/lib\libc.a(malloc.o)
                              C:/saturn/SH_COFF/sh-coff/bin/../lib/gcc/sh-coff/3.4-GNUSH_v0501/../../../../sh-coff/lib\libc.a(atexit.o) (malloc)
C:/saturn/SH_COFF/sh-coff/bin/../lib/gcc/sh-coff/3.4-GNUSH_v0501/../../../../sh-coff/lib\libc.a(mallocr.o)
                              C:/saturn/SH_COFF/sh-coff/bin/../lib/gcc/sh-coff/3.4-GNUSH_v0501/../../../../sh-coff/lib\libc.a(malloc.o) (_malloc_r)
C:/saturn/SH_COFF/sh-coff/bin/../lib/gcc/sh-coff/3.4-GNUSH_v0501/../../../../sh-coff/lib\libc.a(freer.o)
                              C:/saturn/SH_COFF/sh-coff/bin/../lib/gcc/sh-coff/3.4-GNUSH_v0501/../../../../sh-coff/lib\libc.a(malloc.o) (_free_r)
C:/saturn/SH_COFF/sh-coff/bin/../lib/gcc/sh-coff/3.4-GNUSH_v0501/../../../../sh-coff/lib\libc.a(mlock.o)
                              C:/saturn/SH_COFF/sh-coff/bin/../lib/gcc/sh-coff/3.4-GNUSH_v0501/../../../../sh-coff/lib\libc.a(mallocr.o) (__malloc_lock)
C:/saturn/SH_COFF/sh-coff/bin/../lib/gcc/sh-coff/3.4-GNUSH_v0501/../../../../sh-coff/lib\libc.a(sbrkr.o)
                              C:/saturn/SH_COFF/sh-coff/bin/../lib/gcc/sh-coff/3.4-GNUSH_v0501/../../../../sh-coff/lib\libc.a(mallocr.o) (_sbrk_r)
C:/saturn/SH_COFF/sh-coff/bin/../lib/gcc/sh-coff/3.4-GNUSH_v0501/../../../../sh-coff/lib\libc.a(syscalls.o)
                              C:/saturn/SH_COFF/sh-coff/bin/../lib/gcc/sh-coff/3.4-GNUSH_v0501/../../../../sh-coff/lib\libc.a(sbrkr.o) (_sbrk)
C:/saturn/SH_COFF/sh-coff/bin/../lib/gcc/sh-coff/3.4-GNUSH_v0501/../../../../sh-coff/lib\libc.a(trap.o)
                              C:/saturn/SH_COFF/sh-coff/bin/../lib/gcc/sh-coff/3.4-GNUSH_v0501/../../../../sh-coff/lib\libc.a(syscalls.o) (__trap34)
C:/saturn/SH_COFF/sh-coff/bin/../lib/gcc/sh-coff/3.4-GNUSH_v0501/../../../../sh-coff/lib\libc.a(abort.o)
                              C:/saturn/SH_COFF/sh-coff/bin/../lib/gcc/sh-coff/3.4-GNUSH_v0501/../../../../sh-coff/lib\libc.a(syscalls.o) (abort)
C:/saturn/SH_COFF/sh-coff/bin/../lib/gcc/sh-coff/3.4-GNUSH_v0501/../../../../sh-coff/lib\libc.a(signal.o)
                              C:/saturn/SH_COFF/sh-coff/bin/../lib/gcc/sh-coff/3.4-GNUSH_v0501/../../../../sh-coff/lib\libc.a(abort.o) (raise)
C:/saturn/SH_COFF/sh-coff/bin/../lib/gcc/sh-coff/3.4-GNUSH_v0501/../../../../sh-coff/lib\libc.a(signalr.o)
                              C:/saturn/SH_COFF/sh-coff/bin/../lib/gcc/sh-coff/3.4-GNUSH_v0501/../../../../sh-coff/lib\libc.a(signal.o) (_kill_r)

Allocating common symbols
Common symbol       size              file

SclRbgKtbAddr       0x8               ../sbl6/segalib/lib/sega_scl.a(scl_func.o)
sprites             0x15e0            sprite.o
SpMstCmd            0x4               ../sbl6/segalib/lib/sega_spr.a(spr_2c.o)
SclRb               0x1               ../sbl6/segalib/lib/sega_scl.a(scl_func.o)
Scl_flag            0x2               ../sbl6/segalib/lib/sega_scl.a(scl_func.o)
per_get_time_flg    0x1               ../sbl6/segalib/lib/sega_per.a(per_prt.o)
SpScreenY           0x4               ../sbl6/segalib/lib/sega_spr.a(spr_1c.o)
SclK_TableBuff      0xcd0             ../sbl6/segalib/lib/sega_scl.a(scl_func.o)
SclAutoEndBlue2     0x2               ../sbl6/segalib/lib/sega_scl.a(scl_pri.o)
SpFbcrMode          0x2               ../sbl6/segalib/lib/sega_spr.a(spr_1c.o)
Sp2OpenFlag         0x4               ../sbl6/segalib/lib/sega_spr.a(spr_2c.o)
scfg3               0x8c              scroll.o
SclColOffset        0x10              ../sbl6/segalib/lib/sega_scl.a(scl_pri.o)
SclAddrCsTbl        0x8               ../sbl6/segalib/lib/sega_scl.a(scl_func.o)
scfg0               0x8c              scroll.o
SclPriBuffDirty     0x1               ../sbl6/segalib/lib/sega_scl.a(scl_pri.o)
sprite_buf          0x2000            sprite.o
SclAutoEndRed       0x2               ../sbl6/segalib/lib/sega_scl.a(scl_pri.o)
SclAutoSurface      0x4               ../sbl6/segalib/lib/sega_scl.a(scl_pri.o)
__interrupt_vector  0x400             ../sbl6/segalib/lib/sega_int.a(int.o)
per_hot_res         0x1               ../sbl6/segalib/lib/sega_per.a(per_prt.o)
dirname             0x960             cd.o
SclCsx              0x8               ../sbl6/segalib/lib/sega_scl.a(scl_ro00.o)
Scl_s_reg           0x28              ../sbl6/segalib/lib/sega_scl.a(scl_func.o)
SclAutoGreen        0x2               ../sbl6/segalib/lib/sega_scl.a(scl_pri.o)
SclAutoEndGreen     0x2               ../sbl6/segalib/lib/sega_scl.a(scl_pri.o)
SclAutoCount        0x4               ../sbl6/segalib/lib/sega_scl.a(scl_pri.o)
SpGourTblMax        0x4               ../sbl6/segalib/lib/sega_spr.a(spr_2c.o)
SclColRamAlloc256   0x20              ../sbl6/segalib/lib/sega_scl.a(scl_pri.o)
SclRotateXy         0x8               ../sbl6/segalib/lib/sega_scl.a(scl_func.o)
SpDrawPrtyBlk       0x4               ../sbl6/segalib/lib/sega_spr.a(spr_2c.o)
SclAutoCurRate      0x1               ../sbl6/segalib/lib/sega_scl.a(scl_pri.o)
SpLCoordX           0x4               ../sbl6/segalib/lib/sega_spr.a(spr_2c.o)
dma_cpu_cnt         0x4               ../sbl6/segalib/lib/sega_sat.a(DMA_CPU5.o)
SpMstDrawPrtyBlk    0x4               ../sbl6/segalib/lib/sega_spr.a(spr_2c.o)
SclAutoPlusFlag     0x1               ../sbl6/segalib/lib/sega_scl.a(scl_pri.o)
per_set_sys_flg     0x1               ../sbl6/segalib/lib/sega_per.a(per_prt.o)
Scl_d_reg           0x48              ../sbl6/segalib/lib/sega_scl.a(scl_func.o)
SclRotateDisp       0x8               ../sbl6/segalib/lib/sega_scl.a(scl_func.o)
SpGourTbl           0x4               ../sbl6/segalib/lib/sega_spr.a(spr_2c.o)
SclSpColMix         0x8               ../sbl6/segalib/lib/sega_scl.a(scl_pri.o)
SpDil               0x2               ../sbl6/segalib/lib/sega_spr.a(spr_1c.o)
SpLookupTblR        0x2               ../sbl6/segalib/lib/sega_spr.a(spr_2c.o)
SclAutoMax          0x4               ../sbl6/segalib/lib/sega_scl.a(scl_pri.o)
SpCmdTbl            0x4               ../sbl6/segalib/lib/sega_spr.a(spr_2c.o)
dma_cpu_dis_adr     0x4               ../sbl6/segalib/lib/sega_sat.a(DMA_CPU5.o)
SclRotateMoveZ      0x8               ../sbl6/segalib/lib/sega_scl.a(scl_func.o)
scfg2               0x8c              scroll.o
SclLineColRamOffset
                    0x4               ../sbl6/segalib/lib/sega_scl.a(scl_pri.o)
SclRotXySw          0x4               ../sbl6/segalib/lib/sega_scl.a(scl_func.o)
per_get_time_adr    0x4               ../sbl6/segalib/lib/sega_per.a(per_prt.o)
SclColRamAlloc2048  0x4               ../sbl6/segalib/lib/sega_scl.a(scl_pri.o)
SclBgPriNum         0x6               ../sbl6/segalib/lib/sega_scl.a(scl_pri.o)
SpCharMax           0x4               ../sbl6/segalib/lib/sega_spr.a(spr_2c.o)
SpDrawPrtyProcFlag  0x4               ../sbl6/segalib/lib/sega_spr.a(spr_2c.o)
SclAutoEndBlue      0x2               ../sbl6/segalib/lib/sega_scl.a(scl_pri.o)
SpCmdNo             0x4               ../sbl6/segalib/lib/sega_spr.a(spr_2c.o)
SclAutoEndGreen2    0x2               ../sbl6/segalib/lib/sega_scl.a(scl_pri.o)
Scl_r_reg           0x10              ../sbl6/segalib/lib/sega_scl.a(scl_func.o)
SclRPMD             0x2               ../sbl6/segalib/lib/sega_scl.a(scl_func.o)
SpDrawPrtyBlkMax    0x4               ../sbl6/segalib/lib/sega_spr.a(spr_2c.o)
SpDie               0x2               ../sbl6/segalib/lib/sega_spr.a(spr_1c.o)
SclAutoVeFlag       0x1               ../sbl6/segalib/lib/sega_scl.a(scl_pri.o)
SclBgColMix         0x8               ../sbl6/segalib/lib/sega_scl.a(scl_pri.o)
text                0x14a0            print.o
SpSlvCmdPos         0x4               ../sbl6/segalib/lib/sega_spr.a(spr_2c.o)
per_get_sys_data    0xc               ../sbl6/segalib/lib/sega_per.a(per_prt.o)
SclRbgKtbOffset     0x8               ../sbl6/segalib/lib/sega_scl.a(scl_func.o)
off_config          0x8c              main.o
SclAutoIndex        0x4               ../sbl6/segalib/lib/sega_scl.a(scl_pri.o)
SclAutoEndRate      0x1               ../sbl6/segalib/lib/sega_scl.a(scl_pri.o)
SpSlvDrawPrtyBlk    0x4               ../sbl6/segalib/lib/sega_spr.a(spr_2c.o)
_SclRotregBuff      0xd0              ../sbl6/segalib/lib/sega_scl.a(scl_func.o)
SclAutoBlue         0x2               ../sbl6/segalib/lib/sega_scl.a(scl_pri.o)
lib_work            0xd08             cd.o
SpTvMode            0x2               ../sbl6/segalib/lib/sega_spr.a(spr_1c.o)
SpScreenX           0x4               ../sbl6/segalib/lib/sega_spr.a(spr_1c.o)
SclRa               0x1               ../sbl6/segalib/lib/sega_scl.a(scl_func.o)
SclRotateZ          0x8               ../sbl6/segalib/lib/sega_scl.a(scl_func.o)
SpCharTbl           0x4               ../sbl6/segalib/lib/sega_spr.a(spr_2c.o)
SclAddrLsTbl        0x8               ../sbl6/segalib/lib/sega_scl.a(scl_func.o)
SclK_TableNum       0x8               ../sbl6/segalib/lib/sega_scl.a(scl_func.o)
SclAutoRed          0x2               ../sbl6/segalib/lib/sega_scl.a(scl_pri.o)
SpCmdTblR           0x2               ../sbl6/segalib/lib/sega_spr.a(spr_2c.o)
SclAutoInterval     0x4               ../sbl6/segalib/lib/sega_scl.a(scl_pri.o)
SclOtherPri         0x10              ../sbl6/segalib/lib/sega_scl.a(scl_pri.o)
per_time_out_flg    0x1               ../sbl6/segalib/lib/sega_per.a(per_prt.o)
SclRotateTableAddress
                    0x4               ../sbl6/segalib/lib/sega_scl.a(scl_func.o)
SpMstCmdPos         0x4               ../sbl6/segalib/lib/sega_spr.a(spr_2c.o)
SpSlvCmd            0x4               ../sbl6/segalib/lib/sega_spr.a(spr_2c.o)
scfg1               0x8c              scroll.o
SclAutoRGB          0x600             ../sbl6/segalib/lib/sega_scl.a(scl_pri.o)
errno               0x4               C:/saturn/SH_COFF/sh-coff/bin/../lib/gcc/sh-coff/3.4-GNUSH_v0501/../../../../sh-coff/lib\libc.a(syscalls.o)
SclK_TableFlag      0x4               ../sbl6/segalib/lib/sega_scl.a(scl_func.o)
SclAutoEndRed2      0x2               ../sbl6/segalib/lib/sega_scl.a(scl_pri.o)
SclCsy              0x8               ../sbl6/segalib/lib/sega_scl.a(scl_ro00.o)
SclSpPriNum         0x8               ../sbl6/segalib/lib/sega_scl.a(scl_pri.o)
Scl_w_reg           0x20              ../sbl6/segalib/lib/sega_scl.a(scl_func.o)
directory_table     0xc               cd.o
SpLCoordY           0x4               ../sbl6/segalib/lib/sega_spr.a(spr_2c.o)
Scl_n_reg           0x40              ../sbl6/segalib/lib/sega_scl.a(scl_func.o)

Memory Configuration

Name             Origin             Length             Attributes
*default*        0x00000000         0xffffffff

Linker script and memory map

LOAD ../sbl6/segasmp/lib/strt1_g.o
LOAD ../sbl6/segasmp/lib/strt2_g.o
LOAD vblank.o
LOAD ../sbl6/segasmp/per/smpclib/per_x1.o
LOAD ../sbl6/segasmp/per/smpclib/per_x2.o
LOAD ../sbl6/segasmp/per/smpclib/per_x3.o
LOAD cd.o
LOAD crc.o
LOAD devcart.o
LOAD graphics.o
LOAD intro.o
LOAD logo.o
LOAD menu.o
LOAD pcmsys.o
LOAD print.o
LOAD scroll.o
LOAD sound.o
LOAD sprite.o
LOAD main.o
LOAD ../sbl6/segalib/lib/sega_int.a
LOAD ../sbl6/segalib/lib/sega_spr.a
LOAD ../sbl6/segalib/lib/sega_scl.a
LOAD ../sbl6/segalib/lib/sega_mth.a
LOAD ../sbl6/segalib/lib/sega_cdc.a
LOAD ../sbl6/segalib/lib/sega_adp.a
LOAD ../sbl6/segalib/lib/sega_per.a
LOAD ../sbl6/segalib/lib/sega_sat.a
LOAD C:/saturn/SH_COFF/sh-coff/bin/../lib/gcc/sh-coff/3.4-GNUSH_v0501\libgcc.a
LOAD C:/saturn/SH_COFF/sh-coff/bin/../lib/gcc/sh-coff/3.4-GNUSH_v0501/../../../../sh-coff/lib\libc.a
LOAD C:/saturn/SH_COFF/sh-coff/bin/../lib/gcc/sh-coff/3.4-GNUSH_v0501\libgcc.a

.text           0x06010000     0xf650
 *(.text)
 .text          0x06010000       0x30 ../sbl6/segasmp/lib/strt1_g.o
                0x06010024                _D_END
                0x06010020                _D_BGN
                0x0601002c                _B_END
                0x06010028                _B_BGN
                0x06010000                START
 .text          0x06010030       0x60 ../sbl6/segasmp/lib/strt2_g.o
                0x06010050                _INITSCT
                0x06010030                _INIT
 .text          0x06010090      0x180 vblank.o
                0x06010090                SetVblank
                0x06010110                UsrVblankOut
                0x060100f0                UsrVblankIn
 .text          0x06010210      0x430 ../sbl6/segasmp/per/smpclib/per_x1.o
                0x060105a4                PER_GetAnalogXYZ
                0x06010234                PER_GetTriggerHandler
                0x060104ce                PER_GetEdge
                0x0601044c                PER_GetTrigger
                0x060104f8                PER_GetPressEdge
                0x0601054c                PER_GetReleaseEdge
                0x06010210                PER_SetTriggerHandler
 .text          0x06010640      0x200 ../sbl6/segasmp/per/smpclib/per_x2.o
                0x06010744                PER_GetDeviceA
                0x06010640                PER_OpenPort
                0x06010678                PER_GetPort
                0x060107be                PER_GetDeviceR
 .text          0x06010840       0x20 ../sbl6/segasmp/per/smpclib/per_x3.o
                0x06010840                PER_DisguiseTrigger
 .text          0x06010860       0x30 cd.o
                0x06010880                cd_load_nosize
                0x06010860                cd_init
                0x06010870                cd_load
 .text          0x06010890      0x140 crc.o
                0x06010990                crc_update
 .text          0x060109d0      0x200 devcart.o
                0x06010b90                devcart_reset
                0x06010a40                devcart_loadfile
                0x06010b40                devcart_printstr
 .text          0x06010bd0      0xd90 intro.o
                0x06010bd0                intro_run
 .text          0x06011960      0x2e0 logo.o
                0x060119c0                logo_run
                0x06011960                logo_loadframe
 .text          0x06011c40      0x9c0 menu.o
                0x06011f60                menu_run
                0x06011e20                sqrt32
 .text          0x06012600      0x8a0 pcmsys.o
                0x06012cb0                load_8bit_pcm
                0x06012a20                smpc_issue_command
                0x06012ad0                load_drv
                0x06012e30                pcm_parameter_change
                0x06012a00                smpc_wait_till_ready
                0x06012a40                load_driver_binary
                0x06012df0                pcm_play
                0x06012e60                pcm_cease
                0x06012b20                calculate_bytes_per_blank
                0x06012b60                load_16bit_pcm
 .text          0x06012ea0      0x180 print.o
                0x06012f80                print_display
                0x06012ed0                print_num
                0x06012ea0                print_init
                0x06012f20                print_string
 .text          0x06013020      0x460 scroll.o
                0x06013020                scroll_lores
                0x06013430                scroll_clearmaps
                0x060133e0                scroll_set
                0x06013080                scroll_hires
                0x060131c0                scroll_init
                0x060130e0                scroll_scale
 .text          0x06013480       0x70 sound.o
                0x060134d0                sound_play
                0x06013490                sound_init
                0x060134c0                sound_cdda
 .text          0x060134f0      0x6a0 sprite.o
                0x06013520                sprite_init
                0x060139a0                sprite_make
                0x06013b00                sprite_next
                0x06013670                sprite_erase
                0x06013b60                sprite_delete
                0x060139f0                sprite_draw_all
                0x060134f0                sprite_deleteall
                0x060136d0                sprite_startdraw
                0x06013750                sprite_draw
 .text          0x06013b90      0x1c0 main.o
                0x06013b90                main
 .text          0x06013d50       0x40 ../sbl6/segalib/lib/sega_int.a(int.o)
                0x06013d7c                INT_GetScuFunc
                0x06013d50                INT_SetScuFunc
 .text          0x06013d90      0x624 ../sbl6/segalib/lib/sega_int.a(int_trmp.o)
                0x06013ef8                __interrupt_handler60
                0x060140a8                __interrupt_handler132
                0x0601425e                __interrupt_handler205
                0x060140c6                __interrupt_handler137
                0x06013ff4                __interrupt_handler102
                0x06013e32                __interrupt_handler27
                0x06014234                __interrupt_handler198
                0x06014126                __interrupt_handler153
                0x06013e0e                __interrupt_handler21
                0x06013f1c                __interrupt_handler66
                0x0601400c                __interrupt_handler106
                0x06014156                __interrupt_handler161
                0x06013fa0                __interrupt_handler88
                0x0601416e                __interrupt_handler165
                0x0601407e                __interrupt_handler125
                0x06013db4                __interrupt_handler6
                0x06013e50                __interrupt_handler32
                0x0601420a                __interrupt_handler191
                0x06014324                __interrupt_handler238
                0x0601433c                __interrupt_handler242
                0x06014144                __interrupt_handler158
                0x06013fac                __interrupt_handler90
                0x06014168                __interrupt_handler164
                0x06013e8c                __interrupt_handler42
                0x060141ce                __interrupt_handler181
                0x060142d6                __interrupt_handler225
                0x0601437e                __interrupt_handler253
                0x06014192                __interrupt_handler171
                0x06013f4c                __interrupt_handler74
                0x06013da2                __interrupt_handler3
                0x06013ee6                __interrupt_handler57
                0x06013de4                __interrupt_handler14
                0x0601427c                __interrupt_handler210
                0x060142ac                __interrupt_handler218
                0x06014270                __interrupt_handler208
                0x06013e74                __interrupt_handler38
                0x06013d90                __interrupt_handler0
                0x06014000                __interrupt_handler104
                0x0601413e                __interrupt_handler157
                0x0601428e                __interrupt_handler213
                0x06014180                __interrupt_handler168
                0x06013f8e                __interrupt_handler85
                0x0601402a                __interrupt_handler111
                0x0601403c                __interrupt_handler114
                0x06013eaa                __interrupt_handler47
                0x06014300                __interrupt_handler232
                0x060142ca                __interrupt_handler223
                0x0601431e                __interrupt_handler237
                0x06013f0a                __interrupt_handler63
                0x06013e98                __interrupt_handler44
                0x060141aa                __interrupt_handler175
                0x060141d4                __interrupt_handler182
                0x060141ec                __interrupt_handler186
                0x060140ea                __interrupt_handler143
                0x06014012                __interrupt_handler107
                0x06014078                __interrupt_handler124
                0x06014198                __interrupt_handler172
                0x0601434e                __interrupt_handler245
                0x06013fca                __interrupt_handler95
                0x060140a2                __interrupt_handler131
                0x060140b4                __interrupt_handler134
                0x060140d2                __interrupt_handler139
                0x06013f40                __interrupt_handler72
                0x060142fa                __interrupt_handler231
                0x06014150                __interrupt_handler160
                0x06014096                __interrupt_handler129
                0x06013e08                __interrupt_handler20
                0x06013f16                __interrupt_handler65
                0x06013ee0                __interrupt_handler56
                0x06013dde                __interrupt_handler13
                0x06014276                __interrupt_handler209
                0x06014030                __interrupt_handler112
                0x06013e02                __interrupt_handler19
                0x06013fbe                __interrupt_handler93
                0x06014228                __interrupt_handler196
                0x0601411a                __interrupt_handler151
                0x0601417a                __interrupt_handler167
                0x06014390                __trampoline
                0x06013df6                __interrupt_handler17
                0x060142e8                __interrupt_handler228
                0x0601438a                __interrupt_handler255
                0x06014348                __interrupt_handler244
                0x06013fe2                __interrupt_handler99
                0x060141da                __interrupt_handler183
                0x060140d8                __interrupt_handler140
                0x060141fe                __interrupt_handler189
                0x060140fc                __interrupt_handler146
                0x060142c4                __interrupt_handler222
                0x06014138                __interrupt_handler156
                0x0601406c                __interrupt_handler122
                0x06014360                __interrupt_handler248
                0x06013eb0                __interrupt_handler48
                0x06013f2e                __interrupt_handler69
                0x06013e20                __interrupt_handler24
                0x06013fa6                __interrupt_handler89
                0x0601429a                __interrupt_handler215
                0x06014384                __interrupt_handler254
                0x06013f9a                __interrupt_handler87
                0x06013efe                __interrupt_handler61
                0x06014222                __interrupt_handler195
                0x06014114                __interrupt_handler150
                0x06013e86                __interrupt_handler41
                0x06014024                __interrupt_handler110
                0x0601408a                __interrupt_handler127
                0x06014018                __interrupt_handler108
                0x06014036                __interrupt_handler113
                0x06014048                __interrupt_handler116
                0x06014066                __interrupt_handler121
                0x06013f5e                __interrupt_handler77
                0x06013e7a                __interrupt_handler39
                0x06013e92                __interrupt_handler43
                0x06014366                __interrupt_handler249
                0x060141a4                __interrupt_handler174
                0x060140c0                __interrupt_handler136
                0x060141f8                __interrupt_handler188
                0x060140f6                __interrupt_handler145
                0x06013dc6                __interrupt_handler9
                0x06013f6a                __interrupt_handler79
                0x060142e2                __interrupt_handler227
                0x06013e5c                __interrupt_handler34
                0x0601409c                __interrupt_handler130
                0x0601435a                __interrupt_handler247
                0x06013f52                __interrupt_handler75
                0x0601419e                __interrupt_handler173
                0x06013ece                __interrupt_handler53
                0x0601410e                __interrupt_handler149
                0x06014372                __interrupt_handler251
                0x06014306                __interrupt_handler233
                0x06013dcc                __interrupt_handler10
                0x06014258                __interrupt_handler204
                0x06013f7c                __interrupt_handler82
                0x06013f82                __interrupt_handler83
                0x06013e26                __interrupt_handler25
                0x06014342                __interrupt_handler243
                0x0601415c                __interrupt_handler162
                0x06013ea4                __interrupt_handler46
                0x060141bc                __interrupt_handler178
                0x06013f70                __interrupt_handler80
                0x06013f04                __interrupt_handler62
                0x06013d9c                __interrupt_handler2
                0x06013e3e                __interrupt_handler29
                0x06013f34                __interrupt_handler70
                0x0601401e                __interrupt_handler109
                0x06014108                __interrupt_handler148
                0x06013fc4                __interrupt_handler94
                0x060142d0                __interrupt_handler224
                0x06013ffa                __interrupt_handler103
                0x06013e68                __interrupt_handler36
                0x06014084                __interrupt_handler126
                0x06014354                __interrupt_handler246
                0x06013eda                __interrupt_handler55
                0x06013dd8                __interrupt_handler12
                0x06013ec8                __interrupt_handler52
                0x060141f2                __interrupt_handler187
                0x060140f0                __interrupt_handler144
                0x0601404e                __interrupt_handler117
                0x06013dfc                __interrupt_handler18
                0x0601422e                __interrupt_handler197
                0x06014120                __interrupt_handler152
                0x06014054                __interrupt_handler118
                0x0601418c                __interrupt_handler170
                0x06014246                __interrupt_handler201
                0x06013fd6                __interrupt_handler97
                0x06014162                __interrupt_handler163
                0x060141c8                __interrupt_handler180
                0x06014210                __interrupt_handler192
                0x06014330                __interrupt_handler240
                0x06014072                __interrupt_handler123
                0x06014294                __interrupt_handler214
                0x06013e4a                __interrupt_handler31
                0x06013e38                __interrupt_handler28
                0x06013f22                __interrupt_handler67
                0x06013f28                __interrupt_handler68
                0x06013e14                __interrupt_handler22
                0x06013e1a                __interrupt_handler23
                0x060141b0                __interrupt_handler176
                0x06013dba                __interrupt_handler7
                0x060142be                __interrupt_handler221
                0x060142a6                __interrupt_handler217
                0x060142ee                __interrupt_handler229
                0x06013eb6                __interrupt_handler49
                0x06013da8                __interrupt_handler4
                0x06013e80                __interrupt_handler40
                0x06014042                __interrupt_handler115
                0x06014312                __interrupt_handler235
                0x06013fb2                __interrupt_handler91
                0x06014264                __interrupt_handler206
                0x060141b6                __interrupt_handler177
                0x06014102                __interrupt_handler147
                0x06013e6e                __interrupt_handler37
                0x0601436c                __interrupt_handler250
                0x06013d96                __interrupt_handler1
                0x060142b2                __interrupt_handler219
                0x06013f58                __interrupt_handler76
                0x06013fe8                __interrupt_handler100
                0x06013eec                __interrupt_handler58
                0x06013dea                __interrupt_handler15
                0x06014288                __interrupt_handler212
                0x06014336                __interrupt_handler241
                0x0601424c                __interrupt_handler202
                0x06014216                __interrupt_handler193
                0x06013f64                __interrupt_handler78
                0x06013ebc                __interrupt_handler50
                0x06013e56                __interrupt_handler33
                0x06014174                __interrupt_handler166
                0x060140cc                __interrupt_handler138
                0x060140ba                __interrupt_handler135
                0x06013e44                __interrupt_handler30
                0x060141e0                __interrupt_handler184
                0x060140de                __interrupt_handler141
                0x060142f4                __interrupt_handler230
                0x06014318                __interrupt_handler236
                0x0601405a                __interrupt_handler119
                0x06013f94                __interrupt_handler86
                0x06014006                __interrupt_handler105
                0x06013f76                __interrupt_handler81
                0x06014060                __interrupt_handler120
                0x06014090                __interrupt_handler128
                0x06013ed4                __interrupt_handler54
                0x06013dd2                __interrupt_handler11
                0x0601423a                __interrupt_handler199
                0x0601412c                __interrupt_handler154
                0x06013e9e                __interrupt_handler45
                0x060142a0                __interrupt_handler216
                0x06014252                __interrupt_handler203
                0x06013fee                __interrupt_handler101
                0x06013f88                __interrupt_handler84
                0x060141e6                __interrupt_handler185
                0x060140e4                __interrupt_handler142
                0x06013e2c                __interrupt_handler26
                0x06013f10                __interrupt_handler64
                0x06014240                __interrupt_handler200
                0x0601426a                __interrupt_handler207
                0x0601421c                __interrupt_handler194
                0x06013fb8                __interrupt_handler92
                0x06014132                __interrupt_handler155
                0x06014282                __interrupt_handler211
                0x060140ae                __interrupt_handler133
                0x06013dae                __interrupt_handler5
                0x06013f46                __interrupt_handler73
                0x06013df0                __interrupt_handler16
                0x0601432a                __interrupt_handler239
                0x0601430c                __interrupt_handler234
                0x06013e62                __interrupt_handler35
                0x06013ef2                __interrupt_handler59
                0x06014186                __interrupt_handler169
                0x06013fdc                __interrupt_handler98
                0x06013f3a                __interrupt_handler71
                0x06013ec2                __interrupt_handler51
                0x0601414a                __interrupt_handler159
                0x060142dc                __interrupt_handler226
                0x06013fd0                __interrupt_handler96
                0x06014204                __interrupt_handler190
                0x060142b8                __interrupt_handler220
                0x06013dc0                __interrupt_handler8
                0x060141c2                __interrupt_handler179
                0x06014378                __interrupt_handler252
 *fill*         0x060143b4        0xc 00
 .text          0x060143c0     0x12a0 ../sbl6/segalib/lib/sega_spr.a(spr_2c.o)
                0x06015620                SlaveFlushDrawPrtyBlock
                0x060143c0                SPR_2Initial
                0x06014c04                SPR_2SysClip
                0x06014ba4                SPR_2LocalCoord
                0x0601549c                SPR_2FlushDrawPrtyBlock
                0x06015188                SPR_2DistSpr
                0x06014b8c                SPR_2FlushDrawPrty
                0x060152ac                SPR_2Cmd
                0x06014888                SPR_2GourTblNoToVram
                0x060148e8                SPR_2GetAreaSizeInfo
                0x06014650                SPR_2SetGourTbl
                0x06014e3c                SPR_2Polygon
                0x060148c4                SPR_2CharNoToVram
                0x060145d0                SPR_2SetTvMode
                0x06014a2c                SPR_2CloseCommand
                0x0601460c                SPR_2FrameEraseData
                0x060143e8                SPR_2Initial2
                0x0601501c                SPR_2ScaleSpr
                0x06014cac                SPR_2Line
                0x06014978                SPR_2OpenCommand
                0x060145ec                SPR_2FrameChgIntr
                0x06014ef8                SPR_2NormSpr
                0x06014680                SPR_2SetLookupTbl
                0x060146b4                SPR_2SetChar
                0x060148ac                SPR_2LookupTblNoToVram
                0x06014d80                SPR_2PolyLine
                0x06014820                SPR_2ClrAllChar
                0x060147d4                SPR_2ClrChar
                0x06014c50                SPR_2UserClip
 .text          0x06015660      0x1e6 ../sbl6/segalib/lib/sega_spr.a(spr_slv.o)
                0x060157c4                SPR_WaitEndSlaveSH
                0x06015660                SPR_SMPC_SSHON
                0x060157a0                SPR_RunSlaveSH
                0x06015664                SPR_InitSlaveSH
                0x0601572c                SPR_SlaveSHmain
                0x06015661                SPR_SMPC_SSHOFF
 *fill*         0x06015846        0xa 00
 .text          0x06015850      0x36a ../sbl6/segalib/lib/sega_spr.a(spr_1c.o)
                0x06015b04                SPR_WaitDrawEnd
                0x06015b1c                SPR_SetEosMode
                0x06015a34                SPR_SetEraseData
                0x06015850                SPR_Initial
                0x06015928                SPR_SetTvMode
                0x060159c0                SPR_GetStatus
 *fill*         0x06015bba        0x6 00
 .text          0x06015bc0      0x244 ../sbl6/segalib/lib/sega_spr.a(spr_2a.o)
                0x06015bd2                sprMemCpyW
                0x06015c30                flushDrawPrtyBlock
                0x06015bc0                sprMemCpyL
                0x06015be4                SPR_2SetDrawPrty
 *fill*         0x06015e04        0xc 00
 .text          0x06015e10      0x2fc ../sbl6/segalib/lib/sega_scl.a(scl_vblv.o)
                0x06015ecc                SCL_DisplayFrame
                0x06015e10                SCL_SetFrameInterval
                0x06015f00                SCL_VblInit
                0x06015f50                SCL_VblankStart
                0x06015f94                SCL_VblankEnd
 *fill*         0x0601610c        0x4 00
 .text          0x06016110     0x10a4 ../sbl6/segalib/lib/sega_scl.a(scl_pri.o)
                0x060161a4                SCL_AbortAutoVe
                0x06017054                SCL_SetShadowBit
                0x0601661c                SCL_AutoExec
                0x06016110                SCL_PriorityInit
                0x06016b30                SCL_IncColOffset
                0x060161b8                SCL_SetColMixRate
                0x06016188                SCL_GetColRamMode
 *fill*         0x060171b4        0xc 00
 .text          0x060171c0       0x9c ../sbl6/segalib/lib/sega_scl.a(scl_pr02.o)
                0x060171c0                SCL_SetColRam
 *fill*         0x0601725c        0x4 00
 .text          0x06017260      0x214 ../sbl6/segalib/lib/sega_scl.a(scl_pr07.o)
                0x06017260                SCL_SetPriority
 *fill*         0x06017474        0xc 00
 .text          0x06017480       0x98 ../sbl6/segalib/lib/sega_scl.a(scl_pr10.o)
                0x06017480                SCL_SetAutoColMix
 *fill*         0x06017518        0x8 00
 .text          0x06017520      0x278 ../sbl6/segalib/lib/sega_scl.a(scl_fu05.o)
                0x060175dc                SCL_SetLineParam
                0x06017528                SCL_InitLineParamTb
 *fill*         0x06017798        0x8 00
 .text          0x060177a0      0x1f4 ../sbl6/segalib/lib/sega_scl.a(scl_pr12.o)
                0x060177a0                SCL_SetColOffset
 *fill*         0x06017994        0xc 00
 .text          0x060179a0      0xb9c ../sbl6/segalib/lib/sega_scl.a(scl_func.o)
                0x0601837c                SCL_Vdp2_SGLInit
                0x0601828c                SCL_PriIntProc
                0x06018204                SCL_Memcpyw
                0x0601851c                SCL_SglOff
                0x060184fc                SCL_SglOn
                0x06018170                SCL_ScrollShow
                0x06017c18                SCL_Close
                0x06017f10                SCL_Scale
                0x060179a0                SCL_Vdp2Init
                0x06017d84                SCL_Move
                0x0601804c                SCL_CopyReg
                0x06017bf4                SCL_Open
                0x06017a24                SCL_ParametersInit
                0x06017c34                SCL_MoveTo
                0x0601822c                SCL_SetColRamMode
 *fill*         0x0601853c        0x4 00
 .text          0x06018540      0x180 ../sbl6/segalib/lib/sega_scl.a(scl_pr11.o)
                0x06018540                SCL_SetAutoColOffset
 .text          0x060186c0      0x1ec ../sbl6/segalib/lib/sega_scl.a(scl_fu01.o)
                0x060186c0                SCL_SetDisplayMode
 *fill*         0x060188ac        0x4 00
 .text          0x060188b0       0x28 ../sbl6/segalib/lib/sega_scl.a(scl_fu04.o)
                0x060188b0                SCL_SetCycleTable
 *fill*         0x060188d8        0x8 00
 .text          0x060188e0      0x138 ../sbl6/segalib/lib/sega_scl.a(scl_pr03.o)
                0x060188e0                SCL_FreeColRam
                0x06018918                SCL_AllocColRam
 *fill*         0x06018a18        0x8 00
 .text          0x06018a20       0x84 ../sbl6/segalib/lib/sega_scl.a(scl_back.o)
                0x06018a20                SCL_SetBack
 *fill*         0x06018aa4        0xc 00
 .text          0x06018ab0      0x94c ../sbl6/segalib/lib/sega_scl.a(scl_fu03.o)
                0x06018b0c                SCL_SetConfig
                0x06018ab0                SCL_InitConfigTb
 *fill*         0x060193fc        0x4 00
 .text          0x06019400      0x4f4 ../sbl6/segalib/lib/sega_scl.a(scl_fu02.o)
                0x06019438                SCL_SetVramConfig
                0x06019400                SCL_InitVramConfigTb
 *fill*         0x060198f4        0xc 00
 .text          0x06019900       0x58 ../sbl6/segalib/lib/sega_scl.a(scl_pr01.o)
                0x06019900                SCL_SetSpriteMode
 *fill*         0x06019958        0x8 00
 .text          0x06019960       0xac ../sbl6/segalib/lib/sega_scl.a(scl_pr05.o)
                0x06019960                SCL_GetColRamOffset
 *fill*         0x06019a0c        0x4 00
 .text          0x06019a10     0x1394 ../sbl6/segalib/lib/sega_scl.a(scl_ro00.o)
                0x0601abfc                SCL_RotateZD
                0x06019ec4                SCL_Rotate
                0x06019b98                SCL_InitRotateTable
 *fill*         0x0601ada4        0xc 00
 .text          0x0601adb0      0x1b4 ../sbl6/segalib/lib/sega_scl.a(scl_pr06.o)
                0x0601adb0                SCL_SetColRamOffset
 *fill*         0x0601af64        0xc 00
 .text          0x0601af70      0x600 ../sbl6/segalib/lib/sega_mth.a(mth_tri.o)
                0x0601b00c                fcos
                0x0601b012                fsin
                0x0601afbc                MTH_Cos
                0x0601af70                MTH_Sin
                0x0601b1b0                MTH_Atan
 .text          0x0601b570       0xa4 ../sbl6/segalib/lib/sega_mth.a(mth_fixd.o)
                0x0601b5c0                MTH_FixedToInt
                0x0601b5b0                MTH_IntToFixed
                0x0601b570                MTH_Mul
                0x0601b5d0                MTH_Product
                0x0601b590                MTH_Div
 *fill*         0x0601b614        0xc 00
 .text          0x0601b620       0x30 ../sbl6/segalib/lib/sega_mth.a(mth_rand.o)
                0x0601b630                MTH_GetRand
                0x0601b620                MTH_InitialRand
 .text          0x0601b650      0x3a0 ../sbl6/segalib/lib/sega_cdc.a(cdc_cmn.o)
                0x0601b7f4                CDC_TgetToc
                0x0601b998                CDC_DataEnd
                0x0601b6b8                CDC_GetPeriStat
                0x0601b92c                CDC_DataReady
                0x0601b904                CDC_CdOpen
                0x0601b880                CDC_CdInit
                0x0601b844                CDC_GetSes
                0x0601b6a0                CDC_GetLastStat
                0x0601b650                CDC_GetCurStat
                0x0601b78c                CDC_GetHwInfo
 .text          0x0601b9f0      0x152 ../sbl6/segalib/lib/sega_cdc.a(cdc_sub.o)
                0x0601ba98                CDSUB_GetCdstat
                0x0601ba08                CDSUB_UpdCdstat
                0x0601bad8                CDSUB_RspToCdstat
                0x0601bb20                CDSUB_SoftTimer
                0x0601b9f0                CDSUB_UpdStatus
                0x0601ba28                CDSUB_CdCmd
 *fill*         0x0601bb42        0xe 00
 .text          0x0601bb50      0x2dc ../sbl6/segalib/lib/sega_cdc.a(cdc_reg.o)
                0x0601bba4                CDREG_ClrHirqReq
                0x0601bb74                CDC_ClrHirqReq
                0x0601bc24                CDREG_TgetData
                0x0601bc14                CDC_GetMpegPtr
                0x0601bbf0                CDC_GetHirqMsk
                0x0601bb50                CDC_GetDataPtr
                0x0601bb60                CDC_GetHirqReq
                0x0601bd80                CDREG_WaitHirq
                0x0601bc04                CDC_SetHirqMsk
                0x0601bc80                CDREG_CmdRsp
                0x0601bbb4                CDREG_InitHirqReq
                0x0601bbdc                CDREG_SetHirqFlag
                0x0601bdf0                CDREG_ReadRsp
 *fill*         0x0601be2c        0x4 00
 .text          0x0601be30      0xf50 ../sbl6/segalib/lib/sega_per.a(per_prt.o)
                0x0601c250                PER_IntFunc
                0x0601c048                PER_LGetPer
                0x0601be30                PER_LInit
 .text          0x0601cd80       0x90 ../sbl6/segalib/lib/sega_sat.a(DMA_CPU1.o)
                0x0601cd80                DMA_CpuMemCopy1
 .text          0x0601ce10       0x94 ../sbl6/segalib/lib/sega_sat.a(DMA_CPU2.o)
                0x0601ce10                DMA_CpuMemCopy2
 *fill*         0x0601cea4        0xc 00
 .text          0x0601ceb0       0x50 ../sbl6/segalib/lib/sega_sat.a(DMA_CPU5.o)
                0x0601ceb0                DMA_CpuResult
 .text          0x0601cf00      0x1f4 ../sbl6/segalib/lib/sega_sat.a(DMA_SCU1.o)
                0x0601d05c                DMA_ScuResult
                0x0601cf00                DMA_ScuInit
                0x0601cf50                DMA_ScuMemCopy
 *fill*         0x0601d0f4        0xc 00
 .text          0x0601d100      0x1b6 ../sbl6/segalib/lib/sega_sat.a(DMA_CPU0.o)
                0x0601d148                DMA_CpuSetPrm
                0x0601d24c                DMA_CpuStart
                0x0601d2a4                DMA_CpuGetStatus
                0x0601d278                DMA_CpuAllStop
                0x0601d28c                DMA_CpuGetComStatus
                0x0601d100                DMA_CpuSetComPrm
                0x0601d260                DMA_CpuStop
 *fill*         0x0601d2b6        0xa 00
 .text          0x0601d2c0       0xe8 ../sbl6/segalib/lib/sega_sat.a(csh_main.o)
                0x0601d2c0                CSH_Init
                0x0601d328                CSH_AllClr
                0x0601d374                CSH_Purge
 *fill*         0x0601d3a8        0x8 00
 .text          0x0601d3b0      0x308 ../sbl6/segalib/lib/sega_sat.a(DMA_SCU0.o)
                0x0601d434                DMA_ScuStart
                0x0601d568                DMA_ScuIntFunc0
                0x0601d5d8                DMA_ScuIntFunc1
                0x0601d648                DMA_ScuIntFunc2
                0x0601d528                DMA_ScuGetStatus
                0x0601d3b0                DMA_ScuSetPrm
 *fill*         0x0601d6b8        0x8 00
 .text          0x0601d6c0       0x60 C:/saturn/SH_COFF/sh-coff/bin/../lib/gcc/sh-coff/3.4-GNUSH_v0501\libgcc.a(_ashiftrt.o)
                0x0601d6cc                __ashiftrt_r4_27
                0x0601d700                __ashiftrt_r4_6
                0x0601d6f0                __ashiftrt_r4_14
                0x0601d6e2                __ashiftrt_r4_19
                0x0601d6fa                __ashiftrt_r4_9
                0x0601d70e                __ashiftrt_r4_0
                0x0601d6c0                __ashiftrt_r4_31
                0x0601d6ce                __ashiftrt_r4_26
                0x0601d6dc                __ashiftrt_r4_22
                0x0601d6e8                __ashiftrt_r4_16
                0x0601d6f4                __ashiftrt_r4_12
                0x0601d6c8                __ashiftrt_r4_29
                0x0601d6e6                __ashiftrt_r4_17
                0x0601d6c6                __ashiftrt_r4_30
                0x0601d702                __ashiftrt_r4_5
                0x0601d6fc                __ashiftrt_r4_8
                0x0601d6c0                __ashiftrt_r4_32
                0x0601d6d0                __ashiftrt_r4_25
                0x0601d708                __ashiftrt_r4_2
                0x0601d6d2                __ashiftrt_r4_24
                0x0601d6ee                __ashiftrt_r4_15
                0x0601d6f8                __ashiftrt_r4_10
                0x0601d70a                __ashiftrt_r4_1
                0x0601d6ca                __ashiftrt_r4_28
                0x0601d6e0                __ashiftrt_r4_20
                0x0601d6fe                __ashiftrt_r4_7
                0x0601d6f2                __ashiftrt_r4_13
                0x0601d6f6                __ashiftrt_r4_11
                0x0601d704                __ashiftrt_r4_4
                0x0601d6da                __ashiftrt_r4_23
                0x0601d6e4                __ashiftrt_r4_18
                0x0601d6de                __ashiftrt_r4_21
                0x0601d706                __ashiftrt_r4_3
 .text          0x0601d720       0x70 C:/saturn/SH_COFF/sh-coff/bin/../lib/gcc/sh-coff/3.4-GNUSH_v0501\libgcc.a(_udivsi3.o)
                0x0601d742                __udivsi3
 .text          0x0601d790       0xb0 C:/saturn/SH_COFF/sh-coff/bin/../lib/gcc/sh-coff/3.4-GNUSH_v0501\libgcc.a(_si_to_df.o)
                0x0601d790                __floatsidf
 .text          0x0601d840      0x2e0 C:/saturn/SH_COFF/sh-coff/bin/../lib/gcc/sh-coff/3.4-GNUSH_v0501\libgcc.a(_mul_df.o)
                0x0601d850                __muldf3
 .text          0x0601db20       0x80 C:/saturn/SH_COFF/sh-coff/bin/../lib/gcc/sh-coff/3.4-GNUSH_v0501\libgcc.a(_df_to_si.o)
                0x0601db20                __fixdfsi
 .text          0x0601dba0       0xa0 C:/saturn/SH_COFF/sh-coff/bin/../lib/gcc/sh-coff/3.4-GNUSH_v0501\libgcc.a(_sdivsi3.o)
                0x0601dba0                __sdivsi3
 .text          0x0601dc40       0x90 C:/saturn/SH_COFF/sh-coff/bin/../lib/gcc/sh-coff/3.4-GNUSH_v0501\libgcc.a(_ashiftrt_n.o)
                0x0601dc40                __ashrsi3
 .text          0x0601dcd0       0x90 C:/saturn/SH_COFF/sh-coff/bin/../lib/gcc/sh-coff/3.4-GNUSH_v0501\libgcc.a(_ashiftlt.o)
                0x0601dcd0                __ashlsi3
 .text          0x0601dd60       0xb0 C:/saturn/SH_COFF/sh-coff/bin/../lib/gcc/sh-coff/3.4-GNUSH_v0501\libgcc.a(_movstr.o)
                0x0601dda0                __movstrSI16
                0x0601dd74                __movstrSI60
                0x0601dd80                __movstrSI48
                0x0601dd7c                __movstrSI52
                0x0601dd70                __movstrSI64
                0x0601dd84                __movstrSI44
                0x0601dd88                __movstrSI40
                0x0601dd8c                __movstrSI36
                0x0601ddc0                __movstr
                0x0601dd78                __movstrSI56
                0x0601dd94                __movstrSI28
                0x0601dd90                __movstrSI32
                0x0601dda4                __movstrSI12
                0x0601dda8                __movstrSI8
                0x0601ddb0                __movstrSI0
                0x0601dd98                __movstrSI24
                0x0601dd9c                __movstrSI20
                0x0601ddac                __movstrSI4
 .text          0x0601de10       0xa0 C:/saturn/SH_COFF/sh-coff/bin/../lib/gcc/sh-coff/3.4-GNUSH_v0501\libgcc.a(__main.o)
                0x0601de84                __main
                0x0601de10                __do_global_dtors
                0x0601de44                __do_global_ctors
 .text          0x0601deb0      0x220 C:/saturn/SH_COFF/sh-coff/bin/../lib/gcc/sh-coff/3.4-GNUSH_v0501\libgcc.a(_pack_df.o)
                0x0601dec0                __pack_d
 .text          0x0601e0d0      0x120 C:/saturn/SH_COFF/sh-coff/bin/../lib/gcc/sh-coff/3.4-GNUSH_v0501\libgcc.a(_unpack_df.o)
                0x0601e0e0                __unpack_d
 .text          0x0601e1f0       0x20 C:/saturn/SH_COFF/sh-coff/bin/../lib/gcc/sh-coff/3.4-GNUSH_v0501\libgcc.a(_thenan_df.o)
                0x0601e1f0                __thenan_df
 .text          0x0601e210       0xd0 C:/saturn/SH_COFF/sh-coff/bin/../lib/gcc/sh-coff/3.4-GNUSH_v0501\libgcc.a(_muldi3.o)
                0x0601e210                __muldi3
 .text          0x0601e2e0       0x80 C:/saturn/SH_COFF/sh-coff/bin/../lib/gcc/sh-coff/3.4-GNUSH_v0501\libgcc.a(_lshrdi3.o)
                0x0601e2e0                __lshrdi3
 .text          0x0601e360       0x80 C:/saturn/SH_COFF/sh-coff/bin/../lib/gcc/sh-coff/3.4-GNUSH_v0501\libgcc.a(_ashldi3.o)
                0x0601e360                __ashldi3
 .text          0x0601e3e0       0x30 C:/saturn/SH_COFF/sh-coff/bin/../lib/gcc/sh-coff/3.4-GNUSH_v0501\libgcc.a(_mulsi3.o)
                0x0601e3e0                __mulsi3
 .text          0x0601e410       0x90 C:/saturn/SH_COFF/sh-coff/bin/../lib/gcc/sh-coff/3.4-GNUSH_v0501\libgcc.a(_lshiftrt.o)
                0x0601e410                __lshrsi3
 .text          0x0601e4a0       0x40 C:/saturn/SH_COFF/sh-coff/bin/../lib/gcc/sh-coff/3.4-GNUSH_v0501/../../../../sh-coff/lib\libc.a(memset.o)
                0x0601e4a0                memset
 .text          0x0601e4e0       0xa0 C:/saturn/SH_COFF/sh-coff/bin/../lib/gcc/sh-coff/3.4-GNUSH_v0501/../../../../sh-coff/lib\libc.a(memcpy.o)
                0x0601e4e0                memcpy
 .text          0x0601e580       0x90 C:/saturn/SH_COFF/sh-coff/bin/../lib/gcc/sh-coff/3.4-GNUSH_v0501/../../../../sh-coff/lib\libc.a(atexit.o)
                0x0601e580                atexit
 .text          0x0601e610       0x10 C:/saturn/SH_COFF/sh-coff/bin/../lib/gcc/sh-coff/3.4-GNUSH_v0501/../../../../sh-coff/lib\libc.a(impure.o)
                0x0601e610                _global_impure_ptr
 .text          0x0601e620       0x40 C:/saturn/SH_COFF/sh-coff/bin/../lib/gcc/sh-coff/3.4-GNUSH_v0501/../../../../sh-coff/lib\libc.a(malloc.o)
                0x0601e63c                free
                0x0601e620                malloc
 .text          0x0601e660      0x5b0 C:/saturn/SH_COFF/sh-coff/bin/../lib/gcc/sh-coff/3.4-GNUSH_v0501/../../../../sh-coff/lib\libc.a(mallocr.o)
                0x0601e660                _malloc_r
 .text          0x0601ec10      0x340 C:/saturn/SH_COFF/sh-coff/bin/../lib/gcc/sh-coff/3.4-GNUSH_v0501/../../../../sh-coff/lib\libc.a(freer.o)
                0x0601ec10                _malloc_trim_r
                0x0601ed04                _free_r
 .text          0x0601ef50       0x20 C:/saturn/SH_COFF/sh-coff/bin/../lib/gcc/sh-coff/3.4-GNUSH_v0501/../../../../sh-coff/lib\libc.a(mlock.o)
                0x0601ef50                __malloc_lock
                0x0601ef5c                __malloc_unlock
 .text          0x0601ef70       0x50 C:/saturn/SH_COFF/sh-coff/bin/../lib/gcc/sh-coff/3.4-GNUSH_v0501/../../../../sh-coff/lib\libc.a(sbrkr.o)
                0x0601ef70                _sbrk_r
 .text          0x0601efc0      0x380 C:/saturn/SH_COFF/sh-coff/bin/../lib/gcc/sh-coff/3.4-GNUSH_v0501/../../../../sh-coff/lib\libc.a(syscalls.o)
                0x0601f12c                _exit
                0x0601f160                _getpid
                0x0601f1c8                _utime
                0x0601eff8                _write
                0x0601efc0                _read
                0x0601f114                _unlink
                0x0601f0dc                _open
                0x0601f178                _stat
                0x0601f120                isatty
                0x0601f1f8                _wait
                0x0601f144                _kill
                0x0601f194                _chmod
                0x0601f228                _execv
                0x0601f20c                _execve
                0x0601f304                __setup_argv_and_call_main
                0x0601f260                _gettimeofday
                0x0601f02c                _link
                0x0601f16c                _raise
                0x0601f0f8                _creat
                0x0601f240                _pipe
                0x0601f1ac                _chown
                0x0601efdc                _lseek
                0x0601f014                _close
                0x0601f254                _times
                0x0601f0c8                _fstat
                0x0601f1e4                _fork
                0x0601f054                _sbrk
 .text          0x0601f340       0x20 C:/saturn/SH_COFF/sh-coff/bin/../lib/gcc/sh-coff/3.4-GNUSH_v0501/../../../../sh-coff/lib\libc.a(trap.o)
                0x0601f340                __trap34
 .text          0x0601f360       0x20 C:/saturn/SH_COFF/sh-coff/bin/../lib/gcc/sh-coff/3.4-GNUSH_v0501/../../../../sh-coff/lib\libc.a(abort.o)
                0x0601f360                abort
 .text          0x0601f380      0x270 C:/saturn/SH_COFF/sh-coff/bin/../lib/gcc/sh-coff/3.4-GNUSH_v0501/../../../../sh-coff/lib\libc.a(signal.o)
                0x0601f440                _raise_r
                0x0601f5c8                __sigtramp
                0x0601f574                raise
                0x0601f5b0                _init_signal
                0x0601f500                __sigtramp_r
                0x0601f590                signal
                0x0601f3cc                _signal_r
                0x0601f380                _init_signal_r
 .text          0x0601f5f0       0x60 C:/saturn/SH_COFF/sh-coff/bin/../lib/gcc/sh-coff/3.4-GNUSH_v0501/../../../../sh-coff/lib\libc.a(signalr.o)
                0x0601f638                _getpid_r
                0x0601f5f0                _kill_r
 *(.strings)

.tors           0x0601f650        0x0
                0x0601f650                ___ctors = .
 *(.ctors)
                0x0601f650                ___ctors_end = .
                0x0601f650                ___dtors = .
 *(.dtors)
                0x0601f650                ___dtors_end = .

.data           0x0601f650     0x39b0
                0x0601f650                STARTOF_R = .
 *(.data)
 .data          0x0601f650      0x400 ../sbl6/segasmp/per/smpclib/per_x1.o
 .data          0x0601fa50     0x2690 graphics.o
                0x0601ffcc                cyberblock_name
                0x060214b2                girl2_num
                0x0602001c                metalorange_name
                0x0602002a                metalorange_num
                0x060210a6                girl3_num
                0x0601fb2c                menufont_pal
                0x0601fb7a                menufont_num
                0x060218be                girl1_num
                0x0601ffdc                metalorange_pal
                0x060218c0                roarframes_pal
                0x0601fb18                starnear_name
                0x06021cd0                roarbg_pal
                0x060220d0                roarbg_name
                0x0601faa2                starspr_num
                0x060218b4                girl1_name
                0x0602002c                title_pal
                0x0601faee                font_height
                0x06021cc0                roarframes_name
                0x0602109c                girl3_name
                0x060214b4                girl1_pal
                0x0601fb6c                menufont_name
                0x0601ff8a                chipframes_num
                0x06020c9c                girl3_pal
                0x0601faa0                starspr_size
                0x0602088e                girl5_num
                0x06020436                title_num
                0x0601fae4                font_name
                0x0601fa50                starspr_pal
                0x060220dc                roarbg_num
                0x0601ffda                cyberblock_num
                0x06020484                girl5_pal
                0x0601faf0                font_width
                0x06020482                stars_num
                0x0602042c                title_name
                0x0601ff7c                chipframes_name
                0x0601faf8                starfar_name
                0x06020478                stars_name
                0x0601faf4                font_num
                0x0601faa4                font_pal
                0x0601fb16                starmid_width
                0x0601fb28                starnear_width
                0x0601fa9e                starspr_width
                0x0601fb7c                chipframes_pal
                0x0601fb04                starfar_height
                0x06020c9a                girl4_num
                0x0601faf2                font_size
                0x0601fa90                starspr_name
                0x06021cce                roarframes_num
                0x0601ff8c                cyberblock_pal
                0x0601fb26                starnear_height
                0x0601fb08                starmid_name
                0x06020884                girl5_name
                0x06020890                girl4_pal
                0x0601fb14                starmid_height
                0x06020438                stars_pal
                0x0601fa9c                starspr_height
                0x06020c90                girl4_name
                0x060210a8                girl2_pal
                0x0601fb06                starfar_width
                0x060214a8                girl2_name
 .data          0x060220e0      0x1a0 intro.o
 .data          0x06022280       0x40 logo.o
 .data          0x060222c0       0x50 menu.o
 .data          0x06022310       0x10 pcmsys.o
                0x06022314                scsp_load
                0x06022318                m68k_com
                0x06022310                master_volume
 .data          0x06022320       0x30 scroll.o
                0x06022330                CycleTbLoRes
                0x06022340                vram
                0x06022320                CycleTbHiRes
 .data          0x06022350       0x30 sprite.o
 .data          0x06022380      0x400 ../sbl6/segalib/lib/sega_int.a(int.o)
 .data          0x06022780       0x1c ../sbl6/segalib/lib/sega_spr.a(spr_slv.o)
                0x06022788                SPR_SlaveParam
                0x06022798                SPR_SMPC_SF
                0x06022790                SPR_SMPC_COM
                0x0602278c                SPR_SlaveSHEntry
                0x06022784                SPR_SlaveState
                0x06022780                SPR_SlaveCommand
                0x06022794                SPR_SMPC_RET
 *fill*         0x0602279c        0x4 00
 .data          0x060227a0       0x34 ../sbl6/segalib/lib/sega_spr.a(spr_1c.o)
                0x060227a0                SpInitialFlag
 *fill*         0x060227d4        0xc 00
 .data          0x060227e0       0x1c ../sbl6/segalib/lib/sega_scl.a(scl_vblv.o)
                0x060227e8                VBInterval
                0x060227f0                ReqDisplayFlag
                0x060227e0                SpFrameChgMode
                0x060227ec                VBIntervalCounter
                0x060227e4                SpFrameEraseMode
 *fill*         0x060227fc        0x4 00
 .data          0x06022800       0x18 ../sbl6/segalib/lib/sega_scl.a(scl_pri.o)
                0x06022804                SclRealSpPriNum
                0x06022814                SclRealColOffset
                0x06022810                SclRealBgColMix
                0x0602280c                SclRealSpColMix
                0x06022808                SclRealBgPriNum
                0x06022800                SclRealOtherPri
 *fill*         0x06022818        0x8 00
 .data          0x06022820       0x36 ../sbl6/segalib/lib/sega_scl.a(scl_func.o)
                0x06022830                SclRotregBuff
                0x0602282c                SclDisplayY
                0x06022834                SclRotateTableMode
                0x06022828                SclProcess
                0x06022824                SclCurSclNum
                0x06022820                SclLengthLsTbl
                0x0602282a                SclDisplayX
                0x06022822                SclLengthCsTbl
 *fill*         0x06022856        0xa 00
 .data          0x06022860        0x4 ../sbl6/segalib/lib/sega_mth.a(mth_rand.o)
 *fill*         0x06022864        0xc 00
 .data          0x06022870      0x380 C:/saturn/SH_COFF/sh-coff/bin/../lib/gcc/sh-coff/3.4-GNUSH_v0501/../../../../sh-coff/lib\libc.a(impure.o)
                0x06022bec                _impure_ptr
 .data          0x06022bf0      0x410 C:/saturn/SH_COFF/sh-coff/bin/../lib/gcc/sh-coff/3.4-GNUSH_v0501/../../../../sh-coff/lib\libc.a(mallocr.o)
                0x06022bf8                __malloc_av_
                0x06022bf4                __malloc_trim_threshold
                0x06022bf0                __malloc_sbrk_base
                0x06023000                SIZEOF_R = (. - STARTOF_R)
                0x06023000                ENDOF_R = .

.bss            0x06023000     0xec74
                0x06023000                STARTOF_B = .
 *(.bss)
 .bss           0x06023000       0x10 vblank.o
                0x06023004                PadData2E
                0x0602300a                PadData1
                0x06023006                PadData2
                0x06023008                PadData1E
                0x06023000                __port
 .bss           0x06023010       0xd0 ../sbl6/segasmp/per/smpclib/per_x2.o
 .bss           0x060230e0     0x1970 intro.o
 .bss           0x06024a50       0x20 logo.o
 .bss           0x06024a70       0x70 menu.o
                0x06024a70                nudity
 .bss           0x06024ae0       0x10 pcmsys.o
                0x06024ae0                numberPCMs
 .bss           0x06024af0       0x10 scroll.o
                0x06024af0                scroll_res
 .bss           0x06024b00     0x3800 sprite.o
                0x06024b00                num_sprites
 .bss           0x06028300       0x10 main.o
                0x06028300                frame
 .bss           0x06028310       0x6e ../sbl6/segalib/lib/sega_spr.a(spr_2c.o)
 *fill*         0x0602837e        0x2 00
 .bss           0x06028380        0x4 ../sbl6/segalib/lib/sega_scl.a(scl_vblv.o)
 *fill*         0x06028384        0xc 00
 .bss           0x06028390     0x1900 ../sbl6/segalib/lib/sega_scl.a(scl_fu05.o)
 .bss           0x06029c90        0x4 ../sbl6/segalib/lib/sega_scl.a(scl_func.o)
 *fill*         0x06029c94        0xc 00
 .bss           0x06029ca0       0x48 ../sbl6/segalib/lib/sega_scl.a(scl_ro00.o)
 *fill*         0x06029ce8        0x8 00
 .bss           0x06029cf0        0xc ../sbl6/segalib/lib/sega_cdc.a(cdc_sub.o)
 *fill*         0x06029cfc        0x4 00
 .bss           0x06029d00        0x2 ../sbl6/segalib/lib/sega_cdc.a(cdc_reg.o)
 *fill*         0x06029d02        0xe 00
 .bss           0x06029d10       0x9c ../sbl6/segalib/lib/sega_per.a(per_prt.o)
 *fill*         0x06029dac        0x4 00
 .bss           0x06029db0        0xc ../sbl6/segalib/lib/sega_sat.a(DMA_SCU1.o)
 *fill*         0x06029dbc        0x4 00
 .bss           0x06029dc0       0x20 ../sbl6/segalib/lib/sega_sat.a(DMA_SCU0.o)
 .bss           0x06029de0       0x10 C:/saturn/SH_COFF/sh-coff/bin/../lib/gcc/sh-coff/3.4-GNUSH_v0501\libgcc.a(__main.o)
 .bss           0x06029df0       0x10 C:/saturn/SH_COFF/sh-coff/bin/../lib/gcc/sh-coff/3.4-GNUSH_v0501/../../../../sh-coff/lib\libc.a(atexit.o)
 .bss           0x06029e00       0x40 C:/saturn/SH_COFF/sh-coff/bin/../lib/gcc/sh-coff/3.4-GNUSH_v0501/../../../../sh-coff/lib\libc.a(mallocr.o)
                0x06029e30                __malloc_top_pad
                0x06029e00                __malloc_current_mallinfo
                0x06029e2c                __malloc_max_sbrked_mem
                0x06029e28                __malloc_max_total_mem
 .bss           0x06029e40       0x10 C:/saturn/SH_COFF/sh-coff/bin/../lib/gcc/sh-coff/3.4-GNUSH_v0501/../../../../sh-coff/lib\libc.a(syscalls.o)
 *(COMMON)
 COMMON         0x06029e50     0x1674 cd.o
                                  0x0 (size before relaxing)
                0x06029e50                dirname
                0x0602a7b0                lib_work
                0x0602b4b8                directory_table
 *fill*         0x0602b4c4        0xc 00
 COMMON         0x0602b4d0     0x14a0 print.o
                                  0x0 (size before relaxing)
                0x0602b4d0                text
 COMMON         0x0602c970      0x23c scroll.o
                                  0x0 (size before relaxing)
                0x0602c970                scfg3
                0x0602ca00                scfg0
                0x0602ca90                scfg2
                0x0602cb20                scfg1
 *fill*         0x0602cbac        0x4 00
 COMMON         0x0602cbb0     0x35e0 sprite.o
                                  0x0 (size before relaxing)
                0x0602cbb0                sprites
                0x0602e190                sprite_buf
 COMMON         0x06030190       0x8c main.o
                                  0x0 (size before relaxing)
                0x06030190                off_config
 *fill*         0x0603021c        0x4 00
 COMMON         0x06030220      0x400 ../sbl6/segalib/lib/sega_int.a(int.o)
                                  0x0 (size before relaxing)
                0x06030220                __interrupt_vector
 COMMON         0x06030620       0x50 ../sbl6/segalib/lib/sega_spr.a(spr_2c.o)
                                  0x0 (size before relaxing)
                0x06030620                SpMstCmd
                0x06030624                Sp2OpenFlag
                0x06030628                SpGourTblMax
                0x0603062c                SpDrawPrtyBlk
                0x06030630                SpLCoordX
                0x06030634                SpMstDrawPrtyBlk
                0x06030638                SpGourTbl
                0x0603063c                SpLookupTblR
                0x06030640                SpCmdTbl
                0x06030644                SpCharMax
                0x06030648                SpDrawPrtyProcFlag
                0x0603064c                SpCmdNo
                0x06030650                SpDrawPrtyBlkMax
                0x06030654                SpSlvCmdPos
                0x06030658                SpSlvDrawPrtyBlk
                0x0603065c                SpCharTbl
                0x06030660                SpCmdTblR
                0x06030664                SpMstCmdPos
                0x06030668                SpSlvCmd
                0x0603066c                SpLCoordY
 COMMON         0x06030670       0x10 ../sbl6/segalib/lib/sega_spr.a(spr_1c.o)
                                  0x0 (size before relaxing)
                0x06030670                SpScreenY
                0x06030674                SpFbcrMode
                0x06030676                SpDil
                0x06030678                SpDie
                0x0603067a                SpTvMode
                0x0603067c                SpScreenX
 COMMON         0x06030680      0x6b0 ../sbl6/segalib/lib/sega_scl.a(scl_pri.o)
                                  0x0 (size before relaxing)
                0x06030680                SclAutoEndBlue2
                0x06030690                SclColOffset
                0x060306a0                SclPriBuffDirty
                0x060306a2                SclAutoEndRed
                0x060306a4                SclAutoSurface
                0x060306a8                SclAutoGreen
                0x060306aa                SclAutoEndGreen
                0x060306ac                SclAutoCount
                0x060306b0                SclColRamAlloc256
                0x060306d0                SclAutoCurRate
                0x060306d1                SclAutoPlusFlag
                0x060306d8                SclSpColMix
                0x060306e0                SclAutoMax
                0x060306e4                SclLineColRamOffset
                0x060306e8                SclColRamAlloc2048
                0x060306ec                SclBgPriNum
                0x060306f2                SclAutoEndBlue
                0x060306f4                SclAutoEndGreen2
                0x060306f6                SclAutoVeFlag
                0x060306f8                SclBgColMix
                0x06030700                SclAutoIndex
                0x06030704                SclAutoEndRate
                0x06030706                SclAutoBlue
                0x06030708                SclAutoRed
                0x0603070c                SclAutoInterval
                0x06030710                SclOtherPri
                0x06030720                SclAutoRGB
                0x06030d20                SclAutoEndRed2
                0x06030d28                SclSpPriNum
 COMMON         0x06030d30      0xf00 ../sbl6/segalib/lib/sega_scl.a(scl_func.o)
                                  0x0 (size before relaxing)
                0x06030d30                SclRbgKtbAddr
                0x06030d38                SclRb
                0x06030d3a                Scl_flag
                0x06030d40                SclK_TableBuff
                0x06031a10                SclAddrCsTbl
                0x06031a20                Scl_s_reg
                0x06031a48                SclRotateXy
                0x06031a50                Scl_d_reg
                0x06031a98                SclRotateDisp
                0x06031aa0                SclRotateMoveZ
                0x06031aa8                SclRotXySw
                0x06031ab0                Scl_r_reg
                0x06031ac0                SclRPMD
                0x06031ac8                SclRbgKtbOffset
                0x06031ad0                _SclRotregBuff
                0x06031ba0                SclRa
                0x06031ba8                SclRotateZ
                0x06031bb0                SclAddrLsTbl
                0x06031bb8                SclK_TableNum
                0x06031bc0                SclRotateTableAddress
                0x06031bc4                SclK_TableFlag
                0x06031bd0                Scl_w_reg
                0x06031bf0                Scl_n_reg
 COMMON         0x06031c30       0x10 ../sbl6/segalib/lib/sega_scl.a(scl_ro00.o)
                                  0x0 (size before relaxing)
                0x06031c30                SclCsx
                0x06031c38                SclCsy
 COMMON         0x06031c40       0x15 ../sbl6/segalib/lib/sega_per.a(per_prt.o)
                                  0x0 (size before relaxing)
                0x06031c40                per_get_time_flg
                0x06031c41                per_hot_res
                0x06031c42                per_set_sys_flg
                0x06031c44                per_get_time_adr
                0x06031c48                per_get_sys_data
                0x06031c54                per_time_out_flg
 *fill*         0x06031c55        0xb 00
 COMMON         0x06031c60        0x8 ../sbl6/segalib/lib/sega_sat.a(DMA_CPU5.o)
                                  0x0 (size before relaxing)
                0x06031c60                dma_cpu_cnt
                0x06031c64                dma_cpu_dis_adr
 *fill*         0x06031c68        0x8 00
 COMMON         0x06031c70        0x4 C:/saturn/SH_COFF/sh-coff/bin/../lib/gcc/sh-coff/3.4-GNUSH_v0501/../../../../sh-coff/lib\libc.a(syscalls.o)
                                  0x0 (size before relaxing)
                0x06031c70                errno
                0x06031c74                SIZEOF_B = (. - STARTOF_B)
                0x06031c74                ENDOF_B = .
                0x06031c74                _end = .
OUTPUT(main.cof coff-sh)

.comment        0x06031c80      0x4c0
 .comment       0x06031c80       0x20 ../sbl6/segasmp/lib/strt2_g.o
 .comment       0x06031ca0       0x20 vblank.o
 .comment       0x06031cc0       0x20 ../sbl6/segasmp/per/smpclib/per_x1.o
 .comment       0x06031ce0       0x20 ../sbl6/segasmp/per/smpclib/per_x2.o
 .comment       0x06031d00       0x20 cd.o
 .comment       0x06031d20       0x20 crc.o
 .comment       0x06031d40       0x20 devcart.o
 .comment       0x06031d60       0x20 graphics.o
 .comment       0x06031d80       0x20 intro.o
 .comment       0x06031da0       0x20 logo.o
 .comment       0x06031dc0       0x20 menu.o
 .comment       0x06031de0       0x20 pcmsys.o
 .comment       0x06031e00       0x20 print.o
 .comment       0x06031e20       0x20 scroll.o
 .comment       0x06031e40       0x20 sound.o
 .comment       0x06031e60       0x20 sprite.o
 .comment       0x06031e80       0x20 main.o
 .comment       0x06031ea0       0x20 C:/saturn/SH_COFF/sh-coff/bin/../lib/gcc/sh-coff/3.4-GNUSH_v0501\libgcc.a(_si_to_df.o)
 .comment       0x06031ec0       0x20 C:/saturn/SH_COFF/sh-coff/bin/../lib/gcc/sh-coff/3.4-GNUSH_v0501\libgcc.a(_mul_df.o)
 .comment       0x06031ee0       0x20 C:/saturn/SH_COFF/sh-coff/bin/../lib/gcc/sh-coff/3.4-GNUSH_v0501\libgcc.a(_df_to_si.o)
 .comment       0x06031f00       0x20 C:/saturn/SH_COFF/sh-coff/bin/../lib/gcc/sh-coff/3.4-GNUSH_v0501\libgcc.a(__main.o)
 .comment       0x06031f20       0x20 C:/saturn/SH_COFF/sh-coff/bin/../lib/gcc/sh-coff/3.4-GNUSH_v0501\libgcc.a(_pack_df.o)
 .comment       0x06031f40       0x20 C:/saturn/SH_COFF/sh-coff/bin/../lib/gcc/sh-coff/3.4-GNUSH_v0501\libgcc.a(_unpack_df.o)
 .comment       0x06031f60       0x20 C:/saturn/SH_COFF/sh-coff/bin/../lib/gcc/sh-coff/3.4-GNUSH_v0501\libgcc.a(_thenan_df.o)
 .comment       0x06031f80       0x20 C:/saturn/SH_COFF/sh-coff/bin/../lib/gcc/sh-coff/3.4-GNUSH_v0501\libgcc.a(_muldi3.o)
 .comment       0x06031fa0       0x20 C:/saturn/SH_COFF/sh-coff/bin/../lib/gcc/sh-coff/3.4-GNUSH_v0501\libgcc.a(_lshrdi3.o)
 .comment       0x06031fc0       0x20 C:/saturn/SH_COFF/sh-coff/bin/../lib/gcc/sh-coff/3.4-GNUSH_v0501\libgcc.a(_ashldi3.o)
 .comment       0x06031fe0       0x20 C:/saturn/SH_COFF/sh-coff/bin/../lib/gcc/sh-coff/3.4-GNUSH_v0501/../../../../sh-coff/lib\libc.a(atexit.o)
 .comment       0x06032000       0x20 C:/saturn/SH_COFF/sh-coff/bin/../lib/gcc/sh-coff/3.4-GNUSH_v0501/../../../../sh-coff/lib\libc.a(impure.o)
 .comment       0x06032020       0x20 C:/saturn/SH_COFF/sh-coff/bin/../lib/gcc/sh-coff/3.4-GNUSH_v0501/../../../../sh-coff/lib\libc.a(malloc.o)
 .comment       0x06032040       0x20 C:/saturn/SH_COFF/sh-coff/bin/../lib/gcc/sh-coff/3.4-GNUSH_v0501/../../../../sh-coff/lib\libc.a(mallocr.o)
 .comment       0x06032060       0x20 C:/saturn/SH_COFF/sh-coff/bin/../lib/gcc/sh-coff/3.4-GNUSH_v0501/../../../../sh-coff/lib\libc.a(freer.o)
 .comment       0x06032080       0x20 C:/saturn/SH_COFF/sh-coff/bin/../lib/gcc/sh-coff/3.4-GNUSH_v0501/../../../../sh-coff/lib\libc.a(mlock.o)
 .comment       0x060320a0       0x20 C:/saturn/SH_COFF/sh-coff/bin/../lib/gcc/sh-coff/3.4-GNUSH_v0501/../../../../sh-coff/lib\libc.a(sbrkr.o)
 .comment       0x060320c0       0x20 C:/saturn/SH_COFF/sh-coff/bin/../lib/gcc/sh-coff/3.4-GNUSH_v0501/../../../../sh-coff/lib\libc.a(syscalls.o)
 .comment       0x060320e0       0x20 C:/saturn/SH_COFF/sh-coff/bin/../lib/gcc/sh-coff/3.4-GNUSH_v0501/../../../../sh-coff/lib\libc.a(abort.o)
 .comment       0x06032100       0x20 C:/saturn/SH_COFF/sh-coff/bin/../lib/gcc/sh-coff/3.4-GNUSH_v0501/../../../../sh-coff/lib\libc.a(signal.o)
 .comment       0x06032120       0x20 C:/saturn/SH_COFF/sh-coff/bin/../lib/gcc/sh-coff/3.4-GNUSH_v0501/../../../../sh-coff/lib\libc.a(signalr.o)
