Archive member included because of file (symbol)

c:/saturn/sbl6/segalib/lib/sega_int.a(int.o)
                              vblank.o (INT_SetScuFunc)
c:/saturn/sbl6/segalib/lib/sega_int.a(int_trmp.o)
                              c:/saturn/sbl6/segalib/lib/sega_int.a(int.o) (__interrupt_handler0)
c:/saturn/sbl6/segalib/lib/sega_spr.a(spr_2c.o)
                              sprite.o (SPR_2Initial)
c:/saturn/sbl6/segalib/lib/sega_spr.a(spr_slv.o)
                              c:/saturn/sbl6/segalib/lib/sega_spr.a(spr_2c.o) (SPR_InitSlaveSH)
c:/saturn/sbl6/segalib/lib/sega_spr.a(spr_1c.o)
                              c:/saturn/sbl6/segalib/lib/sega_spr.a(spr_2c.o) (SPR_Initial)
c:/saturn/sbl6/segalib/lib/sega_spr.a(spr_2a.o)
                              c:/saturn/sbl6/segalib/lib/sega_spr.a(spr_2c.o) (SPR_2SetDrawPrty)
c:/saturn/sbl6/segalib/lib/sega_scl.a(scl_vblv.o)
                              c:/saturn/sbl6/segalib/lib/sega_spr.a(spr_1c.o) (SpFrameChgMode)
c:/saturn/sbl6/segalib/lib/sega_scl.a(scl_pr12.o)
                              cutscene.o (SCL_SetColOffset)
c:/saturn/sbl6/segalib/lib/sega_scl.a(scl_pr02.o)
                              cutscene.o (SCL_SetColRam)
c:/saturn/sbl6/segalib/lib/sega_scl.a(scl_pr11.o)
                              cutscene.o (SCL_SetAutoColOffset)
c:/saturn/sbl6/segalib/lib/sega_scl.a(scl_fu05.o)
                              game.o (SCL_InitLineParamTb)
c:/saturn/sbl6/segalib/lib/sega_scl.a(scl_pr07.o)
                              game.o (SCL_SetPriority)
c:/saturn/sbl6/segalib/lib/sega_scl.a(scl_func.o)
                              c:/saturn/sbl6/segalib/lib/sega_scl.a(scl_fu05.o) (SclLengthLsTbl)
c:/saturn/sbl6/segalib/lib/sega_scl.a(scl_pri.o)
                              c:/saturn/sbl6/segalib/lib/sega_scl.a(scl_func.o) (SclRealOtherPri)
c:/saturn/sbl6/segalib/lib/sega_scl.a(scl_pr10.o)
                              intro.o (SCL_SetAutoColMix)
c:/saturn/sbl6/segalib/lib/sega_scl.a(scl_pr01.o)
                              scroll.o (SCL_SetSpriteMode)
c:/saturn/sbl6/segalib/lib/sega_scl.a(scl_fu01.o)
                              scroll.o (SCL_SetDisplayMode)
c:/saturn/sbl6/segalib/lib/sega_scl.a(scl_fu04.o)
                              scroll.o (SCL_SetCycleTable)
c:/saturn/sbl6/segalib/lib/sega_scl.a(scl_pr03.o)
                              scroll.o (SCL_AllocColRam)
c:/saturn/sbl6/segalib/lib/sega_scl.a(scl_back.o)
                              scroll.o (SCL_SetBack)
c:/saturn/sbl6/segalib/lib/sega_scl.a(scl_fu03.o)
                              scroll.o (SCL_InitConfigTb)
c:/saturn/sbl6/segalib/lib/sega_scl.a(scl_fu02.o)
                              scroll.o (SCL_InitVramConfigTb)
c:/saturn/sbl6/segalib/lib/sega_scl.a(scl_pr09.o)
                              scroll.o (SCL_SetColMixMode)
c:/saturn/sbl6/segalib/lib/sega_scl.a(scl_pr05.o)
                              c:/saturn/sbl6/segalib/lib/sega_scl.a(scl_pr02.o) (SCL_GetColRamOffset)
c:/saturn/sbl6/segalib/lib/sega_scl.a(scl_ro00.o)
                              c:/saturn/sbl6/segalib/lib/sega_scl.a(scl_func.o) (SCL_Rotate)
c:/saturn/sbl6/segalib/lib/sega_scl.a(scl_pr06.o)
                              c:/saturn/sbl6/segalib/lib/sega_scl.a(scl_pr03.o) (SCL_SetColRamOffset)
c:/saturn/sbl6/segalib/lib/sega_mth.a(mth_tri.o)
                              ball.o (MTH_Sin)
c:/saturn/sbl6/segalib/lib/sega_mth.a(mth_fixd.o)
                              ball.o (MTH_Mul)
c:/saturn/sbl6/segalib/lib/sega_mth.a(mth_rand.o)
                              main.o (MTH_InitialRand)
c:/saturn/sbl6/segalib/lib/sega_cdc.a(cdc_drv.o)
                              sound.o (CDC_CdPlay)
c:/saturn/sbl6/segalib/lib/sega_cdc.a(cdc_cmn.o)
                              main.o (CDC_GetPeriStat)
c:/saturn/sbl6/segalib/lib/sega_cdc.a(cdc_sub.o)
                              c:/saturn/sbl6/segalib/lib/sega_cdc.a(cdc_cmn.o) (CDSUB_UpdStatus)
c:/saturn/sbl6/segalib/lib/sega_cdc.a(cdc_reg.o)
                              c:/saturn/sbl6/segalib/lib/sega_cdc.a(cdc_cmn.o) (CDREG_ClrHirqReq)
c:/saturn/sbl6/segalib/lib/sega_per.a(per_prt.o)
                              smpclib/per_x2.o (PER_LInit)
c:/saturn/sbl6/segalib/lib/sega_sat.a(gfs.o)
                              cd.o (GFS_Init)
c:/saturn/sbl6/segalib/lib/sega_sat.a(DMA_CPU1.o)
                              game.o (DMA_CpuMemCopy1)
c:/saturn/sbl6/segalib/lib/sega_sat.a(DMA_CPU2.o)
                              intro.o (DMA_CpuMemCopy2)
c:/saturn/sbl6/segalib/lib/sega_sat.a(DMA_SCU1.o)
                              c:/saturn/sbl6/segalib/lib/sega_spr.a(spr_2c.o) (DMA_ScuMemCopy)
c:/saturn/sbl6/segalib/lib/sega_sat.a(gfs_cdf.o)
                              c:/saturn/sbl6/segalib/lib/sega_sat.a(gfs.o) (GFCF_Init)
c:/saturn/sbl6/segalib/lib/sega_sat.a(gfs_dir.o)
                              c:/saturn/sbl6/segalib/lib/sega_sat.a(gfs.o) (GFDR_SetupDirTbl)
c:/saturn/sbl6/segalib/lib/sega_sat.a(gfs_trn.o)
[...]
Memory Configuration

Name             Origin             Length             Attributes
*default*        0x00000000         0xffffffff

Linker script and memory map

LOAD c:/saturn/sbl6/segasmp/lib/strt1_g.o
LOAD c:/saturn/sbl6/segasmp/lib/strt2_g.o
LOAD vblank.o
LOAD smpclib/per_x1.o
LOAD smpclib/per_x2.o
LOAD smpclib/per_x3.o
LOAD spritecode/explosion.o
LOAD ball.o
LOAD barrier.o
LOAD capsule.o
LOAD cutscene.o
LOAD cd.o
LOAD crc.o
LOAD devcart.o
LOAD game.o
LOAD graphics.o
LOAD intro.o
LOAD laser.o
LOAD level.o
LOAD logo.o
LOAD menu.o
LOAD notice.o
LOAD pcmsys.o
LOAD print.o
LOAD scroll.o
LOAD soon.o
LOAD sound.o
LOAD sprite.o
LOAD main.o
LOAD c:/saturn/sbl6/segalib/lib/sega_int.a
LOAD c:/saturn/sbl6/segalib/lib/sega_spr.a
LOAD c:/saturn/sbl6/segalib/lib/sega_scl.a
LOAD c:/saturn/sbl6/segalib/lib/sega_mth.a
LOAD c:/saturn/sbl6/segalib/lib/sega_cdc.a
LOAD c:/saturn/sbl6/segalib/lib/sega_adp.a
LOAD c:/saturn/sbl6/segalib/lib/sega_per.a
LOAD c:/saturn/sbl6/segalib/lib/sega_sat.a
LOAD c:/saturn/SH_COFF/sh-coff/bin/../lib/gcc/sh-coff/3.4-GNUSH_v0501\libgcc.a
LOAD c:/saturn/SH_COFF/sh-coff/bin/../lib/gcc/sh-coff/3.4-GNUSH_v0501/../../../../sh-coff/lib\libc.a
LOAD c:/saturn/SH_COFF/sh-coff/bin/../lib/gcc/sh-coff/3.4-GNUSH_v0501\libgcc.a

.text           0x06010000    0x19b60
 *(.text)
 .text          0x06010000       0x30 c:/saturn/sbl6/segasmp/lib/strt1_g.o
                0x06010024                _D_END
                0x06010020                _D_BGN
                0x0601002c                _B_END
                0x06010028                _B_BGN
                0x06010000                START
 .text          0x06010030       0x60 c:/saturn/sbl6/segasmp/lib/strt2_g.o
                0x06010050                _INITSCT
                0x06010030                _INIT
 .text          0x06010090      0x1d0 vblank.o
                0x06010090                SetVblank
                0x06010110                UsrVblankOut
                0x060100f0                UsrVblankIn
 .text          0x06010260      0x240 smpclib/per_x1.o
                0x06010440                PER_GetAnalogXYZ
                0x06010280                PER_GetTriggerHandler
                0x060103d0                PER_GetEdge
                0x06010390                PER_GetTrigger
                0x060103e0                PER_GetPressEdge
                0x06010410                PER_GetReleaseEdge
                0x06010260                PER_SetTriggerHandler
 .text          0x060104a0      0x180 smpclib/per_x2.o
                0x06010580                PER_GetDeviceA
                0x060104a0                PER_OpenPort
                0x060104d0                PER_GetPort
                0x060105c0                PER_GetDeviceR
 .text          0x06010620       0x20 smpclib/per_x3.o
                0x06010620                PER_DisguiseTrigger
 .text          0x06010640       0xb0 spritecode/explosion.o
                0x060106a0                explosion_move
                0x06010640                explosion_make
 .text          0x060106f0      0x4b0 ball.o
                0x060108a0                ball_move
                0x06010790                ball_remove
                0x06010710                ball_add
                0x060107e0                ball_bounce
                0x060106f0                ball_init
                0x06010b20                ball_draw
 .text          0x06010ba0      0x1d0 barrier.o
                0x06010bd0                barrier_move
                0x06010ba0                barrier_init
                0x06010cb0                barrier_draw
 .text          0x06010d70      0x230 capsule.o
                0x06010e20                capsule_run
                0x06010d90                capsule_add
                0x06010f40                capsule_draw
                0x06010dd0                capsule_remove
                0x06010d70                capsule_init
 .text          0x06010fa0      0x260 cutscene.o
                0x06010fa0                cutscene_run
 .text          0x06011200      0x120 cd.o
                0x060112a0                cd_load_nosize
                0x06011200                cd_init
                0x06011230                cd_load
 .text          0x06011320      0x140 crc.o
                0x06011420                crc_update
 .text          0x06011460      0x1c0 devcart.o
                0x060115e0                devcart_reset
                0x060114d0                devcart_loadfile
                0x060115d0                devcart_printstr
 .text          0x06011620     0x1cd0 game.o
                0x06011740                game_incpowerup
                0x060118e0                game_run
                0x06011840                game_loss
                0x06011790                game_powerupreset
 .text          0x060132f0      0xe90 intro.o
                0x060132f0                intro_run
 .text          0x06014180      0x180 laser.o
                0x060141a0                laser_add
                0x060141e0                laser_remove
                0x06014290                laser_draw
                0x06014180                laser_init
                0x06014220                laser_move
 .text          0x06014300      0x7c0 level.o
                0x06014660                level_disp
                0x06014300                level_load
 .text          0x06014ac0      0x3b0 logo.o
                0x06014b20                logo_run
                0x06014ac0                logo_loadframe
 .text          0x06014e70      0xbb0 menu.o
                0x06015190                menu_run
                0x06015050                sqrt32
 .text          0x06015a20      0x410 notice.o
                0x06015cc0                notice_print
                0x06015d20                notice_run
 .text          0x06015e30      0x8c0 pcmsys.o
                0x060164f0                load_8bit_pcm
                0x06016250                smpc_issue_command
                0x060162f0                load_drv
                0x06016680                pcm_parameter_change
                0x06016230                smpc_wait_till_ready
                0x06016270                load_driver_binary
                0x06016640                pcm_play
                0x060166b0                pcm_cease
                0x06016340                calculate_bytes_per_blank
                0x06016390                load_16bit_pcm
 .text          0x060166f0      0x230 print.o
                0x06016880                print_display
                0x060167d0                print_num
                0x060166f0                print_load
                0x060167a0                print_init
                0x06016820                print_string
 .text          0x06016920      0x6d0 scroll.o
                0x06016920                scroll_lores
                0x06016d60                scroll_move
                0x06016db0                scroll_clearmaps
                0x06016d10                scroll_set
                0x06016e50                scroll_enable
                0x06016e00                scroll_charsize
                0x06016e90                scroll_mapsize
                0x06016990                scroll_hires
                0x06016ee0                scroll_bitmapon
                0x06016f60                scroll_bitmapoff
                0x06016ae0                scroll_init
                0x06016a00                scroll_scale
 .text          0x06016ff0      0x280 soon.o
                0x060170f0                soon_clearcol
                0x060170c0                soon_loadcol
                0x06016ff0                soon_init
                0x06017120                soon_run
 .text          0x06017270      0x260 sound.o
                0x060174b0                sound_play
                0x06017300                sound_init
                0x06017450                sound_cdda
 .text          0x060174d0      0x5f0 sprite.o
                0x06017500                sprite_init
                0x060178f0                sprite_make
                0x06017a30                sprite_next
                0x060175b0                sprite_erase
                0x06017a90                sprite_delete
                0x06017940                sprite_draw_all
                0x060174d0                sprite_deleteall
                0x06017610                sprite_startdraw
                0x06017690                sprite_draw
 .text          0x06017ac0      0x280 main.o
                0x06017ac0                main
 .text          0x06017d40       0x40 c:/saturn/sbl6/segalib/lib/sega_int.a(int.o)
                0x06017d6c                INT_GetScuFunc
                0x06017d40                INT_SetScuFunc
 .text          0x06017d80      0x624 c:/saturn/sbl6/segalib/lib/sega_int.a(int_trmp.o)
                0x06017ee8                __interrupt_handler60
                0x06018098                __interrupt_handler132
                0x0601824e                __interrupt_handler205
                0x060180b6                __interrupt_handler137
                0x06017fe4                __interrupt_handler102
                0x06017e22                __interrupt_handler27
                0x06018224                __interrupt_handler198
                0x06018116                __interrupt_handler153
                0x06017dfe                __interrupt_handler21
                0x06017f0c                __interrupt_handler66
                0x06017ffc                __interrupt_handler106
                0x06018146                __interrupt_handler161
                0x06017f90                __interrupt_handler88
                0x0601815e                __interrupt_handler165
                0x0601806e                __interrupt_handler125
                0x06017da4                __interrupt_handler6
                0x06017e40                __interrupt_handler32
                0x060181fa                __interrupt_handler191
                0x06018314                __interrupt_handler238
                0x0601832c                __interrupt_handler242
                0x06018134                __interrupt_handler158
                0x06017f9c                __interrupt_handler90
                0x06018158                __interrupt_handler164
                0x06017e7c                __interrupt_handler42
                0x060181be                __interrupt_handler181
                0x060182c6                __interrupt_handler225
                0x0601836e                __interrupt_handler253
                0x06018182                __interrupt_handler171
                0x06017f3c                __interrupt_handler74
                0x06017d92                __interrupt_handler3
                0x06017ed6                __interrupt_handler57
                0x06017dd4                __interrupt_handler14
                0x0601826c                __interrupt_handler210
                0x0601829c                __interrupt_handler218
                0x06018260                __interrupt_handler208
                0x06017e64                __interrupt_handler38
                0x06017d80                __interrupt_handler0
                0x06017ff0                __interrupt_handler104
                0x0601812e                __interrupt_handler157
                0x0601827e                __interrupt_handler213
                0x06018170                __interrupt_handler168
                0x06017f7e                __interrupt_handler85
                0x0601801a                __interrupt_handler111
                0x0601802c                __interrupt_handler114
                0x06017e9a                __interrupt_handler47
                0x060182f0                __interrupt_handler232
                0x060182ba                __interrupt_handler223
                0x0601830e                __interrupt_handler237
                0x06017efa                __interrupt_handler63
                0x06017e88                __interrupt_handler44
                0x0601819a                __interrupt_handler175
                0x060181c4                __interrupt_handler182
                0x060181dc                __interrupt_handler186
                0x060180da                __interrupt_handler143
                0x06018002                __interrupt_handler107
                0x06018068                __interrupt_handler124
                0x06018188                __interrupt_handler172
                0x0601833e                __interrupt_handler245
                0x06017fba                __interrupt_handler95
                0x06018092                __interrupt_handler131
                0x060180a4                __interrupt_handler134
                0x060180c2                __interrupt_handler139
                0x06017f30                __interrupt_handler72
                0x060182ea                __interrupt_handler231
                0x06018140                __interrupt_handler160
                0x06018086                __interrupt_handler129
                0x06017df8                __interrupt_handler20
                0x06017f06                __interrupt_handler65
                0x06017ed0                __interrupt_handler56
                0x06017dce                __interrupt_handler13
                0x06018266                __interrupt_handler209
                0x06018020                __interrupt_handler112
                0x06017df2                __interrupt_handler19
                0x06017fae                __interrupt_handler93
                0x06018218                __interrupt_handler196
                0x0601810a                __interrupt_handler151
                0x0601816a                __interrupt_handler167
                0x06018380                __trampoline
                0x06017de6                __interrupt_handler17
                0x060182d8                __interrupt_handler228
                0x0601837a                __interrupt_handler255
                0x06018338                __interrupt_handler244
                0x06017fd2                __interrupt_handler99
                0x060181ca                __interrupt_handler183
                0x060180c8                __interrupt_handler140
                0x060181ee                __interrupt_handler189
                0x060180ec                __interrupt_handler146
                0x060182b4                __interrupt_handler222
                0x06018128                __interrupt_handler156
                0x0601805c                __interrupt_handler122
                0x06018350                __interrupt_handler248
                0x06017ea0                __interrupt_handler48
                0x06017f1e                __interrupt_handler69
                0x06017e10                __interrupt_handler24
                0x06017f96                __interrupt_handler89
                0x0601828a                __interrupt_handler215
                0x06018374                __interrupt_handler254
                0x06017f8a                __interrupt_handler87
                0x06017eee                __interrupt_handler61
                0x06018212                __interrupt_handler195
                0x06018104                __interrupt_handler150
                0x06017e76                __interrupt_handler41
                0x06018014                __interrupt_handler110
                0x0601807a                __interrupt_handler127
                0x06018008                __interrupt_handler108
                0x06018026                __interrupt_handler113
                0x06018038                __interrupt_handler116
                0x06018056                __interrupt_handler121
                0x06017f4e                __interrupt_handler77
                0x06017e6a                __interrupt_handler39
                0x06017e82                __interrupt_handler43
                0x06018356                __interrupt_handler249
                0x06018194                __interrupt_handler174
                0x060180b0                __interrupt_handler136
                0x060181e8                __interrupt_handler188
                0x060180e6                __interrupt_handler145
                0x06017db6                __interrupt_handler9
                0x06017f5a                __interrupt_handler79
                0x060182d2                __interrupt_handler227
                0x06017e4c                __interrupt_handler34
                0x0601808c                __interrupt_handler130
                0x0601834a                __interrupt_handler247
                0x06017f42                __interrupt_handler75
                0x0601818e                __interrupt_handler173
                0x06017ebe                __interrupt_handler53
                0x060180fe                __interrupt_handler149
                0x06018362                __interrupt_handler251
                0x060182f6                __interrupt_handler233
                0x06017dbc                __interrupt_handler10
                0x06018248                __interrupt_handler204
                0x06017f6c                __interrupt_handler82
                0x06017f72                __interrupt_handler83
                0x06017e16                __interrupt_handler25
                0x06018332                __interrupt_handler243
                0x0601814c                __interrupt_handler162
                0x06017e94                __interrupt_handler46
                0x060181ac                __interrupt_handler178
                0x06017f60                __interrupt_handler80
                0x06017ef4                __interrupt_handler62
                0x06017d8c                __interrupt_handler2
                0x06017e2e                __interrupt_handler29
                0x06017f24                __interrupt_handler70
                0x0601800e                __interrupt_handler109
                0x060180f8                __interrupt_handler148
                0x06017fb4                __interrupt_handler94
                0x060182c0                __interrupt_handler224
                0x06017fea                __interrupt_handler103
                0x06017e58                __interrupt_handler36
                0x06018074                __interrupt_handler126
                0x06018344                __interrupt_handler246
                0x06017eca                __interrupt_handler55
                0x06017dc8                __interrupt_handler12
                0x06017eb8                __interrupt_handler52
                0x060181e2                __interrupt_handler187
                0x060180e0                __interrupt_handler144
                0x0601803e                __interrupt_handler117
                0x06017dec                __interrupt_handler18
                0x0601821e                __interrupt_handler197
                0x06018110                __interrupt_handler152
                0x06018044                __interrupt_handler118
                0x0601817c                __interrupt_handler170
                0x06018236                __interrupt_handler201
                0x06017fc6                __interrupt_handler97
                0x06018152                __interrupt_handler163
                0x060181b8                __interrupt_handler180
                0x06018200                __interrupt_handler192
                0x06018320                __interrupt_handler240
                0x06018062                __interrupt_handler123
                0x06018284                __interrupt_handler214
                0x06017e3a                __interrupt_handler31
                0x06017e28                __interrupt_handler28
                0x06017f12                __interrupt_handler67
                0x06017f18                __interrupt_handler68
                0x06017e04                __interrupt_handler22
                0x06017e0a                __interrupt_handler23
                0x060181a0                __interrupt_handler176
                0x06017daa                __interrupt_handler7
                0x060182ae                __interrupt_handler221
                0x06018296                __interrupt_handler217
                0x060182de                __interrupt_handler229
                0x06017ea6                __interrupt_handler49
                0x06017d98                __interrupt_handler4
                0x06017e70                __interrupt_handler40
                0x06018032                __interrupt_handler115
                0x06018302                __interrupt_handler235
                0x06017fa2                __interrupt_handler91
                0x06018254                __interrupt_handler206
                0x060181a6                __interrupt_handler177
                0x060180f2                __interrupt_handler147
                0x06017e5e                __interrupt_handler37
                0x0601835c                __interrupt_handler250
                0x06017d86                __interrupt_handler1
                0x060182a2                __interrupt_handler219
                0x06017f48                __interrupt_handler76
                0x06017fd8                __interrupt_handler100
                0x06017edc                __interrupt_handler58
                0x06017dda                __interrupt_handler15
                0x06018278                __interrupt_handler212
                0x06018326                __interrupt_handler241
                0x0601823c                __interrupt_handler202
                0x06018206                __interrupt_handler193
                0x06017f54                __interrupt_handler78
                0x06017eac                __interrupt_handler50
                0x06017e46                __interrupt_handler33
                0x06018164                __interrupt_handler166
                0x060180bc                __interrupt_handler138
                0x060180aa                __interrupt_handler135
                0x06017e34                __interrupt_handler30
                0x060181d0                __interrupt_handler184
                0x060180ce                __interrupt_handler141
                0x060182e4                __interrupt_handler230
                0x06018308                __interrupt_handler236
                0x0601804a                __interrupt_handler119
                0x06017f84                __interrupt_handler86
                0x06017ff6                __interrupt_handler105
                0x06017f66                __interrupt_handler81
                0x06018050                __interrupt_handler120
                0x06018080                __interrupt_handler128
                0x06017ec4                __interrupt_handler54
                0x06017dc2                __interrupt_handler11
                0x0601822a                __interrupt_handler199
                0x0601811c                __interrupt_handler154
                0x06017e8e                __interrupt_handler45
                0x06018290                __interrupt_handler216
                0x06018242                __interrupt_handler203
                0x06017fde                __interrupt_handler101
                0x06017f78                __interrupt_handler84
                0x060181d6                __interrupt_handler185
                0x060180d4                __interrupt_handler142
                0x06017e1c                __interrupt_handler26
                0x06017f00                __interrupt_handler64
                0x06018230                __interrupt_handler200
                0x0601825a                __interrupt_handler207
                0x0601820c                __interrupt_handler194
                0x06017fa8                __interrupt_handler92
                0x06018122                __interrupt_handler155
                0x06018272                __interrupt_handler211
                0x0601809e                __interrupt_handler133
                0x06017d9e                __interrupt_handler5
                0x06017f36                __interrupt_handler73
                0x06017de0                __interrupt_handler16
                0x0601831a                __interrupt_handler239
                0x060182fc                __interrupt_handler234
                0x06017e52                __interrupt_handler35
                0x06017ee2                __interrupt_handler59
                0x06018176                __interrupt_handler169
                0x06017fcc                __interrupt_handler98
                0x06017f2a                __interrupt_handler71
                0x06017eb2                __interrupt_handler51
                0x0601813a                __interrupt_handler159
                0x060182cc                __interrupt_handler226
                0x06017fc0                __interrupt_handler96
                0x060181f4                __interrupt_handler190
                0x060182a8                __interrupt_handler220
                0x06017db0                __interrupt_handler8
                0x060181b2                __interrupt_handler179
                0x06018368                __interrupt_handler252
 *fill*         0x060183a4        0xc 00
 .text          0x060183b0     0x12a0 c:/saturn/sbl6/segalib/lib/sega_spr.a(spr_2c.o)
                0x06019610                SlaveFlushDrawPrtyBlock
                0x060183b0                SPR_2Initial
                0x06018bf4                SPR_2SysClip
                0x06018b94                SPR_2LocalCoord
                0x0601948c                SPR_2FlushDrawPrtyBlock
                0x06019178                SPR_2DistSpr
                0x06018b7c                SPR_2FlushDrawPrty
                0x0601929c                SPR_2Cmd
                0x06018878                SPR_2GourTblNoToVram
                0x060188d8                SPR_2GetAreaSizeInfo
                0x06018640                SPR_2SetGourTbl
                0x06018e2c                SPR_2Polygon
                0x060188b4                SPR_2CharNoToVram
                0x060185c0                SPR_2SetTvMode
                0x06018a1c                SPR_2CloseCommand
                0x060185fc                SPR_2FrameEraseData
                0x060183d8                SPR_2Initial2
                0x0601900c                SPR_2ScaleSpr
                0x06018c9c                SPR_2Line
                0x06018968                SPR_2OpenCommand
                0x060185dc                SPR_2FrameChgIntr
                0x06018ee8                SPR_2NormSpr
                0x06018670                SPR_2SetLookupTbl
                0x060186a4                SPR_2SetChar
                0x0601889c                SPR_2LookupTblNoToVram
                0x06018d70                SPR_2PolyLine
                0x06018810                SPR_2ClrAllChar
                0x060187c4                SPR_2ClrChar
                0x06018c40                SPR_2UserClip
 .text          0x06019650      0x1e6 c:/saturn/sbl6/segalib/lib/sega_spr.a(spr_slv.o)
                0x060197b4                SPR_WaitEndSlaveSH
                0x06019650                SPR_SMPC_SSHON
                0x06019790                SPR_RunSlaveSH
                0x06019654                SPR_InitSlaveSH
                0x0601971c                SPR_SlaveSHmain
                0x06019651                SPR_SMPC_SSHOFF
 *fill*         0x06019836        0xa 00
 .text          0x06019840      0x36a c:/saturn/sbl6/segalib/lib/sega_spr.a(spr_1c.o)
                0x06019af4                SPR_WaitDrawEnd
                0x06019b0c                SPR_SetEosMode
                0x06019a24                SPR_SetEraseData
                0x06019840                SPR_Initial
                0x06019918                SPR_SetTvMode
                0x060199b0                SPR_GetStatus
 *fill*         0x06019baa        0x6 00
 .text          0x06019bb0      0x244 c:/saturn/sbl6/segalib/lib/sega_spr.a(spr_2a.o)
                0x06019bc2                sprMemCpyW
                0x06019c20                flushDrawPrtyBlock
                0x06019bb0                sprMemCpyL
                0x06019bd4                SPR_2SetDrawPrty
 *fill*         0x06019df4        0xc 00
 .text          0x06019e00      0x2fc c:/saturn/sbl6/segalib/lib/sega_scl.a(scl_vblv.o)
                0x06019ebc                SCL_DisplayFrame
                0x06019e00                SCL_SetFrameInterval
                0x06019ef0                SCL_VblInit
                0x06019f40                SCL_VblankStart
                0x06019f84                SCL_VblankEnd
 *fill*         0x0601a0fc        0x4 00
 .text          0x0601a100      0x1f4 c:/saturn/sbl6/segalib/lib/sega_scl.a(scl_pr12.o)
                0x0601a100                SCL_SetColOffset
 *fill*         0x0601a2f4        0xc 00
 .text          0x0601a300       0x9c c:/saturn/sbl6/segalib/lib/sega_scl.a(scl_pr02.o)
                0x0601a300                SCL_SetColRam
 *fill*         0x0601a39c        0x4 00
 .text          0x0601a3a0      0x180 c:/saturn/sbl6/segalib/lib/sega_scl.a(scl_pr11.o)
                0x0601a3a0                SCL_SetAutoColOffset
 .text          0x0601a520      0x278 c:/saturn/sbl6/segalib/lib/sega_scl.a(scl_fu05.o)
                0x0601a5dc                SCL_SetLineParam
                0x0601a528                SCL_InitLineParamTb
 *fill*         0x0601a798        0x8 00
 .text          0x0601a7a0      0x214 c:/saturn/sbl6/segalib/lib/sega_scl.a(scl_pr07.o)
                0x0601a7a0                SCL_SetPriority
 *fill*         0x0601a9b4        0xc 00
 .text          0x0601a9c0      0xb9c c:/saturn/sbl6/segalib/lib/sega_scl.a(scl_func.o)
                0x0601b39c                SCL_Vdp2_SGLInit
                0x0601b2ac                SCL_PriIntProc
                0x0601b224                SCL_Memcpyw
                0x0601b53c                SCL_SglOff
                0x0601b51c                SCL_SglOn
                0x0601b190                SCL_ScrollShow
                0x0601ac38                SCL_Close
                0x0601af30                SCL_Scale
                0x0601a9c0                SCL_Vdp2Init
                0x0601ada4                SCL_Move
                0x0601b06c                SCL_CopyReg
                0x0601ac14                SCL_Open
                0x0601aa44                SCL_ParametersInit
                0x0601ac54                SCL_MoveTo
                0x0601b24c                SCL_SetColRamMode
 *fill*         0x0601b55c        0x4 00
 .text          0x0601b560     0x10a4 c:/saturn/sbl6/segalib/lib/sega_scl.a(scl_pri.o)
                0x0601b5f4                SCL_AbortAutoVe
                0x0601c4a4                SCL_SetShadowBit
                0x0601ba6c                SCL_AutoExec
                0x0601b560                SCL_PriorityInit
                0x0601bf80                SCL_IncColOffset
                0x0601b608                SCL_SetColMixRate
                0x0601b5d8                SCL_GetColRamMode
 *fill*         0x0601c604        0xc 00
 .text          0x0601c610       0x98 c:/saturn/sbl6/segalib/lib/sega_scl.a(scl_pr10.o)
                0x0601c610                SCL_SetAutoColMix
 *fill*         0x0601c6a8        0x8 00
 .text          0x0601c6b0       0x58 c:/saturn/sbl6/segalib/lib/sega_scl.a(scl_pr01.o)
                0x0601c6b0                SCL_SetSpriteMode
 *fill*         0x0601c708        0x8 00
 .text          0x0601c710      0x1ec c:/saturn/sbl6/segalib/lib/sega_scl.a(scl_fu01.o)
                0x0601c710                SCL_SetDisplayMode
 *fill*         0x0601c8fc        0x4 00
 .text          0x0601c900       0x28 c:/saturn/sbl6/segalib/lib/sega_scl.a(scl_fu04.o)
                0x0601c900                SCL_SetCycleTable
 *fill*         0x0601c928        0x8 00
 .text          0x0601c930      0x138 c:/saturn/sbl6/segalib/lib/sega_scl.a(scl_pr03.o)
                0x0601c930                SCL_FreeColRam
                0x0601c968                SCL_AllocColRam
 *fill*         0x0601ca68        0x8 00
 .text          0x0601ca70       0x84 c:/saturn/sbl6/segalib/lib/sega_scl.a(scl_back.o)
                0x0601ca70                SCL_SetBack
 *fill*         0x0601caf4        0xc 00
 .text          0x0601cb00      0x94c c:/saturn/sbl6/segalib/lib/sega_scl.a(scl_fu03.o)
                0x0601cb5c                SCL_SetConfig
                0x0601cb00                SCL_InitConfigTb
 *fill*         0x0601d44c        0x4 00
 .text          0x0601d450      0x4f4 c:/saturn/sbl6/segalib/lib/sega_scl.a(scl_fu02.o)
                0x0601d488                SCL_SetVramConfig
                0x0601d450                SCL_InitVramConfigTb
 *fill*         0x0601d944        0xc 00
 .text          0x0601d950       0x40 c:/saturn/sbl6/segalib/lib/sega_scl.a(scl_pr09.o)
                0x0601d950                SCL_SetColMixMode
 .text          0x0601d990       0xac c:/saturn/sbl6/segalib/lib/sega_scl.a(scl_pr05.o)
                0x0601d990                SCL_GetColRamOffset
 *fill*         0x0601da3c        0x4 00
 .text          0x0601da40     0x1394 c:/saturn/sbl6/segalib/lib/sega_scl.a(scl_ro00.o)
                0x0601ec2c                SCL_RotateZD
                0x0601def4                SCL_Rotate
                0x0601dbc8                SCL_InitRotateTable
 *fill*         0x0601edd4        0xc 00
 .text          0x0601ede0      0x1b4 c:/saturn/sbl6/segalib/lib/sega_scl.a(scl_pr06.o)
                0x0601ede0                SCL_SetColRamOffset
 *fill*         0x0601ef94        0xc 00
 .text          0x0601efa0      0x600 c:/saturn/sbl6/segalib/lib/sega_mth.a(mth_tri.o)
                0x0601f03c                fcos
                0x0601f042                fsin
                0x0601efec                MTH_Cos
                0x0601efa0                MTH_Sin
                0x0601f1e0                MTH_Atan
 .text          0x0601f5a0       0xa4 c:/saturn/sbl6/segalib/lib/sega_mth.a(mth_fixd.o)
                0x0601f5f0                MTH_FixedToInt
                0x0601f5e0                MTH_IntToFixed
                0x0601f5a0                MTH_Mul
                0x0601f600                MTH_Product
                0x0601f5c0                MTH_Div
 *fill*         0x0601f644        0xc 00
 .text          0x0601f650       0x30 c:/saturn/sbl6/segalib/lib/sega_mth.a(mth_rand.o)
                0x0601f660                MTH_GetRand
                0x0601f650                MTH_InitialRand
 .text          0x0601f680      0x130 c:/saturn/sbl6/segalib/lib/sega_cdc.a(cdc_drv.o)
                0x0601f680                CDC_CdPlay
                0x0601f74c                CDC_CdSeek
                0x0601f780                CDC_CdScan
 .text          0x0601f7b0      0x3a0 c:/saturn/sbl6/segalib/lib/sega_cdc.a(cdc_cmn.o)
                0x0601f954                CDC_TgetToc
                0x0601faf8                CDC_DataEnd
                0x0601f818                CDC_GetPeriStat
                0x0601fa8c                CDC_DataReady
                0x0601fa64                CDC_CdOpen
                0x0601f9e0                CDC_CdInit
                0x0601f9a4                CDC_GetSes
                0x0601f800                CDC_GetLastStat
                0x0601f7b0                CDC_GetCurStat
                0x0601f8ec                CDC_GetHwInfo
 .text          0x0601fb50      0x152 c:/saturn/sbl6/segalib/lib/sega_cdc.a(cdc_sub.o)
                0x0601fbf8                CDSUB_GetCdstat
                0x0601fb68                CDSUB_UpdCdstat
                0x0601fc38                CDSUB_RspToCdstat
                0x0601fc80                CDSUB_SoftTimer
                0x0601fb50                CDSUB_UpdStatus
                0x0601fb88                CDSUB_CdCmd
 *fill*         0x0601fca2        0xe 00
 .text          0x0601fcb0      0x2dc c:/saturn/sbl6/segalib/lib/sega_cdc.a(cdc_reg.o)
                0x0601fd04                CDREG_ClrHirqReq
                0x0601fcd4                CDC_ClrHirqReq
                0x0601fd84                CDREG_TgetData
                0x0601fd74                CDC_GetMpegPtr
                0x0601fd50                CDC_GetHirqMsk
                0x0601fcb0                CDC_GetDataPtr
                0x0601fcc0                CDC_GetHirqReq
                0x0601fee0                CDREG_WaitHirq
                0x0601fd64                CDC_SetHirqMsk
                0x0601fde0                CDREG_CmdRsp
                0x0601fd14                CDREG_InitHirqReq
                0x0601fd3c                CDREG_SetHirqFlag
                0x0601ff50                CDREG_ReadRsp
 *fill*         0x0601ff8c        0x4 00
 .text          0x0601ff90      0xf50 c:/saturn/sbl6/segalib/lib/sega_per.a(per_prt.o)
                0x060203b0                PER_IntFunc
                0x060201a8                PER_LGetPer
                0x0601ff90                PER_LInit
 .text          0x06020ee0     0x1b04 c:/saturn/sbl6/segalib/lib/sega_sat.a(gfs.o)
                0x06020ee0                gfs_version
                0x06022154                gfs_mngGetNumFile
                0x060228d4                gfs_closeSub
                0x06021c70                GFS_SetGmode
                0x06021f2c                GFS_SetErrFunc
                0x0602207c                gfs_mngSetupFuncTbl
                0x06021238                GFS_Reset
                0x06021fa4                gfs_chgRoot
                0x06022070                gfs_aborttrans
                0x06022354                gfs_svrAddHndl
                0x06022204                gfs_mngFreeGrp
                0x06021f7c                GFS_ConvTno
                0x06022508                gfs_getRootDir
                0x06021f58                GFS_GetErrStat
                0x060213a8                GFS_Seek
                0x06021a14                GFS_NwStop
                0x06022210                gfs_mngTermAccess
                0x060212bc                GFS_Open
                0x060221bc                GFS_mngAllocGrp
                0x0602291c                gfs_isTaskDone
                0x06021714                GFS_Fread
                0x06021e74                GFS_StartTrans
                0x06022870                gfs_GetFinfo
                0x060220b0                gfs_mngInitWork
                0x06021500                GFS_ByteToSct
                0x06022314                gfs_svrSearchHndl
                0x06022604                gfs_loadRootDir
                0x0602115c                GFS_IdToName
                0x06021858                GFS_NwFread
                0x06021da4                GFS_SetTransPara
                0x06021964                GFS_NwCdRead
                0x06022444                gfs_loadVol
                0x06021d40                GFS_SetReadPara
                0x0602145c                GFS_Tell
                0x06021cd4                GFS_SetTmode
                0x060227d8                GFS_GetFad
                0x06021e10                GFS_SetTrFunc
                0x06021ec0                GFS_CdMovePickup
                0x060210f8                GFS_NameToId
                0x06021b2c                GFS_NwExecOne
                0x0602268c                gfs_flowIn
                0x060215b4                GFS_GetFileInfo
                0x06022734                gfs_transData
                0x06022390                gfs_svrRemoveHndl
                0x060219dc                GFS_NwIsComplete
                0x06022910                gfs_getGmode
                0x06021a80                GFS_NwGetStat
                0x060223ec                GFS_OpenSub
                0x06021090                GFS_SetDir
                0x0602155c                GFS_GetFileSize
                0x06021628                GFS_GetNumCdbuf
                0x06022970                gfs_convFinStat
                0x06021650                GFS_Load
                0x060217b0                gfs_waitRead
                0x06020fe8                GFS_LoadDir
                0x060211c8                GFS_GetDirInfo
                0x06021370                GFS_Close
                0x06020f00                GFS_Init
                0x06021afc                gfs_recovRdErr
                0x06022294                gfs_mngSetErrCode
                0x06021bec                GFS_NwExecServer
                0x060214ac                GFS_IsEof
                0x06022830                gfs_SetSct
 *fill*         0x060229e4        0xc 00
 .text          0x060229f0       0x90 c:/saturn/sbl6/segalib/lib/sega_sat.a(DMA_CPU1.o)
                0x060229f0                DMA_CpuMemCopy1
 .text          0x06022a80       0x94 c:/saturn/sbl6/segalib/lib/sega_sat.a(DMA_CPU2.o)
                0x06022a80                DMA_CpuMemCopy2
 *fill*         0x06022b14        0xc 00
 .text          0x06022b20      0x1f4 c:/saturn/sbl6/segalib/lib/sega_sat.a(DMA_SCU1.o)
                0x06022c7c                DMA_ScuResult
                0x06022b20                DMA_ScuInit
                0x06022b70                DMA_ScuMemCopy
 *fill*         0x06022d14        0xc 00
 .text          0x06022d20      0x8d4 c:/saturn/sbl6/segalib/lib/sega_sat.a(gfs_cdf.o)
                0x06023214                GFCF_Seek
                0x0602331c                GFCF_GetStat
                0x060231fc                GFCF_Tell
                0x06022dc0                GFCF_Setup
                0x060232c8                GFCF_cnvIntlvOfs
                0x06022d20                GFCF_Init
                0x060231b4                GFCF_Recover
                0x06022f08                GFCF_SetSct
                0x0602322c                GFCF_MovePickup
                0x060233f0                gfcf_isCdOk
                0x06022fc0                GFCF_FlowInBuf
                0x06022f4c                GFCF_GetFileInfo
                0x06023114                GFCF_StopInBuf
                0x060233b4                gfcf_getSctSize
                0x060234b0                gfcf_getPlayRange
 *fill*         0x060235f4        0xc 00
 .text          0x06023600      0x928 c:/saturn/sbl6/segalib/lib/sega_sat.a(gfs_dir.o)
                0x06023af0                gfdr_setNextRec
                0x06023eec                gfdr_setDirrecCd
                0x060238e8                gfdr_open
                0x060236fc                GFDR_GetAtrDirId
                0x060239d0                gfdr_readByte
                0x06023600                GFDR_SetupDirTbl
                0x06023ac8                gfdr_readLongNM
                0x06023b74                gfdr_readDirEnt
                0x0602372c                GFDR_ChgRoot
                0x06023674                GFDR_NameToId
                0x060237b8                gfdr_setupDirIdTbl
                0x06023714                GFDR_GetAtrDirName
                0x060236d4                GFDR_GetInfoDirId
                0x06023a7c                gfdr_readLongNB
                0x06023910                gfdr_read
                0x060239fc                gfdr_readWord
                0x0602383c                gfdr_setupDirNameTbl
                0x060236e8                GFDR_GetInfoDirName
                0x06023744                GFDR_ChgDir
                0x06023a28                gfdr_readWordNB
 *fill*         0x06023f28        0x8 00
 .text          0x06023f30      0xa46 c:/saturn/sbl6/segalib/lib/sega_sat.a(gfs_trn.o)
                0x06024010                GFTR_SetTransMax
                0x060243e0                gftr_execScu
                0x06024964                GFTR_SetTransFunc
                0x0602482c                gftr_remTrn
                0x06024950                GFTR_SetData
                0x06024650                gftr_execSdma1
                0x060248a0                gftr_copyFrac
                0x06024004                GFTR_GetNumTrans
                0x06023fa4                GFTR_SetMode
                0x06024620                gftr_remDma0
                0x060248c8                GFTR_GetLenData
                0x060243d4                gftr_reqScu
                0x06024638                gftr_reqDma1
                0x060242f0                gftr_getSrcPack
                0x06024920                GFTR_RtnDstPk
                0x060244bc                gfdma_exec
                0x06024754                gftr_execTrn
                0x060241e8                GFTR_ExecSvr
                0x060246e4                gftr_reqTrn
                0x060245ac                gfdma_getBytecnt
                0x0602468c                gftr_reqCpu
                0x060248ec                GFTR_GetDstPack
                0x060245e4                gftr_reqDma0
                0x06024170                GFTR_Idle
                0x06024028                GFTR_Pause
                0x06023ff8                GFTR_GetTransPara
                0x060246d8                gftr_remCpu
                0x06023fc4                GFTR_SetTransPara
                0x06024674                gftr_remDma1
                0x06024034                GFTR_Stop
                0x060245fc                gftr_execSdma0
                0x06023f60                GFTR_Setup
                0x0602447c                gftr_remScu
                0x06024378                gftr_getDstPack
                0x060244b0                gfdma_canUse
                0x060240ec                GFTR_Exec
                0x0602493c                GFTR_GetData
                0x0602401c                GFTR_Start
                0x06023fb8                GFTR_SetUnit
                0x06024698                gftr_execCpu
                0x060248d4                GFTR_GetLenRoom
 *fill*         0x06024976        0xa 00
 .text          0x06024980      0x106 c:/saturn/sbl6/segalib/lib/sega_sat.a(gfs_buf.o)
                0x060249d8                GFBF_GetNumData
                0x06024a54                GFBF_RtnPk
                0x06024a08                GFBF_GetSrcPk
                0x06024a7c                gfbf_getSctDt
                0x060249b0                GFBF_GetTranData
                0x06024a30                GFBF_GetSctData
 *fill*         0x06024a86        0xa 00
 .text          0x06024a90      0x600 c:/saturn/sbl6/segalib/lib/sega_sat.a(gfs_cdb.o)
                0x06025038                GFCB_GetPickup
                0x06024bb0                GFCB_Close
                0x06024e7c                GFCB_GetSrcPack
                0x06025004                GFCB_SetCon
                0x06024c84                GFCB_GetLenRoom
                0x06024fe8                GFCB_MovePickup
                0x06024f5c                GFCB_GetSctData
                0x06024c90                GFCB_SetFilt
                0x06024bd8                GFCB_GetLenData
                0x06025078                GFCB_UngetPickup
                0x06024a90                GFCB_Setup
                0x06024d20                GFCB_Tell
                0x06025060                GFCB_IsPuOwner
                0x06024d80                GFCB_Seek
                0x06024cf8                GFCB_DeleteAllData
                0x06024f94                GFCB_GetDstPack
                0x06024d30                gfcb_getSctNum
                0x06024fa0                GFCB_RtnPk
 .text          0x06025090     0x1a04 c:/saturn/sbl6/segalib/lib/sega_sat.a(gfs_cdc.o)
                0x0602532c                GFCD_AllocBuf
                0x06026108                gfcd_doGetLenDataTsk
                0x060269a4                GFCD_SetCsctFunc
                0x06025404                GFCD_GetBaseFad
                0x06025580                GFCD_GetFilt
                0x06026594                gfcd_doChgDirTsk
                0x060268d4                gfcd_checkEflag
                0x060258c8                GFCD_MovePickup
                0x060259ac                GFCD_GetSctInfo
                0x0602625c                gfcd_doReqDataTsk
                0x060259f4                GFCD_ChgDir
                0x060256e8                GFCD_ReqData
                0x060269c0                GFCD_ChkScdqFlag
                0x06025e78                GFCD_WaitServer
                0x0602578c                GFCD_DelSctData
                0x06025c64                GFCD_ExecServer
                0x06026078                gfcd_doSetConTsk
                0x060252c0                GFCD_AllocFilt
                0x060254bc                GFCD_SetFilt
                0x06025eb4                gfcd_doSetFiltTsk
                0x060269e4                GFCD_ClrScdqFlag
                0x060262fc                gfcd_doDelSctDataTsk
                0x06025dc0                gfcd_doTask
                0x06025438                GFCD_GetPickup
                0x06025988                GFCD_CheckMove
                0x06026a00                GFCD_WaitScdqFlag
                0x06025620                GFCD_Play
                0x06026430                gfcd_doMoveSctTsk
                0x060255c8                GFCD_SetCon
                0x06025a68                GFCD_SetFiltCon
                0x06026a44                GFCD_WaitPause
                0x06025c2c                GFCD_GetBufSiz
                0x0602546c                GFCD_UngetPickup
                0x06025b50                GFCD_GetFileInfo
                0x06025744                GFCD_EndData
                0x06025360                GFCD_FreeBuf
                0x06025680                GFCD_GetLenData
                0x060252fc                GFCD_FreeFilt
                0x06025d38                gfcd_isIdleTask
                0x060250bc                GFCD_Init
                0x06026790                gfcd_doSetFiltConTsk
                0x06025814                GFCD_GetStat
                0x06025914                GFCD_MoveSctData
                0x06025498                GFCD_IsPuOwner
                0x060268f8                gfcd_initCdbMng
                0x06025090                GFCD_SetCdbfs
                0x06025e64                GFCD_SetTimer
                0x06026978                gfcd_setStat
                0x060257e4                GFCD_CheckDelSctData
 *fill*         0x06026a94        0xc 00
 .text          0x06026aa0      0x1b6 c:/saturn/sbl6/segalib/lib/sega_sat.a(DMA_CPU0.o)
                0x06026ae8                DMA_CpuSetPrm
                0x06026bec                DMA_CpuStart
                0x06026c44                DMA_CpuGetStatus
                0x06026c18                DMA_CpuAllStop
                0x06026c2c                DMA_CpuGetComStatus
                0x06026aa0                DMA_CpuSetComPrm
                0x06026c00                DMA_CpuStop
 *fill*         0x06026c56        0xa 00
 .text          0x06026c60       0x50 c:/saturn/sbl6/segalib/lib/sega_sat.a(DMA_CPU5.o)
                0x06026c60                DMA_CpuResult
 .text          0x06026cb0      0x308 c:/saturn/sbl6/segalib/lib/sega_sat.a(DMA_SCU0.o)
                0x06026d34                DMA_ScuStart
                0x06026e68                DMA_ScuIntFunc0
                0x06026ed8                DMA_ScuIntFunc1
                0x06026f48                DMA_ScuIntFunc2
                0x06026e28                DMA_ScuGetStatus
                0x06026cb0                DMA_ScuSetPrm
 *fill*         0x06026fb8        0x8 00
 .text          0x06026fc0       0xe8 c:/saturn/sbl6/segalib/lib/sega_sat.a(csh_main.o)
                0x06026fc0                CSH_Init
                0x06027028                CSH_AllClr
                0x06027074                CSH_Purge
 *fill*         0x060270a8        0x8 00
 .text          0x060270b0      0x194 c:/saturn/sbl6/segalib/lib/sega_sat.a(cdc_cfs.o)
                0x060270b0                CDC_ChgDir
                0x060270e4                CDC_ReadDir
                0x06027208                CDC_AbortFile
                0x06027118                CDC_GetFileScope
                0x06027178                CDC_TgetFileInfo
                0x060271d4                CDC_ReadFile
 *fill*         0x06027244        0xc 00
 .text          0x06027250      0x1e4 c:/saturn/sbl6/segalib/lib/sega_sat.a(cdc_bio.o)
                0x060272fc                CDC_GetdelSctData
                0x06027284                CDC_GetSctData
                0x06027338                CDC_PutSctData
                0x060273b4                CDC_MoveSctData
                0x060273f8                CDC_GetCopyErr
                0x060272c0                CDC_DelSctData
                0x06027250                CDC_SetSctLen
                0x06027370                CDC_CopySctData
 *fill*         0x06027434        0xc 00
 .text          0x06027440      0x2b8 c:/saturn/sbl6/segalib/lib/sega_sat.a(cdc_sel.o)
                0x06027670                CDC_GetFiltCon
                0x060275ec                CDC_GetFiltMode
                0x060276c4                CDC_ResetSelector
                0x06027440                CDC_SetFiltRange
                0x060274cc                CDC_SetFiltSubh
                0x0602753c                CDC_GetFiltSubh
                0x06027474                CDC_GetFiltRange
                0x060275b8                CDC_SetFiltMode
                0x06027630                CDC_SetFiltCon
 *fill*         0x060276f8        0x8 00
 .text          0x06027700      0x270 c:/saturn/sbl6/segalib/lib/sega_sat.a(cdc_bif.o)
                0x0602775c                CDC_GetSctNum
                0x060278dc                CDC_ExeFadSearch
                0x0602785c                CDC_GetSctInfo
                0x060277a0                CDC_CalActSiz
                0x06027700                CDC_GetBufSiz
                0x060277dc                CDC_GetActSiz
                0x06027914                CDC_GetFadSearch
 .text          0x06027970       0xa8 c:/saturn/sbl6/segalib/lib/sega_sat.a(cdc_dev.o)
                0x060279dc                CDC_CdGetLastBuf
                0x06027970                CDC_CdSetCon
                0x060279a0                CDC_CdGetCon
 *fill*         0x06027a18        0x8 00
 .text          0x06027a20       0x60 c:/saturn/SH_COFF/sh-coff/bin/../lib/gcc/sh-coff/3.4-GNUSH_v0501\libgcc.a(_ashiftrt.o)
                0x06027a2c                __ashiftrt_r4_27
                0x06027a60                __ashiftrt_r4_6
                0x06027a50                __ashiftrt_r4_14
                0x06027a42                __ashiftrt_r4_19
                0x06027a5a                __ashiftrt_r4_9
                0x06027a6e                __ashiftrt_r4_0
                0x06027a20                __ashiftrt_r4_31
                0x06027a2e                __ashiftrt_r4_26
                0x06027a3c                __ashiftrt_r4_22
                0x06027a48                __ashiftrt_r4_16
                0x06027a54                __ashiftrt_r4_12
                0x06027a28                __ashiftrt_r4_29
                0x06027a46                __ashiftrt_r4_17
                0x06027a26                __ashiftrt_r4_30
                0x06027a62                __ashiftrt_r4_5
                0x06027a5c                __ashiftrt_r4_8
                0x06027a20                __ashiftrt_r4_32
                0x06027a30                __ashiftrt_r4_25
                0x06027a68                __ashiftrt_r4_2
                0x06027a32                __ashiftrt_r4_24
                0x06027a4e                __ashiftrt_r4_15
                0x06027a58                __ashiftrt_r4_10
                0x06027a6a                __ashiftrt_r4_1
                0x06027a2a                __ashiftrt_r4_28
                0x06027a40                __ashiftrt_r4_20
                0x06027a5e                __ashiftrt_r4_7
                0x06027a52                __ashiftrt_r4_13
                0x06027a56                __ashiftrt_r4_11
                0x06027a64                __ashiftrt_r4_4
                0x06027a3a                __ashiftrt_r4_23
                0x06027a44                __ashiftrt_r4_18
                0x06027a3e                __ashiftrt_r4_21
                0x06027a66                __ashiftrt_r4_3
 .text          0x06027a80       0xb0 c:/saturn/SH_COFF/sh-coff/bin/../lib/gcc/sh-coff/3.4-GNUSH_v0501\libgcc.a(_si_to_df.o)
                0x06027a80                __floatsidf
 .text          0x06027b30      0x2e0 c:/saturn/SH_COFF/sh-coff/bin/../lib/gcc/sh-coff/3.4-GNUSH_v0501\libgcc.a(_mul_df.o)
                0x06027b40                __muldf3
 .text          0x06027e10       0x80 c:/saturn/SH_COFF/sh-coff/bin/../lib/gcc/sh-coff/3.4-GNUSH_v0501\libgcc.a(_df_to_si.o)
                0x06027e10                __fixdfsi
 .text          0x06027e90       0x70 c:/saturn/SH_COFF/sh-coff/bin/../lib/gcc/sh-coff/3.4-GNUSH_v0501\libgcc.a(_udivsi3.o)
                0x06027eb2                __udivsi3
 .text          0x06027f00       0xa0 c:/saturn/SH_COFF/sh-coff/bin/../lib/gcc/sh-coff/3.4-GNUSH_v0501\libgcc.a(_sdivsi3.o)
                0x06027f00                __sdivsi3
 .text          0x06027fa0       0x90 c:/saturn/SH_COFF/sh-coff/bin/../lib/gcc/sh-coff/3.4-GNUSH_v0501\libgcc.a(_ashiftrt_n.o)
                0x06027fa0                __ashrsi3
 .text          0x06028030       0x90 c:/saturn/SH_COFF/sh-coff/bin/../lib/gcc/sh-coff/3.4-GNUSH_v0501\libgcc.a(_ashiftlt.o)
                0x06028030                __ashlsi3
 .text          0x060280c0       0xb0 c:/saturn/SH_COFF/sh-coff/bin/../lib/gcc/sh-coff/3.4-GNUSH_v0501\libgcc.a(_movstr.o)
                0x06028100                __movstrSI16
                0x060280d4                __movstrSI60
                0x060280e0                __movstrSI48
                0x060280dc                __movstrSI52
                0x060280d0                __movstrSI64
                0x060280e4                __movstrSI44
                0x060280e8                __movstrSI40
                0x060280ec                __movstrSI36
                0x06028120                __movstr
                0x060280d8                __movstrSI56
                0x060280f4                __movstrSI28
                0x060280f0                __movstrSI32
                0x06028104                __movstrSI12
                0x06028108                __movstrSI8
                0x06028110                __movstrSI0
                0x060280f8                __movstrSI24
                0x060280fc                __movstrSI20
                0x0602810c                __movstrSI4
 .text          0x06028170       0xa0 c:/saturn/SH_COFF/sh-coff/bin/../lib/gcc/sh-coff/3.4-GNUSH_v0501\libgcc.a(__main.o)
                0x060281e4                __main
                0x06028170                __do_global_dtors
                0x060281a4                __do_global_ctors
 .text          0x06028210      0x220 c:/saturn/SH_COFF/sh-coff/bin/../lib/gcc/sh-coff/3.4-GNUSH_v0501\libgcc.a(_pack_df.o)
                0x06028220                __pack_d
 .text          0x06028430      0x120 c:/saturn/SH_COFF/sh-coff/bin/../lib/gcc/sh-coff/3.4-GNUSH_v0501\libgcc.a(_unpack_df.o)
                0x06028440                __unpack_d
 .text          0x06028550       0x20 c:/saturn/SH_COFF/sh-coff/bin/../lib/gcc/sh-coff/3.4-GNUSH_v0501\libgcc.a(_thenan_df.o)
                0x06028550                __thenan_df
 .text          0x06028570       0xd0 c:/saturn/SH_COFF/sh-coff/bin/../lib/gcc/sh-coff/3.4-GNUSH_v0501\libgcc.a(_muldi3.o)
                0x06028570                __muldi3
 .text          0x06028640       0x80 c:/saturn/SH_COFF/sh-coff/bin/../lib/gcc/sh-coff/3.4-GNUSH_v0501\libgcc.a(_lshrdi3.o)
                0x06028640                __lshrdi3
 .text          0x060286c0       0x80 c:/saturn/SH_COFF/sh-coff/bin/../lib/gcc/sh-coff/3.4-GNUSH_v0501\libgcc.a(_ashldi3.o)
                0x060286c0                __ashldi3
 .text          0x06028740       0x30 c:/saturn/SH_COFF/sh-coff/bin/../lib/gcc/sh-coff/3.4-GNUSH_v0501\libgcc.a(_mulsi3.o)
                0x06028740                __mulsi3
 .text          0x06028770       0x90 c:/saturn/SH_COFF/sh-coff/bin/../lib/gcc/sh-coff/3.4-GNUSH_v0501\libgcc.a(_lshiftrt.o)
                0x06028770                __lshrsi3
 .text          0x06028800       0x40 c:/saturn/SH_COFF/sh-coff/bin/../lib/gcc/sh-coff/3.4-GNUSH_v0501/../../../../sh-coff/lib\libc.a(memset.o)
                0x06028800                memset
 .text          0x06028840       0x60 c:/saturn/SH_COFF/sh-coff/bin/../lib/gcc/sh-coff/3.4-GNUSH_v0501/../../../../sh-coff/lib\libc.a(memcmp.o)
                0x06028840                memcmp
 .text          0x060288a0       0xa0 c:/saturn/SH_COFF/sh-coff/bin/../lib/gcc/sh-coff/3.4-GNUSH_v0501/../../../../sh-coff/lib\libc.a(memcpy.o)
                0x060288a0                memcpy
 .text          0x06028940       0xb0 c:/saturn/SH_COFF/sh-coff/bin/../lib/gcc/sh-coff/3.4-GNUSH_v0501/../../../../sh-coff/lib\libc.a(strncmp.o)
                0x06028940                strncmp
 .text          0x060289f0       0xa0 c:/saturn/SH_COFF/sh-coff/bin/../lib/gcc/sh-coff/3.4-GNUSH_v0501/../../../../sh-coff/lib\libc.a(strncpy.o)
                0x060289f0                strncpy
 .text          0x06028a90       0x90 c:/saturn/SH_COFF/sh-coff/bin/../lib/gcc/sh-coff/3.4-GNUSH_v0501/../../../../sh-coff/lib\libc.a(atexit.o)
                0x06028a90                atexit
 .text          0x06028b20       0x10 c:/saturn/SH_COFF/sh-coff/bin/../lib/gcc/sh-coff/3.4-GNUSH_v0501/../../../../sh-coff/lib\libc.a(impure.o)
                0x06028b20                _global_impure_ptr
 .text          0x06028b30       0x40 c:/saturn/SH_COFF/sh-coff/bin/../lib/gcc/sh-coff/3.4-GNUSH_v0501/../../../../sh-coff/lib\libc.a(malloc.o)
                0x06028b4c                free
                0x06028b30                malloc
 .text          0x06028b70      0x5b0 c:/saturn/SH_COFF/sh-coff/bin/../lib/gcc/sh-coff/3.4-GNUSH_v0501/../../../../sh-coff/lib\libc.a(mallocr.o)
                0x06028b70                _malloc_r
 .text          0x06029120      0x340 c:/saturn/SH_COFF/sh-coff/bin/../lib/gcc/sh-coff/3.4-GNUSH_v0501/../../../../sh-coff/lib\libc.a(freer.o)
                0x06029120                _malloc_trim_r
                0x06029214                _free_r
 .text          0x06029460       0x20 c:/saturn/SH_COFF/sh-coff/bin/../lib/gcc/sh-coff/3.4-GNUSH_v0501/../../../../sh-coff/lib\libc.a(mlock.o)
                0x06029460                __malloc_lock
                0x0602946c                __malloc_unlock
 .text          0x06029480       0x50 c:/saturn/SH_COFF/sh-coff/bin/../lib/gcc/sh-coff/3.4-GNUSH_v0501/../../../../sh-coff/lib\libc.a(sbrkr.o)
                0x06029480                _sbrk_r
 .text          0x060294d0      0x380 c:/saturn/SH_COFF/sh-coff/bin/../lib/gcc/sh-coff/3.4-GNUSH_v0501/../../../../sh-coff/lib\libc.a(syscalls.o)
                0x0602963c                _exit
                0x06029670                _getpid
                0x060296d8                _utime
                0x06029508                _write
                0x060294d0                _read
                0x06029624                _unlink
                0x060295ec                _open
                0x06029688                _stat
                0x06029630                isatty
                0x06029708                _wait
                0x06029654                _kill
                0x060296a4                _chmod
                0x06029738                _execv
                0x0602971c                _execve
                0x06029814                __setup_argv_and_call_main
                0x06029770                _gettimeofday
                0x0602953c                _link
                0x0602967c                _raise
                0x06029608                _creat
                0x06029750                _pipe
                0x060296bc                _chown
                0x060294ec                _lseek
                0x06029524                _close
                0x06029764                _times
                0x060295d8                _fstat
                0x060296f4                _fork
                0x06029564                _sbrk
 .text          0x06029850       0x20 c:/saturn/SH_COFF/sh-coff/bin/../lib/gcc/sh-coff/3.4-GNUSH_v0501/../../../../sh-coff/lib\libc.a(trap.o)
                0x06029850                __trap34
 .text          0x06029870       0x20 c:/saturn/SH_COFF/sh-coff/bin/../lib/gcc/sh-coff/3.4-GNUSH_v0501/../../../../sh-coff/lib\libc.a(abort.o)
                0x06029870                abort
 .text          0x06029890      0x270 c:/saturn/SH_COFF/sh-coff/bin/../lib/gcc/sh-coff/3.4-GNUSH_v0501/../../../../sh-coff/lib\libc.a(signal.o)
                0x06029950                _raise_r
                0x06029ad8                __sigtramp
                0x06029a84                raise
                0x06029ac0                _init_signal
                0x06029a10                __sigtramp_r
                0x06029aa0                signal
                0x060298dc                _signal_r
                0x06029890                _init_signal_r
 .text          0x06029b00       0x60 c:/saturn/SH_COFF/sh-coff/bin/../lib/gcc/sh-coff/3.4-GNUSH_v0501/../../../../sh-coff/lib\libc.a(signalr.o)
                0x06029b48                _getpid_r
                0x06029b00                _kill_r
 *(.strings)

.tors           0x06029b60        0x0
                0x06029b60                ___ctors = .
 *(.ctors)
                0x06029b60                ___ctors_end = .
                0x06029b60                ___dtors = .
 *(.dtors)
                0x06029b60                ___dtors_end = .

.data           0x06029b60     0x55c0
                0x06029b60                STARTOF_R = .
 *(.data)
 .data          0x06029b60      0x400 smpclib/per_x1.o
 .data          0x06029f60       0x60 cutscene.o
                0x06029f60                tomo_text
 .data          0x06029fc0       0xd0 game.o
                0x06029fc0                powerup_names
 .data          0x0602a090     0x4000 graphics.o
                0x0602bf78                cyberblock_name
                0x0602a590                noticefont_name
                0x0602a186                bit_num
                0x0602d45e                girl2_num
                0x0602b25c                soon_name
                0x0602a1dc                blockcrack_pal
                0x0602bfc8                metalorange_name
                0x0602a3d6                ship_size
                0x0602bfd6                metalorange_num
                0x0602b2b8                chipgame_pal
                0x0602d052                girl3_num
                0x0602a9ae                chipover_num
                0x0602a50c                game_name
                0x0602bad8                menufont_pal
                0x0602a1da                capsule_num
                0x0602a22e                blockcrack_size
                0x0602bb26                menufont_num
                0x0602a32c                beffect_size
                0x0602b266                soon_num
                0x0602d86a                girl1_num
                0x0602bf88                metalorange_pal
                0x0602d86c                roarframes_pal
                0x0602b2a8                gamestar_name
                0x0602a284                blocks2_size
                0x0602a090                barrier_pal
                0x0602a53c                starnear_name
                0x0602a4e4                gamefar_height
                0x0602a3d8                ship_num
                0x0602dc7c                roarbg_pal
                0x0602a328                beffect_height
                0x0602e07c                roarbg_name
                0x0602a21c                blockcrack_name
                0x0602a330                explosion_pal
                0x0602b268                gamestar_pal
                0x0602a22a                blockcrack_height
                0x0602a508                gamenear_width
                0x0602a9b0                gameover_pal
                0x0602a370                explosion_name
                0x0602a2da                blocks1_num
                0x0602a1d6                capsule_width
                0x0602a1d4                capsule_height
                0x0602a0e0                barrier_size
                0x0602a42e                starspr_num
                0x0602a0de                barrier_width
                0x0602d860                girl1_name
                0x0602b6c8                game_tiles_pal
                0x0602a286                blocks2_num
                0x0602bfd8                title_pal
                0x0602a22c                blockcrack_width
                0x0602a2c8                blocks1_name
                0x0602a47a                font_height
                0x0602dc6c                roarframes_name
                0x0602d048                girl3_name
                0x0602a4e6                gamefar_width
                0x0602d460                girl1_pal
                0x0602bb18                menufont_name
                0x0602b21c                soon_pal
                0x0602bf36                chipframes_num
                0x0602a484                ball_pal
                0x0602cc48                girl3_pal
                0x0602b6c6                chipgame_num
                0x0602a1d8                capsule_size
                0x0602a42c                starspr_size
                0x0602ae00                cutscfont_name
                0x0602a288                blocks1_pal
                0x0602a4f8                gamenear_name
                0x0602a380                explosion_width
                0x0602c83a                girl5_num
                0x0602a4d4                ball_num
                0x0602c3e2                title_num
                0x0602a470                font_name
                0x0602a32a                beffect_width
                0x0602a230                blockcrack_num
                0x0602a134                laser_num
                0x0602a3dc                starspr_pal
                0x0602aa00                cutscfont_pal
                0x0602e088                roarbg_num
                0x0602a4d0                ball_width
                0x0602bf86                cyberblock_num
                0x0602b210                tomo_name
                0x0602c430                girl5_pal
                0x0602a3d2                ship_height
                0x0602bad6                game_tiles_num
                0x0602a4ce                ball_height
                0x0602a506                gamenear_height
                0x0602a47c                font_width
                0x0602c42e                stars_num
                0x0602a9fe                gameover_num
                0x0602a4d2                ball_size
                0x0602a9a0                chipover_name
                0x0602a124                laser_name
                0x0602a184                bit_size
                0x0602a3d4                ship_width
                0x0602a0e2                barrier_num
                0x0602c3d8                title_name
                0x0602bf28                chipframes_name
                0x0602a51c                starfar_name
                0x0602a2d4                blocks1_height
                0x0602a130                laser_width
                0x0602c424                stars_name
                0x0602a178                bit_name
                0x0602b2b6                gamestar_num
                0x0602a4f4                gamemid_height
                0x0602a9f0                gameover_name
                0x0602a388                ship_pal
                0x0602a4c4                ball_name
                0x0602a480                font_num
                0x0602a430                font_pal
                0x0602a53a                starmid_width
                0x0602a54c                starnear_width
                0x0602a4e8                gamemid_name
                0x0602a0dc                barrier_height
                0x0602a138                bit_pal
                0x0602a282                blocks2_width
                0x0602a2d8                blocks1_size
                0x0602a42a                starspr_width
                0x0602bb28                chipframes_pal
                0x0602a516                game_height
                0x0602a528                starfar_height
                0x0602a384                explosion_num
                0x0602cc46                girl4_num
                0x0602ae10                tomo_pal
                0x0602a1c8                capsule_name
                0x0602a4f6                gamemid_width
                0x0602a550                noticefont_pal
                0x0602a280                blocks2_height
                0x0602a31c                beffect_name
                0x0602a2d6                blocks1_width
                0x0602a47e                font_size
                0x0602a274                blocks2_name
                0x0602a180                bit_height
                0x0602a12e                laser_height
                0x0602a41c                starspr_name
                0x0602dc7a                roarframes_num
                0x0602bf38                cyberblock_pal
                0x0602a54a                starnear_height
                0x0602a52c                starmid_name
                0x0602a3c8                ship_name
                0x0602c830                girl5_name
                0x0602c83c                girl4_pal
                0x0602a234                blocks2_pal
                0x0602a182                bit_width
                0x0602a538                starmid_height
                0x0602c3e4                stars_pal
                0x0602a4d8                gamefar_name
                0x0602a188                capsule_pal
                0x0602a0e4                laser_pal
                0x0602bac8                game_tiles_name
                0x0602a32e                beffect_num
                0x0602a428                starspr_height
                0x0602a2dc                beffect_pal
                0x0602cc3c                girl4_name
                0x0602a5a0                chipover_pal
                0x0602a518                game_width
                0x0602d054                girl2_pal
                0x0602a132                laser_size
                0x0602a0d0                barrier_name
                0x0602a52a                starfar_width
                0x0602a59e                noticefont_num
                0x0602a382                explosion_size
                0x0602a37e                explosion_height
                0x0602b6b8                chipgame_name
                0x0602d454                girl2_name
 .data          0x0602e090      0x190 intro.o
 .data          0x0602e220      0x120 level.o
                0x0602e228                level_blocks
                0x0602e220                level_lengths
                0x0602e230                level1_blocks
                0x0602e2b4                level0_blocks
 .data          0x0602e340       0x40 logo.o
 .data          0x0602e380       0x80 menu.o
                0x0602e380                cutscene
 .data          0x0602e400       0x10 notice.o
                0x0602e400                notice_text
 .data          0x0602e410       0x10 pcmsys.o
                0x0602e414                scsp_load
                0x0602e418                m68k_com
                0x0602e410                master_volume
 .data          0x0602e420       0x50 scroll.o
                0x0602e440                CycleTbLoRes
                0x0602e460                vram
                0x0602e420                CycleTbBitmap
                0x0602e450                char_offsets
                0x0602e430                CycleTbHiRes
 .data          0x0602e470       0x30 sprite.o
 .data          0x0602e4a0      0x400 c:/saturn/sbl6/segalib/lib/sega_int.a(int.o)
 .data          0x0602e8a0       0x1c c:/saturn/sbl6/segalib/lib/sega_spr.a(spr_slv.o)
                0x0602e8a8                SPR_SlaveParam
                0x0602e8b8                SPR_SMPC_SF
                0x0602e8b0                SPR_SMPC_COM
                0x0602e8ac                SPR_SlaveSHEntry
                0x0602e8a4                SPR_SlaveState
                0x0602e8a0                SPR_SlaveCommand
                0x0602e8b4                SPR_SMPC_RET
 *fill*         0x0602e8bc        0x4 00
 .data          0x0602e8c0       0x34 c:/saturn/sbl6/segalib/lib/sega_spr.a(spr_1c.o)
                0x0602e8c0                SpInitialFlag
 *fill*         0x0602e8f4        0xc 00
 .data          0x0602e900       0x1c c:/saturn/sbl6/segalib/lib/sega_scl.a(scl_vblv.o)
                0x0602e908                VBInterval
                0x0602e910                ReqDisplayFlag
                0x0602e900                SpFrameChgMode
                0x0602e90c                VBIntervalCounter
                0x0602e904                SpFrameEraseMode
 *fill*         0x0602e91c        0x4 00
 .data          0x0602e920       0x36 c:/saturn/sbl6/segalib/lib/sega_scl.a(scl_func.o)
                0x0602e930                SclRotregBuff
                0x0602e92c                SclDisplayY
                0x0602e934                SclRotateTableMode
                0x0602e928                SclProcess
                0x0602e924                SclCurSclNum
                0x0602e920                SclLengthLsTbl
                0x0602e92a                SclDisplayX
                0x0602e922                SclLengthCsTbl
 *fill*         0x0602e956        0xa 00
 .data          0x0602e960       0x18 c:/saturn/sbl6/segalib/lib/sega_scl.a(scl_pri.o)
                0x0602e964                SclRealSpPriNum
                0x0602e974                SclRealColOffset
                0x0602e970                SclRealBgColMix
                0x0602e96c                SclRealSpColMix
                0x0602e968                SclRealBgPriNum
                0x0602e960                SclRealOtherPri
 *fill*         0x0602e978        0x8 00
 .data          0x0602e980        0x4 c:/saturn/sbl6/segalib/lib/sega_mth.a(mth_rand.o)
 *fill*         0x0602e984        0xc 00
 .data          0x0602e990      0x380 c:/saturn/SH_COFF/sh-coff/bin/../lib/gcc/sh-coff/3.4-GNUSH_v0501/../../../../sh-coff/lib\libc.a(impure.o)
                0x0602ed0c                _impure_ptr
 .data          0x0602ed10      0x410 c:/saturn/SH_COFF/sh-coff/bin/../lib/gcc/sh-coff/3.4-GNUSH_v0501/../../../../sh-coff/lib\libc.a(mallocr.o)
                0x0602ed18                __malloc_av_
                0x0602ed14                __malloc_trim_threshold
                0x0602ed10                __malloc_sbrk_base
                0x0602f120                SIZEOF_R = (. - STARTOF_R)
                0x0602f120                ENDOF_R = .

.bss            0x0602f120    0x11f04
                0x0602f120                STARTOF_B = .
 *(.bss)
 .bss           0x0602f120       0x10 vblank.o
                0x0602f124                PadData2E
                0x0602f12a                PadData1
                0x0602f126                PadData2
                0x0602f128                PadData1E
                0x0602f120                __port
 .bss           0x0602f130       0xe0 smpclib/per_x2.o
 .bss           0x0602f210       0x10 ball.o
 .bss           0x0602f220       0x10 barrier.o
 .bss           0x0602f230       0x10 capsule.o
 .bss           0x0602f240       0x10 cutscene.o
 .bss           0x0602f250       0x50 game.o
                0x0602f264                bit_left
                0x0602f254                illusion_charno
                0x0602f25c                laser_max
                0x0602f260                bit_right
                0x0602f268                bit_ship
                0x0602f26c                turbo
                0x0602f274                score
                0x0602f258                illusion
                0x0602f270                powerup_cursor
                0x0602f250                illusion_cursor
 .bss           0x0602f2a0     0x1970 intro.o
 .bss           0x06030c10       0x10 laser.o
 .bss           0x06030c20     0x13a0 level.o
 .bss           0x06031fc0       0x10 logo.o
 .bss           0x06031fd0       0x60 menu.o
 .bss           0x06032030       0x10 notice.o
                0x06032030                notice_displayed
 .bss           0x06032040       0x10 pcmsys.o
                0x06032040                numberPCMs
 .bss           0x06032050       0x10 scroll.o
                0x06032050                bitmap
                0x06032054                scroll_res
 .bss           0x06032060       0x10 soon.o
                0x06032060                soon_state
 .bss           0x06032070     0x3d00 sprite.o
                0x06032070                num_sprites
 .bss           0x06035d70       0x10 main.o
                0x06035d70                frame
 .bss           0x06035d80       0x6e c:/saturn/sbl6/segalib/lib/sega_spr.a(spr_2c.o)
 *fill*         0x06035dee        0x2 00
 .bss           0x06035df0        0x4 c:/saturn/sbl6/segalib/lib/sega_scl.a(scl_vblv.o)
 *fill*         0x06035df4        0xc 00
 .bss           0x06035e00     0x1900 c:/saturn/sbl6/segalib/lib/sega_scl.a(scl_fu05.o)
 .bss           0x06037700        0x4 c:/saturn/sbl6/segalib/lib/sega_scl.a(scl_func.o)
 *fill*         0x06037704        0xc 00
 .bss           0x06037710       0x48 c:/saturn/sbl6/segalib/lib/sega_scl.a(scl_ro00.o)
 *fill*         0x06037758        0x8 00
 .bss           0x06037760        0xc c:/saturn/sbl6/segalib/lib/sega_cdc.a(cdc_sub.o)
 *fill*         0x0603776c        0x4 00
 .bss           0x06037770        0x2 c:/saturn/sbl6/segalib/lib/sega_cdc.a(cdc_reg.o)
 *fill*         0x06037772        0xe 00
 .bss           0x06037780       0x9c c:/saturn/sbl6/segalib/lib/sega_per.a(per_prt.o)
 *fill*         0x0603781c        0x4 00
 .bss           0x06037820        0xc c:/saturn/sbl6/segalib/lib/sega_sat.a(DMA_SCU1.o)
 *fill*         0x0603782c        0x4 00
 .bss           0x06037830        0xc c:/saturn/sbl6/segalib/lib/sega_sat.a(gfs_trn.o)
 *fill*         0x0603783c        0x4 00
 .bss           0x06037840       0x20 c:/saturn/sbl6/segalib/lib/sega_sat.a(DMA_SCU0.o)
 .bss           0x06037860       0x10 c:/saturn/SH_COFF/sh-coff/bin/../lib/gcc/sh-coff/3.4-GNUSH_v0501\libgcc.a(__main.o)
 .bss           0x06037870       0x10 c:/saturn/SH_COFF/sh-coff/bin/../lib/gcc/sh-coff/3.4-GNUSH_v0501/../../../../sh-coff/lib\libc.a(atexit.o)
 .bss           0x06037880       0x40 c:/saturn/SH_COFF/sh-coff/bin/../lib/gcc/sh-coff/3.4-GNUSH_v0501/../../../../sh-coff/lib\libc.a(mallocr.o)
                0x060378b0                __malloc_top_pad
                0x06037880                __malloc_current_mallinfo
                0x060378ac                __malloc_max_sbrked_mem
                0x060378a8                __malloc_max_total_mem
 .bss           0x060378c0       0x10 c:/saturn/SH_COFF/sh-coff/bin/../lib/gcc/sh-coff/3.4-GNUSH_v0501/../../../../sh-coff/lib\libc.a(syscalls.o)
 *(COMMON)
 COMMON         0x060378d0        0x8 vblank.o
                                  0x0 (size before relaxing)
                0x060378d0                PadAnalogR1
                0x060378d1                PadAnalogL1
                0x060378d2                PadAnalogY1
                0x060378d3                PadAnalogX1
                0x060378d4                PadID1
 *fill*         0x060378d8        0x8 00
 COMMON         0x060378e0      0x1e8 ball.o
                                  0x0 (size before relaxing)
                0x060378e0                ball_sprites
                0x06037ac0                ball_count
                0x06037ac4                ball_mode
 *fill*         0x06037ac8        0x8 00
 COMMON         0x06037ad0        0x4 barrier.o
                                  0x0 (size before relaxing)
                0x06037ad0                barrier_life
 *fill*         0x06037ad4        0xc 00
 COMMON         0x06037ae0       0xa0 capsule.o
                                  0x0 (size before relaxing)
                0x06037ae0                capsules
 COMMON         0x06037b80     0x1674 cd.o
                                  0x0 (size before relaxing)
                0x06037b80                dirname
                0x060384e0                lib_work
                0x060391e8                directory_table
 *fill*         0x060391f4        0xc 00
 COMMON         0x06039200     0x19c8 game.o
                                  0x0 (size before relaxing)
                0x06039200                laser_charno
                0x06039210                ship_sprite
                0x06039228                explosion_charno
                0x06039230                gameover_line
                0x0603ab40                capsule_charno
                0x0603ab44                bit_charno
                0x0603ab48                block_charno
                0x0603ab4c                ship_left
                0x0603ab50                ship_right
                0x0603ab54                ball_charno
                0x0603ab60                illusion_arr
                0x0603abc0                barrier_charno
                0x0603abc4                gameover_angle
 *fill*         0x0603abc8        0x8 00
 COMMON         0x0603abd0       0xd0 laser.o
                                  0x0 (size before relaxing)
                0x0603abd0                laser_count
                0x0603abe0                laser_sprites
 COMMON         0x0603aca0        0x4 level.o
                                  0x0 (size before relaxing)
                0x0603aca0                level_blocksleft
 *fill*         0x0603aca4        0xc 00
 COMMON         0x0603acb0     0x14a0 print.o
                                  0x0 (size before relaxing)
                0x0603acb0                text
 COMMON         0x0603c150      0x230 scroll.o
                                  0x0 (size before relaxing)
                0x0603c150                scfg
 COMMON         0x0603c380        0x4 soon.o
                                  0x0 (size before relaxing)
                0x0603c380                soon_scroll
 *fill*         0x0603c384        0xc 00
 COMMON         0x0603c390     0x3180 sprite.o
                                  0x0 (size before relaxing)
                0x0603c390                sprites
                0x0603d510                sprite_buf
 COMMON         0x0603f510       0x8c main.o
                                  0x0 (size before relaxing)
                0x0603f510                off_config
 *fill*         0x0603f59c        0x4 00
 COMMON         0x0603f5a0      0x400 c:/saturn/sbl6/segalib/lib/sega_int.a(int.o)
                                  0x0 (size before relaxing)
                0x0603f5a0                __interrupt_vector
 COMMON         0x0603f9a0       0x50 c:/saturn/sbl6/segalib/lib/sega_spr.a(spr_2c.o)
                                  0x0 (size before relaxing)
                0x0603f9a0                SpMstCmd
                0x0603f9a4                Sp2OpenFlag
                0x0603f9a8                SpGourTblMax
                0x0603f9ac                SpDrawPrtyBlk
                0x0603f9b0                SpLCoordX
                0x0603f9b4                SpMstDrawPrtyBlk
                0x0603f9b8                SpGourTbl
                0x0603f9bc                SpLookupTblR
                0x0603f9c0                SpCmdTbl
                0x0603f9c4                SpCharMax
                0x0603f9c8                SpDrawPrtyProcFlag
                0x0603f9cc                SpCmdNo
                0x0603f9d0                SpDrawPrtyBlkMax
                0x0603f9d4                SpSlvCmdPos
                0x0603f9d8                SpSlvDrawPrtyBlk
                0x0603f9dc                SpCharTbl
                0x0603f9e0                SpCmdTblR
                0x0603f9e4                SpMstCmdPos
                0x0603f9e8                SpSlvCmd
                0x0603f9ec                SpLCoordY
 COMMON         0x0603f9f0       0x10 c:/saturn/sbl6/segalib/lib/sega_spr.a(spr_1c.o)
                                  0x0 (size before relaxing)
                0x0603f9f0                SpScreenY
                0x0603f9f4                SpFbcrMode
                0x0603f9f6                SpDil
                0x0603f9f8                SpDie
                0x0603f9fa                SpTvMode
                0x0603f9fc                SpScreenX
 COMMON         0x0603fa00      0xf00 c:/saturn/sbl6/segalib/lib/sega_scl.a(scl_func.o)
                                  0x0 (size before relaxing)
                0x0603fa00                SclRbgKtbAddr
                0x0603fa08                SclRb
                0x0603fa0a                Scl_flag
                0x0603fa10                SclK_TableBuff
                0x060406e0                SclAddrCsTbl
                0x060406f0                Scl_s_reg
                0x06040718                SclRotateXy
                0x06040720                Scl_d_reg
                0x06040768                SclRotateDisp
                0x06040770                SclRotateMoveZ
                0x06040778                SclRotXySw
                0x06040780                Scl_r_reg
                0x06040790                SclRPMD
                0x06040798                SclRbgKtbOffset
                0x060407a0                _SclRotregBuff
                0x06040870                SclRa
                0x06040878                SclRotateZ
                0x06040880                SclAddrLsTbl
                0x06040888                SclK_TableNum
                0x06040890                SclRotateTableAddress
                0x06040894                SclK_TableFlag
                0x060408a0                Scl_w_reg
                0x060408c0                Scl_n_reg
 COMMON         0x06040900      0x6b0 c:/saturn/sbl6/segalib/lib/sega_scl.a(scl_pri.o)
                                  0x0 (size before relaxing)
                0x06040900                SclAutoEndBlue2
                0x06040910                SclColOffset
                0x06040920                SclPriBuffDirty
                0x06040922                SclAutoEndRed
                0x06040924                SclAutoSurface
                0x06040928                SclAutoGreen
                0x0604092a                SclAutoEndGreen
                0x0604092c                SclAutoCount
                0x06040930                SclColRamAlloc256
                0x06040950                SclAutoCurRate
                0x06040951                SclAutoPlusFlag
                0x06040958                SclSpColMix
                0x06040960                SclAutoMax
                0x06040964                SclLineColRamOffset
                0x06040968                SclColRamAlloc2048
                0x0604096c                SclBgPriNum
                0x06040972                SclAutoEndBlue
                0x06040974                SclAutoEndGreen2
                0x06040976                SclAutoVeFlag
                0x06040978                SclBgColMix
                0x06040980                SclAutoIndex
                0x06040984                SclAutoEndRate
                0x06040986                SclAutoBlue
                0x06040988                SclAutoRed
                0x0604098c                SclAutoInterval
                0x06040990                SclOtherPri
                0x060409a0                SclAutoRGB
                0x06040fa0                SclAutoEndRed2
                0x06040fa8                SclSpPriNum
 COMMON         0x06040fb0       0x10 c:/saturn/sbl6/segalib/lib/sega_scl.a(scl_ro00.o)
                                  0x0 (size before relaxing)
                0x06040fb0                SclCsx
                0x06040fb8                SclCsy
 COMMON         0x06040fc0       0x15 c:/saturn/sbl6/segalib/lib/sega_per.a(per_prt.o)
                                  0x0 (size before relaxing)
                0x06040fc0                per_get_time_flg
                0x06040fc1                per_hot_res
                0x06040fc2                per_set_sys_flg
                0x06040fc4                per_get_time_adr
                0x06040fc8                per_get_sys_data
                0x06040fd4                per_time_out_flg
 *fill*         0x06040fd5        0xb 00
 COMMON         0x06040fe0        0xc c:/saturn/sbl6/segalib/lib/sega_sat.a(gfs.o)
                                  0x0 (size before relaxing)
                0x06040fe0                GFMC_base
                0x06040fe4                gfs_mng_ptr
                0x06040fe8                gfs_use_scudma
 *fill*         0x06040fec        0x4 00
 COMMON         0x06040ff0        0x8 c:/saturn/sbl6/segalib/lib/sega_sat.a(gfs_cdf.o)
                                  0x0 (size before relaxing)
                0x06040ff0                gfcf_fad
                0x06040ff4                gfcf_stat
 *fill*         0x06040ff8        0x8 00
 COMMON         0x06041000        0xc c:/saturn/sbl6/segalib/lib/sega_sat.a(gfs_cdc.o)
                                  0x0 (size before relaxing)
                0x06041000                gfcd_fatal_err
                0x06041004                gfcd_work
                0x06041008                gfcd_playflag
 *fill*         0x0604100c        0x4 00
 COMMON         0x06041010        0x8 c:/saturn/sbl6/segalib/lib/sega_sat.a(DMA_CPU5.o)
                                  0x0 (size before relaxing)
                0x06041010                dma_cpu_cnt
                0x06041014                dma_cpu_dis_adr
 *fill*         0x06041018        0x8 00
 COMMON         0x06041020        0x4 c:/saturn/SH_COFF/sh-coff/bin/../lib/gcc/sh-coff/3.4-GNUSH_v0501/../../../../sh-coff/lib\libc.a(syscalls.o)