Archive member included because of file (symbol)

../sbl6/segalib/lib/sega_int.a(int.o)
                              vblank.o (INT_SetScuFunc)
../sbl6/segalib/lib/sega_int.a(int_trmp.o)
                              ../sbl6/segalib/lib/sega_int.a(int.o) (__interrupt_handler0)
../sbl6/segalib/lib/sega_spr.a(spr_2c.o)
                              sprite.o (SPR_2Initial)
../sbl6/segalib/lib/sega_spr.a(spr_slv.o)
                              ../sbl6/segalib/lib/sega_spr.a(spr_2c.o) (SPR_InitSlaveSH)
../sbl6/segalib/lib/sega_spr.a(spr_1c.o)
                              ../sbl6/segalib/lib/sega_spr.a(spr_2c.o) (SPR_Initial)
../sbl6/segalib/lib/sega_spr.a(spr_2a.o)
                              ../sbl6/segalib/lib/sega_spr.a(spr_2c.o) (SPR_2SetDrawPrty)
../sbl6/segalib/lib/sega_scl.a(scl_vblv.o)
                              ../sbl6/segalib/lib/sega_spr.a(spr_1c.o) (SpFrameChgMode)
../sbl6/segalib/lib/sega_scl.a(scl_fu01.o)
                              scroll.o (SCL_SetDisplayMode)
../sbl6/segalib/lib/sega_scl.a(scl_fu04.o)
                              scroll.o (SCL_SetCycleTable)
../sbl6/segalib/lib/sega_scl.a(scl_func.o)
                              ../sbl6/segalib/lib/sega_scl.a(scl_fu01.o) (SclProcess)
../sbl6/segalib/lib/sega_scl.a(scl_back.o)
                              scroll.o (SCL_SetBack)
../sbl6/segalib/lib/sega_scl.a(scl_fu03.o)
                              scroll.o (SCL_InitConfigTb)
../sbl6/segalib/lib/sega_scl.a(scl_fu02.o)
                              scroll.o (SCL_InitVramConfigTb)
../sbl6/segalib/lib/sega_scl.a(scl_pr07.o)
                              scroll.o (SCL_SetPriority)
../sbl6/segalib/lib/sega_scl.a(scl_pr03.o)
                              sprite.o (SCL_AllocColRam)
../sbl6/segalib/lib/sega_scl.a(scl_pr02.o)
                              sprite.o (SCL_SetColRam)
../sbl6/segalib/lib/sega_scl.a(scl_pr01.o)
                              main.o (SCL_SetSpriteMode)
../sbl6/segalib/lib/sega_scl.a(scl_pri.o)
                              ../sbl6/segalib/lib/sega_scl.a(scl_func.o) (SclRealOtherPri)
../sbl6/segalib/lib/sega_scl.a(scl_ro00.o)
                              ../sbl6/segalib/lib/sega_scl.a(scl_func.o) (SCL_Rotate)
../sbl6/segalib/lib/sega_scl.a(scl_pr06.o)
                              ../sbl6/segalib/lib/sega_scl.a(scl_pr03.o) (SCL_SetColRamOffset)
../sbl6/segalib/lib/sega_scl.a(scl_pr05.o)
                              ../sbl6/segalib/lib/sega_scl.a(scl_pr02.o) (SCL_GetColRamOffset)
../sbl6/segalib/lib/sega_mth.a(mth_fixd.o)
                              sprite.o (MTH_Mul)
../sbl6/segalib/lib/sega_mth.a(mth_tri.o)
                              sprite.o (MTH_Sin)
../sbl6/segalib/lib/sega_cdc.a(cdc_drv.o)
                              sound.o (CDC_CdPlay)
../sbl6/segalib/lib/sega_cdc.a(cdc_cmn.o)
                              main.o (CDC_GetPeriStat)
../sbl6/segalib/lib/sega_cdc.a(cdc_sub.o)
                              ../sbl6/segalib/lib/sega_cdc.a(cdc_cmn.o) (CDSUB_UpdStatus)
../sbl6/segalib/lib/sega_cdc.a(cdc_reg.o)
                              ../sbl6/segalib/lib/sega_cdc.a(cdc_cmn.o) (CDREG_ClrHirqReq)
../sbl6/segalib/lib/sega_per.a(per_prt.o)
                              ../sbl6/segasmp/per/smpclib/per_x2.o (PER_LInit)
../sbl6/segalib/lib/sega_sat.a(gfs.o)
                              cd.o (GFS_Init)
../sbl6/segalib/lib/sega_sat.a(DMA_CPU1.o)
                              pcmsys.o (DMA_CpuMemCopy1)
../sbl6/segalib/lib/sega_sat.a(DMA_CPU5.o)
                              pcmsys.o (DMA_CpuResult)
../sbl6/segalib/lib/sega_sat.a(DMA_SCU1.o)
                              ../sbl6/segalib/lib/sega_spr.a(spr_2c.o) (DMA_ScuMemCopy)
../sbl6/segalib/lib/sega_sat.a(gfs_cdf.o)
                              ../sbl6/segalib/lib/sega_sat.a(gfs.o) (GFCF_Init)
../sbl6/segalib/lib/sega_sat.a(gfs_dir.o)
                              ../sbl6/segalib/lib/sega_sat.a(gfs.o) (GFDR_SetupDirTbl)
../sbl6/segalib/lib/sega_sat.a(gfs_trn.o)
                              ../sbl6/segalib/lib/sega_sat.a(gfs.o) (GFTR_Setup)
../sbl6/segalib/lib/sega_sat.a(gfs_buf.o)
                              ../sbl6/segalib/lib/sega_sat.a(gfs.o) (GFBF_GetNumData)
../sbl6/segalib/lib/sega_sat.a(gfs_cdb.o)
                              ../sbl6/segalib/lib/sega_sat.a(gfs_cdf.o) (GFCB_Setup)
../sbl6/segalib/lib/sega_sat.a(gfs_cdc.o)
                              ../sbl6/segalib/lib/sega_sat.a(gfs.o) (GFCD_SetCdbfs)
../sbl6/segalib/lib/sega_sat.a(DMA_CPU0.o)
                              ../sbl6/segalib/lib/sega_sat.a(DMA_CPU1.o) (DMA_CpuSetComPrm)
../sbl6/segalib/lib/sega_sat.a(csh_main.o)
                              ../sbl6/segalib/lib/sega_sat.a(DMA_CPU5.o) (CSH_Purge)
../sbl6/segalib/lib/sega_sat.a(DMA_SCU0.o)
                              ../sbl6/segalib/lib/sega_sat.a(DMA_SCU1.o) (DMA_ScuSetPrm)
../sbl6/segalib/lib/sega_sat.a(cdc_cfs.o)
                              ../sbl6/segalib/lib/sega_sat.a(gfs_cdc.o) (CDC_ChgDir)
../sbl6/segalib/lib/sega_sat.a(cdc_bio.o)
[...]
Memory Configuration

Name             Origin             Length             Attributes
*default*        0x00000000         0xffffffff

Linker script and memory map

LOAD ../sbl6/segasmp/lib/strt1_g.o
LOAD ../sbl6/segasmp/lib/strt2_g.o
LOAD vblank.o
LOAD ../sbl6/segasmp/per/smpclib/per_x1.o
LOAD ../sbl6/segasmp/per/smpclib/per_x2.o
LOAD ../sbl6/segasmp/per/smpclib/per_x3.o
LOAD cd.o
LOAD graphics.o
LOAD pcmsys.o
LOAD print.o
LOAD scroll.o
LOAD sound.o
LOAD sprite.o
LOAD title.o
LOAD main.o
LOAD ../sbl6/segalib/lib/sega_int.a
LOAD ../sbl6/segalib/lib/sega_spr.a
LOAD ../sbl6/segalib/lib/sega_scl.a
LOAD ../sbl6/segalib/lib/sega_mth.a
LOAD ../sbl6/segalib/lib/sega_cdc.a
LOAD ../sbl6/segalib/lib/sega_adp.a
LOAD ../sbl6/segalib/lib/sega_per.a
LOAD ../sbl6/segalib/lib/sega_sat.a
LOAD c:/saturn/SH_COFF/sh-coff/bin/../lib/gcc/sh-coff/3.4-GNUSH_v0501\libgcc.a
LOAD c:/saturn/SH_COFF/sh-coff/bin/../lib/gcc/sh-coff/3.4-GNUSH_v0501/../../../../sh-coff/lib\libc.a
LOAD c:/saturn/SH_COFF/sh-coff/bin/../lib/gcc/sh-coff/3.4-GNUSH_v0501\libgcc.a

.text           0x06010000    0x138b0
 *(.text)
 .text          0x06010000       0x30 ../sbl6/segasmp/lib/strt1_g.o
                0x06010024                _D_END
                0x06010020                _D_BGN
                0x0601002c                _B_END
                0x06010028                _B_BGN
                0x06010000                START
 .text          0x06010030       0x60 ../sbl6/segasmp/lib/strt2_g.o
                0x06010050                _INITSCT
                0x06010030                _INIT
 .text          0x06010090      0x180 vblank.o
                0x06010090                SetVblank
                0x06010110                UsrVblankOut
                0x060100f0                UsrVblankIn
 .text          0x06010210      0x430 ../sbl6/segasmp/per/smpclib/per_x1.o
                0x060105a4                PER_GetAnalogXYZ
                0x06010234                PER_GetTriggerHandler
                0x060104ce                PER_GetEdge
                0x0601044c                PER_GetTrigger
                0x060104f8                PER_GetPressEdge
                0x0601054c                PER_GetReleaseEdge
                0x06010210                PER_SetTriggerHandler
 .text          0x06010640      0x200 ../sbl6/segasmp/per/smpclib/per_x2.o
                0x06010744                PER_GetDeviceA
                0x06010640                PER_OpenPort
                0x06010678                PER_GetPort
                0x060107be                PER_GetDeviceR
 .text          0x06010840       0x20 ../sbl6/segasmp/per/smpclib/per_x3.o
                0x06010840                PER_DisguiseTrigger
 .text          0x06010860      0x120 cd.o
                0x06010900                cd_load_nosize
                0x06010860                cd_init
                0x06010890                cd_load
 .text          0x06010980      0x8a0 pcmsys.o
                0x06011030                load_8bit_pcm
                0x06010da0                smpc_issue_command
                0x06010e50                load_drv
                0x060111b0                pcm_parameter_change
                0x06010d80                smpc_wait_till_ready
                0x06010dc0                load_driver_binary
                0x06011170                pcm_play
                0x060111e0                pcm_cease
                0x06010ea0                calculate_bytes_per_blank
                0x06010ee0                load_16bit_pcm
 .text          0x06011220      0x170 print.o
                0x060112f0                print_display
                0x06011260                print_num
                0x06011220                print_init
                0x060112b0                print_string
 .text          0x06011390      0x3b0 scroll.o
                0x06011390                scroll_lores
                0x060113f0                scroll_hires
                0x06011540                scroll_init
                0x06011460                scroll_scale
 .text          0x06011740      0x140 sound.o
                0x06011860                sound_play
                0x06011750                sound_init
                0x06011820                sound_cdda
 .text          0x06011880      0x660 sprite.o
                0x060118b0                sprite_init
                0x06011d10                sprite_make
                0x06011e50                sprite_next
                0x060119e0                sprite_erase
                0x06011eb0                sprite_delete
                0x06011d60                sprite_draw_all
                0x06011880                sprite_deleteall
                0x06011a40                sprite_startdraw
                0x06011ac0                sprite_draw
 .text          0x06011ee0      0x1c0 title.o
                0x06012020                title_run
                0x06011f40                title_init
                0x06011ee0                title_loadframe
 .text          0x060120a0      0x1a0 main.o
                0x060120a0                main
 .text          0x06012240       0x40 ../sbl6/segalib/lib/sega_int.a(int.o)
                0x0601226c                INT_GetScuFunc
                0x06012240                INT_SetScuFunc
 .text          0x06012280      0x624 ../sbl6/segalib/lib/sega_int.a(int_trmp.o)
                0x060123e8                __interrupt_handler60
                0x06012598                __interrupt_handler132
                0x0601274e                __interrupt_handler205
                0x060125b6                __interrupt_handler137
                0x060124e4                __interrupt_handler102
                0x06012322                __interrupt_handler27
                0x06012724                __interrupt_handler198
                0x06012616                __interrupt_handler153
                0x060122fe                __interrupt_handler21
                0x0601240c                __interrupt_handler66
                0x060124fc                __interrupt_handler106
                0x06012646                __interrupt_handler161
                0x06012490                __interrupt_handler88
                0x0601265e                __interrupt_handler165
                0x0601256e                __interrupt_handler125
                0x060122a4                __interrupt_handler6
                0x06012340                __interrupt_handler32
                0x060126fa                __interrupt_handler191
                0x06012814                __interrupt_handler238
                0x0601282c                __interrupt_handler242
                0x06012634                __interrupt_handler158
                0x0601249c                __interrupt_handler90
                0x06012658                __interrupt_handler164
                0x0601237c                __interrupt_handler42
                0x060126be                __interrupt_handler181
                0x060127c6                __interrupt_handler225
                0x0601286e                __interrupt_handler253
                0x06012682                __interrupt_handler171
                0x0601243c                __interrupt_handler74
                0x06012292                __interrupt_handler3
                0x060123d6                __interrupt_handler57
                0x060122d4                __interrupt_handler14
                0x0601276c                __interrupt_handler210
                0x0601279c                __interrupt_handler218
                0x06012760                __interrupt_handler208
                0x06012364                __interrupt_handler38
                0x06012280                __interrupt_handler0
                0x060124f0                __interrupt_handler104
                0x0601262e                __interrupt_handler157
                0x0601277e                __interrupt_handler213
                0x06012670                __interrupt_handler168
                0x0601247e                __interrupt_handler85
                0x0601251a                __interrupt_handler111
                0x0601252c                __interrupt_handler114
                0x0601239a                __interrupt_handler47
                0x060127f0                __interrupt_handler232
                0x060127ba                __interrupt_handler223
                0x0601280e                __interrupt_handler237
                0x060123fa                __interrupt_handler63
                0x06012388                __interrupt_handler44
                0x0601269a                __interrupt_handler175
                0x060126c4                __interrupt_handler182
                0x060126dc                __interrupt_handler186
                0x060125da                __interrupt_handler143
                0x06012502                __interrupt_handler107
                0x06012568                __interrupt_handler124
                0x06012688                __interrupt_handler172
                0x0601283e                __interrupt_handler245
                0x060124ba                __interrupt_handler95
                0x06012592                __interrupt_handler131
                0x060125a4                __interrupt_handler134
                0x060125c2                __interrupt_handler139
                0x06012430                __interrupt_handler72
                0x060127ea                __interrupt_handler231
                0x06012640                __interrupt_handler160
                0x06012586                __interrupt_handler129
                0x060122f8                __interrupt_handler20
                0x06012406                __interrupt_handler65
                0x060123d0                __interrupt_handler56
                0x060122ce                __interrupt_handler13
                0x06012766                __interrupt_handler209
                0x06012520                __interrupt_handler112
                0x060122f2                __interrupt_handler19
                0x060124ae                __interrupt_handler93
                0x06012718                __interrupt_handler196
                0x0601260a                __interrupt_handler151
                0x0601266a                __interrupt_handler167
                0x06012880                __trampoline
                0x060122e6                __interrupt_handler17
                0x060127d8                __interrupt_handler228
                0x0601287a                __interrupt_handler255
                0x06012838                __interrupt_handler244
                0x060124d2                __interrupt_handler99
                0x060126ca                __interrupt_handler183
                0x060125c8                __interrupt_handler140
                0x060126ee                __interrupt_handler189
                0x060125ec                __interrupt_handler146
                0x060127b4                __interrupt_handler222
                0x06012628                __interrupt_handler156
                0x0601255c                __interrupt_handler122
                0x06012850                __interrupt_handler248
                0x060123a0                __interrupt_handler48
                0x0601241e                __interrupt_handler69
                0x06012310                __interrupt_handler24
                0x06012496                __interrupt_handler89
                0x0601278a                __interrupt_handler215
                0x06012874                __interrupt_handler254
                0x0601248a                __interrupt_handler87
                0x060123ee                __interrupt_handler61
                0x06012712                __interrupt_handler195
                0x06012604                __interrupt_handler150
                0x06012376                __interrupt_handler41
                0x06012514                __interrupt_handler110
                0x0601257a                __interrupt_handler127
                0x06012508                __interrupt_handler108
                0x06012526                __interrupt_handler113
                0x06012538                __interrupt_handler116
                0x06012556                __interrupt_handler121
                0x0601244e                __interrupt_handler77
                0x0601236a                __interrupt_handler39
                0x06012382                __interrupt_handler43
                0x06012856                __interrupt_handler249
                0x06012694                __interrupt_handler174
                0x060125b0                __interrupt_handler136
                0x060126e8                __interrupt_handler188
                0x060125e6                __interrupt_handler145
                0x060122b6                __interrupt_handler9
                0x0601245a                __interrupt_handler79
                0x060127d2                __interrupt_handler227
                0x0601234c                __interrupt_handler34
                0x0601258c                __interrupt_handler130
                0x0601284a                __interrupt_handler247
                0x06012442                __interrupt_handler75
                0x0601268e                __interrupt_handler173
                0x060123be                __interrupt_handler53
                0x060125fe                __interrupt_handler149
                0x06012862                __interrupt_handler251
                0x060127f6                __interrupt_handler233
                0x060122bc                __interrupt_handler10
                0x06012748                __interrupt_handler204
                0x0601246c                __interrupt_handler82
                0x06012472                __interrupt_handler83
                0x06012316                __interrupt_handler25
                0x06012832                __interrupt_handler243
                0x0601264c                __interrupt_handler162
                0x06012394                __interrupt_handler46
                0x060126ac                __interrupt_handler178
                0x06012460                __interrupt_handler80
                0x060123f4                __interrupt_handler62
                0x0601228c                __interrupt_handler2
                0x0601232e                __interrupt_handler29
                0x06012424                __interrupt_handler70
                0x0601250e                __interrupt_handler109
                0x060125f8                __interrupt_handler148
                0x060124b4                __interrupt_handler94
                0x060127c0                __interrupt_handler224
                0x060124ea                __interrupt_handler103
                0x06012358                __interrupt_handler36
                0x06012574                __interrupt_handler126
                0x06012844                __interrupt_handler246
                0x060123ca                __interrupt_handler55
                0x060122c8                __interrupt_handler12
                0x060123b8                __interrupt_handler52
                0x060126e2                __interrupt_handler187
                0x060125e0                __interrupt_handler144
                0x0601253e                __interrupt_handler117
                0x060122ec                __interrupt_handler18
                0x0601271e                __interrupt_handler197
                0x06012610                __interrupt_handler152
                0x06012544                __interrupt_handler118
                0x0601267c                __interrupt_handler170
                0x06012736                __interrupt_handler201
                0x060124c6                __interrupt_handler97
                0x06012652                __interrupt_handler163
                0x060126b8                __interrupt_handler180
                0x06012700                __interrupt_handler192
                0x06012820                __interrupt_handler240
                0x06012562                __interrupt_handler123
                0x06012784                __interrupt_handler214
                0x0601233a                __interrupt_handler31
                0x06012328                __interrupt_handler28
                0x06012412                __interrupt_handler67
                0x06012418                __interrupt_handler68
                0x06012304                __interrupt_handler22
                0x0601230a                __interrupt_handler23
                0x060126a0                __interrupt_handler176
                0x060122aa                __interrupt_handler7
                0x060127ae                __interrupt_handler221
                0x06012796                __interrupt_handler217
                0x060127de                __interrupt_handler229
                0x060123a6                __interrupt_handler49
                0x06012298                __interrupt_handler4
                0x06012370                __interrupt_handler40
                0x06012532                __interrupt_handler115
                0x06012802                __interrupt_handler235
                0x060124a2                __interrupt_handler91
                0x06012754                __interrupt_handler206
                0x060126a6                __interrupt_handler177
                0x060125f2                __interrupt_handler147
                0x0601235e                __interrupt_handler37
                0x0601285c                __interrupt_handler250
                0x06012286                __interrupt_handler1
                0x060127a2                __interrupt_handler219
                0x06012448                __interrupt_handler76
                0x060124d8                __interrupt_handler100
                0x060123dc                __interrupt_handler58
                0x060122da                __interrupt_handler15
                0x06012778                __interrupt_handler212
                0x06012826                __interrupt_handler241
                0x0601273c                __interrupt_handler202
                0x06012706                __interrupt_handler193
                0x06012454                __interrupt_handler78
                0x060123ac                __interrupt_handler50
                0x06012346                __interrupt_handler33
                0x06012664                __interrupt_handler166
                0x060125bc                __interrupt_handler138
                0x060125aa                __interrupt_handler135
                0x06012334                __interrupt_handler30
                0x060126d0                __interrupt_handler184
                0x060125ce                __interrupt_handler141
                0x060127e4                __interrupt_handler230
                0x06012808                __interrupt_handler236
                0x0601254a                __interrupt_handler119
                0x06012484                __interrupt_handler86
                0x060124f6                __interrupt_handler105
                0x06012466                __interrupt_handler81
                0x06012550                __interrupt_handler120
                0x06012580                __interrupt_handler128
                0x060123c4                __interrupt_handler54
                0x060122c2                __interrupt_handler11
                0x0601272a                __interrupt_handler199
                0x0601261c                __interrupt_handler154
                0x0601238e                __interrupt_handler45
                0x06012790                __interrupt_handler216
                0x06012742                __interrupt_handler203
                0x060124de                __interrupt_handler101
                0x06012478                __interrupt_handler84
                0x060126d6                __interrupt_handler185
                0x060125d4                __interrupt_handler142
                0x0601231c                __interrupt_handler26
                0x06012400                __interrupt_handler64
                0x06012730                __interrupt_handler200
                0x0601275a                __interrupt_handler207
                0x0601270c                __interrupt_handler194
                0x060124a8                __interrupt_handler92
                0x06012622                __interrupt_handler155
                0x06012772                __interrupt_handler211
                0x0601259e                __interrupt_handler133
                0x0601229e                __interrupt_handler5
                0x06012436                __interrupt_handler73
                0x060122e0                __interrupt_handler16
                0x0601281a                __interrupt_handler239
                0x060127fc                __interrupt_handler234
                0x06012352                __interrupt_handler35
                0x060123e2                __interrupt_handler59
                0x06012676                __interrupt_handler169
                0x060124cc                __interrupt_handler98
                0x0601242a                __interrupt_handler71
                0x060123b2                __interrupt_handler51
                0x0601263a                __interrupt_handler159
                0x060127cc                __interrupt_handler226
                0x060124c0                __interrupt_handler96
                0x060126f4                __interrupt_handler190
                0x060127a8                __interrupt_handler220
                0x060122b0                __interrupt_handler8
                0x060126b2                __interrupt_handler179
                0x06012868                __interrupt_handler252
 *fill*         0x060128a4        0xc 00
 .text          0x060128b0     0x12a0 ../sbl6/segalib/lib/sega_spr.a(spr_2c.o)
                0x06013b10                SlaveFlushDrawPrtyBlock
                0x060128b0                SPR_2Initial
                0x060130f4                SPR_2SysClip
                0x06013094                SPR_2LocalCoord
                0x0601398c                SPR_2FlushDrawPrtyBlock
                0x06013678                SPR_2DistSpr
                0x0601307c                SPR_2FlushDrawPrty
                0x0601379c                SPR_2Cmd
                0x06012d78                SPR_2GourTblNoToVram
                0x06012dd8                SPR_2GetAreaSizeInfo
                0x06012b40                SPR_2SetGourTbl
                0x0601332c                SPR_2Polygon
                0x06012db4                SPR_2CharNoToVram
                0x06012ac0                SPR_2SetTvMode
                0x06012f1c                SPR_2CloseCommand
                0x06012afc                SPR_2FrameEraseData
                0x060128d8                SPR_2Initial2
                0x0601350c                SPR_2ScaleSpr
                0x0601319c                SPR_2Line
                0x06012e68                SPR_2OpenCommand
                0x06012adc                SPR_2FrameChgIntr
                0x060133e8                SPR_2NormSpr
                0x06012b70                SPR_2SetLookupTbl
                0x06012ba4                SPR_2SetChar
                0x06012d9c                SPR_2LookupTblNoToVram
                0x06013270                SPR_2PolyLine
                0x06012d10                SPR_2ClrAllChar
                0x06012cc4                SPR_2ClrChar
                0x06013140                SPR_2UserClip
 .text          0x06013b50      0x1e6 ../sbl6/segalib/lib/sega_spr.a(spr_slv.o)
                0x06013cb4                SPR_WaitEndSlaveSH
                0x06013b50                SPR_SMPC_SSHON
                0x06013c90                SPR_RunSlaveSH
                0x06013b54                SPR_InitSlaveSH
                0x06013c1c                SPR_SlaveSHmain
                0x06013b51                SPR_SMPC_SSHOFF
 *fill*         0x06013d36        0xa 00
 .text          0x06013d40      0x36a ../sbl6/segalib/lib/sega_spr.a(spr_1c.o)
                0x06013ff4                SPR_WaitDrawEnd
                0x0601400c                SPR_SetEosMode
                0x06013f24                SPR_SetEraseData
                0x06013d40                SPR_Initial
                0x06013e18                SPR_SetTvMode
                0x06013eb0                SPR_GetStatus
 *fill*         0x060140aa        0x6 00
 .text          0x060140b0      0x244 ../sbl6/segalib/lib/sega_spr.a(spr_2a.o)
                0x060140c2                sprMemCpyW
                0x06014120                flushDrawPrtyBlock
                0x060140b0                sprMemCpyL
                0x060140d4                SPR_2SetDrawPrty
 *fill*         0x060142f4        0xc 00
 .text          0x06014300      0x2fc ../sbl6/segalib/lib/sega_scl.a(scl_vblv.o)
                0x060143bc                SCL_DisplayFrame
                0x06014300                SCL_SetFrameInterval
                0x060143f0                SCL_VblInit
                0x06014440                SCL_VblankStart
                0x06014484                SCL_VblankEnd
 *fill*         0x060145fc        0x4 00
 .text          0x06014600      0x1ec ../sbl6/segalib/lib/sega_scl.a(scl_fu01.o)
                0x06014600                SCL_SetDisplayMode
 *fill*         0x060147ec        0x4 00
 .text          0x060147f0       0x28 ../sbl6/segalib/lib/sega_scl.a(scl_fu04.o)
                0x060147f0                SCL_SetCycleTable
 *fill*         0x06014818        0x8 00
 .text          0x06014820      0xb9c ../sbl6/segalib/lib/sega_scl.a(scl_func.o)
                0x060151fc                SCL_Vdp2_SGLInit
                0x0601510c                SCL_PriIntProc
                0x06015084                SCL_Memcpyw
                0x0601539c                SCL_SglOff
                0x0601537c                SCL_SglOn
                0x06014ff0                SCL_ScrollShow
                0x06014a98                SCL_Close
                0x06014d90                SCL_Scale
                0x06014820                SCL_Vdp2Init
                0x06014c04                SCL_Move
                0x06014ecc                SCL_CopyReg
                0x06014a74                SCL_Open
                0x060148a4                SCL_ParametersInit
                0x06014ab4                SCL_MoveTo
                0x060150ac                SCL_SetColRamMode
 *fill*         0x060153bc        0x4 00
 .text          0x060153c0       0x84 ../sbl6/segalib/lib/sega_scl.a(scl_back.o)
                0x060153c0                SCL_SetBack
 *fill*         0x06015444        0xc 00
 .text          0x06015450      0x94c ../sbl6/segalib/lib/sega_scl.a(scl_fu03.o)
                0x060154ac                SCL_SetConfig
                0x06015450                SCL_InitConfigTb
 *fill*         0x06015d9c        0x4 00
 .text          0x06015da0      0x4f4 ../sbl6/segalib/lib/sega_scl.a(scl_fu02.o)
                0x06015dd8                SCL_SetVramConfig
                0x06015da0                SCL_InitVramConfigTb
 *fill*         0x06016294        0xc 00
 .text          0x060162a0      0x214 ../sbl6/segalib/lib/sega_scl.a(scl_pr07.o)
                0x060162a0                SCL_SetPriority
 *fill*         0x060164b4        0xc 00
 .text          0x060164c0      0x138 ../sbl6/segalib/lib/sega_scl.a(scl_pr03.o)
                0x060164c0                SCL_FreeColRam
                0x060164f8                SCL_AllocColRam
 *fill*         0x060165f8        0x8 00
 .text          0x06016600       0x9c ../sbl6/segalib/lib/sega_scl.a(scl_pr02.o)
                0x06016600                SCL_SetColRam
 *fill*         0x0601669c        0x4 00
 .text          0x060166a0       0x58 ../sbl6/segalib/lib/sega_scl.a(scl_pr01.o)
                0x060166a0                SCL_SetSpriteMode
 *fill*         0x060166f8        0x8 00
 .text          0x06016700     0x10a4 ../sbl6/segalib/lib/sega_scl.a(scl_pri.o)
                0x06016794                SCL_AbortAutoVe
                0x06017644                SCL_SetShadowBit
                0x06016c0c                SCL_AutoExec
                0x06016700                SCL_PriorityInit
                0x06017120                SCL_IncColOffset
                0x060167a8                SCL_SetColMixRate
                0x06016778                SCL_GetColRamMode
 *fill*         0x060177a4        0xc 00
 .text          0x060177b0     0x1394 ../sbl6/segalib/lib/sega_scl.a(scl_ro00.o)
                0x0601899c                SCL_RotateZD
                0x06017c64                SCL_Rotate
                0x06017938                SCL_InitRotateTable
 *fill*         0x06018b44        0xc 00
 .text          0x06018b50      0x1b4 ../sbl6/segalib/lib/sega_scl.a(scl_pr06.o)
                0x06018b50                SCL_SetColRamOffset
 *fill*         0x06018d04        0xc 00
 .text          0x06018d10       0xac ../sbl6/segalib/lib/sega_scl.a(scl_pr05.o)
                0x06018d10                SCL_GetColRamOffset
 *fill*         0x06018dbc        0x4 00
 .text          0x06018dc0       0xa4 ../sbl6/segalib/lib/sega_mth.a(mth_fixd.o)
                0x06018e10                MTH_FixedToInt
                0x06018e00                MTH_IntToFixed
                0x06018dc0                MTH_Mul
                0x06018e20                MTH_Product
                0x06018de0                MTH_Div
 *fill*         0x06018e64        0xc 00
 .text          0x06018e70      0x600 ../sbl6/segalib/lib/sega_mth.a(mth_tri.o)
                0x06018f0c                fcos
                0x06018f12                fsin
                0x06018ebc                MTH_Cos
                0x06018e70                MTH_Sin
                0x060190b0                MTH_Atan
 .text          0x06019470      0x130 ../sbl6/segalib/lib/sega_cdc.a(cdc_drv.o)
                0x06019470                CDC_CdPlay
                0x0601953c                CDC_CdSeek
                0x06019570                CDC_CdScan
 .text          0x060195a0      0x3a0 ../sbl6/segalib/lib/sega_cdc.a(cdc_cmn.o)
                0x06019744                CDC_TgetToc
                0x060198e8                CDC_DataEnd
                0x06019608                CDC_GetPeriStat
                0x0601987c                CDC_DataReady
                0x06019854                CDC_CdOpen
                0x060197d0                CDC_CdInit
                0x06019794                CDC_GetSes
                0x060195f0                CDC_GetLastStat
                0x060195a0                CDC_GetCurStat
                0x060196dc                CDC_GetHwInfo
 .text          0x06019940      0x152 ../sbl6/segalib/lib/sega_cdc.a(cdc_sub.o)
                0x060199e8                CDSUB_GetCdstat
                0x06019958                CDSUB_UpdCdstat
                0x06019a28                CDSUB_RspToCdstat
                0x06019a70                CDSUB_SoftTimer
                0x06019940                CDSUB_UpdStatus
                0x06019978                CDSUB_CdCmd
 *fill*         0x06019a92        0xe 00
 .text          0x06019aa0      0x2dc ../sbl6/segalib/lib/sega_cdc.a(cdc_reg.o)
                0x06019af4                CDREG_ClrHirqReq
                0x06019ac4                CDC_ClrHirqReq
                0x06019b74                CDREG_TgetData
                0x06019b64                CDC_GetMpegPtr
                0x06019b40                CDC_GetHirqMsk
                0x06019aa0                CDC_GetDataPtr
                0x06019ab0                CDC_GetHirqReq
                0x06019cd0                CDREG_WaitHirq
                0x06019b54                CDC_SetHirqMsk
                0x06019bd0                CDREG_CmdRsp
                0x06019b04                CDREG_InitHirqReq
                0x06019b2c                CDREG_SetHirqFlag
                0x06019d40                CDREG_ReadRsp
 *fill*         0x06019d7c        0x4 00
 .text          0x06019d80      0xf50 ../sbl6/segalib/lib/sega_per.a(per_prt.o)
                0x0601a1a0                PER_IntFunc
                0x06019f98                PER_LGetPer
                0x06019d80                PER_LInit
 .text          0x0601acd0     0x1b04 ../sbl6/segalib/lib/sega_sat.a(gfs.o)
                0x0601acd0                gfs_version
                0x0601bf44                gfs_mngGetNumFile
                0x0601c6c4                gfs_closeSub
                0x0601ba60                GFS_SetGmode
                0x0601bd1c                GFS_SetErrFunc
                0x0601be6c                gfs_mngSetupFuncTbl
                0x0601b028                GFS_Reset
                0x0601bd94                gfs_chgRoot
                0x0601be60                gfs_aborttrans
                0x0601c144                gfs_svrAddHndl
                0x0601bff4                gfs_mngFreeGrp
                0x0601bd6c                GFS_ConvTno
                0x0601c2f8                gfs_getRootDir
                0x0601bd48                GFS_GetErrStat
                0x0601b198                GFS_Seek
                0x0601b804                GFS_NwStop
                0x0601c000                gfs_mngTermAccess
                0x0601b0ac                GFS_Open
                0x0601bfac                GFS_mngAllocGrp
                0x0601c70c                gfs_isTaskDone
                0x0601b504                GFS_Fread
                0x0601bc64                GFS_StartTrans
                0x0601c660                gfs_GetFinfo
                0x0601bea0                gfs_mngInitWork
                0x0601b2f0                GFS_ByteToSct
                0x0601c104                gfs_svrSearchHndl
                0x0601c3f4                gfs_loadRootDir
                0x0601af4c                GFS_IdToName
                0x0601b648                GFS_NwFread
                0x0601bb94                GFS_SetTransPara
                0x0601b754                GFS_NwCdRead
                0x0601c234                gfs_loadVol
                0x0601bb30                GFS_SetReadPara
                0x0601b24c                GFS_Tell
                0x0601bac4                GFS_SetTmode
                0x0601c5c8                GFS_GetFad
                0x0601bc00                GFS_SetTrFunc
                0x0601bcb0                GFS_CdMovePickup
                0x0601aee8                GFS_NameToId
                0x0601b91c                GFS_NwExecOne
                0x0601c47c                gfs_flowIn
                0x0601b3a4                GFS_GetFileInfo
                0x0601c524                gfs_transData
                0x0601c180                gfs_svrRemoveHndl
                0x0601b7cc                GFS_NwIsComplete
                0x0601c700                gfs_getGmode
                0x0601b870                GFS_NwGetStat
                0x0601c1dc                GFS_OpenSub
                0x0601ae80                GFS_SetDir
                0x0601b34c                GFS_GetFileSize
                0x0601b418                GFS_GetNumCdbuf
                0x0601c760                gfs_convFinStat
                0x0601b440                GFS_Load
                0x0601b5a0                gfs_waitRead
                0x0601add8                GFS_LoadDir
                0x0601afb8                GFS_GetDirInfo
                0x0601b160                GFS_Close
                0x0601acf0                GFS_Init
                0x0601b8ec                gfs_recovRdErr
                0x0601c084                gfs_mngSetErrCode
                0x0601b9dc                GFS_NwExecServer
                0x0601b29c                GFS_IsEof
                0x0601c620                gfs_SetSct
 *fill*         0x0601c7d4        0xc 00
 .text          0x0601c7e0       0x90 ../sbl6/segalib/lib/sega_sat.a(DMA_CPU1.o)
                0x0601c7e0                DMA_CpuMemCopy1
 .text          0x0601c870       0x50 ../sbl6/segalib/lib/sega_sat.a(DMA_CPU5.o)
                0x0601c870                DMA_CpuResult
 .text          0x0601c8c0      0x1f4 ../sbl6/segalib/lib/sega_sat.a(DMA_SCU1.o)
                0x0601ca1c                DMA_ScuResult
                0x0601c8c0                DMA_ScuInit
                0x0601c910                DMA_ScuMemCopy
 *fill*         0x0601cab4        0xc 00
 .text          0x0601cac0      0x8d4 ../sbl6/segalib/lib/sega_sat.a(gfs_cdf.o)
                0x0601cfb4                GFCF_Seek
                0x0601d0bc                GFCF_GetStat
                0x0601cf9c                GFCF_Tell
                0x0601cb60                GFCF_Setup
                0x0601d068                GFCF_cnvIntlvOfs
                0x0601cac0                GFCF_Init
                0x0601cf54                GFCF_Recover
                0x0601cca8                GFCF_SetSct
                0x0601cfcc                GFCF_MovePickup
                0x0601d190                gfcf_isCdOk
                0x0601cd60                GFCF_FlowInBuf
                0x0601ccec                GFCF_GetFileInfo
                0x0601ceb4                GFCF_StopInBuf
                0x0601d154                gfcf_getSctSize
                0x0601d250                gfcf_getPlayRange
 *fill*         0x0601d394        0xc 00
 .text          0x0601d3a0      0x928 ../sbl6/segalib/lib/sega_sat.a(gfs_dir.o)
                0x0601d890                gfdr_setNextRec
                0x0601dc8c                gfdr_setDirrecCd
                0x0601d688                gfdr_open
                0x0601d49c                GFDR_GetAtrDirId
                0x0601d770                gfdr_readByte
                0x0601d3a0                GFDR_SetupDirTbl
                0x0601d868                gfdr_readLongNM
                0x0601d914                gfdr_readDirEnt
                0x0601d4cc                GFDR_ChgRoot
                0x0601d414                GFDR_NameToId
                0x0601d558                gfdr_setupDirIdTbl
                0x0601d4b4                GFDR_GetAtrDirName
                0x0601d474                GFDR_GetInfoDirId
                0x0601d81c                gfdr_readLongNB
                0x0601d6b0                gfdr_read
                0x0601d79c                gfdr_readWord
                0x0601d5dc                gfdr_setupDirNameTbl
                0x0601d488                GFDR_GetInfoDirName
                0x0601d4e4                GFDR_ChgDir
                0x0601d7c8                gfdr_readWordNB
 *fill*         0x0601dcc8        0x8 00
 .text          0x0601dcd0      0xa46 ../sbl6/segalib/lib/sega_sat.a(gfs_trn.o)
                0x0601ddb0                GFTR_SetTransMax
                0x0601e180                gftr_execScu
                0x0601e704                GFTR_SetTransFunc
                0x0601e5cc                gftr_remTrn
                0x0601e6f0                GFTR_SetData
                0x0601e3f0                gftr_execSdma1
                0x0601e640                gftr_copyFrac
                0x0601dda4                GFTR_GetNumTrans
                0x0601dd44                GFTR_SetMode
                0x0601e3c0                gftr_remDma0
                0x0601e668                GFTR_GetLenData
                0x0601e174                gftr_reqScu
                0x0601e3d8                gftr_reqDma1
                0x0601e090                gftr_getSrcPack
                0x0601e6c0                GFTR_RtnDstPk
                0x0601e25c                gfdma_exec
                0x0601e4f4                gftr_execTrn
                0x0601df88                GFTR_ExecSvr
                0x0601e484                gftr_reqTrn
                0x0601e34c                gfdma_getBytecnt
                0x0601e42c                gftr_reqCpu
                0x0601e68c                GFTR_GetDstPack
                0x0601e384                gftr_reqDma0
                0x0601df10                GFTR_Idle
                0x0601ddc8                GFTR_Pause
                0x0601dd98                GFTR_GetTransPara
                0x0601e478                gftr_remCpu
                0x0601dd64                GFTR_SetTransPara
                0x0601e414                gftr_remDma1
                0x0601ddd4                GFTR_Stop
                0x0601e39c                gftr_execSdma0
                0x0601dd00                GFTR_Setup
                0x0601e21c                gftr_remScu
                0x0601e118                gftr_getDstPack
                0x0601e250                gfdma_canUse
                0x0601de8c                GFTR_Exec
                0x0601e6dc                GFTR_GetData
                0x0601ddbc                GFTR_Start
                0x0601dd58                GFTR_SetUnit
                0x0601e438                gftr_execCpu
                0x0601e674                GFTR_GetLenRoom
 *fill*         0x0601e716        0xa 00
 .text          0x0601e720      0x106 ../sbl6/segalib/lib/sega_sat.a(gfs_buf.o)
                0x0601e778                GFBF_GetNumData
                0x0601e7f4                GFBF_RtnPk
                0x0601e7a8                GFBF_GetSrcPk
                0x0601e81c                gfbf_getSctDt
                0x0601e750                GFBF_GetTranData
                0x0601e7d0                GFBF_GetSctData
 *fill*         0x0601e826        0xa 00
 .text          0x0601e830      0x600 ../sbl6/segalib/lib/sega_sat.a(gfs_cdb.o)
                0x0601edd8                GFCB_GetPickup
                0x0601e950                GFCB_Close
                0x0601ec1c                GFCB_GetSrcPack
                0x0601eda4                GFCB_SetCon
                0x0601ea24                GFCB_GetLenRoom
                0x0601ed88                GFCB_MovePickup
                0x0601ecfc                GFCB_GetSctData
                0x0601ea30                GFCB_SetFilt
                0x0601e978                GFCB_GetLenData
                0x0601ee18                GFCB_UngetPickup
                0x0601e830                GFCB_Setup
                0x0601eac0                GFCB_Tell
                0x0601ee00                GFCB_IsPuOwner
                0x0601eb20                GFCB_Seek
                0x0601ea98                GFCB_DeleteAllData
                0x0601ed34                GFCB_GetDstPack
                0x0601ead0                gfcb_getSctNum
                0x0601ed40                GFCB_RtnPk
 .text          0x0601ee30     0x1a04 ../sbl6/segalib/lib/sega_sat.a(gfs_cdc.o)
                0x0601f0cc                GFCD_AllocBuf
                0x0601fea8                gfcd_doGetLenDataTsk
                0x06020744                GFCD_SetCsctFunc
                0x0601f1a4                GFCD_GetBaseFad
                0x0601f320                GFCD_GetFilt
                0x06020334                gfcd_doChgDirTsk
                0x06020674                gfcd_checkEflag
                0x0601f668                GFCD_MovePickup
                0x0601f74c                GFCD_GetSctInfo
                0x0601fffc                gfcd_doReqDataTsk
                0x0601f794                GFCD_ChgDir
                0x0601f488                GFCD_ReqData
                0x06020760                GFCD_ChkScdqFlag
                0x0601fc18                GFCD_WaitServer
                0x0601f52c                GFCD_DelSctData
                0x0601fa04                GFCD_ExecServer
                0x0601fe18                gfcd_doSetConTsk
                0x0601f060                GFCD_AllocFilt
                0x0601f25c                GFCD_SetFilt
                0x0601fc54                gfcd_doSetFiltTsk
                0x06020784                GFCD_ClrScdqFlag
                0x0602009c                gfcd_doDelSctDataTsk
                0x0601fb60                gfcd_doTask
                0x0601f1d8                GFCD_GetPickup
                0x0601f728                GFCD_CheckMove
                0x060207a0                GFCD_WaitScdqFlag
                0x0601f3c0                GFCD_Play
                0x060201d0                gfcd_doMoveSctTsk
                0x0601f368                GFCD_SetCon
                0x0601f808                GFCD_SetFiltCon
                0x060207e4                GFCD_WaitPause
                0x0601f9cc                GFCD_GetBufSiz
                0x0601f20c                GFCD_UngetPickup
                0x0601f8f0                GFCD_GetFileInfo
                0x0601f4e4                GFCD_EndData
                0x0601f100                GFCD_FreeBuf
                0x0601f420                GFCD_GetLenData
                0x0601f09c                GFCD_FreeFilt
                0x0601fad8                gfcd_isIdleTask
                0x0601ee5c                GFCD_Init
                0x06020530                gfcd_doSetFiltConTsk
                0x0601f5b4                GFCD_GetStat
                0x0601f6b4                GFCD_MoveSctData
                0x0601f238                GFCD_IsPuOwner
                0x06020698                gfcd_initCdbMng
                0x0601ee30                GFCD_SetCdbfs
                0x0601fc04                GFCD_SetTimer
                0x06020718                gfcd_setStat
                0x0601f584                GFCD_CheckDelSctData
 *fill*         0x06020834        0xc 00
 .text          0x06020840      0x1b6 ../sbl6/segalib/lib/sega_sat.a(DMA_CPU0.o)
                0x06020888                DMA_CpuSetPrm
                0x0602098c                DMA_CpuStart
                0x060209e4                DMA_CpuGetStatus
                0x060209b8                DMA_CpuAllStop
                0x060209cc                DMA_CpuGetComStatus
                0x06020840                DMA_CpuSetComPrm
                0x060209a0                DMA_CpuStop
 *fill*         0x060209f6        0xa 00
 .text          0x06020a00       0xe8 ../sbl6/segalib/lib/sega_sat.a(csh_main.o)
                0x06020a00                CSH_Init
                0x06020a68                CSH_AllClr
                0x06020ab4                CSH_Purge
 *fill*         0x06020ae8        0x8 00
 .text          0x06020af0      0x308 ../sbl6/segalib/lib/sega_sat.a(DMA_SCU0.o)
                0x06020b74                DMA_ScuStart
                0x06020ca8                DMA_ScuIntFunc0
                0x06020d18                DMA_ScuIntFunc1
                0x06020d88                DMA_ScuIntFunc2
                0x06020c68                DMA_ScuGetStatus
                0x06020af0                DMA_ScuSetPrm
 *fill*         0x06020df8        0x8 00
 .text          0x06020e00      0x194 ../sbl6/segalib/lib/sega_sat.a(cdc_cfs.o)
                0x06020e00                CDC_ChgDir
                0x06020e34                CDC_ReadDir
                0x06020f58                CDC_AbortFile
                0x06020e68                CDC_GetFileScope
                0x06020ec8                CDC_TgetFileInfo
                0x06020f24                CDC_ReadFile
 *fill*         0x06020f94        0xc 00
 .text          0x06020fa0      0x1e4 ../sbl6/segalib/lib/sega_sat.a(cdc_bio.o)
                0x0602104c                CDC_GetdelSctData
                0x06020fd4                CDC_GetSctData
                0x06021088                CDC_PutSctData
                0x06021104                CDC_MoveSctData
                0x06021148                CDC_GetCopyErr
                0x06021010                CDC_DelSctData
                0x06020fa0                CDC_SetSctLen
                0x060210c0                CDC_CopySctData
 *fill*         0x06021184        0xc 00
 .text          0x06021190      0x2b8 ../sbl6/segalib/lib/sega_sat.a(cdc_sel.o)
                0x060213c0                CDC_GetFiltCon
                0x0602133c                CDC_GetFiltMode
                0x06021414                CDC_ResetSelector
                0x06021190                CDC_SetFiltRange
                0x0602121c                CDC_SetFiltSubh
                0x0602128c                CDC_GetFiltSubh
                0x060211c4                CDC_GetFiltRange
                0x06021308                CDC_SetFiltMode
                0x06021380                CDC_SetFiltCon
 *fill*         0x06021448        0x8 00
 .text          0x06021450      0x270 ../sbl6/segalib/lib/sega_sat.a(cdc_bif.o)
                0x060214ac                CDC_GetSctNum
                0x0602162c                CDC_ExeFadSearch
                0x060215ac                CDC_GetSctInfo
                0x060214f0                CDC_CalActSiz
                0x06021450                CDC_GetBufSiz
                0x0602152c                CDC_GetActSiz
                0x06021664                CDC_GetFadSearch
 .text          0x060216c0       0xa8 ../sbl6/segalib/lib/sega_sat.a(cdc_dev.o)
                0x0602172c                CDC_CdGetLastBuf
                0x060216c0                CDC_CdSetCon
                0x060216f0                CDC_CdGetCon
 *fill*         0x06021768        0x8 00
 .text          0x06021770       0x60 c:/saturn/SH_COFF/sh-coff/bin/../lib/gcc/sh-coff/3.4-GNUSH_v0501\libgcc.a(_ashiftrt.o)
                0x0602177c                __ashiftrt_r4_27
                0x060217b0                __ashiftrt_r4_6
                0x060217a0                __ashiftrt_r4_14
                0x06021792                __ashiftrt_r4_19
                0x060217aa                __ashiftrt_r4_9
                0x060217be                __ashiftrt_r4_0
                0x06021770                __ashiftrt_r4_31
                0x0602177e                __ashiftrt_r4_26
                0x0602178c                __ashiftrt_r4_22
                0x06021798                __ashiftrt_r4_16
                0x060217a4                __ashiftrt_r4_12
                0x06021778                __ashiftrt_r4_29
                0x06021796                __ashiftrt_r4_17
                0x06021776                __ashiftrt_r4_30
                0x060217b2                __ashiftrt_r4_5
                0x060217ac                __ashiftrt_r4_8
                0x06021770                __ashiftrt_r4_32
                0x06021780                __ashiftrt_r4_25
                0x060217b8                __ashiftrt_r4_2
                0x06021782                __ashiftrt_r4_24
                0x0602179e                __ashiftrt_r4_15
                0x060217a8                __ashiftrt_r4_10
                0x060217ba                __ashiftrt_r4_1
                0x0602177a                __ashiftrt_r4_28
                0x06021790                __ashiftrt_r4_20
                0x060217ae                __ashiftrt_r4_7
                0x060217a2                __ashiftrt_r4_13
                0x060217a6                __ashiftrt_r4_11
                0x060217b4                __ashiftrt_r4_4
                0x0602178a                __ashiftrt_r4_23
                0x06021794                __ashiftrt_r4_18
                0x0602178e                __ashiftrt_r4_21
                0x060217b6                __ashiftrt_r4_3
 .text          0x060217d0       0xa0 c:/saturn/SH_COFF/sh-coff/bin/../lib/gcc/sh-coff/3.4-GNUSH_v0501\libgcc.a(_sdivsi3.o)
                0x060217d0                __sdivsi3
 .text          0x06021870       0x90 c:/saturn/SH_COFF/sh-coff/bin/../lib/gcc/sh-coff/3.4-GNUSH_v0501\libgcc.a(_ashiftrt_n.o)
                0x06021870                __ashrsi3
 .text          0x06021900       0x90 c:/saturn/SH_COFF/sh-coff/bin/../lib/gcc/sh-coff/3.4-GNUSH_v0501\libgcc.a(_ashiftlt.o)
                0x06021900                __ashlsi3
 .text          0x06021990       0xb0 c:/saturn/SH_COFF/sh-coff/bin/../lib/gcc/sh-coff/3.4-GNUSH_v0501\libgcc.a(_movstr.o)
                0x060219d0                __movstrSI16
                0x060219a4                __movstrSI60
                0x060219b0                __movstrSI48
                0x060219ac                __movstrSI52
                0x060219a0                __movstrSI64
                0x060219b4                __movstrSI44
                0x060219b8                __movstrSI40
                0x060219bc                __movstrSI36
                0x060219f0                __movstr
                0x060219a8                __movstrSI56
                0x060219c4                __movstrSI28
                0x060219c0                __movstrSI32
                0x060219d4                __movstrSI12
                0x060219d8                __movstrSI8
                0x060219e0                __movstrSI0
                0x060219c8                __movstrSI24
                0x060219cc                __movstrSI20
                0x060219dc                __movstrSI4
 .text          0x06021a40       0xa0 c:/saturn/SH_COFF/sh-coff/bin/../lib/gcc/sh-coff/3.4-GNUSH_v0501\libgcc.a(__main.o)
                0x06021ab4                __main
                0x06021a40                __do_global_dtors
                0x06021a74                __do_global_ctors
 .text          0x06021ae0       0x70 c:/saturn/SH_COFF/sh-coff/bin/../lib/gcc/sh-coff/3.4-GNUSH_v0501\libgcc.a(_udivsi3.o)
                0x06021b02                __udivsi3
 .text          0x06021b50       0xb0 c:/saturn/SH_COFF/sh-coff/bin/../lib/gcc/sh-coff/3.4-GNUSH_v0501\libgcc.a(_si_to_df.o)
                0x06021b50                __floatsidf
 .text          0x06021c00      0x2e0 c:/saturn/SH_COFF/sh-coff/bin/../lib/gcc/sh-coff/3.4-GNUSH_v0501\libgcc.a(_mul_df.o)
                0x06021c10                __muldf3
 .text          0x06021ee0       0x80 c:/saturn/SH_COFF/sh-coff/bin/../lib/gcc/sh-coff/3.4-GNUSH_v0501\libgcc.a(_df_to_si.o)
                0x06021ee0                __fixdfsi
 .text          0x06021f60      0x220 c:/saturn/SH_COFF/sh-coff/bin/../lib/gcc/sh-coff/3.4-GNUSH_v0501\libgcc.a(_pack_df.o)
                0x06021f70                __pack_d
 .text          0x06022180      0x120 c:/saturn/SH_COFF/sh-coff/bin/../lib/gcc/sh-coff/3.4-GNUSH_v0501\libgcc.a(_unpack_df.o)
                0x06022190                __unpack_d
 .text          0x060222a0       0x20 c:/saturn/SH_COFF/sh-coff/bin/../lib/gcc/sh-coff/3.4-GNUSH_v0501\libgcc.a(_thenan_df.o)
                0x060222a0                __thenan_df
 .text          0x060222c0       0xd0 c:/saturn/SH_COFF/sh-coff/bin/../lib/gcc/sh-coff/3.4-GNUSH_v0501\libgcc.a(_muldi3.o)
                0x060222c0                __muldi3
 .text          0x06022390       0x80 c:/saturn/SH_COFF/sh-coff/bin/../lib/gcc/sh-coff/3.4-GNUSH_v0501\libgcc.a(_lshrdi3.o)
                0x06022390                __lshrdi3
 .text          0x06022410       0x80 c:/saturn/SH_COFF/sh-coff/bin/../lib/gcc/sh-coff/3.4-GNUSH_v0501\libgcc.a(_ashldi3.o)
                0x06022410                __ashldi3
 .text          0x06022490       0x30 c:/saturn/SH_COFF/sh-coff/bin/../lib/gcc/sh-coff/3.4-GNUSH_v0501\libgcc.a(_mulsi3.o)
                0x06022490                __mulsi3
 .text          0x060224c0       0x90 c:/saturn/SH_COFF/sh-coff/bin/../lib/gcc/sh-coff/3.4-GNUSH_v0501\libgcc.a(_lshiftrt.o)
                0x060224c0                __lshrsi3
 .text          0x06022550       0x40 c:/saturn/SH_COFF/sh-coff/bin/../lib/gcc/sh-coff/3.4-GNUSH_v0501/../../../../sh-coff/lib\libc.a(memset.o)
                0x06022550                memset
 .text          0x06022590       0x60 c:/saturn/SH_COFF/sh-coff/bin/../lib/gcc/sh-coff/3.4-GNUSH_v0501/../../../../sh-coff/lib\libc.a(memcmp.o)
                0x06022590                memcmp
 .text          0x060225f0       0xa0 c:/saturn/SH_COFF/sh-coff/bin/../lib/gcc/sh-coff/3.4-GNUSH_v0501/../../../../sh-coff/lib\libc.a(memcpy.o)
                0x060225f0                memcpy
 .text          0x06022690       0xb0 c:/saturn/SH_COFF/sh-coff/bin/../lib/gcc/sh-coff/3.4-GNUSH_v0501/../../../../sh-coff/lib\libc.a(strncmp.o)
                0x06022690                strncmp
 .text          0x06022740       0xa0 c:/saturn/SH_COFF/sh-coff/bin/../lib/gcc/sh-coff/3.4-GNUSH_v0501/../../../../sh-coff/lib\libc.a(strncpy.o)
                0x06022740                strncpy
 .text          0x060227e0       0x90 c:/saturn/SH_COFF/sh-coff/bin/../lib/gcc/sh-coff/3.4-GNUSH_v0501/../../../../sh-coff/lib\libc.a(atexit.o)
                0x060227e0                atexit
 .text          0x06022870       0x10 c:/saturn/SH_COFF/sh-coff/bin/../lib/gcc/sh-coff/3.4-GNUSH_v0501/../../../../sh-coff/lib\libc.a(impure.o)
                0x06022870                _global_impure_ptr
 .text          0x06022880       0x40 c:/saturn/SH_COFF/sh-coff/bin/../lib/gcc/sh-coff/3.4-GNUSH_v0501/../../../../sh-coff/lib\libc.a(malloc.o)
                0x0602289c                free
                0x06022880                malloc
 .text          0x060228c0      0x5b0 c:/saturn/SH_COFF/sh-coff/bin/../lib/gcc/sh-coff/3.4-GNUSH_v0501/../../../../sh-coff/lib\libc.a(mallocr.o)
                0x060228c0                _malloc_r
 .text          0x06022e70      0x340 c:/saturn/SH_COFF/sh-coff/bin/../lib/gcc/sh-coff/3.4-GNUSH_v0501/../../../../sh-coff/lib\libc.a(freer.o)
                0x06022e70                _malloc_trim_r
                0x06022f64                _free_r
 .text          0x060231b0       0x20 c:/saturn/SH_COFF/sh-coff/bin/../lib/gcc/sh-coff/3.4-GNUSH_v0501/../../../../sh-coff/lib\libc.a(mlock.o)
                0x060231b0                __malloc_lock
                0x060231bc                __malloc_unlock
 .text          0x060231d0       0x50 c:/saturn/SH_COFF/sh-coff/bin/../lib/gcc/sh-coff/3.4-GNUSH_v0501/../../../../sh-coff/lib\libc.a(sbrkr.o)
                0x060231d0                _sbrk_r
 .text          0x06023220      0x380 c:/saturn/SH_COFF/sh-coff/bin/../lib/gcc/sh-coff/3.4-GNUSH_v0501/../../../../sh-coff/lib\libc.a(syscalls.o)
                0x0602338c                _exit
                0x060233c0                _getpid
                0x06023428                _utime
                0x06023258                _write
                0x06023220                _read
                0x06023374                _unlink
                0x0602333c                _open
                0x060233d8                _stat
                0x06023380                isatty
                0x06023458                _wait
                0x060233a4                _kill
                0x060233f4                _chmod
                0x06023488                _execv
                0x0602346c                _execve
                0x06023564                __setup_argv_and_call_main
                0x060234c0                _gettimeofday
                0x0602328c                _link
                0x060233cc                _raise
                0x06023358                _creat
                0x060234a0                _pipe
                0x0602340c                _chown
                0x0602323c                _lseek
                0x06023274                _close
                0x060234b4                _times
                0x06023328                _fstat
                0x06023444                _fork
                0x060232b4                _sbrk
 .text          0x060235a0       0x20 c:/saturn/SH_COFF/sh-coff/bin/../lib/gcc/sh-coff/3.4-GNUSH_v0501/../../../../sh-coff/lib\libc.a(trap.o)
                0x060235a0                __trap34
 .text          0x060235c0       0x20 c:/saturn/SH_COFF/sh-coff/bin/../lib/gcc/sh-coff/3.4-GNUSH_v0501/../../../../sh-coff/lib\libc.a(abort.o)
                0x060235c0                abort
 .text          0x060235e0      0x270 c:/saturn/SH_COFF/sh-coff/bin/../lib/gcc/sh-coff/3.4-GNUSH_v0501/../../../../sh-coff/lib\libc.a(signal.o)
                0x060236a0                _raise_r
                0x06023828                __sigtramp
                0x060237d4                raise
                0x06023810                _init_signal
                0x06023760                __sigtramp_r
                0x060237f0                signal
                0x0602362c                _signal_r
                0x060235e0                _init_signal_r
 .text          0x06023850       0x60 c:/saturn/SH_COFF/sh-coff/bin/../lib/gcc/sh-coff/3.4-GNUSH_v0501/../../../../sh-coff/lib\libc.a(signalr.o)
                0x06023898                _getpid_r
                0x06023850                _kill_r
 *(.strings)

.tors           0x060238b0        0x0
                0x060238b0                ___ctors = .
 *(.ctors)
                0x060238b0                ___ctors_end = .
                0x060238b0                ___dtors = .
 *(.dtors)
                0x060238b0                ___dtors_end = .

.data           0x060238b0     0x19a0
                0x060238b0                STARTOF_R = .
 *(.data)
 .data          0x060238b0      0x400 ../sbl6/segasmp/per/smpclib/per_x1.o
 .data          0x06023cb0      0x880 graphics.o
                0x06023d04                roarframes_pal
                0x06024114                roarbg_pal
                0x06024514                roarbg_name
                0x06023cfa                font_height
                0x06024104                roarframes_name
                0x06023cf0                font_name
                0x06024520                roarbg_num
                0x06023cfc                font_width
                0x06023d00                font_num
                0x06023cb0                font_pal
                0x06023cfe                font_size
                0x06024112                roarframes_num
 .data          0x06024530       0x10 pcmsys.o
                0x06024534                scsp_load
                0x06024538                m68k_com
                0x06024530                master_volume
 .data          0x06024540       0x30 scroll.o
                0x06024550                CycleTbLoRes
                0x06024560                vram
                0x06024540                CycleTbHiRes
 .data          0x06024570       0x30 sprite.o
 .data          0x060245a0       0x40 title.o
 .data          0x060245e0      0x400 ../sbl6/segalib/lib/sega_int.a(int.o)
 .data          0x060249e0       0x1c ../sbl6/segalib/lib/sega_spr.a(spr_slv.o)
                0x060249e8                SPR_SlaveParam
                0x060249f8                SPR_SMPC_SF
                0x060249f0                SPR_SMPC_COM
                0x060249ec                SPR_SlaveSHEntry
                0x060249e4                SPR_SlaveState
                0x060249e0                SPR_SlaveCommand
                0x060249f4                SPR_SMPC_RET
 *fill*         0x060249fc        0x4 00
 .data          0x06024a00       0x34 ../sbl6/segalib/lib/sega_spr.a(spr_1c.o)
                0x06024a00                SpInitialFlag
 *fill*         0x06024a34        0xc 00
 .data          0x06024a40       0x1c ../sbl6/segalib/lib/sega_scl.a(scl_vblv.o)
                0x06024a48                VBInterval
                0x06024a50                ReqDisplayFlag
                0x06024a40                SpFrameChgMode
                0x06024a4c                VBIntervalCounter
                0x06024a44                SpFrameEraseMode
 *fill*         0x06024a5c        0x4 00
 .data          0x06024a60       0x36 ../sbl6/segalib/lib/sega_scl.a(scl_func.o)
                0x06024a70                SclRotregBuff
                0x06024a6c                SclDisplayY
                0x06024a74                SclRotateTableMode
                0x06024a68                SclProcess
                0x06024a64                SclCurSclNum
                0x06024a60                SclLengthLsTbl
                0x06024a6a                SclDisplayX
                0x06024a62                SclLengthCsTbl
 *fill*         0x06024a96        0xa 00
 .data          0x06024aa0       0x18 ../sbl6/segalib/lib/sega_scl.a(scl_pri.o)
                0x06024aa4                SclRealSpPriNum
                0x06024ab4                SclRealColOffset
                0x06024ab0                SclRealBgColMix
                0x06024aac                SclRealSpColMix
                0x06024aa8                SclRealBgPriNum
                0x06024aa0                SclRealOtherPri
 *fill*         0x06024ab8        0x8 00
 .data          0x06024ac0      0x380 c:/saturn/SH_COFF/sh-coff/bin/../lib/gcc/sh-coff/3.4-GNUSH_v0501/../../../../sh-coff/lib\libc.a(impure.o)
                0x06024e3c                _impure_ptr
 .data          0x06024e40      0x410 c:/saturn/SH_COFF/sh-coff/bin/../lib/gcc/sh-coff/3.4-GNUSH_v0501/../../../../sh-coff/lib\libc.a(mallocr.o)
                0x06024e48                __malloc_av_
                0x06024e44                __malloc_trim_threshold
                0x06024e40                __malloc_sbrk_base
                0x06025250                SIZEOF_R = (. - STARTOF_R)
                0x06025250                ENDOF_R = .

.bss            0x06025250     0x8c64
                0x06025250                STARTOF_B = .
 *(.bss)
 .bss           0x06025250       0x10 vblank.o
                0x06025254                PadData2E
                0x0602525a                PadData1
                0x06025256                PadData2
                0x06025258                PadData1E
                0x06025250                __port
 .bss           0x06025260       0xd0 ../sbl6/segasmp/per/smpclib/per_x2.o
 .bss           0x06025330       0x10 pcmsys.o
                0x06025330                numberPCMs
 .bss           0x06025340       0x10 scroll.o
                0x06025340                scroll_res
 .bss           0x06025350     0x3800 sprite.o
                0x06025350                num_sprites
 .bss           0x06028b50       0x10 title.o
 .bss           0x06028b60       0x10 main.o
                0x06028b60                frame
 .bss           0x06028b70       0x6e ../sbl6/segalib/lib/sega_spr.a(spr_2c.o)
 *fill*         0x06028bde        0x2 00
 .bss           0x06028be0        0x4 ../sbl6/segalib/lib/sega_scl.a(scl_vblv.o)
 *fill*         0x06028be4        0xc 00
 .bss           0x06028bf0        0x4 ../sbl6/segalib/lib/sega_scl.a(scl_func.o)
 *fill*         0x06028bf4        0xc 00
 .bss           0x06028c00       0x48 ../sbl6/segalib/lib/sega_scl.a(scl_ro00.o)
 *fill*         0x06028c48        0x8 00
 .bss           0x06028c50        0xc ../sbl6/segalib/lib/sega_cdc.a(cdc_sub.o)
 *fill*         0x06028c5c        0x4 00
 .bss           0x06028c60        0x2 ../sbl6/segalib/lib/sega_cdc.a(cdc_reg.o)
 *fill*         0x06028c62        0xe 00
 .bss           0x06028c70       0x9c ../sbl6/segalib/lib/sega_per.a(per_prt.o)
 *fill*         0x06028d0c        0x4 00
 .bss           0x06028d10        0xc ../sbl6/segalib/lib/sega_sat.a(DMA_SCU1.o)
 *fill*         0x06028d1c        0x4 00
 .bss           0x06028d20        0xc ../sbl6/segalib/lib/sega_sat.a(gfs_trn.o)
 *fill*         0x06028d2c        0x4 00
 .bss           0x06028d30       0x20 ../sbl6/segalib/lib/sega_sat.a(DMA_SCU0.o)
 .bss           0x06028d50       0x10 c:/saturn/SH_COFF/sh-coff/bin/../lib/gcc/sh-coff/3.4-GNUSH_v0501\libgcc.a(__main.o)
 .bss           0x06028d60       0x10 c:/saturn/SH_COFF/sh-coff/bin/../lib/gcc/sh-coff/3.4-GNUSH_v0501/../../../../sh-coff/lib\libc.a(atexit.o)
 .bss           0x06028d70       0x40 c:/saturn/SH_COFF/sh-coff/bin/../lib/gcc/sh-coff/3.4-GNUSH_v0501/../../../../sh-coff/lib\libc.a(mallocr.o)
                0x06028da0                __malloc_top_pad
                0x06028d70                __malloc_current_mallinfo
                0x06028d9c                __malloc_max_sbrked_mem
                0x06028d98                __malloc_max_total_mem
 .bss           0x06028db0       0x10 c:/saturn/SH_COFF/sh-coff/bin/../lib/gcc/sh-coff/3.4-GNUSH_v0501/../../../../sh-coff/lib\libc.a(syscalls.o)
 *(COMMON)
 COMMON         0x06028dc0     0x1674 cd.o
                                  0x0 (size before relaxing)
                0x06028dc0                dirname
                0x06029720                lib_work
                0x0602a428                directory_table
 *fill*         0x0602a434        0xc 00
 COMMON         0x0602a440      0x8c0 print.o
                                  0x0 (size before relaxing)
                0x0602a440                text
 COMMON         0x0602ad00      0x23c scroll.o
                                  0x0 (size before relaxing)
                0x0602ad00                scfg3
                0x0602ad90                scfg0
                0x0602ae20                scfg2
                0x0602aeb0                scfg1
 *fill*         0x0602af3c        0x4 00
 COMMON         0x0602af40     0x1460 sprite.o
                                  0x0 (size before relaxing)
                0x0602af40                sprites
                0x0602b3a0                image_buf
 COMMON         0x0602c3a0       0x8c main.o
                                  0x0 (size before relaxing)
                0x0602c3a0                off_config
 *fill*         0x0602c42c        0x4 00
 COMMON         0x0602c430      0x400 ../sbl6/segalib/lib/sega_int.a(int.o)
                                  0x0 (size before relaxing)
                0x0602c430                __interrupt_vector
 COMMON         0x0602c830       0x50 ../sbl6/segalib/lib/sega_spr.a(spr_2c.o)
                                  0x0 (size before relaxing)
                0x0602c830                SpMstCmd
                0x0602c834                Sp2OpenFlag
                0x0602c838                SpGourTblMax
                0x0602c83c                SpDrawPrtyBlk
                0x0602c840                SpLCoordX
                0x0602c844                SpMstDrawPrtyBlk
                0x0602c848                SpGourTbl
                0x0602c84c                SpLookupTblR
                0x0602c850                SpCmdTbl
                0x0602c854                SpCharMax
                0x0602c858                SpDrawPrtyProcFlag
                0x0602c85c                SpCmdNo
                0x0602c860                SpDrawPrtyBlkMax
                0x0602c864                SpSlvCmdPos
                0x0602c868                SpSlvDrawPrtyBlk
                0x0602c86c                SpCharTbl
                0x0602c870                SpCmdTblR
                0x0602c874                SpMstCmdPos
                0x0602c878                SpSlvCmd
                0x0602c87c                SpLCoordY
 COMMON         0x0602c880       0x10 ../sbl6/segalib/lib/sega_spr.a(spr_1c.o)
                                  0x0 (size before relaxing)
                0x0602c880                SpScreenY
                0x0602c884                SpFbcrMode
                0x0602c886                SpDil
                0x0602c888                SpDie
                0x0602c88a                SpTvMode
                0x0602c88c                SpScreenX
 COMMON         0x0602c890      0xf00 ../sbl6/segalib/lib/sega_scl.a(scl_func.o)
                                  0x0 (size before relaxing)
                0x0602c890                SclRbgKtbAddr
                0x0602c898                SclRb
                0x0602c89a                Scl_flag
                0x0602c8a0                SclK_TableBuff
                0x0602d570                SclAddrCsTbl
                0x0602d580                Scl_s_reg
                0x0602d5a8                SclRotateXy
                0x0602d5b0                Scl_d_reg
                0x0602d5f8                SclRotateDisp
                0x0602d600                SclRotateMoveZ
                0x0602d608                SclRotXySw
                0x0602d610                Scl_r_reg
                0x0602d620                SclRPMD
                0x0602d628                SclRbgKtbOffset
                0x0602d630                _SclRotregBuff
                0x0602d700                SclRa
                0x0602d708                SclRotateZ
                0x0602d710                SclAddrLsTbl
                0x0602d718                SclK_TableNum
                0x0602d720                SclRotateTableAddress
                0x0602d724                SclK_TableFlag
                0x0602d730                Scl_w_reg
                0x0602d750                Scl_n_reg
 COMMON         0x0602d790      0x6b0 ../sbl6/segalib/lib/sega_scl.a(scl_pri.o)
                                  0x0 (size before relaxing)
                0x0602d790                SclAutoEndBlue2
                0x0602d7a0                SclColOffset
                0x0602d7b0                SclPriBuffDirty
                0x0602d7b2                SclAutoEndRed
                0x0602d7b4                SclAutoSurface
                0x0602d7b8                SclAutoGreen
                0x0602d7ba                SclAutoEndGreen
                0x0602d7bc                SclAutoCount
                0x0602d7c0                SclColRamAlloc256
                0x0602d7e0                SclAutoCurRate
                0x0602d7e1                SclAutoPlusFlag
                0x0602d7e8                SclSpColMix
                0x0602d7f0                SclAutoMax
                0x0602d7f4                SclLineColRamOffset
                0x0602d7f8                SclColRamAlloc2048
                0x0602d7fc                SclBgPriNum
                0x0602d802                SclAutoEndBlue
                0x0602d804                SclAutoEndGreen2
                0x0602d806                SclAutoVeFlag
                0x0602d808                SclBgColMix
                0x0602d810                SclAutoIndex
                0x0602d814                SclAutoEndRate
                0x0602d816                SclAutoBlue
                0x0602d818                SclAutoRed
                0x0602d81c                SclAutoInterval
                0x0602d820                SclOtherPri
                0x0602d830                SclAutoRGB
                0x0602de30                SclAutoEndRed2
                0x0602de38                SclSpPriNum
 COMMON         0x0602de40       0x10 ../sbl6/segalib/lib/sega_scl.a(scl_ro00.o)
                                  0x0 (size before relaxing)
                0x0602de40                SclCsx
                0x0602de48                SclCsy
 COMMON         0x0602de50       0x15 ../sbl6/segalib/lib/sega_per.a(per_prt.o)
                                  0x0 (size before relaxing)
                0x0602de50                per_get_time_flg
                0x0602de51                per_hot_res
                0x0602de52                per_set_sys_flg
                0x0602de54                per_get_time_adr
                0x0602de58                per_get_sys_data
                0x0602de64                per_time_out_flg
 *fill*         0x0602de65        0xb 00
 COMMON         0x0602de70        0xc ../sbl6/segalib/lib/sega_sat.a(gfs.o)
                                  0x0 (size before relaxing)
                0x0602de70                GFMC_base
                0x0602de74                gfs_mng_ptr
                0x0602de78                gfs_use_scudma
 *fill*         0x0602de7c        0x4 00
 COMMON         0x0602de80        0x8 ../sbl6/segalib/lib/sega_sat.a(DMA_CPU5.o)
                                  0x0 (size before relaxing)
                0x0602de80                dma_cpu_cnt
                0x0602de84                dma_cpu_dis_adr
 *fill*         0x0602de88        0x8 00
 COMMON         0x0602de90        0x8 ../sbl6/segalib/lib/sega_sat.a(gfs_cdf.o)
                                  0x0 (size before relaxing)
                0x0602de90                gfcf_fad
                0x0602de94                gfcf_stat
 *fill*         0x0602de98        0x8 00
 COMMON         0x0602dea0        0xc ../sbl6/segalib/lib/sega_sat.a(gfs_cdc.o)
                                  0x0 (size before relaxing)
                0x0602dea0                gfcd_fatal_err
                0x0602dea4                gfcd_work
                0x0602dea8                gfcd_playflag
 *fill*         0x0602deac        0x4 00
 COMMON         0x0602deb0        0x4 c:/saturn/SH_COFF/sh-coff/bin/../lib/gcc/sh-coff/3.4-GNUSH_v0501/../../../../sh-coff/lib\libc.a(syscalls.o)
                                  0x0 (size before relaxing)
                0x0602deb0                errno
                0x0602deb4                SIZEOF_B = (. - STARTOF_B)
                0x0602deb4                ENDOF_B = .
                0x0602deb4                _end = .
OUTPUT(main.cof coff-sh)

.comment        0x0602dec0      0x4a0
 .comment       0x0602dec0       0x20 ../sbl6/segasmp/lib/strt2_g.o
 .comment       0x0602dee0       0x20 vblank.o
 .comment       0x0602df00       0x20 ../sbl6/segasmp/per/smpclib/per_x1.o
 .comment       0x0602df20       0x20 ../sbl6/segasmp/per/smpclib/per_x2.o
 .comment       0x0602df40       0x20 cd.o
 .comment       0x0602df60       0x20 graphics.o
 .comment       0x0602df80       0x20 pcmsys.o
 .comment       0x0602dfa0       0x20 print.o
 .comment       0x0602dfc0       0x20 scroll.o
 .comment       0x0602dfe0       0x20 sound.o
 .comment       0x0602e000       0x20 sprite.o
 .comment       0x0602e020       0x20 title.o
 .comment       0x0602e040       0x20 main.o
 .comment       0x0602e060       0x20 c:/saturn/SH_COFF/sh-coff/bin/../lib/gcc/sh-coff/3.4-GNUSH_v0501\libgcc.a(__main.o)
 .comment       0x0602e080       0x20 c:/saturn/SH_COFF/sh-coff/bin/../lib/gcc/sh-coff/3.4-GNUSH_v0501\libgcc.a(_si_to_df.o)
 .comment       0x0602e0a0       0x20 c:/saturn/SH_COFF/sh-coff/bin/../lib/gcc/sh-coff/3.4-GNUSH_v0501\libgcc.a(_mul_df.o)
 .comment       0x0602e0c0       0x20 c:/saturn/SH_COFF/sh-coff/bin/../lib/gcc/sh-coff/3.4-GNUSH_v0501\libgcc.a(_df_to_si.o)
 .comment       0x0602e0e0       0x20 c:/saturn/SH_COFF/sh-coff/bin/../lib/gcc/sh-coff/3.4-GNUSH_v0501\libgcc.a(_pack_df.o)
 .comment       0x0602e100       0x20 c:/saturn/SH_COFF/sh-coff/bin/../lib/gcc/sh-coff/3.4-GNUSH_v0501\libgcc.a(_unpack_df.o)
 .comment       0x0602e120       0x20 c:/saturn/SH_COFF/sh-coff/bin/../lib/gcc/sh-coff/3.4-GNUSH_v0501\libgcc.a(_thenan_df.o)
 .comment       0x0602e140       0x20 c:/saturn/SH_COFF/sh-coff/bin/../lib/gcc/sh-coff/3.4-GNUSH_v0501\libgcc.a(_muldi3.o)
 .comment       0x0602e160       0x20 c:/saturn/SH_COFF/sh-coff/bin/../lib/gcc/sh-coff/3.4-GNUSH_v0501\libgcc.a(_lshrdi3.o)
 .comment       0x0602e180       0x20 c:/saturn/SH_COFF/sh-coff/bin/../lib/gcc/sh-coff/3.4-GNUSH_v0501\libgcc.a(_ashldi3.o)
 .comment       0x0602e1a0       0x20 c:/saturn/SH_COFF/sh-coff/bin/../lib/gcc/sh-coff/3.4-GNUSH_v0501/../../../../sh-coff/lib\libc.a(memcmp.o)
 .comment       0x0602e1c0       0x20 c:/saturn/SH_COFF/sh-coff/bin/../lib/gcc/sh-coff/3.4-GNUSH_v0501/../../../../sh-coff/lib\libc.a(strncmp.o)
 .comment       0x0602e1e0       0x20 c:/saturn/SH_COFF/sh-coff/bin/../lib/gcc/sh-coff/3.4-GNUSH_v0501/../../../../sh-coff/lib\libc.a(strncpy.o)
 .comment       0x0602e200       0x20 c:/saturn/SH_COFF/sh-coff/bin/../lib/gcc/sh-coff/3.4-GNUSH_v0501/../../../../sh-coff/lib\libc.a(atexit.o)
 .comment       0x0602e220       0x20 c:/saturn/SH_COFF/sh-coff/bin/../lib/gcc/sh-coff/3.4-GNUSH_v0501/../../../../sh-coff/lib\libc.a(impure.o)
 .comment       0x0602e240       0x20 c:/saturn/SH_COFF/sh-coff/bin/../lib/gcc/sh-coff/3.4-GNUSH_v0501/../../../../sh-coff/lib\libc.a(malloc.o)
 .comment       0x0602e260       0x20 c:/saturn/SH_COFF/sh-coff/bin/../lib/gcc/sh-coff/3.4-GNUSH_v0501/../../../../sh-coff/lib\libc.a(mallocr.o)
 .comment       0x0602e280       0x20 c:/saturn/SH_COFF/sh-coff/bin/../lib/gcc/sh-coff/3.4-GNUSH_v0501/../../../../sh-coff/lib\libc.a(freer.o)
 .comment       0x0602e2a0       0x20 c:/saturn/SH_COFF/sh-coff/bin/../lib/gcc/sh-coff/3.4-GNUSH_v0501/../../../../sh-coff/lib\libc.a(mlock.o)
 .comment       0x0602e2c0       0x20 c:/saturn/SH_COFF/sh-coff/bin/../lib/gcc/sh-coff/3.4-GNUSH_v0501/../../../../sh-coff/lib\libc.a(sbrkr.o)
 .comment       0x0602e2e0       0x20 c:/saturn/SH_COFF/sh-coff/bin/../lib/gcc/sh-coff/3.4-GNUSH_v0501/../../../../sh-coff/lib\libc.a(syscalls.o)
 .comment       0x0602e300       0x20 c:/saturn/SH_COFF/sh-coff/bin/../lib/gcc/sh-coff/3.4-GNUSH_v0501/../../../../sh-coff/lib\libc.a(abort.o)
 .comment       0x0602e320       0x20 c:/saturn/SH_COFF/sh-coff/bin/../lib/gcc/sh-coff/3.4-GNUSH_v0501/../../../../sh-coff/lib\libc.a(signal.o)
 .comment       0x0602e340       0x20 c:/saturn/SH_COFF/sh-coff/bin/../lib/gcc/sh-coff/3.4-GNUSH_v0501/../../../../sh-coff/lib\libc.a(signalr.o)
