Archive member included because of file (symbol)

../sbl6/segalib/lib/sega_int.a(int.o)
                              vblank.o (INT_SetScuFunc)
../sbl6/segalib/lib/sega_int.a(int_trmp.o)
                              ../sbl6/segalib/lib/sega_int.a(int.o) (__interrupt_handler0)
../sbl6/segalib/lib/sega_spr.a(spr_2c.o)
                              sprite.o (SPR_2Initial)
../sbl6/segalib/lib/sega_spr.a(spr_slv.o)
                              ../sbl6/segalib/lib/sega_spr.a(spr_2c.o) (SPR_InitSlaveSH)
../sbl6/segalib/lib/sega_spr.a(spr_1c.o)
                              ../sbl6/segalib/lib/sega_spr.a(spr_2c.o) (SPR_Initial)
../sbl6/segalib/lib/sega_spr.a(spr_2a.o)
                              ../sbl6/segalib/lib/sega_spr.a(spr_2c.o) (SPR_2SetDrawPrty)
../sbl6/segalib/lib/sega_scl.a(scl_vblv.o)
                              ../sbl6/segalib/lib/sega_spr.a(spr_1c.o) (SpFrameChgMode)
../sbl6/segalib/lib/sega_scl.a(scl_fu01.o)
                              scroll.o (SCL_SetDisplayMode)
../sbl6/segalib/lib/sega_scl.a(scl_fu04.o)
                              scroll.o (SCL_SetCycleTable)
../sbl6/segalib/lib/sega_scl.a(scl_func.o)
                              ../sbl6/segalib/lib/sega_scl.a(scl_fu01.o) (SclProcess)
../sbl6/segalib/lib/sega_scl.a(scl_back.o)
                              scroll.o (SCL_SetBack)
../sbl6/segalib/lib/sega_scl.a(scl_fu03.o)
                              scroll.o (SCL_InitConfigTb)
../sbl6/segalib/lib/sega_scl.a(scl_fu02.o)
                              scroll.o (SCL_InitVramConfigTb)
../sbl6/segalib/lib/sega_scl.a(scl_pr07.o)
                              scroll.o (SCL_SetPriority)
../sbl6/segalib/lib/sega_scl.a(scl_pr03.o)
                              sprite.o (SCL_AllocColRam)
../sbl6/segalib/lib/sega_scl.a(scl_pr02.o)
                              sprite.o (SCL_SetColRam)
../sbl6/segalib/lib/sega_scl.a(scl_pr01.o)
                              main.o (SCL_SetSpriteMode)
../sbl6/segalib/lib/sega_scl.a(scl_pr11.o)
                              main.o (SCL_SetAutoColOffset)
../sbl6/segalib/lib/sega_scl.a(scl_pr12.o)
                              main.o (SCL_SetColOffset)
../sbl6/segalib/lib/sega_scl.a(scl_pri.o)
                              ../sbl6/segalib/lib/sega_scl.a(scl_func.o) (SclRealOtherPri)
../sbl6/segalib/lib/sega_scl.a(scl_ro00.o)
                              ../sbl6/segalib/lib/sega_scl.a(scl_func.o) (SCL_Rotate)
../sbl6/segalib/lib/sega_scl.a(scl_pr06.o)
                              ../sbl6/segalib/lib/sega_scl.a(scl_pr03.o) (SCL_SetColRamOffset)
../sbl6/segalib/lib/sega_scl.a(scl_pr05.o)
                              ../sbl6/segalib/lib/sega_scl.a(scl_pr02.o) (SCL_GetColRamOffset)
../sbl6/segalib/lib/sega_mth.a(mth_fixd.o)
                              sprite.o (MTH_Mul)
../sbl6/segalib/lib/sega_mth.a(mth_tri.o)
                              sprite.o (MTH_Sin)
../sbl6/segalib/lib/sega_cdc.a(cdc_drv.o)
                              sound.o (CDC_CdPlay)
../sbl6/segalib/lib/sega_cdc.a(cdc_cmn.o)
                              main.o (CDC_GetPeriStat)
../sbl6/segalib/lib/sega_cdc.a(cdc_sub.o)
                              ../sbl6/segalib/lib/sega_cdc.a(cdc_cmn.o) (CDSUB_UpdStatus)
../sbl6/segalib/lib/sega_cdc.a(cdc_reg.o)
                              ../sbl6/segalib/lib/sega_cdc.a(cdc_cmn.o) (CDREG_ClrHirqReq)
../sbl6/segalib/lib/sega_per.a(per_prt.o)
                              ../sbl6/segasmp/per/smpclib/per_x2.o (PER_LInit)
../sbl6/segalib/lib/sega_sat.a(gfs.o)
                              cd.o (GFS_Init)
../sbl6/segalib/lib/sega_sat.a(DMA_CPU1.o)
                              pcmsys.o (DMA_CpuMemCopy1)
../sbl6/segalib/lib/sega_sat.a(DMA_CPU5.o)
                              pcmsys.o (DMA_CpuResult)
../sbl6/segalib/lib/sega_sat.a(DMA_SCU1.o)
                              ../sbl6/segalib/lib/sega_spr.a(spr_2c.o) (DMA_ScuMemCopy)
../sbl6/segalib/lib/sega_sat.a(gfs_cdf.o)
                              ../sbl6/segalib/lib/sega_sat.a(gfs.o) (GFCF_Init)
../sbl6/segalib/lib/sega_sat.a(gfs_dir.o)
                              ../sbl6/segalib/lib/sega_sat.a(gfs.o) (GFDR_SetupDirTbl)
../sbl6/segalib/lib/sega_sat.a(gfs_trn.o)
                              ../sbl6/segalib/lib/sega_sat.a(gfs.o) (GFTR_Setup)
../sbl6/segalib/lib/sega_sat.a(gfs_buf.o)
                              ../sbl6/segalib/lib/sega_sat.a(gfs.o) (GFBF_GetNumData)
../sbl6/segalib/lib/sega_sat.a(gfs_cdb.o)
                              ../sbl6/segalib/lib/sega_sat.a(gfs_cdf.o) (GFCB_Setup)
../sbl6/segalib/lib/sega_sat.a(gfs_cdc.o)
                              ../sbl6/segalib/lib/sega_sat.a(gfs.o) (GFCD_SetCdbfs)
../sbl6/segalib/lib/sega_sat.a(DMA_CPU0.o)
                              ../sbl6/segalib/lib/sega_sat.a(DMA_CPU1.o) (DMA_CpuSetComPrm)
../sbl6/segalib/lib/sega_sat.a(csh_main.o)
                              ../sbl6/segalib/lib/sega_sat.a(DMA_CPU5.o) (CSH_Purge)
../sbl6/segalib/lib/sega_sat.a(DMA_SCU0.o)
                              ../sbl6/segalib/lib/sega_sat.a(DMA_SCU1.o) (DMA_ScuSetPrm)
[...]
Memory Configuration

Name             Origin             Length             Attributes
*default*        0x00000000         0xffffffff

Linker script and memory map

LOAD ../sbl6/segasmp/lib/strt1_g.o
LOAD ../sbl6/segasmp/lib/strt2_g.o
LOAD vblank.o
LOAD ../sbl6/segasmp/per/smpclib/per_x1.o
LOAD ../sbl6/segasmp/per/smpclib/per_x2.o
LOAD ../sbl6/segasmp/per/smpclib/per_x3.o
LOAD cd.o
LOAD graphics.o
LOAD pcmsys.o
LOAD print.o
LOAD scroll.o
LOAD sound.o
LOAD sprite.o
LOAD title.o
LOAD main.o
LOAD ../sbl6/segalib/lib/sega_int.a
LOAD ../sbl6/segalib/lib/sega_spr.a
LOAD ../sbl6/segalib/lib/sega_scl.a
LOAD ../sbl6/segalib/lib/sega_mth.a
LOAD ../sbl6/segalib/lib/sega_cdc.a
LOAD ../sbl6/segalib/lib/sega_adp.a
LOAD ../sbl6/segalib/lib/sega_per.a
LOAD ../sbl6/segalib/lib/sega_sat.a
LOAD c:/saturn/SH_COFF/sh-coff/bin/../lib/gcc/sh-coff/3.4-GNUSH_v0501\libgcc.a
LOAD c:/saturn/SH_COFF/sh-coff/bin/../lib/gcc/sh-coff/3.4-GNUSH_v0501/../../../../sh-coff/lib\libc.a
LOAD c:/saturn/SH_COFF/sh-coff/bin/../lib/gcc/sh-coff/3.4-GNUSH_v0501\libgcc.a

.text           0x06010000    0x13d60
 *(.text)
 .text          0x06010000       0x30 ../sbl6/segasmp/lib/strt1_g.o
                0x06010024                _D_END
                0x06010020                _D_BGN
                0x0601002c                _B_END
                0x06010028                _B_BGN
                0x06010000                START
 .text          0x06010030       0x60 ../sbl6/segasmp/lib/strt2_g.o
                0x06010050                _INITSCT
                0x06010030                _INIT
 .text          0x06010090      0x180 vblank.o
                0x06010090                SetVblank
                0x06010110                UsrVblankOut
                0x060100f0                UsrVblankIn
 .text          0x06010210      0x430 ../sbl6/segasmp/per/smpclib/per_x1.o
                0x060105a4                PER_GetAnalogXYZ
                0x06010234                PER_GetTriggerHandler
                0x060104ce                PER_GetEdge
                0x0601044c                PER_GetTrigger
                0x060104f8                PER_GetPressEdge
                0x0601054c                PER_GetReleaseEdge
                0x06010210                PER_SetTriggerHandler
 .text          0x06010640      0x200 ../sbl6/segasmp/per/smpclib/per_x2.o
                0x06010744                PER_GetDeviceA
                0x06010640                PER_OpenPort
                0x06010678                PER_GetPort
                0x060107be                PER_GetDeviceR
 .text          0x06010840       0x20 ../sbl6/segasmp/per/smpclib/per_x3.o
                0x06010840                PER_DisguiseTrigger
 .text          0x06010860      0x120 cd.o
                0x06010900                cd_load_nosize
                0x06010860                cd_init
                0x06010890                cd_load
 .text          0x06010980      0x8a0 pcmsys.o
                0x06011030                load_8bit_pcm
                0x06010da0                smpc_issue_command
                0x06010e50                load_drv
                0x060111b0                pcm_parameter_change
                0x06010d80                smpc_wait_till_ready
                0x06010dc0                load_driver_binary
                0x06011170                pcm_play
                0x060111e0                pcm_cease
                0x06010ea0                calculate_bytes_per_blank
                0x06010ee0                load_16bit_pcm
 .text          0x06011220      0x160 print.o
                0x060112e0                print_display
                0x06011250                print_num
                0x06011220                print_init
                0x060112a0                print_string
 .text          0x06011380      0x400 scroll.o
                0x06011380                scroll_lores
                0x06011730                scroll_set
                0x060113e0                scroll_hires
                0x06011530                scroll_init
                0x06011450                scroll_scale
 .text          0x06011780      0x140 sound.o
                0x060118a0                sound_play
                0x06011790                sound_init
                0x06011860                sound_cdda
 .text          0x060118c0      0x660 sprite.o
                0x060118f0                sprite_init
                0x06011d50                sprite_make
                0x06011e90                sprite_next
                0x06011a20                sprite_erase
                0x06011ef0                sprite_delete
                0x06011da0                sprite_draw_all
                0x060118c0                sprite_deleteall
                0x06011a80                sprite_startdraw
                0x06011b00                sprite_draw
 .text          0x06011f20      0x1e0 title.o
                0x06012080                title_run
                0x06011f80                title_init
                0x06011f20                title_loadframe
 .text          0x06012100      0x270 main.o
                0x06012100                main
 .text          0x06012370       0x40 ../sbl6/segalib/lib/sega_int.a(int.o)
                0x0601239c                INT_GetScuFunc
                0x06012370                INT_SetScuFunc
 .text          0x060123b0      0x624 ../sbl6/segalib/lib/sega_int.a(int_trmp.o)
                0x06012518                __interrupt_handler60
                0x060126c8                __interrupt_handler132
                0x0601287e                __interrupt_handler205
                0x060126e6                __interrupt_handler137
                0x06012614                __interrupt_handler102
                0x06012452                __interrupt_handler27
                0x06012854                __interrupt_handler198
                0x06012746                __interrupt_handler153
                0x0601242e                __interrupt_handler21
                0x0601253c                __interrupt_handler66
                0x0601262c                __interrupt_handler106
                0x06012776                __interrupt_handler161
                0x060125c0                __interrupt_handler88
                0x0601278e                __interrupt_handler165
                0x0601269e                __interrupt_handler125
                0x060123d4                __interrupt_handler6
                0x06012470                __interrupt_handler32
                0x0601282a                __interrupt_handler191
                0x06012944                __interrupt_handler238
                0x0601295c                __interrupt_handler242
                0x06012764                __interrupt_handler158
                0x060125cc                __interrupt_handler90
                0x06012788                __interrupt_handler164
                0x060124ac                __interrupt_handler42
                0x060127ee                __interrupt_handler181
                0x060128f6                __interrupt_handler225
                0x0601299e                __interrupt_handler253
                0x060127b2                __interrupt_handler171
                0x0601256c                __interrupt_handler74
                0x060123c2                __interrupt_handler3
                0x06012506                __interrupt_handler57
                0x06012404                __interrupt_handler14
                0x0601289c                __interrupt_handler210
                0x060128cc                __interrupt_handler218
                0x06012890                __interrupt_handler208
                0x06012494                __interrupt_handler38
                0x060123b0                __interrupt_handler0
                0x06012620                __interrupt_handler104
                0x0601275e                __interrupt_handler157
                0x060128ae                __interrupt_handler213
                0x060127a0                __interrupt_handler168
                0x060125ae                __interrupt_handler85
                0x0601264a                __interrupt_handler111
                0x0601265c                __interrupt_handler114
                0x060124ca                __interrupt_handler47
                0x06012920                __interrupt_handler232
                0x060128ea                __interrupt_handler223
                0x0601293e                __interrupt_handler237
                0x0601252a                __interrupt_handler63
                0x060124b8                __interrupt_handler44
                0x060127ca                __interrupt_handler175
                0x060127f4                __interrupt_handler182
                0x0601280c                __interrupt_handler186
                0x0601270a                __interrupt_handler143
                0x06012632                __interrupt_handler107
                0x06012698                __interrupt_handler124
                0x060127b8                __interrupt_handler172
                0x0601296e                __interrupt_handler245
                0x060125ea                __interrupt_handler95
                0x060126c2                __interrupt_handler131
                0x060126d4                __interrupt_handler134
                0x060126f2                __interrupt_handler139
                0x06012560                __interrupt_handler72
                0x0601291a                __interrupt_handler231
                0x06012770                __interrupt_handler160
                0x060126b6                __interrupt_handler129
                0x06012428                __interrupt_handler20
                0x06012536                __interrupt_handler65
                0x06012500                __interrupt_handler56
                0x060123fe                __interrupt_handler13
                0x06012896                __interrupt_handler209
                0x06012650                __interrupt_handler112
                0x06012422                __interrupt_handler19
                0x060125de                __interrupt_handler93
                0x06012848                __interrupt_handler196
                0x0601273a                __interrupt_handler151
                0x0601279a                __interrupt_handler167
                0x060129b0                __trampoline
                0x06012416                __interrupt_handler17
                0x06012908                __interrupt_handler228
                0x060129aa                __interrupt_handler255
                0x06012968                __interrupt_handler244
                0x06012602                __interrupt_handler99
                0x060127fa                __interrupt_handler183
                0x060126f8                __interrupt_handler140
                0x0601281e                __interrupt_handler189
                0x0601271c                __interrupt_handler146
                0x060128e4                __interrupt_handler222
                0x06012758                __interrupt_handler156
                0x0601268c                __interrupt_handler122
                0x06012980                __interrupt_handler248
                0x060124d0                __interrupt_handler48
                0x0601254e                __interrupt_handler69
                0x06012440                __interrupt_handler24
                0x060125c6                __interrupt_handler89
                0x060128ba                __interrupt_handler215
                0x060129a4                __interrupt_handler254
                0x060125ba                __interrupt_handler87
                0x0601251e                __interrupt_handler61
                0x06012842                __interrupt_handler195
                0x06012734                __interrupt_handler150
                0x060124a6                __interrupt_handler41
                0x06012644                __interrupt_handler110
                0x060126aa                __interrupt_handler127
                0x06012638                __interrupt_handler108
                0x06012656                __interrupt_handler113
                0x06012668                __interrupt_handler116
                0x06012686                __interrupt_handler121
                0x0601257e                __interrupt_handler77
                0x0601249a                __interrupt_handler39
                0x060124b2                __interrupt_handler43
                0x06012986                __interrupt_handler249
                0x060127c4                __interrupt_handler174
                0x060126e0                __interrupt_handler136
                0x06012818                __interrupt_handler188
                0x06012716                __interrupt_handler145
                0x060123e6                __interrupt_handler9
                0x0601258a                __interrupt_handler79
                0x06012902                __interrupt_handler227
                0x0601247c                __interrupt_handler34
                0x060126bc                __interrupt_handler130
                0x0601297a                __interrupt_handler247
                0x06012572                __interrupt_handler75
                0x060127be                __interrupt_handler173
                0x060124ee                __interrupt_handler53
                0x0601272e                __interrupt_handler149
                0x06012992                __interrupt_handler251
                0x06012926                __interrupt_handler233
                0x060123ec                __interrupt_handler10
                0x06012878                __interrupt_handler204
                0x0601259c                __interrupt_handler82
                0x060125a2                __interrupt_handler83
                0x06012446                __interrupt_handler25
                0x06012962                __interrupt_handler243
                0x0601277c                __interrupt_handler162
                0x060124c4                __interrupt_handler46
                0x060127dc                __interrupt_handler178
                0x06012590                __interrupt_handler80
                0x06012524                __interrupt_handler62
                0x060123bc                __interrupt_handler2
                0x0601245e                __interrupt_handler29
                0x06012554                __interrupt_handler70
                0x0601263e                __interrupt_handler109
                0x06012728                __interrupt_handler148
                0x060125e4                __interrupt_handler94
                0x060128f0                __interrupt_handler224
                0x0601261a                __interrupt_handler103
                0x06012488                __interrupt_handler36
                0x060126a4                __interrupt_handler126
                0x06012974                __interrupt_handler246
                0x060124fa                __interrupt_handler55
                0x060123f8                __interrupt_handler12
                0x060124e8                __interrupt_handler52
                0x06012812                __interrupt_handler187
                0x06012710                __interrupt_handler144
                0x0601266e                __interrupt_handler117
                0x0601241c                __interrupt_handler18
                0x0601284e                __interrupt_handler197
                0x06012740                __interrupt_handler152
                0x06012674                __interrupt_handler118
                0x060127ac                __interrupt_handler170
                0x06012866                __interrupt_handler201
                0x060125f6                __interrupt_handler97
                0x06012782                __interrupt_handler163
                0x060127e8                __interrupt_handler180
                0x06012830                __interrupt_handler192
                0x06012950                __interrupt_handler240
                0x06012692                __interrupt_handler123
                0x060128b4                __interrupt_handler214
                0x0601246a                __interrupt_handler31
                0x06012458                __interrupt_handler28
                0x06012542                __interrupt_handler67
                0x06012548                __interrupt_handler68
                0x06012434                __interrupt_handler22
                0x0601243a                __interrupt_handler23
                0x060127d0                __interrupt_handler176
                0x060123da                __interrupt_handler7
                0x060128de                __interrupt_handler221
                0x060128c6                __interrupt_handler217
                0x0601290e                __interrupt_handler229
                0x060124d6                __interrupt_handler49
                0x060123c8                __interrupt_handler4
                0x060124a0                __interrupt_handler40
                0x06012662                __interrupt_handler115
                0x06012932                __interrupt_handler235
                0x060125d2                __interrupt_handler91
                0x06012884                __interrupt_handler206
                0x060127d6                __interrupt_handler177
                0x06012722                __interrupt_handler147
                0x0601248e                __interrupt_handler37
                0x0601298c                __interrupt_handler250
                0x060123b6                __interrupt_handler1
                0x060128d2                __interrupt_handler219
                0x06012578                __interrupt_handler76
                0x06012608                __interrupt_handler100
                0x0601250c                __interrupt_handler58
                0x0601240a                __interrupt_handler15
                0x060128a8                __interrupt_handler212
                0x06012956                __interrupt_handler241
                0x0601286c                __interrupt_handler202
                0x06012836                __interrupt_handler193
                0x06012584                __interrupt_handler78
                0x060124dc                __interrupt_handler50
                0x06012476                __interrupt_handler33
                0x06012794                __interrupt_handler166
                0x060126ec                __interrupt_handler138
                0x060126da                __interrupt_handler135
                0x06012464                __interrupt_handler30
                0x06012800                __interrupt_handler184
                0x060126fe                __interrupt_handler141
                0x06012914                __interrupt_handler230
                0x06012938                __interrupt_handler236
                0x0601267a                __interrupt_handler119
                0x060125b4                __interrupt_handler86
                0x06012626                __interrupt_handler105
                0x06012596                __interrupt_handler81
                0x06012680                __interrupt_handler120
                0x060126b0                __interrupt_handler128
                0x060124f4                __interrupt_handler54
                0x060123f2                __interrupt_handler11
                0x0601285a                __interrupt_handler199
                0x0601274c                __interrupt_handler154
                0x060124be                __interrupt_handler45
                0x060128c0                __interrupt_handler216
                0x06012872                __interrupt_handler203
                0x0601260e                __interrupt_handler101
                0x060125a8                __interrupt_handler84
                0x06012806                __interrupt_handler185
                0x06012704                __interrupt_handler142
                0x0601244c                __interrupt_handler26
                0x06012530                __interrupt_handler64
                0x06012860                __interrupt_handler200
                0x0601288a                __interrupt_handler207
                0x0601283c                __interrupt_handler194
                0x060125d8                __interrupt_handler92
                0x06012752                __interrupt_handler155
                0x060128a2                __interrupt_handler211
                0x060126ce                __interrupt_handler133
                0x060123ce                __interrupt_handler5
                0x06012566                __interrupt_handler73
                0x06012410                __interrupt_handler16
                0x0601294a                __interrupt_handler239
                0x0601292c                __interrupt_handler234
                0x06012482                __interrupt_handler35
                0x06012512                __interrupt_handler59
                0x060127a6                __interrupt_handler169
                0x060125fc                __interrupt_handler98
                0x0601255a                __interrupt_handler71
                0x060124e2                __interrupt_handler51
                0x0601276a                __interrupt_handler159
                0x060128fc                __interrupt_handler226
                0x060125f0                __interrupt_handler96
                0x06012824                __interrupt_handler190
                0x060128d8                __interrupt_handler220
                0x060123e0                __interrupt_handler8
                0x060127e2                __interrupt_handler179
                0x06012998                __interrupt_handler252
 *fill*         0x060129d4        0xc 00
 .text          0x060129e0     0x12a0 ../sbl6/segalib/lib/sega_spr.a(spr_2c.o)
                0x06013c40                SlaveFlushDrawPrtyBlock
                0x060129e0                SPR_2Initial
                0x06013224                SPR_2SysClip
                0x060131c4                SPR_2LocalCoord
                0x06013abc                SPR_2FlushDrawPrtyBlock
                0x060137a8                SPR_2DistSpr
                0x060131ac                SPR_2FlushDrawPrty
                0x060138cc                SPR_2Cmd
                0x06012ea8                SPR_2GourTblNoToVram
                0x06012f08                SPR_2GetAreaSizeInfo
                0x06012c70                SPR_2SetGourTbl
                0x0601345c                SPR_2Polygon
                0x06012ee4                SPR_2CharNoToVram
                0x06012bf0                SPR_2SetTvMode
                0x0601304c                SPR_2CloseCommand
                0x06012c2c                SPR_2FrameEraseData
                0x06012a08                SPR_2Initial2
                0x0601363c                SPR_2ScaleSpr
                0x060132cc                SPR_2Line
                0x06012f98                SPR_2OpenCommand
                0x06012c0c                SPR_2FrameChgIntr
                0x06013518                SPR_2NormSpr
                0x06012ca0                SPR_2SetLookupTbl
                0x06012cd4                SPR_2SetChar
                0x06012ecc                SPR_2LookupTblNoToVram
                0x060133a0                SPR_2PolyLine
                0x06012e40                SPR_2ClrAllChar
                0x06012df4                SPR_2ClrChar
                0x06013270                SPR_2UserClip
 .text          0x06013c80      0x1e6 ../sbl6/segalib/lib/sega_spr.a(spr_slv.o)
                0x06013de4                SPR_WaitEndSlaveSH
                0x06013c80                SPR_SMPC_SSHON
                0x06013dc0                SPR_RunSlaveSH
                0x06013c84                SPR_InitSlaveSH
                0x06013d4c                SPR_SlaveSHmain
                0x06013c81                SPR_SMPC_SSHOFF
 *fill*         0x06013e66        0xa 00
 .text          0x06013e70      0x36a ../sbl6/segalib/lib/sega_spr.a(spr_1c.o)
                0x06014124                SPR_WaitDrawEnd
                0x0601413c                SPR_SetEosMode
                0x06014054                SPR_SetEraseData
                0x06013e70                SPR_Initial
                0x06013f48                SPR_SetTvMode
                0x06013fe0                SPR_GetStatus
 *fill*         0x060141da        0x6 00
 .text          0x060141e0      0x244 ../sbl6/segalib/lib/sega_spr.a(spr_2a.o)
                0x060141f2                sprMemCpyW
                0x06014250                flushDrawPrtyBlock
                0x060141e0                sprMemCpyL
                0x06014204                SPR_2SetDrawPrty
 *fill*         0x06014424        0xc 00
 .text          0x06014430      0x2fc ../sbl6/segalib/lib/sega_scl.a(scl_vblv.o)
                0x060144ec                SCL_DisplayFrame
                0x06014430                SCL_SetFrameInterval
                0x06014520                SCL_VblInit
                0x06014570                SCL_VblankStart
                0x060145b4                SCL_VblankEnd
 *fill*         0x0601472c        0x4 00
 .text          0x06014730      0x1ec ../sbl6/segalib/lib/sega_scl.a(scl_fu01.o)
                0x06014730                SCL_SetDisplayMode
 *fill*         0x0601491c        0x4 00
 .text          0x06014920       0x28 ../sbl6/segalib/lib/sega_scl.a(scl_fu04.o)
                0x06014920                SCL_SetCycleTable
 *fill*         0x06014948        0x8 00
 .text          0x06014950      0xb9c ../sbl6/segalib/lib/sega_scl.a(scl_func.o)
                0x0601532c                SCL_Vdp2_SGLInit
                0x0601523c                SCL_PriIntProc
                0x060151b4                SCL_Memcpyw
                0x060154cc                SCL_SglOff
                0x060154ac                SCL_SglOn
                0x06015120                SCL_ScrollShow
                0x06014bc8                SCL_Close
                0x06014ec0                SCL_Scale
                0x06014950                SCL_Vdp2Init
                0x06014d34                SCL_Move
                0x06014ffc                SCL_CopyReg
                0x06014ba4                SCL_Open
                0x060149d4                SCL_ParametersInit
                0x06014be4                SCL_MoveTo
                0x060151dc                SCL_SetColRamMode
 *fill*         0x060154ec        0x4 00
 .text          0x060154f0       0x84 ../sbl6/segalib/lib/sega_scl.a(scl_back.o)
                0x060154f0                SCL_SetBack
 *fill*         0x06015574        0xc 00
 .text          0x06015580      0x94c ../sbl6/segalib/lib/sega_scl.a(scl_fu03.o)
                0x060155dc                SCL_SetConfig
                0x06015580                SCL_InitConfigTb
 *fill*         0x06015ecc        0x4 00
 .text          0x06015ed0      0x4f4 ../sbl6/segalib/lib/sega_scl.a(scl_fu02.o)
                0x06015f08                SCL_SetVramConfig
                0x06015ed0                SCL_InitVramConfigTb
 *fill*         0x060163c4        0xc 00
 .text          0x060163d0      0x214 ../sbl6/segalib/lib/sega_scl.a(scl_pr07.o)
                0x060163d0                SCL_SetPriority
 *fill*         0x060165e4        0xc 00
 .text          0x060165f0      0x138 ../sbl6/segalib/lib/sega_scl.a(scl_pr03.o)
                0x060165f0                SCL_FreeColRam
                0x06016628                SCL_AllocColRam
 *fill*         0x06016728        0x8 00
 .text          0x06016730       0x9c ../sbl6/segalib/lib/sega_scl.a(scl_pr02.o)
                0x06016730                SCL_SetColRam
 *fill*         0x060167cc        0x4 00
 .text          0x060167d0       0x58 ../sbl6/segalib/lib/sega_scl.a(scl_pr01.o)
                0x060167d0                SCL_SetSpriteMode
 *fill*         0x06016828        0x8 00
 .text          0x06016830      0x180 ../sbl6/segalib/lib/sega_scl.a(scl_pr11.o)
                0x06016830                SCL_SetAutoColOffset
 .text          0x060169b0      0x1f4 ../sbl6/segalib/lib/sega_scl.a(scl_pr12.o)
                0x060169b0                SCL_SetColOffset
 *fill*         0x06016ba4        0xc 00
 .text          0x06016bb0     0x10a4 ../sbl6/segalib/lib/sega_scl.a(scl_pri.o)
                0x06016c44                SCL_AbortAutoVe
                0x06017af4                SCL_SetShadowBit
                0x060170bc                SCL_AutoExec
                0x06016bb0                SCL_PriorityInit
                0x060175d0                SCL_IncColOffset
                0x06016c58                SCL_SetColMixRate
                0x06016c28                SCL_GetColRamMode
 *fill*         0x06017c54        0xc 00
 .text          0x06017c60     0x1394 ../sbl6/segalib/lib/sega_scl.a(scl_ro00.o)
                0x06018e4c                SCL_RotateZD
                0x06018114                SCL_Rotate
                0x06017de8                SCL_InitRotateTable
 *fill*         0x06018ff4        0xc 00
 .text          0x06019000      0x1b4 ../sbl6/segalib/lib/sega_scl.a(scl_pr06.o)
                0x06019000                SCL_SetColRamOffset
 *fill*         0x060191b4        0xc 00
 .text          0x060191c0       0xac ../sbl6/segalib/lib/sega_scl.a(scl_pr05.o)
                0x060191c0                SCL_GetColRamOffset
 *fill*         0x0601926c        0x4 00
 .text          0x06019270       0xa4 ../sbl6/segalib/lib/sega_mth.a(mth_fixd.o)
                0x060192c0                MTH_FixedToInt
                0x060192b0                MTH_IntToFixed
                0x06019270                MTH_Mul
                0x060192d0                MTH_Product
                0x06019290                MTH_Div
 *fill*         0x06019314        0xc 00
 .text          0x06019320      0x600 ../sbl6/segalib/lib/sega_mth.a(mth_tri.o)
                0x060193bc                fcos
                0x060193c2                fsin
                0x0601936c                MTH_Cos
                0x06019320                MTH_Sin
                0x06019560                MTH_Atan
 .text          0x06019920      0x130 ../sbl6/segalib/lib/sega_cdc.a(cdc_drv.o)
                0x06019920                CDC_CdPlay
                0x060199ec                CDC_CdSeek
                0x06019a20                CDC_CdScan
 .text          0x06019a50      0x3a0 ../sbl6/segalib/lib/sega_cdc.a(cdc_cmn.o)
                0x06019bf4                CDC_TgetToc
                0x06019d98                CDC_DataEnd
                0x06019ab8                CDC_GetPeriStat
                0x06019d2c                CDC_DataReady
                0x06019d04                CDC_CdOpen
                0x06019c80                CDC_CdInit
                0x06019c44                CDC_GetSes
                0x06019aa0                CDC_GetLastStat
                0x06019a50                CDC_GetCurStat
                0x06019b8c                CDC_GetHwInfo
 .text          0x06019df0      0x152 ../sbl6/segalib/lib/sega_cdc.a(cdc_sub.o)
                0x06019e98                CDSUB_GetCdstat
                0x06019e08                CDSUB_UpdCdstat
                0x06019ed8                CDSUB_RspToCdstat
                0x06019f20                CDSUB_SoftTimer
                0x06019df0                CDSUB_UpdStatus
                0x06019e28                CDSUB_CdCmd
 *fill*         0x06019f42        0xe 00
 .text          0x06019f50      0x2dc ../sbl6/segalib/lib/sega_cdc.a(cdc_reg.o)
                0x06019fa4                CDREG_ClrHirqReq
                0x06019f74                CDC_ClrHirqReq
                0x0601a024                CDREG_TgetData
                0x0601a014                CDC_GetMpegPtr
                0x06019ff0                CDC_GetHirqMsk
                0x06019f50                CDC_GetDataPtr
                0x06019f60                CDC_GetHirqReq
                0x0601a180                CDREG_WaitHirq
                0x0601a004                CDC_SetHirqMsk
                0x0601a080                CDREG_CmdRsp
                0x06019fb4                CDREG_InitHirqReq
                0x06019fdc                CDREG_SetHirqFlag
                0x0601a1f0                CDREG_ReadRsp
 *fill*         0x0601a22c        0x4 00
 .text          0x0601a230      0xf50 ../sbl6/segalib/lib/sega_per.a(per_prt.o)
                0x0601a650                PER_IntFunc
                0x0601a448                PER_LGetPer
                0x0601a230                PER_LInit
 .text          0x0601b180     0x1b04 ../sbl6/segalib/lib/sega_sat.a(gfs.o)
                0x0601b180                gfs_version
                0x0601c3f4                gfs_mngGetNumFile
                0x0601cb74                gfs_closeSub
                0x0601bf10                GFS_SetGmode
                0x0601c1cc                GFS_SetErrFunc
                0x0601c31c                gfs_mngSetupFuncTbl
                0x0601b4d8                GFS_Reset
                0x0601c244                gfs_chgRoot
                0x0601c310                gfs_aborttrans
                0x0601c5f4                gfs_svrAddHndl
                0x0601c4a4                gfs_mngFreeGrp
                0x0601c21c                GFS_ConvTno
                0x0601c7a8                gfs_getRootDir
                0x0601c1f8                GFS_GetErrStat
                0x0601b648                GFS_Seek
                0x0601bcb4                GFS_NwStop
                0x0601c4b0                gfs_mngTermAccess
                0x0601b55c                GFS_Open
                0x0601c45c                GFS_mngAllocGrp
                0x0601cbbc                gfs_isTaskDone
                0x0601b9b4                GFS_Fread
                0x0601c114                GFS_StartTrans
                0x0601cb10                gfs_GetFinfo
                0x0601c350                gfs_mngInitWork
                0x0601b7a0                GFS_ByteToSct
                0x0601c5b4                gfs_svrSearchHndl
                0x0601c8a4                gfs_loadRootDir
                0x0601b3fc                GFS_IdToName
                0x0601baf8                GFS_NwFread
                0x0601c044                GFS_SetTransPara
                0x0601bc04                GFS_NwCdRead
                0x0601c6e4                gfs_loadVol
                0x0601bfe0                GFS_SetReadPara
                0x0601b6fc                GFS_Tell
                0x0601bf74                GFS_SetTmode
                0x0601ca78                GFS_GetFad
                0x0601c0b0                GFS_SetTrFunc
                0x0601c160                GFS_CdMovePickup
                0x0601b398                GFS_NameToId
                0x0601bdcc                GFS_NwExecOne
                0x0601c92c                gfs_flowIn
                0x0601b854                GFS_GetFileInfo
                0x0601c9d4                gfs_transData
                0x0601c630                gfs_svrRemoveHndl
                0x0601bc7c                GFS_NwIsComplete
                0x0601cbb0                gfs_getGmode
                0x0601bd20                GFS_NwGetStat
                0x0601c68c                GFS_OpenSub
                0x0601b330                GFS_SetDir
                0x0601b7fc                GFS_GetFileSize
                0x0601b8c8                GFS_GetNumCdbuf
                0x0601cc10                gfs_convFinStat
                0x0601b8f0                GFS_Load
                0x0601ba50                gfs_waitRead
                0x0601b288                GFS_LoadDir
                0x0601b468                GFS_GetDirInfo
                0x0601b610                GFS_Close
                0x0601b1a0                GFS_Init
                0x0601bd9c                gfs_recovRdErr
                0x0601c534                gfs_mngSetErrCode
                0x0601be8c                GFS_NwExecServer
                0x0601b74c                GFS_IsEof
                0x0601cad0                gfs_SetSct
 *fill*         0x0601cc84        0xc 00
 .text          0x0601cc90       0x90 ../sbl6/segalib/lib/sega_sat.a(DMA_CPU1.o)
                0x0601cc90                DMA_CpuMemCopy1
 .text          0x0601cd20       0x50 ../sbl6/segalib/lib/sega_sat.a(DMA_CPU5.o)
                0x0601cd20                DMA_CpuResult
 .text          0x0601cd70      0x1f4 ../sbl6/segalib/lib/sega_sat.a(DMA_SCU1.o)
                0x0601cecc                DMA_ScuResult
                0x0601cd70                DMA_ScuInit
                0x0601cdc0                DMA_ScuMemCopy
 *fill*         0x0601cf64        0xc 00
 .text          0x0601cf70      0x8d4 ../sbl6/segalib/lib/sega_sat.a(gfs_cdf.o)
                0x0601d464                GFCF_Seek
                0x0601d56c                GFCF_GetStat
                0x0601d44c                GFCF_Tell
                0x0601d010                GFCF_Setup
                0x0601d518                GFCF_cnvIntlvOfs
                0x0601cf70                GFCF_Init
                0x0601d404                GFCF_Recover
                0x0601d158                GFCF_SetSct
                0x0601d47c                GFCF_MovePickup
                0x0601d640                gfcf_isCdOk
                0x0601d210                GFCF_FlowInBuf
                0x0601d19c                GFCF_GetFileInfo
                0x0601d364                GFCF_StopInBuf
                0x0601d604                gfcf_getSctSize
                0x0601d700                gfcf_getPlayRange
 *fill*         0x0601d844        0xc 00
 .text          0x0601d850      0x928 ../sbl6/segalib/lib/sega_sat.a(gfs_dir.o)
                0x0601dd40                gfdr_setNextRec
                0x0601e13c                gfdr_setDirrecCd
                0x0601db38                gfdr_open
                0x0601d94c                GFDR_GetAtrDirId
                0x0601dc20                gfdr_readByte
                0x0601d850                GFDR_SetupDirTbl
                0x0601dd18                gfdr_readLongNM
                0x0601ddc4                gfdr_readDirEnt
                0x0601d97c                GFDR_ChgRoot
                0x0601d8c4                GFDR_NameToId
                0x0601da08                gfdr_setupDirIdTbl
                0x0601d964                GFDR_GetAtrDirName
                0x0601d924                GFDR_GetInfoDirId
                0x0601dccc                gfdr_readLongNB
                0x0601db60                gfdr_read
                0x0601dc4c                gfdr_readWord
                0x0601da8c                gfdr_setupDirNameTbl
                0x0601d938                GFDR_GetInfoDirName
                0x0601d994                GFDR_ChgDir
                0x0601dc78                gfdr_readWordNB
 *fill*         0x0601e178        0x8 00
 .text          0x0601e180      0xa46 ../sbl6/segalib/lib/sega_sat.a(gfs_trn.o)
                0x0601e260                GFTR_SetTransMax
                0x0601e630                gftr_execScu
                0x0601ebb4                GFTR_SetTransFunc
                0x0601ea7c                gftr_remTrn
                0x0601eba0                GFTR_SetData
                0x0601e8a0                gftr_execSdma1
                0x0601eaf0                gftr_copyFrac
                0x0601e254                GFTR_GetNumTrans
                0x0601e1f4                GFTR_SetMode
                0x0601e870                gftr_remDma0
                0x0601eb18                GFTR_GetLenData
                0x0601e624                gftr_reqScu
                0x0601e888                gftr_reqDma1
                0x0601e540                gftr_getSrcPack
                0x0601eb70                GFTR_RtnDstPk
                0x0601e70c                gfdma_exec
                0x0601e9a4                gftr_execTrn
                0x0601e438                GFTR_ExecSvr
                0x0601e934                gftr_reqTrn
                0x0601e7fc                gfdma_getBytecnt
                0x0601e8dc                gftr_reqCpu
                0x0601eb3c                GFTR_GetDstPack
                0x0601e834                gftr_reqDma0
                0x0601e3c0                GFTR_Idle
                0x0601e278                GFTR_Pause
                0x0601e248                GFTR_GetTransPara
                0x0601e928                gftr_remCpu
                0x0601e214                GFTR_SetTransPara
                0x0601e8c4                gftr_remDma1
                0x0601e284                GFTR_Stop
                0x0601e84c                gftr_execSdma0
                0x0601e1b0                GFTR_Setup
                0x0601e6cc                gftr_remScu
                0x0601e5c8                gftr_getDstPack
                0x0601e700                gfdma_canUse
                0x0601e33c                GFTR_Exec
                0x0601eb8c                GFTR_GetData
                0x0601e26c                GFTR_Start
                0x0601e208                GFTR_SetUnit
                0x0601e8e8                gftr_execCpu
                0x0601eb24                GFTR_GetLenRoom
 *fill*         0x0601ebc6        0xa 00
 .text          0x0601ebd0      0x106 ../sbl6/segalib/lib/sega_sat.a(gfs_buf.o)
                0x0601ec28                GFBF_GetNumData
                0x0601eca4                GFBF_RtnPk
                0x0601ec58                GFBF_GetSrcPk
                0x0601eccc                gfbf_getSctDt
                0x0601ec00                GFBF_GetTranData
                0x0601ec80                GFBF_GetSctData
 *fill*         0x0601ecd6        0xa 00
 .text          0x0601ece0      0x600 ../sbl6/segalib/lib/sega_sat.a(gfs_cdb.o)
                0x0601f288                GFCB_GetPickup
                0x0601ee00                GFCB_Close
                0x0601f0cc                GFCB_GetSrcPack
                0x0601f254                GFCB_SetCon
                0x0601eed4                GFCB_GetLenRoom
                0x0601f238                GFCB_MovePickup
                0x0601f1ac                GFCB_GetSctData
                0x0601eee0                GFCB_SetFilt
                0x0601ee28                GFCB_GetLenData
                0x0601f2c8                GFCB_UngetPickup
                0x0601ece0                GFCB_Setup
                0x0601ef70                GFCB_Tell
                0x0601f2b0                GFCB_IsPuOwner
                0x0601efd0                GFCB_Seek
                0x0601ef48                GFCB_DeleteAllData
                0x0601f1e4                GFCB_GetDstPack
                0x0601ef80                gfcb_getSctNum
                0x0601f1f0                GFCB_RtnPk
 .text          0x0601f2e0     0x1a04 ../sbl6/segalib/lib/sega_sat.a(gfs_cdc.o)
                0x0601f57c                GFCD_AllocBuf
                0x06020358                gfcd_doGetLenDataTsk
                0x06020bf4                GFCD_SetCsctFunc
                0x0601f654                GFCD_GetBaseFad
                0x0601f7d0                GFCD_GetFilt
                0x060207e4                gfcd_doChgDirTsk
                0x06020b24                gfcd_checkEflag
                0x0601fb18                GFCD_MovePickup
                0x0601fbfc                GFCD_GetSctInfo
                0x060204ac                gfcd_doReqDataTsk
                0x0601fc44                GFCD_ChgDir
                0x0601f938                GFCD_ReqData
                0x06020c10                GFCD_ChkScdqFlag
                0x060200c8                GFCD_WaitServer
                0x0601f9dc                GFCD_DelSctData
                0x0601feb4                GFCD_ExecServer
                0x060202c8                gfcd_doSetConTsk
                0x0601f510                GFCD_AllocFilt
                0x0601f70c                GFCD_SetFilt
                0x06020104                gfcd_doSetFiltTsk
                0x06020c34                GFCD_ClrScdqFlag
                0x0602054c                gfcd_doDelSctDataTsk
                0x06020010                gfcd_doTask
                0x0601f688                GFCD_GetPickup
                0x0601fbd8                GFCD_CheckMove
                0x06020c50                GFCD_WaitScdqFlag
                0x0601f870                GFCD_Play
                0x06020680                gfcd_doMoveSctTsk
                0x0601f818                GFCD_SetCon
                0x0601fcb8                GFCD_SetFiltCon
                0x06020c94                GFCD_WaitPause
                0x0601fe7c                GFCD_GetBufSiz
                0x0601f6bc                GFCD_UngetPickup
                0x0601fda0                GFCD_GetFileInfo
                0x0601f994                GFCD_EndData
                0x0601f5b0                GFCD_FreeBuf
                0x0601f8d0                GFCD_GetLenData
                0x0601f54c                GFCD_FreeFilt
                0x0601ff88                gfcd_isIdleTask
                0x0601f30c                GFCD_Init
                0x060209e0                gfcd_doSetFiltConTsk
                0x0601fa64                GFCD_GetStat
                0x0601fb64                GFCD_MoveSctData
                0x0601f6e8                GFCD_IsPuOwner
                0x06020b48                gfcd_initCdbMng
                0x0601f2e0                GFCD_SetCdbfs
                0x060200b4                GFCD_SetTimer
                0x06020bc8                gfcd_setStat
                0x0601fa34                GFCD_CheckDelSctData
 *fill*         0x06020ce4        0xc 00
 .text          0x06020cf0      0x1b6 ../sbl6/segalib/lib/sega_sat.a(DMA_CPU0.o)
                0x06020d38                DMA_CpuSetPrm
                0x06020e3c                DMA_CpuStart
                0x06020e94                DMA_CpuGetStatus
                0x06020e68                DMA_CpuAllStop
                0x06020e7c                DMA_CpuGetComStatus
                0x06020cf0                DMA_CpuSetComPrm
                0x06020e50                DMA_CpuStop
 *fill*         0x06020ea6        0xa 00
 .text          0x06020eb0       0xe8 ../sbl6/segalib/lib/sega_sat.a(csh_main.o)
                0x06020eb0                CSH_Init
                0x06020f18                CSH_AllClr
                0x06020f64                CSH_Purge
 *fill*         0x06020f98        0x8 00
 .text          0x06020fa0      0x308 ../sbl6/segalib/lib/sega_sat.a(DMA_SCU0.o)
                0x06021024                DMA_ScuStart
                0x06021158                DMA_ScuIntFunc0
                0x060211c8                DMA_ScuIntFunc1
                0x06021238                DMA_ScuIntFunc2
                0x06021118                DMA_ScuGetStatus
                0x06020fa0                DMA_ScuSetPrm
 *fill*         0x060212a8        0x8 00
 .text          0x060212b0      0x194 ../sbl6/segalib/lib/sega_sat.a(cdc_cfs.o)
                0x060212b0                CDC_ChgDir
                0x060212e4                CDC_ReadDir
                0x06021408                CDC_AbortFile
                0x06021318                CDC_GetFileScope
                0x06021378                CDC_TgetFileInfo
                0x060213d4                CDC_ReadFile
 *fill*         0x06021444        0xc 00
 .text          0x06021450      0x1e4 ../sbl6/segalib/lib/sega_sat.a(cdc_bio.o)
                0x060214fc                CDC_GetdelSctData
                0x06021484                CDC_GetSctData
                0x06021538                CDC_PutSctData
                0x060215b4                CDC_MoveSctData
                0x060215f8                CDC_GetCopyErr
                0x060214c0                CDC_DelSctData
                0x06021450                CDC_SetSctLen
                0x06021570                CDC_CopySctData
 *fill*         0x06021634        0xc 00
 .text          0x06021640      0x2b8 ../sbl6/segalib/lib/sega_sat.a(cdc_sel.o)
                0x06021870                CDC_GetFiltCon
                0x060217ec                CDC_GetFiltMode
                0x060218c4                CDC_ResetSelector
                0x06021640                CDC_SetFiltRange
                0x060216cc                CDC_SetFiltSubh
                0x0602173c                CDC_GetFiltSubh
                0x06021674                CDC_GetFiltRange
                0x060217b8                CDC_SetFiltMode
                0x06021830                CDC_SetFiltCon
 *fill*         0x060218f8        0x8 00
 .text          0x06021900      0x270 ../sbl6/segalib/lib/sega_sat.a(cdc_bif.o)
                0x0602195c                CDC_GetSctNum
                0x06021adc                CDC_ExeFadSearch
                0x06021a5c                CDC_GetSctInfo
                0x060219a0                CDC_CalActSiz
                0x06021900                CDC_GetBufSiz
                0x060219dc                CDC_GetActSiz
                0x06021b14                CDC_GetFadSearch
 .text          0x06021b70       0xa8 ../sbl6/segalib/lib/sega_sat.a(cdc_dev.o)
                0x06021bdc                CDC_CdGetLastBuf
                0x06021b70                CDC_CdSetCon
                0x06021ba0                CDC_CdGetCon
 *fill*         0x06021c18        0x8 00
 .text          0x06021c20       0x60 c:/saturn/SH_COFF/sh-coff/bin/../lib/gcc/sh-coff/3.4-GNUSH_v0501\libgcc.a(_ashiftrt.o)
                0x06021c2c                __ashiftrt_r4_27
                0x06021c60                __ashiftrt_r4_6
                0x06021c50                __ashiftrt_r4_14
                0x06021c42                __ashiftrt_r4_19
                0x06021c5a                __ashiftrt_r4_9
                0x06021c6e                __ashiftrt_r4_0
                0x06021c20                __ashiftrt_r4_31
                0x06021c2e                __ashiftrt_r4_26
                0x06021c3c                __ashiftrt_r4_22
                0x06021c48                __ashiftrt_r4_16
                0x06021c54                __ashiftrt_r4_12
                0x06021c28                __ashiftrt_r4_29
                0x06021c46                __ashiftrt_r4_17
                0x06021c26                __ashiftrt_r4_30
                0x06021c62                __ashiftrt_r4_5
                0x06021c5c                __ashiftrt_r4_8
                0x06021c20                __ashiftrt_r4_32
                0x06021c30                __ashiftrt_r4_25
                0x06021c68                __ashiftrt_r4_2
                0x06021c32                __ashiftrt_r4_24
                0x06021c4e                __ashiftrt_r4_15
                0x06021c58                __ashiftrt_r4_10
                0x06021c6a                __ashiftrt_r4_1
                0x06021c2a                __ashiftrt_r4_28
                0x06021c40                __ashiftrt_r4_20
                0x06021c5e                __ashiftrt_r4_7
                0x06021c52                __ashiftrt_r4_13
                0x06021c56                __ashiftrt_r4_11
                0x06021c64                __ashiftrt_r4_4
                0x06021c3a                __ashiftrt_r4_23
                0x06021c44                __ashiftrt_r4_18
                0x06021c3e                __ashiftrt_r4_21
                0x06021c66                __ashiftrt_r4_3
 .text          0x06021c80       0xa0 c:/saturn/SH_COFF/sh-coff/bin/../lib/gcc/sh-coff/3.4-GNUSH_v0501\libgcc.a(_sdivsi3.o)
                0x06021c80                __sdivsi3
 .text          0x06021d20       0x90 c:/saturn/SH_COFF/sh-coff/bin/../lib/gcc/sh-coff/3.4-GNUSH_v0501\libgcc.a(_ashiftrt_n.o)
                0x06021d20                __ashrsi3
 .text          0x06021db0       0x90 c:/saturn/SH_COFF/sh-coff/bin/../lib/gcc/sh-coff/3.4-GNUSH_v0501\libgcc.a(_ashiftlt.o)
                0x06021db0                __ashlsi3
 .text          0x06021e40       0xb0 c:/saturn/SH_COFF/sh-coff/bin/../lib/gcc/sh-coff/3.4-GNUSH_v0501\libgcc.a(_movstr.o)
                0x06021e80                __movstrSI16
                0x06021e54                __movstrSI60
                0x06021e60                __movstrSI48
                0x06021e5c                __movstrSI52
                0x06021e50                __movstrSI64
                0x06021e64                __movstrSI44
                0x06021e68                __movstrSI40
                0x06021e6c                __movstrSI36
                0x06021ea0                __movstr
                0x06021e58                __movstrSI56
                0x06021e74                __movstrSI28
                0x06021e70                __movstrSI32
                0x06021e84                __movstrSI12
                0x06021e88                __movstrSI8
                0x06021e90                __movstrSI0
                0x06021e78                __movstrSI24
                0x06021e7c                __movstrSI20
                0x06021e8c                __movstrSI4
 .text          0x06021ef0       0xa0 c:/saturn/SH_COFF/sh-coff/bin/../lib/gcc/sh-coff/3.4-GNUSH_v0501\libgcc.a(__main.o)
                0x06021f64                __main
                0x06021ef0                __do_global_dtors
                0x06021f24                __do_global_ctors
 .text          0x06021f90       0x70 c:/saturn/SH_COFF/sh-coff/bin/../lib/gcc/sh-coff/3.4-GNUSH_v0501\libgcc.a(_udivsi3.o)
                0x06021fb2                __udivsi3
 .text          0x06022000       0xb0 c:/saturn/SH_COFF/sh-coff/bin/../lib/gcc/sh-coff/3.4-GNUSH_v0501\libgcc.a(_si_to_df.o)
                0x06022000                __floatsidf
 .text          0x060220b0      0x2e0 c:/saturn/SH_COFF/sh-coff/bin/../lib/gcc/sh-coff/3.4-GNUSH_v0501\libgcc.a(_mul_df.o)
                0x060220c0                __muldf3
 .text          0x06022390       0x80 c:/saturn/SH_COFF/sh-coff/bin/../lib/gcc/sh-coff/3.4-GNUSH_v0501\libgcc.a(_df_to_si.o)
                0x06022390                __fixdfsi
 .text          0x06022410      0x220 c:/saturn/SH_COFF/sh-coff/bin/../lib/gcc/sh-coff/3.4-GNUSH_v0501\libgcc.a(_pack_df.o)
                0x06022420                __pack_d
 .text          0x06022630      0x120 c:/saturn/SH_COFF/sh-coff/bin/../lib/gcc/sh-coff/3.4-GNUSH_v0501\libgcc.a(_unpack_df.o)
                0x06022640                __unpack_d
 .text          0x06022750       0x20 c:/saturn/SH_COFF/sh-coff/bin/../lib/gcc/sh-coff/3.4-GNUSH_v0501\libgcc.a(_thenan_df.o)
                0x06022750                __thenan_df
 .text          0x06022770       0xd0 c:/saturn/SH_COFF/sh-coff/bin/../lib/gcc/sh-coff/3.4-GNUSH_v0501\libgcc.a(_muldi3.o)
                0x06022770                __muldi3
 .text          0x06022840       0x80 c:/saturn/SH_COFF/sh-coff/bin/../lib/gcc/sh-coff/3.4-GNUSH_v0501\libgcc.a(_lshrdi3.o)
                0x06022840                __lshrdi3
 .text          0x060228c0       0x80 c:/saturn/SH_COFF/sh-coff/bin/../lib/gcc/sh-coff/3.4-GNUSH_v0501\libgcc.a(_ashldi3.o)
                0x060228c0                __ashldi3
 .text          0x06022940       0x30 c:/saturn/SH_COFF/sh-coff/bin/../lib/gcc/sh-coff/3.4-GNUSH_v0501\libgcc.a(_mulsi3.o)
                0x06022940                __mulsi3
 .text          0x06022970       0x90 c:/saturn/SH_COFF/sh-coff/bin/../lib/gcc/sh-coff/3.4-GNUSH_v0501\libgcc.a(_lshiftrt.o)
                0x06022970                __lshrsi3
 .text          0x06022a00       0x40 c:/saturn/SH_COFF/sh-coff/bin/../lib/gcc/sh-coff/3.4-GNUSH_v0501/../../../../sh-coff/lib\libc.a(memset.o)
                0x06022a00                memset
 .text          0x06022a40       0x60 c:/saturn/SH_COFF/sh-coff/bin/../lib/gcc/sh-coff/3.4-GNUSH_v0501/../../../../sh-coff/lib\libc.a(memcmp.o)
                0x06022a40                memcmp
 .text          0x06022aa0       0xa0 c:/saturn/SH_COFF/sh-coff/bin/../lib/gcc/sh-coff/3.4-GNUSH_v0501/../../../../sh-coff/lib\libc.a(memcpy.o)
                0x06022aa0                memcpy
 .text          0x06022b40       0xb0 c:/saturn/SH_COFF/sh-coff/bin/../lib/gcc/sh-coff/3.4-GNUSH_v0501/../../../../sh-coff/lib\libc.a(strncmp.o)
                0x06022b40                strncmp
 .text          0x06022bf0       0xa0 c:/saturn/SH_COFF/sh-coff/bin/../lib/gcc/sh-coff/3.4-GNUSH_v0501/../../../../sh-coff/lib\libc.a(strncpy.o)
                0x06022bf0                strncpy
 .text          0x06022c90       0x90 c:/saturn/SH_COFF/sh-coff/bin/../lib/gcc/sh-coff/3.4-GNUSH_v0501/../../../../sh-coff/lib\libc.a(atexit.o)
                0x06022c90                atexit
 .text          0x06022d20       0x10 c:/saturn/SH_COFF/sh-coff/bin/../lib/gcc/sh-coff/3.4-GNUSH_v0501/../../../../sh-coff/lib\libc.a(impure.o)
                0x06022d20                _global_impure_ptr
 .text          0x06022d30       0x40 c:/saturn/SH_COFF/sh-coff/bin/../lib/gcc/sh-coff/3.4-GNUSH_v0501/../../../../sh-coff/lib\libc.a(malloc.o)
                0x06022d4c                free
                0x06022d30                malloc
 .text          0x06022d70      0x5b0 c:/saturn/SH_COFF/sh-coff/bin/../lib/gcc/sh-coff/3.4-GNUSH_v0501/../../../../sh-coff/lib\libc.a(mallocr.o)
                0x06022d70                _malloc_r
 .text          0x06023320      0x340 c:/saturn/SH_COFF/sh-coff/bin/../lib/gcc/sh-coff/3.4-GNUSH_v0501/../../../../sh-coff/lib\libc.a(freer.o)
                0x06023320                _malloc_trim_r
                0x06023414                _free_r
 .text          0x06023660       0x20 c:/saturn/SH_COFF/sh-coff/bin/../lib/gcc/sh-coff/3.4-GNUSH_v0501/../../../../sh-coff/lib\libc.a(mlock.o)
                0x06023660                __malloc_lock
                0x0602366c                __malloc_unlock
 .text          0x06023680       0x50 c:/saturn/SH_COFF/sh-coff/bin/../lib/gcc/sh-coff/3.4-GNUSH_v0501/../../../../sh-coff/lib\libc.a(sbrkr.o)
                0x06023680                _sbrk_r
 .text          0x060236d0      0x380 c:/saturn/SH_COFF/sh-coff/bin/../lib/gcc/sh-coff/3.4-GNUSH_v0501/../../../../sh-coff/lib\libc.a(syscalls.o)
                0x0602383c                _exit
                0x06023870                _getpid
                0x060238d8                _utime
                0x06023708                _write
                0x060236d0                _read
                0x06023824                _unlink
                0x060237ec                _open
                0x06023888                _stat
                0x06023830                isatty
                0x06023908                _wait
                0x06023854                _kill
                0x060238a4                _chmod
                0x06023938                _execv
                0x0602391c                _execve
                0x06023a14                __setup_argv_and_call_main
                0x06023970                _gettimeofday
                0x0602373c                _link
                0x0602387c                _raise
                0x06023808                _creat
                0x06023950                _pipe
                0x060238bc                _chown
                0x060236ec                _lseek
                0x06023724                _close
                0x06023964                _times
                0x060237d8                _fstat
                0x060238f4                _fork
                0x06023764                _sbrk
 .text          0x06023a50       0x20 c:/saturn/SH_COFF/sh-coff/bin/../lib/gcc/sh-coff/3.4-GNUSH_v0501/../../../../sh-coff/lib\libc.a(trap.o)
                0x06023a50                __trap34
 .text          0x06023a70       0x20 c:/saturn/SH_COFF/sh-coff/bin/../lib/gcc/sh-coff/3.4-GNUSH_v0501/../../../../sh-coff/lib\libc.a(abort.o)
                0x06023a70                abort
 .text          0x06023a90      0x270 c:/saturn/SH_COFF/sh-coff/bin/../lib/gcc/sh-coff/3.4-GNUSH_v0501/../../../../sh-coff/lib\libc.a(signal.o)
                0x06023b50                _raise_r
                0x06023cd8                __sigtramp
                0x06023c84                raise
                0x06023cc0                _init_signal
                0x06023c10                __sigtramp_r
                0x06023ca0                signal
                0x06023adc                _signal_r
                0x06023a90                _init_signal_r
 .text          0x06023d00       0x60 c:/saturn/SH_COFF/sh-coff/bin/../lib/gcc/sh-coff/3.4-GNUSH_v0501/../../../../sh-coff/lib\libc.a(signalr.o)
                0x06023d48                _getpid_r
                0x06023d00                _kill_r
 *(.strings)

.tors           0x06023d60        0x0
                0x06023d60                ___ctors = .
 *(.ctors)
                0x06023d60                ___ctors_end = .
                0x06023d60                ___dtors = .
 *(.dtors)
                0x06023d60                ___dtors_end = .

.data           0x06023d60     0x19a0
                0x06023d60                STARTOF_R = .
 *(.data)
 .data          0x06023d60      0x400 ../sbl6/segasmp/per/smpclib/per_x1.o
 .data          0x06024160      0x880 graphics.o
                0x060241b4                roarframes_pal
                0x060245c4                roarbg_pal
                0x060249c4                roarbg_name
                0x060241aa                font_height
                0x060245b4                roarframes_name
                0x060241a0                font_name
                0x060249d0                roarbg_num
                0x060241ac                font_width
                0x060241b0                font_num
                0x06024160                font_pal
                0x060241ae                font_size
                0x060245c2                roarframes_num
 .data          0x060249e0       0x10 pcmsys.o
                0x060249e4                scsp_load
                0x060249e8                m68k_com
                0x060249e0                master_volume
 .data          0x060249f0       0x30 scroll.o
                0x06024a00                CycleTbLoRes
                0x06024a10                vram
                0x060249f0                CycleTbHiRes
 .data          0x06024a20       0x30 sprite.o
 .data          0x06024a50       0x40 title.o
 .data          0x06024a90      0x400 ../sbl6/segalib/lib/sega_int.a(int.o)
 .data          0x06024e90       0x1c ../sbl6/segalib/lib/sega_spr.a(spr_slv.o)
                0x06024e98                SPR_SlaveParam
                0x06024ea8                SPR_SMPC_SF
                0x06024ea0                SPR_SMPC_COM
                0x06024e9c                SPR_SlaveSHEntry
                0x06024e94                SPR_SlaveState
                0x06024e90                SPR_SlaveCommand
                0x06024ea4                SPR_SMPC_RET
 *fill*         0x06024eac        0x4 00
 .data          0x06024eb0       0x34 ../sbl6/segalib/lib/sega_spr.a(spr_1c.o)
                0x06024eb0                SpInitialFlag
 *fill*         0x06024ee4        0xc 00
 .data          0x06024ef0       0x1c ../sbl6/segalib/lib/sega_scl.a(scl_vblv.o)
                0x06024ef8                VBInterval
                0x06024f00                ReqDisplayFlag
                0x06024ef0                SpFrameChgMode
                0x06024efc                VBIntervalCounter
                0x06024ef4                SpFrameEraseMode
 *fill*         0x06024f0c        0x4 00
 .data          0x06024f10       0x36 ../sbl6/segalib/lib/sega_scl.a(scl_func.o)
                0x06024f20                SclRotregBuff
                0x06024f1c                SclDisplayY
                0x06024f24                SclRotateTableMode
                0x06024f18                SclProcess
                0x06024f14                SclCurSclNum
                0x06024f10                SclLengthLsTbl
                0x06024f1a                SclDisplayX
                0x06024f12                SclLengthCsTbl
 *fill*         0x06024f46        0xa 00
 .data          0x06024f50       0x18 ../sbl6/segalib/lib/sega_scl.a(scl_pri.o)
                0x06024f54                SclRealSpPriNum
                0x06024f64                SclRealColOffset
                0x06024f60                SclRealBgColMix
                0x06024f5c                SclRealSpColMix
                0x06024f58                SclRealBgPriNum
                0x06024f50                SclRealOtherPri
 *fill*         0x06024f68        0x8 00
 .data          0x06024f70      0x380 c:/saturn/SH_COFF/sh-coff/bin/../lib/gcc/sh-coff/3.4-GNUSH_v0501/../../../../sh-coff/lib\libc.a(impure.o)
                0x060252ec                _impure_ptr
 .data          0x060252f0      0x410 c:/saturn/SH_COFF/sh-coff/bin/../lib/gcc/sh-coff/3.4-GNUSH_v0501/../../../../sh-coff/lib\libc.a(mallocr.o)
                0x060252f8                __malloc_av_
                0x060252f4                __malloc_trim_threshold
                0x060252f0                __malloc_sbrk_base
                0x06025700                SIZEOF_R = (. - STARTOF_R)
                0x06025700                ENDOF_R = .

.bss            0x06025700     0x8804
                0x06025700                STARTOF_B = .
 *(.bss)
 .bss           0x06025700       0x10 vblank.o
                0x06025704                PadData2E
                0x0602570a                PadData1
                0x06025706                PadData2
                0x06025708                PadData1E
                0x06025700                __port
 .bss           0x06025710       0xd0 ../sbl6/segasmp/per/smpclib/per_x2.o
 .bss           0x060257e0       0x10 pcmsys.o
                0x060257e0                numberPCMs
 .bss           0x060257f0       0x10 scroll.o
                0x060257f0                scroll_res
 .bss           0x06025800     0x3800 sprite.o
                0x06025800                num_sprites
 .bss           0x06029000       0x10 title.o
 .bss           0x06029010       0x10 main.o
                0x06029010                frame
 .bss           0x06029020       0x6e ../sbl6/segalib/lib/sega_spr.a(spr_2c.o)
 *fill*         0x0602908e        0x2 00
 .bss           0x06029090        0x4 ../sbl6/segalib/lib/sega_scl.a(scl_vblv.o)
 *fill*         0x06029094        0xc 00
 .bss           0x060290a0        0x4 ../sbl6/segalib/lib/sega_scl.a(scl_func.o)
 *fill*         0x060290a4        0xc 00
 .bss           0x060290b0       0x48 ../sbl6/segalib/lib/sega_scl.a(scl_ro00.o)
 *fill*         0x060290f8        0x8 00
 .bss           0x06029100        0xc ../sbl6/segalib/lib/sega_cdc.a(cdc_sub.o)
 *fill*         0x0602910c        0x4 00
 .bss           0x06029110        0x2 ../sbl6/segalib/lib/sega_cdc.a(cdc_reg.o)
 *fill*         0x06029112        0xe 00
 .bss           0x06029120       0x9c ../sbl6/segalib/lib/sega_per.a(per_prt.o)
 *fill*         0x060291bc        0x4 00
 .bss           0x060291c0        0xc ../sbl6/segalib/lib/sega_sat.a(DMA_SCU1.o)
 *fill*         0x060291cc        0x4 00
 .bss           0x060291d0        0xc ../sbl6/segalib/lib/sega_sat.a(gfs_trn.o)
 *fill*         0x060291dc        0x4 00
 .bss           0x060291e0       0x20 ../sbl6/segalib/lib/sega_sat.a(DMA_SCU0.o)
 .bss           0x06029200       0x10 c:/saturn/SH_COFF/sh-coff/bin/../lib/gcc/sh-coff/3.4-GNUSH_v0501\libgcc.a(__main.o)
 .bss           0x06029210       0x10 c:/saturn/SH_COFF/sh-coff/bin/../lib/gcc/sh-coff/3.4-GNUSH_v0501/../../../../sh-coff/lib\libc.a(atexit.o)
 .bss           0x06029220       0x40 c:/saturn/SH_COFF/sh-coff/bin/../lib/gcc/sh-coff/3.4-GNUSH_v0501/../../../../sh-coff/lib\libc.a(mallocr.o)
                0x06029250                __malloc_top_pad
                0x06029220                __malloc_current_mallinfo
                0x0602924c                __malloc_max_sbrked_mem
                0x06029248                __malloc_max_total_mem
 .bss           0x06029260       0x10 c:/saturn/SH_COFF/sh-coff/bin/../lib/gcc/sh-coff/3.4-GNUSH_v0501/../../../../sh-coff/lib\libc.a(syscalls.o)
 *(COMMON)
 COMMON         0x06029270     0x1674 cd.o
                                  0x0 (size before relaxing)
                0x06029270                dirname
                0x06029bd0                lib_work
                0x0602a8d8                directory_table
 *fill*         0x0602a8e4        0xc 00
 COMMON         0x0602a8f0      0x460 print.o
                                  0x0 (size before relaxing)
                0x0602a8f0                text
 COMMON         0x0602ad50      0x23c scroll.o
                                  0x0 (size before relaxing)
                0x0602ad50                scfg3
                0x0602ade0                scfg0
                0x0602ae70                scfg2
                0x0602af00                scfg1
 *fill*         0x0602af8c        0x4 00
 COMMON         0x0602af90     0x1460 sprite.o
                                  0x0 (size before relaxing)
                0x0602af90                sprites
                0x0602b3f0                image_buf
 COMMON         0x0602c3f0       0x8c main.o
                                  0x0 (size before relaxing)
                0x0602c3f0                off_config
 *fill*         0x0602c47c        0x4 00
 COMMON         0x0602c480      0x400 ../sbl6/segalib/lib/sega_int.a(int.o)
                                  0x0 (size before relaxing)
                0x0602c480                __interrupt_vector
 COMMON         0x0602c880       0x50 ../sbl6/segalib/lib/sega_spr.a(spr_2c.o)
                                  0x0 (size before relaxing)
                0x0602c880                SpMstCmd
                0x0602c884                Sp2OpenFlag
                0x0602c888                SpGourTblMax
                0x0602c88c                SpDrawPrtyBlk
                0x0602c890                SpLCoordX
                0x0602c894                SpMstDrawPrtyBlk
                0x0602c898                SpGourTbl
                0x0602c89c                SpLookupTblR
                0x0602c8a0                SpCmdTbl
                0x0602c8a4                SpCharMax
                0x0602c8a8                SpDrawPrtyProcFlag
                0x0602c8ac                SpCmdNo
                0x0602c8b0                SpDrawPrtyBlkMax
                0x0602c8b4                SpSlvCmdPos
                0x0602c8b8                SpSlvDrawPrtyBlk
                0x0602c8bc                SpCharTbl
                0x0602c8c0                SpCmdTblR
                0x0602c8c4                SpMstCmdPos
                0x0602c8c8                SpSlvCmd
                0x0602c8cc                SpLCoordY
 COMMON         0x0602c8d0       0x10 ../sbl6/segalib/lib/sega_spr.a(spr_1c.o)
                                  0x0 (size before relaxing)
                0x0602c8d0                SpScreenY
                0x0602c8d4                SpFbcrMode
                0x0602c8d6                SpDil
                0x0602c8d8                SpDie
                0x0602c8da                SpTvMode
                0x0602c8dc                SpScreenX
 COMMON         0x0602c8e0      0xf00 ../sbl6/segalib/lib/sega_scl.a(scl_func.o)
                                  0x0 (size before relaxing)
                0x0602c8e0                SclRbgKtbAddr
                0x0602c8e8                SclRb
                0x0602c8ea                Scl_flag
                0x0602c8f0                SclK_TableBuff
                0x0602d5c0                SclAddrCsTbl
                0x0602d5d0                Scl_s_reg
                0x0602d5f8                SclRotateXy
                0x0602d600                Scl_d_reg
                0x0602d648                SclRotateDisp
                0x0602d650                SclRotateMoveZ
                0x0602d658                SclRotXySw
                0x0602d660                Scl_r_reg
                0x0602d670                SclRPMD
                0x0602d678                SclRbgKtbOffset
                0x0602d680                _SclRotregBuff
                0x0602d750                SclRa
                0x0602d758                SclRotateZ
                0x0602d760                SclAddrLsTbl
                0x0602d768                SclK_TableNum
                0x0602d770                SclRotateTableAddress
                0x0602d774                SclK_TableFlag
                0x0602d780                Scl_w_reg
                0x0602d7a0                Scl_n_reg
 COMMON         0x0602d7e0      0x6b0 ../sbl6/segalib/lib/sega_scl.a(scl_pri.o)
                                  0x0 (size before relaxing)
                0x0602d7e0                SclAutoEndBlue2
                0x0602d7f0                SclColOffset
                0x0602d800                SclPriBuffDirty
                0x0602d802                SclAutoEndRed
                0x0602d804                SclAutoSurface
                0x0602d808                SclAutoGreen
                0x0602d80a                SclAutoEndGreen
                0x0602d80c                SclAutoCount
                0x0602d810                SclColRamAlloc256
                0x0602d830                SclAutoCurRate
                0x0602d831                SclAutoPlusFlag
                0x0602d838                SclSpColMix
                0x0602d840                SclAutoMax
                0x0602d844                SclLineColRamOffset
                0x0602d848                SclColRamAlloc2048
                0x0602d84c                SclBgPriNum
                0x0602d852                SclAutoEndBlue
                0x0602d854                SclAutoEndGreen2
                0x0602d856                SclAutoVeFlag
                0x0602d858                SclBgColMix
                0x0602d860                SclAutoIndex
                0x0602d864                SclAutoEndRate
                0x0602d866                SclAutoBlue
                0x0602d868                SclAutoRed
                0x0602d86c                SclAutoInterval
                0x0602d870                SclOtherPri
                0x0602d880                SclAutoRGB
                0x0602de80                SclAutoEndRed2
                0x0602de88                SclSpPriNum
 COMMON         0x0602de90       0x10 ../sbl6/segalib/lib/sega_scl.a(scl_ro00.o)
                                  0x0 (size before relaxing)
                0x0602de90                SclCsx
                0x0602de98                SclCsy
 COMMON         0x0602dea0       0x15 ../sbl6/segalib/lib/sega_per.a(per_prt.o)
                                  0x0 (size before relaxing)
                0x0602dea0                per_get_time_flg
                0x0602dea1                per_hot_res
                0x0602dea2                per_set_sys_flg
                0x0602dea4                per_get_time_adr
                0x0602dea8                per_get_sys_data
                0x0602deb4                per_time_out_flg
 *fill*         0x0602deb5        0xb 00
 COMMON         0x0602dec0        0xc ../sbl6/segalib/lib/sega_sat.a(gfs.o)
                                  0x0 (size before relaxing)
                0x0602dec0                GFMC_base
                0x0602dec4                gfs_mng_ptr
                0x0602dec8                gfs_use_scudma
 *fill*         0x0602decc        0x4 00
 COMMON         0x0602ded0        0x8 ../sbl6/segalib/lib/sega_sat.a(DMA_CPU5.o)
                                  0x0 (size before relaxing)
                0x0602ded0                dma_cpu_cnt
                0x0602ded4                dma_cpu_dis_adr
 *fill*         0x0602ded8        0x8 00
 COMMON         0x0602dee0        0x8 ../sbl6/segalib/lib/sega_sat.a(gfs_cdf.o)
                                  0x0 (size before relaxing)
                0x0602dee0                gfcf_fad
                0x0602dee4                gfcf_stat
 *fill*         0x0602dee8        0x8 00
 COMMON         0x0602def0        0xc ../sbl6/segalib/lib/sega_sat.a(gfs_cdc.o)
                                  0x0 (size before relaxing)
                0x0602def0                gfcd_fatal_err
                0x0602def4                gfcd_work
                0x0602def8                gfcd_playflag
 *fill*         0x0602defc        0x4 00
 COMMON         0x0602df00        0x4 c:/saturn/SH_COFF/sh-coff/bin/../lib/gcc/sh-coff/3.4-GNUSH_v0501/../../../../sh-coff/lib\libc.a(syscalls.o)
                                  0x0 (size before relaxing)
                0x0602df00                errno
                0x0602df04                SIZEOF_B = (. - STARTOF_B)
                0x0602df04                ENDOF_B = .
                0x0602df04                _end = .
OUTPUT(main.cof coff-sh)

.comment        0x0602df10      0x4a0
 .comment       0x0602df10       0x20 ../sbl6/segasmp/lib/strt2_g.o
 .comment       0x0602df30       0x20 vblank.o
 .comment       0x0602df50       0x20 ../sbl6/segasmp/per/smpclib/per_x1.o
 .comment       0x0602df70       0x20 ../sbl6/segasmp/per/smpclib/per_x2.o
 .comment       0x0602df90       0x20 cd.o
 .comment       0x0602dfb0       0x20 graphics.o
 .comment       0x0602dfd0       0x20 pcmsys.o
 .comment       0x0602dff0       0x20 print.o
 .comment       0x0602e010       0x20 scroll.o
 .comment       0x0602e030       0x20 sound.o
 .comment       0x0602e050       0x20 sprite.o
 .comment       0x0602e070       0x20 title.o
 .comment       0x0602e090       0x20 main.o
 .comment       0x0602e0b0       0x20 c:/saturn/SH_COFF/sh-coff/bin/../lib/gcc/sh-coff/3.4-GNUSH_v0501\libgcc.a(__main.o)
 .comment       0x0602e0d0       0x20 c:/saturn/SH_COFF/sh-coff/bin/../lib/gcc/sh-coff/3.4-GNUSH_v0501\libgcc.a(_si_to_df.o)
 .comment       0x0602e0f0       0x20 c:/saturn/SH_COFF/sh-coff/bin/../lib/gcc/sh-coff/3.4-GNUSH_v0501\libgcc.a(_mul_df.o)
 .comment       0x0602e110       0x20 c:/saturn/SH_COFF/sh-coff/bin/../lib/gcc/sh-coff/3.4-GNUSH_v0501\libgcc.a(_df_to_si.o)
 .comment       0x0602e130       0x20 c:/saturn/SH_COFF/sh-coff/bin/../lib/gcc/sh-coff/3.4-GNUSH_v0501\libgcc.a(_pack_df.o)
 .comment       0x0602e150       0x20 c:/saturn/SH_COFF/sh-coff/bin/../lib/gcc/sh-coff/3.4-GNUSH_v0501\libgcc.a(_unpack_df.o)
 .comment       0x0602e170       0x20 c:/saturn/SH_COFF/sh-coff/bin/../lib/gcc/sh-coff/3.4-GNUSH_v0501\libgcc.a(_thenan_df.o)
 .comment       0x0602e190       0x20 c:/saturn/SH_COFF/sh-coff/bin/../lib/gcc/sh-coff/3.4-GNUSH_v0501\libgcc.a(_muldi3.o)
 .comment       0x0602e1b0       0x20 c:/saturn/SH_COFF/sh-coff/bin/../lib/gcc/sh-coff/3.4-GNUSH_v0501\libgcc.a(_lshrdi3.o)
 .comment       0x0602e1d0       0x20 c:/saturn/SH_COFF/sh-coff/bin/../lib/gcc/sh-coff/3.4-GNUSH_v0501\libgcc.a(_ashldi3.o)
 .comment       0x0602e1f0       0x20 c:/saturn/SH_COFF/sh-coff/bin/../lib/gcc/sh-coff/3.4-GNUSH_v0501/../../../../sh-coff/lib\libc.a(memcmp.o)
 .comment       0x0602e210       0x20 c:/saturn/SH_COFF/sh-coff/bin/../lib/gcc/sh-coff/3.4-GNUSH_v0501/../../../../sh-coff/lib\libc.a(strncmp.o)
 .comment       0x0602e230       0x20 c:/saturn/SH_COFF/sh-coff/bin/../lib/gcc/sh-coff/3.4-GNUSH_v0501/../../../../sh-coff/lib\libc.a(strncpy.o)
 .comment       0x0602e250       0x20 c:/saturn/SH_COFF/sh-coff/bin/../lib/gcc/sh-coff/3.4-GNUSH_v0501/../../../../sh-coff/lib\libc.a(atexit.o)
 .comment       0x0602e270       0x20 c:/saturn/SH_COFF/sh-coff/bin/../lib/gcc/sh-coff/3.4-GNUSH_v0501/../../../../sh-coff/lib\libc.a(impure.o)
 .comment       0x0602e290       0x20 c:/saturn/SH_COFF/sh-coff/bin/../lib/gcc/sh-coff/3.4-GNUSH_v0501/../../../../sh-coff/lib\libc.a(malloc.o)
 .comment       0x0602e2b0       0x20 c:/saturn/SH_COFF/sh-coff/bin/../lib/gcc/sh-coff/3.4-GNUSH_v0501/../../../../sh-coff/lib\libc.a(mallocr.o)
 .comment       0x0602e2d0       0x20 c:/saturn/SH_COFF/sh-coff/bin/../lib/gcc/sh-coff/3.4-GNUSH_v0501/../../../../sh-coff/lib\libc.a(freer.o)
 .comment       0x0602e2f0       0x20 c:/saturn/SH_COFF/sh-coff/bin/../lib/gcc/sh-coff/3.4-GNUSH_v0501/../../../../sh-coff/lib\libc.a(mlock.o)
 .comment       0x0602e310       0x20 c:/saturn/SH_COFF/sh-coff/bin/../lib/gcc/sh-coff/3.4-GNUSH_v0501/../../../../sh-coff/lib\libc.a(sbrkr.o)
 .comment       0x0602e330       0x20 c:/saturn/SH_COFF/sh-coff/bin/../lib/gcc/sh-coff/3.4-GNUSH_v0501/../../../../sh-coff/lib\libc.a(syscalls.o)
 .comment       0x0602e350       0x20 c:/saturn/SH_COFF/sh-coff/bin/../lib/gcc/sh-coff/3.4-GNUSH_v0501/../../../../sh-coff/lib\libc.a(abort.o)
 .comment       0x0602e370       0x20 c:/saturn/SH_COFF/sh-coff/bin/../lib/gcc/sh-coff/3.4-GNUSH_v0501/../../../../sh-coff/lib\libc.a(signal.o)
 .comment       0x0602e390       0x20 c:/saturn/SH_COFF/sh-coff/bin/../lib/gcc/sh-coff/3.4-GNUSH_v0501/../../../../sh-coff/lib\libc.a(signalr.o)
