Archive member included because of file (symbol)

c:/saturn/sbl6/segalib/lib/sega_int.a(int.o)
                              vblank.o (INT_SetScuFunc)
c:/saturn/sbl6/segalib/lib/sega_int.a(int_trmp.o)
                              c:/saturn/sbl6/segalib/lib/sega_int.a(int.o) (__interrupt_handler0)
c:/saturn/sbl6/segalib/lib/sega_spr.a(spr_2c.o)
                              sprite.o (SPR_2Initial)
c:/saturn/sbl6/segalib/lib/sega_spr.a(spr_slv.o)
                              c:/saturn/sbl6/segalib/lib/sega_spr.a(spr_2c.o) (SPR_InitSlaveSH)
c:/saturn/sbl6/segalib/lib/sega_spr.a(spr_1c.o)
                              c:/saturn/sbl6/segalib/lib/sega_spr.a(spr_2c.o) (SPR_Initial)
c:/saturn/sbl6/segalib/lib/sega_spr.a(spr_2a.o)
                              c:/saturn/sbl6/segalib/lib/sega_spr.a(spr_2c.o) (SPR_2SetDrawPrty)
c:/saturn/sbl6/segalib/lib/sega_scl.a(scl_vblv.o)
                              c:/saturn/sbl6/segalib/lib/sega_spr.a(spr_1c.o) (SpFrameChgMode)
c:/saturn/sbl6/segalib/lib/sega_scl.a(scl_pr12.o)
                              game.o (SCL_SetColOffset)
c:/saturn/sbl6/segalib/lib/sega_scl.a(scl_pr07.o)
                              game.o (SCL_SetPriority)
c:/saturn/sbl6/segalib/lib/sega_scl.a(scl_pr02.o)
                              game.o (SCL_SetColRam)
c:/saturn/sbl6/segalib/lib/sega_scl.a(scl_pr11.o)
                              game.o (SCL_SetAutoColOffset)
c:/saturn/sbl6/segalib/lib/sega_scl.a(scl_pri.o)
                              c:/saturn/sbl6/segalib/lib/sega_scl.a(scl_pr11.o) (SclAutoVeFlag)
c:/saturn/sbl6/segalib/lib/sega_scl.a(scl_pr10.o)
                              intro.o (SCL_SetAutoColMix)
c:/saturn/sbl6/segalib/lib/sega_scl.a(scl_fu05.o)
                              intro.o (SCL_InitLineParamTb)
c:/saturn/sbl6/segalib/lib/sega_scl.a(scl_func.o)
                              c:/saturn/sbl6/segalib/lib/sega_scl.a(scl_fu05.o) (SclLengthLsTbl)
c:/saturn/sbl6/segalib/lib/sega_scl.a(scl_pr01.o)
                              scroll.o (SCL_SetSpriteMode)
c:/saturn/sbl6/segalib/lib/sega_scl.a(scl_fu01.o)
                              scroll.o (SCL_SetDisplayMode)
c:/saturn/sbl6/segalib/lib/sega_scl.a(scl_fu04.o)
                              scroll.o (SCL_SetCycleTable)
c:/saturn/sbl6/segalib/lib/sega_scl.a(scl_pr03.o)
                              scroll.o (SCL_AllocColRam)
c:/saturn/sbl6/segalib/lib/sega_scl.a(scl_back.o)
                              scroll.o (SCL_SetBack)
c:/saturn/sbl6/segalib/lib/sega_scl.a(scl_fu03.o)
                              scroll.o (SCL_InitConfigTb)
c:/saturn/sbl6/segalib/lib/sega_scl.a(scl_fu02.o)
                              scroll.o (SCL_InitVramConfigTb)
c:/saturn/sbl6/segalib/lib/sega_scl.a(scl_pr05.o)
                              c:/saturn/sbl6/segalib/lib/sega_scl.a(scl_pr02.o) (SCL_GetColRamOffset)
c:/saturn/sbl6/segalib/lib/sega_scl.a(scl_ro00.o)
                              c:/saturn/sbl6/segalib/lib/sega_scl.a(scl_func.o) (SCL_Rotate)
c:/saturn/sbl6/segalib/lib/sega_scl.a(scl_pr06.o)
                              c:/saturn/sbl6/segalib/lib/sega_scl.a(scl_pr03.o) (SCL_SetColRamOffset)
c:/saturn/sbl6/segalib/lib/sega_mth.a(mth_tri.o)
                              ball.o (MTH_Sin)
c:/saturn/sbl6/segalib/lib/sega_mth.a(mth_fixd.o)
                              ball.o (MTH_Mul)
c:/saturn/sbl6/segalib/lib/sega_mth.a(mth_rand.o)
                              main.o (MTH_InitialRand)
c:/saturn/sbl6/segalib/lib/sega_cdc.a(cdc_drv.o)
                              sound.o (CDC_CdPlay)
c:/saturn/sbl6/segalib/lib/sega_cdc.a(cdc_cmn.o)
                              main.o (CDC_GetPeriStat)
c:/saturn/sbl6/segalib/lib/sega_cdc.a(cdc_sub.o)
                              c:/saturn/sbl6/segalib/lib/sega_cdc.a(cdc_cmn.o) (CDSUB_UpdStatus)
c:/saturn/sbl6/segalib/lib/sega_cdc.a(cdc_reg.o)
                              c:/saturn/sbl6/segalib/lib/sega_cdc.a(cdc_cmn.o) (CDREG_ClrHirqReq)
c:/saturn/sbl6/segalib/lib/sega_per.a(per_prt.o)
                              smpclib/per_x2.o (PER_LInit)
c:/saturn/sbl6/segalib/lib/sega_sat.a(gfs.o)
                              cd.o (GFS_Init)
c:/saturn/sbl6/segalib/lib/sega_sat.a(DMA_CPU1.o)
                              game.o (DMA_CpuMemCopy1)
c:/saturn/sbl6/segalib/lib/sega_sat.a(DMA_CPU2.o)
                              intro.o (DMA_CpuMemCopy2)
c:/saturn/sbl6/segalib/lib/sega_sat.a(DMA_SCU1.o)
                              c:/saturn/sbl6/segalib/lib/sega_spr.a(spr_2c.o) (DMA_ScuMemCopy)
c:/saturn/sbl6/segalib/lib/sega_sat.a(gfs_cdf.o)
                              c:/saturn/sbl6/segalib/lib/sega_sat.a(gfs.o) (GFCF_Init)
c:/saturn/sbl6/segalib/lib/sega_sat.a(gfs_dir.o)
                              c:/saturn/sbl6/segalib/lib/sega_sat.a(gfs.o) (GFDR_SetupDirTbl)
c:/saturn/sbl6/segalib/lib/sega_sat.a(gfs_trn.o)
                              c:/saturn/sbl6/segalib/lib/sega_sat.a(gfs.o) (GFTR_Setup)
c:/saturn/sbl6/segalib/lib/sega_sat.a(gfs_buf.o)
[...]
Memory Configuration

Name             Origin             Length             Attributes
*default*        0x00000000         0xffffffff

Linker script and memory map

LOAD c:/saturn/sbl6/segasmp/lib/strt1_g.o
LOAD c:/saturn/sbl6/segasmp/lib/strt2_g.o
LOAD vblank.o
LOAD smpclib/per_x1.o
LOAD smpclib/per_x2.o
LOAD smpclib/per_x3.o
LOAD spritecode/explosion.o
LOAD ball.o
LOAD capsule.o
LOAD cd.o
LOAD crc.o
LOAD devcart.o
LOAD game.o
LOAD graphics.o
LOAD intro.o
LOAD level.o
LOAD logo.o
LOAD menu.o
LOAD pcmsys.o
LOAD print.o
LOAD scroll.o
LOAD sound.o
LOAD sprite.o
LOAD main.o
LOAD c:/saturn/sbl6/segalib/lib/sega_int.a
LOAD c:/saturn/sbl6/segalib/lib/sega_spr.a
LOAD c:/saturn/sbl6/segalib/lib/sega_scl.a
LOAD c:/saturn/sbl6/segalib/lib/sega_mth.a
LOAD c:/saturn/sbl6/segalib/lib/sega_cdc.a
LOAD c:/saturn/sbl6/segalib/lib/sega_adp.a
LOAD c:/saturn/sbl6/segalib/lib/sega_per.a
LOAD c:/saturn/sbl6/segalib/lib/sega_sat.a
LOAD c:/saturn/SH_COFF/sh-coff/bin/../lib/gcc/sh-coff/3.4-GNUSH_v0501\libgcc.a
LOAD c:/saturn/SH_COFF/sh-coff/bin/../lib/gcc/sh-coff/3.4-GNUSH_v0501/../../../../sh-coff/lib\libc.a
LOAD c:/saturn/SH_COFF/sh-coff/bin/../lib/gcc/sh-coff/3.4-GNUSH_v0501\libgcc.a

.text           0x06010000    0x17ea0
 *(.text)
 .text          0x06010000       0x30 c:/saturn/sbl6/segasmp/lib/strt1_g.o
                0x06010024                _D_END
                0x06010020                _D_BGN
                0x0601002c                _B_END
                0x06010028                _B_BGN
                0x06010000                START
 .text          0x06010030       0x60 c:/saturn/sbl6/segasmp/lib/strt2_g.o
                0x06010050                _INITSCT
                0x06010030                _INIT
 .text          0x06010090      0x1d0 vblank.o
                0x06010090                SetVblank
                0x06010110                UsrVblankOut
                0x060100f0                UsrVblankIn
 .text          0x06010260      0x240 smpclib/per_x1.o
                0x06010440                PER_GetAnalogXYZ
                0x06010280                PER_GetTriggerHandler
                0x060103d0                PER_GetEdge
                0x06010390                PER_GetTrigger
                0x060103e0                PER_GetPressEdge
                0x06010410                PER_GetReleaseEdge
                0x06010260                PER_SetTriggerHandler
 .text          0x060104a0      0x180 smpclib/per_x2.o
                0x06010580                PER_GetDeviceA
                0x060104a0                PER_OpenPort
                0x060104d0                PER_GetPort
                0x060105c0                PER_GetDeviceR
 .text          0x06010620       0x20 smpclib/per_x3.o
                0x06010620                PER_DisguiseTrigger
 .text          0x06010640       0xb0 spritecode/explosion.o
                0x060106a0                explosion_move
                0x06010640                explosion_make
 .text          0x060106f0      0x430 ball.o
                0x060108b0                ball_move
                0x06010820                ball_remove
                0x06010710                ball_add
                0x06010870                ball_bounce
                0x060106f0                ball_init
 .text          0x06010b20      0x200 capsule.o
                0x06010bd0                capsule_run
                0x06010b40                capsule_add
                0x06010b80                capsule_remove
                0x06010b20                capsule_init
 .text          0x06010d20      0x120 cd.o
                0x06010dc0                cd_load_nosize
                0x06010d20                cd_init
                0x06010d50                cd_load
 .text          0x06010e40      0x140 crc.o
                0x06010f40                crc_update
 .text          0x06010f80      0x1c0 devcart.o
                0x06011100                devcart_reset
                0x06010ff0                devcart_loadfile
                0x060110f0                devcart_printstr
 .text          0x06011140     0x1230 game.o
                0x06011240                game_incpowerup
                0x06011370                game_run
                0x06011300                game_loss
                0x06011270                game_powerupreset
 .text          0x06012370      0xe10 intro.o
                0x06012370                intro_run
 .text          0x06013180      0x610 level.o
                0x06013380                level_disp
                0x06013180                level_load
 .text          0x06013790      0x370 logo.o
                0x060137f0                logo_run
                0x06013790                logo_loadframe
 .text          0x06013b00      0xbd0 menu.o
                0x06013e30                menu_run
                0x06013ce0                sqrt32
 .text          0x060146d0      0x8c0 pcmsys.o
                0x06014d90                load_8bit_pcm
                0x06014af0                smpc_issue_command
                0x06014b90                load_drv
                0x06014f20                pcm_parameter_change
                0x06014ad0                smpc_wait_till_ready
                0x06014b10                load_driver_binary
                0x06014ee0                pcm_play
                0x06014f50                pcm_cease
                0x06014be0                calculate_bytes_per_blank
                0x06014c30                load_16bit_pcm
 .text          0x06014f90      0x230 print.o
                0x06015120                print_display
                0x06015070                print_num
                0x06014f90                print_load
                0x06015040                print_init
                0x060150c0                print_string
 .text          0x060151c0      0x560 scroll.o
                0x060151c0                scroll_lores
                0x060155e0                scroll_move
                0x06015630                scroll_clearmaps
                0x06015590                scroll_set
                0x06015680                scroll_charsize
                0x060156d0                scroll_mapsize
                0x06015230                scroll_hires
                0x06015380                scroll_init
                0x060152a0                scroll_scale
 .text          0x06015720      0x1a0 sound.o
                0x060158a0                sound_play
                0x06015750                sound_init
                0x06015840                sound_cdda
 .text          0x060158c0      0x5f0 sprite.o
                0x060158f0                sprite_init
                0x06015ce0                sprite_make
                0x06015e20                sprite_next
                0x060159a0                sprite_erase
                0x06015e80                sprite_delete
                0x06015d30                sprite_draw_all
                0x060158c0                sprite_deleteall
                0x06015a00                sprite_startdraw
                0x06015a80                sprite_draw
 .text          0x06015eb0      0x210 main.o
                0x06015eb0                main
 .text          0x060160c0       0x40 c:/saturn/sbl6/segalib/lib/sega_int.a(int.o)
                0x060160ec                INT_GetScuFunc
                0x060160c0                INT_SetScuFunc
 .text          0x06016100      0x624 c:/saturn/sbl6/segalib/lib/sega_int.a(int_trmp.o)
                0x06016268                __interrupt_handler60
                0x06016418                __interrupt_handler132
                0x060165ce                __interrupt_handler205
                0x06016436                __interrupt_handler137
                0x06016364                __interrupt_handler102
                0x060161a2                __interrupt_handler27
                0x060165a4                __interrupt_handler198
                0x06016496                __interrupt_handler153
                0x0601617e                __interrupt_handler21
                0x0601628c                __interrupt_handler66
                0x0601637c                __interrupt_handler106
                0x060164c6                __interrupt_handler161
                0x06016310                __interrupt_handler88
                0x060164de                __interrupt_handler165
                0x060163ee                __interrupt_handler125
                0x06016124                __interrupt_handler6
                0x060161c0                __interrupt_handler32
                0x0601657a                __interrupt_handler191
                0x06016694                __interrupt_handler238
                0x060166ac                __interrupt_handler242
                0x060164b4                __interrupt_handler158
                0x0601631c                __interrupt_handler90
                0x060164d8                __interrupt_handler164
                0x060161fc                __interrupt_handler42
                0x0601653e                __interrupt_handler181
                0x06016646                __interrupt_handler225
                0x060166ee                __interrupt_handler253
                0x06016502                __interrupt_handler171
                0x060162bc                __interrupt_handler74
                0x06016112                __interrupt_handler3
                0x06016256                __interrupt_handler57
                0x06016154                __interrupt_handler14
                0x060165ec                __interrupt_handler210
                0x0601661c                __interrupt_handler218
                0x060165e0                __interrupt_handler208
                0x060161e4                __interrupt_handler38
                0x06016100                __interrupt_handler0
                0x06016370                __interrupt_handler104
                0x060164ae                __interrupt_handler157
                0x060165fe                __interrupt_handler213
                0x060164f0                __interrupt_handler168
                0x060162fe                __interrupt_handler85
                0x0601639a                __interrupt_handler111
                0x060163ac                __interrupt_handler114
                0x0601621a                __interrupt_handler47
                0x06016670                __interrupt_handler232
                0x0601663a                __interrupt_handler223
                0x0601668e                __interrupt_handler237
                0x0601627a                __interrupt_handler63
                0x06016208                __interrupt_handler44
                0x0601651a                __interrupt_handler175
                0x06016544                __interrupt_handler182
                0x0601655c                __interrupt_handler186
                0x0601645a                __interrupt_handler143
                0x06016382                __interrupt_handler107
                0x060163e8                __interrupt_handler124
                0x06016508                __interrupt_handler172
                0x060166be                __interrupt_handler245
                0x0601633a                __interrupt_handler95
                0x06016412                __interrupt_handler131
                0x06016424                __interrupt_handler134
                0x06016442                __interrupt_handler139
                0x060162b0                __interrupt_handler72
                0x0601666a                __interrupt_handler231
                0x060164c0                __interrupt_handler160
                0x06016406                __interrupt_handler129
                0x06016178                __interrupt_handler20
                0x06016286                __interrupt_handler65
                0x06016250                __interrupt_handler56
                0x0601614e                __interrupt_handler13
                0x060165e6                __interrupt_handler209
                0x060163a0                __interrupt_handler112
                0x06016172                __interrupt_handler19
                0x0601632e                __interrupt_handler93
                0x06016598                __interrupt_handler196
                0x0601648a                __interrupt_handler151
                0x060164ea                __interrupt_handler167
                0x06016700                __trampoline
                0x06016166                __interrupt_handler17
                0x06016658                __interrupt_handler228
                0x060166fa                __interrupt_handler255
                0x060166b8                __interrupt_handler244
                0x06016352                __interrupt_handler99
                0x0601654a                __interrupt_handler183
                0x06016448                __interrupt_handler140
                0x0601656e                __interrupt_handler189
                0x0601646c                __interrupt_handler146
                0x06016634                __interrupt_handler222
                0x060164a8                __interrupt_handler156
                0x060163dc                __interrupt_handler122
                0x060166d0                __interrupt_handler248
                0x06016220                __interrupt_handler48
                0x0601629e                __interrupt_handler69
                0x06016190                __interrupt_handler24
                0x06016316                __interrupt_handler89
                0x0601660a                __interrupt_handler215
                0x060166f4                __interrupt_handler254
                0x0601630a                __interrupt_handler87
                0x0601626e                __interrupt_handler61
                0x06016592                __interrupt_handler195
                0x06016484                __interrupt_handler150
                0x060161f6                __interrupt_handler41
                0x06016394                __interrupt_handler110
                0x060163fa                __interrupt_handler127
                0x06016388                __interrupt_handler108
                0x060163a6                __interrupt_handler113
                0x060163b8                __interrupt_handler116
                0x060163d6                __interrupt_handler121
                0x060162ce                __interrupt_handler77
                0x060161ea                __interrupt_handler39
                0x06016202                __interrupt_handler43
                0x060166d6                __interrupt_handler249
                0x06016514                __interrupt_handler174
                0x06016430                __interrupt_handler136
                0x06016568                __interrupt_handler188
                0x06016466                __interrupt_handler145
                0x06016136                __interrupt_handler9
                0x060162da                __interrupt_handler79
                0x06016652                __interrupt_handler227
                0x060161cc                __interrupt_handler34
                0x0601640c                __interrupt_handler130
                0x060166ca                __interrupt_handler247
                0x060162c2                __interrupt_handler75
                0x0601650e                __interrupt_handler173
                0x0601623e                __interrupt_handler53
                0x0601647e                __interrupt_handler149
                0x060166e2                __interrupt_handler251
                0x06016676                __interrupt_handler233
                0x0601613c                __interrupt_handler10
                0x060165c8                __interrupt_handler204
                0x060162ec                __interrupt_handler82
                0x060162f2                __interrupt_handler83
                0x06016196                __interrupt_handler25
                0x060166b2                __interrupt_handler243
                0x060164cc                __interrupt_handler162
                0x06016214                __interrupt_handler46
                0x0601652c                __interrupt_handler178
                0x060162e0                __interrupt_handler80
                0x06016274                __interrupt_handler62
                0x0601610c                __interrupt_handler2
                0x060161ae                __interrupt_handler29
                0x060162a4                __interrupt_handler70
                0x0601638e                __interrupt_handler109
                0x06016478                __interrupt_handler148
                0x06016334                __interrupt_handler94
                0x06016640                __interrupt_handler224
                0x0601636a                __interrupt_handler103
                0x060161d8                __interrupt_handler36
                0x060163f4                __interrupt_handler126
                0x060166c4                __interrupt_handler246
                0x0601624a                __interrupt_handler55
                0x06016148                __interrupt_handler12
                0x06016238                __interrupt_handler52
                0x06016562                __interrupt_handler187
                0x06016460                __interrupt_handler144
                0x060163be                __interrupt_handler117
                0x0601616c                __interrupt_handler18
                0x0601659e                __interrupt_handler197
                0x06016490                __interrupt_handler152
                0x060163c4                __interrupt_handler118
                0x060164fc                __interrupt_handler170
                0x060165b6                __interrupt_handler201
                0x06016346                __interrupt_handler97
                0x060164d2                __interrupt_handler163
                0x06016538                __interrupt_handler180
                0x06016580                __interrupt_handler192
                0x060166a0                __interrupt_handler240
                0x060163e2                __interrupt_handler123
                0x06016604                __interrupt_handler214
                0x060161ba                __interrupt_handler31
                0x060161a8                __interrupt_handler28
                0x06016292                __interrupt_handler67
                0x06016298                __interrupt_handler68
                0x06016184                __interrupt_handler22
                0x0601618a                __interrupt_handler23
                0x06016520                __interrupt_handler176
                0x0601612a                __interrupt_handler7
                0x0601662e                __interrupt_handler221
                0x06016616                __interrupt_handler217
                0x0601665e                __interrupt_handler229
                0x06016226                __interrupt_handler49
                0x06016118                __interrupt_handler4
                0x060161f0                __interrupt_handler40
                0x060163b2                __interrupt_handler115
                0x06016682                __interrupt_handler235
                0x06016322                __interrupt_handler91
                0x060165d4                __interrupt_handler206
                0x06016526                __interrupt_handler177
                0x06016472                __interrupt_handler147
                0x060161de                __interrupt_handler37
                0x060166dc                __interrupt_handler250
                0x06016106                __interrupt_handler1
                0x06016622                __interrupt_handler219
                0x060162c8                __interrupt_handler76
                0x06016358                __interrupt_handler100
                0x0601625c                __interrupt_handler58
                0x0601615a                __interrupt_handler15
                0x060165f8                __interrupt_handler212
                0x060166a6                __interrupt_handler241
                0x060165bc                __interrupt_handler202
                0x06016586                __interrupt_handler193
                0x060162d4                __interrupt_handler78
                0x0601622c                __interrupt_handler50
                0x060161c6                __interrupt_handler33
                0x060164e4                __interrupt_handler166
                0x0601643c                __interrupt_handler138
                0x0601642a                __interrupt_handler135
                0x060161b4                __interrupt_handler30
                0x06016550                __interrupt_handler184
                0x0601644e                __interrupt_handler141
                0x06016664                __interrupt_handler230
                0x06016688                __interrupt_handler236
                0x060163ca                __interrupt_handler119
                0x06016304                __interrupt_handler86
                0x06016376                __interrupt_handler105
                0x060162e6                __interrupt_handler81
                0x060163d0                __interrupt_handler120
                0x06016400                __interrupt_handler128
                0x06016244                __interrupt_handler54
                0x06016142                __interrupt_handler11
                0x060165aa                __interrupt_handler199
                0x0601649c                __interrupt_handler154
                0x0601620e                __interrupt_handler45
                0x06016610                __interrupt_handler216
                0x060165c2                __interrupt_handler203
                0x0601635e                __interrupt_handler101
                0x060162f8                __interrupt_handler84
                0x06016556                __interrupt_handler185
                0x06016454                __interrupt_handler142
                0x0601619c                __interrupt_handler26
                0x06016280                __interrupt_handler64
                0x060165b0                __interrupt_handler200
                0x060165da                __interrupt_handler207
                0x0601658c                __interrupt_handler194
                0x06016328                __interrupt_handler92
                0x060164a2                __interrupt_handler155
                0x060165f2                __interrupt_handler211
                0x0601641e                __interrupt_handler133
                0x0601611e                __interrupt_handler5
                0x060162b6                __interrupt_handler73
                0x06016160                __interrupt_handler16
                0x0601669a                __interrupt_handler239
                0x0601667c                __interrupt_handler234
                0x060161d2                __interrupt_handler35
                0x06016262                __interrupt_handler59
                0x060164f6                __interrupt_handler169
                0x0601634c                __interrupt_handler98
                0x060162aa                __interrupt_handler71
                0x06016232                __interrupt_handler51
                0x060164ba                __interrupt_handler159
                0x0601664c                __interrupt_handler226
                0x06016340                __interrupt_handler96
                0x06016574                __interrupt_handler190
                0x06016628                __interrupt_handler220
                0x06016130                __interrupt_handler8
                0x06016532                __interrupt_handler179
                0x060166e8                __interrupt_handler252
 *fill*         0x06016724        0xc 00
 .text          0x06016730     0x12a0 c:/saturn/sbl6/segalib/lib/sega_spr.a(spr_2c.o)
                0x06017990                SlaveFlushDrawPrtyBlock
                0x06016730                SPR_2Initial
                0x06016f74                SPR_2SysClip
                0x06016f14                SPR_2LocalCoord
                0x0601780c                SPR_2FlushDrawPrtyBlock
                0x060174f8                SPR_2DistSpr
                0x06016efc                SPR_2FlushDrawPrty
                0x0601761c                SPR_2Cmd
                0x06016bf8                SPR_2GourTblNoToVram
                0x06016c58                SPR_2GetAreaSizeInfo
                0x060169c0                SPR_2SetGourTbl
                0x060171ac                SPR_2Polygon
                0x06016c34                SPR_2CharNoToVram
                0x06016940                SPR_2SetTvMode
                0x06016d9c                SPR_2CloseCommand
                0x0601697c                SPR_2FrameEraseData
                0x06016758                SPR_2Initial2
                0x0601738c                SPR_2ScaleSpr
                0x0601701c                SPR_2Line
                0x06016ce8                SPR_2OpenCommand
                0x0601695c                SPR_2FrameChgIntr
                0x06017268                SPR_2NormSpr
                0x060169f0                SPR_2SetLookupTbl
                0x06016a24                SPR_2SetChar
                0x06016c1c                SPR_2LookupTblNoToVram
                0x060170f0                SPR_2PolyLine
                0x06016b90                SPR_2ClrAllChar
                0x06016b44                SPR_2ClrChar
                0x06016fc0                SPR_2UserClip
 .text          0x060179d0      0x1e6 c:/saturn/sbl6/segalib/lib/sega_spr.a(spr_slv.o)
                0x06017b34                SPR_WaitEndSlaveSH
                0x060179d0                SPR_SMPC_SSHON
                0x06017b10                SPR_RunSlaveSH
                0x060179d4                SPR_InitSlaveSH
                0x06017a9c                SPR_SlaveSHmain
                0x060179d1                SPR_SMPC_SSHOFF
 *fill*         0x06017bb6        0xa 00
 .text          0x06017bc0      0x36a c:/saturn/sbl6/segalib/lib/sega_spr.a(spr_1c.o)
                0x06017e74                SPR_WaitDrawEnd
                0x06017e8c                SPR_SetEosMode
                0x06017da4                SPR_SetEraseData
                0x06017bc0                SPR_Initial
                0x06017c98                SPR_SetTvMode
                0x06017d30                SPR_GetStatus
 *fill*         0x06017f2a        0x6 00
 .text          0x06017f30      0x244 c:/saturn/sbl6/segalib/lib/sega_spr.a(spr_2a.o)
                0x06017f42                sprMemCpyW
                0x06017fa0                flushDrawPrtyBlock
                0x06017f30                sprMemCpyL
                0x06017f54                SPR_2SetDrawPrty
 *fill*         0x06018174        0xc 00
 .text          0x06018180      0x2fc c:/saturn/sbl6/segalib/lib/sega_scl.a(scl_vblv.o)
                0x0601823c                SCL_DisplayFrame
                0x06018180                SCL_SetFrameInterval
                0x06018270                SCL_VblInit
                0x060182c0                SCL_VblankStart
                0x06018304                SCL_VblankEnd
 *fill*         0x0601847c        0x4 00
 .text          0x06018480      0x1f4 c:/saturn/sbl6/segalib/lib/sega_scl.a(scl_pr12.o)
                0x06018480                SCL_SetColOffset
 *fill*         0x06018674        0xc 00
 .text          0x06018680      0x214 c:/saturn/sbl6/segalib/lib/sega_scl.a(scl_pr07.o)
                0x06018680                SCL_SetPriority
 *fill*         0x06018894        0xc 00
 .text          0x060188a0       0x9c c:/saturn/sbl6/segalib/lib/sega_scl.a(scl_pr02.o)
                0x060188a0                SCL_SetColRam
 *fill*         0x0601893c        0x4 00
 .text          0x06018940      0x180 c:/saturn/sbl6/segalib/lib/sega_scl.a(scl_pr11.o)
                0x06018940                SCL_SetAutoColOffset
 .text          0x06018ac0     0x10a4 c:/saturn/sbl6/segalib/lib/sega_scl.a(scl_pri.o)
                0x06018b54                SCL_AbortAutoVe
                0x06019a04                SCL_SetShadowBit
                0x06018fcc                SCL_AutoExec
                0x06018ac0                SCL_PriorityInit
                0x060194e0                SCL_IncColOffset
                0x06018b68                SCL_SetColMixRate
                0x06018b38                SCL_GetColRamMode
 *fill*         0x06019b64        0xc 00
 .text          0x06019b70       0x98 c:/saturn/sbl6/segalib/lib/sega_scl.a(scl_pr10.o)
                0x06019b70                SCL_SetAutoColMix
 *fill*         0x06019c08        0x8 00
 .text          0x06019c10      0x278 c:/saturn/sbl6/segalib/lib/sega_scl.a(scl_fu05.o)
                0x06019ccc                SCL_SetLineParam
                0x06019c18                SCL_InitLineParamTb
 *fill*         0x06019e88        0x8 00
 .text          0x06019e90      0xb9c c:/saturn/sbl6/segalib/lib/sega_scl.a(scl_func.o)
                0x0601a86c                SCL_Vdp2_SGLInit
                0x0601a77c                SCL_PriIntProc
                0x0601a6f4                SCL_Memcpyw
                0x0601aa0c                SCL_SglOff
                0x0601a9ec                SCL_SglOn
                0x0601a660                SCL_ScrollShow
                0x0601a108                SCL_Close
                0x0601a400                SCL_Scale
                0x06019e90                SCL_Vdp2Init
                0x0601a274                SCL_Move
                0x0601a53c                SCL_CopyReg
                0x0601a0e4                SCL_Open
                0x06019f14                SCL_ParametersInit
                0x0601a124                SCL_MoveTo
                0x0601a71c                SCL_SetColRamMode
 *fill*         0x0601aa2c        0x4 00
 .text          0x0601aa30       0x58 c:/saturn/sbl6/segalib/lib/sega_scl.a(scl_pr01.o)
                0x0601aa30                SCL_SetSpriteMode
 *fill*         0x0601aa88        0x8 00
 .text          0x0601aa90      0x1ec c:/saturn/sbl6/segalib/lib/sega_scl.a(scl_fu01.o)
                0x0601aa90                SCL_SetDisplayMode
 *fill*         0x0601ac7c        0x4 00
 .text          0x0601ac80       0x28 c:/saturn/sbl6/segalib/lib/sega_scl.a(scl_fu04.o)
                0x0601ac80                SCL_SetCycleTable
 *fill*         0x0601aca8        0x8 00
 .text          0x0601acb0      0x138 c:/saturn/sbl6/segalib/lib/sega_scl.a(scl_pr03.o)
                0x0601acb0                SCL_FreeColRam
                0x0601ace8                SCL_AllocColRam
 *fill*         0x0601ade8        0x8 00
 .text          0x0601adf0       0x84 c:/saturn/sbl6/segalib/lib/sega_scl.a(scl_back.o)
                0x0601adf0                SCL_SetBack
 *fill*         0x0601ae74        0xc 00
 .text          0x0601ae80      0x94c c:/saturn/sbl6/segalib/lib/sega_scl.a(scl_fu03.o)
                0x0601aedc                SCL_SetConfig
                0x0601ae80                SCL_InitConfigTb
 *fill*         0x0601b7cc        0x4 00
 .text          0x0601b7d0      0x4f4 c:/saturn/sbl6/segalib/lib/sega_scl.a(scl_fu02.o)
                0x0601b808                SCL_SetVramConfig
                0x0601b7d0                SCL_InitVramConfigTb
 *fill*         0x0601bcc4        0xc 00
 .text          0x0601bcd0       0xac c:/saturn/sbl6/segalib/lib/sega_scl.a(scl_pr05.o)
                0x0601bcd0                SCL_GetColRamOffset
 *fill*         0x0601bd7c        0x4 00
 .text          0x0601bd80     0x1394 c:/saturn/sbl6/segalib/lib/sega_scl.a(scl_ro00.o)
                0x0601cf6c                SCL_RotateZD
                0x0601c234                SCL_Rotate
                0x0601bf08                SCL_InitRotateTable
 *fill*         0x0601d114        0xc 00
 .text          0x0601d120      0x1b4 c:/saturn/sbl6/segalib/lib/sega_scl.a(scl_pr06.o)
                0x0601d120                SCL_SetColRamOffset
 *fill*         0x0601d2d4        0xc 00
 .text          0x0601d2e0      0x600 c:/saturn/sbl6/segalib/lib/sega_mth.a(mth_tri.o)
                0x0601d37c                fcos
                0x0601d382                fsin
                0x0601d32c                MTH_Cos
                0x0601d2e0                MTH_Sin
                0x0601d520                MTH_Atan
 .text          0x0601d8e0       0xa4 c:/saturn/sbl6/segalib/lib/sega_mth.a(mth_fixd.o)
                0x0601d930                MTH_FixedToInt
                0x0601d920                MTH_IntToFixed
                0x0601d8e0                MTH_Mul
                0x0601d940                MTH_Product
                0x0601d900                MTH_Div
 *fill*         0x0601d984        0xc 00
 .text          0x0601d990       0x30 c:/saturn/sbl6/segalib/lib/sega_mth.a(mth_rand.o)
                0x0601d9a0                MTH_GetRand
                0x0601d990                MTH_InitialRand
 .text          0x0601d9c0      0x130 c:/saturn/sbl6/segalib/lib/sega_cdc.a(cdc_drv.o)
                0x0601d9c0                CDC_CdPlay
                0x0601da8c                CDC_CdSeek
                0x0601dac0                CDC_CdScan
 .text          0x0601daf0      0x3a0 c:/saturn/sbl6/segalib/lib/sega_cdc.a(cdc_cmn.o)
                0x0601dc94                CDC_TgetToc
                0x0601de38                CDC_DataEnd
                0x0601db58                CDC_GetPeriStat
                0x0601ddcc                CDC_DataReady
                0x0601dda4                CDC_CdOpen
                0x0601dd20                CDC_CdInit
                0x0601dce4                CDC_GetSes
                0x0601db40                CDC_GetLastStat
                0x0601daf0                CDC_GetCurStat
                0x0601dc2c                CDC_GetHwInfo
 .text          0x0601de90      0x152 c:/saturn/sbl6/segalib/lib/sega_cdc.a(cdc_sub.o)
                0x0601df38                CDSUB_GetCdstat
                0x0601dea8                CDSUB_UpdCdstat
                0x0601df78                CDSUB_RspToCdstat
                0x0601dfc0                CDSUB_SoftTimer
                0x0601de90                CDSUB_UpdStatus
                0x0601dec8                CDSUB_CdCmd
 *fill*         0x0601dfe2        0xe 00
 .text          0x0601dff0      0x2dc c:/saturn/sbl6/segalib/lib/sega_cdc.a(cdc_reg.o)
                0x0601e044                CDREG_ClrHirqReq
                0x0601e014                CDC_ClrHirqReq
                0x0601e0c4                CDREG_TgetData
                0x0601e0b4                CDC_GetMpegPtr
                0x0601e090                CDC_GetHirqMsk
                0x0601dff0                CDC_GetDataPtr
                0x0601e000                CDC_GetHirqReq
                0x0601e220                CDREG_WaitHirq
                0x0601e0a4                CDC_SetHirqMsk
                0x0601e120                CDREG_CmdRsp
                0x0601e054                CDREG_InitHirqReq
                0x0601e07c                CDREG_SetHirqFlag
                0x0601e290                CDREG_ReadRsp
 *fill*         0x0601e2cc        0x4 00
 .text          0x0601e2d0      0xf50 c:/saturn/sbl6/segalib/lib/sega_per.a(per_prt.o)
                0x0601e6f0                PER_IntFunc
                0x0601e4e8                PER_LGetPer
                0x0601e2d0                PER_LInit
 .text          0x0601f220     0x1b04 c:/saturn/sbl6/segalib/lib/sega_sat.a(gfs.o)
                0x0601f220                gfs_version
                0x06020494                gfs_mngGetNumFile
                0x06020c14                gfs_closeSub
                0x0601ffb0                GFS_SetGmode
                0x0602026c                GFS_SetErrFunc
                0x060203bc                gfs_mngSetupFuncTbl
                0x0601f578                GFS_Reset
                0x060202e4                gfs_chgRoot
                0x060203b0                gfs_aborttrans
                0x06020694                gfs_svrAddHndl
                0x06020544                gfs_mngFreeGrp
                0x060202bc                GFS_ConvTno
                0x06020848                gfs_getRootDir
                0x06020298                GFS_GetErrStat
                0x0601f6e8                GFS_Seek
                0x0601fd54                GFS_NwStop
                0x06020550                gfs_mngTermAccess
                0x0601f5fc                GFS_Open
                0x060204fc                GFS_mngAllocGrp
                0x06020c5c                gfs_isTaskDone
                0x0601fa54                GFS_Fread
                0x060201b4                GFS_StartTrans
                0x06020bb0                gfs_GetFinfo
                0x060203f0                gfs_mngInitWork
                0x0601f840                GFS_ByteToSct
                0x06020654                gfs_svrSearchHndl
                0x06020944                gfs_loadRootDir
                0x0601f49c                GFS_IdToName
                0x0601fb98                GFS_NwFread
                0x060200e4                GFS_SetTransPara
                0x0601fca4                GFS_NwCdRead
                0x06020784                gfs_loadVol
                0x06020080                GFS_SetReadPara
                0x0601f79c                GFS_Tell
                0x06020014                GFS_SetTmode
                0x06020b18                GFS_GetFad
                0x06020150                GFS_SetTrFunc
                0x06020200                GFS_CdMovePickup
                0x0601f438                GFS_NameToId
                0x0601fe6c                GFS_NwExecOne
                0x060209cc                gfs_flowIn
                0x0601f8f4                GFS_GetFileInfo
                0x06020a74                gfs_transData
                0x060206d0                gfs_svrRemoveHndl
                0x0601fd1c                GFS_NwIsComplete
                0x06020c50                gfs_getGmode
                0x0601fdc0                GFS_NwGetStat
                0x0602072c                GFS_OpenSub
                0x0601f3d0                GFS_SetDir
                0x0601f89c                GFS_GetFileSize
                0x0601f968                GFS_GetNumCdbuf
                0x06020cb0                gfs_convFinStat
                0x0601f990                GFS_Load
                0x0601faf0                gfs_waitRead
                0x0601f328                GFS_LoadDir
                0x0601f508                GFS_GetDirInfo
                0x0601f6b0                GFS_Close
                0x0601f240                GFS_Init
                0x0601fe3c                gfs_recovRdErr
                0x060205d4                gfs_mngSetErrCode
                0x0601ff2c                GFS_NwExecServer
                0x0601f7ec                GFS_IsEof
                0x06020b70                gfs_SetSct
 *fill*         0x06020d24        0xc 00
 .text          0x06020d30       0x90 c:/saturn/sbl6/segalib/lib/sega_sat.a(DMA_CPU1.o)
                0x06020d30                DMA_CpuMemCopy1
 .text          0x06020dc0       0x94 c:/saturn/sbl6/segalib/lib/sega_sat.a(DMA_CPU2.o)
                0x06020dc0                DMA_CpuMemCopy2
 *fill*         0x06020e54        0xc 00
 .text          0x06020e60      0x1f4 c:/saturn/sbl6/segalib/lib/sega_sat.a(DMA_SCU1.o)
                0x06020fbc                DMA_ScuResult
                0x06020e60                DMA_ScuInit
                0x06020eb0                DMA_ScuMemCopy
 *fill*         0x06021054        0xc 00
 .text          0x06021060      0x8d4 c:/saturn/sbl6/segalib/lib/sega_sat.a(gfs_cdf.o)
                0x06021554                GFCF_Seek
                0x0602165c                GFCF_GetStat
                0x0602153c                GFCF_Tell
                0x06021100                GFCF_Setup
                0x06021608                GFCF_cnvIntlvOfs
                0x06021060                GFCF_Init
                0x060214f4                GFCF_Recover
                0x06021248                GFCF_SetSct
                0x0602156c                GFCF_MovePickup
                0x06021730                gfcf_isCdOk
                0x06021300                GFCF_FlowInBuf
                0x0602128c                GFCF_GetFileInfo
                0x06021454                GFCF_StopInBuf
                0x060216f4                gfcf_getSctSize
                0x060217f0                gfcf_getPlayRange
 *fill*         0x06021934        0xc 00
 .text          0x06021940      0x928 c:/saturn/sbl6/segalib/lib/sega_sat.a(gfs_dir.o)
                0x06021e30                gfdr_setNextRec
                0x0602222c                gfdr_setDirrecCd
                0x06021c28                gfdr_open
                0x06021a3c                GFDR_GetAtrDirId
                0x06021d10                gfdr_readByte
                0x06021940                GFDR_SetupDirTbl
                0x06021e08                gfdr_readLongNM
                0x06021eb4                gfdr_readDirEnt
                0x06021a6c                GFDR_ChgRoot
                0x060219b4                GFDR_NameToId
                0x06021af8                gfdr_setupDirIdTbl
                0x06021a54                GFDR_GetAtrDirName
                0x06021a14                GFDR_GetInfoDirId
                0x06021dbc                gfdr_readLongNB
                0x06021c50                gfdr_read
                0x06021d3c                gfdr_readWord
                0x06021b7c                gfdr_setupDirNameTbl
                0x06021a28                GFDR_GetInfoDirName
                0x06021a84                GFDR_ChgDir
                0x06021d68                gfdr_readWordNB
 *fill*         0x06022268        0x8 00
 .text          0x06022270      0xa46 c:/saturn/sbl6/segalib/lib/sega_sat.a(gfs_trn.o)
                0x06022350                GFTR_SetTransMax
                0x06022720                gftr_execScu
                0x06022ca4                GFTR_SetTransFunc
                0x06022b6c                gftr_remTrn
                0x06022c90                GFTR_SetData
                0x06022990                gftr_execSdma1
                0x06022be0                gftr_copyFrac
                0x06022344                GFTR_GetNumTrans
                0x060222e4                GFTR_SetMode
                0x06022960                gftr_remDma0
                0x06022c08                GFTR_GetLenData
                0x06022714                gftr_reqScu
                0x06022978                gftr_reqDma1
                0x06022630                gftr_getSrcPack
                0x06022c60                GFTR_RtnDstPk
                0x060227fc                gfdma_exec
                0x06022a94                gftr_execTrn
                0x06022528                GFTR_ExecSvr
                0x06022a24                gftr_reqTrn
                0x060228ec                gfdma_getBytecnt
                0x060229cc                gftr_reqCpu
                0x06022c2c                GFTR_GetDstPack
                0x06022924                gftr_reqDma0
                0x060224b0                GFTR_Idle
                0x06022368                GFTR_Pause
                0x06022338                GFTR_GetTransPara
                0x06022a18                gftr_remCpu
                0x06022304                GFTR_SetTransPara
                0x060229b4                gftr_remDma1
                0x06022374                GFTR_Stop
                0x0602293c                gftr_execSdma0
                0x060222a0                GFTR_Setup
                0x060227bc                gftr_remScu
                0x060226b8                gftr_getDstPack
                0x060227f0                gfdma_canUse
                0x0602242c                GFTR_Exec
                0x06022c7c                GFTR_GetData
                0x0602235c                GFTR_Start
                0x060222f8                GFTR_SetUnit
                0x060229d8                gftr_execCpu
                0x06022c14                GFTR_GetLenRoom
 *fill*         0x06022cb6        0xa 00
 .text          0x06022cc0      0x106 c:/saturn/sbl6/segalib/lib/sega_sat.a(gfs_buf.o)
                0x06022d18                GFBF_GetNumData
                0x06022d94                GFBF_RtnPk
                0x06022d48                GFBF_GetSrcPk
                0x06022dbc                gfbf_getSctDt
                0x06022cf0                GFBF_GetTranData
                0x06022d70                GFBF_GetSctData
 *fill*         0x06022dc6        0xa 00
 .text          0x06022dd0      0x600 c:/saturn/sbl6/segalib/lib/sega_sat.a(gfs_cdb.o)
                0x06023378                GFCB_GetPickup
                0x06022ef0                GFCB_Close
                0x060231bc                GFCB_GetSrcPack
                0x06023344                GFCB_SetCon
                0x06022fc4                GFCB_GetLenRoom
                0x06023328                GFCB_MovePickup
                0x0602329c                GFCB_GetSctData
                0x06022fd0                GFCB_SetFilt
                0x06022f18                GFCB_GetLenData
                0x060233b8                GFCB_UngetPickup
                0x06022dd0                GFCB_Setup
                0x06023060                GFCB_Tell
                0x060233a0                GFCB_IsPuOwner
                0x060230c0                GFCB_Seek
                0x06023038                GFCB_DeleteAllData
                0x060232d4                GFCB_GetDstPack
                0x06023070                gfcb_getSctNum
                0x060232e0                GFCB_RtnPk
 .text          0x060233d0     0x1a04 c:/saturn/sbl6/segalib/lib/sega_sat.a(gfs_cdc.o)
                0x0602366c                GFCD_AllocBuf
                0x06024448                gfcd_doGetLenDataTsk
                0x06024ce4                GFCD_SetCsctFunc
                0x06023744                GFCD_GetBaseFad
                0x060238c0                GFCD_GetFilt
                0x060248d4                gfcd_doChgDirTsk
                0x06024c14                gfcd_checkEflag
                0x06023c08                GFCD_MovePickup
                0x06023cec                GFCD_GetSctInfo
                0x0602459c                gfcd_doReqDataTsk
                0x06023d34                GFCD_ChgDir
                0x06023a28                GFCD_ReqData
                0x06024d00                GFCD_ChkScdqFlag
                0x060241b8                GFCD_WaitServer
                0x06023acc                GFCD_DelSctData
                0x06023fa4                GFCD_ExecServer
                0x060243b8                gfcd_doSetConTsk
                0x06023600                GFCD_AllocFilt
                0x060237fc                GFCD_SetFilt
                0x060241f4                gfcd_doSetFiltTsk
                0x06024d24                GFCD_ClrScdqFlag
                0x0602463c                gfcd_doDelSctDataTsk
                0x06024100                gfcd_doTask
                0x06023778                GFCD_GetPickup
                0x06023cc8                GFCD_CheckMove
                0x06024d40                GFCD_WaitScdqFlag
                0x06023960                GFCD_Play
                0x06024770                gfcd_doMoveSctTsk
                0x06023908                GFCD_SetCon
                0x06023da8                GFCD_SetFiltCon
                0x06024d84                GFCD_WaitPause
                0x06023f6c                GFCD_GetBufSiz
                0x060237ac                GFCD_UngetPickup
                0x06023e90                GFCD_GetFileInfo
                0x06023a84                GFCD_EndData
                0x060236a0                GFCD_FreeBuf
                0x060239c0                GFCD_GetLenData
                0x0602363c                GFCD_FreeFilt
                0x06024078                gfcd_isIdleTask
                0x060233fc                GFCD_Init
                0x06024ad0                gfcd_doSetFiltConTsk
                0x06023b54                GFCD_GetStat
                0x06023c54                GFCD_MoveSctData
                0x060237d8                GFCD_IsPuOwner
                0x06024c38                gfcd_initCdbMng
                0x060233d0                GFCD_SetCdbfs
                0x060241a4                GFCD_SetTimer
                0x06024cb8                gfcd_setStat
                0x06023b24                GFCD_CheckDelSctData
 *fill*         0x06024dd4        0xc 00
 .text          0x06024de0      0x1b6 c:/saturn/sbl6/segalib/lib/sega_sat.a(DMA_CPU0.o)
                0x06024e28                DMA_CpuSetPrm
                0x06024f2c                DMA_CpuStart
                0x06024f84                DMA_CpuGetStatus
                0x06024f58                DMA_CpuAllStop
                0x06024f6c                DMA_CpuGetComStatus
                0x06024de0                DMA_CpuSetComPrm
                0x06024f40                DMA_CpuStop
 *fill*         0x06024f96        0xa 00
 .text          0x06024fa0       0x50 c:/saturn/sbl6/segalib/lib/sega_sat.a(DMA_CPU5.o)
                0x06024fa0                DMA_CpuResult
 .text          0x06024ff0      0x308 c:/saturn/sbl6/segalib/lib/sega_sat.a(DMA_SCU0.o)
                0x06025074                DMA_ScuStart
                0x060251a8                DMA_ScuIntFunc0
                0x06025218                DMA_ScuIntFunc1
                0x06025288                DMA_ScuIntFunc2
                0x06025168                DMA_ScuGetStatus
                0x06024ff0                DMA_ScuSetPrm
 *fill*         0x060252f8        0x8 00
 .text          0x06025300       0xe8 c:/saturn/sbl6/segalib/lib/sega_sat.a(csh_main.o)
                0x06025300                CSH_Init
                0x06025368                CSH_AllClr
                0x060253b4                CSH_Purge
 *fill*         0x060253e8        0x8 00
 .text          0x060253f0      0x194 c:/saturn/sbl6/segalib/lib/sega_sat.a(cdc_cfs.o)
                0x060253f0                CDC_ChgDir
                0x06025424                CDC_ReadDir
                0x06025548                CDC_AbortFile
                0x06025458                CDC_GetFileScope
                0x060254b8                CDC_TgetFileInfo
                0x06025514                CDC_ReadFile
 *fill*         0x06025584        0xc 00
 .text          0x06025590      0x1e4 c:/saturn/sbl6/segalib/lib/sega_sat.a(cdc_bio.o)
                0x0602563c                CDC_GetdelSctData
                0x060255c4                CDC_GetSctData
                0x06025678                CDC_PutSctData
                0x060256f4                CDC_MoveSctData
                0x06025738                CDC_GetCopyErr
                0x06025600                CDC_DelSctData
                0x06025590                CDC_SetSctLen
                0x060256b0                CDC_CopySctData
 *fill*         0x06025774        0xc 00
 .text          0x06025780      0x2b8 c:/saturn/sbl6/segalib/lib/sega_sat.a(cdc_sel.o)
                0x060259b0                CDC_GetFiltCon
                0x0602592c                CDC_GetFiltMode
                0x06025a04                CDC_ResetSelector
                0x06025780                CDC_SetFiltRange
                0x0602580c                CDC_SetFiltSubh
                0x0602587c                CDC_GetFiltSubh
                0x060257b4                CDC_GetFiltRange
                0x060258f8                CDC_SetFiltMode
                0x06025970                CDC_SetFiltCon
 *fill*         0x06025a38        0x8 00
 .text          0x06025a40      0x270 c:/saturn/sbl6/segalib/lib/sega_sat.a(cdc_bif.o)
                0x06025a9c                CDC_GetSctNum
                0x06025c1c                CDC_ExeFadSearch
                0x06025b9c                CDC_GetSctInfo
                0x06025ae0                CDC_CalActSiz
                0x06025a40                CDC_GetBufSiz
                0x06025b1c                CDC_GetActSiz
                0x06025c54                CDC_GetFadSearch
 .text          0x06025cb0       0xa8 c:/saturn/sbl6/segalib/lib/sega_sat.a(cdc_dev.o)
                0x06025d1c                CDC_CdGetLastBuf
                0x06025cb0                CDC_CdSetCon
                0x06025ce0                CDC_CdGetCon
 *fill*         0x06025d58        0x8 00
 .text          0x06025d60       0x60 c:/saturn/SH_COFF/sh-coff/bin/../lib/gcc/sh-coff/3.4-GNUSH_v0501\libgcc.a(_ashiftrt.o)
                0x06025d6c                __ashiftrt_r4_27
                0x06025da0                __ashiftrt_r4_6
                0x06025d90                __ashiftrt_r4_14
                0x06025d82                __ashiftrt_r4_19
                0x06025d9a                __ashiftrt_r4_9
                0x06025dae                __ashiftrt_r4_0
                0x06025d60                __ashiftrt_r4_31
                0x06025d6e                __ashiftrt_r4_26
                0x06025d7c                __ashiftrt_r4_22
                0x06025d88                __ashiftrt_r4_16
                0x06025d94                __ashiftrt_r4_12
                0x06025d68                __ashiftrt_r4_29
                0x06025d86                __ashiftrt_r4_17
                0x06025d66                __ashiftrt_r4_30
                0x06025da2                __ashiftrt_r4_5
                0x06025d9c                __ashiftrt_r4_8
                0x06025d60                __ashiftrt_r4_32
                0x06025d70                __ashiftrt_r4_25
                0x06025da8                __ashiftrt_r4_2
                0x06025d72                __ashiftrt_r4_24
                0x06025d8e                __ashiftrt_r4_15
                0x06025d98                __ashiftrt_r4_10
                0x06025daa                __ashiftrt_r4_1
                0x06025d6a                __ashiftrt_r4_28
                0x06025d80                __ashiftrt_r4_20
                0x06025d9e                __ashiftrt_r4_7
                0x06025d92                __ashiftrt_r4_13
                0x06025d96                __ashiftrt_r4_11
                0x06025da4                __ashiftrt_r4_4
                0x06025d7a                __ashiftrt_r4_23
                0x06025d84                __ashiftrt_r4_18
                0x06025d7e                __ashiftrt_r4_21
                0x06025da6                __ashiftrt_r4_3
 .text          0x06025dc0       0xb0 c:/saturn/SH_COFF/sh-coff/bin/../lib/gcc/sh-coff/3.4-GNUSH_v0501\libgcc.a(_si_to_df.o)
                0x06025dc0                __floatsidf
 .text          0x06025e70      0x2e0 c:/saturn/SH_COFF/sh-coff/bin/../lib/gcc/sh-coff/3.4-GNUSH_v0501\libgcc.a(_mul_df.o)
                0x06025e80                __muldf3
 .text          0x06026150       0x80 c:/saturn/SH_COFF/sh-coff/bin/../lib/gcc/sh-coff/3.4-GNUSH_v0501\libgcc.a(_df_to_si.o)
                0x06026150                __fixdfsi
 .text          0x060261d0       0x70 c:/saturn/SH_COFF/sh-coff/bin/../lib/gcc/sh-coff/3.4-GNUSH_v0501\libgcc.a(_udivsi3.o)
                0x060261f2                __udivsi3
 .text          0x06026240       0xa0 c:/saturn/SH_COFF/sh-coff/bin/../lib/gcc/sh-coff/3.4-GNUSH_v0501\libgcc.a(_sdivsi3.o)
                0x06026240                __sdivsi3
 .text          0x060262e0       0x90 c:/saturn/SH_COFF/sh-coff/bin/../lib/gcc/sh-coff/3.4-GNUSH_v0501\libgcc.a(_ashiftrt_n.o)
                0x060262e0                __ashrsi3
 .text          0x06026370       0x90 c:/saturn/SH_COFF/sh-coff/bin/../lib/gcc/sh-coff/3.4-GNUSH_v0501\libgcc.a(_ashiftlt.o)
                0x06026370                __ashlsi3
 .text          0x06026400       0xb0 c:/saturn/SH_COFF/sh-coff/bin/../lib/gcc/sh-coff/3.4-GNUSH_v0501\libgcc.a(_movstr.o)
                0x06026440                __movstrSI16
                0x06026414                __movstrSI60
                0x06026420                __movstrSI48
                0x0602641c                __movstrSI52
                0x06026410                __movstrSI64
                0x06026424                __movstrSI44
                0x06026428                __movstrSI40
                0x0602642c                __movstrSI36
                0x06026460                __movstr
                0x06026418                __movstrSI56
                0x06026434                __movstrSI28
                0x06026430                __movstrSI32
                0x06026444                __movstrSI12
                0x06026448                __movstrSI8
                0x06026450                __movstrSI0
                0x06026438                __movstrSI24
                0x0602643c                __movstrSI20
                0x0602644c                __movstrSI4
 .text          0x060264b0       0xa0 c:/saturn/SH_COFF/sh-coff/bin/../lib/gcc/sh-coff/3.4-GNUSH_v0501\libgcc.a(__main.o)
                0x06026524                __main
                0x060264b0                __do_global_dtors
                0x060264e4                __do_global_ctors
 .text          0x06026550      0x220 c:/saturn/SH_COFF/sh-coff/bin/../lib/gcc/sh-coff/3.4-GNUSH_v0501\libgcc.a(_pack_df.o)
                0x06026560                __pack_d
 .text          0x06026770      0x120 c:/saturn/SH_COFF/sh-coff/bin/../lib/gcc/sh-coff/3.4-GNUSH_v0501\libgcc.a(_unpack_df.o)
                0x06026780                __unpack_d
 .text          0x06026890       0x20 c:/saturn/SH_COFF/sh-coff/bin/../lib/gcc/sh-coff/3.4-GNUSH_v0501\libgcc.a(_thenan_df.o)
                0x06026890                __thenan_df
 .text          0x060268b0       0xd0 c:/saturn/SH_COFF/sh-coff/bin/../lib/gcc/sh-coff/3.4-GNUSH_v0501\libgcc.a(_muldi3.o)
                0x060268b0                __muldi3
 .text          0x06026980       0x80 c:/saturn/SH_COFF/sh-coff/bin/../lib/gcc/sh-coff/3.4-GNUSH_v0501\libgcc.a(_lshrdi3.o)
                0x06026980                __lshrdi3
 .text          0x06026a00       0x80 c:/saturn/SH_COFF/sh-coff/bin/../lib/gcc/sh-coff/3.4-GNUSH_v0501\libgcc.a(_ashldi3.o)
                0x06026a00                __ashldi3
 .text          0x06026a80       0x30 c:/saturn/SH_COFF/sh-coff/bin/../lib/gcc/sh-coff/3.4-GNUSH_v0501\libgcc.a(_mulsi3.o)
                0x06026a80                __mulsi3
 .text          0x06026ab0       0x90 c:/saturn/SH_COFF/sh-coff/bin/../lib/gcc/sh-coff/3.4-GNUSH_v0501\libgcc.a(_lshiftrt.o)
                0x06026ab0                __lshrsi3
 .text          0x06026b40       0x40 c:/saturn/SH_COFF/sh-coff/bin/../lib/gcc/sh-coff/3.4-GNUSH_v0501/../../../../sh-coff/lib\libc.a(memset.o)
                0x06026b40                memset
 .text          0x06026b80       0x60 c:/saturn/SH_COFF/sh-coff/bin/../lib/gcc/sh-coff/3.4-GNUSH_v0501/../../../../sh-coff/lib\libc.a(memcmp.o)
                0x06026b80                memcmp
 .text          0x06026be0       0xa0 c:/saturn/SH_COFF/sh-coff/bin/../lib/gcc/sh-coff/3.4-GNUSH_v0501/../../../../sh-coff/lib\libc.a(memcpy.o)
                0x06026be0                memcpy
 .text          0x06026c80       0xb0 c:/saturn/SH_COFF/sh-coff/bin/../lib/gcc/sh-coff/3.4-GNUSH_v0501/../../../../sh-coff/lib\libc.a(strncmp.o)
                0x06026c80                strncmp
 .text          0x06026d30       0xa0 c:/saturn/SH_COFF/sh-coff/bin/../lib/gcc/sh-coff/3.4-GNUSH_v0501/../../../../sh-coff/lib\libc.a(strncpy.o)
                0x06026d30                strncpy
 .text          0x06026dd0       0x90 c:/saturn/SH_COFF/sh-coff/bin/../lib/gcc/sh-coff/3.4-GNUSH_v0501/../../../../sh-coff/lib\libc.a(atexit.o)
                0x06026dd0                atexit
 .text          0x06026e60       0x10 c:/saturn/SH_COFF/sh-coff/bin/../lib/gcc/sh-coff/3.4-GNUSH_v0501/../../../../sh-coff/lib\libc.a(impure.o)
                0x06026e60                _global_impure_ptr
 .text          0x06026e70       0x40 c:/saturn/SH_COFF/sh-coff/bin/../lib/gcc/sh-coff/3.4-GNUSH_v0501/../../../../sh-coff/lib\libc.a(malloc.o)
                0x06026e8c                free
                0x06026e70                malloc
 .text          0x06026eb0      0x5b0 c:/saturn/SH_COFF/sh-coff/bin/../lib/gcc/sh-coff/3.4-GNUSH_v0501/../../../../sh-coff/lib\libc.a(mallocr.o)
                0x06026eb0                _malloc_r
 .text          0x06027460      0x340 c:/saturn/SH_COFF/sh-coff/bin/../lib/gcc/sh-coff/3.4-GNUSH_v0501/../../../../sh-coff/lib\libc.a(freer.o)
                0x06027460                _malloc_trim_r
                0x06027554                _free_r
 .text          0x060277a0       0x20 c:/saturn/SH_COFF/sh-coff/bin/../lib/gcc/sh-coff/3.4-GNUSH_v0501/../../../../sh-coff/lib\libc.a(mlock.o)
                0x060277a0                __malloc_lock
                0x060277ac                __malloc_unlock
 .text          0x060277c0       0x50 c:/saturn/SH_COFF/sh-coff/bin/../lib/gcc/sh-coff/3.4-GNUSH_v0501/../../../../sh-coff/lib\libc.a(sbrkr.o)
                0x060277c0                _sbrk_r
 .text          0x06027810      0x380 c:/saturn/SH_COFF/sh-coff/bin/../lib/gcc/sh-coff/3.4-GNUSH_v0501/../../../../sh-coff/lib\libc.a(syscalls.o)
                0x0602797c                _exit
                0x060279b0                _getpid
                0x06027a18                _utime
                0x06027848                _write
                0x06027810                _read
                0x06027964                _unlink
                0x0602792c                _open
                0x060279c8                _stat
                0x06027970                isatty
                0x06027a48                _wait
                0x06027994                _kill
                0x060279e4                _chmod
                0x06027a78                _execv
                0x06027a5c                _execve
                0x06027b54                __setup_argv_and_call_main
                0x06027ab0                _gettimeofday
                0x0602787c                _link
                0x060279bc                _raise
                0x06027948                _creat
                0x06027a90                _pipe
                0x060279fc                _chown
                0x0602782c                _lseek
                0x06027864                _close
                0x06027aa4                _times
                0x06027918                _fstat
                0x06027a34                _fork
                0x060278a4                _sbrk
 .text          0x06027b90       0x20 c:/saturn/SH_COFF/sh-coff/bin/../lib/gcc/sh-coff/3.4-GNUSH_v0501/../../../../sh-coff/lib\libc.a(trap.o)
                0x06027b90                __trap34
 .text          0x06027bb0       0x20 c:/saturn/SH_COFF/sh-coff/bin/../lib/gcc/sh-coff/3.4-GNUSH_v0501/../../../../sh-coff/lib\libc.a(abort.o)
                0x06027bb0                abort
 .text          0x06027bd0      0x270 c:/saturn/SH_COFF/sh-coff/bin/../lib/gcc/sh-coff/3.4-GNUSH_v0501/../../../../sh-coff/lib\libc.a(signal.o)
                0x06027c90                _raise_r
                0x06027e18                __sigtramp
                0x06027dc4                raise
                0x06027e00                _init_signal
                0x06027d50                __sigtramp_r
                0x06027de0                signal
                0x06027c1c                _signal_r
                0x06027bd0                _init_signal_r
 .text          0x06027e40       0x60 c:/saturn/SH_COFF/sh-coff/bin/../lib/gcc/sh-coff/3.4-GNUSH_v0501/../../../../sh-coff/lib\libc.a(signalr.o)
                0x06027e88                _getpid_r
                0x06027e40                _kill_r
 *(.strings)

.tors           0x06027ea0        0x0
                0x06027ea0                ___ctors = .
 *(.ctors)
                0x06027ea0                ___ctors_end = .
                0x06027ea0                ___dtors = .
 *(.dtors)
                0x06027ea0                ___dtors_end = .

.data           0x06027ea0     0x4670
                0x06027ea0                STARTOF_R = .
 *(.data)
 .data          0x06027ea0      0x400 smpclib/per_x1.o
 .data          0x060282a0       0x90 game.o
                0x060282a0                powerup_names
 .data          0x06028330     0x31f0 graphics.o
                0x06029400                cyberblock_name
                0x0602837e                bit_num
                0x0602a8e6                girl2_num
                0x06029450                metalorange_name
                0x06028576                ship_size
                0x0602945e                metalorange_num
                0x06028740                chipgame_pal
                0x0602a4da                girl3_num
                0x060286ac                game_name
                0x06028f60                menufont_pal
                0x060283d2                capsule_num
                0x06028fae                menufont_num
                0x060284cc                beffect_size
                0x0602acf2                girl1_num
                0x06029410                metalorange_pal
                0x0602acf4                roarframes_pal
                0x06028730                gamestar_name
                0x06028424                blocks2_size
                0x060286dc                starnear_name
                0x06028684                gamefar_height
                0x06028578                ship_num
                0x0602b104                roarbg_pal
                0x060284c8                beffect_height
                0x0602b504                roarbg_name
                0x060284d0                explosion_pal
                0x060286f0                gamestar_pal
                0x060286a8                gamenear_width
                0x06028510                explosion_name
                0x0602847a                blocks1_num
                0x060283ce                capsule_width
                0x060283cc                capsule_height
                0x060285ce                starspr_num
                0x0602ace8                girl1_name
                0x06028b50                game_tiles_pal
                0x06028426                blocks2_num
                0x06029460                title_pal
                0x06028468                blocks1_name
                0x0602861a                font_height
                0x0602b0f4                roarframes_name
                0x0602a4d0                girl3_name
                0x06028686                gamefar_width
                0x0602a8e8                girl1_pal
                0x06028fa0                menufont_name
                0x060293be                chipframes_num
                0x06028624                ball_pal
                0x0602a0d0                girl3_pal
                0x06028b4e                chipgame_num
                0x060283d0                capsule_size
                0x060285cc                starspr_size
                0x06028428                blocks1_pal
                0x06028698                gamenear_name
                0x06028520                explosion_width
                0x06029cc2                girl5_num
                0x06028674                ball_num
                0x0602986a                title_num
                0x06028610                font_name
                0x060284ca                beffect_width
                0x0602857c                starspr_pal
                0x0602b510                roarbg_num
                0x06028670                ball_width
                0x0602940e                cyberblock_num
                0x060298b8                girl5_pal
                0x06028572                ship_height
                0x06028f5e                game_tiles_num
                0x0602866e                ball_height
                0x060286a6                gamenear_height
                0x0602861c                font_width
                0x060298b6                stars_num
                0x06028672                ball_size
                0x0602837c                bit_size
                0x06028574                ship_width
                0x06029860                title_name
                0x060293b0                chipframes_name
                0x060286bc                starfar_name
                0x06028474                blocks1_height
                0x060298ac                stars_name
                0x06028370                bit_name
                0x0602873e                gamestar_num
                0x06028694                gamemid_height
                0x06028528                ship_pal
                0x06028664                ball_name
                0x06028620                font_num
                0x060285d0                font_pal
                0x060286da                starmid_width
                0x060286ec                starnear_width
                0x06028688                gamemid_name
                0x06028330                bit_pal
                0x06028422                blocks2_width
                0x06028478                blocks1_size
                0x060285ca                starspr_width
                0x06028fb0                chipframes_pal
                0x060286b6                game_height
                0x060286c8                starfar_height
                0x06028524                explosion_num
                0x0602a0ce                girl4_num
                0x060283c0                capsule_name
                0x06028696                gamemid_width
                0x06028420                blocks2_height
                0x060284bc                beffect_name
                0x06028476                blocks1_width
                0x0602861e                font_size
                0x06028414                blocks2_name
                0x06028378                bit_height
                0x060285bc                starspr_name
                0x0602b102                roarframes_num
                0x060293c0                cyberblock_pal
                0x060286ea                starnear_height
                0x060286cc                starmid_name
                0x06028568                ship_name
                0x06029cb8                girl5_name
                0x06029cc4                girl4_pal
                0x060283d4                blocks2_pal
                0x0602837a                bit_width
                0x060286d8                starmid_height
                0x0602986c                stars_pal
                0x06028678                gamefar_name
                0x06028380                capsule_pal
                0x06028f50                game_tiles_name
                0x060284ce                beffect_num
                0x060285c8                starspr_height
                0x0602847c                beffect_pal
                0x0602a0c4                girl4_name
                0x060286b8                game_width
                0x0602a4dc                girl2_pal
                0x060286ca                starfar_width
                0x06028522                explosion_size
                0x0602851e                explosion_height
                0x06028b40                chipgame_name
                0x0602a8dc                girl2_name
 .data          0x0602b520      0x1a0 intro.o
 .data          0x0602b6c0       0x90 level.o
                0x0602b6c4                level_blocks
                0x0602b6c0                level_lengths
                0x0602b6c8                level0_blocks
 .data          0x0602b750       0x40 logo.o
 .data          0x0602b790       0x80 menu.o
                0x0602b790                cutscene
 .data          0x0602b810       0x10 pcmsys.o
                0x0602b814                scsp_load
                0x0602b818                m68k_com
                0x0602b810                master_volume
 .data          0x0602b820       0x40 scroll.o
                0x0602b830                CycleTbLoRes
                0x0602b850                vram
                0x0602b840                char_offsets
                0x0602b820                CycleTbHiRes
 .data          0x0602b860       0x30 sprite.o
 .data          0x0602b890      0x400 c:/saturn/sbl6/segalib/lib/sega_int.a(int.o)
 .data          0x0602bc90       0x1c c:/saturn/sbl6/segalib/lib/sega_spr.a(spr_slv.o)
                0x0602bc98                SPR_SlaveParam
                0x0602bca8                SPR_SMPC_SF
                0x0602bca0                SPR_SMPC_COM
                0x0602bc9c                SPR_SlaveSHEntry
                0x0602bc94                SPR_SlaveState
                0x0602bc90                SPR_SlaveCommand
                0x0602bca4                SPR_SMPC_RET
 *fill*         0x0602bcac        0x4 00
 .data          0x0602bcb0       0x34 c:/saturn/sbl6/segalib/lib/sega_spr.a(spr_1c.o)
                0x0602bcb0                SpInitialFlag
 *fill*         0x0602bce4        0xc 00
 .data          0x0602bcf0       0x1c c:/saturn/sbl6/segalib/lib/sega_scl.a(scl_vblv.o)
                0x0602bcf8                VBInterval
                0x0602bd00                ReqDisplayFlag
                0x0602bcf0                SpFrameChgMode
                0x0602bcfc                VBIntervalCounter
                0x0602bcf4                SpFrameEraseMode
 *fill*         0x0602bd0c        0x4 00
 .data          0x0602bd10       0x18 c:/saturn/sbl6/segalib/lib/sega_scl.a(scl_pri.o)
                0x0602bd14                SclRealSpPriNum
                0x0602bd24                SclRealColOffset
                0x0602bd20                SclRealBgColMix
                0x0602bd1c                SclRealSpColMix
                0x0602bd18                SclRealBgPriNum
                0x0602bd10                SclRealOtherPri
 *fill*         0x0602bd28        0x8 00
 .data          0x0602bd30       0x36 c:/saturn/sbl6/segalib/lib/sega_scl.a(scl_func.o)
                0x0602bd40                SclRotregBuff
                0x0602bd3c                SclDisplayY
                0x0602bd44                SclRotateTableMode
                0x0602bd38                SclProcess
                0x0602bd34                SclCurSclNum
                0x0602bd30                SclLengthLsTbl
                0x0602bd3a                SclDisplayX
                0x0602bd32                SclLengthCsTbl
 *fill*         0x0602bd66        0xa 00
 .data          0x0602bd70        0x4 c:/saturn/sbl6/segalib/lib/sega_mth.a(mth_rand.o)
 *fill*         0x0602bd74        0xc 00
 .data          0x0602bd80      0x380 c:/saturn/SH_COFF/sh-coff/bin/../lib/gcc/sh-coff/3.4-GNUSH_v0501/../../../../sh-coff/lib\libc.a(impure.o)
                0x0602c0fc                _impure_ptr
 .data          0x0602c100      0x410 c:/saturn/SH_COFF/sh-coff/bin/../lib/gcc/sh-coff/3.4-GNUSH_v0501/../../../../sh-coff/lib\libc.a(mallocr.o)
                0x0602c108                __malloc_av_
                0x0602c104                __malloc_trim_threshold
                0x0602c100                __malloc_sbrk_base
                0x0602c510                SIZEOF_R = (. - STARTOF_R)
                0x0602c510                ENDOF_R = .

.bss            0x0602c510    0x103f4
                0x0602c510                STARTOF_B = .
 *(.bss)
 .bss           0x0602c510       0x10 vblank.o
                0x0602c514                PadData2E
                0x0602c51a                PadData1
                0x0602c516                PadData2
                0x0602c518                PadData1E
                0x0602c510                __port
 .bss           0x0602c520       0xe0 smpclib/per_x2.o
 .bss           0x0602c600       0x10 ball.o
 .bss           0x0602c610       0x10 capsule.o
 .bss           0x0602c620       0x40 game.o
                0x0602c624                bit_left
                0x0602c620                bit_right
                0x0602c628                bit_ship
                0x0602c62c                turbo
                0x0602c630                powerup_cursor
 .bss           0x0602c660     0x1970 intro.o
 .bss           0x0602dfd0     0x13a0 level.o
 .bss           0x0602f370       0x10 logo.o
 .bss           0x0602f380       0x60 menu.o
 .bss           0x0602f3e0       0x10 pcmsys.o
                0x0602f3e0                numberPCMs
 .bss           0x0602f3f0       0x10 scroll.o
                0x0602f3f0                scroll_res
 .bss           0x0602f400     0x3d00 sprite.o
                0x0602f400                num_sprites
 .bss           0x06033100       0x10 main.o
                0x06033100                frame
 .bss           0x06033110       0x6e c:/saturn/sbl6/segalib/lib/sega_spr.a(spr_2c.o)
 *fill*         0x0603317e        0x2 00
 .bss           0x06033180        0x4 c:/saturn/sbl6/segalib/lib/sega_scl.a(scl_vblv.o)
 *fill*         0x06033184        0xc 00
 .bss           0x06033190     0x1900 c:/saturn/sbl6/segalib/lib/sega_scl.a(scl_fu05.o)
 .bss           0x06034a90        0x4 c:/saturn/sbl6/segalib/lib/sega_scl.a(scl_func.o)
 *fill*         0x06034a94        0xc 00
 .bss           0x06034aa0       0x48 c:/saturn/sbl6/segalib/lib/sega_scl.a(scl_ro00.o)
 *fill*         0x06034ae8        0x8 00
 .bss           0x06034af0        0xc c:/saturn/sbl6/segalib/lib/sega_cdc.a(cdc_sub.o)
 *fill*         0x06034afc        0x4 00
 .bss           0x06034b00        0x2 c:/saturn/sbl6/segalib/lib/sega_cdc.a(cdc_reg.o)
 *fill*         0x06034b02        0xe 00
 .bss           0x06034b10       0x9c c:/saturn/sbl6/segalib/lib/sega_per.a(per_prt.o)
 *fill*         0x06034bac        0x4 00
 .bss           0x06034bb0        0xc c:/saturn/sbl6/segalib/lib/sega_sat.a(DMA_SCU1.o)
 *fill*         0x06034bbc        0x4 00
 .bss           0x06034bc0        0xc c:/saturn/sbl6/segalib/lib/sega_sat.a(gfs_trn.o)
 *fill*         0x06034bcc        0x4 00
 .bss           0x06034bd0       0x20 c:/saturn/sbl6/segalib/lib/sega_sat.a(DMA_SCU0.o)
 .bss           0x06034bf0       0x10 c:/saturn/SH_COFF/sh-coff/bin/../lib/gcc/sh-coff/3.4-GNUSH_v0501\libgcc.a(__main.o)
 .bss           0x06034c00       0x10 c:/saturn/SH_COFF/sh-coff/bin/../lib/gcc/sh-coff/3.4-GNUSH_v0501/../../../../sh-coff/lib\libc.a(atexit.o)
 .bss           0x06034c10       0x40 c:/saturn/SH_COFF/sh-coff/bin/../lib/gcc/sh-coff/3.4-GNUSH_v0501/../../../../sh-coff/lib\libc.a(mallocr.o)
                0x06034c40                __malloc_top_pad
                0x06034c10                __malloc_current_mallinfo
                0x06034c3c                __malloc_max_sbrked_mem
                0x06034c38                __malloc_max_total_mem
 .bss           0x06034c50       0x10 c:/saturn/SH_COFF/sh-coff/bin/../lib/gcc/sh-coff/3.4-GNUSH_v0501/../../../../sh-coff/lib\libc.a(syscalls.o)
 *(COMMON)
 COMMON         0x06034c60        0x8 vblank.o
                                  0x0 (size before relaxing)
                0x06034c60                PadAnalogR1
                0x06034c61                PadAnalogL1
                0x06034c62                PadAnalogY1
                0x06034c63                PadAnalogX1
                0x06034c64                PadID1
 *fill*         0x06034c68        0x8 00
 COMMON         0x06034c70      0x1e4 ball.o
                                  0x0 (size before relaxing)
                0x06034c70                ball_sprites
                0x06034e50                ball_count
 *fill*         0x06034e54        0xc 00
 COMMON         0x06034e60       0xa0 capsule.o
                                  0x0 (size before relaxing)
                0x06034e60                capsules
 COMMON         0x06034f00     0x1674 cd.o
                                  0x0 (size before relaxing)
                0x06034f00                dirname
                0x06035860                lib_work
                0x06036568                directory_table
 *fill*         0x06036574        0xc 00
 COMMON         0x06036580       0x20 game.o
                                  0x0 (size before relaxing)
                0x06036580                ship_sprite
                0x06036584                explosion_charno
                0x06036588                capsule_charno
                0x0603658c                bit_charno
                0x06036590                block_charno
                0x06036594                ship_left
                0x06036598                ship_right
                0x0603659c                ball_charno
 COMMON         0x060365a0     0x14a0 print.o
                                  0x0 (size before relaxing)
                0x060365a0                text
 COMMON         0x06037a40      0x230 scroll.o
                                  0x0 (size before relaxing)
                0x06037a40                scfg
 COMMON         0x06037c70     0x3180 sprite.o
                                  0x0 (size before relaxing)
                0x06037c70                sprites
                0x06038df0                sprite_buf
 COMMON         0x0603adf0       0x8c main.o
                                  0x0 (size before relaxing)
                0x0603adf0                off_config
 *fill*         0x0603ae7c        0x4 00
 COMMON         0x0603ae80      0x400 c:/saturn/sbl6/segalib/lib/sega_int.a(int.o)
                                  0x0 (size before relaxing)
                0x0603ae80                __interrupt_vector
 COMMON         0x0603b280       0x50 c:/saturn/sbl6/segalib/lib/sega_spr.a(spr_2c.o)
                                  0x0 (size before relaxing)
                0x0603b280                SpMstCmd
                0x0603b284                Sp2OpenFlag
                0x0603b288                SpGourTblMax
                0x0603b28c                SpDrawPrtyBlk
                0x0603b290                SpLCoordX
                0x0603b294                SpMstDrawPrtyBlk
                0x0603b298                SpGourTbl
                0x0603b29c                SpLookupTblR
                0x0603b2a0                SpCmdTbl
                0x0603b2a4                SpCharMax
                0x0603b2a8                SpDrawPrtyProcFlag
                0x0603b2ac                SpCmdNo
                0x0603b2b0                SpDrawPrtyBlkMax
                0x0603b2b4                SpSlvCmdPos
                0x0603b2b8                SpSlvDrawPrtyBlk
                0x0603b2bc                SpCharTbl
                0x0603b2c0                SpCmdTblR
                0x0603b2c4                SpMstCmdPos
                0x0603b2c8                SpSlvCmd
                0x0603b2cc                SpLCoordY
 COMMON         0x0603b2d0       0x10 c:/saturn/sbl6/segalib/lib/sega_spr.a(spr_1c.o)
                                  0x0 (size before relaxing)
                0x0603b2d0                SpScreenY
                0x0603b2d4                SpFbcrMode
                0x0603b2d6                SpDil
                0x0603b2d8                SpDie
                0x0603b2da                SpTvMode
                0x0603b2dc                SpScreenX
 COMMON         0x0603b2e0      0x6b0 c:/saturn/sbl6/segalib/lib/sega_scl.a(scl_pri.o)
                                  0x0 (size before relaxing)
                0x0603b2e0                SclAutoEndBlue2
                0x0603b2f0                SclColOffset
                0x0603b300                SclPriBuffDirty
                0x0603b302                SclAutoEndRed
                0x0603b304                SclAutoSurface
                0x0603b308                SclAutoGreen
                0x0603b30a                SclAutoEndGreen
                0x0603b30c                SclAutoCount
                0x0603b310                SclColRamAlloc256
                0x0603b330                SclAutoCurRate
                0x0603b331                SclAutoPlusFlag
                0x0603b338                SclSpColMix
                0x0603b340                SclAutoMax
                0x0603b344                SclLineColRamOffset
                0x0603b348                SclColRamAlloc2048
                0x0603b34c                SclBgPriNum
                0x0603b352                SclAutoEndBlue
                0x0603b354                SclAutoEndGreen2
                0x0603b356                SclAutoVeFlag
                0x0603b358                SclBgColMix
                0x0603b360                SclAutoIndex
                0x0603b364                SclAutoEndRate
                0x0603b366                SclAutoBlue
                0x0603b368                SclAutoRed
                0x0603b36c                SclAutoInterval
                0x0603b370                SclOtherPri
                0x0603b380                SclAutoRGB
                0x0603b980                SclAutoEndRed2
                0x0603b988                SclSpPriNum
 COMMON         0x0603b990      0xf00 c:/saturn/sbl6/segalib/lib/sega_scl.a(scl_func.o)
                                  0x0 (size before relaxing)
                0x0603b990                SclRbgKtbAddr
                0x0603b998                SclRb
                0x0603b99a                Scl_flag
                0x0603b9a0                SclK_TableBuff
                0x0603c670                SclAddrCsTbl
                0x0603c680                Scl_s_reg
                0x0603c6a8                SclRotateXy
                0x0603c6b0                Scl_d_reg
                0x0603c6f8                SclRotateDisp
                0x0603c700                SclRotateMoveZ
                0x0603c708                SclRotXySw
                0x0603c710                Scl_r_reg
                0x0603c720                SclRPMD
                0x0603c728                SclRbgKtbOffset
                0x0603c730                _SclRotregBuff
                0x0603c800                SclRa
                0x0603c808                SclRotateZ
                0x0603c810                SclAddrLsTbl
                0x0603c818                SclK_TableNum
                0x0603c820                SclRotateTableAddress
                0x0603c824                SclK_TableFlag
                0x0603c830                Scl_w_reg
                0x0603c850                Scl_n_reg
 COMMON         0x0603c890       0x10 c:/saturn/sbl6/segalib/lib/sega_scl.a(scl_ro00.o)
                                  0x0 (size before relaxing)
                0x0603c890                SclCsx
                0x0603c898                SclCsy
 COMMON         0x0603c8a0       0x15 c:/saturn/sbl6/segalib/lib/sega_per.a(per_prt.o)
                                  0x0 (size before relaxing)
                0x0603c8a0                per_get_time_flg
                0x0603c8a1                per_hot_res
                0x0603c8a2                per_set_sys_flg
                0x0603c8a4                per_get_time_adr
                0x0603c8a8                per_get_sys_data
                0x0603c8b4                per_time_out_flg
 *fill*         0x0603c8b5        0xb 00
 COMMON         0x0603c8c0        0xc c:/saturn/sbl6/segalib/lib/sega_sat.a(gfs.o)
                                  0x0 (size before relaxing)
                0x0603c8c0                GFMC_base
                0x0603c8c4                gfs_mng_ptr
                0x0603c8c8                gfs_use_scudma
 *fill*         0x0603c8cc        0x4 00
 COMMON         0x0603c8d0        0x8 c:/saturn/sbl6/segalib/lib/sega_sat.a(gfs_cdf.o)
                                  0x0 (size before relaxing)
                0x0603c8d0                gfcf_fad
                0x0603c8d4                gfcf_stat
 *fill*         0x0603c8d8        0x8 00
 COMMON         0x0603c8e0        0xc c:/saturn/sbl6/segalib/lib/sega_sat.a(gfs_cdc.o)
                                  0x0 (size before relaxing)
                0x0603c8e0                gfcd_fatal_err
                0x0603c8e4                gfcd_work
                0x0603c8e8                gfcd_playflag
 *fill*         0x0603c8ec        0x4 00
 COMMON         0x0603c8f0        0x8 c:/saturn/sbl6/segalib/lib/sega_sat.a(DMA_CPU5.o)
                                  0x0 (size before relaxing)
                0x0603c8f0                dma_cpu_cnt
                0x0603c8f4                dma_cpu_dis_adr
 *fill*         0x0603c8f8        0x8 00
 COMMON         0x0603c900        0x4 c:/saturn/SH_COFF/sh-coff/bin/../lib/gcc/sh-coff/3.4-GNUSH_v0501/../../../../sh-coff/lib\libc.a(syscalls.o)
                                  0x0 (size before relaxing)
                0x0603c900                errno
                0x0603c904                SIZEOF_B = (. - STARTOF_B)
                0x0603c904                ENDOF_B = .
                0x0603c904                _end = .
OUTPUT(main.cof coff-sh)

.comment        0x0603c910      0x5c0
 .comment       0x0603c910       0x20 c:/saturn/sbl6/segasmp/lib/strt2_g.o
 .comment       0x0603c930       0x20 vblank.o
 .comment       0x0603c950       0x20 smpclib/per_x1.o
 .comment       0x0603c970       0x20 smpclib/per_x2.o
 .comment       0x0603c990       0x20 spritecode/explosion.o
 .comment       0x0603c9b0       0x20 ball.o
 .comment       0x0603c9d0       0x20 capsule.o
 .comment       0x0603c9f0       0x20 cd.o
 .comment       0x0603ca10       0x20 crc.o
 .comment       0x0603ca30       0x20 devcart.o
 .comment       0x0603ca50       0x20 game.o
 .comment       0x0603ca70       0x20 graphics.o
 .comment       0x0603ca90       0x20 intro.o
 .comment       0x0603cab0       0x20 level.o
 .comment       0x0603cad0       0x20 logo.o
 .comment       0x0603caf0       0x20 menu.o
 .comment       0x0603cb10       0x20 pcmsys.o
 .comment       0x0603cb30       0x20 print.o
 .comment       0x0603cb50       0x20 scroll.o
 .comment       0x0603cb70       0x20 sound.o
 .comment       0x0603cb90       0x20 sprite.o
 .comment       0x0603cbb0       0x20 main.o
 .comment       0x0603cbd0       0x20 c:/saturn/SH_COFF/sh-coff/bin/../lib/gcc/sh-coff/3.4-GNUSH_v0501\libgcc.a(_si_to_df.o)
 .comment       0x0603cbf0       0x20 c:/saturn/SH_COFF/sh-coff/bin/../lib/gcc/sh-coff/3.4-GNUSH_v0501\libgcc.a(_mul_df.o)
 .comment       0x0603cc10       0x20 c:/saturn/SH_COFF/sh-coff/bin/../lib/gcc/sh-coff/3.4-GNUSH_v0501\libgcc.a(_df_to_si.o)
 .comment       0x0603cc30       0x20 c:/saturn/SH_COFF/sh-coff/bin/../lib/gcc/sh-coff/3.4-GNUSH_v0501\libgcc.a(__main.o)
 .comment       0x0603cc50       0x20 c:/saturn/SH_COFF/sh-coff/bin/../lib/gcc/sh-coff/3.4-GNUSH_v0501\libgcc.a(_pack_df.o)
 .comment       0x0603cc70       0x20 c:/saturn/SH_COFF/sh-coff/bin/../lib/gcc/sh-coff/3.4-GNUSH_v0501\libgcc.a(_unpack_df.o)
 .comment       0x0603cc90       0x20 c:/saturn/SH_COFF/sh-coff/bin/../lib/gcc/sh-coff/3.4-GNUSH_v0501\libgcc.a(_thenan_df.o)
 .comment       0x0603ccb0       0x20 c:/saturn/SH_COFF/sh-coff/bin/../lib/gcc/sh-coff/3.4-GNUSH_v0501\libgcc.a(_muldi3.o)
 .comment       0x0603ccd0       0x20 c:/saturn/SH_COFF/sh-coff/bin/../lib/gcc/sh-coff/3.4-GNUSH_v0501\libgcc.a(_lshrdi3.o)
 .comment       0x0603ccf0       0x20 c:/saturn/SH_COFF/sh-coff/bin/../lib/gcc/sh-coff/3.4-GNUSH_v0501\libgcc.a(_ashldi3.o)
 .comment       0x0603cd10       0x20 c:/saturn/SH_COFF/sh-coff/bin/../lib/gcc/sh-coff/3.4-GNUSH_v0501/../../../../sh-coff/lib\libc.a(memcmp.o)
 .comment       0x0603cd30       0x20 c:/saturn/SH_COFF/sh-coff/bin/../lib/gcc/sh-coff/3.4-GNUSH_v0501/../../../../sh-coff/lib\libc.a(strncmp.o)
 .comment       0x0603cd50       0x20 c:/saturn/SH_COFF/sh-coff/bin/../lib/gcc/sh-coff/3.4-GNUSH_v0501/../../../../sh-coff/lib\libc.a(strncpy.o)
 .comment       0x0603cd70       0x20 c:/saturn/SH_COFF/sh-coff/bin/../lib/gcc/sh-coff/3.4-GNUSH_v0501/../../../../sh-coff/lib\libc.a(atexit.o)
 .comment       0x0603cd90       0x20 c:/saturn/SH_COFF/sh-coff/bin/../lib/gcc/sh-coff/3.4-GNUSH_v0501/../../../../sh-coff/lib\libc.a(impure.o)
 .comment       0x0603cdb0       0x20 c:/saturn/SH_COFF/sh-coff/bin/../lib/gcc/sh-coff/3.4-GNUSH_v0501/../../../../sh-coff/lib\libc.a(malloc.o)
 .comment       0x0603cdd0       0x20 c:/saturn/SH_COFF/sh-coff/bin/../lib/gcc/sh-coff/3.4-GNUSH_v0501/../../../../sh-coff/lib\libc.a(mallocr.o)
 .comment       0x0603cdf0       0x20 c:/saturn/SH_COFF/sh-coff/bin/../lib/gcc/sh-coff/3.4-GNUSH_v0501/../../../../sh-coff/lib\libc.a(freer.o)
 .comment       0x0603ce10       0x20 c:/saturn/SH_COFF/sh-coff/bin/../lib/gcc/sh-coff/3.4-GNUSH_v0501/../../../../sh-coff/lib\libc.a(mlock.o)
 .comment       0x0603ce30       0x20 c:/saturn/SH_COFF/sh-coff/bin/../lib/gcc/sh-coff/3.4-GNUSH_v0501/../../../../sh-coff/lib\libc.a(sbrkr.o)
 .comment       0x0603ce50       0x20 c:/saturn/SH_COFF/sh-coff/bin/../lib/gcc/sh-coff/3.4-GNUSH_v0501/../../../../sh-coff/lib\libc.a(syscalls.o)
 .comment       0x0603ce70       0x20 c:/saturn/SH_COFF/sh-coff/bin/../lib/gcc/sh-coff/3.4-GNUSH_v0501/../../../../sh-coff/lib\libc.a(abort.o)
 .comment       0x0603ce90       0x20 c:/saturn/SH_COFF/sh-coff/bin/../lib/gcc/sh-coff/3.4-GNUSH_v0501/../../../../sh-coff/lib\libc.a(signal.o)
 .comment       0x0603ceb0       0x20 c:/saturn/SH_COFF/sh-coff/bin/../lib/gcc/sh-coff/3.4-GNUSH_v0501/../../../../sh-coff/lib\libc.a(signalr.o)