Archive member included because of file (symbol)

c:/saturn/sbl6/segalib/lib/sega_int.a(int.o)
                              vblank.o (INT_SetScuFunc)
c:/saturn/sbl6/segalib/lib/sega_int.a(int_trmp.o)
                              c:/saturn/sbl6/segalib/lib/sega_int.a(int.o) (__interrupt_handler0)
c:/saturn/sbl6/segalib/lib/sega_spr.a(spr_2c.o)
                              sprite.o (SPR_2Initial)
c:/saturn/sbl6/segalib/lib/sega_spr.a(spr_slv.o)
                              c:/saturn/sbl6/segalib/lib/sega_spr.a(spr_2c.o) (SPR_InitSlaveSH)
c:/saturn/sbl6/segalib/lib/sega_spr.a(spr_1c.o)
                              c:/saturn/sbl6/segalib/lib/sega_spr.a(spr_2c.o) (SPR_Initial)
c:/saturn/sbl6/segalib/lib/sega_spr.a(spr_2a.o)
                              c:/saturn/sbl6/segalib/lib/sega_spr.a(spr_2c.o) (SPR_2SetDrawPrty)
c:/saturn/sbl6/segalib/lib/sega_scl.a(scl_vblv.o)
                              c:/saturn/sbl6/segalib/lib/sega_spr.a(spr_1c.o) (SpFrameChgMode)
c:/saturn/sbl6/segalib/lib/sega_scl.a(scl_pr12.o)
                              cutscene.o (SCL_SetColOffset)
c:/saturn/sbl6/segalib/lib/sega_scl.a(scl_pr02.o)
                              cutscene.o (SCL_SetColRam)
c:/saturn/sbl6/segalib/lib/sega_scl.a(scl_pr11.o)
                              cutscene.o (SCL_SetAutoColOffset)
c:/saturn/sbl6/segalib/lib/sega_scl.a(scl_pr07.o)
                              game.o (SCL_SetPriority)
c:/saturn/sbl6/segalib/lib/sega_scl.a(scl_pri.o)
                              c:/saturn/sbl6/segalib/lib/sega_scl.a(scl_pr11.o) (SclAutoVeFlag)
c:/saturn/sbl6/segalib/lib/sega_scl.a(scl_pr10.o)
                              intro.o (SCL_SetAutoColMix)
c:/saturn/sbl6/segalib/lib/sega_scl.a(scl_fu05.o)
                              intro.o (SCL_InitLineParamTb)
c:/saturn/sbl6/segalib/lib/sega_scl.a(scl_func.o)
                              c:/saturn/sbl6/segalib/lib/sega_scl.a(scl_fu05.o) (SclLengthLsTbl)
c:/saturn/sbl6/segalib/lib/sega_scl.a(scl_pr01.o)
                              scroll.o (SCL_SetSpriteMode)
c:/saturn/sbl6/segalib/lib/sega_scl.a(scl_fu01.o)
                              scroll.o (SCL_SetDisplayMode)
c:/saturn/sbl6/segalib/lib/sega_scl.a(scl_fu04.o)
                              scroll.o (SCL_SetCycleTable)
c:/saturn/sbl6/segalib/lib/sega_scl.a(scl_pr03.o)
                              scroll.o (SCL_AllocColRam)
c:/saturn/sbl6/segalib/lib/sega_scl.a(scl_back.o)
                              scroll.o (SCL_SetBack)
c:/saturn/sbl6/segalib/lib/sega_scl.a(scl_fu03.o)
                              scroll.o (SCL_InitConfigTb)
c:/saturn/sbl6/segalib/lib/sega_scl.a(scl_fu02.o)
                              scroll.o (SCL_InitVramConfigTb)
c:/saturn/sbl6/segalib/lib/sega_scl.a(scl_pr09.o)
                              scroll.o (SCL_SetColMixMode)
c:/saturn/sbl6/segalib/lib/sega_scl.a(scl_pr05.o)
                              c:/saturn/sbl6/segalib/lib/sega_scl.a(scl_pr02.o) (SCL_GetColRamOffset)
c:/saturn/sbl6/segalib/lib/sega_scl.a(scl_ro00.o)
                              c:/saturn/sbl6/segalib/lib/sega_scl.a(scl_func.o) (SCL_Rotate)
c:/saturn/sbl6/segalib/lib/sega_scl.a(scl_pr06.o)
                              c:/saturn/sbl6/segalib/lib/sega_scl.a(scl_pr03.o) (SCL_SetColRamOffset)
c:/saturn/sbl6/segalib/lib/sega_mth.a(mth_tri.o)
                              ball.o (MTH_Sin)
c:/saturn/sbl6/segalib/lib/sega_mth.a(mth_fixd.o)
                              ball.o (MTH_Mul)
c:/saturn/sbl6/segalib/lib/sega_mth.a(mth_rand.o)
                              main.o (MTH_InitialRand)
c:/saturn/sbl6/segalib/lib/sega_cdc.a(cdc_drv.o)
                              sound.o (CDC_CdPlay)
c:/saturn/sbl6/segalib/lib/sega_cdc.a(cdc_cmn.o)
                              main.o (CDC_GetPeriStat)
c:/saturn/sbl6/segalib/lib/sega_cdc.a(cdc_sub.o)
                              c:/saturn/sbl6/segalib/lib/sega_cdc.a(cdc_cmn.o) (CDSUB_UpdStatus)
c:/saturn/sbl6/segalib/lib/sega_cdc.a(cdc_reg.o)
                              c:/saturn/sbl6/segalib/lib/sega_cdc.a(cdc_cmn.o) (CDREG_ClrHirqReq)
c:/saturn/sbl6/segalib/lib/sega_per.a(per_prt.o)
                              smpclib/per_x2.o (PER_LInit)
c:/saturn/sbl6/segalib/lib/sega_sat.a(gfs.o)
                              cd.o (GFS_Init)
c:/saturn/sbl6/segalib/lib/sega_sat.a(DMA_CPU1.o)
                              game.o (DMA_CpuMemCopy1)
c:/saturn/sbl6/segalib/lib/sega_sat.a(DMA_CPU2.o)
                              intro.o (DMA_CpuMemCopy2)
c:/saturn/sbl6/segalib/lib/sega_sat.a(DMA_SCU1.o)
                              c:/saturn/sbl6/segalib/lib/sega_spr.a(spr_2c.o) (DMA_ScuMemCopy)
c:/saturn/sbl6/segalib/lib/sega_sat.a(gfs_cdf.o)
                              c:/saturn/sbl6/segalib/lib/sega_sat.a(gfs.o) (GFCF_Init)
c:/saturn/sbl6/segalib/lib/sega_sat.a(gfs_dir.o)
                              c:/saturn/sbl6/segalib/lib/sega_sat.a(gfs.o) (GFDR_SetupDirTbl)
c:/saturn/sbl6/segalib/lib/sega_sat.a(gfs_trn.o)
[...]
Memory Configuration

Name             Origin             Length             Attributes
*default*        0x00000000         0xffffffff

Linker script and memory map

LOAD c:/saturn/sbl6/segasmp/lib/strt1_g.o
LOAD c:/saturn/sbl6/segasmp/lib/strt2_g.o
LOAD vblank.o
LOAD smpclib/per_x1.o
LOAD smpclib/per_x2.o
LOAD smpclib/per_x3.o
LOAD spritecode/explosion.o
LOAD ball.o
LOAD barrier.o
LOAD capsule.o
LOAD cutscene.o
LOAD cd.o
LOAD crc.o
LOAD devcart.o
LOAD game.o
LOAD graphics.o
LOAD intro.o
LOAD laser.o
LOAD level.o
LOAD logo.o
LOAD menu.o
LOAD pcmsys.o
LOAD print.o
LOAD scroll.o
LOAD soon.o
LOAD sound.o
LOAD sprite.o
LOAD main.o
LOAD c:/saturn/sbl6/segalib/lib/sega_int.a
LOAD c:/saturn/sbl6/segalib/lib/sega_spr.a
LOAD c:/saturn/sbl6/segalib/lib/sega_scl.a
LOAD c:/saturn/sbl6/segalib/lib/sega_mth.a
LOAD c:/saturn/sbl6/segalib/lib/sega_cdc.a
LOAD c:/saturn/sbl6/segalib/lib/sega_adp.a
LOAD c:/saturn/sbl6/segalib/lib/sega_per.a
LOAD c:/saturn/sbl6/segalib/lib/sega_sat.a
LOAD c:/saturn/SH_COFF/sh-coff/bin/../lib/gcc/sh-coff/3.4-GNUSH_v0501\libgcc.a
LOAD c:/saturn/SH_COFF/sh-coff/bin/../lib/gcc/sh-coff/3.4-GNUSH_v0501/../../../../sh-coff/lib\libc.a
LOAD c:/saturn/SH_COFF/sh-coff/bin/../lib/gcc/sh-coff/3.4-GNUSH_v0501\libgcc.a

.text           0x06010000    0x192c0
 *(.text)
 .text          0x06010000       0x30 c:/saturn/sbl6/segasmp/lib/strt1_g.o
                0x06010024                _D_END
                0x06010020                _D_BGN
                0x0601002c                _B_END
                0x06010028                _B_BGN
                0x06010000                START
 .text          0x06010030       0x60 c:/saturn/sbl6/segasmp/lib/strt2_g.o
                0x06010050                _INITSCT
                0x06010030                _INIT
 .text          0x06010090      0x1d0 vblank.o
                0x06010090                SetVblank
                0x06010110                UsrVblankOut
                0x060100f0                UsrVblankIn
 .text          0x06010260      0x240 smpclib/per_x1.o
                0x06010440                PER_GetAnalogXYZ
                0x06010280                PER_GetTriggerHandler
                0x060103d0                PER_GetEdge
                0x06010390                PER_GetTrigger
                0x060103e0                PER_GetPressEdge
                0x06010410                PER_GetReleaseEdge
                0x06010260                PER_SetTriggerHandler
 .text          0x060104a0      0x180 smpclib/per_x2.o
                0x06010580                PER_GetDeviceA
                0x060104a0                PER_OpenPort
                0x060104d0                PER_GetPort
                0x060105c0                PER_GetDeviceR
 .text          0x06010620       0x20 smpclib/per_x3.o
                0x06010620                PER_DisguiseTrigger
 .text          0x06010640       0xb0 spritecode/explosion.o
                0x060106a0                explosion_move
                0x06010640                explosion_make
 .text          0x060106f0      0x4e0 ball.o
                0x06010910                ball_move
                0x06010820                ball_remove
                0x06010710                ball_add
                0x06010870                ball_bounce
                0x060106f0                ball_init
                0x06010b50                ball_draw
 .text          0x06010bd0      0x1d0 barrier.o
                0x06010c00                barrier_move
                0x06010bd0                barrier_init
                0x06010ce0                barrier_draw
 .text          0x06010da0      0x230 capsule.o
                0x06010e50                capsule_run
                0x06010dc0                capsule_add
                0x06010f70                capsule_draw
                0x06010e00                capsule_remove
                0x06010da0                capsule_init
 .text          0x06010fd0      0x260 cutscene.o
                0x06010fd0                cutscene_run
 .text          0x06011230      0x120 cd.o
                0x060112d0                cd_load_nosize
                0x06011230                cd_init
                0x06011260                cd_load
 .text          0x06011350      0x140 crc.o
                0x06011450                crc_update
 .text          0x06011490      0x1c0 devcart.o
                0x06011610                devcart_reset
                0x06011500                devcart_loadfile
                0x06011600                devcart_printstr
 .text          0x06011650     0x18d0 game.o
                0x06011750                game_incpowerup
                0x060118f0                game_run
                0x06011850                game_loss
                0x060117a0                game_powerupreset
 .text          0x06012f20      0xe80 intro.o
                0x06012f20                intro_run
 .text          0x06013da0      0x180 laser.o
                0x06013dc0                laser_add
                0x06013e00                laser_remove
                0x06013eb0                laser_draw
                0x06013da0                laser_init
                0x06013e40                laser_move
 .text          0x06013f20      0x740 level.o
                0x06014250                level_disp
                0x06013f20                level_load
 .text          0x06014660      0x390 logo.o
                0x060146c0                logo_run
                0x06014660                logo_loadframe
 .text          0x060149f0      0xc10 menu.o
                0x06014d20                menu_run
                0x06014bd0                sqrt32
 .text          0x06015600      0x8c0 pcmsys.o
                0x06015cc0                load_8bit_pcm
                0x06015a20                smpc_issue_command
                0x06015ac0                load_drv
                0x06015e50                pcm_parameter_change
                0x06015a00                smpc_wait_till_ready
                0x06015a40                load_driver_binary
                0x06015e10                pcm_play
                0x06015e80                pcm_cease
                0x06015b10                calculate_bytes_per_blank
                0x06015b60                load_16bit_pcm
 .text          0x06015ec0      0x230 print.o
                0x06016050                print_display
                0x06015fa0                print_num
                0x06015ec0                print_load
                0x06015f70                print_init
                0x06015ff0                print_string
 .text          0x060160f0      0x690 scroll.o
                0x060160f0                scroll_lores
                0x06016530                scroll_move
                0x06016580                scroll_clearmaps
                0x060164e0                scroll_set
                0x060165d0                scroll_charsize
                0x06016620                scroll_mapsize
                0x06016160                scroll_hires
                0x06016670                scroll_bitmapon
                0x060166f0                scroll_bitmapoff
                0x060162b0                scroll_init
                0x060161d0                scroll_scale
 .text          0x06016780      0x270 soon.o
                0x06016870                soon_clearcol
                0x06016840                soon_loadcol
                0x06016780                soon_init
                0x060168a0                soon_run
 .text          0x060169f0      0x250 sound.o
                0x06016c20                sound_play
                0x06016a80                sound_init
                0x06016bc0                sound_cdda
 .text          0x06016c40      0x5f0 sprite.o
                0x06016c70                sprite_init
                0x06017060                sprite_make
                0x060171a0                sprite_next
                0x06016d20                sprite_erase
                0x06017200                sprite_delete
                0x060170b0                sprite_draw_all
                0x06016c40                sprite_deleteall
                0x06016d80                sprite_startdraw
                0x06016e00                sprite_draw
 .text          0x06017230      0x270 main.o
                0x06017230                main
 .text          0x060174a0       0x40 c:/saturn/sbl6/segalib/lib/sega_int.a(int.o)
                0x060174cc                INT_GetScuFunc
                0x060174a0                INT_SetScuFunc
 .text          0x060174e0      0x624 c:/saturn/sbl6/segalib/lib/sega_int.a(int_trmp.o)
                0x06017648                __interrupt_handler60
                0x060177f8                __interrupt_handler132
                0x060179ae                __interrupt_handler205
                0x06017816                __interrupt_handler137
                0x06017744                __interrupt_handler102
                0x06017582                __interrupt_handler27
                0x06017984                __interrupt_handler198
                0x06017876                __interrupt_handler153
                0x0601755e                __interrupt_handler21
                0x0601766c                __interrupt_handler66
                0x0601775c                __interrupt_handler106
                0x060178a6                __interrupt_handler161
                0x060176f0                __interrupt_handler88
                0x060178be                __interrupt_handler165
                0x060177ce                __interrupt_handler125
                0x06017504                __interrupt_handler6
                0x060175a0                __interrupt_handler32
                0x0601795a                __interrupt_handler191
                0x06017a74                __interrupt_handler238
                0x06017a8c                __interrupt_handler242
                0x06017894                __interrupt_handler158
                0x060176fc                __interrupt_handler90
                0x060178b8                __interrupt_handler164
                0x060175dc                __interrupt_handler42
                0x0601791e                __interrupt_handler181
                0x06017a26                __interrupt_handler225
                0x06017ace                __interrupt_handler253
                0x060178e2                __interrupt_handler171
                0x0601769c                __interrupt_handler74
                0x060174f2                __interrupt_handler3
                0x06017636                __interrupt_handler57
                0x06017534                __interrupt_handler14
                0x060179cc                __interrupt_handler210
                0x060179fc                __interrupt_handler218
                0x060179c0                __interrupt_handler208
                0x060175c4                __interrupt_handler38
                0x060174e0                __interrupt_handler0
                0x06017750                __interrupt_handler104
                0x0601788e                __interrupt_handler157
                0x060179de                __interrupt_handler213
                0x060178d0                __interrupt_handler168
                0x060176de                __interrupt_handler85
                0x0601777a                __interrupt_handler111
                0x0601778c                __interrupt_handler114
                0x060175fa                __interrupt_handler47
                0x06017a50                __interrupt_handler232
                0x06017a1a                __interrupt_handler223
                0x06017a6e                __interrupt_handler237
                0x0601765a                __interrupt_handler63
                0x060175e8                __interrupt_handler44
                0x060178fa                __interrupt_handler175
                0x06017924                __interrupt_handler182
                0x0601793c                __interrupt_handler186
                0x0601783a                __interrupt_handler143
                0x06017762                __interrupt_handler107
                0x060177c8                __interrupt_handler124
                0x060178e8                __interrupt_handler172
                0x06017a9e                __interrupt_handler245
                0x0601771a                __interrupt_handler95
                0x060177f2                __interrupt_handler131
                0x06017804                __interrupt_handler134
                0x06017822                __interrupt_handler139
                0x06017690                __interrupt_handler72
                0x06017a4a                __interrupt_handler231
                0x060178a0                __interrupt_handler160
                0x060177e6                __interrupt_handler129
                0x06017558                __interrupt_handler20
                0x06017666                __interrupt_handler65
                0x06017630                __interrupt_handler56
                0x0601752e                __interrupt_handler13
                0x060179c6                __interrupt_handler209
                0x06017780                __interrupt_handler112
                0x06017552                __interrupt_handler19
                0x0601770e                __interrupt_handler93
                0x06017978                __interrupt_handler196
                0x0601786a                __interrupt_handler151
                0x060178ca                __interrupt_handler167
                0x06017ae0                __trampoline
                0x06017546                __interrupt_handler17
                0x06017a38                __interrupt_handler228
                0x06017ada                __interrupt_handler255
                0x06017a98                __interrupt_handler244
                0x06017732                __interrupt_handler99
                0x0601792a                __interrupt_handler183
                0x06017828                __interrupt_handler140
                0x0601794e                __interrupt_handler189
                0x0601784c                __interrupt_handler146
                0x06017a14                __interrupt_handler222
                0x06017888                __interrupt_handler156
                0x060177bc                __interrupt_handler122
                0x06017ab0                __interrupt_handler248
                0x06017600                __interrupt_handler48
                0x0601767e                __interrupt_handler69
                0x06017570                __interrupt_handler24
                0x060176f6                __interrupt_handler89
                0x060179ea                __interrupt_handler215
                0x06017ad4                __interrupt_handler254
                0x060176ea                __interrupt_handler87
                0x0601764e                __interrupt_handler61
                0x06017972                __interrupt_handler195
                0x06017864                __interrupt_handler150
                0x060175d6                __interrupt_handler41
                0x06017774                __interrupt_handler110
                0x060177da                __interrupt_handler127
                0x06017768                __interrupt_handler108
                0x06017786                __interrupt_handler113
                0x06017798                __interrupt_handler116
                0x060177b6                __interrupt_handler121
                0x060176ae                __interrupt_handler77
                0x060175ca                __interrupt_handler39
                0x060175e2                __interrupt_handler43
                0x06017ab6                __interrupt_handler249
                0x060178f4                __interrupt_handler174
                0x06017810                __interrupt_handler136
                0x06017948                __interrupt_handler188
                0x06017846                __interrupt_handler145
                0x06017516                __interrupt_handler9
                0x060176ba                __interrupt_handler79
                0x06017a32                __interrupt_handler227
                0x060175ac                __interrupt_handler34
                0x060177ec                __interrupt_handler130
                0x06017aaa                __interrupt_handler247
                0x060176a2                __interrupt_handler75
                0x060178ee                __interrupt_handler173
                0x0601761e                __interrupt_handler53
                0x0601785e                __interrupt_handler149
                0x06017ac2                __interrupt_handler251
                0x06017a56                __interrupt_handler233
                0x0601751c                __interrupt_handler10
                0x060179a8                __interrupt_handler204
                0x060176cc                __interrupt_handler82
                0x060176d2                __interrupt_handler83
                0x06017576                __interrupt_handler25
                0x06017a92                __interrupt_handler243
                0x060178ac                __interrupt_handler162
                0x060175f4                __interrupt_handler46
                0x0601790c                __interrupt_handler178
                0x060176c0                __interrupt_handler80
                0x06017654                __interrupt_handler62
                0x060174ec                __interrupt_handler2
                0x0601758e                __interrupt_handler29
                0x06017684                __interrupt_handler70
                0x0601776e                __interrupt_handler109
                0x06017858                __interrupt_handler148
                0x06017714                __interrupt_handler94
                0x06017a20                __interrupt_handler224
                0x0601774a                __interrupt_handler103
                0x060175b8                __interrupt_handler36
                0x060177d4                __interrupt_handler126
                0x06017aa4                __interrupt_handler246
                0x0601762a                __interrupt_handler55
                0x06017528                __interrupt_handler12
                0x06017618                __interrupt_handler52
                0x06017942                __interrupt_handler187
                0x06017840                __interrupt_handler144
                0x0601779e                __interrupt_handler117
                0x0601754c                __interrupt_handler18
                0x0601797e                __interrupt_handler197
                0x06017870                __interrupt_handler152
                0x060177a4                __interrupt_handler118
                0x060178dc                __interrupt_handler170
                0x06017996                __interrupt_handler201
                0x06017726                __interrupt_handler97
                0x060178b2                __interrupt_handler163
                0x06017918                __interrupt_handler180
                0x06017960                __interrupt_handler192
                0x06017a80                __interrupt_handler240
                0x060177c2                __interrupt_handler123
                0x060179e4                __interrupt_handler214
                0x0601759a                __interrupt_handler31
                0x06017588                __interrupt_handler28
                0x06017672                __interrupt_handler67
                0x06017678                __interrupt_handler68
                0x06017564                __interrupt_handler22
                0x0601756a                __interrupt_handler23
                0x06017900                __interrupt_handler176
                0x0601750a                __interrupt_handler7
                0x06017a0e                __interrupt_handler221
                0x060179f6                __interrupt_handler217
                0x06017a3e                __interrupt_handler229
                0x06017606                __interrupt_handler49
                0x060174f8                __interrupt_handler4
                0x060175d0                __interrupt_handler40
                0x06017792                __interrupt_handler115
                0x06017a62                __interrupt_handler235
                0x06017702                __interrupt_handler91
                0x060179b4                __interrupt_handler206
                0x06017906                __interrupt_handler177
                0x06017852                __interrupt_handler147
                0x060175be                __interrupt_handler37
                0x06017abc                __interrupt_handler250
                0x060174e6                __interrupt_handler1
                0x06017a02                __interrupt_handler219
                0x060176a8                __interrupt_handler76
                0x06017738                __interrupt_handler100
                0x0601763c                __interrupt_handler58
                0x0601753a                __interrupt_handler15
                0x060179d8                __interrupt_handler212
                0x06017a86                __interrupt_handler241
                0x0601799c                __interrupt_handler202
                0x06017966                __interrupt_handler193
                0x060176b4                __interrupt_handler78
                0x0601760c                __interrupt_handler50
                0x060175a6                __interrupt_handler33
                0x060178c4                __interrupt_handler166
                0x0601781c                __interrupt_handler138
                0x0601780a                __interrupt_handler135
                0x06017594                __interrupt_handler30
                0x06017930                __interrupt_handler184
                0x0601782e                __interrupt_handler141
                0x06017a44                __interrupt_handler230
                0x06017a68                __interrupt_handler236
                0x060177aa                __interrupt_handler119
                0x060176e4                __interrupt_handler86
                0x06017756                __interrupt_handler105
                0x060176c6                __interrupt_handler81
                0x060177b0                __interrupt_handler120
                0x060177e0                __interrupt_handler128
                0x06017624                __interrupt_handler54
                0x06017522                __interrupt_handler11
                0x0601798a                __interrupt_handler199
                0x0601787c                __interrupt_handler154
                0x060175ee                __interrupt_handler45
                0x060179f0                __interrupt_handler216
                0x060179a2                __interrupt_handler203
                0x0601773e                __interrupt_handler101
                0x060176d8                __interrupt_handler84
                0x06017936                __interrupt_handler185
                0x06017834                __interrupt_handler142
                0x0601757c                __interrupt_handler26
                0x06017660                __interrupt_handler64
                0x06017990                __interrupt_handler200
                0x060179ba                __interrupt_handler207
                0x0601796c                __interrupt_handler194
                0x06017708                __interrupt_handler92
                0x06017882                __interrupt_handler155
                0x060179d2                __interrupt_handler211
                0x060177fe                __interrupt_handler133
                0x060174fe                __interrupt_handler5
                0x06017696                __interrupt_handler73
                0x06017540                __interrupt_handler16
                0x06017a7a                __interrupt_handler239
                0x06017a5c                __interrupt_handler234
                0x060175b2                __interrupt_handler35
                0x06017642                __interrupt_handler59
                0x060178d6                __interrupt_handler169
                0x0601772c                __interrupt_handler98
                0x0601768a                __interrupt_handler71
                0x06017612                __interrupt_handler51
                0x0601789a                __interrupt_handler159
                0x06017a2c                __interrupt_handler226
                0x06017720                __interrupt_handler96
                0x06017954                __interrupt_handler190
                0x06017a08                __interrupt_handler220
                0x06017510                __interrupt_handler8
                0x06017912                __interrupt_handler179
                0x06017ac8                __interrupt_handler252
 *fill*         0x06017b04        0xc 00
 .text          0x06017b10     0x12a0 c:/saturn/sbl6/segalib/lib/sega_spr.a(spr_2c.o)
                0x06018d70                SlaveFlushDrawPrtyBlock
                0x06017b10                SPR_2Initial
                0x06018354                SPR_2SysClip
                0x060182f4                SPR_2LocalCoord
                0x06018bec                SPR_2FlushDrawPrtyBlock
                0x060188d8                SPR_2DistSpr
                0x060182dc                SPR_2FlushDrawPrty
                0x060189fc                SPR_2Cmd
                0x06017fd8                SPR_2GourTblNoToVram
                0x06018038                SPR_2GetAreaSizeInfo
                0x06017da0                SPR_2SetGourTbl
                0x0601858c                SPR_2Polygon
                0x06018014                SPR_2CharNoToVram
                0x06017d20                SPR_2SetTvMode
                0x0601817c                SPR_2CloseCommand
                0x06017d5c                SPR_2FrameEraseData
                0x06017b38                SPR_2Initial2
                0x0601876c                SPR_2ScaleSpr
                0x060183fc                SPR_2Line
                0x060180c8                SPR_2OpenCommand
                0x06017d3c                SPR_2FrameChgIntr
                0x06018648                SPR_2NormSpr
                0x06017dd0                SPR_2SetLookupTbl
                0x06017e04                SPR_2SetChar
                0x06017ffc                SPR_2LookupTblNoToVram
                0x060184d0                SPR_2PolyLine
                0x06017f70                SPR_2ClrAllChar
                0x06017f24                SPR_2ClrChar
                0x060183a0                SPR_2UserClip
 .text          0x06018db0      0x1e6 c:/saturn/sbl6/segalib/lib/sega_spr.a(spr_slv.o)
                0x06018f14                SPR_WaitEndSlaveSH
                0x06018db0                SPR_SMPC_SSHON
                0x06018ef0                SPR_RunSlaveSH
                0x06018db4                SPR_InitSlaveSH
                0x06018e7c                SPR_SlaveSHmain
                0x06018db1                SPR_SMPC_SSHOFF
 *fill*         0x06018f96        0xa 00
 .text          0x06018fa0      0x36a c:/saturn/sbl6/segalib/lib/sega_spr.a(spr_1c.o)
                0x06019254                SPR_WaitDrawEnd
                0x0601926c                SPR_SetEosMode
                0x06019184                SPR_SetEraseData
                0x06018fa0                SPR_Initial
                0x06019078                SPR_SetTvMode
                0x06019110                SPR_GetStatus
 *fill*         0x0601930a        0x6 00
 .text          0x06019310      0x244 c:/saturn/sbl6/segalib/lib/sega_spr.a(spr_2a.o)
                0x06019322                sprMemCpyW
                0x06019380                flushDrawPrtyBlock
                0x06019310                sprMemCpyL
                0x06019334                SPR_2SetDrawPrty
 *fill*         0x06019554        0xc 00
 .text          0x06019560      0x2fc c:/saturn/sbl6/segalib/lib/sega_scl.a(scl_vblv.o)
                0x0601961c                SCL_DisplayFrame
                0x06019560                SCL_SetFrameInterval
                0x06019650                SCL_VblInit
                0x060196a0                SCL_VblankStart
                0x060196e4                SCL_VblankEnd
 *fill*         0x0601985c        0x4 00
 .text          0x06019860      0x1f4 c:/saturn/sbl6/segalib/lib/sega_scl.a(scl_pr12.o)
                0x06019860                SCL_SetColOffset
 *fill*         0x06019a54        0xc 00
 .text          0x06019a60       0x9c c:/saturn/sbl6/segalib/lib/sega_scl.a(scl_pr02.o)
                0x06019a60                SCL_SetColRam
 *fill*         0x06019afc        0x4 00
 .text          0x06019b00      0x180 c:/saturn/sbl6/segalib/lib/sega_scl.a(scl_pr11.o)
                0x06019b00                SCL_SetAutoColOffset
 .text          0x06019c80      0x214 c:/saturn/sbl6/segalib/lib/sega_scl.a(scl_pr07.o)
                0x06019c80                SCL_SetPriority
 *fill*         0x06019e94        0xc 00
 .text          0x06019ea0     0x10a4 c:/saturn/sbl6/segalib/lib/sega_scl.a(scl_pri.o)
                0x06019f34                SCL_AbortAutoVe
                0x0601ade4                SCL_SetShadowBit
                0x0601a3ac                SCL_AutoExec
                0x06019ea0                SCL_PriorityInit
                0x0601a8c0                SCL_IncColOffset
                0x06019f48                SCL_SetColMixRate
                0x06019f18                SCL_GetColRamMode
 *fill*         0x0601af44        0xc 00
 .text          0x0601af50       0x98 c:/saturn/sbl6/segalib/lib/sega_scl.a(scl_pr10.o)
                0x0601af50                SCL_SetAutoColMix
 *fill*         0x0601afe8        0x8 00
 .text          0x0601aff0      0x278 c:/saturn/sbl6/segalib/lib/sega_scl.a(scl_fu05.o)
                0x0601b0ac                SCL_SetLineParam
                0x0601aff8                SCL_InitLineParamTb
 *fill*         0x0601b268        0x8 00
 .text          0x0601b270      0xb9c c:/saturn/sbl6/segalib/lib/sega_scl.a(scl_func.o)
                0x0601bc4c                SCL_Vdp2_SGLInit
                0x0601bb5c                SCL_PriIntProc
                0x0601bad4                SCL_Memcpyw
                0x0601bdec                SCL_SglOff
                0x0601bdcc                SCL_SglOn
                0x0601ba40                SCL_ScrollShow
                0x0601b4e8                SCL_Close
                0x0601b7e0                SCL_Scale
                0x0601b270                SCL_Vdp2Init
                0x0601b654                SCL_Move
                0x0601b91c                SCL_CopyReg
                0x0601b4c4                SCL_Open
                0x0601b2f4                SCL_ParametersInit
                0x0601b504                SCL_MoveTo
                0x0601bafc                SCL_SetColRamMode
 *fill*         0x0601be0c        0x4 00
 .text          0x0601be10       0x58 c:/saturn/sbl6/segalib/lib/sega_scl.a(scl_pr01.o)
                0x0601be10                SCL_SetSpriteMode
 *fill*         0x0601be68        0x8 00
 .text          0x0601be70      0x1ec c:/saturn/sbl6/segalib/lib/sega_scl.a(scl_fu01.o)
                0x0601be70                SCL_SetDisplayMode
 *fill*         0x0601c05c        0x4 00
 .text          0x0601c060       0x28 c:/saturn/sbl6/segalib/lib/sega_scl.a(scl_fu04.o)
                0x0601c060                SCL_SetCycleTable
 *fill*         0x0601c088        0x8 00
 .text          0x0601c090      0x138 c:/saturn/sbl6/segalib/lib/sega_scl.a(scl_pr03.o)
                0x0601c090                SCL_FreeColRam
                0x0601c0c8                SCL_AllocColRam
 *fill*         0x0601c1c8        0x8 00
 .text          0x0601c1d0       0x84 c:/saturn/sbl6/segalib/lib/sega_scl.a(scl_back.o)
                0x0601c1d0                SCL_SetBack
 *fill*         0x0601c254        0xc 00
 .text          0x0601c260      0x94c c:/saturn/sbl6/segalib/lib/sega_scl.a(scl_fu03.o)
                0x0601c2bc                SCL_SetConfig
                0x0601c260                SCL_InitConfigTb
 *fill*         0x0601cbac        0x4 00
 .text          0x0601cbb0      0x4f4 c:/saturn/sbl6/segalib/lib/sega_scl.a(scl_fu02.o)
                0x0601cbe8                SCL_SetVramConfig
                0x0601cbb0                SCL_InitVramConfigTb
 *fill*         0x0601d0a4        0xc 00
 .text          0x0601d0b0       0x40 c:/saturn/sbl6/segalib/lib/sega_scl.a(scl_pr09.o)
                0x0601d0b0                SCL_SetColMixMode
 .text          0x0601d0f0       0xac c:/saturn/sbl6/segalib/lib/sega_scl.a(scl_pr05.o)
                0x0601d0f0                SCL_GetColRamOffset
 *fill*         0x0601d19c        0x4 00
 .text          0x0601d1a0     0x1394 c:/saturn/sbl6/segalib/lib/sega_scl.a(scl_ro00.o)
                0x0601e38c                SCL_RotateZD
                0x0601d654                SCL_Rotate
                0x0601d328                SCL_InitRotateTable
 *fill*         0x0601e534        0xc 00
 .text          0x0601e540      0x1b4 c:/saturn/sbl6/segalib/lib/sega_scl.a(scl_pr06.o)
                0x0601e540                SCL_SetColRamOffset
 *fill*         0x0601e6f4        0xc 00
 .text          0x0601e700      0x600 c:/saturn/sbl6/segalib/lib/sega_mth.a(mth_tri.o)
                0x0601e79c                fcos
                0x0601e7a2                fsin
                0x0601e74c                MTH_Cos
                0x0601e700                MTH_Sin
                0x0601e940                MTH_Atan
 .text          0x0601ed00       0xa4 c:/saturn/sbl6/segalib/lib/sega_mth.a(mth_fixd.o)
                0x0601ed50                MTH_FixedToInt
                0x0601ed40                MTH_IntToFixed
                0x0601ed00                MTH_Mul
                0x0601ed60                MTH_Product
                0x0601ed20                MTH_Div
 *fill*         0x0601eda4        0xc 00
 .text          0x0601edb0       0x30 c:/saturn/sbl6/segalib/lib/sega_mth.a(mth_rand.o)
                0x0601edc0                MTH_GetRand
                0x0601edb0                MTH_InitialRand
 .text          0x0601ede0      0x130 c:/saturn/sbl6/segalib/lib/sega_cdc.a(cdc_drv.o)
                0x0601ede0                CDC_CdPlay
                0x0601eeac                CDC_CdSeek
                0x0601eee0                CDC_CdScan
 .text          0x0601ef10      0x3a0 c:/saturn/sbl6/segalib/lib/sega_cdc.a(cdc_cmn.o)
                0x0601f0b4                CDC_TgetToc
                0x0601f258                CDC_DataEnd
                0x0601ef78                CDC_GetPeriStat
                0x0601f1ec                CDC_DataReady
                0x0601f1c4                CDC_CdOpen
                0x0601f140                CDC_CdInit
                0x0601f104                CDC_GetSes
                0x0601ef60                CDC_GetLastStat
                0x0601ef10                CDC_GetCurStat
                0x0601f04c                CDC_GetHwInfo
 .text          0x0601f2b0      0x152 c:/saturn/sbl6/segalib/lib/sega_cdc.a(cdc_sub.o)
                0x0601f358                CDSUB_GetCdstat
                0x0601f2c8                CDSUB_UpdCdstat
                0x0601f398                CDSUB_RspToCdstat
                0x0601f3e0                CDSUB_SoftTimer
                0x0601f2b0                CDSUB_UpdStatus
                0x0601f2e8                CDSUB_CdCmd
 *fill*         0x0601f402        0xe 00
 .text          0x0601f410      0x2dc c:/saturn/sbl6/segalib/lib/sega_cdc.a(cdc_reg.o)
                0x0601f464                CDREG_ClrHirqReq
                0x0601f434                CDC_ClrHirqReq
                0x0601f4e4                CDREG_TgetData
                0x0601f4d4                CDC_GetMpegPtr
                0x0601f4b0                CDC_GetHirqMsk
                0x0601f410                CDC_GetDataPtr
                0x0601f420                CDC_GetHirqReq
                0x0601f640                CDREG_WaitHirq
                0x0601f4c4                CDC_SetHirqMsk
                0x0601f540                CDREG_CmdRsp
                0x0601f474                CDREG_InitHirqReq
                0x0601f49c                CDREG_SetHirqFlag
                0x0601f6b0                CDREG_ReadRsp
 *fill*         0x0601f6ec        0x4 00
 .text          0x0601f6f0      0xf50 c:/saturn/sbl6/segalib/lib/sega_per.a(per_prt.o)
                0x0601fb10                PER_IntFunc
                0x0601f908                PER_LGetPer
                0x0601f6f0                PER_LInit
 .text          0x06020640     0x1b04 c:/saturn/sbl6/segalib/lib/sega_sat.a(gfs.o)
                0x06020640                gfs_version
                0x060218b4                gfs_mngGetNumFile
                0x06022034                gfs_closeSub
                0x060213d0                GFS_SetGmode
                0x0602168c                GFS_SetErrFunc
                0x060217dc                gfs_mngSetupFuncTbl
                0x06020998                GFS_Reset
                0x06021704                gfs_chgRoot
                0x060217d0                gfs_aborttrans
                0x06021ab4                gfs_svrAddHndl
                0x06021964                gfs_mngFreeGrp
                0x060216dc                GFS_ConvTno
                0x06021c68                gfs_getRootDir
                0x060216b8                GFS_GetErrStat
                0x06020b08                GFS_Seek
                0x06021174                GFS_NwStop
                0x06021970                gfs_mngTermAccess
                0x06020a1c                GFS_Open
                0x0602191c                GFS_mngAllocGrp
                0x0602207c                gfs_isTaskDone
                0x06020e74                GFS_Fread
                0x060215d4                GFS_StartTrans
                0x06021fd0                gfs_GetFinfo
                0x06021810                gfs_mngInitWork
                0x06020c60                GFS_ByteToSct
                0x06021a74                gfs_svrSearchHndl
                0x06021d64                gfs_loadRootDir
                0x060208bc                GFS_IdToName
                0x06020fb8                GFS_NwFread
                0x06021504                GFS_SetTransPara
                0x060210c4                GFS_NwCdRead
                0x06021ba4                gfs_loadVol
                0x060214a0                GFS_SetReadPara
                0x06020bbc                GFS_Tell
                0x06021434                GFS_SetTmode
                0x06021f38                GFS_GetFad
                0x06021570                GFS_SetTrFunc
                0x06021620                GFS_CdMovePickup
                0x06020858                GFS_NameToId
                0x0602128c                GFS_NwExecOne
                0x06021dec                gfs_flowIn
                0x06020d14                GFS_GetFileInfo
                0x06021e94                gfs_transData
                0x06021af0                gfs_svrRemoveHndl
                0x0602113c                GFS_NwIsComplete
                0x06022070                gfs_getGmode
                0x060211e0                GFS_NwGetStat
                0x06021b4c                GFS_OpenSub
                0x060207f0                GFS_SetDir
                0x06020cbc                GFS_GetFileSize
                0x06020d88                GFS_GetNumCdbuf
                0x060220d0                gfs_convFinStat
                0x06020db0                GFS_Load
                0x06020f10                gfs_waitRead
                0x06020748                GFS_LoadDir
                0x06020928                GFS_GetDirInfo
                0x06020ad0                GFS_Close
                0x06020660                GFS_Init
                0x0602125c                gfs_recovRdErr
                0x060219f4                gfs_mngSetErrCode
                0x0602134c                GFS_NwExecServer
                0x06020c0c                GFS_IsEof
                0x06021f90                gfs_SetSct
 *fill*         0x06022144        0xc 00
 .text          0x06022150       0x90 c:/saturn/sbl6/segalib/lib/sega_sat.a(DMA_CPU1.o)
                0x06022150                DMA_CpuMemCopy1
 .text          0x060221e0       0x94 c:/saturn/sbl6/segalib/lib/sega_sat.a(DMA_CPU2.o)
                0x060221e0                DMA_CpuMemCopy2
 *fill*         0x06022274        0xc 00
 .text          0x06022280      0x1f4 c:/saturn/sbl6/segalib/lib/sega_sat.a(DMA_SCU1.o)
                0x060223dc                DMA_ScuResult
                0x06022280                DMA_ScuInit
                0x060222d0                DMA_ScuMemCopy
 *fill*         0x06022474        0xc 00
 .text          0x06022480      0x8d4 c:/saturn/sbl6/segalib/lib/sega_sat.a(gfs_cdf.o)
                0x06022974                GFCF_Seek
                0x06022a7c                GFCF_GetStat
                0x0602295c                GFCF_Tell
                0x06022520                GFCF_Setup
                0x06022a28                GFCF_cnvIntlvOfs
                0x06022480                GFCF_Init
                0x06022914                GFCF_Recover
                0x06022668                GFCF_SetSct
                0x0602298c                GFCF_MovePickup
                0x06022b50                gfcf_isCdOk
                0x06022720                GFCF_FlowInBuf
                0x060226ac                GFCF_GetFileInfo
                0x06022874                GFCF_StopInBuf
                0x06022b14                gfcf_getSctSize
                0x06022c10                gfcf_getPlayRange
 *fill*         0x06022d54        0xc 00
 .text          0x06022d60      0x928 c:/saturn/sbl6/segalib/lib/sega_sat.a(gfs_dir.o)
                0x06023250                gfdr_setNextRec
                0x0602364c                gfdr_setDirrecCd
                0x06023048                gfdr_open
                0x06022e5c                GFDR_GetAtrDirId
                0x06023130                gfdr_readByte
                0x06022d60                GFDR_SetupDirTbl
                0x06023228                gfdr_readLongNM
                0x060232d4                gfdr_readDirEnt
                0x06022e8c                GFDR_ChgRoot
                0x06022dd4                GFDR_NameToId
                0x06022f18                gfdr_setupDirIdTbl
                0x06022e74                GFDR_GetAtrDirName
                0x06022e34                GFDR_GetInfoDirId
                0x060231dc                gfdr_readLongNB
                0x06023070                gfdr_read
                0x0602315c                gfdr_readWord
                0x06022f9c                gfdr_setupDirNameTbl
                0x06022e48                GFDR_GetInfoDirName
                0x06022ea4                GFDR_ChgDir
                0x06023188                gfdr_readWordNB
 *fill*         0x06023688        0x8 00
 .text          0x06023690      0xa46 c:/saturn/sbl6/segalib/lib/sega_sat.a(gfs_trn.o)
                0x06023770                GFTR_SetTransMax
                0x06023b40                gftr_execScu
                0x060240c4                GFTR_SetTransFunc
                0x06023f8c                gftr_remTrn
                0x060240b0                GFTR_SetData
                0x06023db0                gftr_execSdma1
                0x06024000                gftr_copyFrac
                0x06023764                GFTR_GetNumTrans
                0x06023704                GFTR_SetMode
                0x06023d80                gftr_remDma0
                0x06024028                GFTR_GetLenData
                0x06023b34                gftr_reqScu
                0x06023d98                gftr_reqDma1
                0x06023a50                gftr_getSrcPack
                0x06024080                GFTR_RtnDstPk
                0x06023c1c                gfdma_exec
                0x06023eb4                gftr_execTrn
                0x06023948                GFTR_ExecSvr
                0x06023e44                gftr_reqTrn
                0x06023d0c                gfdma_getBytecnt
                0x06023dec                gftr_reqCpu
                0x0602404c                GFTR_GetDstPack
                0x06023d44                gftr_reqDma0
                0x060238d0                GFTR_Idle
                0x06023788                GFTR_Pause
                0x06023758                GFTR_GetTransPara
                0x06023e38                gftr_remCpu
                0x06023724                GFTR_SetTransPara
                0x06023dd4                gftr_remDma1
                0x06023794                GFTR_Stop
                0x06023d5c                gftr_execSdma0
                0x060236c0                GFTR_Setup
                0x06023bdc                gftr_remScu
                0x06023ad8                gftr_getDstPack
                0x06023c10                gfdma_canUse
                0x0602384c                GFTR_Exec
                0x0602409c                GFTR_GetData
                0x0602377c                GFTR_Start
                0x06023718                GFTR_SetUnit
                0x06023df8                gftr_execCpu
                0x06024034                GFTR_GetLenRoom
 *fill*         0x060240d6        0xa 00
 .text          0x060240e0      0x106 c:/saturn/sbl6/segalib/lib/sega_sat.a(gfs_buf.o)
                0x06024138                GFBF_GetNumData
                0x060241b4                GFBF_RtnPk
                0x06024168                GFBF_GetSrcPk
                0x060241dc                gfbf_getSctDt
                0x06024110                GFBF_GetTranData
                0x06024190                GFBF_GetSctData
 *fill*         0x060241e6        0xa 00
 .text          0x060241f0      0x600 c:/saturn/sbl6/segalib/lib/sega_sat.a(gfs_cdb.o)
                0x06024798                GFCB_GetPickup
                0x06024310                GFCB_Close
                0x060245dc                GFCB_GetSrcPack
                0x06024764                GFCB_SetCon
                0x060243e4                GFCB_GetLenRoom
                0x06024748                GFCB_MovePickup
                0x060246bc                GFCB_GetSctData
                0x060243f0                GFCB_SetFilt
                0x06024338                GFCB_GetLenData
                0x060247d8                GFCB_UngetPickup
                0x060241f0                GFCB_Setup
                0x06024480                GFCB_Tell
                0x060247c0                GFCB_IsPuOwner
                0x060244e0                GFCB_Seek
                0x06024458                GFCB_DeleteAllData
                0x060246f4                GFCB_GetDstPack
                0x06024490                gfcb_getSctNum
                0x06024700                GFCB_RtnPk
 .text          0x060247f0     0x1a04 c:/saturn/sbl6/segalib/lib/sega_sat.a(gfs_cdc.o)
                0x06024a8c                GFCD_AllocBuf
                0x06025868                gfcd_doGetLenDataTsk
                0x06026104                GFCD_SetCsctFunc
                0x06024b64                GFCD_GetBaseFad
                0x06024ce0                GFCD_GetFilt
                0x06025cf4                gfcd_doChgDirTsk
                0x06026034                gfcd_checkEflag
                0x06025028                GFCD_MovePickup
                0x0602510c                GFCD_GetSctInfo
                0x060259bc                gfcd_doReqDataTsk
                0x06025154                GFCD_ChgDir
                0x06024e48                GFCD_ReqData
                0x06026120                GFCD_ChkScdqFlag
                0x060255d8                GFCD_WaitServer
                0x06024eec                GFCD_DelSctData
                0x060253c4                GFCD_ExecServer
                0x060257d8                gfcd_doSetConTsk
                0x06024a20                GFCD_AllocFilt
                0x06024c1c                GFCD_SetFilt
                0x06025614                gfcd_doSetFiltTsk
                0x06026144                GFCD_ClrScdqFlag
                0x06025a5c                gfcd_doDelSctDataTsk
                0x06025520                gfcd_doTask
                0x06024b98                GFCD_GetPickup
                0x060250e8                GFCD_CheckMove
                0x06026160                GFCD_WaitScdqFlag
                0x06024d80                GFCD_Play
                0x06025b90                gfcd_doMoveSctTsk
                0x06024d28                GFCD_SetCon
                0x060251c8                GFCD_SetFiltCon
                0x060261a4                GFCD_WaitPause
                0x0602538c                GFCD_GetBufSiz
                0x06024bcc                GFCD_UngetPickup
                0x060252b0                GFCD_GetFileInfo
                0x06024ea4                GFCD_EndData
                0x06024ac0                GFCD_FreeBuf
                0x06024de0                GFCD_GetLenData
                0x06024a5c                GFCD_FreeFilt
                0x06025498                gfcd_isIdleTask
                0x0602481c                GFCD_Init
                0x06025ef0                gfcd_doSetFiltConTsk
                0x06024f74                GFCD_GetStat
                0x06025074                GFCD_MoveSctData
                0x06024bf8                GFCD_IsPuOwner
                0x06026058                gfcd_initCdbMng
                0x060247f0                GFCD_SetCdbfs
                0x060255c4                GFCD_SetTimer
                0x060260d8                gfcd_setStat
                0x06024f44                GFCD_CheckDelSctData
 *fill*         0x060261f4        0xc 00
 .text          0x06026200      0x1b6 c:/saturn/sbl6/segalib/lib/sega_sat.a(DMA_CPU0.o)
                0x06026248                DMA_CpuSetPrm
                0x0602634c                DMA_CpuStart
                0x060263a4                DMA_CpuGetStatus
                0x06026378                DMA_CpuAllStop
                0x0602638c                DMA_CpuGetComStatus
                0x06026200                DMA_CpuSetComPrm
                0x06026360                DMA_CpuStop
 *fill*         0x060263b6        0xa 00
 .text          0x060263c0       0x50 c:/saturn/sbl6/segalib/lib/sega_sat.a(DMA_CPU5.o)
                0x060263c0                DMA_CpuResult
 .text          0x06026410      0x308 c:/saturn/sbl6/segalib/lib/sega_sat.a(DMA_SCU0.o)
                0x06026494                DMA_ScuStart
                0x060265c8                DMA_ScuIntFunc0
                0x06026638                DMA_ScuIntFunc1
                0x060266a8                DMA_ScuIntFunc2
                0x06026588                DMA_ScuGetStatus
                0x06026410                DMA_ScuSetPrm
 *fill*         0x06026718        0x8 00
 .text          0x06026720       0xe8 c:/saturn/sbl6/segalib/lib/sega_sat.a(csh_main.o)
                0x06026720                CSH_Init
                0x06026788                CSH_AllClr
                0x060267d4                CSH_Purge
 *fill*         0x06026808        0x8 00
 .text          0x06026810      0x194 c:/saturn/sbl6/segalib/lib/sega_sat.a(cdc_cfs.o)
                0x06026810                CDC_ChgDir
                0x06026844                CDC_ReadDir
                0x06026968                CDC_AbortFile
                0x06026878                CDC_GetFileScope
                0x060268d8                CDC_TgetFileInfo
                0x06026934                CDC_ReadFile
 *fill*         0x060269a4        0xc 00
 .text          0x060269b0      0x1e4 c:/saturn/sbl6/segalib/lib/sega_sat.a(cdc_bio.o)
                0x06026a5c                CDC_GetdelSctData
                0x060269e4                CDC_GetSctData
                0x06026a98                CDC_PutSctData
                0x06026b14                CDC_MoveSctData
                0x06026b58                CDC_GetCopyErr
                0x06026a20                CDC_DelSctData
                0x060269b0                CDC_SetSctLen
                0x06026ad0                CDC_CopySctData
 *fill*         0x06026b94        0xc 00
 .text          0x06026ba0      0x2b8 c:/saturn/sbl6/segalib/lib/sega_sat.a(cdc_sel.o)
                0x06026dd0                CDC_GetFiltCon
                0x06026d4c                CDC_GetFiltMode
                0x06026e24                CDC_ResetSelector
                0x06026ba0                CDC_SetFiltRange
                0x06026c2c                CDC_SetFiltSubh
                0x06026c9c                CDC_GetFiltSubh
                0x06026bd4                CDC_GetFiltRange
                0x06026d18                CDC_SetFiltMode
                0x06026d90                CDC_SetFiltCon
 *fill*         0x06026e58        0x8 00
 .text          0x06026e60      0x270 c:/saturn/sbl6/segalib/lib/sega_sat.a(cdc_bif.o)
                0x06026ebc                CDC_GetSctNum
                0x0602703c                CDC_ExeFadSearch
                0x06026fbc                CDC_GetSctInfo
                0x06026f00                CDC_CalActSiz
                0x06026e60                CDC_GetBufSiz
                0x06026f3c                CDC_GetActSiz
                0x06027074                CDC_GetFadSearch
 .text          0x060270d0       0xa8 c:/saturn/sbl6/segalib/lib/sega_sat.a(cdc_dev.o)
                0x0602713c                CDC_CdGetLastBuf
                0x060270d0                CDC_CdSetCon
                0x06027100                CDC_CdGetCon
 *fill*         0x06027178        0x8 00
 .text          0x06027180       0x60 c:/saturn/SH_COFF/sh-coff/bin/../lib/gcc/sh-coff/3.4-GNUSH_v0501\libgcc.a(_ashiftrt.o)
                0x0602718c                __ashiftrt_r4_27
                0x060271c0                __ashiftrt_r4_6
                0x060271b0                __ashiftrt_r4_14
                0x060271a2                __ashiftrt_r4_19
                0x060271ba                __ashiftrt_r4_9
                0x060271ce                __ashiftrt_r4_0
                0x06027180                __ashiftrt_r4_31
                0x0602718e                __ashiftrt_r4_26
                0x0602719c                __ashiftrt_r4_22
                0x060271a8                __ashiftrt_r4_16
                0x060271b4                __ashiftrt_r4_12
                0x06027188                __ashiftrt_r4_29
                0x060271a6                __ashiftrt_r4_17
                0x06027186                __ashiftrt_r4_30
                0x060271c2                __ashiftrt_r4_5
                0x060271bc                __ashiftrt_r4_8
                0x06027180                __ashiftrt_r4_32
                0x06027190                __ashiftrt_r4_25
                0x060271c8                __ashiftrt_r4_2
                0x06027192                __ashiftrt_r4_24
                0x060271ae                __ashiftrt_r4_15
                0x060271b8                __ashiftrt_r4_10
                0x060271ca                __ashiftrt_r4_1
                0x0602718a                __ashiftrt_r4_28
                0x060271a0                __ashiftrt_r4_20
                0x060271be                __ashiftrt_r4_7
                0x060271b2                __ashiftrt_r4_13
                0x060271b6                __ashiftrt_r4_11
                0x060271c4                __ashiftrt_r4_4
                0x0602719a                __ashiftrt_r4_23
                0x060271a4                __ashiftrt_r4_18
                0x0602719e                __ashiftrt_r4_21
                0x060271c6                __ashiftrt_r4_3
 .text          0x060271e0       0xb0 c:/saturn/SH_COFF/sh-coff/bin/../lib/gcc/sh-coff/3.4-GNUSH_v0501\libgcc.a(_si_to_df.o)
                0x060271e0                __floatsidf
 .text          0x06027290      0x2e0 c:/saturn/SH_COFF/sh-coff/bin/../lib/gcc/sh-coff/3.4-GNUSH_v0501\libgcc.a(_mul_df.o)
                0x060272a0                __muldf3
 .text          0x06027570       0x80 c:/saturn/SH_COFF/sh-coff/bin/../lib/gcc/sh-coff/3.4-GNUSH_v0501\libgcc.a(_df_to_si.o)
                0x06027570                __fixdfsi
 .text          0x060275f0       0x70 c:/saturn/SH_COFF/sh-coff/bin/../lib/gcc/sh-coff/3.4-GNUSH_v0501\libgcc.a(_udivsi3.o)
                0x06027612                __udivsi3
 .text          0x06027660       0xa0 c:/saturn/SH_COFF/sh-coff/bin/../lib/gcc/sh-coff/3.4-GNUSH_v0501\libgcc.a(_sdivsi3.o)
                0x06027660                __sdivsi3
 .text          0x06027700       0x90 c:/saturn/SH_COFF/sh-coff/bin/../lib/gcc/sh-coff/3.4-GNUSH_v0501\libgcc.a(_ashiftrt_n.o)
                0x06027700                __ashrsi3
 .text          0x06027790       0x90 c:/saturn/SH_COFF/sh-coff/bin/../lib/gcc/sh-coff/3.4-GNUSH_v0501\libgcc.a(_ashiftlt.o)
                0x06027790                __ashlsi3
 .text          0x06027820       0xb0 c:/saturn/SH_COFF/sh-coff/bin/../lib/gcc/sh-coff/3.4-GNUSH_v0501\libgcc.a(_movstr.o)
                0x06027860                __movstrSI16
                0x06027834                __movstrSI60
                0x06027840                __movstrSI48
                0x0602783c                __movstrSI52
                0x06027830                __movstrSI64
                0x06027844                __movstrSI44
                0x06027848                __movstrSI40
                0x0602784c                __movstrSI36
                0x06027880                __movstr
                0x06027838                __movstrSI56
                0x06027854                __movstrSI28
                0x06027850                __movstrSI32
                0x06027864                __movstrSI12
                0x06027868                __movstrSI8
                0x06027870                __movstrSI0
                0x06027858                __movstrSI24
                0x0602785c                __movstrSI20
                0x0602786c                __movstrSI4
 .text          0x060278d0       0xa0 c:/saturn/SH_COFF/sh-coff/bin/../lib/gcc/sh-coff/3.4-GNUSH_v0501\libgcc.a(__main.o)
                0x06027944                __main
                0x060278d0                __do_global_dtors
                0x06027904                __do_global_ctors
 .text          0x06027970      0x220 c:/saturn/SH_COFF/sh-coff/bin/../lib/gcc/sh-coff/3.4-GNUSH_v0501\libgcc.a(_pack_df.o)
                0x06027980                __pack_d
 .text          0x06027b90      0x120 c:/saturn/SH_COFF/sh-coff/bin/../lib/gcc/sh-coff/3.4-GNUSH_v0501\libgcc.a(_unpack_df.o)
                0x06027ba0                __unpack_d
 .text          0x06027cb0       0x20 c:/saturn/SH_COFF/sh-coff/bin/../lib/gcc/sh-coff/3.4-GNUSH_v0501\libgcc.a(_thenan_df.o)
                0x06027cb0                __thenan_df
 .text          0x06027cd0       0xd0 c:/saturn/SH_COFF/sh-coff/bin/../lib/gcc/sh-coff/3.4-GNUSH_v0501\libgcc.a(_muldi3.o)
                0x06027cd0                __muldi3
 .text          0x06027da0       0x80 c:/saturn/SH_COFF/sh-coff/bin/../lib/gcc/sh-coff/3.4-GNUSH_v0501\libgcc.a(_lshrdi3.o)
                0x06027da0                __lshrdi3
 .text          0x06027e20       0x80 c:/saturn/SH_COFF/sh-coff/bin/../lib/gcc/sh-coff/3.4-GNUSH_v0501\libgcc.a(_ashldi3.o)
                0x06027e20                __ashldi3
 .text          0x06027ea0       0x30 c:/saturn/SH_COFF/sh-coff/bin/../lib/gcc/sh-coff/3.4-GNUSH_v0501\libgcc.a(_mulsi3.o)
                0x06027ea0                __mulsi3
 .text          0x06027ed0       0x90 c:/saturn/SH_COFF/sh-coff/bin/../lib/gcc/sh-coff/3.4-GNUSH_v0501\libgcc.a(_lshiftrt.o)
                0x06027ed0                __lshrsi3
 .text          0x06027f60       0x40 c:/saturn/SH_COFF/sh-coff/bin/../lib/gcc/sh-coff/3.4-GNUSH_v0501/../../../../sh-coff/lib\libc.a(memset.o)
                0x06027f60                memset
 .text          0x06027fa0       0x60 c:/saturn/SH_COFF/sh-coff/bin/../lib/gcc/sh-coff/3.4-GNUSH_v0501/../../../../sh-coff/lib\libc.a(memcmp.o)
                0x06027fa0                memcmp
 .text          0x06028000       0xa0 c:/saturn/SH_COFF/sh-coff/bin/../lib/gcc/sh-coff/3.4-GNUSH_v0501/../../../../sh-coff/lib\libc.a(memcpy.o)
                0x06028000                memcpy
 .text          0x060280a0       0xb0 c:/saturn/SH_COFF/sh-coff/bin/../lib/gcc/sh-coff/3.4-GNUSH_v0501/../../../../sh-coff/lib\libc.a(strncmp.o)
                0x060280a0                strncmp
 .text          0x06028150       0xa0 c:/saturn/SH_COFF/sh-coff/bin/../lib/gcc/sh-coff/3.4-GNUSH_v0501/../../../../sh-coff/lib\libc.a(strncpy.o)
                0x06028150                strncpy
 .text          0x060281f0       0x90 c:/saturn/SH_COFF/sh-coff/bin/../lib/gcc/sh-coff/3.4-GNUSH_v0501/../../../../sh-coff/lib\libc.a(atexit.o)
                0x060281f0                atexit
 .text          0x06028280       0x10 c:/saturn/SH_COFF/sh-coff/bin/../lib/gcc/sh-coff/3.4-GNUSH_v0501/../../../../sh-coff/lib\libc.a(impure.o)
                0x06028280                _global_impure_ptr
 .text          0x06028290       0x40 c:/saturn/SH_COFF/sh-coff/bin/../lib/gcc/sh-coff/3.4-GNUSH_v0501/../../../../sh-coff/lib\libc.a(malloc.o)
                0x060282ac                free
                0x06028290                malloc
 .text          0x060282d0      0x5b0 c:/saturn/SH_COFF/sh-coff/bin/../lib/gcc/sh-coff/3.4-GNUSH_v0501/../../../../sh-coff/lib\libc.a(mallocr.o)
                0x060282d0                _malloc_r
 .text          0x06028880      0x340 c:/saturn/SH_COFF/sh-coff/bin/../lib/gcc/sh-coff/3.4-GNUSH_v0501/../../../../sh-coff/lib\libc.a(freer.o)
                0x06028880                _malloc_trim_r
                0x06028974                _free_r
 .text          0x06028bc0       0x20 c:/saturn/SH_COFF/sh-coff/bin/../lib/gcc/sh-coff/3.4-GNUSH_v0501/../../../../sh-coff/lib\libc.a(mlock.o)
                0x06028bc0                __malloc_lock
                0x06028bcc                __malloc_unlock
 .text          0x06028be0       0x50 c:/saturn/SH_COFF/sh-coff/bin/../lib/gcc/sh-coff/3.4-GNUSH_v0501/../../../../sh-coff/lib\libc.a(sbrkr.o)
                0x06028be0                _sbrk_r
 .text          0x06028c30      0x380 c:/saturn/SH_COFF/sh-coff/bin/../lib/gcc/sh-coff/3.4-GNUSH_v0501/../../../../sh-coff/lib\libc.a(syscalls.o)
                0x06028d9c                _exit
                0x06028dd0                _getpid
                0x06028e38                _utime
                0x06028c68                _write
                0x06028c30                _read
                0x06028d84                _unlink
                0x06028d4c                _open
                0x06028de8                _stat
                0x06028d90                isatty
                0x06028e68                _wait
                0x06028db4                _kill
                0x06028e04                _chmod
                0x06028e98                _execv
                0x06028e7c                _execve
                0x06028f74                __setup_argv_and_call_main
                0x06028ed0                _gettimeofday
                0x06028c9c                _link
                0x06028ddc                _raise
                0x06028d68                _creat
                0x06028eb0                _pipe
                0x06028e1c                _chown
                0x06028c4c                _lseek
                0x06028c84                _close
                0x06028ec4                _times
                0x06028d38                _fstat
                0x06028e54                _fork
                0x06028cc4                _sbrk
 .text          0x06028fb0       0x20 c:/saturn/SH_COFF/sh-coff/bin/../lib/gcc/sh-coff/3.4-GNUSH_v0501/../../../../sh-coff/lib\libc.a(trap.o)
                0x06028fb0                __trap34
 .text          0x06028fd0       0x20 c:/saturn/SH_COFF/sh-coff/bin/../lib/gcc/sh-coff/3.4-GNUSH_v0501/../../../../sh-coff/lib\libc.a(abort.o)
                0x06028fd0                abort
 .text          0x06028ff0      0x270 c:/saturn/SH_COFF/sh-coff/bin/../lib/gcc/sh-coff/3.4-GNUSH_v0501/../../../../sh-coff/lib\libc.a(signal.o)
                0x060290b0                _raise_r
                0x06029238                __sigtramp
                0x060291e4                raise
                0x06029220                _init_signal
                0x06029170                __sigtramp_r
                0x06029200                signal
                0x0602903c                _signal_r
                0x06028ff0                _init_signal_r
 .text          0x06029260       0x60 c:/saturn/SH_COFF/sh-coff/bin/../lib/gcc/sh-coff/3.4-GNUSH_v0501/../../../../sh-coff/lib\libc.a(signalr.o)
                0x060292a8                _getpid_r
                0x06029260                _kill_r
 *(.strings)

.tors           0x060292c0        0x0
                0x060292c0                ___ctors = .
 *(.ctors)
                0x060292c0                ___ctors_end = .
                0x060292c0                ___dtors = .
 *(.dtors)
                0x060292c0                ___dtors_end = .

.data           0x060292c0     0x5020
                0x060292c0                STARTOF_R = .
 *(.data)
 .data          0x060292c0      0x400 smpclib/per_x1.o
 .data          0x060296c0       0x60 cutscene.o
                0x060296c0                tomo_text
 .data          0x06029720       0xd0 game.o
                0x06029720                powerup_names
 .data          0x060297f0     0x3b00 graphics.o
                0x0602b1d0                cyberblock_name
                0x060298e6                bit_num
                0x0602c6b6                girl2_num
                0x0602a4b4                soon_name
                0x0602b220                metalorange_name
                0x06029ade                ship_size
                0x0602b22e                metalorange_num
                0x0602a510                chipgame_pal
                0x0602c2aa                girl3_num
                0x06029c14                game_name
                0x0602ad30                menufont_pal
                0x0602993a                capsule_num
                0x0602ad7e                menufont_num
                0x06029a34                beffect_size
                0x0602a4be                soon_num
                0x0602cac2                girl1_num
                0x0602b1e0                metalorange_pal
                0x0602cac4                roarframes_pal
                0x0602a500                gamestar_name
                0x0602998c                blocks2_size
                0x060297f0                barrier_pal
                0x06029c44                starnear_name
                0x06029bec                gamefar_height
                0x06029ae0                ship_num
                0x0602ced4                roarbg_pal
                0x06029a30                beffect_height
                0x0602d2d4                roarbg_name
                0x06029a38                explosion_pal
                0x0602a4c0                gamestar_pal
                0x06029c10                gamenear_width
                0x06029a78                explosion_name
                0x060299e2                blocks1_num
                0x06029936                capsule_width
                0x06029934                capsule_height
                0x06029840                barrier_size
                0x06029b36                starspr_num
                0x0602983e                barrier_width
                0x0602cab8                girl1_name
                0x0602a920                game_tiles_pal
                0x0602998e                blocks2_num
                0x0602b230                title_pal
                0x060299d0                blocks1_name
                0x06029b82                font_height
                0x0602cec4                roarframes_name
                0x0602c2a0                girl3_name
                0x06029bee                gamefar_width
                0x0602c6b8                girl1_pal
                0x0602ad70                menufont_name
                0x0602a474                soon_pal
                0x0602b18e                chipframes_num
                0x06029b8c                ball_pal
                0x0602bea0                girl3_pal
                0x0602a91e                chipgame_num
                0x06029938                capsule_size
                0x06029b34                starspr_size
                0x0602a058                cutscfont_name
                0x06029990                blocks1_pal
                0x06029c00                gamenear_name
                0x06029a88                explosion_width
                0x0602ba92                girl5_num
                0x06029bdc                ball_num
                0x0602b63a                title_num
                0x06029b78                font_name
                0x06029a32                beffect_width
                0x06029894                laser_num
                0x06029ae4                starspr_pal
                0x06029c58                cutscfont_pal
                0x0602d2e0                roarbg_num
                0x06029bd8                ball_width
                0x0602b1de                cyberblock_num
                0x0602a468                tomo_name
                0x0602b688                girl5_pal
                0x06029ada                ship_height
                0x0602ad2e                game_tiles_num
                0x06029bd6                ball_height
                0x06029c0e                gamenear_height
                0x06029b84                font_width
                0x0602b686                stars_num
                0x06029bda                ball_size
                0x06029884                laser_name
                0x060298e4                bit_size
                0x06029adc                ship_width
                0x06029842                barrier_num
                0x0602b630                title_name
                0x0602b180                chipframes_name
                0x06029c24                starfar_name
                0x060299dc                blocks1_height
                0x06029890                laser_width
                0x0602b67c                stars_name
                0x060298d8                bit_name
                0x0602a50e                gamestar_num
                0x06029bfc                gamemid_height
                0x06029a90                ship_pal
                0x06029bcc                ball_name
                0x06029b88                font_num
                0x06029b38                font_pal
                0x06029c42                starmid_width
                0x06029c54                starnear_width
                0x06029bf0                gamemid_name
                0x0602983c                barrier_height
                0x06029898                bit_pal
                0x0602998a                blocks2_width
                0x060299e0                blocks1_size
                0x06029b32                starspr_width
                0x0602ad80                chipframes_pal
                0x06029c1e                game_height
                0x06029c30                starfar_height
                0x06029a8c                explosion_num
                0x0602be9e                girl4_num
                0x0602a068                tomo_pal
                0x06029928                capsule_name
                0x06029bfe                gamemid_width
                0x06029988                blocks2_height
                0x06029a24                beffect_name
                0x060299de                blocks1_width
                0x06029b86                font_size
                0x0602997c                blocks2_name
                0x060298e0                bit_height
                0x0602988e                laser_height
                0x06029b24                starspr_name
                0x0602ced2                roarframes_num
                0x0602b190                cyberblock_pal
                0x06029c52                starnear_height
                0x06029c34                starmid_name
                0x06029ad0                ship_name
                0x0602ba88                girl5_name
                0x0602ba94                girl4_pal
                0x0602993c                blocks2_pal
                0x060298e2                bit_width
                0x06029c40                starmid_height
                0x0602b63c                stars_pal
                0x06029be0                gamefar_name
                0x060298e8                capsule_pal
                0x06029844                laser_pal
                0x0602ad20                game_tiles_name
                0x06029a36                beffect_num
                0x06029b30                starspr_height
                0x060299e4                beffect_pal
                0x0602be94                girl4_name
                0x06029c20                game_width
                0x0602c2ac                girl2_pal
                0x06029892                laser_size
                0x06029830                barrier_name
                0x06029c32                starfar_width
                0x06029a8a                explosion_size
                0x06029a86                explosion_height
                0x0602a910                chipgame_name
                0x0602c6ac                girl2_name
 .data          0x0602d2f0      0x190 intro.o
 .data          0x0602d480       0x90 level.o
                0x0602d484                level_blocks
                0x0602d480                level_lengths
                0x0602d488                level0_blocks
 .data          0x0602d510       0x40 logo.o
 .data          0x0602d550       0x80 menu.o
                0x0602d550                cutscene
 .data          0x0602d5d0       0x10 pcmsys.o
                0x0602d5d4                scsp_load
                0x0602d5d8                m68k_com
                0x0602d5d0                master_volume
 .data          0x0602d5e0       0x50 scroll.o
                0x0602d600                CycleTbLoRes
                0x0602d620                vram
                0x0602d5e0                CycleTbBitmap
                0x0602d610                char_offsets
                0x0602d5f0                CycleTbHiRes
 .data          0x0602d630       0x30 sprite.o
 .data          0x0602d660      0x400 c:/saturn/sbl6/segalib/lib/sega_int.a(int.o)
 .data          0x0602da60       0x1c c:/saturn/sbl6/segalib/lib/sega_spr.a(spr_slv.o)
                0x0602da68                SPR_SlaveParam
                0x0602da78                SPR_SMPC_SF
                0x0602da70                SPR_SMPC_COM
                0x0602da6c                SPR_SlaveSHEntry
                0x0602da64                SPR_SlaveState
                0x0602da60                SPR_SlaveCommand
                0x0602da74                SPR_SMPC_RET
 *fill*         0x0602da7c        0x4 00
 .data          0x0602da80       0x34 c:/saturn/sbl6/segalib/lib/sega_spr.a(spr_1c.o)
                0x0602da80                SpInitialFlag
 *fill*         0x0602dab4        0xc 00
 .data          0x0602dac0       0x1c c:/saturn/sbl6/segalib/lib/sega_scl.a(scl_vblv.o)
                0x0602dac8                VBInterval
                0x0602dad0                ReqDisplayFlag
                0x0602dac0                SpFrameChgMode
                0x0602dacc                VBIntervalCounter
                0x0602dac4                SpFrameEraseMode
 *fill*         0x0602dadc        0x4 00
 .data          0x0602dae0       0x18 c:/saturn/sbl6/segalib/lib/sega_scl.a(scl_pri.o)
                0x0602dae4                SclRealSpPriNum
                0x0602daf4                SclRealColOffset
                0x0602daf0                SclRealBgColMix
                0x0602daec                SclRealSpColMix
                0x0602dae8                SclRealBgPriNum
                0x0602dae0                SclRealOtherPri
 *fill*         0x0602daf8        0x8 00
 .data          0x0602db00       0x36 c:/saturn/sbl6/segalib/lib/sega_scl.a(scl_func.o)
                0x0602db10                SclRotregBuff
                0x0602db0c                SclDisplayY
                0x0602db14                SclRotateTableMode
                0x0602db08                SclProcess
                0x0602db04                SclCurSclNum
                0x0602db00                SclLengthLsTbl
                0x0602db0a                SclDisplayX
                0x0602db02                SclLengthCsTbl
 *fill*         0x0602db36        0xa 00
 .data          0x0602db40        0x4 c:/saturn/sbl6/segalib/lib/sega_mth.a(mth_rand.o)
 *fill*         0x0602db44        0xc 00
 .data          0x0602db50      0x380 c:/saturn/SH_COFF/sh-coff/bin/../lib/gcc/sh-coff/3.4-GNUSH_v0501/../../../../sh-coff/lib\libc.a(impure.o)
                0x0602decc                _impure_ptr
 .data          0x0602ded0      0x410 c:/saturn/SH_COFF/sh-coff/bin/../lib/gcc/sh-coff/3.4-GNUSH_v0501/../../../../sh-coff/lib\libc.a(mallocr.o)
                0x0602ded8                __malloc_av_
                0x0602ded4                __malloc_trim_threshold
                0x0602ded0                __malloc_sbrk_base
                0x0602e2e0                SIZEOF_R = (. - STARTOF_R)
                0x0602e2e0                ENDOF_R = .

.bss            0x0602e2e0    0x105d4
                0x0602e2e0                STARTOF_B = .
 *(.bss)
 .bss           0x0602e2e0       0x10 vblank.o
                0x0602e2e4                PadData2E
                0x0602e2ea                PadData1
                0x0602e2e6                PadData2
                0x0602e2e8                PadData1E
                0x0602e2e0                __port
 .bss           0x0602e2f0       0xe0 smpclib/per_x2.o
 .bss           0x0602e3d0       0x10 ball.o
 .bss           0x0602e3e0       0x10 barrier.o
 .bss           0x0602e3f0       0x10 capsule.o
 .bss           0x0602e400       0x10 cutscene.o
 .bss           0x0602e410       0x50 game.o
                0x0602e424                bit_left
                0x0602e414                illusion_charno
                0x0602e41c                laser_max
                0x0602e420                bit_right
                0x0602e428                bit_ship
                0x0602e42c                turbo
                0x0602e434                score
                0x0602e418                illusion
                0x0602e430                powerup_cursor
                0x0602e410                illusion_cursor
 .bss           0x0602e460     0x1970 intro.o
 .bss           0x0602fdd0       0x10 laser.o
 .bss           0x0602fde0     0x13a0 level.o
 .bss           0x06031180       0x10 logo.o
 .bss           0x06031190       0x60 menu.o
 .bss           0x060311f0       0x10 pcmsys.o
                0x060311f0                numberPCMs
 .bss           0x06031200       0x10 scroll.o
                0x06031200                bitmap
                0x06031204                scroll_res
 .bss           0x06031210       0x10 soon.o
                0x06031210                soon_state
 .bss           0x06031220     0x3d00 sprite.o
                0x06031220                num_sprites
 .bss           0x06034f20       0x10 main.o
                0x06034f20                frame
 .bss           0x06034f30       0x6e c:/saturn/sbl6/segalib/lib/sega_spr.a(spr_2c.o)
 *fill*         0x06034f9e        0x2 00
 .bss           0x06034fa0        0x4 c:/saturn/sbl6/segalib/lib/sega_scl.a(scl_vblv.o)
 *fill*         0x06034fa4        0xc 00
 .bss           0x06034fb0     0x1900 c:/saturn/sbl6/segalib/lib/sega_scl.a(scl_fu05.o)
 .bss           0x060368b0        0x4 c:/saturn/sbl6/segalib/lib/sega_scl.a(scl_func.o)
 *fill*         0x060368b4        0xc 00
 .bss           0x060368c0       0x48 c:/saturn/sbl6/segalib/lib/sega_scl.a(scl_ro00.o)
 *fill*         0x06036908        0x8 00
 .bss           0x06036910        0xc c:/saturn/sbl6/segalib/lib/sega_cdc.a(cdc_sub.o)
 *fill*         0x0603691c        0x4 00
 .bss           0x06036920        0x2 c:/saturn/sbl6/segalib/lib/sega_cdc.a(cdc_reg.o)
 *fill*         0x06036922        0xe 00
 .bss           0x06036930       0x9c c:/saturn/sbl6/segalib/lib/sega_per.a(per_prt.o)
 *fill*         0x060369cc        0x4 00
 .bss           0x060369d0        0xc c:/saturn/sbl6/segalib/lib/sega_sat.a(DMA_SCU1.o)
 *fill*         0x060369dc        0x4 00
 .bss           0x060369e0        0xc c:/saturn/sbl6/segalib/lib/sega_sat.a(gfs_trn.o)
 *fill*         0x060369ec        0x4 00
 .bss           0x060369f0       0x20 c:/saturn/sbl6/segalib/lib/sega_sat.a(DMA_SCU0.o)
 .bss           0x06036a10       0x10 c:/saturn/SH_COFF/sh-coff/bin/../lib/gcc/sh-coff/3.4-GNUSH_v0501\libgcc.a(__main.o)
 .bss           0x06036a20       0x10 c:/saturn/SH_COFF/sh-coff/bin/../lib/gcc/sh-coff/3.4-GNUSH_v0501/../../../../sh-coff/lib\libc.a(atexit.o)
 .bss           0x06036a30       0x40 c:/saturn/SH_COFF/sh-coff/bin/../lib/gcc/sh-coff/3.4-GNUSH_v0501/../../../../sh-coff/lib\libc.a(mallocr.o)
                0x06036a60                __malloc_top_pad
                0x06036a30                __malloc_current_mallinfo
                0x06036a5c                __malloc_max_sbrked_mem
                0x06036a58                __malloc_max_total_mem
 .bss           0x06036a70       0x10 c:/saturn/SH_COFF/sh-coff/bin/../lib/gcc/sh-coff/3.4-GNUSH_v0501/../../../../sh-coff/lib\libc.a(syscalls.o)
 *(COMMON)
 COMMON         0x06036a80        0x8 vblank.o
                                  0x0 (size before relaxing)
                0x06036a80                PadAnalogR1
                0x06036a81                PadAnalogL1
                0x06036a82                PadAnalogY1
                0x06036a83                PadAnalogX1
                0x06036a84                PadID1
 *fill*         0x06036a88        0x8 00
 COMMON         0x06036a90      0x1e8 ball.o
                                  0x0 (size before relaxing)
                0x06036a90                ball_sprites
                0x06036c70                ball_count
                0x06036c74                ball_mode
 *fill*         0x06036c78        0x8 00
 COMMON         0x06036c80        0x4 barrier.o
                                  0x0 (size before relaxing)
                0x06036c80                barrier_life
 *fill*         0x06036c84        0xc 00
 COMMON         0x06036c90       0xa0 capsule.o
                                  0x0 (size before relaxing)
                0x06036c90                capsules
 COMMON         0x06036d30     0x1674 cd.o
                                  0x0 (size before relaxing)
                0x06036d30                dirname
                0x06037690                lib_work
                0x06038398                directory_table
 *fill*         0x060383a4        0xc 00
 COMMON         0x060383b0       0xb4 game.o
                                  0x0 (size before relaxing)
                0x060383b0                laser_charno
                0x060383c0                ship_sprite
                0x060383d8                explosion_charno
                0x060383dc                capsule_charno
                0x060383e0                bit_charno
                0x060383e4                block_charno
                0x060383e8                ship_left
                0x060383ec                ship_right
                0x060383f0                ball_charno
                0x06038400                illusion_arr
                0x06038460                barrier_charno
 *fill*         0x06038464        0xc 00
 COMMON         0x06038470       0xd0 laser.o
                                  0x0 (size before relaxing)
                0x06038470                laser_count
                0x06038480                laser_sprites
 COMMON         0x06038540     0x14a0 print.o
                                  0x0 (size before relaxing)
                0x06038540                text
 COMMON         0x060399e0      0x230 scroll.o
                                  0x0 (size before relaxing)
                0x060399e0                scfg
 COMMON         0x06039c10        0x4 soon.o
                                  0x0 (size before relaxing)
                0x06039c10                soon_scroll
 *fill*         0x06039c14        0xc 00
 COMMON         0x06039c20     0x3180 sprite.o
                                  0x0 (size before relaxing)
                0x06039c20                sprites
                0x0603ada0                sprite_buf
 COMMON         0x0603cda0       0x8c main.o
                                  0x0 (size before relaxing)
                0x0603cda0                off_config
 *fill*         0x0603ce2c        0x4 00
 COMMON         0x0603ce30      0x400 c:/saturn/sbl6/segalib/lib/sega_int.a(int.o)
                                  0x0 (size before relaxing)
                0x0603ce30                __interrupt_vector
 COMMON         0x0603d230       0x50 c:/saturn/sbl6/segalib/lib/sega_spr.a(spr_2c.o)
                                  0x0 (size before relaxing)
                0x0603d230                SpMstCmd
                0x0603d234                Sp2OpenFlag
                0x0603d238                SpGourTblMax
                0x0603d23c                SpDrawPrtyBlk
                0x0603d240                SpLCoordX
                0x0603d244                SpMstDrawPrtyBlk
                0x0603d248                SpGourTbl
                0x0603d24c                SpLookupTblR
                0x0603d250                SpCmdTbl
                0x0603d254                SpCharMax
                0x0603d258                SpDrawPrtyProcFlag
                0x0603d25c                SpCmdNo
                0x0603d260                SpDrawPrtyBlkMax
                0x0603d264                SpSlvCmdPos
                0x0603d268                SpSlvDrawPrtyBlk
                0x0603d26c                SpCharTbl
                0x0603d270                SpCmdTblR
                0x0603d274                SpMstCmdPos
                0x0603d278                SpSlvCmd
                0x0603d27c                SpLCoordY
 COMMON         0x0603d280       0x10 c:/saturn/sbl6/segalib/lib/sega_spr.a(spr_1c.o)
                                  0x0 (size before relaxing)
                0x0603d280                SpScreenY
                0x0603d284                SpFbcrMode
                0x0603d286                SpDil
                0x0603d288                SpDie
                0x0603d28a                SpTvMode
                0x0603d28c                SpScreenX
 COMMON         0x0603d290      0x6b0 c:/saturn/sbl6/segalib/lib/sega_scl.a(scl_pri.o)
                                  0x0 (size before relaxing)
                0x0603d290                SclAutoEndBlue2
                0x0603d2a0                SclColOffset
                0x0603d2b0                SclPriBuffDirty
                0x0603d2b2                SclAutoEndRed
                0x0603d2b4                SclAutoSurface
                0x0603d2b8                SclAutoGreen
                0x0603d2ba                SclAutoEndGreen
                0x0603d2bc                SclAutoCount
                0x0603d2c0                SclColRamAlloc256
                0x0603d2e0                SclAutoCurRate
                0x0603d2e1                SclAutoPlusFlag
                0x0603d2e8                SclSpColMix
                0x0603d2f0                SclAutoMax
                0x0603d2f4                SclLineColRamOffset
                0x0603d2f8                SclColRamAlloc2048
                0x0603d2fc                SclBgPriNum
                0x0603d302                SclAutoEndBlue
                0x0603d304                SclAutoEndGreen2
                0x0603d306                SclAutoVeFlag
                0x0603d308                SclBgColMix
                0x0603d310                SclAutoIndex
                0x0603d314                SclAutoEndRate
                0x0603d316                SclAutoBlue
                0x0603d318                SclAutoRed
                0x0603d31c                SclAutoInterval
                0x0603d320                SclOtherPri
                0x0603d330                SclAutoRGB
                0x0603d930                SclAutoEndRed2
                0x0603d938                SclSpPriNum
 COMMON         0x0603d940      0xf00 c:/saturn/sbl6/segalib/lib/sega_scl.a(scl_func.o)
                                  0x0 (size before relaxing)
                0x0603d940                SclRbgKtbAddr
                0x0603d948                SclRb
                0x0603d94a                Scl_flag
                0x0603d950                SclK_TableBuff
                0x0603e620                SclAddrCsTbl
                0x0603e630                Scl_s_reg
                0x0603e658                SclRotateXy
                0x0603e660                Scl_d_reg
                0x0603e6a8                SclRotateDisp
                0x0603e6b0                SclRotateMoveZ
                0x0603e6b8                SclRotXySw
                0x0603e6c0                Scl_r_reg
                0x0603e6d0                SclRPMD
                0x0603e6d8                SclRbgKtbOffset
                0x0603e6e0                _SclRotregBuff
                0x0603e7b0                SclRa
                0x0603e7b8                SclRotateZ
                0x0603e7c0                SclAddrLsTbl
                0x0603e7c8                SclK_TableNum
                0x0603e7d0                SclRotateTableAddress
                0x0603e7d4                SclK_TableFlag
                0x0603e7e0                Scl_w_reg
                0x0603e800                Scl_n_reg
 COMMON         0x0603e840       0x10 c:/saturn/sbl6/segalib/lib/sega_scl.a(scl_ro00.o)
                                  0x0 (size before relaxing)
                0x0603e840                SclCsx
                0x0603e848                SclCsy
 COMMON         0x0603e850       0x15 c:/saturn/sbl6/segalib/lib/sega_per.a(per_prt.o)
                                  0x0 (size before relaxing)
                0x0603e850                per_get_time_flg
                0x0603e851                per_hot_res
                0x0603e852                per_set_sys_flg
                0x0603e854                per_get_time_adr
                0x0603e858                per_get_sys_data
                0x0603e864                per_time_out_flg
 *fill*         0x0603e865        0xb 00
 COMMON         0x0603e870        0xc c:/saturn/sbl6/segalib/lib/sega_sat.a(gfs.o)
                                  0x0 (size before relaxing)
                0x0603e870                GFMC_base
                0x0603e874                gfs_mng_ptr
                0x0603e878                gfs_use_scudma
 *fill*         0x0603e87c        0x4 00
 COMMON         0x0603e880        0x8 c:/saturn/sbl6/segalib/lib/sega_sat.a(gfs_cdf.o)
                                  0x0 (size before relaxing)
                0x0603e880                gfcf_fad
                0x0603e884                gfcf_stat
 *fill*         0x0603e888        0x8 00
 COMMON         0x0603e890        0xc c:/saturn/sbl6/segalib/lib/sega_sat.a(gfs_cdc.o)
                                  0x0 (size before relaxing)
                0x0603e890                gfcd_fatal_err
                0x0603e894                gfcd_work
                0x0603e898                gfcd_playflag
 *fill*         0x0603e89c        0x4 00
 COMMON         0x0603e8a0        0x8 c:/saturn/sbl6/segalib/lib/sega_sat.a(DMA_CPU5.o)
                                  0x0 (size before relaxing)
                0x0603e8a0                dma_cpu_cnt
                0x0603e8a4                dma_cpu_dis_adr
 *fill*         0x0603e8a8        0x8 00
 COMMON         0x0603e8b0        0x4 c:/saturn/SH_COFF/sh-coff/bin/../lib/gcc/sh-coff/3.4-GNUSH_v0501/../../../../sh-coff/lib\libc.a(syscalls.o)
                                  0x0 (size before relaxing)
                0x0603e8b0                errno
                0x0603e8b4                SIZEOF_B = (. - STARTOF_B)
                0x0603e8b4                ENDOF_B = .
                0x0603e8b4                _end = .
OUTPUT(main.cof coff-sh)

.comment        0x0603e8c0      0x640
 .comment       0x0603e8c0       0x20 c:/saturn/sbl6/segasmp/lib/strt2_g.o
 .comment       0x0603e8e0       0x20 vblank.o
 .comment       0x0603e900       0x20 smpclib/per_x1.o
 .comment       0x0603e920       0x20 smpclib/per_x2.o
 .comment       0x0603e940       0x20 spritecode/explosion.o
 .comment       0x0603e960       0x20 ball.o
 .comment       0x0603e980       0x20 barrier.o
 .comment       0x0603e9a0       0x20 capsule.o
 .comment       0x0603e9c0       0x20 cutscene.o
 .comment       0x0603e9e0       0x20 cd.o
 .comment       0x0603ea00       0x20 crc.o
 .comment       0x0603ea20       0x20 devcart.o
 .comment       0x0603ea40       0x20 game.o
 .comment       0x0603ea60       0x20 graphics.o
 .comment       0x0603ea80       0x20 intro.o
 .comment       0x0603eaa0       0x20 laser.o
 .comment       0x0603eac0       0x20 level.o
 .comment       0x0603eae0       0x20 logo.o
 .comment       0x0603eb00       0x20 menu.o
 .comment       0x0603eb20       0x20 pcmsys.o
 .comment       0x0603eb40       0x20 print.o
 .comment       0x0603eb60       0x20 scroll.o
 .comment       0x0603eb80       0x20 soon.o
 .comment       0x0603eba0       0x20 sound.o
 .comment       0x0603ebc0       0x20 sprite.o
 .comment       0x0603ebe0       0x20 main.o