Archive member included because of file (symbol)

c:/saturn/sbl6/segalib/lib/sega_int.a(int.o)
                              vblank.o (INT_SetScuFunc)
c:/saturn/sbl6/segalib/lib/sega_int.a(int_trmp.o)
                              c:/saturn/sbl6/segalib/lib/sega_int.a(int.o) (__interrupt_handler0)
c:/saturn/sbl6/segalib/lib/sega_spr.a(spr_2c.o)
                              sprite.o (SPR_2Initial)
c:/saturn/sbl6/segalib/lib/sega_spr.a(spr_slv.o)
                              c:/saturn/sbl6/segalib/lib/sega_spr.a(spr_2c.o) (SPR_InitSlaveSH)
c:/saturn/sbl6/segalib/lib/sega_spr.a(spr_1c.o)
                              c:/saturn/sbl6/segalib/lib/sega_spr.a(spr_2c.o) (SPR_Initial)
c:/saturn/sbl6/segalib/lib/sega_spr.a(spr_2a.o)
                              c:/saturn/sbl6/segalib/lib/sega_spr.a(spr_2c.o) (SPR_2SetDrawPrty)
c:/saturn/sbl6/segalib/lib/sega_scl.a(scl_vblv.o)
                              c:/saturn/sbl6/segalib/lib/sega_spr.a(spr_1c.o) (SpFrameChgMode)
c:/saturn/sbl6/segalib/lib/sega_scl.a(scl_pr12.o)
                              cutscene.o (SCL_SetColOffset)
c:/saturn/sbl6/segalib/lib/sega_scl.a(scl_pr02.o)
                              cutscene.o (SCL_SetColRam)
c:/saturn/sbl6/segalib/lib/sega_scl.a(scl_pr11.o)
                              cutscene.o (SCL_SetAutoColOffset)
c:/saturn/sbl6/segalib/lib/sega_scl.a(scl_fu05.o)
                              game.o (SCL_InitLineParamTb)
c:/saturn/sbl6/segalib/lib/sega_scl.a(scl_pr07.o)
                              game.o (SCL_SetPriority)
c:/saturn/sbl6/segalib/lib/sega_scl.a(scl_func.o)
                              c:/saturn/sbl6/segalib/lib/sega_scl.a(scl_fu05.o) (SclLengthLsTbl)
c:/saturn/sbl6/segalib/lib/sega_scl.a(scl_pri.o)
                              c:/saturn/sbl6/segalib/lib/sega_scl.a(scl_func.o) (SclRealOtherPri)
c:/saturn/sbl6/segalib/lib/sega_scl.a(scl_pr10.o)
                              intro.o (SCL_SetAutoColMix)
c:/saturn/sbl6/segalib/lib/sega_scl.a(scl_pr01.o)
                              scroll.o (SCL_SetSpriteMode)
c:/saturn/sbl6/segalib/lib/sega_scl.a(scl_fu01.o)
                              scroll.o (SCL_SetDisplayMode)
c:/saturn/sbl6/segalib/lib/sega_scl.a(scl_fu04.o)
                              scroll.o (SCL_SetCycleTable)
c:/saturn/sbl6/segalib/lib/sega_scl.a(scl_pr03.o)
                              scroll.o (SCL_AllocColRam)
c:/saturn/sbl6/segalib/lib/sega_scl.a(scl_back.o)
                              scroll.o (SCL_SetBack)
c:/saturn/sbl6/segalib/lib/sega_scl.a(scl_fu03.o)
                              scroll.o (SCL_InitConfigTb)
c:/saturn/sbl6/segalib/lib/sega_scl.a(scl_fu02.o)
                              scroll.o (SCL_InitVramConfigTb)
c:/saturn/sbl6/segalib/lib/sega_scl.a(scl_pr09.o)
                              scroll.o (SCL_SetColMixMode)
c:/saturn/sbl6/segalib/lib/sega_scl.a(scl_pr05.o)
                              c:/saturn/sbl6/segalib/lib/sega_scl.a(scl_pr02.o) (SCL_GetColRamOffset)
c:/saturn/sbl6/segalib/lib/sega_scl.a(scl_ro00.o)
                              c:/saturn/sbl6/segalib/lib/sega_scl.a(scl_func.o) (SCL_Rotate)
c:/saturn/sbl6/segalib/lib/sega_scl.a(scl_pr06.o)
                              c:/saturn/sbl6/segalib/lib/sega_scl.a(scl_pr03.o) (SCL_SetColRamOffset)
c:/saturn/sbl6/segalib/lib/sega_mth.a(mth_tri.o)
                              ball.o (MTH_Sin)
c:/saturn/sbl6/segalib/lib/sega_mth.a(mth_fixd.o)
                              ball.o (MTH_Mul)
c:/saturn/sbl6/segalib/lib/sega_mth.a(mth_rand.o)
                              main.o (MTH_InitialRand)
c:/saturn/sbl6/segalib/lib/sega_cdc.a(cdc_drv.o)
                              sound.o (CDC_CdPlay)
c:/saturn/sbl6/segalib/lib/sega_cdc.a(cdc_cmn.o)
                              main.o (CDC_GetPeriStat)
c:/saturn/sbl6/segalib/lib/sega_cdc.a(cdc_sub.o)
                              c:/saturn/sbl6/segalib/lib/sega_cdc.a(cdc_cmn.o) (CDSUB_UpdStatus)
c:/saturn/sbl6/segalib/lib/sega_cdc.a(cdc_reg.o)
                              c:/saturn/sbl6/segalib/lib/sega_cdc.a(cdc_cmn.o) (CDREG_ClrHirqReq)
c:/saturn/sbl6/segalib/lib/sega_per.a(per_prt.o)
                              smpclib/per_x2.o (PER_LInit)
c:/saturn/sbl6/segalib/lib/sega_sat.a(gfs.o)
                              cd.o (GFS_Init)
c:/saturn/sbl6/segalib/lib/sega_sat.a(DMA_CPU1.o)
                              game.o (DMA_CpuMemCopy1)
c:/saturn/sbl6/segalib/lib/sega_sat.a(DMA_CPU2.o)
                              intro.o (DMA_CpuMemCopy2)
c:/saturn/sbl6/segalib/lib/sega_sat.a(DMA_SCU1.o)
                              c:/saturn/sbl6/segalib/lib/sega_spr.a(spr_2c.o) (DMA_ScuMemCopy)
c:/saturn/sbl6/segalib/lib/sega_sat.a(gfs_cdf.o)
                              c:/saturn/sbl6/segalib/lib/sega_sat.a(gfs.o) (GFCF_Init)
c:/saturn/sbl6/segalib/lib/sega_sat.a(gfs_dir.o)
                              c:/saturn/sbl6/segalib/lib/sega_sat.a(gfs.o) (GFDR_SetupDirTbl)
c:/saturn/sbl6/segalib/lib/sega_sat.a(gfs_trn.o)
[...]
Memory Configuration

Name             Origin             Length             Attributes
*default*        0x00000000         0xffffffff

Linker script and memory map

LOAD c:/saturn/sbl6/segasmp/lib/strt1_g.o
LOAD c:/saturn/sbl6/segasmp/lib/strt2_g.o
LOAD vblank.o
LOAD smpclib/per_x1.o
LOAD smpclib/per_x2.o
LOAD smpclib/per_x3.o
LOAD spritecode/explosion.o
LOAD ball.o
LOAD barrier.o
LOAD capsule.o
LOAD cutscene.o
LOAD cd.o
LOAD crc.o
LOAD devcart.o
LOAD game.o
LOAD graphics.o
LOAD intro.o
LOAD laser.o
LOAD level.o
LOAD logo.o
LOAD menu.o
LOAD notice.o
LOAD pcmsys.o
LOAD print.o
LOAD scroll.o
LOAD soon.o
LOAD sound.o
LOAD sprite.o
LOAD main.o
LOAD c:/saturn/sbl6/segalib/lib/sega_int.a
LOAD c:/saturn/sbl6/segalib/lib/sega_spr.a
LOAD c:/saturn/sbl6/segalib/lib/sega_scl.a
LOAD c:/saturn/sbl6/segalib/lib/sega_mth.a
LOAD c:/saturn/sbl6/segalib/lib/sega_cdc.a
LOAD c:/saturn/sbl6/segalib/lib/sega_adp.a
LOAD c:/saturn/sbl6/segalib/lib/sega_per.a
LOAD c:/saturn/sbl6/segalib/lib/sega_sat.a
LOAD c:/saturn/SH_COFF/sh-coff/bin/../lib/gcc/sh-coff/3.4-GNUSH_v0501\libgcc.a
LOAD c:/saturn/SH_COFF/sh-coff/bin/../lib/gcc/sh-coff/3.4-GNUSH_v0501/../../../../sh-coff/lib\libc.a
LOAD c:/saturn/SH_COFF/sh-coff/bin/../lib/gcc/sh-coff/3.4-GNUSH_v0501\libgcc.a

.text           0x06010000    0x19dc0
 *(.text)
 .text          0x06010000       0x30 c:/saturn/sbl6/segasmp/lib/strt1_g.o
                0x06010024                _D_END
                0x06010020                _D_BGN
                0x0601002c                _B_END
                0x06010028                _B_BGN
                0x06010000                START
 .text          0x06010030       0x60 c:/saturn/sbl6/segasmp/lib/strt2_g.o
                0x06010050                _INITSCT
                0x06010030                _INIT
 .text          0x06010090      0x1d0 vblank.o
                0x06010090                SetVblank
                0x06010110                UsrVblankOut
                0x060100f0                UsrVblankIn
 .text          0x06010260      0x240 smpclib/per_x1.o
                0x06010440                PER_GetAnalogXYZ
                0x06010280                PER_GetTriggerHandler
                0x060103d0                PER_GetEdge
                0x06010390                PER_GetTrigger
                0x060103e0                PER_GetPressEdge
                0x06010410                PER_GetReleaseEdge
                0x06010260                PER_SetTriggerHandler
 .text          0x060104a0      0x180 smpclib/per_x2.o
                0x06010580                PER_GetDeviceA
                0x060104a0                PER_OpenPort
                0x060104d0                PER_GetPort
                0x060105c0                PER_GetDeviceR
 .text          0x06010620       0x20 smpclib/per_x3.o
                0x06010620                PER_DisguiseTrigger
 .text          0x06010640       0xb0 spritecode/explosion.o
                0x060106a0                explosion_move
                0x06010640                explosion_make
 .text          0x060106f0      0x4d0 ball.o
                0x060108a0                ball_move
                0x06010790                ball_remove
                0x06010710                ball_add
                0x060107e0                ball_bounce
                0x060106f0                ball_init
                0x06010b40                ball_draw
 .text          0x06010bc0      0x1d0 barrier.o
                0x06010bf0                barrier_move
                0x06010bc0                barrier_init
                0x06010cd0                barrier_draw
 .text          0x06010d90      0x230 capsule.o
                0x06010e40                capsule_run
                0x06010db0                capsule_add
                0x06010f60                capsule_draw
                0x06010df0                capsule_remove
                0x06010d90                capsule_init
 .text          0x06010fc0      0x260 cutscene.o
                0x06010fc0                cutscene_run
 .text          0x06011220      0x120 cd.o
                0x060112c0                cd_load_nosize
                0x06011220                cd_init
                0x06011250                cd_load
 .text          0x06011340      0x140 crc.o
                0x06011440                crc_update
 .text          0x06011480      0x1d0 devcart.o
                0x06011600                devcart_reset
                0x060114f0                devcart_loadfile
                0x060115f0                devcart_printstr
 .text          0x06011650     0x1d40 game.o
                0x06011770                game_incpowerup
                0x06011910                game_run
                0x06011870                game_loss
                0x060117c0                game_powerupreset
 .text          0x06013390     0x1000 intro.o
                0x06013390                intro_run
 .text          0x06014390      0x180 laser.o
                0x060143b0                laser_add
                0x060143f0                laser_remove
                0x060144a0                laser_draw
                0x06014390                laser_init
                0x06014430                laser_move
 .text          0x06014510      0x7e0 level.o
                0x06014890                level_disp
                0x06014510                level_load
                0x06014870                level_doneload
 .text          0x06014cf0      0x3b0 logo.o
                0x06014d50                logo_run
                0x06014cf0                logo_loadframe
 .text          0x060150a0      0xbc0 menu.o
                0x060153c0                menu_run
                0x06015280                sqrt32
 .text          0x06015c60      0x430 notice.o
                0x06015f00                notice_print
                0x06015f60                notice_run
 .text          0x06016090      0x8c0 pcmsys.o
                0x06016750                load_8bit_pcm
                0x060164b0                smpc_issue_command
                0x06016550                load_drv
                0x060168e0                pcm_parameter_change
                0x06016490                smpc_wait_till_ready
                0x060164d0                load_driver_binary
                0x060168a0                pcm_play
                0x06016910                pcm_cease
                0x060165a0                calculate_bytes_per_blank
                0x060165f0                load_16bit_pcm
 .text          0x06016950      0x230 print.o
                0x06016ae0                print_display
                0x06016a30                print_num
                0x06016950                print_load
                0x06016a00                print_init
                0x06016a80                print_string
 .text          0x06016b80      0x6d0 scroll.o
                0x06016b80                scroll_lores
                0x06016fc0                scroll_move
                0x06017010                scroll_clearmaps
                0x06016f70                scroll_set
                0x060170b0                scroll_enable
                0x06017060                scroll_charsize
                0x060170f0                scroll_mapsize
                0x06016bf0                scroll_hires
                0x06017140                scroll_bitmapon
                0x060171c0                scroll_bitmapoff
                0x06016d40                scroll_init
                0x06016c60                scroll_scale
 .text          0x06017250      0x280 soon.o
                0x06017350                soon_clearcol
                0x06017320                soon_loadcol
                0x06017250                soon_init
                0x06017380                soon_run
 .text          0x060174d0      0x260 sound.o
                0x06017710                sound_play
                0x06017560                sound_init
                0x060176b0                sound_cdda
 .text          0x06017730      0x5f0 sprite.o
                0x06017760                sprite_init
                0x06017b50                sprite_make
                0x06017c90                sprite_next
                0x06017810                sprite_erase
                0x06017cf0                sprite_delete
                0x06017ba0                sprite_draw_all
                0x06017730                sprite_deleteall
                0x06017870                sprite_startdraw
                0x060178f0                sprite_draw
 .text          0x06017d20      0x280 main.o
                0x06017d20                main
 .text          0x06017fa0       0x40 c:/saturn/sbl6/segalib/lib/sega_int.a(int.o)
                0x06017fcc                INT_GetScuFunc
                0x06017fa0                INT_SetScuFunc
 .text          0x06017fe0      0x624 c:/saturn/sbl6/segalib/lib/sega_int.a(int_trmp.o)
                0x06018148                __interrupt_handler60
                0x060182f8                __interrupt_handler132
                0x060184ae                __interrupt_handler205
                0x06018316                __interrupt_handler137
                0x06018244                __interrupt_handler102
                0x06018082                __interrupt_handler27
                0x06018484                __interrupt_handler198
                0x06018376                __interrupt_handler153
                0x0601805e                __interrupt_handler21
                0x0601816c                __interrupt_handler66
                0x0601825c                __interrupt_handler106
                0x060183a6                __interrupt_handler161
                0x060181f0                __interrupt_handler88
                0x060183be                __interrupt_handler165
                0x060182ce                __interrupt_handler125
                0x06018004                __interrupt_handler6
                0x060180a0                __interrupt_handler32
                0x0601845a                __interrupt_handler191
                0x06018574                __interrupt_handler238
                0x0601858c                __interrupt_handler242
                0x06018394                __interrupt_handler158
                0x060181fc                __interrupt_handler90
                0x060183b8                __interrupt_handler164
                0x060180dc                __interrupt_handler42
                0x0601841e                __interrupt_handler181
                0x06018526                __interrupt_handler225
                0x060185ce                __interrupt_handler253
                0x060183e2                __interrupt_handler171
                0x0601819c                __interrupt_handler74
                0x06017ff2                __interrupt_handler3
                0x06018136                __interrupt_handler57
                0x06018034                __interrupt_handler14
                0x060184cc                __interrupt_handler210
                0x060184fc                __interrupt_handler218
                0x060184c0                __interrupt_handler208
                0x060180c4                __interrupt_handler38
                0x06017fe0                __interrupt_handler0
                0x06018250                __interrupt_handler104
                0x0601838e                __interrupt_handler157
                0x060184de                __interrupt_handler213
                0x060183d0                __interrupt_handler168
                0x060181de                __interrupt_handler85
                0x0601827a                __interrupt_handler111
                0x0601828c                __interrupt_handler114
                0x060180fa                __interrupt_handler47
                0x06018550                __interrupt_handler232
                0x0601851a                __interrupt_handler223
                0x0601856e                __interrupt_handler237
                0x0601815a                __interrupt_handler63
                0x060180e8                __interrupt_handler44
                0x060183fa                __interrupt_handler175
                0x06018424                __interrupt_handler182
                0x0601843c                __interrupt_handler186
                0x0601833a                __interrupt_handler143
                0x06018262                __interrupt_handler107
                0x060182c8                __interrupt_handler124
                0x060183e8                __interrupt_handler172
                0x0601859e                __interrupt_handler245
                0x0601821a                __interrupt_handler95
                0x060182f2                __interrupt_handler131
                0x06018304                __interrupt_handler134
                0x06018322                __interrupt_handler139
                0x06018190                __interrupt_handler72
                0x0601854a                __interrupt_handler231
                0x060183a0                __interrupt_handler160
                0x060182e6                __interrupt_handler129
                0x06018058                __interrupt_handler20
                0x06018166                __interrupt_handler65
                0x06018130                __interrupt_handler56
                0x0601802e                __interrupt_handler13
                0x060184c6                __interrupt_handler209
                0x06018280                __interrupt_handler112
                0x06018052                __interrupt_handler19
                0x0601820e                __interrupt_handler93
                0x06018478                __interrupt_handler196
                0x0601836a                __interrupt_handler151
                0x060183ca                __interrupt_handler167
                0x060185e0                __trampoline
                0x06018046                __interrupt_handler17
                0x06018538                __interrupt_handler228
                0x060185da                __interrupt_handler255
                0x06018598                __interrupt_handler244
                0x06018232                __interrupt_handler99
                0x0601842a                __interrupt_handler183
                0x06018328                __interrupt_handler140
                0x0601844e                __interrupt_handler189
                0x0601834c                __interrupt_handler146
                0x06018514                __interrupt_handler222
                0x06018388                __interrupt_handler156
                0x060182bc                __interrupt_handler122
                0x060185b0                __interrupt_handler248
                0x06018100                __interrupt_handler48
                0x0601817e                __interrupt_handler69
                0x06018070                __interrupt_handler24
                0x060181f6                __interrupt_handler89
                0x060184ea                __interrupt_handler215
                0x060185d4                __interrupt_handler254
                0x060181ea                __interrupt_handler87
                0x0601814e                __interrupt_handler61
                0x06018472                __interrupt_handler195
                0x06018364                __interrupt_handler150
                0x060180d6                __interrupt_handler41
                0x06018274                __interrupt_handler110
                0x060182da                __interrupt_handler127
                0x06018268                __interrupt_handler108
                0x06018286                __interrupt_handler113
                0x06018298                __interrupt_handler116
                0x060182b6                __interrupt_handler121
                0x060181ae                __interrupt_handler77
                0x060180ca                __interrupt_handler39
                0x060180e2                __interrupt_handler43
                0x060185b6                __interrupt_handler249
                0x060183f4                __interrupt_handler174
                0x06018310                __interrupt_handler136
                0x06018448                __interrupt_handler188
                0x06018346                __interrupt_handler145
                0x06018016                __interrupt_handler9
                0x060181ba                __interrupt_handler79
                0x06018532                __interrupt_handler227
                0x060180ac                __interrupt_handler34
                0x060182ec                __interrupt_handler130
                0x060185aa                __interrupt_handler247
                0x060181a2                __interrupt_handler75
                0x060183ee                __interrupt_handler173
                0x0601811e                __interrupt_handler53
                0x0601835e                __interrupt_handler149
                0x060185c2                __interrupt_handler251
                0x06018556                __interrupt_handler233
                0x0601801c                __interrupt_handler10
                0x060184a8                __interrupt_handler204
                0x060181cc                __interrupt_handler82
                0x060181d2                __interrupt_handler83
                0x06018076                __interrupt_handler25
                0x06018592                __interrupt_handler243
                0x060183ac                __interrupt_handler162
                0x060180f4                __interrupt_handler46
                0x0601840c                __interrupt_handler178
                0x060181c0                __interrupt_handler80
                0x06018154                __interrupt_handler62
                0x06017fec                __interrupt_handler2
                0x0601808e                __interrupt_handler29
                0x06018184                __interrupt_handler70
                0x0601826e                __interrupt_handler109
                0x06018358                __interrupt_handler148
                0x06018214                __interrupt_handler94
                0x06018520                __interrupt_handler224
                0x0601824a                __interrupt_handler103
                0x060180b8                __interrupt_handler36
                0x060182d4                __interrupt_handler126
                0x060185a4                __interrupt_handler246
                0x0601812a                __interrupt_handler55
                0x06018028                __interrupt_handler12
                0x06018118                __interrupt_handler52
                0x06018442                __interrupt_handler187
                0x06018340                __interrupt_handler144
                0x0601829e                __interrupt_handler117
                0x0601804c                __interrupt_handler18
                0x0601847e                __interrupt_handler197
                0x06018370                __interrupt_handler152
                0x060182a4                __interrupt_handler118
                0x060183dc                __interrupt_handler170
                0x06018496                __interrupt_handler201
                0x06018226                __interrupt_handler97
                0x060183b2                __interrupt_handler163
                0x06018418                __interrupt_handler180
                0x06018460                __interrupt_handler192
                0x06018580                __interrupt_handler240
                0x060182c2                __interrupt_handler123
                0x060184e4                __interrupt_handler214
                0x0601809a                __interrupt_handler31
                0x06018088                __interrupt_handler28
                0x06018172                __interrupt_handler67
                0x06018178                __interrupt_handler68
                0x06018064                __interrupt_handler22
                0x0601806a                __interrupt_handler23
                0x06018400                __interrupt_handler176
                0x0601800a                __interrupt_handler7
                0x0601850e                __interrupt_handler221
                0x060184f6                __interrupt_handler217
                0x0601853e                __interrupt_handler229
                0x06018106                __interrupt_handler49
                0x06017ff8                __interrupt_handler4
                0x060180d0                __interrupt_handler40
                0x06018292                __interrupt_handler115
                0x06018562                __interrupt_handler235
                0x06018202                __interrupt_handler91
                0x060184b4                __interrupt_handler206
                0x06018406                __interrupt_handler177
                0x06018352                __interrupt_handler147
                0x060180be                __interrupt_handler37
                0x060185bc                __interrupt_handler250
                0x06017fe6                __interrupt_handler1
                0x06018502                __interrupt_handler219
                0x060181a8                __interrupt_handler76
                0x06018238                __interrupt_handler100
                0x0601813c                __interrupt_handler58
                0x0601803a                __interrupt_handler15
                0x060184d8                __interrupt_handler212
                0x06018586                __interrupt_handler241
                0x0601849c                __interrupt_handler202
                0x06018466                __interrupt_handler193
                0x060181b4                __interrupt_handler78
                0x0601810c                __interrupt_handler50
                0x060180a6                __interrupt_handler33
                0x060183c4                __interrupt_handler166
                0x0601831c                __interrupt_handler138
                0x0601830a                __interrupt_handler135
                0x06018094                __interrupt_handler30
                0x06018430                __interrupt_handler184
                0x0601832e                __interrupt_handler141
                0x06018544                __interrupt_handler230
                0x06018568                __interrupt_handler236
                0x060182aa                __interrupt_handler119
                0x060181e4                __interrupt_handler86
                0x06018256                __interrupt_handler105
                0x060181c6                __interrupt_handler81
                0x060182b0                __interrupt_handler120
                0x060182e0                __interrupt_handler128
                0x06018124                __interrupt_handler54
                0x06018022                __interrupt_handler11
                0x0601848a                __interrupt_handler199
                0x0601837c                __interrupt_handler154
                0x060180ee                __interrupt_handler45
                0x060184f0                __interrupt_handler216
                0x060184a2                __interrupt_handler203
                0x0601823e                __interrupt_handler101
                0x060181d8                __interrupt_handler84
                0x06018436                __interrupt_handler185
                0x06018334                __interrupt_handler142
                0x0601807c                __interrupt_handler26
                0x06018160                __interrupt_handler64
                0x06018490                __interrupt_handler200
                0x060184ba                __interrupt_handler207
                0x0601846c                __interrupt_handler194
                0x06018208                __interrupt_handler92
                0x06018382                __interrupt_handler155
                0x060184d2                __interrupt_handler211
                0x060182fe                __interrupt_handler133
                0x06017ffe                __interrupt_handler5
                0x06018196                __interrupt_handler73
                0x06018040                __interrupt_handler16
                0x0601857a                __interrupt_handler239
                0x0601855c                __interrupt_handler234
                0x060180b2                __interrupt_handler35
                0x06018142                __interrupt_handler59
                0x060183d6                __interrupt_handler169
                0x0601822c                __interrupt_handler98
                0x0601818a                __interrupt_handler71
                0x06018112                __interrupt_handler51
                0x0601839a                __interrupt_handler159
                0x0601852c                __interrupt_handler226
                0x06018220                __interrupt_handler96
                0x06018454                __interrupt_handler190
                0x06018508                __interrupt_handler220
                0x06018010                __interrupt_handler8
                0x06018412                __interrupt_handler179
                0x060185c8                __interrupt_handler252
 *fill*         0x06018604        0xc 00
 .text          0x06018610     0x12a0 c:/saturn/sbl6/segalib/lib/sega_spr.a(spr_2c.o)
                0x06019870                SlaveFlushDrawPrtyBlock
                0x06018610                SPR_2Initial
                0x06018e54                SPR_2SysClip
                0x06018df4                SPR_2LocalCoord
                0x060196ec                SPR_2FlushDrawPrtyBlock
                0x060193d8                SPR_2DistSpr
                0x06018ddc                SPR_2FlushDrawPrty
                0x060194fc                SPR_2Cmd
                0x06018ad8                SPR_2GourTblNoToVram
                0x06018b38                SPR_2GetAreaSizeInfo
                0x060188a0                SPR_2SetGourTbl
                0x0601908c                SPR_2Polygon
                0x06018b14                SPR_2CharNoToVram
                0x06018820                SPR_2SetTvMode
                0x06018c7c                SPR_2CloseCommand
                0x0601885c                SPR_2FrameEraseData
                0x06018638                SPR_2Initial2
                0x0601926c                SPR_2ScaleSpr
                0x06018efc                SPR_2Line
                0x06018bc8                SPR_2OpenCommand
                0x0601883c                SPR_2FrameChgIntr
                0x06019148                SPR_2NormSpr
                0x060188d0                SPR_2SetLookupTbl
                0x06018904                SPR_2SetChar
                0x06018afc                SPR_2LookupTblNoToVram
                0x06018fd0                SPR_2PolyLine
                0x06018a70                SPR_2ClrAllChar
                0x06018a24                SPR_2ClrChar
                0x06018ea0                SPR_2UserClip
 .text          0x060198b0      0x1e6 c:/saturn/sbl6/segalib/lib/sega_spr.a(spr_slv.o)
                0x06019a14                SPR_WaitEndSlaveSH
                0x060198b0                SPR_SMPC_SSHON
                0x060199f0                SPR_RunSlaveSH
                0x060198b4                SPR_InitSlaveSH
                0x0601997c                SPR_SlaveSHmain
                0x060198b1                SPR_SMPC_SSHOFF
 *fill*         0x06019a96        0xa 00
 .text          0x06019aa0      0x36a c:/saturn/sbl6/segalib/lib/sega_spr.a(spr_1c.o)
                0x06019d54                SPR_WaitDrawEnd
                0x06019d6c                SPR_SetEosMode
                0x06019c84                SPR_SetEraseData
                0x06019aa0                SPR_Initial
                0x06019b78                SPR_SetTvMode
                0x06019c10                SPR_GetStatus
 *fill*         0x06019e0a        0x6 00
 .text          0x06019e10      0x244 c:/saturn/sbl6/segalib/lib/sega_spr.a(spr_2a.o)
                0x06019e22                sprMemCpyW
                0x06019e80                flushDrawPrtyBlock
                0x06019e10                sprMemCpyL
                0x06019e34                SPR_2SetDrawPrty
 *fill*         0x0601a054        0xc 00
 .text          0x0601a060      0x2fc c:/saturn/sbl6/segalib/lib/sega_scl.a(scl_vblv.o)
                0x0601a11c                SCL_DisplayFrame
                0x0601a060                SCL_SetFrameInterval
                0x0601a150                SCL_VblInit
                0x0601a1a0                SCL_VblankStart
                0x0601a1e4                SCL_VblankEnd
 *fill*         0x0601a35c        0x4 00
 .text          0x0601a360      0x1f4 c:/saturn/sbl6/segalib/lib/sega_scl.a(scl_pr12.o)
                0x0601a360                SCL_SetColOffset
 *fill*         0x0601a554        0xc 00
 .text          0x0601a560       0x9c c:/saturn/sbl6/segalib/lib/sega_scl.a(scl_pr02.o)
                0x0601a560                SCL_SetColRam
 *fill*         0x0601a5fc        0x4 00
 .text          0x0601a600      0x180 c:/saturn/sbl6/segalib/lib/sega_scl.a(scl_pr11.o)
                0x0601a600                SCL_SetAutoColOffset
 .text          0x0601a780      0x278 c:/saturn/sbl6/segalib/lib/sega_scl.a(scl_fu05.o)
                0x0601a83c                SCL_SetLineParam
                0x0601a788                SCL_InitLineParamTb
 *fill*         0x0601a9f8        0x8 00
 .text          0x0601aa00      0x214 c:/saturn/sbl6/segalib/lib/sega_scl.a(scl_pr07.o)
                0x0601aa00                SCL_SetPriority
 *fill*         0x0601ac14        0xc 00
 .text          0x0601ac20      0xb9c c:/saturn/sbl6/segalib/lib/sega_scl.a(scl_func.o)
                0x0601b5fc                SCL_Vdp2_SGLInit
                0x0601b50c                SCL_PriIntProc
                0x0601b484                SCL_Memcpyw
                0x0601b79c                SCL_SglOff
                0x0601b77c                SCL_SglOn
                0x0601b3f0                SCL_ScrollShow
                0x0601ae98                SCL_Close
                0x0601b190                SCL_Scale
                0x0601ac20                SCL_Vdp2Init
                0x0601b004                SCL_Move
                0x0601b2cc                SCL_CopyReg
                0x0601ae74                SCL_Open
                0x0601aca4                SCL_ParametersInit
                0x0601aeb4                SCL_MoveTo
                0x0601b4ac                SCL_SetColRamMode
 *fill*         0x0601b7bc        0x4 00
 .text          0x0601b7c0     0x10a4 c:/saturn/sbl6/segalib/lib/sega_scl.a(scl_pri.o)
                0x0601b854                SCL_AbortAutoVe
                0x0601c704                SCL_SetShadowBit
                0x0601bccc                SCL_AutoExec
                0x0601b7c0                SCL_PriorityInit
                0x0601c1e0                SCL_IncColOffset
                0x0601b868                SCL_SetColMixRate
                0x0601b838                SCL_GetColRamMode
 *fill*         0x0601c864        0xc 00
 .text          0x0601c870       0x98 c:/saturn/sbl6/segalib/lib/sega_scl.a(scl_pr10.o)
                0x0601c870                SCL_SetAutoColMix
 *fill*         0x0601c908        0x8 00
 .text          0x0601c910       0x58 c:/saturn/sbl6/segalib/lib/sega_scl.a(scl_pr01.o)
                0x0601c910                SCL_SetSpriteMode
 *fill*         0x0601c968        0x8 00
 .text          0x0601c970      0x1ec c:/saturn/sbl6/segalib/lib/sega_scl.a(scl_fu01.o)
                0x0601c970                SCL_SetDisplayMode
 *fill*         0x0601cb5c        0x4 00
 .text          0x0601cb60       0x28 c:/saturn/sbl6/segalib/lib/sega_scl.a(scl_fu04.o)
                0x0601cb60                SCL_SetCycleTable
 *fill*         0x0601cb88        0x8 00
 .text          0x0601cb90      0x138 c:/saturn/sbl6/segalib/lib/sega_scl.a(scl_pr03.o)
                0x0601cb90                SCL_FreeColRam
                0x0601cbc8                SCL_AllocColRam
 *fill*         0x0601ccc8        0x8 00
 .text          0x0601ccd0       0x84 c:/saturn/sbl6/segalib/lib/sega_scl.a(scl_back.o)
                0x0601ccd0                SCL_SetBack
 *fill*         0x0601cd54        0xc 00
 .text          0x0601cd60      0x94c c:/saturn/sbl6/segalib/lib/sega_scl.a(scl_fu03.o)
                0x0601cdbc                SCL_SetConfig
                0x0601cd60                SCL_InitConfigTb
 *fill*         0x0601d6ac        0x4 00
 .text          0x0601d6b0      0x4f4 c:/saturn/sbl6/segalib/lib/sega_scl.a(scl_fu02.o)
                0x0601d6e8                SCL_SetVramConfig
                0x0601d6b0                SCL_InitVramConfigTb
 *fill*         0x0601dba4        0xc 00
 .text          0x0601dbb0       0x40 c:/saturn/sbl6/segalib/lib/sega_scl.a(scl_pr09.o)
                0x0601dbb0                SCL_SetColMixMode
 .text          0x0601dbf0       0xac c:/saturn/sbl6/segalib/lib/sega_scl.a(scl_pr05.o)
                0x0601dbf0                SCL_GetColRamOffset
 *fill*         0x0601dc9c        0x4 00
 .text          0x0601dca0     0x1394 c:/saturn/sbl6/segalib/lib/sega_scl.a(scl_ro00.o)
                0x0601ee8c                SCL_RotateZD
                0x0601e154                SCL_Rotate
                0x0601de28                SCL_InitRotateTable
 *fill*         0x0601f034        0xc 00
 .text          0x0601f040      0x1b4 c:/saturn/sbl6/segalib/lib/sega_scl.a(scl_pr06.o)
                0x0601f040                SCL_SetColRamOffset
 *fill*         0x0601f1f4        0xc 00
 .text          0x0601f200      0x600 c:/saturn/sbl6/segalib/lib/sega_mth.a(mth_tri.o)
                0x0601f29c                fcos
                0x0601f2a2                fsin
                0x0601f24c                MTH_Cos
                0x0601f200                MTH_Sin
                0x0601f440                MTH_Atan
 .text          0x0601f800       0xa4 c:/saturn/sbl6/segalib/lib/sega_mth.a(mth_fixd.o)
                0x0601f850                MTH_FixedToInt
                0x0601f840                MTH_IntToFixed
                0x0601f800                MTH_Mul
                0x0601f860                MTH_Product
                0x0601f820                MTH_Div
 *fill*         0x0601f8a4        0xc 00
 .text          0x0601f8b0       0x30 c:/saturn/sbl6/segalib/lib/sega_mth.a(mth_rand.o)
                0x0601f8c0                MTH_GetRand
                0x0601f8b0                MTH_InitialRand
 .text          0x0601f8e0      0x130 c:/saturn/sbl6/segalib/lib/sega_cdc.a(cdc_drv.o)
                0x0601f8e0                CDC_CdPlay
                0x0601f9ac                CDC_CdSeek
                0x0601f9e0                CDC_CdScan
 .text          0x0601fa10      0x3a0 c:/saturn/sbl6/segalib/lib/sega_cdc.a(cdc_cmn.o)
                0x0601fbb4                CDC_TgetToc
                0x0601fd58                CDC_DataEnd
                0x0601fa78                CDC_GetPeriStat
                0x0601fcec                CDC_DataReady
                0x0601fcc4                CDC_CdOpen
                0x0601fc40                CDC_CdInit
                0x0601fc04                CDC_GetSes
                0x0601fa60                CDC_GetLastStat
                0x0601fa10                CDC_GetCurStat
                0x0601fb4c                CDC_GetHwInfo
 .text          0x0601fdb0      0x152 c:/saturn/sbl6/segalib/lib/sega_cdc.a(cdc_sub.o)
                0x0601fe58                CDSUB_GetCdstat
                0x0601fdc8                CDSUB_UpdCdstat
                0x0601fe98                CDSUB_RspToCdstat
                0x0601fee0                CDSUB_SoftTimer
                0x0601fdb0                CDSUB_UpdStatus
                0x0601fde8                CDSUB_CdCmd
 *fill*         0x0601ff02        0xe 00
 .text          0x0601ff10      0x2dc c:/saturn/sbl6/segalib/lib/sega_cdc.a(cdc_reg.o)
                0x0601ff64                CDREG_ClrHirqReq
                0x0601ff34                CDC_ClrHirqReq
                0x0601ffe4                CDREG_TgetData
                0x0601ffd4                CDC_GetMpegPtr
                0x0601ffb0                CDC_GetHirqMsk
                0x0601ff10                CDC_GetDataPtr
                0x0601ff20                CDC_GetHirqReq
                0x06020140                CDREG_WaitHirq
                0x0601ffc4                CDC_SetHirqMsk
                0x06020040                CDREG_CmdRsp
                0x0601ff74                CDREG_InitHirqReq
                0x0601ff9c                CDREG_SetHirqFlag
                0x060201b0                CDREG_ReadRsp
 *fill*         0x060201ec        0x4 00
 .text          0x060201f0      0xf50 c:/saturn/sbl6/segalib/lib/sega_per.a(per_prt.o)
                0x06020610                PER_IntFunc
                0x06020408                PER_LGetPer
                0x060201f0                PER_LInit
 .text          0x06021140     0x1b04 c:/saturn/sbl6/segalib/lib/sega_sat.a(gfs.o)
                0x06021140                gfs_version
                0x060223b4                gfs_mngGetNumFile
                0x06022b34                gfs_closeSub
                0x06021ed0                GFS_SetGmode
                0x0602218c                GFS_SetErrFunc
                0x060222dc                gfs_mngSetupFuncTbl
                0x06021498                GFS_Reset
                0x06022204                gfs_chgRoot
                0x060222d0                gfs_aborttrans
                0x060225b4                gfs_svrAddHndl
                0x06022464                gfs_mngFreeGrp
                0x060221dc                GFS_ConvTno
                0x06022768                gfs_getRootDir
                0x060221b8                GFS_GetErrStat
                0x06021608                GFS_Seek
                0x06021c74                GFS_NwStop
                0x06022470                gfs_mngTermAccess
                0x0602151c                GFS_Open
                0x0602241c                GFS_mngAllocGrp
                0x06022b7c                gfs_isTaskDone
                0x06021974                GFS_Fread
                0x060220d4                GFS_StartTrans
                0x06022ad0                gfs_GetFinfo
                0x06022310                gfs_mngInitWork
                0x06021760                GFS_ByteToSct
                0x06022574                gfs_svrSearchHndl
                0x06022864                gfs_loadRootDir
                0x060213bc                GFS_IdToName
                0x06021ab8                GFS_NwFread
                0x06022004                GFS_SetTransPara
                0x06021bc4                GFS_NwCdRead
                0x060226a4                gfs_loadVol
                0x06021fa0                GFS_SetReadPara
                0x060216bc                GFS_Tell
                0x06021f34                GFS_SetTmode
                0x06022a38                GFS_GetFad
                0x06022070                GFS_SetTrFunc
                0x06022120                GFS_CdMovePickup
                0x06021358                GFS_NameToId
                0x06021d8c                GFS_NwExecOne
                0x060228ec                gfs_flowIn
                0x06021814                GFS_GetFileInfo
                0x06022994                gfs_transData
                0x060225f0                gfs_svrRemoveHndl
                0x06021c3c                GFS_NwIsComplete
                0x06022b70                gfs_getGmode
                0x06021ce0                GFS_NwGetStat
                0x0602264c                GFS_OpenSub
                0x060212f0                GFS_SetDir
                0x060217bc                GFS_GetFileSize
                0x06021888                GFS_GetNumCdbuf
                0x06022bd0                gfs_convFinStat
                0x060218b0                GFS_Load
                0x06021a10                gfs_waitRead
                0x06021248                GFS_LoadDir
                0x06021428                GFS_GetDirInfo
                0x060215d0                GFS_Close
                0x06021160                GFS_Init
                0x06021d5c                gfs_recovRdErr
                0x060224f4                gfs_mngSetErrCode
                0x06021e4c                GFS_NwExecServer
                0x0602170c                GFS_IsEof
                0x06022a90                gfs_SetSct
 *fill*         0x06022c44        0xc 00
 .text          0x06022c50       0x90 c:/saturn/sbl6/segalib/lib/sega_sat.a(DMA_CPU1.o)
                0x06022c50                DMA_CpuMemCopy1
 .text          0x06022ce0       0x94 c:/saturn/sbl6/segalib/lib/sega_sat.a(DMA_CPU2.o)
                0x06022ce0                DMA_CpuMemCopy2
 *fill*         0x06022d74        0xc 00
 .text          0x06022d80      0x1f4 c:/saturn/sbl6/segalib/lib/sega_sat.a(DMA_SCU1.o)
                0x06022edc                DMA_ScuResult
                0x06022d80                DMA_ScuInit
                0x06022dd0                DMA_ScuMemCopy
 *fill*         0x06022f74        0xc 00
 .text          0x06022f80      0x8d4 c:/saturn/sbl6/segalib/lib/sega_sat.a(gfs_cdf.o)
                0x06023474                GFCF_Seek
                0x0602357c                GFCF_GetStat
                0x0602345c                GFCF_Tell
                0x06023020                GFCF_Setup
                0x06023528                GFCF_cnvIntlvOfs
                0x06022f80                GFCF_Init
                0x06023414                GFCF_Recover
                0x06023168                GFCF_SetSct
                0x0602348c                GFCF_MovePickup
                0x06023650                gfcf_isCdOk
                0x06023220                GFCF_FlowInBuf
                0x060231ac                GFCF_GetFileInfo
                0x06023374                GFCF_StopInBuf
                0x06023614                gfcf_getSctSize
                0x06023710                gfcf_getPlayRange
 *fill*         0x06023854        0xc 00
 .text          0x06023860      0x928 c:/saturn/sbl6/segalib/lib/sega_sat.a(gfs_dir.o)
                0x06023d50                gfdr_setNextRec
                0x0602414c                gfdr_setDirrecCd
                0x06023b48                gfdr_open
                0x0602395c                GFDR_GetAtrDirId
                0x06023c30                gfdr_readByte
                0x06023860                GFDR_SetupDirTbl
                0x06023d28                gfdr_readLongNM
                0x06023dd4                gfdr_readDirEnt
                0x0602398c                GFDR_ChgRoot
                0x060238d4                GFDR_NameToId
                0x06023a18                gfdr_setupDirIdTbl
                0x06023974                GFDR_GetAtrDirName
                0x06023934                GFDR_GetInfoDirId
                0x06023cdc                gfdr_readLongNB
                0x06023b70                gfdr_read
                0x06023c5c                gfdr_readWord
                0x06023a9c                gfdr_setupDirNameTbl
                0x06023948                GFDR_GetInfoDirName
                0x060239a4                GFDR_ChgDir
                0x06023c88                gfdr_readWordNB
 *fill*         0x06024188        0x8 00
 .text          0x06024190      0xa46 c:/saturn/sbl6/segalib/lib/sega_sat.a(gfs_trn.o)
                0x06024270                GFTR_SetTransMax
                0x06024640                gftr_execScu
                0x06024bc4                GFTR_SetTransFunc
                0x06024a8c                gftr_remTrn
                0x06024bb0                GFTR_SetData
                0x060248b0                gftr_execSdma1
                0x06024b00                gftr_copyFrac
                0x06024264                GFTR_GetNumTrans
                0x06024204                GFTR_SetMode
                0x06024880                gftr_remDma0
                0x06024b28                GFTR_GetLenData
                0x06024634                gftr_reqScu
                0x06024898                gftr_reqDma1
                0x06024550                gftr_getSrcPack
                0x06024b80                GFTR_RtnDstPk
                0x0602471c                gfdma_exec
                0x060249b4                gftr_execTrn
                0x06024448                GFTR_ExecSvr
                0x06024944                gftr_reqTrn
                0x0602480c                gfdma_getBytecnt
                0x060248ec                gftr_reqCpu
                0x06024b4c                GFTR_GetDstPack
                0x06024844                gftr_reqDma0
                0x060243d0                GFTR_Idle
                0x06024288                GFTR_Pause
                0x06024258                GFTR_GetTransPara
                0x06024938                gftr_remCpu
                0x06024224                GFTR_SetTransPara
                0x060248d4                gftr_remDma1
                0x06024294                GFTR_Stop
                0x0602485c                gftr_execSdma0
                0x060241c0                GFTR_Setup
                0x060246dc                gftr_remScu
                0x060245d8                gftr_getDstPack
                0x06024710                gfdma_canUse
                0x0602434c                GFTR_Exec
                0x06024b9c                GFTR_GetData
                0x0602427c                GFTR_Start
                0x06024218                GFTR_SetUnit
                0x060248f8                gftr_execCpu
                0x06024b34                GFTR_GetLenRoom
 *fill*         0x06024bd6        0xa 00
 .text          0x06024be0      0x106 c:/saturn/sbl6/segalib/lib/sega_sat.a(gfs_buf.o)
                0x06024c38                GFBF_GetNumData
                0x06024cb4                GFBF_RtnPk
                0x06024c68                GFBF_GetSrcPk
                0x06024cdc                gfbf_getSctDt
                0x06024c10                GFBF_GetTranData
                0x06024c90                GFBF_GetSctData
 *fill*         0x06024ce6        0xa 00
 .text          0x06024cf0      0x600 c:/saturn/sbl6/segalib/lib/sega_sat.a(gfs_cdb.o)
                0x06025298                GFCB_GetPickup
                0x06024e10                GFCB_Close
                0x060250dc                GFCB_GetSrcPack
                0x06025264                GFCB_SetCon
                0x06024ee4                GFCB_GetLenRoom
                0x06025248                GFCB_MovePickup
                0x060251bc                GFCB_GetSctData
                0x06024ef0                GFCB_SetFilt
                0x06024e38                GFCB_GetLenData
                0x060252d8                GFCB_UngetPickup
                0x06024cf0                GFCB_Setup
                0x06024f80                GFCB_Tell
                0x060252c0                GFCB_IsPuOwner
                0x06024fe0                GFCB_Seek
                0x06024f58                GFCB_DeleteAllData
                0x060251f4                GFCB_GetDstPack
                0x06024f90                gfcb_getSctNum
                0x06025200                GFCB_RtnPk
 .text          0x060252f0     0x1a04 c:/saturn/sbl6/segalib/lib/sega_sat.a(gfs_cdc.o)
                0x0602558c                GFCD_AllocBuf
                0x06026368                gfcd_doGetLenDataTsk
                0x06026c04                GFCD_SetCsctFunc
                0x06025664                GFCD_GetBaseFad
                0x060257e0                GFCD_GetFilt
                0x060267f4                gfcd_doChgDirTsk
                0x06026b34                gfcd_checkEflag
                0x06025b28                GFCD_MovePickup
                0x06025c0c                GFCD_GetSctInfo
                0x060264bc                gfcd_doReqDataTsk
                0x06025c54                GFCD_ChgDir
                0x06025948                GFCD_ReqData
                0x06026c20                GFCD_ChkScdqFlag
                0x060260d8                GFCD_WaitServer
                0x060259ec                GFCD_DelSctData
                0x06025ec4                GFCD_ExecServer
                0x060262d8                gfcd_doSetConTsk
                0x06025520                GFCD_AllocFilt
                0x0602571c                GFCD_SetFilt
                0x06026114                gfcd_doSetFiltTsk
                0x06026c44                GFCD_ClrScdqFlag
                0x0602655c                gfcd_doDelSctDataTsk
                0x06026020                gfcd_doTask
                0x06025698                GFCD_GetPickup
                0x06025be8                GFCD_CheckMove
                0x06026c60                GFCD_WaitScdqFlag
                0x06025880                GFCD_Play
                0x06026690                gfcd_doMoveSctTsk
                0x06025828                GFCD_SetCon
                0x06025cc8                GFCD_SetFiltCon
                0x06026ca4                GFCD_WaitPause
                0x06025e8c                GFCD_GetBufSiz
                0x060256cc                GFCD_UngetPickup
                0x06025db0                GFCD_GetFileInfo
                0x060259a4                GFCD_EndData
                0x060255c0                GFCD_FreeBuf
                0x060258e0                GFCD_GetLenData
                0x0602555c                GFCD_FreeFilt
                0x06025f98                gfcd_isIdleTask
                0x0602531c                GFCD_Init
                0x060269f0                gfcd_doSetFiltConTsk
                0x06025a74                GFCD_GetStat
                0x06025b74                GFCD_MoveSctData
                0x060256f8                GFCD_IsPuOwner
                0x06026b58                gfcd_initCdbMng
                0x060252f0                GFCD_SetCdbfs
                0x060260c4                GFCD_SetTimer
                0x06026bd8                gfcd_setStat
                0x06025a44                GFCD_CheckDelSctData
 *fill*         0x06026cf4        0xc 00
 .text          0x06026d00      0x1b6 c:/saturn/sbl6/segalib/lib/sega_sat.a(DMA_CPU0.o)
                0x06026d48                DMA_CpuSetPrm
                0x06026e4c                DMA_CpuStart
                0x06026ea4                DMA_CpuGetStatus
                0x06026e78                DMA_CpuAllStop
                0x06026e8c                DMA_CpuGetComStatus
                0x06026d00                DMA_CpuSetComPrm
                0x06026e60                DMA_CpuStop
 *fill*         0x06026eb6        0xa 00
 .text          0x06026ec0       0x50 c:/saturn/sbl6/segalib/lib/sega_sat.a(DMA_CPU5.o)
                0x06026ec0                DMA_CpuResult
 .text          0x06026f10      0x308 c:/saturn/sbl6/segalib/lib/sega_sat.a(DMA_SCU0.o)
                0x06026f94                DMA_ScuStart
                0x060270c8                DMA_ScuIntFunc0
                0x06027138                DMA_ScuIntFunc1
                0x060271a8                DMA_ScuIntFunc2
                0x06027088                DMA_ScuGetStatus
                0x06026f10                DMA_ScuSetPrm
 *fill*         0x06027218        0x8 00
 .text          0x06027220       0xe8 c:/saturn/sbl6/segalib/lib/sega_sat.a(csh_main.o)
                0x06027220                CSH_Init
                0x06027288                CSH_AllClr
                0x060272d4                CSH_Purge
 *fill*         0x06027308        0x8 00
 .text          0x06027310      0x194 c:/saturn/sbl6/segalib/lib/sega_sat.a(cdc_cfs.o)
                0x06027310                CDC_ChgDir
                0x06027344                CDC_ReadDir
                0x06027468                CDC_AbortFile
                0x06027378                CDC_GetFileScope
                0x060273d8                CDC_TgetFileInfo
                0x06027434                CDC_ReadFile
 *fill*         0x060274a4        0xc 00
 .text          0x060274b0      0x1e4 c:/saturn/sbl6/segalib/lib/sega_sat.a(cdc_bio.o)
                0x0602755c                CDC_GetdelSctData
                0x060274e4                CDC_GetSctData
                0x06027598                CDC_PutSctData
                0x06027614                CDC_MoveSctData
                0x06027658                CDC_GetCopyErr
                0x06027520                CDC_DelSctData
                0x060274b0                CDC_SetSctLen
                0x060275d0                CDC_CopySctData
 *fill*         0x06027694        0xc 00
 .text          0x060276a0      0x2b8 c:/saturn/sbl6/segalib/lib/sega_sat.a(cdc_sel.o)
                0x060278d0                CDC_GetFiltCon
                0x0602784c                CDC_GetFiltMode
                0x06027924                CDC_ResetSelector
                0x060276a0                CDC_SetFiltRange
                0x0602772c                CDC_SetFiltSubh
                0x0602779c                CDC_GetFiltSubh
                0x060276d4                CDC_GetFiltRange
                0x06027818                CDC_SetFiltMode
                0x06027890                CDC_SetFiltCon
 *fill*         0x06027958        0x8 00
 .text          0x06027960      0x270 c:/saturn/sbl6/segalib/lib/sega_sat.a(cdc_bif.o)
                0x060279bc                CDC_GetSctNum
                0x06027b3c                CDC_ExeFadSearch
                0x06027abc                CDC_GetSctInfo
                0x06027a00                CDC_CalActSiz
                0x06027960                CDC_GetBufSiz
                0x06027a3c                CDC_GetActSiz
                0x06027b74                CDC_GetFadSearch
 .text          0x06027bd0       0xa8 c:/saturn/sbl6/segalib/lib/sega_sat.a(cdc_dev.o)
                0x06027c3c                CDC_CdGetLastBuf
                0x06027bd0                CDC_CdSetCon
                0x06027c00                CDC_CdGetCon
 *fill*         0x06027c78        0x8 00
 .text          0x06027c80       0x60 c:/saturn/SH_COFF/sh-coff/bin/../lib/gcc/sh-coff/3.4-GNUSH_v0501\libgcc.a(_ashiftrt.o)
                0x06027c8c                __ashiftrt_r4_27
                0x06027cc0                __ashiftrt_r4_6
                0x06027cb0                __ashiftrt_r4_14
                0x06027ca2                __ashiftrt_r4_19
                0x06027cba                __ashiftrt_r4_9
                0x06027cce                __ashiftrt_r4_0
                0x06027c80                __ashiftrt_r4_31
                0x06027c8e                __ashiftrt_r4_26
                0x06027c9c                __ashiftrt_r4_22
                0x06027ca8                __ashiftrt_r4_16
                0x06027cb4                __ashiftrt_r4_12
                0x06027c88                __ashiftrt_r4_29
                0x06027ca6                __ashiftrt_r4_17
                0x06027c86                __ashiftrt_r4_30
                0x06027cc2                __ashiftrt_r4_5
                0x06027cbc                __ashiftrt_r4_8
                0x06027c80                __ashiftrt_r4_32
                0x06027c90                __ashiftrt_r4_25
                0x06027cc8                __ashiftrt_r4_2
                0x06027c92                __ashiftrt_r4_24
                0x06027cae                __ashiftrt_r4_15
                0x06027cb8                __ashiftrt_r4_10
                0x06027cca                __ashiftrt_r4_1
                0x06027c8a                __ashiftrt_r4_28
                0x06027ca0                __ashiftrt_r4_20
                0x06027cbe                __ashiftrt_r4_7
                0x06027cb2                __ashiftrt_r4_13
                0x06027cb6                __ashiftrt_r4_11
                0x06027cc4                __ashiftrt_r4_4
                0x06027c9a                __ashiftrt_r4_23
                0x06027ca4                __ashiftrt_r4_18
                0x06027c9e                __ashiftrt_r4_21
                0x06027cc6                __ashiftrt_r4_3
 .text          0x06027ce0       0xb0 c:/saturn/SH_COFF/sh-coff/bin/../lib/gcc/sh-coff/3.4-GNUSH_v0501\libgcc.a(_si_to_df.o)
                0x06027ce0                __floatsidf
 .text          0x06027d90      0x2e0 c:/saturn/SH_COFF/sh-coff/bin/../lib/gcc/sh-coff/3.4-GNUSH_v0501\libgcc.a(_mul_df.o)
                0x06027da0                __muldf3
 .text          0x06028070       0x80 c:/saturn/SH_COFF/sh-coff/bin/../lib/gcc/sh-coff/3.4-GNUSH_v0501\libgcc.a(_df_to_si.o)
                0x06028070                __fixdfsi
 .text          0x060280f0       0x70 c:/saturn/SH_COFF/sh-coff/bin/../lib/gcc/sh-coff/3.4-GNUSH_v0501\libgcc.a(_udivsi3.o)
                0x06028112                __udivsi3
 .text          0x06028160       0xa0 c:/saturn/SH_COFF/sh-coff/bin/../lib/gcc/sh-coff/3.4-GNUSH_v0501\libgcc.a(_sdivsi3.o)
                0x06028160                __sdivsi3
 .text          0x06028200       0x90 c:/saturn/SH_COFF/sh-coff/bin/../lib/gcc/sh-coff/3.4-GNUSH_v0501\libgcc.a(_ashiftrt_n.o)
                0x06028200                __ashrsi3
 .text          0x06028290       0x90 c:/saturn/SH_COFF/sh-coff/bin/../lib/gcc/sh-coff/3.4-GNUSH_v0501\libgcc.a(_ashiftlt.o)
                0x06028290                __ashlsi3
 .text          0x06028320       0xb0 c:/saturn/SH_COFF/sh-coff/bin/../lib/gcc/sh-coff/3.4-GNUSH_v0501\libgcc.a(_movstr.o)
                0x06028360                __movstrSI16
                0x06028334                __movstrSI60
                0x06028340                __movstrSI48
                0x0602833c                __movstrSI52
                0x06028330                __movstrSI64
                0x06028344                __movstrSI44
                0x06028348                __movstrSI40
                0x0602834c                __movstrSI36
                0x06028380                __movstr
                0x06028338                __movstrSI56
                0x06028354                __movstrSI28
                0x06028350                __movstrSI32
                0x06028364                __movstrSI12
                0x06028368                __movstrSI8
                0x06028370                __movstrSI0
                0x06028358                __movstrSI24
                0x0602835c                __movstrSI20
                0x0602836c                __movstrSI4
 .text          0x060283d0       0xa0 c:/saturn/SH_COFF/sh-coff/bin/../lib/gcc/sh-coff/3.4-GNUSH_v0501\libgcc.a(__main.o)
                0x06028444                __main
                0x060283d0                __do_global_dtors
                0x06028404                __do_global_ctors
 .text          0x06028470      0x220 c:/saturn/SH_COFF/sh-coff/bin/../lib/gcc/sh-coff/3.4-GNUSH_v0501\libgcc.a(_pack_df.o)
                0x06028480                __pack_d
 .text          0x06028690      0x120 c:/saturn/SH_COFF/sh-coff/bin/../lib/gcc/sh-coff/3.4-GNUSH_v0501\libgcc.a(_unpack_df.o)
                0x060286a0                __unpack_d
 .text          0x060287b0       0x20 c:/saturn/SH_COFF/sh-coff/bin/../lib/gcc/sh-coff/3.4-GNUSH_v0501\libgcc.a(_thenan_df.o)
                0x060287b0                __thenan_df
 .text          0x060287d0       0xd0 c:/saturn/SH_COFF/sh-coff/bin/../lib/gcc/sh-coff/3.4-GNUSH_v0501\libgcc.a(_muldi3.o)
                0x060287d0                __muldi3
 .text          0x060288a0       0x80 c:/saturn/SH_COFF/sh-coff/bin/../lib/gcc/sh-coff/3.4-GNUSH_v0501\libgcc.a(_lshrdi3.o)
                0x060288a0                __lshrdi3
 .text          0x06028920       0x80 c:/saturn/SH_COFF/sh-coff/bin/../lib/gcc/sh-coff/3.4-GNUSH_v0501\libgcc.a(_ashldi3.o)
                0x06028920                __ashldi3
 .text          0x060289a0       0x30 c:/saturn/SH_COFF/sh-coff/bin/../lib/gcc/sh-coff/3.4-GNUSH_v0501\libgcc.a(_mulsi3.o)
                0x060289a0                __mulsi3
 .text          0x060289d0       0x90 c:/saturn/SH_COFF/sh-coff/bin/../lib/gcc/sh-coff/3.4-GNUSH_v0501\libgcc.a(_lshiftrt.o)
                0x060289d0                __lshrsi3
 .text          0x06028a60       0x40 c:/saturn/SH_COFF/sh-coff/bin/../lib/gcc/sh-coff/3.4-GNUSH_v0501/../../../../sh-coff/lib\libc.a(memset.o)
                0x06028a60                memset
 .text          0x06028aa0       0x60 c:/saturn/SH_COFF/sh-coff/bin/../lib/gcc/sh-coff/3.4-GNUSH_v0501/../../../../sh-coff/lib\libc.a(memcmp.o)
                0x06028aa0                memcmp
 .text          0x06028b00       0xa0 c:/saturn/SH_COFF/sh-coff/bin/../lib/gcc/sh-coff/3.4-GNUSH_v0501/../../../../sh-coff/lib\libc.a(memcpy.o)
                0x06028b00                memcpy
 .text          0x06028ba0       0xb0 c:/saturn/SH_COFF/sh-coff/bin/../lib/gcc/sh-coff/3.4-GNUSH_v0501/../../../../sh-coff/lib\libc.a(strncmp.o)
                0x06028ba0                strncmp
 .text          0x06028c50       0xa0 c:/saturn/SH_COFF/sh-coff/bin/../lib/gcc/sh-coff/3.4-GNUSH_v0501/../../../../sh-coff/lib\libc.a(strncpy.o)
                0x06028c50                strncpy
 .text          0x06028cf0       0x90 c:/saturn/SH_COFF/sh-coff/bin/../lib/gcc/sh-coff/3.4-GNUSH_v0501/../../../../sh-coff/lib\libc.a(atexit.o)
                0x06028cf0                atexit
 .text          0x06028d80       0x10 c:/saturn/SH_COFF/sh-coff/bin/../lib/gcc/sh-coff/3.4-GNUSH_v0501/../../../../sh-coff/lib\libc.a(impure.o)
                0x06028d80                _global_impure_ptr
 .text          0x06028d90       0x40 c:/saturn/SH_COFF/sh-coff/bin/../lib/gcc/sh-coff/3.4-GNUSH_v0501/../../../../sh-coff/lib\libc.a(malloc.o)
                0x06028dac                free
                0x06028d90                malloc
 .text          0x06028dd0      0x5b0 c:/saturn/SH_COFF/sh-coff/bin/../lib/gcc/sh-coff/3.4-GNUSH_v0501/../../../../sh-coff/lib\libc.a(mallocr.o)
                0x06028dd0                _malloc_r
 .text          0x06029380      0x340 c:/saturn/SH_COFF/sh-coff/bin/../lib/gcc/sh-coff/3.4-GNUSH_v0501/../../../../sh-coff/lib\libc.a(freer.o)
                0x06029380                _malloc_trim_r
                0x06029474                _free_r
 .text          0x060296c0       0x20 c:/saturn/SH_COFF/sh-coff/bin/../lib/gcc/sh-coff/3.4-GNUSH_v0501/../../../../sh-coff/lib\libc.a(mlock.o)
                0x060296c0                __malloc_lock
                0x060296cc                __malloc_unlock
 .text          0x060296e0       0x50 c:/saturn/SH_COFF/sh-coff/bin/../lib/gcc/sh-coff/3.4-GNUSH_v0501/../../../../sh-coff/lib\libc.a(sbrkr.o)
                0x060296e0                _sbrk_r
 .text          0x06029730      0x380 c:/saturn/SH_COFF/sh-coff/bin/../lib/gcc/sh-coff/3.4-GNUSH_v0501/../../../../sh-coff/lib\libc.a(syscalls.o)
                0x0602989c                _exit
                0x060298d0                _getpid
                0x06029938                _utime
                0x06029768                _write
                0x06029730                _read
                0x06029884                _unlink
                0x0602984c                _open
                0x060298e8                _stat
                0x06029890                isatty
                0x06029968                _wait
                0x060298b4                _kill
                0x06029904                _chmod
                0x06029998                _execv
                0x0602997c                _execve
                0x06029a74                __setup_argv_and_call_main
                0x060299d0                _gettimeofday
                0x0602979c                _link
                0x060298dc                _raise
                0x06029868                _creat
                0x060299b0                _pipe
                0x0602991c                _chown
                0x0602974c                _lseek
                0x06029784                _close
                0x060299c4                _times
                0x06029838                _fstat
                0x06029954                _fork
                0x060297c4                _sbrk
 .text          0x06029ab0       0x20 c:/saturn/SH_COFF/sh-coff/bin/../lib/gcc/sh-coff/3.4-GNUSH_v0501/../../../../sh-coff/lib\libc.a(trap.o)
                0x06029ab0                __trap34
 .text          0x06029ad0       0x20 c:/saturn/SH_COFF/sh-coff/bin/../lib/gcc/sh-coff/3.4-GNUSH_v0501/../../../../sh-coff/lib\libc.a(abort.o)
                0x06029ad0                abort
 .text          0x06029af0      0x270 c:/saturn/SH_COFF/sh-coff/bin/../lib/gcc/sh-coff/3.4-GNUSH_v0501/../../../../sh-coff/lib\libc.a(signal.o)
                0x06029bb0                _raise_r
                0x06029d38                __sigtramp
                0x06029ce4                raise
                0x06029d20                _init_signal
                0x06029c70                __sigtramp_r
                0x06029d00                signal
                0x06029b3c                _signal_r
                0x06029af0                _init_signal_r
 .text          0x06029d60       0x60 c:/saturn/SH_COFF/sh-coff/bin/../lib/gcc/sh-coff/3.4-GNUSH_v0501/../../../../sh-coff/lib\libc.a(signalr.o)
                0x06029da8                _getpid_r
                0x06029d60                _kill_r
 *(.strings)

.tors           0x06029dc0        0x0
                0x06029dc0                ___ctors = .
 *(.ctors)
                0x06029dc0                ___ctors_end = .
                0x06029dc0                ___dtors = .
 *(.dtors)
                0x06029dc0                ___dtors_end = .

.data           0x06029dc0     0x5720
                0x06029dc0                STARTOF_R = .
 *(.data)
 .data          0x06029dc0      0x400 smpclib/per_x1.o
 .data          0x0602a1c0       0x60 cutscene.o
                0x0602a1c0                tomo_text
 .data          0x0602a220       0xd0 game.o
                0x0602a220                powerup_names
 .data          0x0602a2f0     0x4060 graphics.o
                0x0602c230                cyberblock_name
                0x0602a848                noticefont_name
                0x0602a43e                bit_num
                0x0602d716                girl2_num
                0x0602b514                soon_name
                0x0602a494                blockcrack_pal
                0x0602c280                metalorange_name
                0x0602a68e                ship_size
                0x0602c28e                metalorange_num
                0x0602b570                chipgame_pal
                0x0602d30a                girl3_num
                0x0602ac66                chipover_num
                0x0602a7c4                game_name
                0x0602bd90                menufont_pal
                0x0602a492                capsule_num
                0x0602a4e6                blockcrack_size
                0x0602bdde                menufont_num
                0x0602a5e4                beffect_size
                0x0602b51e                soon_num
                0x0602db22                girl1_num
                0x0602c240                metalorange_pal
                0x0602db24                roarframes_pal
                0x0602b560                gamestar_name
                0x0602a53c                blocks2_size
                0x0602a348                barrier_pal
                0x0602a7f4                starnear_name
                0x0602a79c                gamefar_height
                0x0602a690                ship_num
                0x0602df34                roarbg_pal
                0x0602a5e0                beffect_height
                0x0602e334                roarbg_name
                0x0602a4d4                blockcrack_name
                0x0602a5e8                explosion_pal
                0x0602b520                gamestar_pal
                0x0602a4e2                blockcrack_height
                0x0602a7c0                gamenear_width
                0x0602ac68                gameover_pal
                0x0602a628                explosion_name
                0x0602a592                blocks1_num
                0x0602a48e                capsule_width
                0x0602a48c                capsule_height
                0x0602a398                barrier_size
                0x0602a6e6                starspr_num
                0x0602a396                barrier_width
                0x0602db18                girl1_name
                0x0602b980                game_tiles_pal
                0x0602a53e                blocks2_num
                0x0602c290                title_pal
                0x0602a4e4                blockcrack_width
                0x0602a580                blocks1_name
                0x0602a732                font_height
                0x0602df24                roarframes_name
                0x0602a340                introfont_width
                0x0602d300                girl3_name
                0x0602a79e                gamefar_width
                0x0602d718                girl1_pal
                0x0602bdd0                menufont_name
                0x0602b4d4                soon_pal
                0x0602c1ee                chipframes_num
                0x0602a73c                ball_pal
                0x0602cf00                girl3_pal
                0x0602b97e                chipgame_num
                0x0602a490                capsule_size
                0x0602a6e4                starspr_size
                0x0602b0b8                cutscfont_name
                0x0602a540                blocks1_pal
                0x0602a7b0                gamenear_name
                0x0602a638                explosion_width
                0x0602caf2                girl5_num
                0x0602a78c                ball_num
                0x0602c69a                title_num
                0x0602a728                font_name
                0x0602a5e2                beffect_width
                0x0602a4e8                blockcrack_num
                0x0602a3ec                laser_num
                0x0602a694                starspr_pal
                0x0602acb8                cutscfont_pal
                0x0602e340                roarbg_num
                0x0602a788                ball_width
                0x0602c23e                cyberblock_num
                0x0602b4c8                tomo_name
                0x0602c6e8                girl5_pal
                0x0602a68a                ship_height
                0x0602bd8e                game_tiles_num
                0x0602a786                ball_height
                0x0602a7be                gamenear_height
                0x0602a734                font_width
                0x0602c6e6                stars_num
                0x0602acb6                gameover_num
                0x0602a78a                ball_size
                0x0602ac58                chipover_name
                0x0602a3dc                laser_name
                0x0602a43c                bit_size
                0x0602a68c                ship_width
                0x0602a39a                barrier_num
                0x0602c690                title_name
                0x0602c1e0                chipframes_name
                0x0602a7d4                starfar_name
                0x0602a58c                blocks1_height
                0x0602a3e8                laser_width
                0x0602a342                introfont_size
                0x0602c6dc                stars_name
                0x0602a430                bit_name
                0x0602b56e                gamestar_num
                0x0602a7ac                gamemid_height
                0x0602aca8                gameover_name
                0x0602a640                ship_pal
                0x0602a77c                ball_name
                0x0602a738                font_num
                0x0602a6e8                font_pal
                0x0602a7f2                starmid_width
                0x0602a804                starnear_width
                0x0602a7a0                gamemid_name
                0x0602a394                barrier_height
                0x0602a3f0                bit_pal
                0x0602a53a                blocks2_width
                0x0602a590                blocks1_size
                0x0602a6e2                starspr_width
                0x0602bde0                chipframes_pal
                0x0602a7ce                game_height
                0x0602a7e0                starfar_height
                0x0602a63c                explosion_num
                0x0602cefe                girl4_num
                0x0602b0c8                tomo_pal
                0x0602a480                capsule_name
                0x0602a7ae                gamemid_width
                0x0602a33e                introfont_height
                0x0602a808                noticefont_pal
                0x0602a538                blocks2_height
                0x0602a5d4                beffect_name
                0x0602a58e                blocks1_width
                0x0602a736                font_size
                0x0602a52c                blocks2_name
                0x0602a438                bit_height
                0x0602a3e6                laser_height
                0x0602a6d4                starspr_name
                0x0602df32                roarframes_num
                0x0602c1f0                cyberblock_pal
                0x0602a802                starnear_height
                0x0602a7e4                starmid_name
                0x0602a680                ship_name
                0x0602cae8                girl5_name
                0x0602a344                introfont_num
                0x0602caf4                girl4_pal
                0x0602a4ec                blocks2_pal
                0x0602a43a                bit_width
                0x0602a7f0                starmid_height
                0x0602c69c                stars_pal
                0x0602a790                gamefar_name
                0x0602a440                capsule_pal
                0x0602a39c                laser_pal
                0x0602bd80                game_tiles_name
                0x0602a5e6                beffect_num
                0x0602a6e0                starspr_height
                0x0602a594                beffect_pal
                0x0602cef4                girl4_name
                0x0602a858                chipover_pal
                0x0602a7d0                game_width
                0x0602d30c                girl2_pal
                0x0602a3ea                laser_size
                0x0602a388                barrier_name
                0x0602a7e2                starfar_width
                0x0602a856                noticefont_num
                0x0602a63a                explosion_size
                0x0602a330                introfont_name
                0x0602a2f0                introfont_pal
                0x0602a636                explosion_height
                0x0602b970                chipgame_name
                0x0602d70c                girl2_name
 .data          0x0602e350      0x290 intro.o
 .data          0x0602e5e0      0x120 level.o
                0x0602e5e8                level_count
                0x0602e5ec                level_blocks
                0x0602e5e0                level_lengths
                0x0602e5f4                level1_blocks
                0x0602e678                level0_blocks
 .data          0x0602e700       0x40 logo.o
 .data          0x0602e740       0x80 menu.o
                0x0602e740                cutscene
 .data          0x0602e7c0       0x10 notice.o
                0x0602e7c0                notice_text
 .data          0x0602e7d0       0x10 pcmsys.o
                0x0602e7d4                scsp_load
                0x0602e7d8                m68k_com
                0x0602e7d0                master_volume
 .data          0x0602e7e0       0x50 scroll.o
                0x0602e800                CycleTbLoRes
                0x0602e820                vram
                0x0602e7e0                CycleTbBitmap
                0x0602e810                char_offsets
                0x0602e7f0                CycleTbHiRes
 .data          0x0602e830       0x30 sprite.o
 .data          0x0602e860      0x400 c:/saturn/sbl6/segalib/lib/sega_int.a(int.o)
 .data          0x0602ec60       0x1c c:/saturn/sbl6/segalib/lib/sega_spr.a(spr_slv.o)
                0x0602ec68                SPR_SlaveParam
                0x0602ec78                SPR_SMPC_SF
                0x0602ec70                SPR_SMPC_COM
                0x0602ec6c                SPR_SlaveSHEntry
                0x0602ec64                SPR_SlaveState
                0x0602ec60                SPR_SlaveCommand
                0x0602ec74                SPR_SMPC_RET
 *fill*         0x0602ec7c        0x4 00
 .data          0x0602ec80       0x34 c:/saturn/sbl6/segalib/lib/sega_spr.a(spr_1c.o)
                0x0602ec80                SpInitialFlag
 *fill*         0x0602ecb4        0xc 00
 .data          0x0602ecc0       0x1c c:/saturn/sbl6/segalib/lib/sega_scl.a(scl_vblv.o)
                0x0602ecc8                VBInterval
                0x0602ecd0                ReqDisplayFlag
                0x0602ecc0                SpFrameChgMode
                0x0602eccc                VBIntervalCounter
                0x0602ecc4                SpFrameEraseMode
 *fill*         0x0602ecdc        0x4 00
 .data          0x0602ece0       0x36 c:/saturn/sbl6/segalib/lib/sega_scl.a(scl_func.o)
                0x0602ecf0                SclRotregBuff
                0x0602ecec                SclDisplayY
                0x0602ecf4                SclRotateTableMode
                0x0602ece8                SclProcess
                0x0602ece4                SclCurSclNum
                0x0602ece0                SclLengthLsTbl
                0x0602ecea                SclDisplayX
                0x0602ece2                SclLengthCsTbl
 *fill*         0x0602ed16        0xa 00
 .data          0x0602ed20       0x18 c:/saturn/sbl6/segalib/lib/sega_scl.a(scl_pri.o)
                0x0602ed24                SclRealSpPriNum
                0x0602ed34                SclRealColOffset
                0x0602ed30                SclRealBgColMix
                0x0602ed2c                SclRealSpColMix
                0x0602ed28                SclRealBgPriNum
                0x0602ed20                SclRealOtherPri
 *fill*         0x0602ed38        0x8 00
 .data          0x0602ed40        0x4 c:/saturn/sbl6/segalib/lib/sega_mth.a(mth_rand.o)
 *fill*         0x0602ed44        0xc 00
 .data          0x0602ed50      0x380 c:/saturn/SH_COFF/sh-coff/bin/../lib/gcc/sh-coff/3.4-GNUSH_v0501/../../../../sh-coff/lib\libc.a(impure.o)
                0x0602f0cc                _impure_ptr
 .data          0x0602f0d0      0x410 c:/saturn/SH_COFF/sh-coff/bin/../lib/gcc/sh-coff/3.4-GNUSH_v0501/../../../../sh-coff/lib\libc.a(mallocr.o)
                0x0602f0d8                __malloc_av_
                0x0602f0d4                __malloc_trim_threshold
                0x0602f0d0                __malloc_sbrk_base
                0x0602f4e0                SIZEOF_R = (. - STARTOF_R)
                0x0602f4e0                ENDOF_R = .

.bss            0x0602f4e0    0x11f44
                0x0602f4e0                STARTOF_B = .
 *(.bss)
 .bss           0x0602f4e0       0x10 vblank.o
                0x0602f4e4                PadData2E
                0x0602f4ea                PadData1
                0x0602f4e6                PadData2
                0x0602f4e8                PadData1E
                0x0602f4e0                __port
 .bss           0x0602f4f0       0xe0 smpclib/per_x2.o
 .bss           0x0602f5d0       0x10 ball.o
 .bss           0x0602f5e0       0x10 barrier.o
 .bss           0x0602f5f0       0x10 capsule.o
 .bss           0x0602f600       0x10 cutscene.o
 .bss           0x0602f610       0x50 game.o
                0x0602f624                bit_left
                0x0602f614                illusion_charno
                0x0602f61c                laser_max
                0x0602f620                bit_right
                0x0602f628                bit_ship
                0x0602f62c                turbo
                0x0602f634                score
                0x0602f618                illusion
                0x0602f630                powerup_cursor
                0x0602f610                illusion_cursor
 .bss           0x0602f660     0x19b0 intro.o
 .bss           0x06031010       0x10 laser.o
 .bss           0x06031020     0x13a0 level.o
 .bss           0x060323c0       0x10 logo.o
 .bss           0x060323d0       0x60 menu.o
 .bss           0x06032430       0x10 notice.o
                0x06032430                notice_displayed
 .bss           0x06032440       0x10 pcmsys.o
                0x06032440                numberPCMs
 .bss           0x06032450       0x10 scroll.o
                0x06032450                bitmap
                0x06032454                scroll_res
 .bss           0x06032460       0x10 soon.o
                0x06032460                soon_state
 .bss           0x06032470     0x3d00 sprite.o
                0x06032470                num_sprites
 .bss           0x06036170       0x10 main.o
                0x06036170                frame
 .bss           0x06036180       0x6e c:/saturn/sbl6/segalib/lib/sega_spr.a(spr_2c.o)
 *fill*         0x060361ee        0x2 00
 .bss           0x060361f0        0x4 c:/saturn/sbl6/segalib/lib/sega_scl.a(scl_vblv.o)
 *fill*         0x060361f4        0xc 00
 .bss           0x06036200     0x1900 c:/saturn/sbl6/segalib/lib/sega_scl.a(scl_fu05.o)
 .bss           0x06037b00        0x4 c:/saturn/sbl6/segalib/lib/sega_scl.a(scl_func.o)
 *fill*         0x06037b04        0xc 00
 .bss           0x06037b10       0x48 c:/saturn/sbl6/segalib/lib/sega_scl.a(scl_ro00.o)
 *fill*         0x06037b58        0x8 00
 .bss           0x06037b60        0xc c:/saturn/sbl6/segalib/lib/sega_cdc.a(cdc_sub.o)
 *fill*         0x06037b6c        0x4 00
 .bss           0x06037b70        0x2 c:/saturn/sbl6/segalib/lib/sega_cdc.a(cdc_reg.o)
 *fill*         0x06037b72        0xe 00
 .bss           0x06037b80       0x9c c:/saturn/sbl6/segalib/lib/sega_per.a(per_prt.o)
 *fill*         0x06037c1c        0x4 00
 .bss           0x06037c20        0xc c:/saturn/sbl6/segalib/lib/sega_sat.a(DMA_SCU1.o)
 *fill*         0x06037c2c        0x4 00
 .bss           0x06037c30        0xc c:/saturn/sbl6/segalib/lib/sega_sat.a(gfs_trn.o)
 *fill*         0x06037c3c        0x4 00
 .bss           0x06037c40       0x20 c:/saturn/sbl6/segalib/lib/sega_sat.a(DMA_SCU0.o)
 .bss           0x06037c60       0x10 c:/saturn/SH_COFF/sh-coff/bin/../lib/gcc/sh-coff/3.4-GNUSH_v0501\libgcc.a(__main.o)
 .bss           0x06037c70       0x10 c:/saturn/SH_COFF/sh-coff/bin/../lib/gcc/sh-coff/3.4-GNUSH_v0501/../../../../sh-coff/lib\libc.a(atexit.o)
 .bss           0x06037c80       0x40 c:/saturn/SH_COFF/sh-coff/bin/../lib/gcc/sh-coff/3.4-GNUSH_v0501/../../../../sh-coff/lib\libc.a(mallocr.o)
                0x06037cb0                __malloc_top_pad
                0x06037c80                __malloc_current_mallinfo
                0x06037cac                __malloc_max_sbrked_mem
                0x06037ca8                __malloc_max_total_mem
 .bss           0x06037cc0       0x10 c:/saturn/SH_COFF/sh-coff/bin/../lib/gcc/sh-coff/3.4-GNUSH_v0501/../../../../sh-coff/lib\libc.a(syscalls.o)
 *(COMMON)
 COMMON         0x06037cd0        0x8 vblank.o
                                  0x0 (size before relaxing)
                0x06037cd0                PadAnalogR1
                0x06037cd1                PadAnalogL1
                0x06037cd2                PadAnalogY1
                0x06037cd3                PadAnalogX1
                0x06037cd4                PadID1
 *fill*         0x06037cd8        0x8 00
 COMMON         0x06037ce0      0x1e8 ball.o
                                  0x0 (size before relaxing)
                0x06037ce0                ball_sprites
                0x06037ec0                ball_count
                0x06037ec4                ball_mode
 *fill*         0x06037ec8        0x8 00
 COMMON         0x06037ed0        0x4 barrier.o
                                  0x0 (size before relaxing)
                0x06037ed0                barrier_life
 *fill*         0x06037ed4        0xc 00
 COMMON         0x06037ee0       0xa0 capsule.o
                                  0x0 (size before relaxing)
                0x06037ee0                capsules
 COMMON         0x06037f80     0x1674 cd.o
                                  0x0 (size before relaxing)
                0x06037f80                dirname
                0x060388e0                lib_work
                0x060395e8                directory_table
 *fill*         0x060395f4        0xc 00
 COMMON         0x06039600     0x19c8 game.o
                                  0x0 (size before relaxing)
                0x06039600                laser_charno
                0x06039610                ship_sprite
                0x06039628                explosion_charno
                0x06039630                gameover_line
                0x0603af40                curr_level
                0x0603af44                capsule_charno
                0x0603af48                bit_charno
                0x0603af4c                block_charno
                0x0603af50                ship_left
                0x0603af54                ship_right
                0x0603af58                ball_charno
                0x0603af60                illusion_arr
                0x0603afc0                barrier_charno
                0x0603afc4                gameover_angle
 *fill*         0x0603afc8        0x8 00
 COMMON         0x0603afd0       0xd0 laser.o
                                  0x0 (size before relaxing)
                0x0603afd0                laser_count
                0x0603afe0                laser_sprites
 COMMON         0x0603b0a0        0x4 level.o
                                  0x0 (size before relaxing)
                0x0603b0a0                level_blocksleft
 *fill*         0x0603b0a4        0xc 00
 COMMON         0x0603b0b0     0x14a0 print.o
                                  0x0 (size before relaxing)
                0x0603b0b0                text
 COMMON         0x0603c550      0x230 scroll.o
                                  0x0 (size before relaxing)
                0x0603c550                scfg
 COMMON         0x0603c780        0x4 soon.o
                                  0x0 (size before relaxing)
                0x0603c780                soon_scroll
 *fill*         0x0603c784        0xc 00
 COMMON         0x0603c790     0x3180 sprite.o
                                  0x0 (size before relaxing)
                0x0603c790                sprites
                0x0603d910                sprite_buf
 COMMON         0x0603f910       0x8c main.o
                                  0x0 (size before relaxing)
                0x0603f910                off_config
 *fill*         0x0603f99c        0x4 00
 COMMON         0x0603f9a0      0x400 c:/saturn/sbl6/segalib/lib/sega_int.a(int.o)
                                  0x0 (size before relaxing)
                0x0603f9a0                __interrupt_vector
 COMMON         0x0603fda0       0x50 c:/saturn/sbl6/segalib/lib/sega_spr.a(spr_2c.o)
                                  0x0 (size before relaxing)
                0x0603fda0                SpMstCmd
                0x0603fda4                Sp2OpenFlag
                0x0603fda8                SpGourTblMax
                0x0603fdac                SpDrawPrtyBlk
                0x0603fdb0                SpLCoordX
                0x0603fdb4                SpMstDrawPrtyBlk
                0x0603fdb8                SpGourTbl
                0x0603fdbc                SpLookupTblR
                0x0603fdc0                SpCmdTbl
                0x0603fdc4                SpCharMax
                0x0603fdc8                SpDrawPrtyProcFlag
                0x0603fdcc                SpCmdNo
                0x0603fdd0                SpDrawPrtyBlkMax
                0x0603fdd4                SpSlvCmdPos
                0x0603fdd8                SpSlvDrawPrtyBlk
                0x0603fddc                SpCharTbl
                0x0603fde0                SpCmdTblR
                0x0603fde4                SpMstCmdPos
                0x0603fde8                SpSlvCmd
                0x0603fdec                SpLCoordY
 COMMON         0x0603fdf0       0x10 c:/saturn/sbl6/segalib/lib/sega_spr.a(spr_1c.o)
                                  0x0 (size before relaxing)
                0x0603fdf0                SpScreenY
                0x0603fdf4                SpFbcrMode
                0x0603fdf6                SpDil
                0x0603fdf8                SpDie
                0x0603fdfa                SpTvMode
                0x0603fdfc                SpScreenX
 COMMON         0x0603fe00      0xf00 c:/saturn/sbl6/segalib/lib/sega_scl.a(scl_func.o)
                                  0x0 (size before relaxing)
                0x0603fe00                SclRbgKtbAddr
                0x0603fe08                SclRb
                0x0603fe0a                Scl_flag
                0x0603fe10                SclK_TableBuff
                0x06040ae0                SclAddrCsTbl
                0x06040af0                Scl_s_reg
                0x06040b18                SclRotateXy
                0x06040b20                Scl_d_reg
                0x06040b68                SclRotateDisp
                0x06040b70                SclRotateMoveZ
                0x06040b78                SclRotXySw
                0x06040b80                Scl_r_reg
                0x06040b90                SclRPMD
                0x06040b98                SclRbgKtbOffset
                0x06040ba0                _SclRotregBuff
                0x06040c70                SclRa
                0x06040c78                SclRotateZ
                0x06040c80                SclAddrLsTbl
                0x06040c88                SclK_TableNum
                0x06040c90                SclRotateTableAddress
                0x06040c94                SclK_TableFlag
                0x06040ca0                Scl_w_reg
                0x06040cc0                Scl_n_reg
 COMMON         0x06040d00      0x6b0 c:/saturn/sbl6/segalib/lib/sega_scl.a(scl_pri.o)
                                  0x0 (size before relaxing)
                0x06040d00                SclAutoEndBlue2
                0x06040d10                SclColOffset
                0x06040d20                SclPriBuffDirty
                0x06040d22                SclAutoEndRed
                0x06040d24                SclAutoSurface
                0x06040d28                SclAutoGreen
                0x06040d2a                SclAutoEndGreen
                0x06040d2c                SclAutoCount
                0x06040d30                SclColRamAlloc256
                0x06040d50                SclAutoCurRate
                0x06040d51                SclAutoPlusFlag
                0x06040d58                SclSpColMix
                0x06040d60                SclAutoMax
                0x06040d64                SclLineColRamOffset
                0x06040d68                SclColRamAlloc2048
                0x06040d6c                SclBgPriNum
                0x06040d72                SclAutoEndBlue
                0x06040d74                SclAutoEndGreen2
                0x06040d76                SclAutoVeFlag
                0x06040d78                SclBgColMix
                0x06040d80                SclAutoIndex
                0x06040d84                SclAutoEndRate
                0x06040d86                SclAutoBlue
                0x06040d88                SclAutoRed
                0x06040d8c                SclAutoInterval
                0x06040d90                SclOtherPri
                0x06040da0                SclAutoRGB
                0x060413a0                SclAutoEndRed2
                0x060413a8                SclSpPriNum
 COMMON         0x060413b0       0x10 c:/saturn/sbl6/segalib/lib/sega_scl.a(scl_ro00.o)
                                  0x0 (size before relaxing)
                0x060413b0                SclCsx
                0x060413b8                SclCsy
 COMMON         0x060413c0       0x15 c:/saturn/sbl6/segalib/lib/sega_per.a(per_prt.o)
                                  0x0 (size before relaxing)
                0x060413c0                per_get_time_flg
                0x060413c1                per_hot_res
                0x060413c2                per_set_sys_flg
                0x060413c4                per_get_time_adr
                0x060413c8                per_get_sys_data
                0x060413d4                per_time_out_flg
 *fill*         0x060413d5        0xb 00
 COMMON         0x060413e0        0xc c:/saturn/sbl6/segalib/lib/sega_sat.a(gfs.o)
                                  0x0 (size before relaxing)
                0x060413e0                GFMC_base
                0x060413e4                gfs_mng_ptr
                0x060413e8                gfs_use_scudma
 *fill*         0x060413ec        0x4 00
 COMMON         0x060413f0        0x8 c:/saturn/sbl6/segalib/lib/sega_sat.a(gfs_cdf.o)
                                  0x0 (size before relaxing)
                0x060413f0                gfcf_fad
                0x060413f4                gfcf_stat
 *fill*         0x060413f8        0x8 00
 COMMON         0x06041400        0xc c:/saturn/sbl6/segalib/lib/sega_sat.a(gfs_cdc.o)
                                  0x0 (size before relaxing)
                0x06041400                gfcd_fatal_err
                0x06041404                gfcd_work
                0x06041408                gfcd_playflag