Archive member included because of file (symbol)

c:/saturn/sbl6/segalib/lib/sega_int.a(int.o)
                              vblank.o (INT_SetScuFunc)
c:/saturn/sbl6/segalib/lib/sega_int.a(int_trmp.o)
                              c:/saturn/sbl6/segalib/lib/sega_int.a(int.o) (__interrupt_handler0)
c:/saturn/sbl6/segalib/lib/sega_spr.a(spr_2c.o)
                              sprite.o (SPR_2Initial)
c:/saturn/sbl6/segalib/lib/sega_spr.a(spr_slv.o)
                              c:/saturn/sbl6/segalib/lib/sega_spr.a(spr_2c.o) (SPR_InitSlaveSH)
c:/saturn/sbl6/segalib/lib/sega_spr.a(spr_1c.o)
                              c:/saturn/sbl6/segalib/lib/sega_spr.a(spr_2c.o) (SPR_Initial)
c:/saturn/sbl6/segalib/lib/sega_spr.a(spr_2a.o)
                              c:/saturn/sbl6/segalib/lib/sega_spr.a(spr_2c.o) (SPR_2SetDrawPrty)
c:/saturn/sbl6/segalib/lib/sega_scl.a(scl_vblv.o)
                              c:/saturn/sbl6/segalib/lib/sega_spr.a(spr_1c.o) (SpFrameChgMode)
c:/saturn/sbl6/segalib/lib/sega_scl.a(scl_pr12.o)
                              cutscene.o (SCL_SetColOffset)
c:/saturn/sbl6/segalib/lib/sega_scl.a(scl_pr02.o)
                              cutscene.o (SCL_SetColRam)
c:/saturn/sbl6/segalib/lib/sega_scl.a(scl_pr11.o)
                              cutscene.o (SCL_SetAutoColOffset)
c:/saturn/sbl6/segalib/lib/sega_scl.a(scl_fu05.o)
                              game.o (SCL_InitLineParamTb)
c:/saturn/sbl6/segalib/lib/sega_scl.a(scl_pr07.o)
                              game.o (SCL_SetPriority)
c:/saturn/sbl6/segalib/lib/sega_scl.a(scl_func.o)
                              c:/saturn/sbl6/segalib/lib/sega_scl.a(scl_fu05.o) (SclLengthLsTbl)
c:/saturn/sbl6/segalib/lib/sega_scl.a(scl_pri.o)
                              c:/saturn/sbl6/segalib/lib/sega_scl.a(scl_func.o) (SclRealOtherPri)
c:/saturn/sbl6/segalib/lib/sega_scl.a(scl_pr10.o)
                              intro.o (SCL_SetAutoColMix)
c:/saturn/sbl6/segalib/lib/sega_scl.a(scl_pr01.o)
                              scroll.o (SCL_SetSpriteMode)
c:/saturn/sbl6/segalib/lib/sega_scl.a(scl_fu01.o)
                              scroll.o (SCL_SetDisplayMode)
c:/saturn/sbl6/segalib/lib/sega_scl.a(scl_fu04.o)
                              scroll.o (SCL_SetCycleTable)
c:/saturn/sbl6/segalib/lib/sega_scl.a(scl_pr03.o)
                              scroll.o (SCL_AllocColRam)
c:/saturn/sbl6/segalib/lib/sega_scl.a(scl_back.o)
                              scroll.o (SCL_SetBack)
c:/saturn/sbl6/segalib/lib/sega_scl.a(scl_fu03.o)
                              scroll.o (SCL_InitConfigTb)
c:/saturn/sbl6/segalib/lib/sega_scl.a(scl_fu02.o)
                              scroll.o (SCL_InitVramConfigTb)
c:/saturn/sbl6/segalib/lib/sega_scl.a(scl_pr09.o)
                              scroll.o (SCL_SetColMixMode)
c:/saturn/sbl6/segalib/lib/sega_scl.a(scl_pr05.o)
                              c:/saturn/sbl6/segalib/lib/sega_scl.a(scl_pr02.o) (SCL_GetColRamOffset)
c:/saturn/sbl6/segalib/lib/sega_scl.a(scl_ro00.o)
                              c:/saturn/sbl6/segalib/lib/sega_scl.a(scl_func.o) (SCL_Rotate)
c:/saturn/sbl6/segalib/lib/sega_scl.a(scl_pr06.o)
                              c:/saturn/sbl6/segalib/lib/sega_scl.a(scl_pr03.o) (SCL_SetColRamOffset)
c:/saturn/sbl6/segalib/lib/sega_mth.a(mth_tri.o)
                              ball.o (MTH_Sin)
c:/saturn/sbl6/segalib/lib/sega_mth.a(mth_fixd.o)
                              ball.o (MTH_Mul)
c:/saturn/sbl6/segalib/lib/sega_mth.a(mth_rand.o)
                              main.o (MTH_InitialRand)
c:/saturn/sbl6/segalib/lib/sega_cdc.a(cdc_drv.o)
                              sound.o (CDC_CdPlay)
c:/saturn/sbl6/segalib/lib/sega_cdc.a(cdc_cmn.o)
                              main.o (CDC_GetPeriStat)
c:/saturn/sbl6/segalib/lib/sega_cdc.a(cdc_sub.o)
                              c:/saturn/sbl6/segalib/lib/sega_cdc.a(cdc_cmn.o) (CDSUB_UpdStatus)
c:/saturn/sbl6/segalib/lib/sega_cdc.a(cdc_reg.o)
                              c:/saturn/sbl6/segalib/lib/sega_cdc.a(cdc_cmn.o) (CDREG_ClrHirqReq)
c:/saturn/sbl6/segalib/lib/sega_per.a(per_prt.o)
                              smpclib/per_x2.o (PER_LInit)
c:/saturn/sbl6/segalib/lib/sega_sat.a(gfs.o)
                              cd.o (GFS_Init)
c:/saturn/sbl6/segalib/lib/sega_sat.a(DMA_CPU1.o)
                              game.o (DMA_CpuMemCopy1)
c:/saturn/sbl6/segalib/lib/sega_sat.a(DMA_CPU2.o)
                              intro.o (DMA_CpuMemCopy2)
c:/saturn/sbl6/segalib/lib/sega_sat.a(DMA_SCU1.o)
                              c:/saturn/sbl6/segalib/lib/sega_spr.a(spr_2c.o) (DMA_ScuMemCopy)
c:/saturn/sbl6/segalib/lib/sega_sat.a(gfs_cdf.o)
                              c:/saturn/sbl6/segalib/lib/sega_sat.a(gfs.o) (GFCF_Init)
c:/saturn/sbl6/segalib/lib/sega_sat.a(gfs_dir.o)
                              c:/saturn/sbl6/segalib/lib/sega_sat.a(gfs.o) (GFDR_SetupDirTbl)
c:/saturn/sbl6/segalib/lib/sega_sat.a(gfs_trn.o)
[...]
Memory Configuration

Name             Origin             Length             Attributes
*default*        0x00000000         0xffffffff

Linker script and memory map

LOAD c:/saturn/sbl6/segasmp/lib/strt1_g.o
LOAD c:/saturn/sbl6/segasmp/lib/strt2_g.o
LOAD vblank.o
LOAD smpclib/per_x1.o
LOAD smpclib/per_x2.o
LOAD smpclib/per_x3.o
LOAD spritecode/explosion.o
LOAD ball.o
LOAD barrier.o
LOAD capsule.o
LOAD cd.o
LOAD circle.o
LOAD crc.o
LOAD cutscene.o
LOAD devcart.o
LOAD game.o
LOAD graphics.o
LOAD intro.o
LOAD laser.o
LOAD level.o
LOAD logo.o
LOAD menu.o
LOAD notice.o
LOAD pcmsys.o
LOAD print.o
LOAD scroll.o
LOAD soon.o
LOAD sound.o
LOAD sprite.o
LOAD main.o
LOAD c:/saturn/sbl6/segalib/lib/sega_int.a
LOAD c:/saturn/sbl6/segalib/lib/sega_spr.a
LOAD c:/saturn/sbl6/segalib/lib/sega_scl.a
LOAD c:/saturn/sbl6/segalib/lib/sega_mth.a
LOAD c:/saturn/sbl6/segalib/lib/sega_cdc.a
LOAD c:/saturn/sbl6/segalib/lib/sega_adp.a
LOAD c:/saturn/sbl6/segalib/lib/sega_per.a
LOAD c:/saturn/sbl6/segalib/lib/sega_sat.a
LOAD c:/saturn/SH_COFF/sh-coff/bin/../lib/gcc/sh-coff/3.4-GNUSH_v0501\libgcc.a
LOAD c:/saturn/SH_COFF/sh-coff/bin/../lib/gcc/sh-coff/3.4-GNUSH_v0501/../../../../sh-coff/lib\libc.a
LOAD c:/saturn/SH_COFF/sh-coff/bin/../lib/gcc/sh-coff/3.4-GNUSH_v0501\libgcc.a

.text           0x06010000    0x1a4f0
 *(.text)
 .text          0x06010000       0x30 c:/saturn/sbl6/segasmp/lib/strt1_g.o
                0x06010024                _D_END
                0x06010020                _D_BGN
                0x0601002c                _B_END
                0x06010028                _B_BGN
                0x06010000                START
 .text          0x06010030       0x60 c:/saturn/sbl6/segasmp/lib/strt2_g.o
                0x06010050                _INITSCT
                0x06010030                _INIT
 .text          0x06010090      0x1d0 vblank.o
                0x06010090                SetVblank
                0x06010110                UsrVblankOut
                0x060100f0                UsrVblankIn
 .text          0x06010260      0x240 smpclib/per_x1.o
                0x06010440                PER_GetAnalogXYZ
                0x06010280                PER_GetTriggerHandler
                0x060103d0                PER_GetEdge
                0x06010390                PER_GetTrigger
                0x060103e0                PER_GetPressEdge
                0x06010410                PER_GetReleaseEdge
                0x06010260                PER_SetTriggerHandler
 .text          0x060104a0      0x180 smpclib/per_x2.o
                0x06010580                PER_GetDeviceA
                0x060104a0                PER_OpenPort
                0x060104d0                PER_GetPort
                0x060105c0                PER_GetDeviceR
 .text          0x06010620       0x20 smpclib/per_x3.o
                0x06010620                PER_DisguiseTrigger
 .text          0x06010640       0xb0 spritecode/explosion.o
                0x060106a0                explosion_move
                0x06010640                explosion_make
 .text          0x060106f0      0x4d0 ball.o
                0x060108a0                ball_move
                0x06010790                ball_remove
                0x06010710                ball_add
                0x060107e0                ball_bounce
                0x060106f0                ball_init
                0x06010b40                ball_draw
 .text          0x06010bc0      0x1d0 barrier.o
                0x06010bf0                barrier_move
                0x06010bc0                barrier_init
                0x06010cd0                barrier_draw
 .text          0x06010d90      0x230 capsule.o
                0x06010e40                capsule_run
                0x06010db0                capsule_add
                0x06010f60                capsule_draw
                0x06010df0                capsule_remove
                0x06010d90                capsule_init
 .text          0x06010fc0      0x120 cd.o
                0x06011060                cd_load_nosize
                0x06010fc0                cd_init
                0x06010ff0                cd_load
 .text          0x060110e0      0x3e0 circle.o
                0x060111a0                circle_explode
                0x06011100                circle_add
                0x060111e0                circle_bounce
                0x060110e0                circle_init
                0x06011150                circle_remove
                0x06011460                circle_draw
                0x06011280                circle_move
 .text          0x060114c0      0x140 crc.o
                0x060115c0                crc_update
 .text          0x06011600      0x260 cutscene.o
                0x06011600                cutscene_run
 .text          0x06011860      0x1d0 devcart.o
                0x060119e0                devcart_reset
                0x060118d0                devcart_loadfile
                0x060119d0                devcart_printstr
 .text          0x06011a30     0x1df0 game.o
                0x06011b50                game_incpowerup
                0x06011d10                game_run
                0x06011c50                game_loss
                0x06011ba0                game_powerupreset
                0x06011cf0                game_playing
 .text          0x06013820     0x1000 intro.o
                0x06013820                intro_run
 .text          0x06014820      0x180 laser.o
                0x06014840                laser_add
                0x06014880                laser_remove
                0x06014930                laser_draw
                0x06014820                laser_init
                0x060148c0                laser_move
 .text          0x060149a0      0xa70 level.o
                0x06014f30                level_disp
                0x060149a0                level_load
                0x06014f10                level_doneload
 .text          0x06015410      0x3b0 logo.o
                0x06015470                logo_run
                0x06015410                logo_loadframe
 .text          0x060157c0      0xbc0 menu.o
                0x06015ae0                menu_run
                0x060159a0                sqrt32
 .text          0x06016380      0x430 notice.o
                0x06016620                notice_print
                0x06016680                notice_run
 .text          0x060167b0      0x8c0 pcmsys.o
                0x06016e70                load_8bit_pcm
                0x06016bd0                smpc_issue_command
                0x06016c70                load_drv
                0x06017000                pcm_parameter_change
                0x06016bb0                smpc_wait_till_ready
                0x06016bf0                load_driver_binary
                0x06016fc0                pcm_play
                0x06017030                pcm_cease
                0x06016cc0                calculate_bytes_per_blank
                0x06016d10                load_16bit_pcm
 .text          0x06017070      0x230 print.o
                0x06017200                print_display
                0x06017150                print_num
                0x06017070                print_load
                0x06017120                print_init
                0x060171a0                print_string
 .text          0x060172a0      0x6d0 scroll.o
                0x060172a0                scroll_lores
                0x060176e0                scroll_move
                0x06017730                scroll_clearmaps
                0x06017690                scroll_set
                0x060177d0                scroll_enable
                0x06017780                scroll_charsize
                0x06017810                scroll_mapsize
                0x06017310                scroll_hires
                0x06017860                scroll_bitmapon
                0x060178e0                scroll_bitmapoff
                0x06017460                scroll_init
                0x06017380                scroll_scale
 .text          0x06017970      0x280 soon.o
                0x06017a70                soon_clearcol
                0x06017a40                soon_loadcol
                0x06017970                soon_init
                0x06017aa0                soon_run
 .text          0x06017bf0      0x280 sound.o
                0x06017e50                sound_play
                0x06017c90                sound_init
                0x06017df0                sound_cdda
 .text          0x06017e70      0x5f0 sprite.o
                0x06017ea0                sprite_init
                0x06018290                sprite_make
                0x060183d0                sprite_next
                0x06017f50                sprite_erase
                0x06018430                sprite_delete
                0x060182e0                sprite_draw_all
                0x06017e70                sprite_deleteall
                0x06017fb0                sprite_startdraw
                0x06018030                sprite_draw
 .text          0x06018460      0x270 main.o
                0x06018460                main
 .text          0x060186d0       0x40 c:/saturn/sbl6/segalib/lib/sega_int.a(int.o)
                0x060186fc                INT_GetScuFunc
                0x060186d0                INT_SetScuFunc
 .text          0x06018710      0x624 c:/saturn/sbl6/segalib/lib/sega_int.a(int_trmp.o)
                0x06018878                __interrupt_handler60
                0x06018a28                __interrupt_handler132
                0x06018bde                __interrupt_handler205
                0x06018a46                __interrupt_handler137
                0x06018974                __interrupt_handler102
                0x060187b2                __interrupt_handler27
                0x06018bb4                __interrupt_handler198
                0x06018aa6                __interrupt_handler153
                0x0601878e                __interrupt_handler21
                0x0601889c                __interrupt_handler66
                0x0601898c                __interrupt_handler106
                0x06018ad6                __interrupt_handler161
                0x06018920                __interrupt_handler88
                0x06018aee                __interrupt_handler165
                0x060189fe                __interrupt_handler125
                0x06018734                __interrupt_handler6
                0x060187d0                __interrupt_handler32
                0x06018b8a                __interrupt_handler191
                0x06018ca4                __interrupt_handler238
                0x06018cbc                __interrupt_handler242
                0x06018ac4                __interrupt_handler158
                0x0601892c                __interrupt_handler90
                0x06018ae8                __interrupt_handler164
                0x0601880c                __interrupt_handler42
                0x06018b4e                __interrupt_handler181
                0x06018c56                __interrupt_handler225
                0x06018cfe                __interrupt_handler253
                0x06018b12                __interrupt_handler171
                0x060188cc                __interrupt_handler74
                0x06018722                __interrupt_handler3
                0x06018866                __interrupt_handler57
                0x06018764                __interrupt_handler14
                0x06018bfc                __interrupt_handler210
                0x06018c2c                __interrupt_handler218
                0x06018bf0                __interrupt_handler208
                0x060187f4                __interrupt_handler38
                0x06018710                __interrupt_handler0
                0x06018980                __interrupt_handler104
                0x06018abe                __interrupt_handler157
                0x06018c0e                __interrupt_handler213
                0x06018b00                __interrupt_handler168
                0x0601890e                __interrupt_handler85
                0x060189aa                __interrupt_handler111
                0x060189bc                __interrupt_handler114
                0x0601882a                __interrupt_handler47
                0x06018c80                __interrupt_handler232
                0x06018c4a                __interrupt_handler223
                0x06018c9e                __interrupt_handler237
                0x0601888a                __interrupt_handler63
                0x06018818                __interrupt_handler44
                0x06018b2a                __interrupt_handler175
                0x06018b54                __interrupt_handler182
                0x06018b6c                __interrupt_handler186
                0x06018a6a                __interrupt_handler143
                0x06018992                __interrupt_handler107
                0x060189f8                __interrupt_handler124
                0x06018b18                __interrupt_handler172
                0x06018cce                __interrupt_handler245
                0x0601894a                __interrupt_handler95
                0x06018a22                __interrupt_handler131
                0x06018a34                __interrupt_handler134
                0x06018a52                __interrupt_handler139
                0x060188c0                __interrupt_handler72
                0x06018c7a                __interrupt_handler231
                0x06018ad0                __interrupt_handler160
                0x06018a16                __interrupt_handler129
                0x06018788                __interrupt_handler20
                0x06018896                __interrupt_handler65
                0x06018860                __interrupt_handler56
                0x0601875e                __interrupt_handler13
                0x06018bf6                __interrupt_handler209
                0x060189b0                __interrupt_handler112
                0x06018782                __interrupt_handler19
                0x0601893e                __interrupt_handler93
                0x06018ba8                __interrupt_handler196
                0x06018a9a                __interrupt_handler151
                0x06018afa                __interrupt_handler167
                0x06018d10                __trampoline
                0x06018776                __interrupt_handler17
                0x06018c68                __interrupt_handler228
                0x06018d0a                __interrupt_handler255
                0x06018cc8                __interrupt_handler244
                0x06018962                __interrupt_handler99
                0x06018b5a                __interrupt_handler183
                0x06018a58                __interrupt_handler140
                0x06018b7e                __interrupt_handler189
                0x06018a7c                __interrupt_handler146
                0x06018c44                __interrupt_handler222
                0x06018ab8                __interrupt_handler156
                0x060189ec                __interrupt_handler122
                0x06018ce0                __interrupt_handler248
                0x06018830                __interrupt_handler48
                0x060188ae                __interrupt_handler69
                0x060187a0                __interrupt_handler24
                0x06018926                __interrupt_handler89
                0x06018c1a                __interrupt_handler215
                0x06018d04                __interrupt_handler254
                0x0601891a                __interrupt_handler87
                0x0601887e                __interrupt_handler61
                0x06018ba2                __interrupt_handler195
                0x06018a94                __interrupt_handler150
                0x06018806                __interrupt_handler41
                0x060189a4                __interrupt_handler110
                0x06018a0a                __interrupt_handler127
                0x06018998                __interrupt_handler108
                0x060189b6                __interrupt_handler113
                0x060189c8                __interrupt_handler116
                0x060189e6                __interrupt_handler121
                0x060188de                __interrupt_handler77
                0x060187fa                __interrupt_handler39
                0x06018812                __interrupt_handler43
                0x06018ce6                __interrupt_handler249
                0x06018b24                __interrupt_handler174
                0x06018a40                __interrupt_handler136
                0x06018b78                __interrupt_handler188
                0x06018a76                __interrupt_handler145
                0x06018746                __interrupt_handler9
                0x060188ea                __interrupt_handler79
                0x06018c62                __interrupt_handler227
                0x060187dc                __interrupt_handler34
                0x06018a1c                __interrupt_handler130
                0x06018cda                __interrupt_handler247
                0x060188d2                __interrupt_handler75
                0x06018b1e                __interrupt_handler173
                0x0601884e                __interrupt_handler53
                0x06018a8e                __interrupt_handler149
                0x06018cf2                __interrupt_handler251
                0x06018c86                __interrupt_handler233
                0x0601874c                __interrupt_handler10
                0x06018bd8                __interrupt_handler204
                0x060188fc                __interrupt_handler82
                0x06018902                __interrupt_handler83
                0x060187a6                __interrupt_handler25
                0x06018cc2                __interrupt_handler243
                0x06018adc                __interrupt_handler162
                0x06018824                __interrupt_handler46
                0x06018b3c                __interrupt_handler178
                0x060188f0                __interrupt_handler80
                0x06018884                __interrupt_handler62
                0x0601871c                __interrupt_handler2
                0x060187be                __interrupt_handler29
                0x060188b4                __interrupt_handler70
                0x0601899e                __interrupt_handler109
                0x06018a88                __interrupt_handler148
                0x06018944                __interrupt_handler94
                0x06018c50                __interrupt_handler224
                0x0601897a                __interrupt_handler103
                0x060187e8                __interrupt_handler36
                0x06018a04                __interrupt_handler126
                0x06018cd4                __interrupt_handler246
                0x0601885a                __interrupt_handler55
                0x06018758                __interrupt_handler12
                0x06018848                __interrupt_handler52
                0x06018b72                __interrupt_handler187
                0x06018a70                __interrupt_handler144
                0x060189ce                __interrupt_handler117
                0x0601877c                __interrupt_handler18
                0x06018bae                __interrupt_handler197
                0x06018aa0                __interrupt_handler152
                0x060189d4                __interrupt_handler118
                0x06018b0c                __interrupt_handler170
                0x06018bc6                __interrupt_handler201
                0x06018956                __interrupt_handler97
                0x06018ae2                __interrupt_handler163
                0x06018b48                __interrupt_handler180
                0x06018b90                __interrupt_handler192
                0x06018cb0                __interrupt_handler240
                0x060189f2                __interrupt_handler123
                0x06018c14                __interrupt_handler214
                0x060187ca                __interrupt_handler31
                0x060187b8                __interrupt_handler28
                0x060188a2                __interrupt_handler67
                0x060188a8                __interrupt_handler68
                0x06018794                __interrupt_handler22
                0x0601879a                __interrupt_handler23
                0x06018b30                __interrupt_handler176
                0x0601873a                __interrupt_handler7
                0x06018c3e                __interrupt_handler221
                0x06018c26                __interrupt_handler217
                0x06018c6e                __interrupt_handler229
                0x06018836                __interrupt_handler49
                0x06018728                __interrupt_handler4
                0x06018800                __interrupt_handler40
                0x060189c2                __interrupt_handler115
                0x06018c92                __interrupt_handler235
                0x06018932                __interrupt_handler91
                0x06018be4                __interrupt_handler206
                0x06018b36                __interrupt_handler177
                0x06018a82                __interrupt_handler147
                0x060187ee                __interrupt_handler37
                0x06018cec                __interrupt_handler250
                0x06018716                __interrupt_handler1
                0x06018c32                __interrupt_handler219
                0x060188d8                __interrupt_handler76
                0x06018968                __interrupt_handler100
                0x0601886c                __interrupt_handler58
                0x0601876a                __interrupt_handler15
                0x06018c08                __interrupt_handler212
                0x06018cb6                __interrupt_handler241
                0x06018bcc                __interrupt_handler202
                0x06018b96                __interrupt_handler193
                0x060188e4                __interrupt_handler78
                0x0601883c                __interrupt_handler50
                0x060187d6                __interrupt_handler33
                0x06018af4                __interrupt_handler166
                0x06018a4c                __interrupt_handler138
                0x06018a3a                __interrupt_handler135
                0x060187c4                __interrupt_handler30
                0x06018b60                __interrupt_handler184
                0x06018a5e                __interrupt_handler141
                0x06018c74                __interrupt_handler230
                0x06018c98                __interrupt_handler236
                0x060189da                __interrupt_handler119
                0x06018914                __interrupt_handler86
                0x06018986                __interrupt_handler105
                0x060188f6                __interrupt_handler81
                0x060189e0                __interrupt_handler120
                0x06018a10                __interrupt_handler128
                0x06018854                __interrupt_handler54
                0x06018752                __interrupt_handler11
                0x06018bba                __interrupt_handler199
                0x06018aac                __interrupt_handler154
                0x0601881e                __interrupt_handler45
                0x06018c20                __interrupt_handler216
                0x06018bd2                __interrupt_handler203
                0x0601896e                __interrupt_handler101
                0x06018908                __interrupt_handler84
                0x06018b66                __interrupt_handler185
                0x06018a64                __interrupt_handler142
                0x060187ac                __interrupt_handler26
                0x06018890                __interrupt_handler64
                0x06018bc0                __interrupt_handler200
                0x06018bea                __interrupt_handler207
                0x06018b9c                __interrupt_handler194
                0x06018938                __interrupt_handler92
                0x06018ab2                __interrupt_handler155
                0x06018c02                __interrupt_handler211
                0x06018a2e                __interrupt_handler133
                0x0601872e                __interrupt_handler5
                0x060188c6                __interrupt_handler73
                0x06018770                __interrupt_handler16
                0x06018caa                __interrupt_handler239
                0x06018c8c                __interrupt_handler234
                0x060187e2                __interrupt_handler35
                0x06018872                __interrupt_handler59
                0x06018b06                __interrupt_handler169
                0x0601895c                __interrupt_handler98
                0x060188ba                __interrupt_handler71
                0x06018842                __interrupt_handler51
                0x06018aca                __interrupt_handler159
                0x06018c5c                __interrupt_handler226
                0x06018950                __interrupt_handler96
                0x06018b84                __interrupt_handler190
                0x06018c38                __interrupt_handler220
                0x06018740                __interrupt_handler8
                0x06018b42                __interrupt_handler179
                0x06018cf8                __interrupt_handler252
 *fill*         0x06018d34        0xc 00
 .text          0x06018d40     0x12a0 c:/saturn/sbl6/segalib/lib/sega_spr.a(spr_2c.o)
                0x06019fa0                SlaveFlushDrawPrtyBlock
                0x06018d40                SPR_2Initial
                0x06019584                SPR_2SysClip
                0x06019524                SPR_2LocalCoord
                0x06019e1c                SPR_2FlushDrawPrtyBlock
                0x06019b08                SPR_2DistSpr
                0x0601950c                SPR_2FlushDrawPrty
                0x06019c2c                SPR_2Cmd
                0x06019208                SPR_2GourTblNoToVram
                0x06019268                SPR_2GetAreaSizeInfo
                0x06018fd0                SPR_2SetGourTbl
                0x060197bc                SPR_2Polygon
                0x06019244                SPR_2CharNoToVram
                0x06018f50                SPR_2SetTvMode
                0x060193ac                SPR_2CloseCommand
                0x06018f8c                SPR_2FrameEraseData
                0x06018d68                SPR_2Initial2
                0x0601999c                SPR_2ScaleSpr
                0x0601962c                SPR_2Line
                0x060192f8                SPR_2OpenCommand
                0x06018f6c                SPR_2FrameChgIntr
                0x06019878                SPR_2NormSpr
                0x06019000                SPR_2SetLookupTbl
                0x06019034                SPR_2SetChar
                0x0601922c                SPR_2LookupTblNoToVram
                0x06019700                SPR_2PolyLine
                0x060191a0                SPR_2ClrAllChar
                0x06019154                SPR_2ClrChar
                0x060195d0                SPR_2UserClip
 .text          0x06019fe0      0x1e6 c:/saturn/sbl6/segalib/lib/sega_spr.a(spr_slv.o)
                0x0601a144                SPR_WaitEndSlaveSH
                0x06019fe0                SPR_SMPC_SSHON
                0x0601a120                SPR_RunSlaveSH
                0x06019fe4                SPR_InitSlaveSH
                0x0601a0ac                SPR_SlaveSHmain
                0x06019fe1                SPR_SMPC_SSHOFF
 *fill*         0x0601a1c6        0xa 00
 .text          0x0601a1d0      0x36a c:/saturn/sbl6/segalib/lib/sega_spr.a(spr_1c.o)
                0x0601a484                SPR_WaitDrawEnd
                0x0601a49c                SPR_SetEosMode
                0x0601a3b4                SPR_SetEraseData
                0x0601a1d0                SPR_Initial
                0x0601a2a8                SPR_SetTvMode
                0x0601a340                SPR_GetStatus
 *fill*         0x0601a53a        0x6 00
 .text          0x0601a540      0x244 c:/saturn/sbl6/segalib/lib/sega_spr.a(spr_2a.o)
                0x0601a552                sprMemCpyW
                0x0601a5b0                flushDrawPrtyBlock
                0x0601a540                sprMemCpyL
                0x0601a564                SPR_2SetDrawPrty
 *fill*         0x0601a784        0xc 00
 .text          0x0601a790      0x2fc c:/saturn/sbl6/segalib/lib/sega_scl.a(scl_vblv.o)
                0x0601a84c                SCL_DisplayFrame
                0x0601a790                SCL_SetFrameInterval
                0x0601a880                SCL_VblInit
                0x0601a8d0                SCL_VblankStart
                0x0601a914                SCL_VblankEnd
 *fill*         0x0601aa8c        0x4 00
 .text          0x0601aa90      0x1f4 c:/saturn/sbl6/segalib/lib/sega_scl.a(scl_pr12.o)
                0x0601aa90                SCL_SetColOffset
 *fill*         0x0601ac84        0xc 00
 .text          0x0601ac90       0x9c c:/saturn/sbl6/segalib/lib/sega_scl.a(scl_pr02.o)
                0x0601ac90                SCL_SetColRam
 *fill*         0x0601ad2c        0x4 00
 .text          0x0601ad30      0x180 c:/saturn/sbl6/segalib/lib/sega_scl.a(scl_pr11.o)
                0x0601ad30                SCL_SetAutoColOffset
 .text          0x0601aeb0      0x278 c:/saturn/sbl6/segalib/lib/sega_scl.a(scl_fu05.o)
                0x0601af6c                SCL_SetLineParam
                0x0601aeb8                SCL_InitLineParamTb
 *fill*         0x0601b128        0x8 00
 .text          0x0601b130      0x214 c:/saturn/sbl6/segalib/lib/sega_scl.a(scl_pr07.o)
                0x0601b130                SCL_SetPriority
 *fill*         0x0601b344        0xc 00
 .text          0x0601b350      0xb9c c:/saturn/sbl6/segalib/lib/sega_scl.a(scl_func.o)
                0x0601bd2c                SCL_Vdp2_SGLInit
                0x0601bc3c                SCL_PriIntProc
                0x0601bbb4                SCL_Memcpyw
                0x0601becc                SCL_SglOff
                0x0601beac                SCL_SglOn
                0x0601bb20                SCL_ScrollShow
                0x0601b5c8                SCL_Close
                0x0601b8c0                SCL_Scale
                0x0601b350                SCL_Vdp2Init
                0x0601b734                SCL_Move
                0x0601b9fc                SCL_CopyReg
                0x0601b5a4                SCL_Open
                0x0601b3d4                SCL_ParametersInit
                0x0601b5e4                SCL_MoveTo
                0x0601bbdc                SCL_SetColRamMode
 *fill*         0x0601beec        0x4 00
 .text          0x0601bef0     0x10a4 c:/saturn/sbl6/segalib/lib/sega_scl.a(scl_pri.o)
                0x0601bf84                SCL_AbortAutoVe
                0x0601ce34                SCL_SetShadowBit
                0x0601c3fc                SCL_AutoExec
                0x0601bef0                SCL_PriorityInit
                0x0601c910                SCL_IncColOffset
                0x0601bf98                SCL_SetColMixRate
                0x0601bf68                SCL_GetColRamMode
 *fill*         0x0601cf94        0xc 00
 .text          0x0601cfa0       0x98 c:/saturn/sbl6/segalib/lib/sega_scl.a(scl_pr10.o)
                0x0601cfa0                SCL_SetAutoColMix
 *fill*         0x0601d038        0x8 00
 .text          0x0601d040       0x58 c:/saturn/sbl6/segalib/lib/sega_scl.a(scl_pr01.o)
                0x0601d040                SCL_SetSpriteMode
 *fill*         0x0601d098        0x8 00
 .text          0x0601d0a0      0x1ec c:/saturn/sbl6/segalib/lib/sega_scl.a(scl_fu01.o)
                0x0601d0a0                SCL_SetDisplayMode
 *fill*         0x0601d28c        0x4 00
 .text          0x0601d290       0x28 c:/saturn/sbl6/segalib/lib/sega_scl.a(scl_fu04.o)
                0x0601d290                SCL_SetCycleTable
 *fill*         0x0601d2b8        0x8 00
 .text          0x0601d2c0      0x138 c:/saturn/sbl6/segalib/lib/sega_scl.a(scl_pr03.o)
                0x0601d2c0                SCL_FreeColRam
                0x0601d2f8                SCL_AllocColRam
 *fill*         0x0601d3f8        0x8 00
 .text          0x0601d400       0x84 c:/saturn/sbl6/segalib/lib/sega_scl.a(scl_back.o)
                0x0601d400                SCL_SetBack
 *fill*         0x0601d484        0xc 00
 .text          0x0601d490      0x94c c:/saturn/sbl6/segalib/lib/sega_scl.a(scl_fu03.o)
                0x0601d4ec                SCL_SetConfig
                0x0601d490                SCL_InitConfigTb
 *fill*         0x0601dddc        0x4 00
 .text          0x0601dde0      0x4f4 c:/saturn/sbl6/segalib/lib/sega_scl.a(scl_fu02.o)
                0x0601de18                SCL_SetVramConfig
                0x0601dde0                SCL_InitVramConfigTb
 *fill*         0x0601e2d4        0xc 00
 .text          0x0601e2e0       0x40 c:/saturn/sbl6/segalib/lib/sega_scl.a(scl_pr09.o)
                0x0601e2e0                SCL_SetColMixMode
 .text          0x0601e320       0xac c:/saturn/sbl6/segalib/lib/sega_scl.a(scl_pr05.o)
                0x0601e320                SCL_GetColRamOffset
 *fill*         0x0601e3cc        0x4 00
 .text          0x0601e3d0     0x1394 c:/saturn/sbl6/segalib/lib/sega_scl.a(scl_ro00.o)
                0x0601f5bc                SCL_RotateZD
                0x0601e884                SCL_Rotate
                0x0601e558                SCL_InitRotateTable
 *fill*         0x0601f764        0xc 00
 .text          0x0601f770      0x1b4 c:/saturn/sbl6/segalib/lib/sega_scl.a(scl_pr06.o)
                0x0601f770                SCL_SetColRamOffset
 *fill*         0x0601f924        0xc 00
 .text          0x0601f930      0x600 c:/saturn/sbl6/segalib/lib/sega_mth.a(mth_tri.o)
                0x0601f9cc                fcos
                0x0601f9d2                fsin
                0x0601f97c                MTH_Cos
                0x0601f930                MTH_Sin
                0x0601fb70                MTH_Atan
 .text          0x0601ff30       0xa4 c:/saturn/sbl6/segalib/lib/sega_mth.a(mth_fixd.o)
                0x0601ff80                MTH_FixedToInt
                0x0601ff70                MTH_IntToFixed
                0x0601ff30                MTH_Mul
                0x0601ff90                MTH_Product
                0x0601ff50                MTH_Div
 *fill*         0x0601ffd4        0xc 00
 .text          0x0601ffe0       0x30 c:/saturn/sbl6/segalib/lib/sega_mth.a(mth_rand.o)
                0x0601fff0                MTH_GetRand
                0x0601ffe0                MTH_InitialRand
 .text          0x06020010      0x130 c:/saturn/sbl6/segalib/lib/sega_cdc.a(cdc_drv.o)
                0x06020010                CDC_CdPlay
                0x060200dc                CDC_CdSeek
                0x06020110                CDC_CdScan
 .text          0x06020140      0x3a0 c:/saturn/sbl6/segalib/lib/sega_cdc.a(cdc_cmn.o)
                0x060202e4                CDC_TgetToc
                0x06020488                CDC_DataEnd
                0x060201a8                CDC_GetPeriStat
                0x0602041c                CDC_DataReady
                0x060203f4                CDC_CdOpen
                0x06020370                CDC_CdInit
                0x06020334                CDC_GetSes
                0x06020190                CDC_GetLastStat
                0x06020140                CDC_GetCurStat
                0x0602027c                CDC_GetHwInfo
 .text          0x060204e0      0x152 c:/saturn/sbl6/segalib/lib/sega_cdc.a(cdc_sub.o)
                0x06020588                CDSUB_GetCdstat
                0x060204f8                CDSUB_UpdCdstat
                0x060205c8                CDSUB_RspToCdstat
                0x06020610                CDSUB_SoftTimer
                0x060204e0                CDSUB_UpdStatus
                0x06020518                CDSUB_CdCmd
 *fill*         0x06020632        0xe 00
 .text          0x06020640      0x2dc c:/saturn/sbl6/segalib/lib/sega_cdc.a(cdc_reg.o)
                0x06020694                CDREG_ClrHirqReq
                0x06020664                CDC_ClrHirqReq
                0x06020714                CDREG_TgetData
                0x06020704                CDC_GetMpegPtr
                0x060206e0                CDC_GetHirqMsk
                0x06020640                CDC_GetDataPtr
                0x06020650                CDC_GetHirqReq
                0x06020870                CDREG_WaitHirq
                0x060206f4                CDC_SetHirqMsk
                0x06020770                CDREG_CmdRsp
                0x060206a4                CDREG_InitHirqReq
                0x060206cc                CDREG_SetHirqFlag
                0x060208e0                CDREG_ReadRsp
 *fill*         0x0602091c        0x4 00
 .text          0x06020920      0xf50 c:/saturn/sbl6/segalib/lib/sega_per.a(per_prt.o)
                0x06020d40                PER_IntFunc
                0x06020b38                PER_LGetPer
                0x06020920                PER_LInit
 .text          0x06021870     0x1b04 c:/saturn/sbl6/segalib/lib/sega_sat.a(gfs.o)
                0x06021870                gfs_version
                0x06022ae4                gfs_mngGetNumFile
                0x06023264                gfs_closeSub
                0x06022600                GFS_SetGmode
                0x060228bc                GFS_SetErrFunc
                0x06022a0c                gfs_mngSetupFuncTbl
                0x06021bc8                GFS_Reset
                0x06022934                gfs_chgRoot
                0x06022a00                gfs_aborttrans
                0x06022ce4                gfs_svrAddHndl
                0x06022b94                gfs_mngFreeGrp
                0x0602290c                GFS_ConvTno
                0x06022e98                gfs_getRootDir
                0x060228e8                GFS_GetErrStat
                0x06021d38                GFS_Seek
                0x060223a4                GFS_NwStop
                0x06022ba0                gfs_mngTermAccess
                0x06021c4c                GFS_Open
                0x06022b4c                GFS_mngAllocGrp
                0x060232ac                gfs_isTaskDone
                0x060220a4                GFS_Fread
                0x06022804                GFS_StartTrans
                0x06023200                gfs_GetFinfo
                0x06022a40                gfs_mngInitWork
                0x06021e90                GFS_ByteToSct
                0x06022ca4                gfs_svrSearchHndl
                0x06022f94                gfs_loadRootDir
                0x06021aec                GFS_IdToName
                0x060221e8                GFS_NwFread
                0x06022734                GFS_SetTransPara
                0x060222f4                GFS_NwCdRead
                0x06022dd4                gfs_loadVol
                0x060226d0                GFS_SetReadPara
                0x06021dec                GFS_Tell
                0x06022664                GFS_SetTmode
                0x06023168                GFS_GetFad
                0x060227a0                GFS_SetTrFunc
                0x06022850                GFS_CdMovePickup
                0x06021a88                GFS_NameToId
                0x060224bc                GFS_NwExecOne
                0x0602301c                gfs_flowIn
                0x06021f44                GFS_GetFileInfo
                0x060230c4                gfs_transData
                0x06022d20                gfs_svrRemoveHndl
                0x0602236c                GFS_NwIsComplete
                0x060232a0                gfs_getGmode
                0x06022410                GFS_NwGetStat
                0x06022d7c                GFS_OpenSub
                0x06021a20                GFS_SetDir
                0x06021eec                GFS_GetFileSize
                0x06021fb8                GFS_GetNumCdbuf
                0x06023300                gfs_convFinStat
                0x06021fe0                GFS_Load
                0x06022140                gfs_waitRead
                0x06021978                GFS_LoadDir
                0x06021b58                GFS_GetDirInfo
                0x06021d00                GFS_Close
                0x06021890                GFS_Init
                0x0602248c                gfs_recovRdErr
                0x06022c24                gfs_mngSetErrCode
                0x0602257c                GFS_NwExecServer
                0x06021e3c                GFS_IsEof
                0x060231c0                gfs_SetSct
 *fill*         0x06023374        0xc 00
 .text          0x06023380       0x90 c:/saturn/sbl6/segalib/lib/sega_sat.a(DMA_CPU1.o)
                0x06023380                DMA_CpuMemCopy1
 .text          0x06023410       0x94 c:/saturn/sbl6/segalib/lib/sega_sat.a(DMA_CPU2.o)
                0x06023410                DMA_CpuMemCopy2
 *fill*         0x060234a4        0xc 00
 .text          0x060234b0      0x1f4 c:/saturn/sbl6/segalib/lib/sega_sat.a(DMA_SCU1.o)
                0x0602360c                DMA_ScuResult
                0x060234b0                DMA_ScuInit
                0x06023500                DMA_ScuMemCopy
 *fill*         0x060236a4        0xc 00
 .text          0x060236b0      0x8d4 c:/saturn/sbl6/segalib/lib/sega_sat.a(gfs_cdf.o)
                0x06023ba4                GFCF_Seek
                0x06023cac                GFCF_GetStat
                0x06023b8c                GFCF_Tell
                0x06023750                GFCF_Setup
                0x06023c58                GFCF_cnvIntlvOfs
                0x060236b0                GFCF_Init
                0x06023b44                GFCF_Recover
                0x06023898                GFCF_SetSct
                0x06023bbc                GFCF_MovePickup
                0x06023d80                gfcf_isCdOk
                0x06023950                GFCF_FlowInBuf
                0x060238dc                GFCF_GetFileInfo
                0x06023aa4                GFCF_StopInBuf
                0x06023d44                gfcf_getSctSize
                0x06023e40                gfcf_getPlayRange
 *fill*         0x06023f84        0xc 00
 .text          0x06023f90      0x928 c:/saturn/sbl6/segalib/lib/sega_sat.a(gfs_dir.o)
                0x06024480                gfdr_setNextRec
                0x0602487c                gfdr_setDirrecCd
                0x06024278                gfdr_open
                0x0602408c                GFDR_GetAtrDirId
                0x06024360                gfdr_readByte
                0x06023f90                GFDR_SetupDirTbl
                0x06024458                gfdr_readLongNM
                0x06024504                gfdr_readDirEnt
                0x060240bc                GFDR_ChgRoot
                0x06024004                GFDR_NameToId
                0x06024148                gfdr_setupDirIdTbl
                0x060240a4                GFDR_GetAtrDirName
                0x06024064                GFDR_GetInfoDirId
                0x0602440c                gfdr_readLongNB
                0x060242a0                gfdr_read
                0x0602438c                gfdr_readWord
                0x060241cc                gfdr_setupDirNameTbl
                0x06024078                GFDR_GetInfoDirName
                0x060240d4                GFDR_ChgDir
                0x060243b8                gfdr_readWordNB
 *fill*         0x060248b8        0x8 00
 .text          0x060248c0      0xa46 c:/saturn/sbl6/segalib/lib/sega_sat.a(gfs_trn.o)
                0x060249a0                GFTR_SetTransMax
                0x06024d70                gftr_execScu
                0x060252f4                GFTR_SetTransFunc
                0x060251bc                gftr_remTrn
                0x060252e0                GFTR_SetData
                0x06024fe0                gftr_execSdma1
                0x06025230                gftr_copyFrac
                0x06024994                GFTR_GetNumTrans
                0x06024934                GFTR_SetMode
                0x06024fb0                gftr_remDma0
                0x06025258                GFTR_GetLenData
                0x06024d64                gftr_reqScu
                0x06024fc8                gftr_reqDma1
                0x06024c80                gftr_getSrcPack
                0x060252b0                GFTR_RtnDstPk
                0x06024e4c                gfdma_exec
                0x060250e4                gftr_execTrn
                0x06024b78                GFTR_ExecSvr
                0x06025074                gftr_reqTrn
                0x06024f3c                gfdma_getBytecnt
                0x0602501c                gftr_reqCpu
                0x0602527c                GFTR_GetDstPack
                0x06024f74                gftr_reqDma0
                0x06024b00                GFTR_Idle
                0x060249b8                GFTR_Pause
                0x06024988                GFTR_GetTransPara
                0x06025068                gftr_remCpu
                0x06024954                GFTR_SetTransPara
                0x06025004                gftr_remDma1
                0x060249c4                GFTR_Stop
                0x06024f8c                gftr_execSdma0
                0x060248f0                GFTR_Setup
                0x06024e0c                gftr_remScu
                0x06024d08                gftr_getDstPack
                0x06024e40                gfdma_canUse
                0x06024a7c                GFTR_Exec
                0x060252cc                GFTR_GetData
                0x060249ac                GFTR_Start
                0x06024948                GFTR_SetUnit
                0x06025028                gftr_execCpu
                0x06025264                GFTR_GetLenRoom
 *fill*         0x06025306        0xa 00
 .text          0x06025310      0x106 c:/saturn/sbl6/segalib/lib/sega_sat.a(gfs_buf.o)
                0x06025368                GFBF_GetNumData
                0x060253e4                GFBF_RtnPk
                0x06025398                GFBF_GetSrcPk
                0x0602540c                gfbf_getSctDt
                0x06025340                GFBF_GetTranData
                0x060253c0                GFBF_GetSctData
 *fill*         0x06025416        0xa 00
 .text          0x06025420      0x600 c:/saturn/sbl6/segalib/lib/sega_sat.a(gfs_cdb.o)
                0x060259c8                GFCB_GetPickup
                0x06025540                GFCB_Close
                0x0602580c                GFCB_GetSrcPack
                0x06025994                GFCB_SetCon
                0x06025614                GFCB_GetLenRoom
                0x06025978                GFCB_MovePickup
                0x060258ec                GFCB_GetSctData
                0x06025620                GFCB_SetFilt
                0x06025568                GFCB_GetLenData
                0x06025a08                GFCB_UngetPickup
                0x06025420                GFCB_Setup
                0x060256b0                GFCB_Tell
                0x060259f0                GFCB_IsPuOwner
                0x06025710                GFCB_Seek
                0x06025688                GFCB_DeleteAllData
                0x06025924                GFCB_GetDstPack
                0x060256c0                gfcb_getSctNum
                0x06025930                GFCB_RtnPk
 .text          0x06025a20     0x1a04 c:/saturn/sbl6/segalib/lib/sega_sat.a(gfs_cdc.o)
                0x06025cbc                GFCD_AllocBuf
                0x06026a98                gfcd_doGetLenDataTsk
                0x06027334                GFCD_SetCsctFunc
                0x06025d94                GFCD_GetBaseFad
                0x06025f10                GFCD_GetFilt
                0x06026f24                gfcd_doChgDirTsk
                0x06027264                gfcd_checkEflag
                0x06026258                GFCD_MovePickup
                0x0602633c                GFCD_GetSctInfo
                0x06026bec                gfcd_doReqDataTsk
                0x06026384                GFCD_ChgDir
                0x06026078                GFCD_ReqData
                0x06027350                GFCD_ChkScdqFlag
                0x06026808                GFCD_WaitServer
                0x0602611c                GFCD_DelSctData
                0x060265f4                GFCD_ExecServer
                0x06026a08                gfcd_doSetConTsk
                0x06025c50                GFCD_AllocFilt
                0x06025e4c                GFCD_SetFilt
                0x06026844                gfcd_doSetFiltTsk
                0x06027374                GFCD_ClrScdqFlag
                0x06026c8c                gfcd_doDelSctDataTsk
                0x06026750                gfcd_doTask
                0x06025dc8                GFCD_GetPickup
                0x06026318                GFCD_CheckMove
                0x06027390                GFCD_WaitScdqFlag
                0x06025fb0                GFCD_Play
                0x06026dc0                gfcd_doMoveSctTsk
                0x06025f58                GFCD_SetCon
                0x060263f8                GFCD_SetFiltCon
                0x060273d4                GFCD_WaitPause
                0x060265bc                GFCD_GetBufSiz
                0x06025dfc                GFCD_UngetPickup
                0x060264e0                GFCD_GetFileInfo
                0x060260d4                GFCD_EndData
                0x06025cf0                GFCD_FreeBuf
                0x06026010                GFCD_GetLenData
                0x06025c8c                GFCD_FreeFilt
                0x060266c8                gfcd_isIdleTask
                0x06025a4c                GFCD_Init
                0x06027120                gfcd_doSetFiltConTsk
                0x060261a4                GFCD_GetStat
                0x060262a4                GFCD_MoveSctData
                0x06025e28                GFCD_IsPuOwner
                0x06027288                gfcd_initCdbMng
                0x06025a20                GFCD_SetCdbfs
                0x060267f4                GFCD_SetTimer
                0x06027308                gfcd_setStat
                0x06026174                GFCD_CheckDelSctData
 *fill*         0x06027424        0xc 00
 .text          0x06027430      0x1b6 c:/saturn/sbl6/segalib/lib/sega_sat.a(DMA_CPU0.o)
                0x06027478                DMA_CpuSetPrm
                0x0602757c                DMA_CpuStart
                0x060275d4                DMA_CpuGetStatus
                0x060275a8                DMA_CpuAllStop
                0x060275bc                DMA_CpuGetComStatus
                0x06027430                DMA_CpuSetComPrm
                0x06027590                DMA_CpuStop
 *fill*         0x060275e6        0xa 00
 .text          0x060275f0       0x50 c:/saturn/sbl6/segalib/lib/sega_sat.a(DMA_CPU5.o)
                0x060275f0                DMA_CpuResult
 .text          0x06027640      0x308 c:/saturn/sbl6/segalib/lib/sega_sat.a(DMA_SCU0.o)
                0x060276c4                DMA_ScuStart
                0x060277f8                DMA_ScuIntFunc0
                0x06027868                DMA_ScuIntFunc1
                0x060278d8                DMA_ScuIntFunc2
                0x060277b8                DMA_ScuGetStatus
                0x06027640                DMA_ScuSetPrm
 *fill*         0x06027948        0x8 00
 .text          0x06027950       0xe8 c:/saturn/sbl6/segalib/lib/sega_sat.a(csh_main.o)
                0x06027950                CSH_Init
                0x060279b8                CSH_AllClr
                0x06027a04                CSH_Purge
 *fill*         0x06027a38        0x8 00
 .text          0x06027a40      0x194 c:/saturn/sbl6/segalib/lib/sega_sat.a(cdc_cfs.o)
                0x06027a40                CDC_ChgDir
                0x06027a74                CDC_ReadDir
                0x06027b98                CDC_AbortFile
                0x06027aa8                CDC_GetFileScope
                0x06027b08                CDC_TgetFileInfo
                0x06027b64                CDC_ReadFile
 *fill*         0x06027bd4        0xc 00
 .text          0x06027be0      0x1e4 c:/saturn/sbl6/segalib/lib/sega_sat.a(cdc_bio.o)
                0x06027c8c                CDC_GetdelSctData
                0x06027c14                CDC_GetSctData
                0x06027cc8                CDC_PutSctData
                0x06027d44                CDC_MoveSctData
                0x06027d88                CDC_GetCopyErr
                0x06027c50                CDC_DelSctData
                0x06027be0                CDC_SetSctLen
                0x06027d00                CDC_CopySctData
 *fill*         0x06027dc4        0xc 00
 .text          0x06027dd0      0x2b8 c:/saturn/sbl6/segalib/lib/sega_sat.a(cdc_sel.o)
                0x06028000                CDC_GetFiltCon
                0x06027f7c                CDC_GetFiltMode
                0x06028054                CDC_ResetSelector
                0x06027dd0                CDC_SetFiltRange
                0x06027e5c                CDC_SetFiltSubh
                0x06027ecc                CDC_GetFiltSubh
                0x06027e04                CDC_GetFiltRange
                0x06027f48                CDC_SetFiltMode
                0x06027fc0                CDC_SetFiltCon
 *fill*         0x06028088        0x8 00
 .text          0x06028090      0x270 c:/saturn/sbl6/segalib/lib/sega_sat.a(cdc_bif.o)
                0x060280ec                CDC_GetSctNum
                0x0602826c                CDC_ExeFadSearch
                0x060281ec                CDC_GetSctInfo
                0x06028130                CDC_CalActSiz
                0x06028090                CDC_GetBufSiz
                0x0602816c                CDC_GetActSiz
                0x060282a4                CDC_GetFadSearch
 .text          0x06028300       0xa8 c:/saturn/sbl6/segalib/lib/sega_sat.a(cdc_dev.o)
                0x0602836c                CDC_CdGetLastBuf
                0x06028300                CDC_CdSetCon
                0x06028330                CDC_CdGetCon
 *fill*         0x060283a8        0x8 00
 .text          0x060283b0       0x60 c:/saturn/SH_COFF/sh-coff/bin/../lib/gcc/sh-coff/3.4-GNUSH_v0501\libgcc.a(_ashiftrt.o)
                0x060283bc                __ashiftrt_r4_27
                0x060283f0                __ashiftrt_r4_6
                0x060283e0                __ashiftrt_r4_14
                0x060283d2                __ashiftrt_r4_19
                0x060283ea                __ashiftrt_r4_9
                0x060283fe                __ashiftrt_r4_0
                0x060283b0                __ashiftrt_r4_31
                0x060283be                __ashiftrt_r4_26
                0x060283cc                __ashiftrt_r4_22
                0x060283d8                __ashiftrt_r4_16
                0x060283e4                __ashiftrt_r4_12
                0x060283b8                __ashiftrt_r4_29
                0x060283d6                __ashiftrt_r4_17
                0x060283b6                __ashiftrt_r4_30
                0x060283f2                __ashiftrt_r4_5
                0x060283ec                __ashiftrt_r4_8
                0x060283b0                __ashiftrt_r4_32
                0x060283c0                __ashiftrt_r4_25
                0x060283f8                __ashiftrt_r4_2
                0x060283c2                __ashiftrt_r4_24
                0x060283de                __ashiftrt_r4_15
                0x060283e8                __ashiftrt_r4_10
                0x060283fa                __ashiftrt_r4_1
                0x060283ba                __ashiftrt_r4_28
                0x060283d0                __ashiftrt_r4_20
                0x060283ee                __ashiftrt_r4_7
                0x060283e2                __ashiftrt_r4_13
                0x060283e6                __ashiftrt_r4_11
                0x060283f4                __ashiftrt_r4_4
                0x060283ca                __ashiftrt_r4_23
                0x060283d4                __ashiftrt_r4_18
                0x060283ce                __ashiftrt_r4_21
                0x060283f6                __ashiftrt_r4_3
 .text          0x06028410       0xb0 c:/saturn/SH_COFF/sh-coff/bin/../lib/gcc/sh-coff/3.4-GNUSH_v0501\libgcc.a(_si_to_df.o)
                0x06028410                __floatsidf
 .text          0x060284c0      0x2e0 c:/saturn/SH_COFF/sh-coff/bin/../lib/gcc/sh-coff/3.4-GNUSH_v0501\libgcc.a(_mul_df.o)
                0x060284d0                __muldf3
 .text          0x060287a0       0x80 c:/saturn/SH_COFF/sh-coff/bin/../lib/gcc/sh-coff/3.4-GNUSH_v0501\libgcc.a(_df_to_si.o)
                0x060287a0                __fixdfsi
 .text          0x06028820       0x70 c:/saturn/SH_COFF/sh-coff/bin/../lib/gcc/sh-coff/3.4-GNUSH_v0501\libgcc.a(_udivsi3.o)
                0x06028842                __udivsi3
 .text          0x06028890       0xa0 c:/saturn/SH_COFF/sh-coff/bin/../lib/gcc/sh-coff/3.4-GNUSH_v0501\libgcc.a(_sdivsi3.o)
                0x06028890                __sdivsi3
 .text          0x06028930       0x90 c:/saturn/SH_COFF/sh-coff/bin/../lib/gcc/sh-coff/3.4-GNUSH_v0501\libgcc.a(_ashiftrt_n.o)
                0x06028930                __ashrsi3
 .text          0x060289c0       0x90 c:/saturn/SH_COFF/sh-coff/bin/../lib/gcc/sh-coff/3.4-GNUSH_v0501\libgcc.a(_ashiftlt.o)
                0x060289c0                __ashlsi3
 .text          0x06028a50       0xb0 c:/saturn/SH_COFF/sh-coff/bin/../lib/gcc/sh-coff/3.4-GNUSH_v0501\libgcc.a(_movstr.o)
                0x06028a90                __movstrSI16
                0x06028a64                __movstrSI60
                0x06028a70                __movstrSI48
                0x06028a6c                __movstrSI52
                0x06028a60                __movstrSI64
                0x06028a74                __movstrSI44
                0x06028a78                __movstrSI40
                0x06028a7c                __movstrSI36
                0x06028ab0                __movstr
                0x06028a68                __movstrSI56
                0x06028a84                __movstrSI28
                0x06028a80                __movstrSI32
                0x06028a94                __movstrSI12
                0x06028a98                __movstrSI8
                0x06028aa0                __movstrSI0
                0x06028a88                __movstrSI24
                0x06028a8c                __movstrSI20
                0x06028a9c                __movstrSI4
 .text          0x06028b00       0xa0 c:/saturn/SH_COFF/sh-coff/bin/../lib/gcc/sh-coff/3.4-GNUSH_v0501\libgcc.a(__main.o)
                0x06028b74                __main
                0x06028b00                __do_global_dtors
                0x06028b34                __do_global_ctors
 .text          0x06028ba0      0x220 c:/saturn/SH_COFF/sh-coff/bin/../lib/gcc/sh-coff/3.4-GNUSH_v0501\libgcc.a(_pack_df.o)
                0x06028bb0                __pack_d
 .text          0x06028dc0      0x120 c:/saturn/SH_COFF/sh-coff/bin/../lib/gcc/sh-coff/3.4-GNUSH_v0501\libgcc.a(_unpack_df.o)
                0x06028dd0                __unpack_d
 .text          0x06028ee0       0x20 c:/saturn/SH_COFF/sh-coff/bin/../lib/gcc/sh-coff/3.4-GNUSH_v0501\libgcc.a(_thenan_df.o)
                0x06028ee0                __thenan_df
 .text          0x06028f00       0xd0 c:/saturn/SH_COFF/sh-coff/bin/../lib/gcc/sh-coff/3.4-GNUSH_v0501\libgcc.a(_muldi3.o)
                0x06028f00                __muldi3
 .text          0x06028fd0       0x80 c:/saturn/SH_COFF/sh-coff/bin/../lib/gcc/sh-coff/3.4-GNUSH_v0501\libgcc.a(_lshrdi3.o)
                0x06028fd0                __lshrdi3
 .text          0x06029050       0x80 c:/saturn/SH_COFF/sh-coff/bin/../lib/gcc/sh-coff/3.4-GNUSH_v0501\libgcc.a(_ashldi3.o)
                0x06029050                __ashldi3
 .text          0x060290d0       0x30 c:/saturn/SH_COFF/sh-coff/bin/../lib/gcc/sh-coff/3.4-GNUSH_v0501\libgcc.a(_mulsi3.o)
                0x060290d0                __mulsi3
 .text          0x06029100       0x90 c:/saturn/SH_COFF/sh-coff/bin/../lib/gcc/sh-coff/3.4-GNUSH_v0501\libgcc.a(_lshiftrt.o)
                0x06029100                __lshrsi3
 .text          0x06029190       0x40 c:/saturn/SH_COFF/sh-coff/bin/../lib/gcc/sh-coff/3.4-GNUSH_v0501/../../../../sh-coff/lib\libc.a(memset.o)
                0x06029190                memset
 .text          0x060291d0       0x60 c:/saturn/SH_COFF/sh-coff/bin/../lib/gcc/sh-coff/3.4-GNUSH_v0501/../../../../sh-coff/lib\libc.a(memcmp.o)
                0x060291d0                memcmp
 .text          0x06029230       0xa0 c:/saturn/SH_COFF/sh-coff/bin/../lib/gcc/sh-coff/3.4-GNUSH_v0501/../../../../sh-coff/lib\libc.a(memcpy.o)
                0x06029230                memcpy
 .text          0x060292d0       0xb0 c:/saturn/SH_COFF/sh-coff/bin/../lib/gcc/sh-coff/3.4-GNUSH_v0501/../../../../sh-coff/lib\libc.a(strncmp.o)
                0x060292d0                strncmp
 .text          0x06029380       0xa0 c:/saturn/SH_COFF/sh-coff/bin/../lib/gcc/sh-coff/3.4-GNUSH_v0501/../../../../sh-coff/lib\libc.a(strncpy.o)
                0x06029380                strncpy
 .text          0x06029420       0x90 c:/saturn/SH_COFF/sh-coff/bin/../lib/gcc/sh-coff/3.4-GNUSH_v0501/../../../../sh-coff/lib\libc.a(atexit.o)
                0x06029420                atexit
 .text          0x060294b0       0x10 c:/saturn/SH_COFF/sh-coff/bin/../lib/gcc/sh-coff/3.4-GNUSH_v0501/../../../../sh-coff/lib\libc.a(impure.o)
                0x060294b0                _global_impure_ptr
 .text          0x060294c0       0x40 c:/saturn/SH_COFF/sh-coff/bin/../lib/gcc/sh-coff/3.4-GNUSH_v0501/../../../../sh-coff/lib\libc.a(malloc.o)
                0x060294dc                free
                0x060294c0                malloc
 .text          0x06029500      0x5b0 c:/saturn/SH_COFF/sh-coff/bin/../lib/gcc/sh-coff/3.4-GNUSH_v0501/../../../../sh-coff/lib\libc.a(mallocr.o)
                0x06029500                _malloc_r
 .text          0x06029ab0      0x340 c:/saturn/SH_COFF/sh-coff/bin/../lib/gcc/sh-coff/3.4-GNUSH_v0501/../../../../sh-coff/lib\libc.a(freer.o)
                0x06029ab0                _malloc_trim_r
                0x06029ba4                _free_r
 .text          0x06029df0       0x20 c:/saturn/SH_COFF/sh-coff/bin/../lib/gcc/sh-coff/3.4-GNUSH_v0501/../../../../sh-coff/lib\libc.a(mlock.o)
                0x06029df0                __malloc_lock
                0x06029dfc                __malloc_unlock
 .text          0x06029e10       0x50 c:/saturn/SH_COFF/sh-coff/bin/../lib/gcc/sh-coff/3.4-GNUSH_v0501/../../../../sh-coff/lib\libc.a(sbrkr.o)
                0x06029e10                _sbrk_r
 .text          0x06029e60      0x380 c:/saturn/SH_COFF/sh-coff/bin/../lib/gcc/sh-coff/3.4-GNUSH_v0501/../../../../sh-coff/lib\libc.a(syscalls.o)
                0x06029fcc                _exit
                0x0602a000                _getpid
                0x0602a068                _utime
                0x06029e98                _write
                0x06029e60                _read
                0x06029fb4                _unlink
                0x06029f7c                _open
                0x0602a018                _stat
                0x06029fc0                isatty
                0x0602a098                _wait
                0x06029fe4                _kill
                0x0602a034                _chmod
                0x0602a0c8                _execv
                0x0602a0ac                _execve
                0x0602a1a4                __setup_argv_and_call_main
                0x0602a100                _gettimeofday
                0x06029ecc                _link
                0x0602a00c                _raise
                0x06029f98                _creat
                0x0602a0e0                _pipe
                0x0602a04c                _chown
                0x06029e7c                _lseek
                0x06029eb4                _close
                0x0602a0f4                _times
                0x06029f68                _fstat
                0x0602a084                _fork
                0x06029ef4                _sbrk
 .text          0x0602a1e0       0x20 c:/saturn/SH_COFF/sh-coff/bin/../lib/gcc/sh-coff/3.4-GNUSH_v0501/../../../../sh-coff/lib\libc.a(trap.o)
                0x0602a1e0                __trap34
 .text          0x0602a200       0x20 c:/saturn/SH_COFF/sh-coff/bin/../lib/gcc/sh-coff/3.4-GNUSH_v0501/../../../../sh-coff/lib\libc.a(abort.o)
                0x0602a200                abort
 .text          0x0602a220      0x270 c:/saturn/SH_COFF/sh-coff/bin/../lib/gcc/sh-coff/3.4-GNUSH_v0501/../../../../sh-coff/lib\libc.a(signal.o)
                0x0602a2e0                _raise_r
                0x0602a468                __sigtramp
                0x0602a414                raise
                0x0602a450                _init_signal
                0x0602a3a0                __sigtramp_r
                0x0602a430                signal
                0x0602a26c                _signal_r
                0x0602a220                _init_signal_r
 .text          0x0602a490       0x60 c:/saturn/SH_COFF/sh-coff/bin/../lib/gcc/sh-coff/3.4-GNUSH_v0501/../../../../sh-coff/lib\libc.a(signalr.o)
                0x0602a4d8                _getpid_r
                0x0602a490                _kill_r
 *(.strings)

.tors           0x0602a4f0        0x0
                0x0602a4f0                ___ctors = .
 *(.ctors)
                0x0602a4f0                ___ctors_end = .
                0x0602a4f0                ___dtors = .
 *(.dtors)
                0x0602a4f0                ___dtors_end = .

.data           0x0602a4f0     0x5770
                0x0602a4f0                STARTOF_R = .
 *(.data)
 .data          0x0602a4f0      0x400 smpclib/per_x1.o
 .data          0x0602a8f0       0x60 cutscene.o
                0x0602a8f0                tomo_text
 .data          0x0602a950       0xd0 game.o
                0x0602a950                powerup_names
 .data          0x0602aa20     0x40b0 graphics.o
                0x0602c9b4                cyberblock_name
                0x0602afcc                noticefont_name
                0x0602abc2                bit_num
                0x0602de9a                girl2_num
                0x0602bc98                soon_name
                0x0602ac18                blockcrack_pal
                0x0602ca04                metalorange_name
                0x0602ae12                ship_size
                0x0602ca12                metalorange_num
                0x0602aa20                circle_pal
                0x0602bcf4                chipgame_pal
                0x0602da8e                girl3_num
                0x0602b3ea                chipover_num
                0x0602af48                game_name
                0x0602c514                menufont_pal
                0x0602ac16                capsule_num
                0x0602ac6a                blockcrack_size
                0x0602c562                menufont_num
                0x0602ad68                beffect_size
                0x0602bca2                soon_num
                0x0602e2a6                girl1_num
                0x0602c9c4                metalorange_pal
                0x0602e2a8                roarframes_pal
                0x0602bce4                gamestar_name
                0x0602acc0                blocks2_size
                0x0602aacc                barrier_pal
                0x0602af78                starnear_name
                0x0602af20                gamefar_height
                0x0602ae14                ship_num
                0x0602e6b8                roarbg_pal
                0x0602ad64                beffect_height
                0x0602eab8                roarbg_name
                0x0602ac58                blockcrack_name
                0x0602aa70                circle_size
                0x0602ad6c                explosion_pal
                0x0602bca4                gamestar_pal
                0x0602ac66                blockcrack_height
                0x0602af44                gamenear_width
                0x0602b3ec                gameover_pal
                0x0602adac                explosion_name
                0x0602ad16                blocks1_num
                0x0602ac12                capsule_width
                0x0602ac10                capsule_height
                0x0602ab1c                barrier_size
                0x0602ae6a                starspr_num
                0x0602ab1a                barrier_width
                0x0602e29c                girl1_name
                0x0602c104                game_tiles_pal
                0x0602acc2                blocks2_num
                0x0602ca14                title_pal
                0x0602ac68                blockcrack_width
                0x0602ad04                blocks1_name
                0x0602aa6e                circle_width
                0x0602aeb6                font_height
                0x0602e6a8                roarframes_name
                0x0602aac4                introfont_width
                0x0602da84                girl3_name
                0x0602af22                gamefar_width
                0x0602de9c                girl1_pal
                0x0602c554                menufont_name
                0x0602bc58                soon_pal
                0x0602c972                chipframes_num
                0x0602aec0                ball_pal
                0x0602d684                girl3_pal
                0x0602c102                chipgame_num
                0x0602ac14                capsule_size
                0x0602ae68                starspr_size
                0x0602b83c                cutscfont_name
                0x0602acc4                blocks1_pal
                0x0602af34                gamenear_name
                0x0602adbc                explosion_width
                0x0602d276                girl5_num
                0x0602af10                ball_num
                0x0602ce1e                title_num
                0x0602aeac                font_name
                0x0602ad66                beffect_width
                0x0602ac6c                blockcrack_num
                0x0602ab70                laser_num
                0x0602ae18                starspr_pal
                0x0602b43c                cutscfont_pal
                0x0602eac4                roarbg_num
                0x0602af0c                ball_width
                0x0602c9c2                cyberblock_num
                0x0602bc4c                tomo_name
                0x0602ce6c                girl5_pal
                0x0602ae0e                ship_height
                0x0602c512                game_tiles_num
                0x0602af0a                ball_height
                0x0602af42                gamenear_height
                0x0602aeb8                font_width
                0x0602ce6a                stars_num
                0x0602b43a                gameover_num
                0x0602af0e                ball_size
                0x0602b3dc                chipover_name
                0x0602ab60                laser_name
                0x0602abc0                bit_size
                0x0602ae10                ship_width
                0x0602ab1e                barrier_num
                0x0602ce14                title_name
                0x0602c964                chipframes_name
                0x0602af58                starfar_name
                0x0602ad10                blocks1_height
                0x0602ab6c                laser_width
                0x0602aac6                introfont_size
                0x0602ce60                stars_name
                0x0602abb4                bit_name
                0x0602bcf2                gamestar_num
                0x0602af30                gamemid_height
                0x0602b42c                gameover_name
                0x0602aa60                circle_name
                0x0602adc4                ship_pal
                0x0602af00                ball_name
                0x0602aebc                font_num
                0x0602ae6c                font_pal
                0x0602af76                starmid_width
                0x0602af88                starnear_width
                0x0602af24                gamemid_name
                0x0602ab18                barrier_height
                0x0602ab74                bit_pal
                0x0602acbe                blocks2_width
                0x0602ad14                blocks1_size
                0x0602ae66                starspr_width
                0x0602c564                chipframes_pal
                0x0602af52                game_height
                0x0602af64                starfar_height
                0x0602adc0                explosion_num
                0x0602d682                girl4_num
                0x0602b84c                tomo_pal
                0x0602ac04                capsule_name
                0x0602af32                gamemid_width
                0x0602aac2                introfont_height
                0x0602af8c                noticefont_pal
                0x0602acbc                blocks2_height
                0x0602ad58                beffect_name
                0x0602ad12                blocks1_width
                0x0602aeba                font_size
                0x0602acb0                blocks2_name
                0x0602abbc                bit_height
                0x0602ab6a                laser_height
                0x0602ae58                starspr_name
                0x0602e6b6                roarframes_num
                0x0602c974                cyberblock_pal
                0x0602af86                starnear_height
                0x0602af68                starmid_name
                0x0602ae04                ship_name
                0x0602d26c                girl5_name
                0x0602aac8                introfont_num
                0x0602d278                girl4_pal
                0x0602ac70                blocks2_pal
                0x0602abbe                bit_width
                0x0602af74                starmid_height
                0x0602ce20                stars_pal
                0x0602af14                gamefar_name
                0x0602abc4                capsule_pal
                0x0602ab20                laser_pal
                0x0602c504                game_tiles_name
                0x0602ad6a                beffect_num
                0x0602aa6c                circle_height
                0x0602ae64                starspr_height
                0x0602ad18                beffect_pal
                0x0602d678                girl4_name
                0x0602afdc                chipover_pal
                0x0602af54                game_width
                0x0602da90                girl2_pal
                0x0602ab6e                laser_size
                0x0602ab0c                barrier_name
                0x0602af66                starfar_width
                0x0602afda                noticefont_num
                0x0602adbe                explosion_size
                0x0602aab4                introfont_name
                0x0602aa74                introfont_pal
                0x0602adba                explosion_height
                0x0602aa72                circle_num
                0x0602c0f4                chipgame_name
                0x0602de90                girl2_name
 .data          0x0602ead0      0x290 intro.o
 .data          0x0602ed60      0x120 level.o
                0x0602ed68                level_count
                0x0602ed6c                level_blocks
                0x0602ed60                level_lengths
                0x0602ed74                level1_blocks
                0x0602edf8                level0_blocks
 .data          0x0602ee80       0x40 logo.o
 .data          0x0602eec0       0x80 menu.o
                0x0602eec0                cutscene
 .data          0x0602ef40       0x10 notice.o
                0x0602ef40                notice_text
 .data          0x0602ef50       0x10 pcmsys.o
                0x0602ef54                scsp_load
                0x0602ef58                m68k_com
                0x0602ef50                master_volume
 .data          0x0602ef60       0x50 scroll.o
                0x0602ef80                CycleTbLoRes
                0x0602efa0                vram
                0x0602ef60                CycleTbBitmap
                0x0602ef90                char_offsets
                0x0602ef70                CycleTbHiRes
 .data          0x0602efb0       0x30 sprite.o
 .data          0x0602efe0      0x400 c:/saturn/sbl6/segalib/lib/sega_int.a(int.o)
 .data          0x0602f3e0       0x1c c:/saturn/sbl6/segalib/lib/sega_spr.a(spr_slv.o)
                0x0602f3e8                SPR_SlaveParam
                0x0602f3f8                SPR_SMPC_SF
                0x0602f3f0                SPR_SMPC_COM
                0x0602f3ec                SPR_SlaveSHEntry
                0x0602f3e4                SPR_SlaveState
                0x0602f3e0                SPR_SlaveCommand
                0x0602f3f4                SPR_SMPC_RET
 *fill*         0x0602f3fc        0x4 00
 .data          0x0602f400       0x34 c:/saturn/sbl6/segalib/lib/sega_spr.a(spr_1c.o)
                0x0602f400                SpInitialFlag
 *fill*         0x0602f434        0xc 00
 .data          0x0602f440       0x1c c:/saturn/sbl6/segalib/lib/sega_scl.a(scl_vblv.o)
                0x0602f448                VBInterval
                0x0602f450                ReqDisplayFlag
                0x0602f440                SpFrameChgMode
                0x0602f44c                VBIntervalCounter
                0x0602f444                SpFrameEraseMode
 *fill*         0x0602f45c        0x4 00
 .data          0x0602f460       0x36 c:/saturn/sbl6/segalib/lib/sega_scl.a(scl_func.o)
                0x0602f470                SclRotregBuff
                0x0602f46c                SclDisplayY
                0x0602f474                SclRotateTableMode
                0x0602f468                SclProcess
                0x0602f464                SclCurSclNum
                0x0602f460                SclLengthLsTbl
                0x0602f46a                SclDisplayX
                0x0602f462                SclLengthCsTbl
 *fill*         0x0602f496        0xa 00
 .data          0x0602f4a0       0x18 c:/saturn/sbl6/segalib/lib/sega_scl.a(scl_pri.o)
                0x0602f4a4                SclRealSpPriNum
                0x0602f4b4                SclRealColOffset
                0x0602f4b0                SclRealBgColMix
                0x0602f4ac                SclRealSpColMix
                0x0602f4a8                SclRealBgPriNum
                0x0602f4a0                SclRealOtherPri
 *fill*         0x0602f4b8        0x8 00
 .data          0x0602f4c0        0x4 c:/saturn/sbl6/segalib/lib/sega_mth.a(mth_rand.o)
 *fill*         0x0602f4c4        0xc 00
 .data          0x0602f4d0      0x380 c:/saturn/SH_COFF/sh-coff/bin/../lib/gcc/sh-coff/3.4-GNUSH_v0501/../../../../sh-coff/lib\libc.a(impure.o)
                0x0602f84c                _impure_ptr
 .data          0x0602f850      0x410 c:/saturn/SH_COFF/sh-coff/bin/../lib/gcc/sh-coff/3.4-GNUSH_v0501/../../../../sh-coff/lib\libc.a(mallocr.o)
                0x0602f858                __malloc_av_
                0x0602f854                __malloc_trim_threshold
                0x0602f850                __malloc_sbrk_base
                0x0602fc60                SIZEOF_R = (. - STARTOF_R)
                0x0602fc60                ENDOF_R = .

.bss            0x0602fc60    0x11f94
                0x0602fc60                STARTOF_B = .
 *(.bss)
 .bss           0x0602fc60       0x10 vblank.o
                0x0602fc64                PadData2E
                0x0602fc6a                PadData1
                0x0602fc66                PadData2
                0x0602fc68                PadData1E
                0x0602fc60                __port
 .bss           0x0602fc70       0xe0 smpclib/per_x2.o
 .bss           0x0602fd50       0x10 ball.o
 .bss           0x0602fd60       0x10 barrier.o
 .bss           0x0602fd70       0x10 capsule.o
 .bss           0x0602fd80       0x10 cutscene.o
 .bss           0x0602fd90       0x50 game.o
                0x0602fda4                bit_left
                0x0602fd94                illusion_charno
                0x0602fd9c                laser_max
                0x0602fda0                bit_right
                0x0602fda8                bit_ship
                0x0602fdac                turbo
                0x0602fdb4                score
                0x0602fd98                illusion
                0x0602fdb0                powerup_cursor
                0x0602fd90                illusion_cursor
 .bss           0x0602fde0     0x19b0 intro.o
 .bss           0x06031790       0x10 laser.o
 .bss           0x060317a0     0x13b0 level.o
 .bss           0x06032b50       0x10 logo.o
 .bss           0x06032b60       0x60 menu.o
 .bss           0x06032bc0       0x10 notice.o
                0x06032bc0                notice_displayed
 .bss           0x06032bd0       0x10 pcmsys.o
                0x06032bd0                numberPCMs
 .bss           0x06032be0       0x10 scroll.o
                0x06032be0                bitmap
                0x06032be4                scroll_res
 .bss           0x06032bf0       0x10 soon.o
                0x06032bf0                soon_state
 .bss           0x06032c00     0x3d00 sprite.o
                0x06032c00                num_sprites
 .bss           0x06036900       0x10 main.o
                0x06036900                frame
 .bss           0x06036910       0x6e c:/saturn/sbl6/segalib/lib/sega_spr.a(spr_2c.o)
 *fill*         0x0603697e        0x2 00
 .bss           0x06036980        0x4 c:/saturn/sbl6/segalib/lib/sega_scl.a(scl_vblv.o)
 *fill*         0x06036984        0xc 00
 .bss           0x06036990     0x1900 c:/saturn/sbl6/segalib/lib/sega_scl.a(scl_fu05.o)
 .bss           0x06038290        0x4 c:/saturn/sbl6/segalib/lib/sega_scl.a(scl_func.o)
 *fill*         0x06038294        0xc 00
 .bss           0x060382a0       0x48 c:/saturn/sbl6/segalib/lib/sega_scl.a(scl_ro00.o)
 *fill*         0x060382e8        0x8 00
 .bss           0x060382f0        0xc c:/saturn/sbl6/segalib/lib/sega_cdc.a(cdc_sub.o)
 *fill*         0x060382fc        0x4 00
 .bss           0x06038300        0x2 c:/saturn/sbl6/segalib/lib/sega_cdc.a(cdc_reg.o)
 *fill*         0x06038302        0xe 00
 .bss           0x06038310       0x9c c:/saturn/sbl6/segalib/lib/sega_per.a(per_prt.o)
 *fill*         0x060383ac        0x4 00
 .bss           0x060383b0        0xc c:/saturn/sbl6/segalib/lib/sega_sat.a(DMA_SCU1.o)
 *fill*         0x060383bc        0x4 00
 .bss           0x060383c0        0xc c:/saturn/sbl6/segalib/lib/sega_sat.a(gfs_trn.o)
 *fill*         0x060383cc        0x4 00
 .bss           0x060383d0       0x20 c:/saturn/sbl6/segalib/lib/sega_sat.a(DMA_SCU0.o)
 .bss           0x060383f0       0x10 c:/saturn/SH_COFF/sh-coff/bin/../lib/gcc/sh-coff/3.4-GNUSH_v0501\libgcc.a(__main.o)
 .bss           0x06038400       0x10 c:/saturn/SH_COFF/sh-coff/bin/../lib/gcc/sh-coff/3.4-GNUSH_v0501/../../../../sh-coff/lib\libc.a(atexit.o)
 .bss           0x06038410       0x40 c:/saturn/SH_COFF/sh-coff/bin/../lib/gcc/sh-coff/3.4-GNUSH_v0501/../../../../sh-coff/lib\libc.a(mallocr.o)
                0x06038440                __malloc_top_pad
                0x06038410                __malloc_current_mallinfo
                0x0603843c                __malloc_max_sbrked_mem
                0x06038438                __malloc_max_total_mem
 .bss           0x06038450       0x10 c:/saturn/SH_COFF/sh-coff/bin/../lib/gcc/sh-coff/3.4-GNUSH_v0501/../../../../sh-coff/lib\libc.a(syscalls.o)
 *(COMMON)
 COMMON         0x06038460        0x8 vblank.o
                                  0x0 (size before relaxing)
                0x06038460                PadAnalogR1
                0x06038461                PadAnalogL1
                0x06038462                PadAnalogY1
                0x06038463                PadAnalogX1
                0x06038464                PadID1
 *fill*         0x06038468        0x8 00
 COMMON         0x06038470      0x1e8 ball.o
                                  0x0 (size before relaxing)
                0x06038470                ball_sprites
                0x06038650                ball_count
                0x06038654                ball_mode
 *fill*         0x06038658        0x8 00
 COMMON         0x06038660        0x4 barrier.o
                                  0x0 (size before relaxing)
                0x06038660                barrier_life
 *fill*         0x06038664        0xc 00
 COMMON         0x06038670       0xa0 capsule.o
                                  0x0 (size before relaxing)
                0x06038670                capsules
 COMMON         0x06038710     0x1674 cd.o
                                  0x0 (size before relaxing)
                0x06038710                dirname
                0x06039070                lib_work
                0x06039d78                directory_table
 *fill*         0x06039d84        0xc 00
 COMMON         0x06039d90       0x40 circle.o
                                  0x0 (size before relaxing)
                0x06039d90                circle_sprites
                0x06039dc8                circle_charno
                0x06039dcc                circle_cursor
 COMMON         0x06039dd0     0x19c8 game.o
                                  0x0 (size before relaxing)
                0x06039dd0                laser_charno
                0x06039de0                ship_sprite
                0x06039df8                explosion_charno
                0x06039e00                gameover_line
                0x0603b710                curr_level
                0x0603b714                capsule_charno
                0x0603b718                bit_charno
                0x0603b71c                block_charno
                0x0603b720                ship_left
                0x0603b724                ship_right
                0x0603b728                ball_charno
                0x0603b730                illusion_arr
                0x0603b790                barrier_charno
                0x0603b794                gameover_angle
 *fill*         0x0603b798        0x8 00
 COMMON         0x0603b7a0       0xd0 laser.o
                                  0x0 (size before relaxing)
                0x0603b7a0                laser_count
                0x0603b7b0                laser_sprites
 COMMON         0x0603b870        0x4 level.o
                                  0x0 (size before relaxing)
                0x0603b870                level_blocksleft
 *fill*         0x0603b874        0xc 00
 COMMON         0x0603b880     0x14a0 print.o
                                  0x0 (size before relaxing)
                0x0603b880                text
 COMMON         0x0603cd20      0x230 scroll.o
                                  0x0 (size before relaxing)
                0x0603cd20                scfg
 COMMON         0x0603cf50        0x4 soon.o
                                  0x0 (size before relaxing)
                0x0603cf50                soon_scroll
 *fill*         0x0603cf54        0xc 00
 COMMON         0x0603cf60     0x3180 sprite.o
                                  0x0 (size before relaxing)
                0x0603cf60                sprites
                0x0603e0e0                sprite_buf
 COMMON         0x060400e0       0x8c main.o
                                  0x0 (size before relaxing)
                0x060400e0                off_config
 *fill*         0x0604016c        0x4 00
 COMMON         0x06040170      0x400 c:/saturn/sbl6/segalib/lib/sega_int.a(int.o)
                                  0x0 (size before relaxing)
                0x06040170                __interrupt_vector
 COMMON         0x06040570       0x50 c:/saturn/sbl6/segalib/lib/sega_spr.a(spr_2c.o)
                                  0x0 (size before relaxing)
                0x06040570                SpMstCmd
                0x06040574                Sp2OpenFlag
                0x06040578                SpGourTblMax
                0x0604057c                SpDrawPrtyBlk
                0x06040580                SpLCoordX
                0x06040584                SpMstDrawPrtyBlk
                0x06040588                SpGourTbl
                0x0604058c                SpLookupTblR
                0x06040590                SpCmdTbl
                0x06040594                SpCharMax
                0x06040598                SpDrawPrtyProcFlag
                0x0604059c                SpCmdNo
                0x060405a0                SpDrawPrtyBlkMax
                0x060405a4                SpSlvCmdPos
                0x060405a8                SpSlvDrawPrtyBlk
                0x060405ac                SpCharTbl
                0x060405b0                SpCmdTblR
                0x060405b4                SpMstCmdPos
                0x060405b8                SpSlvCmd
                0x060405bc                SpLCoordY
 COMMON         0x060405c0       0x10 c:/saturn/sbl6/segalib/lib/sega_spr.a(spr_1c.o)
                                  0x0 (size before relaxing)
                0x060405c0                SpScreenY
                0x060405c4                SpFbcrMode
                0x060405c6                SpDil
                0x060405c8                SpDie
                0x060405ca                SpTvMode
                0x060405cc                SpScreenX
 COMMON         0x060405d0      0xf00 c:/saturn/sbl6/segalib/lib/sega_scl.a(scl_func.o)
                                  0x0 (size before relaxing)
                0x060405d0                SclRbgKtbAddr
                0x060405d8                SclRb
                0x060405da                Scl_flag
                0x060405e0                SclK_TableBuff
                0x060412b0                SclAddrCsTbl
                0x060412c0                Scl_s_reg
                0x060412e8                SclRotateXy
                0x060412f0                Scl_d_reg
                0x06041338                SclRotateDisp
                0x06041340                SclRotateMoveZ
                0x06041348                SclRotXySw
                0x06041350                Scl_r_reg
                0x06041360                SclRPMD
                0x06041368                SclRbgKtbOffset
                0x06041370                _SclRotregBuff
                0x06041440                SclRa
                0x06041448                SclRotateZ
                0x06041450                SclAddrLsTbl
                0x06041458                SclK_TableNum
                0x06041460                SclRotateTableAddress
                0x06041464                SclK_TableFlag
                0x06041470                Scl_w_reg
                0x06041490                Scl_n_reg
 COMMON         0x060414d0      0x6b0 c:/saturn/sbl6/segalib/lib/sega_scl.a(scl_pri.o)
                                  0x0 (size before relaxing)
                0x060414d0                SclAutoEndBlue2
                0x060414e0                SclColOffset
                0x060414f0                SclPriBuffDirty
                0x060414f2                SclAutoEndRed
                0x060414f4                SclAutoSurface
                0x060414f8                SclAutoGreen
                0x060414fa                SclAutoEndGreen
                0x060414fc                SclAutoCount
                0x06041500                SclColRamAlloc256
                0x06041520                SclAutoCurRate
                0x06041521                SclAutoPlusFlag
                0x06041528                SclSpColMix
                0x06041530                SclAutoMax
                0x06041534                SclLineColRamOffset
                0x06041538                SclColRamAlloc2048
                0x0604153c                SclBgPriNum
                0x06041542                SclAutoEndBlue
                0x06041544                SclAutoEndGreen2
                0x06041546                SclAutoVeFlag
                0x06041548                SclBgColMix
                0x06041550                SclAutoIndex
                0x06041554                SclAutoEndRate
                0x06041556                SclAutoBlue
                0x06041558                SclAutoRed
                0x0604155c                SclAutoInterval
                0x06041560                SclOtherPri
                0x06041570                SclAutoRGB
                0x06041b70                SclAutoEndRed2
                0x06041b78                SclSpPriNum
 COMMON         0x06041b80       0x10 c:/saturn/sbl6/segalib/lib/sega_scl.a(scl_ro00.o)
                                  0x0 (size before relaxing)
                0x06041b80                SclCsx
                0x06041b88                SclCsy
 COMMON         0x06041b90       0x15 c:/saturn/sbl6/segalib/lib/sega_per.a(per_prt.o)
                                  0x0 (size before relaxing)
                0x06041b90                per_get_time_flg
                0x06041b91                per_hot_res
                0x06041b92                per_set_sys_flg
                0x06041b94                per_get_time_adr