Archive member included to satisfy reference by file (symbol)

c:/saturn/sbl/segalib/lib/libsat.a(cdc_cmn.o)
                              main.o (CDC_GetPeriStat)
c:/saturn/sbl/segalib/lib/libsat.a(cdc_drv.o)
                              sound.o (CDC_CdPlay)
c:/saturn/sbl/segalib/lib/libsat.a(dma_cpu1.o)
                              game.o (DMA_CpuMemCopy1)
c:/saturn/sbl/segalib/lib/libsat.a(dma_cpu5.o)
                              c:/saturn/sbl/segalib/lib/libsat.a(dma_cpu1.o) (dma_cpu_cnt)
c:/saturn/sbl/segalib/lib/libsat.a(gfs.o)
                              cd.o (GFS_NameToId)
c:/saturn/sbl/segalib/lib/libsat.a(gfs_buf.o)
                              c:/saturn/sbl/segalib/lib/libsat.a(gfs.o) (GFBF_GetNumData)
c:/saturn/sbl/segalib/lib/libsat.a(gfs_cdb.o)
                              c:/saturn/sbl/segalib/lib/libsat.a(gfs.o) (GFCB_Close)
c:/saturn/sbl/segalib/lib/libsat.a(gfs_cdc.o)
                              c:/saturn/sbl/segalib/lib/libsat.a(gfs_cdb.o) (GFCD_AllocFilt)
c:/saturn/sbl/segalib/lib/libsat.a(gfs_cdf.o)
                              c:/saturn/sbl/segalib/lib/libsat.a(gfs.o) (GFCF_Init)
c:/saturn/sbl/segalib/lib/libsat.a(gfs_dir.o)
                              c:/saturn/sbl/segalib/lib/libsat.a(gfs.o) (GFDR_NameToId)
c:/saturn/sbl/segalib/lib/libsat.a(gfs_trn.o)
                              c:/saturn/sbl/segalib/lib/libsat.a(gfs.o) (GFTR_Setup)
c:/saturn/sbl/segalib/lib/libsat.a(mth_rand.o)
                              main.o (MTH_InitialRand)
c:/saturn/sbl/segalib/lib/libsat.a(mth_fixd.o)
                              ball.o (MTH_Mul)
c:/saturn/sbl/segalib/lib/libsat.a(mth_tri.o)
                              ball.o (MTH_Sin)
c:/saturn/sbl/segalib/lib/libsat.a(per_prt.o)
                              vblank.o (PER_Init)
c:/saturn/sbl/segalib/lib/libsat.a(spr_2c.o)
                              scroll.o (SPR_2SetTvMode)
c:/saturn/sbl/segalib/lib/libsat.a(scl_func.o)
                              scroll.o (Scl_n_reg)
c:/saturn/sbl/segalib/lib/libsat.a(scl_fu01.o)
                              scroll.o (SCL_SetDisplayMode)
c:/saturn/sbl/segalib/lib/libsat.a(scl_fu02.o)
                              scroll.o (SCL_InitVramConfigTb)
c:/saturn/sbl/segalib/lib/libsat.a(scl_fu03.o)
                              scroll.o (SCL_InitConfigTb)
c:/saturn/sbl/segalib/lib/libsat.a(scl_fu04.o)
                              scroll.o (SCL_SetCycleTable)
c:/saturn/sbl/segalib/lib/libsat.a(scl_fu05.o)
                              game.o (SCL_InitLineParamTb)
c:/saturn/sbl/segalib/lib/libsat.a(scl_pri.o)
                              c:/saturn/sbl/segalib/lib/libsat.a(scl_func.o) (SCL_PriorityInit)
c:/saturn/sbl/segalib/lib/libsat.a(scl_ro00.o)
                              c:/saturn/sbl/segalib/lib/libsat.a(scl_func.o) (SCL_Rotate)
c:/saturn/sbl/segalib/lib/libsat.a(scl_back.o)
                              scroll.o (SCL_SetBack)
c:/saturn/sbl/segalib/lib/libsat.a(scl_vblv.o)
                              c:/saturn/sbl/segalib/lib/libsat.a(spr_2c.o) (SCL_SetFrameInterval)
c:/saturn/sbl/segalib/lib/libsat.a(scl_pr01.o)
                              scroll.o (SCL_SetSpriteMode)
c:/saturn/sbl/segalib/lib/libsat.a(scl_pr02.o)
                              intro.o (SCL_SetColRam)
c:/saturn/sbl/segalib/lib/libsat.a(scl_pr03.o)
                              scroll.o (SCL_AllocColRam)
c:/saturn/sbl/segalib/lib/libsat.a(scl_pr05.o)
                              c:/saturn/sbl/segalib/lib/libsat.a(scl_pr02.o) (SCL_GetColRamOffset)
c:/saturn/sbl/segalib/lib/libsat.a(scl_pr06.o)
                              c:/saturn/sbl/segalib/lib/libsat.a(scl_pr03.o) (SCL_SetColRamOffset)
c:/saturn/sbl/segalib/lib/libsat.a(scl_pr07.o)
                              game.o (SCL_SetPriority)
c:/saturn/sbl/segalib/lib/libsat.a(scl_pr09.o)
                              scroll.o (SCL_SetColMixMode)
c:/saturn/sbl/segalib/lib/libsat.a(scl_pr10.o)
                              intro.o (SCL_SetAutoColMix)
c:/saturn/sbl/segalib/lib/libsat.a(scl_pr11.o)
                              cutscene.o (SCL_SetAutoColOffset)
c:/saturn/sbl/segalib/lib/libsat.a(scl_pr12.o)
                              cutscene.o (SCL_SetColOffset)
c:/saturn/sbl/segalib/lib/libsat.a(cdc_reg.o)
                              c:/saturn/sbl/segalib/lib/libsat.a(gfs_cdb.o) (CDC_GetDataPtr)
c:/saturn/sbl/segalib/lib/libsat.a(cdc_sub.o)
                              c:/saturn/sbl/segalib/lib/libsat.a(cdc_cmn.o) (CDSUB_GetCdstat)
c:/saturn/sbl/segalib/lib/libsat.a(cdc_dev.o)
                              c:/saturn/sbl/segalib/lib/libsat.a(gfs_cdc.o) (CDC_CdSetCon)
c:/saturn/sbl/segalib/lib/libsat.a(cdc_sel.o)
                              c:/saturn/sbl/segalib/lib/libsat.a(gfs_cdc.o) (CDC_SetFiltRange)
c:/saturn/sbl/segalib/lib/libsat.a(cdc_bif.o)
                              c:/saturn/sbl/segalib/lib/libsat.a(gfs_cdc.o) (CDC_GetBufSiz)
c:/saturn/sbl/segalib/lib/libsat.a(cdc_bio.o)
[...]
Memory Configuration

Name             Origin             Length             Attributes
*default*        0x00000000         0xffffffff

Linker script and memory map

LOAD entry.o
LOAD stack.o
LOAD vblank.o
LOAD ball.o
LOAD barrier.o
LOAD capsule.o
LOAD cd.o
LOAD circle.o
LOAD crc.o
LOAD cutscene.o
LOAD devcart.o
LOAD explosion.o
LOAD game.o
LOAD intro.o
LOAD laser.o
LOAD level.o
LOAD logo.o
LOAD menu.o
LOAD notice.o
LOAD pcmsys.o
LOAD print.o
LOAD scroll.o
LOAD soon.o
LOAD sound.o
LOAD sprite.o
LOAD main.o
LOAD c:/saturn/sbl/segalib/lib/libsat.a
LOAD c:/saturn/gcc84/bin/../lib/gcc/sh-elf/8.4.0\libgcc.a
LOAD c:/saturn/gcc84/bin/../lib/gcc/sh-elf/8.4.0\libgcc-Os-4-200.a
LOAD c:/saturn/gcc84/bin/../lib/gcc/sh-elf/8.4.0/../../../../sh-elf/lib\libc.a
LOAD c:/saturn/gcc84/bin/../lib/gcc/sh-elf/8.4.0\libgcc.a
LOAD c:/saturn/gcc84/bin/../lib/gcc/sh-elf/8.4.0\libgcc-Os-4-200.a

.entry          0x06010000       0x60
 *(.entry)
 .entry         0x06010000       0x50 entry.o
                0x06010000                entry
                0x06010060                . = ALIGN (0x20)
 *fill*         0x06010050       0x10 
                0x06010060                _eentry = ABSOLUTE (.)

.comment        0x00000000       0x11
 .comment       0x00000000       0x11 vblank.o
                                 0x12 (size before relaxing)
 .comment       0x00000011       0x12 ball.o
 .comment       0x00000011       0x12 barrier.o
 .comment       0x00000011       0x12 capsule.o
 .comment       0x00000011       0x12 cd.o
 .comment       0x00000011       0x12 circle.o
 .comment       0x00000011       0x12 crc.o
 .comment       0x00000011       0x12 cutscene.o
 .comment       0x00000011       0x12 devcart.o
 .comment       0x00000011       0x12 explosion.o
 .comment       0x00000011       0x12 game.o
 .comment       0x00000011       0x12 intro.o
 .comment       0x00000011       0x12 laser.o
 .comment       0x00000011       0x12 level.o
 .comment       0x00000011       0x12 logo.o
 .comment       0x00000011       0x12 menu.o
 .comment       0x00000011       0x12 notice.o
 .comment       0x00000011       0x12 pcmsys.o
 .comment       0x00000011       0x12 print.o
 .comment       0x00000011       0x12 scroll.o
 .comment       0x00000011       0x12 soon.o
 .comment       0x00000011       0x12 sound.o
 .comment       0x00000011       0x12 sprite.o
 .comment       0x00000011       0x12 main.o
 .comment       0x00000011       0x12 c:/saturn/sbl/segalib/lib/libsat.a(cdc_cmn.o)
 .comment       0x00000011       0x12 c:/saturn/sbl/segalib/lib/libsat.a(cdc_drv.o)
 .comment       0x00000011       0x12 c:/saturn/sbl/segalib/lib/libsat.a(dma_cpu1.o)
 .comment       0x00000011       0x12 c:/saturn/sbl/segalib/lib/libsat.a(dma_cpu5.o)
 .comment       0x00000011       0x12 c:/saturn/sbl/segalib/lib/libsat.a(gfs.o)
 .comment       0x00000011       0x12 c:/saturn/sbl/segalib/lib/libsat.a(gfs_buf.o)
 .comment       0x00000011       0x12 c:/saturn/sbl/segalib/lib/libsat.a(gfs_cdb.o)
 .comment       0x00000011       0x12 c:/saturn/sbl/segalib/lib/libsat.a(gfs_cdc.o)
 .comment       0x00000011       0x12 c:/saturn/sbl/segalib/lib/libsat.a(gfs_cdf.o)
 .comment       0x00000011       0x12 c:/saturn/sbl/segalib/lib/libsat.a(gfs_dir.o)
 .comment       0x00000011       0x12 c:/saturn/sbl/segalib/lib/libsat.a(gfs_trn.o)
 .comment       0x00000011       0x12 c:/saturn/sbl/segalib/lib/libsat.a(mth_rand.o)
 .comment       0x00000011       0x12 c:/saturn/sbl/segalib/lib/libsat.a(per_prt.o)
 .comment       0x00000011       0x12 c:/saturn/sbl/segalib/lib/libsat.a(spr_2c.o)
 .comment       0x00000011       0x12 c:/saturn/sbl/segalib/lib/libsat.a(scl_func.o)
 .comment       0x00000011       0x12 c:/saturn/sbl/segalib/lib/libsat.a(scl_fu01.o)
 .comment       0x00000011       0x12 c:/saturn/sbl/segalib/lib/libsat.a(scl_fu02.o)
 .comment       0x00000011       0x12 c:/saturn/sbl/segalib/lib/libsat.a(scl_fu03.o)
 .comment       0x00000011       0x12 c:/saturn/sbl/segalib/lib/libsat.a(scl_fu04.o)
 .comment       0x00000011       0x12 c:/saturn/sbl/segalib/lib/libsat.a(scl_fu05.o)
 .comment       0x00000011       0x12 c:/saturn/sbl/segalib/lib/libsat.a(scl_pri.o)
 .comment       0x00000011       0x12 c:/saturn/sbl/segalib/lib/libsat.a(scl_ro00.o)
 .comment       0x00000011       0x12 c:/saturn/sbl/segalib/lib/libsat.a(scl_back.o)
 .comment       0x00000011       0x12 c:/saturn/sbl/segalib/lib/libsat.a(scl_vblv.o)
 .comment       0x00000011       0x12 c:/saturn/sbl/segalib/lib/libsat.a(scl_pr01.o)
 .comment       0x00000011       0x12 c:/saturn/sbl/segalib/lib/libsat.a(scl_pr02.o)
 .comment       0x00000011       0x12 c:/saturn/sbl/segalib/lib/libsat.a(scl_pr03.o)
 .comment       0x00000011       0x12 c:/saturn/sbl/segalib/lib/libsat.a(scl_pr05.o)
 .comment       0x00000011       0x12 c:/saturn/sbl/segalib/lib/libsat.a(scl_pr06.o)
 .comment       0x00000011       0x12 c:/saturn/sbl/segalib/lib/libsat.a(scl_pr07.o)
 .comment       0x00000011       0x12 c:/saturn/sbl/segalib/lib/libsat.a(scl_pr09.o)
 .comment       0x00000011       0x12 c:/saturn/sbl/segalib/lib/libsat.a(scl_pr10.o)
 .comment       0x00000011       0x12 c:/saturn/sbl/segalib/lib/libsat.a(scl_pr11.o)
 .comment       0x00000011       0x12 c:/saturn/sbl/segalib/lib/libsat.a(scl_pr12.o)
 .comment       0x00000011       0x12 c:/saturn/sbl/segalib/lib/libsat.a(cdc_reg.o)
 .comment       0x00000011       0x12 c:/saturn/sbl/segalib/lib/libsat.a(cdc_sub.o)
 .comment       0x00000011       0x12 c:/saturn/sbl/segalib/lib/libsat.a(cdc_dev.o)
 .comment       0x00000011       0x12 c:/saturn/sbl/segalib/lib/libsat.a(cdc_sel.o)
 .comment       0x00000011       0x12 c:/saturn/sbl/segalib/lib/libsat.a(cdc_bif.o)
 .comment       0x00000011       0x12 c:/saturn/sbl/segalib/lib/libsat.a(cdc_bio.o)
 .comment       0x00000011       0x12 c:/saturn/sbl/segalib/lib/libsat.a(cdc_cfs.o)
 .comment       0x00000011       0x12 c:/saturn/sbl/segalib/lib/libsat.a(csh_main.o)
 .comment       0x00000011       0x12 c:/saturn/sbl/segalib/lib/libsat.a(dma_cpu0.o)
 .comment       0x00000011       0x12 c:/saturn/sbl/segalib/lib/libsat.a(dma_scu0.o)
 .comment       0x00000011       0x12 c:/saturn/sbl/segalib/lib/libsat.a(spr_1c.o)
 .comment       0x00000011       0x12 c:/saturn/gcc84/bin/../lib/gcc/sh-elf/8.4.0\libgcc.a(_mul_df.o)
 .comment       0x00000011       0x12 c:/saturn/gcc84/bin/../lib/gcc/sh-elf/8.4.0\libgcc.a(_si_to_df.o)
 .comment       0x00000011       0x12 c:/saturn/gcc84/bin/../lib/gcc/sh-elf/8.4.0\libgcc.a(_df_to_si.o)
 .comment       0x00000011       0x12 c:/saturn/gcc84/bin/../lib/gcc/sh-elf/8.4.0\libgcc.a(_thenan_df.o)
 .comment       0x00000011       0x12 c:/saturn/gcc84/bin/../lib/gcc/sh-elf/8.4.0\libgcc.a(_clzsi2.o)
 .comment       0x00000011       0x12 c:/saturn/gcc84/bin/../lib/gcc/sh-elf/8.4.0\libgcc.a(_pack_df.o)
 .comment       0x00000011       0x12 c:/saturn/gcc84/bin/../lib/gcc/sh-elf/8.4.0\libgcc.a(_unpack_df.o)
 .comment       0x00000011       0x12 c:/saturn/gcc84/bin/../lib/gcc/sh-elf/8.4.0\libgcc.a(_clz.o)
 .comment       0x00000011       0x12 c:/saturn/gcc84/bin/../lib/gcc/sh-elf/8.4.0/../../../../sh-elf/lib\libc.a(lib_a-memcmp.o)
 .comment       0x00000011       0x12 c:/saturn/gcc84/bin/../lib/gcc/sh-elf/8.4.0/../../../../sh-elf/lib\libc.a(lib_a-strncmp.o)
 .comment       0x00000011       0x12 c:/saturn/gcc84/bin/../lib/gcc/sh-elf/8.4.0/../../../../sh-elf/lib\libc.a(lib_a-strncpy.o)

.text           0x06010060    0x140d0
 *(.text*)
 .text          0x06010060        0x0 entry.o
 .text          0x06010060        0x0 stack.o
 .text          0x06010060      0x13c vblank.o
                0x06010060                CheckVblankEnd
                0x06010070                UsrVblankIn
                0x06010088                UsrVblankOut
                0x0601010c                SetVblank
 .text          0x0601019c      0x4b8 ball.o
                0x060101cc                ball_init
                0x060101e0                ball_add
                0x06010240                ball_remove
                0x06010288                ball_bounce
                0x06010300                ball_move
                0x060105e4                ball_draw
 .text          0x06010654      0x18c barrier.o
                0x06010654                barrier_init
                0x06010678                barrier_move
                0x06010740                barrier_draw
 .text          0x060107e0      0x200 capsule.o
                0x060107e0                capsule_init
                0x060107f4                capsule_add
                0x0601082c                capsule_remove
                0x0601086c                capsule_run
                0x06010988                capsule_draw
 .text          0x060109e0       0x9c cd.o
                0x060109e0                cd_init
                0x06010a08                cd_load
 .text          0x06010a7c      0x3c8 circle.o
                0x06010aac                circle_init
                0x06010ac0                circle_add
                0x06010b00                circle_remove
                0x06010b54                circle_explode
                0x06010b7c                circle_bounce
                0x06010be0                circle_move
                0x06010dec                circle_draw
 .text          0x06010e44       0x20 crc.o
                0x06010e44                crc_update
 .text          0x06010e64      0x468 cutscene.o
                0x06011004                cutscene_run
 .text          0x060112cc      0x16c devcart.o
                0x06011320                devcart_loadfile
                0x060113f0                devcart_printstr
                0x060113f4                devcart_reset
 .text          0x06011438       0x7c explosion.o
                0x06011438                explosion_move
                0x06011470                explosion_make
 .text          0x060114b4     0x1424 game.o
                0x06011588                game_incpowerup
                0x060115b0                game_powerupreset
                0x0601162c                game_loss
                0x060116b8                game_playing
                0x060116c8                game_run
 .text          0x060128d8      0xcbc intro.o
                0x060128d8                intro_run
 .text          0x06013594      0x148 laser.o
                0x06013594                laser_init
                0x060135a8                laser_add
                0x060135d8                laser_remove
                0x06013618                laser_move
                0x06013678                laser_draw
 .text          0x060136dc      0x930 level.o
                0x06013b68                level_load
                0x06013be4                level_doneload
                0x06013bf4                level_disp
 .text          0x0601400c      0x314 logo.o
                0x0601400c                logo_loadframe
                0x06014070                logo_run
 .text          0x06014320      0x95c menu.o
                0x0601450c                sqrt32
                0x06014530                menu_run
 .text          0x06014c7c      0x160 notice.o
                0x06014c7c                notice_print
                0x06014cc0                notice_run
 .text          0x06014ddc      0x3ac pcmsys.o
                0x06014ddc                smpc_wait_till_ready
                0x06014df0                smpc_issue_command
                0x06014e04                load_driver_binary
                0x06014e78                load_drv
                0x06014eb0                calculate_bytes_per_blank
                0x06014ee0                load_16bit_pcm
                0x06015004                load_8bit_pcm
                0x06015124                pcm_play
                0x06015148                pcm_parameter_change
                0x06015164                pcm_cease
 .text          0x06015188      0x16c print.o
                0x06015188                print_load
                0x06015198                print_init
                0x060151c4                print_num
                0x06015208                print_string
                0x06015260                print_display
 .text          0x060152f4      0x6f0 scroll.o
                0x060152f4                scroll_loadtile
                0x06015374                scroll_tileptr
                0x060153b4                scroll_mapptr
                0x060153ec                scroll_lores
                0x0601544c                scroll_hires
                0x060154ac                scroll_scale
                0x0601555c                scroll_init
                0x06015770                scroll_set
                0x060157b0                scroll_move
                0x060157f0                scroll_clearmaps
                0x06015834                scroll_charsize
                0x06015864                scroll_enable
                0x06015894                scroll_mapsize
                0x060158c4                scroll_bitmapon
                0x06015944                scroll_bitmapoff
 .text          0x060159e4      0x18c soon.o
                0x060159e4                soon_init
                0x06015a84                soon_run
 .text          0x06015b70      0x1a8 sound.o
                0x06015b70                sound_init
                0x06015cc8                sound_cdda
                0x06015d08                sound_play
 .text          0x06015d18      0x644 sprite.o
                0x06015d18                sprite_init
                0x06015dd0                sprite_erase
                0x06015e1c                sprite_clear
                0x06015e38                sprite_load
                0x06015f6c                sprite_startdraw
                0x06015fe0                sprite_draw
                0x060161e0                sprite_make
                0x06016208                sprite_draw_all
                0x060162e0                sprite_next
                0x06016324                sprite_delete
                0x0601633c                sprite_deleteall
 .text          0x0601635c        0x0 main.o
 .text.startup  0x0601635c      0x1c4 main.o
                0x0601635c                main
 .text          0x06016520      0x358 c:/saturn/sbl/segalib/lib/libsat.a(cdc_cmn.o)
                0x06016520                CDC_GetCurStat
                0x06016564                CDC_GetLastStat
                0x06016570                getPeriRsp
                0x060165f8                CDC_GetPeriStat
                0x0601663c                CDC_GetHwInfo
                0x06016698                CDC_TgetToc
                0x060166f0                CDC_GetSes
                0x06016728                CDC_CdInit
                0x060167a0                CDC_CdOpen
                0x060167c8                CDC_DataEnd
                0x0601681c                CDC_DataReady
 .text          0x06016878      0x108 c:/saturn/sbl/segalib/lib/libsat.a(cdc_drv.o)
                0x06016878                analyPos
                0x060168c8                CDC_CdPlay
                0x0601691c                CDC_CdSeek
                0x06016954                CDC_CdScan
 .text          0x06016980       0x88 c:/saturn/sbl/segalib/lib/libsat.a(dma_cpu1.o)
                0x06016980                DMA_CpuMemCopy1
 .text          0x06016a08       0x4c c:/saturn/sbl/segalib/lib/libsat.a(dma_cpu5.o)
                0x06016a08                DMA_CpuResult
 .text          0x06016a54     0x15b4 c:/saturn/sbl/segalib/lib/libsat.a(gfs.o)
                0x06016a54                gfs_recovRdErr
                0x06016a7c                GFS_SetErrFunc
                0x06016aa0                GFS_GetErrStat
                0x06016ac0                gfs_mngSetupFuncTbl
                0x06016aec                gfs_mngInitWork
                0x06016b6c                gfs_mngGetNumFile
                0x06016bc4                GFS_mngAllocGrp
                0x06016c04                gfs_mngFreeGrp
                0x06016c0a                gfs_mngTermAccess
                0x06016c78                gfs_mngSetErrCode
                0x06016ca8                GFS_SetDir
                0x06016d10                GFS_NameToId
                0x06016d60                GFS_IdToName
                0x06016dbc                GFS_Tell
                0x06016dfc                GFS_NwIsComplete
                0x06016e24                GFS_CdMovePickup
                0x06016e84                GFS_GetDirInfo
                0x06016efc                gfs_svrSearchHndl
                0x06016f30                gfs_svrAddHndl
                0x06016f64                gfs_svrRemoveHndl
                0x06016fcc                GFS_NwStop
                0x06017024                GFS_OpenSub
                0x06017068                GFS_Open
                0x06017108                GFS_GetFad
                0x0601714c                gfs_SetSct
                0x06017178                GFS_NwCdRead
                0x060171fc                gfs_GetFinfo
                0x0601724a                GFS_GetFileSize
                0x060172ac                GFS_Seek
                0x06017354                GFS_IsEof
                0x060173ac                GFS_ByteToSct
                0x06017404                GFS_GetFileInfo
                0x06017478                GFS_NwFread
                0x06017580                GFS_NwGetStat
                0x060175f4                GFS_SetGmode
                0x06017650                GFS_SetTmode
                0x060176bc                GFS_SetReadPara
                0x06017718                GFS_SetTransPara
                0x06017780                gfs_transData
                0x06017814                gfs_closeSub
                0x06017844                GFS_Close
                0x0601787c                GFS_LoadDir
                0x06017914                gfs_getGmode
                0x0601791a                gfs_isTaskDone
                0x06017964                gfs_convFinStat
                0x060179c8                gfs_flowIn
                0x06017a4c                GFS_NwExecOne
                0x06017adc                GFS_Fread
                0x06017c10                GFS_Load
                0x06017cd8                gfs_loadVol
                0x06017d9c                gfs_getRootDir
                0x06017e24                gfs_loadRootDir
                0x06017eac                GFS_Init
                0x06017f9c                GFS_NwExecServer
 .text          0x06018008       0x74 c:/saturn/sbl/segalib/lib/libsat.a(gfs_buf.o)
                0x06018008                GFBF_GetTranData
                0x0601801c                GFBF_GetNumData
                0x06018034                GFBF_GetSrcPk
                0x0601804c                GFBF_GetSctData
                0x06018060                GFBF_RtnPk
                0x06018078                gfbf_getSctDt
 .text          0x0601807c      0x488 c:/saturn/sbl/segalib/lib/libsat.a(gfs_cdb.o)
                0x0601807c                GFCB_Setup
                0x06018140                GFCB_Close
                0x06018160                GFCB_GetLenData
                0x060181f4                GFCB_GetLenRoom
                0x060181f8                GFCB_SetFilt
                0x06018250                GFCB_DeleteAllData
                0x0601826c                GFCB_Tell
                0x06018274                GFCB_Seek
                0x0601835c                GFCB_GetSrcPack
                0x06018424                GFCB_GetSctData
                0x06018450                GFCB_GetDstPack
                0x06018454                GFCB_RtnPk
                0x06018494                GFCB_MovePickup
                0x060184a4                GFCB_SetCon
                0x060184cc                GFCB_GetPickup
                0x060184ec                GFCB_IsPuOwner
                0x060184f8                GFCB_UngetPickup
 .text          0x06018504     0x1520 c:/saturn/sbl/segalib/lib/libsat.a(gfs_cdc.o)
                0x06018504                GFCD_AllocFilt
                0x06018538                GFCD_FreeFilt
                0x06018560                GFCD_AllocBuf
                0x0601858c                GFCD_GetBaseFad
                0x060185b8                GFCD_GetPickup
                0x060185e0                GFCD_UngetPickup
                0x06018604                GFCD_IsPuOwner
                0x0601861c                GFCD_CheckDelSctData
                0x06018644                GFCD_CheckMove
                0x0601865c                gfcd_isIdleTask
                0x060186c0                GFCD_SetTimer
                0x060186cc                gfcd_checkEflag
                0x060186e8                gfcd_initCdbMng
                0x06018740                gfcd_setStat
                0x06018764                GFCD_GetFilt
                0x060187a8                GFCD_EndData
                0x060187ec                GFCD_GetSctInfo
                0x06018830                GFCD_GetFileInfo
                0x060188f8                GFCD_GetBufSiz
                0x06018928                gfcd_doSetFiltTsk
                0x06018a94                GFCD_SetFilt
                0x06018b2c                gfcd_doSetConTsk
                0x06018ba4                GFCD_SetCon
                0x06018bf0                gfcd_doGetLenDataTsk
                0x06018cf0                GFCD_GetLenData
                0x06018d34                gfcd_doReqDataTsk
                0x06018da8                GFCD_ReqData
                0x06018df0                gfcd_doDelSctDataTsk
                0x06018efc                GFCD_DelSctData
                0x06018f48                gfcd_doMoveSctTsk
                0x06019064                GFCD_MoveSctData
                0x060190c0                gfcd_doSetFiltConTsk
                0x060191c4                GFCD_SetFiltCon
                0x060192bc                GFCD_SetCsctFunc
                0x060192cc                GFCD_WaitScdqFlag
                0x06019310                GFCD_GetStat
                0x06019380                GFCD_Init
                0x06019580                GFCD_Play
                0x060195d0                GFCD_MovePickup
                0x06019618                gfcd_doChgDirTsk
                0x060197c0                GFCD_ChgDir
                0x06019828                gfcd_doTask
                0x06019898                GFCD_ExecServer
                0x06019974                GFCD_FreeBuf
                0x060199f0                GFCD_WaitServer
 .text          0x06019a24      0x60c c:/saturn/sbl/segalib/lib/libsat.a(gfs_cdf.o)
                0x06019a24                GFCF_Init
                0x06019a80                GFCF_SetSct
                0x06019aac                GFCF_GetFileInfo
                0x06019b08                GFCF_Recover
                0x06019b4c                GFCF_Tell
                0x06019b58                GFCF_Seek
                0x06019b64                GFCF_cnvIntlvOfs
                0x06019b98                GFCF_GetStat
                0x06019be8                GFCF_StopInBuf
                0x06019c60                GFCF_MovePickup
                0x06019ce4                gfcf_getSctSize
                0x06019d10                GFCF_Setup
                0x06019dc8                gfcf_isCdOk
                0x06019e1c                gfcf_getPlayRange
                0x06019f2c                GFCF_FlowInBuf
 .text          0x0601a030      0x7e0 c:/saturn/sbl/segalib/lib/libsat.a(gfs_dir.o)
                0x0601a030                GFDR_NameToId
                0x0601a080                GFDR_GetInfoDirId
                0x0601a08a                GFDR_GetInfoDirName
                0x0601a094                GFDR_GetAtrDirId
                0x0601a0a2                GFDR_GetAtrDirName
                0x0601a0b0                GFDR_ChgDir
                0x0601a120                GFDR_ChgRoot
                0x0601a12c                gfdr_open
                0x0601a14c                gfdr_read
                0x0601a204                gfdr_readByte
                0x0601a22c                gfdr_readWord
                0x0601a254                gfdr_readWordNB
                0x0601a2a0                gfdr_readLongNB
                0x0601a2e8                gfdr_readLongNM
                0x0601a308                gfdr_setNextRec
                0x0601a380                gfdr_readDirEnt
                0x0601a668                gfdr_setDirrecCd
                0x0601a686                gfdr_setupDirIdTbl
                0x0601a6fc                gfdr_setupDirNameTbl
                0x0601a7a0                GFDR_SetupDirTbl
 .text          0x0601a810      0x820 c:/saturn/sbl/segalib/lib/libsat.a(gfs_trn.o)
                0x0601a810                gftr_reqScu
                0x0601a814                gftr_remCpu
                0x0601a818                gftr_execScu
                0x0601a89c                gftr_remScu
                0x0601a8bc                gftr_reqDma0
                0x0601a8c0                gftr_reqDma1
                0x0601a8c4                gftr_reqCpu
                0x0601a8c8                GFTR_Setup
                0x0601a8ee                GFTR_SetMode
                0x0601a8fa                GFTR_SetUnit
                0x0601a8fe                GFTR_SetTransPara
                0x0601a910                GFTR_GetTransPara
                0x0601a914                GFTR_GetNumTrans
                0x0601a918                GFTR_SetTransMax
                0x0601a91e                GFTR_Start
                0x0601a924                GFTR_Pause
                0x0601a92a                gfdma_canUse
                0x0601a92e                gfdma_exec
                0x0601aa10                gftr_execSdma0
                0x0601aa34                gftr_execSdma1
                0x0601aa58                gftr_reqTrn
                0x0601aaac                gftr_execTrn
                0x0601ab78                gftr_remTrn
                0x0601abd8                gftr_copyFrac
                0x0601abf2                gfdma_getBytecnt
                0x0601ac24                gftr_remDma0
                0x0601ac30                gftr_remDma1
                0x0601ac3c                gftr_execCpu
                0x0601ac88                GFTR_GetLenData
                0x0601ac8c                GFTR_GetLenRoom
                0x0601ac9a                gftr_getSrcPack
                0x0601ad1c                GFTR_Idle
                0x0601ad8c                GFTR_GetDstPack
                0x0601adb8                gftr_getDstPack
                0x0601adf8                gftr_execSub
                0x0601af00                GFTR_Exec
                0x0601af58                GFTR_Stop
                0x0601affc                GFTR_RtnDstPk
                0x0601b00a                GFTR_GetData
                0x0601b018                GFTR_SetData
                0x0601b024                GFTR_SetTransFunc
 .text          0x0601b030       0x24 c:/saturn/sbl/segalib/lib/libsat.a(mth_rand.o)
                0x0601b030                MTH_InitialRand
                0x0601b03c                MTH_GetRand
 .text          0x0601b054       0x78 c:/saturn/sbl/segalib/lib/libsat.a(mth_fixd.o)
                0x0601b054                MTH_Mul
                0x0601b068                MTH_Div
                0x0601b07c                MTH_IntToFixed
                0x0601b084                MTH_FixedToInt
                0x0601b08c                MTH_Product
 .text          0x0601b0cc      0x5d4 c:/saturn/sbl/segalib/lib/libsat.a(mth_tri.o)
                0x0601b0cc                MTH_Sin
                0x0601b10c                MTH_Cos
                0x0601b150                fcos
                0x0601b156                fsin
                0x0601b2e8                MTH_Atan
 .text          0x0601b6a0      0xee8 c:/saturn/sbl/segalib/lib/libsat.a(per_prt.o)
                0x0601ba50                PER_IntFunc
                0x0601c2d0                PER_Init
                0x0601c484                PER_GetPer
 .text          0x0601c588      0xcdc c:/saturn/sbl/segalib/lib/libsat.a(spr_2c.o)
                0x0601c588                SPR_2SetTvMode
                0x0601c598                SPR_2FrameChgIntr
                0x0601c5ac                SPR_2FrameEraseData
                0x0601c5ec                SPR_2SetGourTbl
                0x0601c61c                SPR_2SetLookupTbl
                0x0601c638                SPR_2SetChar
                0x0601c764                SPR_2ClrChar
                0x0601c87c                SPR_2ClrAllChar
                0x0601c8d0                SPR_2Initial
                0x0601ca2c                SPR_2GourTblNoToVram
                0x0601ca48                SPR_2LookupTblNoToVram
                0x0601ca58                SPR_2CharNoToVram
                0x0601ca6c                SPR_2GetAreaSizeInfo
                0x0601cad0                SPR_2OpenCommand
                0x0601cb68                SPR_2FlushDrawPrty
                0x0601cba8                SPR_2CloseCommand
                0x0601ccc8                SPR_2LocalCoord
                0x0601cd20                SPR_2SysClip
                0x0601cd68                SPR_2UserClip
                0x0601cdb8                SPR_2Line
                0x0601ce54                SPR_2PolyLine
                0x0601cef4                SPR_2Polygon
                0x0601cf94                SPR_2NormSpr
                0x0601d060                SPR_2ScaleSpr
                0x0601d148                SPR_2DistSpr
                0x0601d220                SPR_2Cmd
 .text          0x0601d264      0x730 c:/saturn/sbl/segalib/lib/libsat.a(scl_func.o)
                0x0601d264                SCL_ParametersInit
                0x0601d358                SCL_Vdp2Init
                0x0601d3c0                SCL_Open
                0x0601d3dc                SCL_Close
                0x0601d3f0                SCL_MoveTo
                0x0601d4d4                SCL_Move
                0x0601d5f0                SCL_Scale
                0x0601d6e4                SCL_Memcpyw
                0x0601d6f8                SCL_CopyReg
                0x0601d7d8                SCL_SetColRamMode
                0x0601d82c                SCL_PriIntProc
                0x0601d928                SCL_ScrollShow
 .text          0x0601d994      0x1b0 c:/saturn/sbl/segalib/lib/libsat.a(scl_fu01.o)
                0x0601d994                SCL_SetDisplayMode
 .text          0x0601db44      0x384 c:/saturn/sbl/segalib/lib/libsat.a(scl_fu02.o)
                0x0601db44                SCL_InitVramConfigTb
                0x0601db52                SCL_SetVramConfig
 .text          0x0601dec8      0x654 c:/saturn/sbl/segalib/lib/libsat.a(scl_fu03.o)
                0x0601dec8                SCL_InitConfigTb
                0x0601dee4                SCL_SetConfig
 .text          0x0601e51c       0x18 c:/saturn/sbl/segalib/lib/libsat.a(scl_fu04.o)
                0x0601e51c                SCL_SetCycleTable
 .text          0x0601e534      0x220 c:/saturn/sbl/segalib/lib/libsat.a(scl_fu05.o)
                0x0601e534                SCL_InitLineParamTb
                0x0601e5c8                SCL_SetLineParam
 .text          0x0601e754      0xfb8 c:/saturn/sbl/segalib/lib/libsat.a(scl_pri.o)
                0x0601e754                SCL_PriorityInit
                0x0601ed0c                SCL_GetColRamMode
                0x0601ed28                SCL_AbortAutoVe
                0x0601ed34                SCL_SetColMixRate
                0x0601f0ac                SCL_IncColOffset
                0x0601f120                SCL_AutoExec
                0x0601f570                SCL_SetShadowBit
 .text          0x0601f70c      0xe48 c:/saturn/sbl/segalib/lib/libsat.a(scl_ro00.o)
                0x0601f830                SCL_InitRotateTable
                0x0601fa98                SCL_RotateZD
                0x0601fbd0                SCL_Rotate
 .text          0x06020554       0x74 c:/saturn/sbl/segalib/lib/libsat.a(scl_back.o)
                0x06020554                SCL_SetBack
 .text          0x060205c8      0x26c c:/saturn/sbl/segalib/lib/libsat.a(scl_vblv.o)
                0x060205c8                SCL_SetFrameInterval
                0x0602064c                SCL_DisplayFrame
                0x06020678                SCL_VblInit
                0x060206c0                SCL_VblankStart
                0x06020790                SCL_VblankEnd
 .text          0x06020834       0x54 c:/saturn/sbl/segalib/lib/libsat.a(scl_pr01.o)
                0x06020834                SCL_SetSpriteMode
 .text          0x06020888       0x90 c:/saturn/sbl/segalib/lib/libsat.a(scl_pr02.o)
                0x06020888                SCL_SetColRam
 .text          0x06020918      0x10c c:/saturn/sbl/segalib/lib/libsat.a(scl_pr03.o)
                0x06020918                SCL_FreeColRam
                0x06020940                SCL_AllocColRam
 .text          0x06020a24       0x98 c:/saturn/sbl/segalib/lib/libsat.a(scl_pr05.o)
                0x06020a24                SCL_GetColRamOffset
 .text          0x06020abc      0x198 c:/saturn/sbl/segalib/lib/libsat.a(scl_pr06.o)
                0x06020abc                SCL_SetColRamOffset
 .text          0x06020c54      0x200 c:/saturn/sbl/segalib/lib/libsat.a(scl_pr07.o)
                0x06020c54                SCL_SetPriority
 .text          0x06020e54       0x44 c:/saturn/sbl/segalib/lib/libsat.a(scl_pr09.o)
                0x06020e54                SCL_SetColMixMode
 .text          0x06020e98       0x7c c:/saturn/sbl/segalib/lib/libsat.a(scl_pr10.o)
                0x06020e98                SCL_SetAutoColMix
 .text          0x06020f14      0x144 c:/saturn/sbl/segalib/lib/libsat.a(scl_pr11.o)
                0x06020f14                SCL_SetAutoColOffset
 .text          0x06021058      0x16c c:/saturn/sbl/segalib/lib/libsat.a(scl_pr12.o)
                0x06021058                SCL_SetColOffset
 .text          0x060211c4      0x21c c:/saturn/sbl/segalib/lib/libsat.a(cdc_reg.o)
                0x060211c4                CDC_GetDataPtr
                0x060211d0                CDC_GetHirqReq
                0x060211dc                CDC_ClrHirqReq
                0x060211fc                CDREG_ClrHirqReq
                0x06021208                CDREG_InitHirqReq
                0x06021220                CDREG_SetHirqFlag
                0x06021230                CDC_GetHirqMsk
                0x0602123c                CDC_SetHirqMsk
                0x06021248                CDC_GetMpegPtr
                0x06021254                CDREG_TgetData
                0x060212b0                CDREG_WaitHirq
                0x060212d4                writeCmd
                0x060212f4                CDREG_ReadRsp
                0x06021318                doCmdRsp
                0x060213b0                CDREG_CmdRsp
 .text          0x060213e0      0x104 c:/saturn/sbl/segalib/lib/libsat.a(cdc_sub.o)
                0x060213e0                CDSUB_GetCdstat
                0x06021414                CDSUB_RspToCdstat
                0x06021448                CDSUB_CdCmd
                0x060214b8                CDSUB_UpdStatus
                0x060214c4                CDSUB_UpdCdstat
                0x060214e0                CDSUB_SoftTimer
 .text          0x060214e4       0xb4 c:/saturn/sbl/segalib/lib/libsat.a(cdc_dev.o)
                0x060214e4                CDC_CdSetCon
                0x06021518                CDC_CdGetCon
                0x06021558                CDC_CdGetLastBuf
 .text          0x06021598      0x298 c:/saturn/sbl/segalib/lib/libsat.a(cdc_sel.o)
                0x06021598                CDC_SetFiltRange
                0x060215d8                CDC_GetFiltRange
                0x06021644                CDC_SetFiltSubh
                0x06021694                CDC_GetFiltSubh
                0x060216fc                CDC_SetFiltMode
                0x06021730                CDC_GetFiltMode
                0x06021770                CDC_SetFiltCon
                0x060217a8                CDC_GetFiltCon
                0x060217fc                CDC_ResetSelector
 .text          0x06021830      0x238 c:/saturn/sbl/segalib/lib/libsat.a(cdc_bif.o)
                0x06021830                CDC_GetBufSiz
                0x06021888                CDC_GetSctNum
                0x060218d0                CDC_CalActSiz
                0x06021900                chkEselUpdStatus
                0x06021934                CDC_GetActSiz
                0x06021978                CDC_GetSctInfo
                0x060219d0                CDC_ExeFadSearch
                0x06021a08                CDC_GetFadSearch
 .text          0x06021a68      0x190 c:/saturn/sbl/segalib/lib/libsat.a(cdc_bio.o)
                0x06021a68                CDC_SetSctLen
                0x06021a98                CDC_GetSctData
                0x06021ac8                CDC_DelSctData
                0x06021af8                CDC_GetdelSctData
                0x06021b28                CDC_PutSctData
                0x06021b58                CDC_CopySctData
                0x06021b8c                CDC_MoveSctData
                0x06021bc0                CDC_GetCopyErr
 .text          0x06021bf8      0x1a4 c:/saturn/sbl/segalib/lib/libsat.a(cdc_cfs.o)
                0x06021bf8                CDC_ChgDir
                0x06021c30                CDC_ReadDir
                0x06021c68                CDC_GetFileScope
                0x06021cc8                CDC_TgetFileInfo
                0x06021d20                CDC_ReadFile
                0x06021d60                CDC_AbortFile
 .text          0x06021d9c       0xb4 c:/saturn/sbl/segalib/lib/libsat.a(csh_main.o)
                0x06021d9c                CSH_Init
                0x06021dec                CSH_AllClr
                0x06021e2c                CSH_Purge
 .text          0x06021e50      0x138 c:/saturn/sbl/segalib/lib/libsat.a(dma_cpu0.o)
                0x06021e50                DMA_CpuSetComPrm
                0x06021e88                DMA_CpuSetPrm
                0x06021f3c                DMA_CpuStart
                0x06021f4c                DMA_CpuStop
                0x06021f5e                DMA_CpuAllStop
                0x06021f6c                DMA_CpuGetComStatus
                0x06021f7c                DMA_CpuGetStatus
 .text          0x06021f88      0x28c c:/saturn/sbl/segalib/lib/libsat.a(dma_scu0.o)
                0x06021f88                DMA_ScuIntFunc0
                0x06021fe8                DMA_ScuIntFunc1
                0x0602204c                DMA_ScuIntFunc2
                0x060220b0                DMA_ScuSetPrm
                0x06022118                DMA_ScuStart
                0x060221e4                DMA_ScuGetStatus
 .text          0x06022214      0x240 c:/saturn/sbl/segalib/lib/libsat.a(spr_1c.o)
                0x06022214                SPR_SetTvMode
                0x0602228c                SPR_GetStatus
                0x060222e0                SPR_SetEraseData
                0x06022378                SPR_Initial
                0x06022430                SPR_WaitDrawEnd
                0x06022440                SPR_SetEosMode
 .text          0x06022454      0x16c c:/saturn/sbl/segalib/lib/libsat.a(spr_2a.o)
                0x06022454                SPR_2SetDrawPrty
                0x060224c4                SPR_2FlushDrawPrtyBlock
 .text          0x060225c0       0x52 c:/saturn/gcc84/bin/../lib/gcc/sh-elf/8.4.0\libgcc.a(_ashiftrt.o)
                0x060225c0                __ashiftrt_r4_31
                0x060225c0                __ashiftrt_r4_32
                0x060225c6                __ashiftrt_r4_30
                0x060225c8                __ashiftrt_r4_29
                0x060225ca                __ashiftrt_r4_28
                0x060225cc                __ashiftrt_r4_27
                0x060225ce                __ashiftrt_r4_26
                0x060225d0                __ashiftrt_r4_25
                0x060225d2                __ashiftrt_r4_24
                0x060225da                __ashiftrt_r4_23
                0x060225dc                __ashiftrt_r4_22
                0x060225de                __ashiftrt_r4_21
                0x060225e0                __ashiftrt_r4_20
                0x060225e2                __ashiftrt_r4_19
                0x060225e4                __ashiftrt_r4_18
                0x060225e6                __ashiftrt_r4_17
                0x060225e8                __ashiftrt_r4_16
                0x060225ee                __ashiftrt_r4_15
                0x060225f0                __ashiftrt_r4_14
                0x060225f2                __ashiftrt_r4_13
                0x060225f4                __ashiftrt_r4_12
                0x060225f6                __ashiftrt_r4_11
                0x060225f8                __ashiftrt_r4_10
                0x060225fa                __ashiftrt_r4_9
                0x060225fc                __ashiftrt_r4_8
                0x060225fe                __ashiftrt_r4_7
                0x06022600                __ashiftrt_r4_6
                0x06022602                __ashiftrt_r4_5
                0x06022604                __ashiftrt_r4_4
                0x06022606                __ashiftrt_r4_3
                0x06022608                __ashiftrt_r4_2
                0x0602260a                __ashiftrt_r4_1
                0x0602260e                __ashiftrt_r4_0
 *fill*         0x06022612        0x2 
 .text          0x06022614       0x80 c:/saturn/gcc84/bin/../lib/gcc/sh-elf/8.4.0\libgcc.a(_ashiftrt_n.o)
                0x06022614                __ashrsi3
 .text          0x06022694       0xbc c:/saturn/gcc84/bin/../lib/gcc/sh-elf/8.4.0\libgcc.a(_ashiftlt.o)
                0x06022694                __ashlsi3
                0x06022698                __ashlsi3_r0
 .text          0x06022750       0x78 c:/saturn/gcc84/bin/../lib/gcc/sh-elf/8.4.0\libgcc.a(_movmem.o)
                0x06022750                __movmem
                0x06022750                __movstr
                0x06022784                __movstrSI64
                0x06022784                __movmemSI64
                0x06022788                __movstrSI60
                0x06022788                __movmemSI60
                0x0602278c                __movstrSI56
                0x0602278c                __movmemSI56
                0x06022790                __movstrSI52
                0x06022790                __movmemSI52
                0x06022794                __movstrSI48
                0x06022794                __movmemSI48
                0x06022798                __movmemSI44
                0x06022798                __movstrSI44
                0x0602279c                __movstrSI40
                0x0602279c                __movmemSI40
                0x060227a0                __movmemSI36
                0x060227a0                __movstrSI36
                0x060227a4                __movmemSI32
                0x060227a4                __movstrSI32
                0x060227a8                __movstrSI28
                0x060227a8                __movmemSI28
                0x060227ac                __movmemSI24
                0x060227ac                __movstrSI24
                0x060227b0                __movstrSI20
                0x060227b0                __movmemSI20
                0x060227b4                __movstrSI16
                0x060227b4                __movmemSI16
                0x060227b8                __movstrSI12
                0x060227b8                __movmemSI12
                0x060227bc                __movmemSI8
                0x060227bc                __movstrSI8
                0x060227c0                __movmemSI4
                0x060227c0                __movstrSI4
 .text          0x060227c8       0xa0 c:/saturn/gcc84/bin/../lib/gcc/sh-elf/8.4.0\libgcc.a(_sdivsi3.o)
                0x060227c8                __sdivsi3
 .text          0x06022868       0x6c c:/saturn/gcc84/bin/../lib/gcc/sh-elf/8.4.0\libgcc.a(_udivsi3.o)
                0x0602288a                __udivsi3
 .text          0x060228d4      0x208 c:/saturn/gcc84/bin/../lib/gcc/sh-elf/8.4.0\libgcc.a(_mul_df.o)
                0x060228d4                __muldf3
 .text          0x06022adc       0xa8 c:/saturn/gcc84/bin/../lib/gcc/sh-elf/8.4.0\libgcc.a(_si_to_df.o)
                0x06022adc                __floatsidf
 .text          0x06022b84       0xa4 c:/saturn/gcc84/bin/../lib/gcc/sh-elf/8.4.0\libgcc.a(_df_to_si.o)
                0x06022b84                __fixdfsi
 .text          0x06022c28        0x0 c:/saturn/gcc84/bin/../lib/gcc/sh-elf/8.4.0\libgcc.a(_thenan_df.o)
 .text          0x06022c28       0xbc c:/saturn/gcc84/bin/../lib/gcc/sh-elf/8.4.0\libgcc.a(_lshiftrt.o)
                0x06022c28                __lshrsi3
                0x06022c2c                __lshrsi3_r0
 .text          0x06022ce4       0x58 c:/saturn/gcc84/bin/../lib/gcc/sh-elf/8.4.0\libgcc.a(_clzsi2.o)
                0x06022ce4                __clzsi2
 .text          0x06022d3c      0x25c c:/saturn/gcc84/bin/../lib/gcc/sh-elf/8.4.0\libgcc.a(_pack_df.o)
                0x06022d3c                __pack_d
 .text          0x06022f98       0xcc c:/saturn/gcc84/bin/../lib/gcc/sh-elf/8.4.0\libgcc.a(_unpack_df.o)
                0x06022f98                __unpack_d
 .text          0x06023064        0x0 c:/saturn/gcc84/bin/../lib/gcc/sh-elf/8.4.0\libgcc.a(_clz.o)
 .text          0x06023064       0x1e c:/saturn/gcc84/bin/../lib/gcc/sh-elf/8.4.0/../../../../sh-elf/lib\libc.a(lib_a-memcmp.o)
                0x06023064                memcmp
 *fill*         0x06023082        0x2 
 .text          0x06023084       0x94 c:/saturn/gcc84/bin/../lib/gcc/sh-elf/8.4.0/../../../../sh-elf/lib\libc.a(lib_a-memcpy.o)
                0x06023084                memcpy
 .text          0x06023118       0x40 c:/saturn/gcc84/bin/../lib/gcc/sh-elf/8.4.0/../../../../sh-elf/lib\libc.a(lib_a-memset.o)
                0x06023118                memset
 .text          0x06023158       0x3c c:/saturn/gcc84/bin/../lib/gcc/sh-elf/8.4.0/../../../../sh-elf/lib\libc.a(lib_a-strcpy.o)
                0x06023158                strcpy
 .text          0x06023194       0x2a c:/saturn/gcc84/bin/../lib/gcc/sh-elf/8.4.0/../../../../sh-elf/lib\libc.a(lib_a-strncmp.o)
                0x06023194                strncmp
 .text          0x060231be       0x32 c:/saturn/gcc84/bin/../lib/gcc/sh-elf/8.4.0/../../../../sh-elf/lib\libc.a(lib_a-strncpy.o)
                0x060231be                strncpy
 *(.rodata*)
 .rodata        0x060231f0      0x100 crc.o
 .rodata.str1.4
                0x060232f0       0x29 cutscene.o
 *fill*         0x06023319        0x3 
 .rodata.str1.4
                0x0602331c      0x105 game.o
 *fill*         0x06023421        0x3 
 .rodata        0x06023424       0xb0 game.o
 .rodata.str1.4
                0x060234d4       0xa9 intro.o
 *fill*         0x0602357d        0x3 
 .rodata        0x06023580      0x128 intro.o
 .rodata.str1.4
                0x060236a8       0x19 logo.o
 *fill*         0x060236c1        0x3 
 .rodata        0x060236c4       0x3c logo.o
 .rodata.str1.4
                0x06023700       0x55 menu.o
 *fill*         0x06023755        0x3 
 .rodata        0x06023758       0x68 menu.o
 .rodata.str1.4
                0x060237c0      0x2ad notice.o
 *fill*         0x06023a6d        0x3 
 .rodata.str1.4
                0x06023a70       0x20 pcmsys.o
 .rodata        0x06023a90      0x400 pcmsys.o
 .rodata.str1.4
                0x06023e90        0x9 print.o
 *fill*         0x06023e99        0x3 
 .rodata.str1.4
                0x06023e9c        0x9 soon.o
 *fill*         0x06023ea5        0x3 
 .rodata.str1.4
                0x06023ea8       0x9b sound.o
 *fill*         0x06023f43        0x1 
 .rodata        0x06023f44        0xa c:/saturn/sbl/segalib/lib/libsat.a(gfs.o)
 *fill*         0x06023f4e        0x2 
 .rodata        0x06023f50       0x30 c:/saturn/sbl/segalib/lib/libsat.a(gfs_buf.o)
 .rodata        0x06023f80       0x2d c:/saturn/sbl/segalib/lib/libsat.a(gfs_cdf.o)
 *fill*         0x06023fad        0x3 
 .rodata.str1.4
                0x06023fb0        0x7 c:/saturn/sbl/segalib/lib/libsat.a(gfs_dir.o)
 *fill*         0x06023fb7        0x1 
 .rodata        0x06023fb8       0x30 c:/saturn/sbl/segalib/lib/libsat.a(gfs_trn.o)
 .rodata        0x06023fe8        0xf c:/saturn/sbl/segalib/lib/libsat.a(dma_scu0.o)
 *fill*         0x06023ff7        0x1 
 .rodata        0x06023ff8       0x20 c:/saturn/sbl/segalib/lib/libsat.a(spr_1c.o)
 .rodata        0x06024018       0x14 c:/saturn/gcc84/bin/../lib/gcc/sh-elf/8.4.0\libgcc.a(_thenan_df.o)
                0x06024018                __thenan_df
 .rodata        0x0602402c      0x100 c:/saturn/gcc84/bin/../lib/gcc/sh-elf/8.4.0\libgcc.a(_clz.o)
                0x0602402c                __clz_tab
 *(.strings)
                0x06024130                . = ALIGN (0x10)
 *fill*         0x0602412c        0x4 
                0x06024130                _etext = ABSOLUTE (.)

.rela.dyn       0x06024130        0x0
 .rela.text     0x06024130        0x0 vblank.o
 .rela.text.startup
                0x06024130        0x0 vblank.o

.tors           0x06024130        0x0
                0x06024130                ___ctors = .
 *(.ctors)
                0x06024130                ___ctors_end = .
                0x06024130                ___dtors = .
 *(.dtors)
                0x06024130                ___dtors_end = .
                0x06024130                . = ALIGN (0x10)
                0x06024130                _etors = ABSOLUTE (.)

.data           0x06024130      0x3b0
 *(.data)
 .data          0x06024130        0x0 entry.o
 .data          0x06024130        0x0 stack.o
 .data          0x06024130        0x0 vblank.o
 .data          0x06024130        0x0 ball.o
 .data          0x06024130        0x0 barrier.o
 .data          0x06024130        0x0 capsule.o
 .data          0x06024130        0x0 cd.o
 .data          0x06024130        0x0 circle.o
 .data          0x06024130        0x0 crc.o
 .data          0x06024130       0x75 cutscene.o
                0x06024130                eye_cursor
                0x06024134                eye_timings
                0x06024144                eye_frames
                0x06024154                tomo_text
 .data          0x060241a5        0x0 devcart.o
 .data          0x060241a5        0x0 explosion.o
 *fill*         0x060241a5        0x3 
 .data          0x060241a8       0x20 game.o
                0x060241a8                powerup_names
 .data          0x060241c8      0x14f intro.o
 .data          0x06024317        0x0 laser.o
 *fill*         0x06024317        0x1 
 .data          0x06024318      0x11a level.o
                0x06024318                level_lengths
                0x06024320                level_count
                0x06024324                level_blocks
                0x0602432c                level1_blocks
                0x060243b0                level0_blocks
 .data          0x06024432        0x0 logo.o
 *fill*         0x06024432        0x2 
 .data          0x06024434        0x8 menu.o
                0x06024438                cutscene
 .data          0x0602443c        0x4 notice.o
                0x0602443c                notice_text
 .data          0x06024440        0xc pcmsys.o
                0x06024440                master_volume
                0x06024444                scsp_load
                0x06024448                m68k_com
 .data          0x0602444c        0x0 print.o
 .data          0x0602444c       0x50 scroll.o
                0x0602444c                CycleTbBitmap
                0x0602445c                CycleTbHiRes
                0x0602446c                CycleTbLoRes
                0x0602447c                char_offsets
                0x0602448c                vram
 .data          0x0602449c        0x0 soon.o
 .data          0x0602449c        0x0 sound.o
 .data          0x0602449c       0x18 sprite.o
 .data          0x060244b4        0x0 main.o
 .data          0x060244b4        0x0 c:/saturn/sbl/segalib/lib/libsat.a(cdc_cmn.o)
 .data          0x060244b4        0x0 c:/saturn/sbl/segalib/lib/libsat.a(cdc_drv.o)
 .data          0x060244b4        0x0 c:/saturn/sbl/segalib/lib/libsat.a(dma_cpu1.o)
 .data          0x060244b4        0x0 c:/saturn/sbl/segalib/lib/libsat.a(dma_cpu5.o)
 .data          0x060244b4        0x0 c:/saturn/sbl/segalib/lib/libsat.a(gfs.o)
 .data          0x060244b4        0x0 c:/saturn/sbl/segalib/lib/libsat.a(gfs_buf.o)
 .data          0x060244b4        0x0 c:/saturn/sbl/segalib/lib/libsat.a(gfs_cdb.o)
 .data          0x060244b4        0x0 c:/saturn/sbl/segalib/lib/libsat.a(gfs_cdc.o)
 .data          0x060244b4        0x0 c:/saturn/sbl/segalib/lib/libsat.a(gfs_cdf.o)
 .data          0x060244b4        0x0 c:/saturn/sbl/segalib/lib/libsat.a(gfs_dir.o)
 .data          0x060244b4        0x0 c:/saturn/sbl/segalib/lib/libsat.a(gfs_trn.o)
 .data          0x060244b4        0x0 c:/saturn/sbl/segalib/lib/libsat.a(mth_rand.o)
 .data          0x060244b4        0x0 c:/saturn/sbl/segalib/lib/libsat.a(mth_fixd.o)
 .data          0x060244b4        0x0 c:/saturn/sbl/segalib/lib/libsat.a(mth_tri.o)
 .data          0x060244b4        0x3 c:/saturn/sbl/segalib/lib/libsat.a(per_prt.o)
 .data          0x060244b7        0x0 c:/saturn/sbl/segalib/lib/libsat.a(spr_2c.o)
 *fill*         0x060244b7        0x1 
 .data          0x060244b8        0x6 c:/saturn/sbl/segalib/lib/libsat.a(scl_func.o)
                0x060244b8                SclRotateTableMode
                0x060244ba                SclDisplayY
                0x060244bc                SclDisplayX
 .data          0x060244be        0x0 c:/saturn/sbl/segalib/lib/libsat.a(scl_fu01.o)
 .data          0x060244be        0x0 c:/saturn/sbl/segalib/lib/libsat.a(scl_fu02.o)
 .data          0x060244be        0x0 c:/saturn/sbl/segalib/lib/libsat.a(scl_fu03.o)
 .data          0x060244be        0x0 c:/saturn/sbl/segalib/lib/libsat.a(scl_fu04.o)
 .data          0x060244be        0x0 c:/saturn/sbl/segalib/lib/libsat.a(scl_fu05.o)
 *fill*         0x060244be        0x2 
 .data          0x060244c0       0x18 c:/saturn/sbl/segalib/lib/libsat.a(scl_pri.o)
                0x060244c0                SclRealColOffset
                0x060244c4                SclRealBgColMix
                0x060244c8                SclRealSpColMix
                0x060244cc                SclRealBgPriNum
                0x060244d0                SclRealSpPriNum
                0x060244d4                SclRealOtherPri
 .data          0x060244d8        0x0 c:/saturn/sbl/segalib/lib/libsat.a(scl_ro00.o)
 .data          0x060244d8        0x0 c:/saturn/sbl/segalib/lib/libsat.a(scl_back.o)
 .data          0x060244d8        0x8 c:/saturn/sbl/segalib/lib/libsat.a(scl_vblv.o)
                0x060244d8                VBInterval
                0x060244dc                SpFrameEraseMode
 .data          0x060244e0        0x0 c:/saturn/sbl/segalib/lib/libsat.a(scl_pr01.o)
 .data          0x060244e0        0x0 c:/saturn/sbl/segalib/lib/libsat.a(scl_pr02.o)
 .data          0x060244e0        0x0 c:/saturn/sbl/segalib/lib/libsat.a(scl_pr03.o)
 .data          0x060244e0        0x0 c:/saturn/sbl/segalib/lib/libsat.a(scl_pr05.o)
 .data          0x060244e0        0x0 c:/saturn/sbl/segalib/lib/libsat.a(scl_pr06.o)
 .data          0x060244e0        0x0 c:/saturn/sbl/segalib/lib/libsat.a(scl_pr07.o)
 .data          0x060244e0        0x0 c:/saturn/sbl/segalib/lib/libsat.a(scl_pr09.o)
 .data          0x060244e0        0x0 c:/saturn/sbl/segalib/lib/libsat.a(scl_pr10.o)
 .data          0x060244e0        0x0 c:/saturn/sbl/segalib/lib/libsat.a(scl_pr11.o)
 .data          0x060244e0        0x0 c:/saturn/sbl/segalib/lib/libsat.a(scl_pr12.o)
 .data          0x060244e0        0x0 c:/saturn/sbl/segalib/lib/libsat.a(cdc_reg.o)
 .data          0x060244e0        0x0 c:/saturn/sbl/segalib/lib/libsat.a(cdc_sub.o)
 .data          0x060244e0        0x0 c:/saturn/sbl/segalib/lib/libsat.a(cdc_dev.o)
 .data          0x060244e0        0x0 c:/saturn/sbl/segalib/lib/libsat.a(cdc_sel.o)
 .data          0x060244e0        0x0 c:/saturn/sbl/segalib/lib/libsat.a(cdc_bif.o)
 .data          0x060244e0        0x0 c:/saturn/sbl/segalib/lib/libsat.a(cdc_bio.o)
 .data          0x060244e0        0x0 c:/saturn/sbl/segalib/lib/libsat.a(cdc_cfs.o)
 .data          0x060244e0        0x0 c:/saturn/sbl/segalib/lib/libsat.a(csh_main.o)
 .data          0x060244e0        0x0 c:/saturn/sbl/segalib/lib/libsat.a(dma_cpu0.o)
 .data          0x060244e0        0x0 c:/saturn/sbl/segalib/lib/libsat.a(dma_scu0.o)
 .data          0x060244e0        0x0 c:/saturn/sbl/segalib/lib/libsat.a(spr_1c.o)
 .data          0x060244e0        0x0 c:/saturn/sbl/segalib/lib/libsat.a(spr_2a.o)
 .data          0x060244e0        0x0 c:/saturn/gcc84/bin/../lib/gcc/sh-elf/8.4.0\libgcc.a(_ashiftrt.o)
 .data          0x060244e0        0x0 c:/saturn/gcc84/bin/../lib/gcc/sh-elf/8.4.0\libgcc.a(_ashiftrt_n.o)
 .data          0x060244e0        0x0 c:/saturn/gcc84/bin/../lib/gcc/sh-elf/8.4.0\libgcc.a(_ashiftlt.o)
 .data          0x060244e0        0x0 c:/saturn/gcc84/bin/../lib/gcc/sh-elf/8.4.0\libgcc.a(_movmem.o)
 .data          0x060244e0        0x0 c:/saturn/gcc84/bin/../lib/gcc/sh-elf/8.4.0\libgcc.a(_sdivsi3.o)
 .data          0x060244e0        0x0 c:/saturn/gcc84/bin/../lib/gcc/sh-elf/8.4.0\libgcc.a(_udivsi3.o)
 .data          0x060244e0        0x0 c:/saturn/gcc84/bin/../lib/gcc/sh-elf/8.4.0\libgcc.a(_mul_df.o)
 .data          0x060244e0        0x0 c:/saturn/gcc84/bin/../lib/gcc/sh-elf/8.4.0\libgcc.a(_si_to_df.o)
 .data          0x060244e0        0x0 c:/saturn/gcc84/bin/../lib/gcc/sh-elf/8.4.0\libgcc.a(_df_to_si.o)
 .data          0x060244e0        0x0 c:/saturn/gcc84/bin/../lib/gcc/sh-elf/8.4.0\libgcc.a(_thenan_df.o)
 .data          0x060244e0        0x0 c:/saturn/gcc84/bin/../lib/gcc/sh-elf/8.4.0\libgcc.a(_lshiftrt.o)
 .data          0x060244e0        0x0 c:/saturn/gcc84/bin/../lib/gcc/sh-elf/8.4.0\libgcc.a(_clzsi2.o)
 .data          0x060244e0        0x0 c:/saturn/gcc84/bin/../lib/gcc/sh-elf/8.4.0\libgcc.a(_pack_df.o)
 .data          0x060244e0        0x0 c:/saturn/gcc84/bin/../lib/gcc/sh-elf/8.4.0\libgcc.a(_unpack_df.o)
 .data          0x060244e0        0x0 c:/saturn/gcc84/bin/../lib/gcc/sh-elf/8.4.0\libgcc.a(_clz.o)
 .data          0x060244e0        0x0 c:/saturn/gcc84/bin/../lib/gcc/sh-elf/8.4.0/../../../../sh-elf/lib\libc.a(lib_a-memcmp.o)
 .data          0x060244e0        0x0 c:/saturn/gcc84/bin/../lib/gcc/sh-elf/8.4.0/../../../../sh-elf/lib\libc.a(lib_a-memcpy.o)
 .data          0x060244e0        0x0 c:/saturn/gcc84/bin/../lib/gcc/sh-elf/8.4.0/../../../../sh-elf/lib\libc.a(lib_a-memset.o)
 .data          0x060244e0        0x0 c:/saturn/gcc84/bin/../lib/gcc/sh-elf/8.4.0/../../../../sh-elf/lib\libc.a(lib_a-strcpy.o)
 .data          0x060244e0        0x0 c:/saturn/gcc84/bin/../lib/gcc/sh-elf/8.4.0/../../../../sh-elf/lib\libc.a(lib_a-strncmp.o)
 .data          0x060244e0        0x0 c:/saturn/gcc84/bin/../lib/gcc/sh-elf/8.4.0/../../../../sh-elf/lib\libc.a(lib_a-strncpy.o)
                0x060244e0                . = ALIGN (0x10)
                0x060244e0                _edata = ABSOLUTE (.)

.bss            0x060244e0    0x1cd60
                0x060244e0                _bss_start = .
 *(.bss)
 .bss           0x060244e0        0x0 entry.o
 .bss           0x060244e0        0x0 stack.o
 .bss           0x060244e0        0xc vblank.o
                0x060244e0                PadData2E
                0x060244e2                PadData2L
                0x060244e4                PadData2
                0x060244e6                PadData1E
                0x060244e8                PadData1L
                0x060244ea                PadData1
 .bss           0x060244ec        0x4 ball.o
 .bss           0x060244f0        0xc barrier.o
 .bss           0x060244fc        0x8 capsule.o
 .bss           0x06024504        0x0 cd.o
 .bss           0x06024504        0x0 circle.o
 .bss           0x06024504        0x0 crc.o
 .bss           0x06024504       0x1c cutscene.o
                0x06024504                eye_timer
 .bss           0x06024520        0x0 devcart.o
 .bss           0x06024520        0x0 explosion.o
 .bss           0x06024520       0x44 game.o
                0x06024520                illusion_cursor
                0x06024524                illusion_charno
                0x06024528                illusion
                0x0602452c                laser_max
                0x06024530                bit_right
                0x06024534                bit_left
                0x06024538                bit_ship
                0x0602453c                turbo
                0x06024540                powerup_cursor
                0x06024544                score
 .bss           0x06024564     0x19a8 intro.o
 .bss           0x06025f0c        0x4 laser.o
 .bss           0x06025f10     0x13a0 level.o
 .bss           0x060272b0       0x10 logo.o
 .bss           0x060272c0       0x58 menu.o
 .bss           0x06027318        0x4 notice.o
                0x06027318                notice_displayed
 .bss           0x0602731c        0x2 pcmsys.o
                0x0602731c                numberPCMs
 .bss           0x0602731e        0x0 print.o
 *fill*         0x0602731e        0x2 
 .bss           0x06027320        0x8 scroll.o
                0x06027320                bitmap
                0x06027324                scroll_res
 .bss           0x06027328        0x4 soon.o
                0x06027328                soon_state
 .bss           0x0602732c        0x0 sound.o
 .bss           0x0602732c     0x12bc sprite.o
                0x0602732c                sprite_palcnt
                0x06027330                sprite_tilecnt
                0x06027334                num_sprites
 .bss           0x060285e8        0x4 main.o
                0x060285e8                frame
 .bss           0x060285ec        0x0 c:/saturn/sbl/segalib/lib/libsat.a(cdc_cmn.o)
 .bss           0x060285ec        0x0 c:/saturn/sbl/segalib/lib/libsat.a(cdc_drv.o)
 .bss           0x060285ec        0x0 c:/saturn/sbl/segalib/lib/libsat.a(dma_cpu1.o)
 .bss           0x060285ec        0x0 c:/saturn/sbl/segalib/lib/libsat.a(dma_cpu5.o)
 .bss           0x060285ec        0x0 c:/saturn/sbl/segalib/lib/libsat.a(gfs.o)
 .bss           0x060285ec        0x0 c:/saturn/sbl/segalib/lib/libsat.a(gfs_buf.o)
 .bss           0x060285ec        0x0 c:/saturn/sbl/segalib/lib/libsat.a(gfs_cdb.o)
 .bss           0x060285ec        0x0 c:/saturn/sbl/segalib/lib/libsat.a(gfs_cdc.o)
 .bss           0x060285ec        0x0 c:/saturn/sbl/segalib/lib/libsat.a(gfs_cdf.o)
 .bss           0x060285ec        0x0 c:/saturn/sbl/segalib/lib/libsat.a(gfs_dir.o)
 .bss           0x060285ec        0xc c:/saturn/sbl/segalib/lib/libsat.a(gfs_trn.o)
 .bss           0x060285f8        0x4 c:/saturn/sbl/segalib/lib/libsat.a(mth_rand.o)
 .bss           0x060285fc        0x0 c:/saturn/sbl/segalib/lib/libsat.a(mth_fixd.o)
 .bss           0x060285fc        0x0 c:/saturn/sbl/segalib/lib/libsat.a(mth_tri.o)
 .bss           0x060285fc       0x6b c:/saturn/sbl/segalib/lib/libsat.a(per_prt.o)
                0x060285fc                per_hot_res
                0x060285fd                per_time_out_flg
 *fill*         0x06028667        0x1 
 .bss           0x06028668       0x58 c:/saturn/sbl/segalib/lib/libsat.a(spr_2c.o)
 .bss           0x060286c0       0x10 c:/saturn/sbl/segalib/lib/libsat.a(scl_func.o)
                0x060286c0                SclProcess
                0x060286c4                SclCurSclNum
                0x060286c8                SclLengthCsTbl
                0x060286ca                SclLengthLsTbl
 .bss           0x060286d0        0x0 c:/saturn/sbl/segalib/lib/libsat.a(scl_fu01.o)
 .bss           0x060286d0        0x0 c:/saturn/sbl/segalib/lib/libsat.a(scl_fu02.o)
 .bss           0x060286d0        0x0 c:/saturn/sbl/segalib/lib/libsat.a(scl_fu03.o)
 .bss           0x060286d0        0x0 c:/saturn/sbl/segalib/lib/libsat.a(scl_fu04.o)
 .bss           0x060286d0     0x1900 c:/saturn/sbl/segalib/lib/libsat.a(scl_fu05.o)
 .bss           0x06029fd0        0x0 c:/saturn/sbl/segalib/lib/libsat.a(scl_pri.o)
 .bss           0x06029fd0       0x48 c:/saturn/sbl/segalib/lib/libsat.a(scl_ro00.o)
 .bss           0x0602a018        0x0 c:/saturn/sbl/segalib/lib/libsat.a(scl_back.o)
 .bss           0x0602a018       0x12 c:/saturn/sbl/segalib/lib/libsat.a(scl_vblv.o)
                0x0602a018                VBIntrDisableDepth
                0x0602a01c                ReqDisplayFlag2
                0x0602a020                ReqDisplayFlag1
                0x0602a024                VBIntervalCounter
                0x0602a028                SpFrameChgMode
 .bss           0x0602a02a        0x0 c:/saturn/sbl/segalib/lib/libsat.a(scl_pr01.o)
 .bss           0x0602a02a        0x0 c:/saturn/sbl/segalib/lib/libsat.a(scl_pr02.o)
 .bss           0x0602a02a        0x0 c:/saturn/sbl/segalib/lib/libsat.a(scl_pr03.o)
 .bss           0x0602a02a        0x0 c:/saturn/sbl/segalib/lib/libsat.a(scl_pr05.o)
 .bss           0x0602a02a        0x0 c:/saturn/sbl/segalib/lib/libsat.a(scl_pr06.o)
 .bss           0x0602a02a        0x0 c:/saturn/sbl/segalib/lib/libsat.a(scl_pr07.o)
 .bss           0x0602a02a        0x0 c:/saturn/sbl/segalib/lib/libsat.a(scl_pr09.o)
 .bss           0x0602a02a        0x0 c:/saturn/sbl/segalib/lib/libsat.a(scl_pr10.o)
 .bss           0x0602a02a        0x0 c:/saturn/sbl/segalib/lib/libsat.a(scl_pr11.o)
 .bss           0x0602a02a        0x0 c:/saturn/sbl/segalib/lib/libsat.a(scl_pr12.o)
 .bss           0x0602a02a        0x2 c:/saturn/sbl/segalib/lib/libsat.a(cdc_reg.o)
                0x0602a02a                hirq_flag
 .bss           0x0602a02c        0x0 c:/saturn/sbl/segalib/lib/libsat.a(cdc_sub.o)
 .bss           0x0602a02c        0x0 c:/saturn/sbl/segalib/lib/libsat.a(cdc_dev.o)
 .bss           0x0602a02c        0x0 c:/saturn/sbl/segalib/lib/libsat.a(cdc_sel.o)
 .bss           0x0602a02c        0x0 c:/saturn/sbl/segalib/lib/libsat.a(cdc_bif.o)
 .bss           0x0602a02c        0x0 c:/saturn/sbl/segalib/lib/libsat.a(cdc_bio.o)
 .bss           0x0602a02c        0x0 c:/saturn/sbl/segalib/lib/libsat.a(cdc_cfs.o)
 .bss           0x0602a02c        0x0 c:/saturn/sbl/segalib/lib/libsat.a(csh_main.o)
 .bss           0x0602a02c        0x0 c:/saturn/sbl/segalib/lib/libsat.a(dma_cpu0.o)
 .bss           0x0602a02c       0x1c c:/saturn/sbl/segalib/lib/libsat.a(dma_scu0.o)
 .bss           0x0602a048       0x10 c:/saturn/sbl/segalib/lib/libsat.a(spr_1c.o)
                0x0602a048                SpInitialFlag
 .bss           0x0602a058        0x0 c:/saturn/sbl/segalib/lib/libsat.a(spr_2a.o)
 .bss           0x0602a058        0x0 c:/saturn/gcc84/bin/../lib/gcc/sh-elf/8.4.0\libgcc.a(_ashiftrt.o)
 .bss           0x0602a058        0x0 c:/saturn/gcc84/bin/../lib/gcc/sh-elf/8.4.0\libgcc.a(_ashiftrt_n.o)
 .bss           0x0602a058        0x0 c:/saturn/gcc84/bin/../lib/gcc/sh-elf/8.4.0\libgcc.a(_ashiftlt.o)
 .bss           0x0602a058        0x0 c:/saturn/gcc84/bin/../lib/gcc/sh-elf/8.4.0\libgcc.a(_movmem.o)
 .bss           0x0602a058        0x0 c:/saturn/gcc84/bin/../lib/gcc/sh-elf/8.4.0\libgcc.a(_sdivsi3.o)
 .bss           0x0602a058        0x0 c:/saturn/gcc84/bin/../lib/gcc/sh-elf/8.4.0\libgcc.a(_udivsi3.o)
 .bss           0x0602a058        0x0 c:/saturn/gcc84/bin/../lib/gcc/sh-elf/8.4.0\libgcc.a(_mul_df.o)
 .bss           0x0602a058        0x0 c:/saturn/gcc84/bin/../lib/gcc/sh-elf/8.4.0\libgcc.a(_si_to_df.o)
 .bss           0x0602a058        0x0 c:/saturn/gcc84/bin/../lib/gcc/sh-elf/8.4.0\libgcc.a(_df_to_si.o)
 .bss           0x0602a058        0x0 c:/saturn/gcc84/bin/../lib/gcc/sh-elf/8.4.0\libgcc.a(_thenan_df.o)
 .bss           0x0602a058        0x0 c:/saturn/gcc84/bin/../lib/gcc/sh-elf/8.4.0\libgcc.a(_lshiftrt.o)
 .bss           0x0602a058        0x0 c:/saturn/gcc84/bin/../lib/gcc/sh-elf/8.4.0\libgcc.a(_clzsi2.o)
 .bss           0x0602a058        0x0 c:/saturn/gcc84/bin/../lib/gcc/sh-elf/8.4.0\libgcc.a(_pack_df.o)
 .bss           0x0602a058        0x0 c:/saturn/gcc84/bin/../lib/gcc/sh-elf/8.4.0\libgcc.a(_unpack_df.o)
 .bss           0x0602a058        0x0 c:/saturn/gcc84/bin/../lib/gcc/sh-elf/8.4.0\libgcc.a(_clz.o)
 .bss           0x0602a058        0x0 c:/saturn/gcc84/bin/../lib/gcc/sh-elf/8.4.0/../../../../sh-elf/lib\libc.a(lib_a-memcmp.o)
 .bss           0x0602a058        0x0 c:/saturn/gcc84/bin/../lib/gcc/sh-elf/8.4.0/../../../../sh-elf/lib\libc.a(lib_a-memcpy.o)
 .bss           0x0602a058        0x0 c:/saturn/gcc84/bin/../lib/gcc/sh-elf/8.4.0/../../../../sh-elf/lib\libc.a(lib_a-memset.o)
 .bss           0x0602a058        0x0 c:/saturn/gcc84/bin/../lib/gcc/sh-elf/8.4.0/../../../../sh-elf/lib\libc.a(lib_a-strcpy.o)
 .bss           0x0602a058        0x0 c:/saturn/gcc84/bin/../lib/gcc/sh-elf/8.4.0/../../../../sh-elf/lib\libc.a(lib_a-strncmp.o)
 .bss           0x0602a058        0x0 c:/saturn/gcc84/bin/../lib/gcc/sh-elf/8.4.0/../../../../sh-elf/lib\libc.a(lib_a-strncpy.o)
 *(COMMON)
 COMMON         0x0602a058       0x24 vblank.o
                0x0602a058                VblankFlg
                0x0602a05c                PadWorkArea
                0x0602a078                perFlag
 COMMON         0x0602a07c      0x1e8 ball.o
                0x0602a07c                ball_sprites
                0x0602a25c                ball_count
                0x0602a260                ball_mode
 COMMON         0x0602a264        0x4 barrier.o
                0x0602a264                barrier_life
 COMMON         0x0602a268       0xa0 capsule.o
                0x0602a268                capsules
 COMMON         0x0602a308     0x1674 cd.o
                0x0602a308                dirname
                0x0602ac68                lib_work
                0x0602b970                directory_table
 COMMON         0x0602b97c       0x40 circle.o
                0x0602b97c                circle_sprites
                0x0602b9b4                circle_charno
                0x0602b9b8                circle_cursor
 COMMON         0x0602b9bc        0x8 cutscene.o
                0x0602b9bc                face_ptr
                0x0602b9c0                font_ptr
 COMMON         0x0602b9c4     0x19bc game.o
                0x0602b9c4                laser_charno
                0x0602b9c8                ship_sprite
                0x0602b9e0                explosion_charno
                0x0602b9e4                gameover_line
                0x0602d2f4                curr_level
                0x0602d2f8                capsule_charno
                0x0602d2fc                bit_charno
                0x0602d300                block_charno
                0x0602d304                ship_num
                0x0602d308                ship_charno
                0x0602d30c                ship_left
                0x0602d310                ship_right
                0x0602d314                ball_charno
                0x0602d318                illusion_arr
                0x0602d378                barrier_charno
                0x0602d37c                gameover_angle
 COMMON         0x0602d380        0x4 intro.o
                0x0602d380                introfont_charno
 COMMON         0x0602d384       0xc4 laser.o
                0x0602d384                laser_count
                0x0602d388                laser_sprites
 COMMON         0x0602d448        0x4 level.o
                0x0602d448                level_blocksleft
 COMMON         0x0602d44c        0x8 menu.o
                0x0602d44c                star_charno
                0x0602d450                star_num
 COMMON         0x0602d454     0x14a0 print.o
                0x0602d454                text
 COMMON         0x0602e8f4      0x130 scroll.o
                0x0602e8f4                scfg
 COMMON         0x0602ea24        0x4 soon.o
                0x0602ea24                soon_scroll
 COMMON         0x0602ea28    0x11180 sprite.o
                0x0602ea28                sprites
                0x0602fba8                sprite_buf
 COMMON         0x0603fba8       0x4c main.o
                0x0603fba8                off_config
 COMMON         0x0603fbf4        0x8 c:/saturn/sbl/segalib/lib/libsat.a(dma_cpu5.o)
                0x0603fbf4                dma_cpu_cnt
                0x0603fbf8                dma_cpu_dis_adr
 COMMON         0x0603fbfc        0xc c:/saturn/sbl/segalib/lib/libsat.a(gfs.o)
                0x0603fbfc                GFMC_base
                0x0603fc00                gfs_mng_ptr
                0x0603fc04                bobtest
 COMMON         0x0603fc08        0x4 c:/saturn/sbl/segalib/lib/libsat.a(gfs_cdc.o)
                0x0603fc08                gfcd_work
 COMMON         0x0603fc0c       0x14 c:/saturn/sbl/segalib/lib/libsat.a(per_prt.o)
                0x0603fc0c                per_set_sys_flg
                0x0603fc10                per_get_time_adr
                0x0603fc14                per_get_sys_data
 COMMON         0x0603fc20       0x3c c:/saturn/sbl/segalib/lib/libsat.a(spr_2c.o)
                0x0603fc20                SpCmdChain
                0x0603fc24                Sp2OpenFlag
                0x0603fc28                SpCmdChainBlkNo
                0x0603fc2c                SpDrawPrtyBlk
                0x0603fc30                SpLCoordX
                0x0603fc34                SpCrCmdChain
                0x0603fc38                SpCmdTbl
                0x0603fc3c                SpCharMax
                0x0603fc40                SpDrawPrtyProcFlag
                0x0603fc44                SpCmdNo
                0x0603fc48                SpDrawPrtyBlkMax
                0x0603fc4c                SpCharTbl
                0x0603fc50                SpCmdTblR
                0x0603fc54                SpDrawPrtyTopCmdNo
                0x0603fc58                SpLCoordY
 COMMON         0x0603fc5c      0xf10 c:/saturn/sbl/segalib/lib/libsat.a(scl_func.o)
                0x0603fc5c                SclRbgKtbAddr
                0x0603fc64                SclRb
                0x0603fc66                SclK_TableBuff
                0x06040938                SclRotregBuff
                0x06040a38                SclAddrCsTbl
                0x06040a40                Scl_s_reg
                0x06040a68                SclRotateXy
                0x06040a70                Scl_d_reg
                0x06040ab8                SclRotateDisp
                0x06040ac0                SclRotateMoveZ
                0x06040ac8                SclRotXySw
                0x06040acc                Scl_r_reg
                0x06040adc                SclRPMD
                0x06040ae0                SclRbgKtbOffset
                0x06040ae8                SclRa
                0x06040aec                SclRotateZ
                0x06040af4                SclAddrLsTbl
                0x06040afc                SclK_TableNum
                0x06040b04                SclRotateTableAddress
                0x06040b08                SclK_TableFlag
                0x06040b0c                Scl_w_reg
                0x06040b2c                Scl_n_reg
 COMMON         0x06040b6c      0x69e c:/saturn/sbl/segalib/lib/libsat.a(scl_pri.o)
                0x06040b6c                SclAutoEndBlue2
                0x06040b6e                SclColOffset
                0x06040b80                SclPriBuffDirty
                0x06040b84                SclAutoEndRed
                0x06040b88                SclAutoSurface
                0x06040b8c                SclAutoGreen
                0x06040b8e                SclAutoEndGreen
                0x06040b90                SclAutoCount
                0x06040b94                SclColRamAlloc256
                0x06040bb4                SclAutoCurRate
                0x06040bb5                SclAutoPlusFlag
                0x06040bb6                SclSpColMix
                0x06040bc0                SclAutoMax
                0x06040bc4                SclLineColRamOffset
                0x06040bc8                SclColRamAlloc2048
                0x06040bcc                SclBgPriNum
                0x06040bd2                SclAutoEndBlue
                0x06040bd4                SclAutoEndGreen2
                0x06040bd6                SclAutoVeFlag
                0x06040bd8                SclBgColMix
                0x06040be0                SclAutoIndex
                0x06040be4                SclAutoEndRate
                0x06040be6                SclAutoBlue
                0x06040be8                SclAutoRed
                0x06040bec                SclAutoInterval
                0x06040bf0                SclOtherPri
                0x06040c00                SclAutoRGB
                0x06041200                SclAutoEndRed2
                0x06041202                SclSpPriNum
 *fill*         0x0604120a        0x2 
 COMMON         0x0604120c       0x10 c:/saturn/sbl/segalib/lib/libsat.a(scl_ro00.o)
                0x0604120c                SclCsx
                0x06041214                SclCsy
 COMMON         0x0604121c        0x4 c:/saturn/sbl/segalib/lib/libsat.a(scl_vblv.o)
                0x0604121c                frameChgFlag
 COMMON         0x06041220        0xc c:/saturn/sbl/segalib/lib/libsat.a(cdc_sub.o)
                0x06041220                cd_stat
 COMMON         0x0604122c       0x10 c:/saturn/sbl/segalib/lib/libsat.a(spr_1c.o)
                0x0604122c                SpScreenY
                0x06041230                SpFbcrMode
                0x06041232                SpDil
                0x06041234                SpDie
                0x06041236                SpTvMode
                0x06041238                SpScreenX
                0x0604123c                _bss_end = .
                0x06041240                . = ALIGN (0x10)
 *fill*         0x0604123c        0x4 
                0x06041240                _end = ABSOLUTE (.)

.stack          0x06041240     0x2000
 *(.stack)
 .stack         0x06041240     0x2000 stack.o
                0x06041240                PROG_STK
                0x06043240                _stack = .
OUTPUT(main.elf elf32-sh)

.debug_info     0x00000000     0x4049
 .debug_info    0x00000000      0x6e9 c:/saturn/gcc84/bin/../lib/gcc/sh-elf/8.4.0\libgcc.a(_mul_df.o)
 .debug_info    0x000006e9      0x494 c:/saturn/gcc84/bin/../lib/gcc/sh-elf/8.4.0\libgcc.a(_si_to_df.o)
 .debug_info    0x00000b7d      0x4ce c:/saturn/gcc84/bin/../lib/gcc/sh-elf/8.4.0\libgcc.a(_df_to_si.o)
 .debug_info    0x0000104b      0x391 c:/saturn/gcc84/bin/../lib/gcc/sh-elf/8.4.0\libgcc.a(_thenan_df.o)
 .debug_info    0x000013dc      0x3da c:/saturn/gcc84/bin/../lib/gcc/sh-elf/8.4.0\libgcc.a(_clzsi2.o)
 .debug_info    0x000017b6      0x4d4 c:/saturn/gcc84/bin/../lib/gcc/sh-elf/8.4.0\libgcc.a(_pack_df.o)
 .debug_info    0x00001c8a      0x45d c:/saturn/gcc84/bin/../lib/gcc/sh-elf/8.4.0\libgcc.a(_unpack_df.o)
 .debug_info    0x000020e7      0x371 c:/saturn/gcc84/bin/../lib/gcc/sh-elf/8.4.0\libgcc.a(_clz.o)
 .debug_info    0x00002458      0x95d c:/saturn/gcc84/bin/../lib/gcc/sh-elf/8.4.0/../../../../sh-elf/lib\libc.a(lib_a-memcmp.o)
 .debug_info    0x00002db5      0x934 c:/saturn/gcc84/bin/../lib/gcc/sh-elf/8.4.0/../../../../sh-elf/lib\libc.a(lib_a-strncmp.o)
 .debug_info    0x000036e9      0x960 c:/saturn/gcc84/bin/../lib/gcc/sh-elf/8.4.0/../../../../sh-elf/lib\libc.a(lib_a-strncpy.o)

.debug_abbrev   0x00000000     0x1239
 .debug_abbrev  0x00000000      0x27c c:/saturn/gcc84/bin/../lib/gcc/sh-elf/8.4.0\libgcc.a(_mul_df.o)
 .debug_abbrev  0x0000027c      0x1fb c:/saturn/gcc84/bin/../lib/gcc/sh-elf/8.4.0\libgcc.a(_si_to_df.o)
 .debug_abbrev  0x00000477      0x1bb c:/saturn/gcc84/bin/../lib/gcc/sh-elf/8.4.0\libgcc.a(_df_to_si.o)
 .debug_abbrev  0x00000632      0x11c c:/saturn/gcc84/bin/../lib/gcc/sh-elf/8.4.0\libgcc.a(_thenan_df.o)
 .debug_abbrev  0x0000074e      0x118 c:/saturn/gcc84/bin/../lib/gcc/sh-elf/8.4.0\libgcc.a(_clzsi2.o)
 .debug_abbrev  0x00000866      0x1cb c:/saturn/gcc84/bin/../lib/gcc/sh-elf/8.4.0\libgcc.a(_pack_df.o)
 .debug_abbrev  0x00000a31      0x18b c:/saturn/gcc84/bin/../lib/gcc/sh-elf/8.4.0\libgcc.a(_unpack_df.o)
 .debug_abbrev  0x00000bbc       0xcf c:/saturn/gcc84/bin/../lib/gcc/sh-elf/8.4.0\libgcc.a(_clz.o)
 .debug_abbrev  0x00000c8b      0x1e7 c:/saturn/gcc84/bin/../lib/gcc/sh-elf/8.4.0/../../../../sh-elf/lib\libc.a(lib_a-memcmp.o)
 .debug_abbrev  0x00000e72      0x1cf c:/saturn/gcc84/bin/../lib/gcc/sh-elf/8.4.0/../../../../sh-elf/lib\libc.a(lib_a-strncmp.o)
 .debug_abbrev  0x00001041      0x1f8 c:/saturn/gcc84/bin/../lib/gcc/sh-elf/8.4.0/../../../../sh-elf/lib\libc.a(lib_a-strncpy.o)

.debug_loc      0x00000000      0xc6a
 .debug_loc     0x00000000      0x4d5 c:/saturn/gcc84/bin/../lib/gcc/sh-elf/8.4.0\libgcc.a(_mul_df.o)
 .debug_loc     0x000004d5       0xd1 c:/saturn/gcc84/bin/../lib/gcc/sh-elf/8.4.0\libgcc.a(_si_to_df.o)
 .debug_loc     0x000005a6       0x3b c:/saturn/gcc84/bin/../lib/gcc/sh-elf/8.4.0\libgcc.a(_df_to_si.o)
 .debug_loc     0x000005e1       0xa6 c:/saturn/gcc84/bin/../lib/gcc/sh-elf/8.4.0\libgcc.a(_clzsi2.o)
 .debug_loc     0x00000687      0x332 c:/saturn/gcc84/bin/../lib/gcc/sh-elf/8.4.0\libgcc.a(_pack_df.o)
 .debug_loc     0x000009b9       0xb5 c:/saturn/gcc84/bin/../lib/gcc/sh-elf/8.4.0\libgcc.a(_unpack_df.o)
 .debug_loc     0x00000a6e       0xde c:/saturn/gcc84/bin/../lib/gcc/sh-elf/8.4.0/../../../../sh-elf/lib\libc.a(lib_a-memcmp.o)
 .debug_loc     0x00000b4c       0x7c c:/saturn/gcc84/bin/../lib/gcc/sh-elf/8.4.0/../../../../sh-elf/lib\libc.a(lib_a-strncmp.o)
 .debug_loc     0x00000bc8       0xa2 c:/saturn/gcc84/bin/../lib/gcc/sh-elf/8.4.0/../../../../sh-elf/lib\libc.a(lib_a-strncpy.o)

.debug_aranges  0x00000000      0x150
 .debug_aranges
                0x00000000       0x20 c:/saturn/gcc84/bin/../lib/gcc/sh-elf/8.4.0\libgcc.a(_mul_df.o)
 .debug_aranges
                0x00000020       0x20 c:/saturn/gcc84/bin/../lib/gcc/sh-elf/8.4.0\libgcc.a(_si_to_df.o)
 .debug_aranges
                0x00000040       0x20 c:/saturn/gcc84/bin/../lib/gcc/sh-elf/8.4.0\libgcc.a(_df_to_si.o)
 .debug_aranges
                0x00000060       0x18 c:/saturn/gcc84/bin/../lib/gcc/sh-elf/8.4.0\libgcc.a(_thenan_df.o)
 .debug_aranges
                0x00000078       0x20 c:/saturn/gcc84/bin/../lib/gcc/sh-elf/8.4.0\libgcc.a(_clzsi2.o)
 .debug_aranges
                0x00000098       0x20 c:/saturn/gcc84/bin/../lib/gcc/sh-elf/8.4.0\libgcc.a(_pack_df.o)
 .debug_aranges
                0x000000b8       0x20 c:/saturn/gcc84/bin/../lib/gcc/sh-elf/8.4.0\libgcc.a(_unpack_df.o)
 .debug_aranges
                0x000000d8       0x18 c:/saturn/gcc84/bin/../lib/gcc/sh-elf/8.4.0\libgcc.a(_clz.o)
 .debug_aranges
                0x000000f0       0x20 c:/saturn/gcc84/bin/../lib/gcc/sh-elf/8.4.0/../../../../sh-elf/lib\libc.a(lib_a-memcmp.o)
 .debug_aranges
                0x00000110       0x20 c:/saturn/gcc84/bin/../lib/gcc/sh-elf/8.4.0/../../../../sh-elf/lib\libc.a(lib_a-strncmp.o)
 .debug_aranges
                0x00000130       0x20 c:/saturn/gcc84/bin/../lib/gcc/sh-elf/8.4.0/../../../../sh-elf/lib\libc.a(lib_a-strncpy.o)

.debug_ranges   0x00000000      0x1d0
 .debug_ranges  0x00000000       0xc0 c:/saturn/gcc84/bin/../lib/gcc/sh-elf/8.4.0\libgcc.a(_mul_df.o)
 .debug_ranges  0x000000c0       0x48 c:/saturn/gcc84/bin/../lib/gcc/sh-elf/8.4.0\libgcc.a(_si_to_df.o)
 .debug_ranges  0x00000108       0x38 c:/saturn/gcc84/bin/../lib/gcc/sh-elf/8.4.0\libgcc.a(_clzsi2.o)
 .debug_ranges  0x00000140       0x90 c:/saturn/gcc84/bin/../lib/gcc/sh-elf/8.4.0\libgcc.a(_pack_df.o)

.debug_line     0x00000000     0x129b
 .debug_line    0x00000000      0x358 c:/saturn/gcc84/bin/../lib/gcc/sh-elf/8.4.0\libgcc.a(_mul_df.o)
 .debug_line    0x00000358      0x1a1 c:/saturn/gcc84/bin/../lib/gcc/sh-elf/8.4.0\libgcc.a(_si_to_df.o)
 .debug_line    0x000004f9      0x159 c:/saturn/gcc84/bin/../lib/gcc/sh-elf/8.4.0\libgcc.a(_df_to_si.o)
 .debug_line    0x00000652       0xb6 c:/saturn/gcc84/bin/../lib/gcc/sh-elf/8.4.0\libgcc.a(_thenan_df.o)
 .debug_line    0x00000708      0x14e c:/saturn/gcc84/bin/../lib/gcc/sh-elf/8.4.0\libgcc.a(_clzsi2.o)
 .debug_line    0x00000856      0x29e c:/saturn/gcc84/bin/../lib/gcc/sh-elf/8.4.0\libgcc.a(_pack_df.o)
 .debug_line    0x00000af4      0x1ad c:/saturn/gcc84/bin/../lib/gcc/sh-elf/8.4.0\libgcc.a(_unpack_df.o)
 .debug_line    0x00000ca1       0xf4 c:/saturn/gcc84/bin/../lib/gcc/sh-elf/8.4.0\libgcc.a(_clz.o)
 .debug_line    0x00000d95      0x1a0 c:/saturn/gcc84/bin/../lib/gcc/sh-elf/8.4.0/../../../../sh-elf/lib\libc.a(lib_a-memcmp.o)
 .debug_line    0x00000f35      0x1ae c:/saturn/gcc84/bin/../lib/gcc/sh-elf/8.4.0/../../../../sh-elf/lib\libc.a(lib_a-strncmp.o)
 .debug_line    0x000010e3      0x1b8 c:/saturn/gcc84/bin/../lib/gcc/sh-elf/8.4.0/../../../../sh-elf/lib\libc.a(lib_a-strncpy.o)

.debug_str      0x00000000      0xbbe
 .debug_str     0x00000000      0x597 c:/saturn/gcc84/bin/../lib/gcc/sh-elf/8.4.0\libgcc.a(_mul_df.o)
                                0x5fa (size before relaxing)
 .debug_str     0x00000597       0x27 c:/saturn/gcc84/bin/../lib/gcc/sh-elf/8.4.0\libgcc.a(_si_to_df.o)
                                0x592 (size before relaxing)
 .debug_str     0x000005be        0xa c:/saturn/gcc84/bin/../lib/gcc/sh-elf/8.4.0\libgcc.a(_df_to_si.o)
                                0x5af (size before relaxing)
 .debug_str     0x000005c8      0x545 c:/saturn/gcc84/bin/../lib/gcc/sh-elf/8.4.0\libgcc.a(_thenan_df.o)
 .debug_str     0x000005c8       0xbb c:/saturn/gcc84/bin/../lib/gcc/sh-elf/8.4.0\libgcc.a(_clzsi2.o)
                                0x555 (size before relaxing)
 .debug_str     0x00000683        0x7 c:/saturn/gcc84/bin/../lib/gcc/sh-elf/8.4.0\libgcc.a(_pack_df.o)
                                0x5a3 (size before relaxing)
 .debug_str     0x0000068a      0x585 c:/saturn/gcc84/bin/../lib/gcc/sh-elf/8.4.0\libgcc.a(_unpack_df.o)
 .debug_str     0x0000068a      0x538 c:/saturn/gcc84/bin/../lib/gcc/sh-elf/8.4.0\libgcc.a(_clz.o)
 .debug_str     0x0000068a      0x488 c:/saturn/gcc84/bin/../lib/gcc/sh-elf/8.4.0/../../../../sh-elf/lib\libc.a(lib_a-memcmp.o)
                                0x536 (size before relaxing)
 .debug_str     0x00000b12       0x4b c:/saturn/gcc84/bin/../lib/gcc/sh-elf/8.4.0/../../../../sh-elf/lib\libc.a(lib_a-strncmp.o)
                                0x538 (size before relaxing)
 .debug_str     0x00000b5d       0x61 c:/saturn/gcc84/bin/../lib/gcc/sh-elf/8.4.0/../../../../sh-elf/lib\libc.a(lib_a-strncpy.o)
                                0x554 (size before relaxing)

.debug_frame    0x00000000      0x224
 .debug_frame   0x00000000       0x98 c:/saturn/gcc84/bin/../lib/gcc/sh-elf/8.4.0\libgcc.a(_mul_df.o)
 .debug_frame   0x00000098       0x3c c:/saturn/gcc84/bin/../lib/gcc/sh-elf/8.4.0\libgcc.a(_si_to_df.o)
 .debug_frame   0x000000d4       0x44 c:/saturn/gcc84/bin/../lib/gcc/sh-elf/8.4.0\libgcc.a(_df_to_si.o)
 .debug_frame   0x00000118       0x20 c:/saturn/gcc84/bin/../lib/gcc/sh-elf/8.4.0\libgcc.a(_clzsi2.o)
 .debug_frame   0x00000138       0x6c c:/saturn/gcc84/bin/../lib/gcc/sh-elf/8.4.0\libgcc.a(_pack_df.o)
 .debug_frame   0x000001a4       0x20 c:/saturn/gcc84/bin/../lib/gcc/sh-elf/8.4.0\libgcc.a(_unpack_df.o)
 .debug_frame   0x000001c4       0x20 c:/saturn/gcc84/bin/../lib/gcc/sh-elf/8.4.0/../../../../sh-elf/lib\libc.a(lib_a-memcmp.o)
 .debug_frame   0x000001e4       0x20 c:/saturn/gcc84/bin/../lib/gcc/sh-elf/8.4.0/../../../../sh-elf/lib\libc.a(lib_a-strncmp.o)
 .debug_frame   0x00000204       0x20 c:/saturn/gcc84/bin/../lib/gcc/sh-elf/8.4.0/../../../../sh-elf/lib\libc.a(lib_a-strncpy.o)
